[0.003s][info][gc] Using Parallel
[0.004s][info][gc,init] Version: 17.0.2+8-LTS (release)
[0.004s][info][gc,init] CPUs: 8 total, 8 available
[0.004s][info][gc,init] Memory: 32112M
[0.004s][info][gc,init] Large Page Support: Disabled
[0.004s][info][gc,init] NUMA Support: Disabled
[0.004s][info][gc,init] Compressed Oops: Enabled (Zero based)
[0.004s][info][gc,init] Alignments: Space 512K, Generation 512K, Heap 2M
[0.004s][info][gc,init] Heap Min Capacity: 2054M
[0.004s][info][gc,init] Heap Initial Capacity: 2054M
[0.004s][info][gc,init] Heap Max Capacity: 3G
[0.004s][info][gc,init] Pre-touch: Disabled
[0.004s][info][gc,init] Parallel Workers: 4
[0.004s][info][gc,metaspace] CDS archive(s) not mapped
[0.004s][info][gc,metaspace] Compressed class space mapped at: 0x0000000800000000-0x0000000840000000, reserved size: 1073741824
[0.004s][info][gc,metaspace] Narrow klass base: 0x0000000800000000, Narrow klass shift: 0, Narrow klass range: 0x40000000
[0.621s][info][safepoint   ] Safepoint "ICBufferFull", Time since last: 600520545 ns, Reaching safepoint: 126000 ns, At safepoint: 5400 ns, Total: 131400 ns
[0.825s][info][safepoint   ] Safepoint "ICBufferFull", Time since last: 203447652 ns, Reaching safepoint: 152201 ns, At safepoint: 5300 ns, Total: 157501 ns
[1.018s][info][gc,start    ] GC(0) Pause Young (Metadata GC Threshold)
[1.028s][debug][gc,phases   ] GC(0) Scavenge 9.410ms
[1.028s][debug][gc,ref      ] GC(0) Skipped phase 1 of Reference Processing: no references
[1.028s][debug][gc,ref      ] GC(0) ReferenceProcessor::execute queues: 1, RefProcThreadModel::Single, marks_oops_alive: false
[1.028s][debug][gc,ref      ] GC(0) Skipped phase 3 of Reference Processing: no references
[1.028s][debug][gc,ref      ] GC(0) ReferenceProcessor::execute queues: 1, RefProcThreadModel::Single, marks_oops_alive: false
[1.028s][debug][gc,phases   ] GC(0) Reference Processing 0.163ms
[1.028s][debug][gc,phases   ] GC(0)   VM Weak                        Min:  0.0, Avg:  0.0, Max:  0.0, Diff:  0.0, Sum:  0.0, Workers: 4
[1.028s][debug][gc,phases   ] GC(0)     Dead                           Min: 0, Avg:  0.0, Max: 0, Diff: 0, Sum: 0, Workers: 4
[1.028s][debug][gc,phases   ] GC(0)     Total                          Min: 0, Avg: 32.0, Max: 128, Diff: 128, Sum: 128, Workers: 4
[1.028s][debug][gc,phases   ] GC(0)   ObjectSynchronizer Weak        Min:  0.0, Avg:  0.0, Max:  0.0, Diff:  0.0, Sum:  0.0, Workers: 4
[1.028s][debug][gc,phases   ] GC(0)     Dead                           Min: 0, Avg:  0.0, Max: 0, Diff: 0, Sum: 0, Workers: 4
[1.028s][debug][gc,phases   ] GC(0)     Total                          Min: 0, Avg:  0.8, Max: 3, Diff: 3, Sum: 3, Workers: 4
[1.028s][debug][gc,phases   ] GC(0)   JVMTI Tag Weak OopStorage      Min:  0.0, Avg:  0.0, Max:  0.0, Diff:  0.0, Sum:  0.0, Workers: 4
[1.028s][debug][gc,phases   ] GC(0)     Dead                           Min: 0, Avg:  0.0, Max: 0, Diff: 0, Sum: 0, Workers: 4
[1.028s][debug][gc,phases   ] GC(0)     Total                          Min: 0, Avg:  0.0, Max: 0, Diff: 0, Sum: 0, Workers: 4
[1.028s][debug][gc,phases   ] GC(0)   StringTable Weak               Min:  0.0, Avg:  0.0, Max:  0.1, Diff:  0.0, Sum:  0.2, Workers: 4
[1.028s][debug][gc,phases   ] GC(0)     Dead                           Min: 2, Avg:  7.0, Max: 12, Diff: 10, Sum: 28, Workers: 4
[1.028s][debug][gc,phases   ] GC(0)     Total                          Min: 1856, Avg: 2551.5, Max: 3742, Diff: 1886, Sum: 10206, Workers: 4
[1.028s][debug][gc,phases   ] GC(0)   ResolvedMethodTable Weak       Min:  0.0, Avg:  0.0, Max:  0.0, Diff:  0.0, Sum:  0.0, Workers: 4
[1.028s][debug][gc,phases   ] GC(0)     Dead                           Min: 5, Avg: 12.0, Max: 20, Diff: 15, Sum: 48, Workers: 4
[1.028s][debug][gc,phases   ] GC(0)     Total                          Min: 128, Avg: 167.8, Max: 223, Diff: 95, Sum: 671, Workers: 4
[1.028s][debug][gc,phases   ] GC(0)   JNI Weak                       Min:  0.0, Avg:  0.0, Max:  0.0, Diff:  0.0, Sum:  0.0, Workers: 4
[1.028s][debug][gc,phases   ] GC(0)     Dead                           Min: 0, Avg:  0.0, Max: 0, Diff: 0, Sum: 0, Workers: 4
[1.028s][debug][gc,phases   ] GC(0)     Total                          Min: 0, Avg:  0.0, Max: 0, Diff: 0, Sum: 0, Workers: 4
[1.028s][debug][gc,phases   ] GC(0)   StringDedup Table Weak         Min:  0.0, Avg:  0.0, Max:  0.0, Diff:  0.0, Sum:  0.0, Workers: 4
[1.028s][debug][gc,phases   ] GC(0)     Dead                           Min: 0, Avg:  0.0, Max: 0, Diff: 0, Sum: 0, Workers: 4
[1.028s][debug][gc,phases   ] GC(0)     Total                          Min: 0, Avg:  0.0, Max: 0, Diff: 0, Sum: 0, Workers: 4
[1.028s][debug][gc,phases   ] GC(0)   StringDedup Requests0 Weak     Min:  0.0, Avg:  0.0, Max:  0.0, Diff:  0.0, Sum:  0.0, Workers: 4
[1.028s][debug][gc,phases   ] GC(0)     Dead                           Min: 0, Avg:  0.0, Max: 0, Diff: 0, Sum: 0, Workers: 4
[1.028s][debug][gc,phases   ] GC(0)     Total                          Min: 0, Avg:  0.0, Max: 0, Diff: 0, Sum: 0, Workers: 4
[1.028s][debug][gc,phases   ] GC(0)   StringDedup Requests1 Weak     Min:  0.0, Avg:  0.0, Max:  0.0, Diff:  0.0, Sum:  0.0, Workers: 4
[1.028s][debug][gc,phases   ] GC(0)     Dead                           Min: 0, Avg:  0.0, Max: 0, Diff: 0, Sum: 0, Workers: 4
[1.028s][debug][gc,phases   ] GC(0)     Total                          Min: 0, Avg:  0.0, Max: 0, Diff: 0, Sum: 0, Workers: 4
[1.028s][debug][gc,phases   ] GC(0)   Weak JFR Old Object Samples    Min:  0.0, Avg:  0.0, Max:  0.0, Diff:  0.0, Sum:  0.0, Workers: 4
[1.028s][debug][gc,phases   ] GC(0)     Dead                           Min: 0, Avg:  0.0, Max: 0, Diff: 0, Sum: 0, Workers: 4
[1.028s][debug][gc,phases   ] GC(0)     Total                          Min: 0, Avg:  0.0, Max: 0, Diff: 0, Sum: 0, Workers: 4
[1.028s][debug][gc,phases   ] GC(0) Weak Processing 0.214ms
[1.028s][debug][gc,age      ] GC(0) Desired survivor size 536870912 bytes, new threshold 7 (max threshold 15)
[1.028s][info ][gc,heap     ] GC(0) PSYoungGen: 253558K(1572864K)->26986K(1572864K) Eden: 253558K(1048576K)->0K(1048576K) From: 0K(524288K)->26986K(524288K)
[1.028s][info ][gc,heap     ] GC(0) ParOldGen: 0K(6144K)->88K(6144K)
[1.028s][info ][gc,metaspace] GC(0) Metaspace: 21303K(21504K)->21303K(21504K) NonClass: 18846K(18944K)->18846K(18944K) Class: 2456K(2560K)->2456K(2560K)
[1.028s][info ][gc          ] GC(0) Pause Young (Metadata GC Threshold) 247M->26M(1542M) 10.076ms
[1.028s][info ][gc,cpu      ] GC(0) User=0.03s Sys=0.02s Real=0.01s
[1.028s][debug][gc,phases   ] GC(1) Pre Compact 0.009ms
[1.028s][info ][gc,start    ] GC(1) Pause Full (Metadata GC Threshold)
[1.028s][info ][gc,phases,start] GC(1) Marking Phase
[1.034s][debug][gc,phases      ] GC(1) Par Mark 5.180ms
[1.034s][debug][gc,ref         ] GC(1) Skipped phase 1 of Reference Processing: no references
[1.034s][debug][gc,ref         ] GC(1) ReferenceProcessor::execute queues: 1, RefProcThreadModel::Single, marks_oops_alive: false
[1.034s][debug][gc,ref         ] GC(1) Skipped phase 3 of Reference Processing: no references
[1.034s][debug][gc,ref         ] GC(1) ReferenceProcessor::execute queues: 1, RefProcThreadModel::Single, marks_oops_alive: false
[1.034s][debug][gc,phases      ] GC(1) Reference Processing 0.034ms
[1.034s][debug][gc,phases      ] GC(1)   VM Weak                        Min:  0.0, Avg:  0.0, Max:  0.0, Diff:  0.0, Sum:  0.0, Workers: 4
[1.034s][debug][gc,phases      ] GC(1)     Dead                           Min: 0, Avg:  0.0, Max: 0, Diff: 0, Sum: 0, Workers: 4
[1.034s][debug][gc,phases      ] GC(1)     Total                          Min: 0, Avg: 32.0, Max: 128, Diff: 128, Sum: 128, Workers: 4
[1.034s][debug][gc,phases      ] GC(1)   ObjectSynchronizer Weak        Min:  0.0, Avg:  0.0, Max:  0.0, Diff:  0.0, Sum:  0.0, Workers: 4
[1.034s][debug][gc,phases      ] GC(1)     Dead                           Min: 0, Avg:  0.0, Max: 0, Diff: 0, Sum: 0, Workers: 4
[1.034s][debug][gc,phases      ] GC(1)     Total                          Min: 0, Avg:  0.8, Max: 3, Diff: 3, Sum: 3, Workers: 4
[1.034s][debug][gc,phases      ] GC(1)   JVMTI Tag Weak OopStorage      Min:  0.0, Avg:  0.0, Max:  0.0, Diff:  0.0, Sum:  0.0, Workers: 4
[1.034s][debug][gc,phases      ] GC(1)     Dead                           Min: 0, Avg:  0.0, Max: 0, Diff: 0, Sum: 0, Workers: 4
[1.034s][debug][gc,phases      ] GC(1)     Total                          Min: 0, Avg:  0.0, Max: 0, Diff: 0, Sum: 0, Workers: 4
[1.034s][debug][gc,phases      ] GC(1)   StringTable Weak               Min:  0.0, Avg:  0.0, Max:  0.0, Diff:  0.0, Sum:  0.1, Workers: 4
[1.034s][debug][gc,phases      ] GC(1)     Dead                           Min: 0, Avg:  0.0, Max: 0, Diff: 0, Sum: 0, Workers: 4
[1.034s][debug][gc,phases      ] GC(1)     Total                          Min: 1984, Avg: 2551.5, Max: 3456, Diff: 1472, Sum: 10206, Workers: 4
[1.034s][debug][gc,phases      ] GC(1)   ResolvedMethodTable Weak       Min:  0.0, Avg:  0.0, Max:  0.0, Diff:  0.0, Sum:  0.0, Workers: 4
[1.034s][debug][gc,phases      ] GC(1)     Dead                           Min: 0, Avg:  0.0, Max: 0, Diff: 0, Sum: 0, Workers: 4
[1.034s][debug][gc,phases      ] GC(1)     Total                          Min: 128, Avg: 167.8, Max: 192, Diff: 64, Sum: 671, Workers: 4
[1.034s][debug][gc,phases      ] GC(1)   JNI Weak                       Min:  0.0, Avg:  0.0, Max:  0.0, Diff:  0.0, Sum:  0.0, Workers: 4
[1.034s][debug][gc,phases      ] GC(1)     Dead                           Min: 0, Avg:  0.0, Max: 0, Diff: 0, Sum: 0, Workers: 4
[1.034s][debug][gc,phases      ] GC(1)     Total                          Min: 0, Avg:  0.0, Max: 0, Diff: 0, Sum: 0, Workers: 4
[1.034s][debug][gc,phases      ] GC(1)   StringDedup Table Weak         Min:  0.0, Avg:  0.0, Max:  0.0, Diff:  0.0, Sum:  0.0, Workers: 4
[1.034s][debug][gc,phases      ] GC(1)     Dead                           Min: 0, Avg:  0.0, Max: 0, Diff: 0, Sum: 0, Workers: 4
[1.034s][debug][gc,phases      ] GC(1)     Total                          Min: 0, Avg:  0.0, Max: 0, Diff: 0, Sum: 0, Workers: 4
[1.034s][debug][gc,phases      ] GC(1)   StringDedup Requests0 Weak     Min:  0.0, Avg:  0.0, Max:  0.0, Diff:  0.0, Sum:  0.0, Workers: 4
[1.034s][debug][gc,phases      ] GC(1)     Dead                           Min: 0, Avg:  0.0, Max: 0, Diff: 0, Sum: 0, Workers: 4
[1.034s][debug][gc,phases      ] GC(1)     Total                          Min: 0, Avg:  0.0, Max: 0, Diff: 0, Sum: 0, Workers: 4
[1.034s][debug][gc,phases      ] GC(1)   StringDedup Requests1 Weak     Min:  0.0, Avg:  0.0, Max:  0.0, Diff:  0.0, Sum:  0.0, Workers: 4
[1.034s][debug][gc,phases      ] GC(1)     Dead                           Min: 0, Avg:  0.0, Max: 0, Diff: 0, Sum: 0, Workers: 4
[1.034s][debug][gc,phases      ] GC(1)     Total                          Min: 0, Avg:  0.0, Max: 0, Diff: 0, Sum: 0, Workers: 4
[1.034s][debug][gc,phases      ] GC(1)   Weak JFR Old Object Samples    Min:  0.0, Avg:  0.0, Max:  0.0, Diff:  0.0, Sum:  0.0, Workers: 4
[1.034s][debug][gc,phases      ] GC(1)     Dead                           Min: 0, Avg:  0.0, Max: 0, Diff: 0, Sum: 0, Workers: 4
[1.034s][debug][gc,phases      ] GC(1)     Total                          Min: 0, Avg:  0.0, Max: 0, Diff: 0, Sum: 0, Workers: 4
[1.034s][debug][gc,phases      ] GC(1) Weak Processing 0.183ms
[1.034s][debug][gc,phases      ] GC(1) ClassLoaderData 0.005ms
[1.034s][debug][gc,phases      ] GC(1) Trigger cleanups 0.000ms
[1.036s][debug][gc,phases      ] GC(1) Class Unloading 1.806ms
[1.036s][info ][gc,phases      ] GC(1) Marking Phase 7.256ms
[1.036s][info ][gc,phases,start] GC(1) Summary Phase
[1.036s][info ][gc,phases      ] GC(1) Summary Phase 0.005ms
[1.036s][info ][gc,phases,start] GC(1) Adjust Roots
[1.038s][info ][gc,phases      ] GC(1) Adjust Roots 2.454ms
[1.038s][info ][gc,phases,start] GC(1) Compaction Phase
[1.049s][info ][gc,phases      ] GC(1) Compaction Phase 10.488ms
[1.049s][info ][gc,phases,start] GC(1) Post Compact
[1.049s][info ][gc,phases      ] GC(1) Post Compact 0.478ms
[1.049s][info ][gc,heap        ] GC(1) PSYoungGen: 26986K(1572864K)->21247K(1572864K) Eden: 0K(1048576K)->0K(1048576K) From: 26986K(524288K)->21247K(524288K)
[1.049s][info ][gc,heap        ] GC(1) ParOldGen: 88K(6144K)->5666K(6144K)
[1.049s][info ][gc,metaspace   ] GC(1) Metaspace: 21303K(21504K)->21303K(21504K) NonClass: 18846K(18944K)->18846K(18944K) Class: 2456K(2560K)->2456K(2560K)
[1.049s][info ][gc             ] GC(1) Pause Full (Metadata GC Threshold) 26M->26M(1542M) 20.776ms
[1.049s][info ][gc,cpu         ] GC(1) User=0.08s Sys=0.00s Real=0.02s
[1.049s][info ][safepoint      ] Safepoint "CollectForMetadataAllocation", Time since last: 193386639 ns, Reaching safepoint: 108001 ns, At safepoint: 30944438 ns, Total: 31052439 ns
[1.366s][info ][safepoint      ] Safepoint "ICBufferFull", Time since last: 317193293 ns, Reaching safepoint: 95700 ns, At safepoint: 4600 ns, Total: 100300 ns
[1.378s][info ][safepoint      ] Safepoint "ICBufferFull", Time since last: 11318014 ns, Reaching safepoint: 38301 ns, At safepoint: 1900 ns, Total: 40201 ns
[1.384s][info ][safepoint      ] Safepoint "ICBufferFull", Time since last: 5833007 ns, Reaching safepoint: 34500 ns, At safepoint: 4400 ns, Total: 38900 ns
[1.398s][info ][safepoint      ] Safepoint "ICBufferFull", Time since last: 13821817 ns, Reaching safepoint: 49800 ns, At safepoint: 2100 ns, Total: 51900 ns
[1.401s][info ][safepoint      ] Safepoint "ICBufferFull", Time since last: 3811205 ns, Reaching safepoint: 97600 ns, At safepoint: 3800 ns, Total: 101400 ns
[1.406s][info ][safepoint      ] Safepoint "ICBufferFull", Time since last: 4249605 ns, Reaching safepoint: 53300 ns, At safepoint: 7100 ns, Total: 60400 ns
[1.409s][info ][safepoint      ] Safepoint "ICBufferFull", Time since last: 3432304 ns, Reaching safepoint: 52301 ns, At safepoint: 2000 ns, Total: 54301 ns
[1.412s][info ][safepoint      ] Safepoint "ICBufferFull", Time since last: 2606103 ns, Reaching safepoint: 44100 ns, At safepoint: 5900 ns, Total: 50000 ns
[1.414s][info ][safepoint      ] Safepoint "ICBufferFull", Time since last: 1942402 ns, Reaching safepoint: 37700 ns, At safepoint: 1700 ns, Total: 39400 ns
[1.419s][info ][safepoint      ] Safepoint "ICBufferFull", Time since last: 5146807 ns, Reaching safepoint: 45100 ns, At safepoint: 1700 ns, Total: 46800 ns
[1.420s][info ][safepoint      ] Safepoint "ICBufferFull", Time since last: 1237401 ns, Reaching safepoint: 35400 ns, At safepoint: 1500 ns, Total: 36900 ns
[1.421s][info ][safepoint      ] Safepoint "ICBufferFull", Time since last: 466701 ns, Reaching safepoint: 16300 ns, At safepoint: 1100 ns, Total: 17400 ns
[1.480s][info ][safepoint      ] Safepoint "ICBufferFull", Time since last: 58767873 ns, Reaching safepoint: 76500 ns, At safepoint: 4500 ns, Total: 81000 ns
[1.481s][info ][safepoint      ] Safepoint "ICBufferFull", Time since last: 909101 ns, Reaching safepoint: 37600 ns, At safepoint: 1500 ns, Total: 39100 ns
[1.482s][info ][safepoint      ] Safepoint "ICBufferFull", Time since last: 1291602 ns, Reaching safepoint: 31200 ns, At safepoint: 5600 ns, Total: 36800 ns
[1.483s][info ][safepoint      ] Safepoint "ICBufferFull", Time since last: 777301 ns, Reaching safepoint: 34000 ns, At safepoint: 1300 ns, Total: 35300 ns
[1.484s][info ][safepoint      ] Safepoint "ICBufferFull", Time since last: 1071201 ns, Reaching safepoint: 29100 ns, At safepoint: 1200 ns, Total: 30300 ns
[1.485s][info ][safepoint      ] Safepoint "ICBufferFull", Time since last: 695301 ns, Reaching safepoint: 17600 ns, At safepoint: 1100 ns, Total: 18700 ns
[1.486s][info ][safepoint      ] Safepoint "ICBufferFull", Time since last: 1157401 ns, Reaching safepoint: 96601 ns, At safepoint: 6900 ns, Total: 103501 ns
[1.487s][info ][safepoint      ] Safepoint "ICBufferFull", Time since last: 725600 ns, Reaching safepoint: 21400 ns, At safepoint: 4100 ns, Total: 25500 ns
[1.487s][info ][safepoint      ] Safepoint "ICBufferFull", Time since last: 903102 ns, Reaching safepoint: 21200 ns, At safepoint: 1400 ns, Total: 22600 ns
[1.488s][info ][safepoint      ] Safepoint "ICBufferFull", Time since last: 706801 ns, Reaching safepoint: 21400 ns, At safepoint: 1400 ns, Total: 22800 ns
[1.489s][info ][safepoint      ] Safepoint "ICBufferFull", Time since last: 906601 ns, Reaching safepoint: 30300 ns, At safepoint: 4400 ns, Total: 34700 ns
[1.490s][info ][safepoint      ] Safepoint "ICBufferFull", Time since last: 1082001 ns, Reaching safepoint: 93200 ns, At safepoint: 4200 ns, Total: 97400 ns
[1.492s][info ][safepoint      ] Safepoint "ICBufferFull", Time since last: 1223902 ns, Reaching safepoint: 34700 ns, At safepoint: 4200 ns, Total: 38900 ns
[1.492s][info ][safepoint      ] Safepoint "ICBufferFull", Time since last: 439300 ns, Reaching safepoint: 84900 ns, At safepoint: 3700 ns, Total: 88600 ns
[1.494s][info ][safepoint      ] Safepoint "ICBufferFull", Time since last: 1588402 ns, Reaching safepoint: 21100 ns, At safepoint: 4000 ns, Total: 25100 ns
[1.500s][info ][safepoint      ] Safepoint "ICBufferFull", Time since last: 6537709 ns, Reaching safepoint: 47300 ns, At safepoint: 1900 ns, Total: 49200 ns
[1.502s][info ][safepoint      ] Safepoint "ICBufferFull", Time since last: 2034902 ns, Reaching safepoint: 24000 ns, At safepoint: 1400 ns, Total: 25400 ns
[1.523s][info ][safepoint      ] Safepoint "ICBufferFull", Time since last: 20645726 ns, Reaching safepoint: 45100 ns, At safepoint: 2000 ns, Total: 47100 ns
[1.524s][info ][safepoint      ] Safepoint "ICBufferFull", Time since last: 478600 ns, Reaching safepoint: 17300 ns, At safepoint: 1000 ns, Total: 18300 ns
[1.560s][info ][safepoint      ] Safepoint "ICBufferFull", Time since last: 35982645 ns, Reaching safepoint: 62900 ns, At safepoint: 7700 ns, Total: 70600 ns
[1.562s][info ][safepoint      ] Safepoint "ICBufferFull", Time since last: 2524503 ns, Reaching safepoint: 46100 ns, At safepoint: 8800 ns, Total: 54900 ns
[1.564s][info ][safepoint      ] Safepoint "ICBufferFull", Time since last: 1590502 ns, Reaching safepoint: 30100 ns, At safepoint: 5500 ns, Total: 35600 ns
[1.592s][info ][safepoint      ] Safepoint "ICBufferFull", Time since last: 27670735 ns, Reaching safepoint: 64200 ns, At safepoint: 1900 ns, Total: 66100 ns
[1.595s][info ][safepoint      ] Safepoint "ICBufferFull", Time since last: 3785104 ns, Reaching safepoint: 41100 ns, At safepoint: 1900 ns, Total: 43000 ns
[1.597s][info ][safepoint      ] Safepoint "ICBufferFull", Time since last: 1122002 ns, Reaching safepoint: 33900 ns, At safepoint: 1400 ns, Total: 35300 ns
[1.598s][info ][safepoint      ] Safepoint "ICBufferFull", Time since last: 1593702 ns, Reaching safepoint: 29400 ns, At safepoint: 1400 ns, Total: 30800 ns
[1.600s][info ][safepoint      ] Safepoint "ICBufferFull", Time since last: 1590702 ns, Reaching safepoint: 22000 ns, At safepoint: 3900 ns, Total: 25900 ns
[1.601s][info ][safepoint      ] Safepoint "ICBufferFull", Time since last: 1194101 ns, Reaching safepoint: 27600 ns, At safepoint: 1300 ns, Total: 28900 ns
[1.603s][info ][safepoint      ] Safepoint "ICBufferFull", Time since last: 1590202 ns, Reaching safepoint: 22100 ns, At safepoint: 1400 ns, Total: 23500 ns
[1.603s][info ][safepoint      ] Safepoint "ICBufferFull", Time since last: 725301 ns, Reaching safepoint: 17900 ns, At safepoint: 1100 ns, Total: 19000 ns
[1.604s][info ][safepoint      ] Safepoint "ICBufferFull", Time since last: 836401 ns, Reaching safepoint: 29600 ns, At safepoint: 1600 ns, Total: 31200 ns
[1.605s][info ][safepoint      ] Safepoint "ICBufferFull", Time since last: 488501 ns, Reaching safepoint: 16400 ns, At safepoint: 1300 ns, Total: 17700 ns
[1.607s][info ][safepoint      ] Safepoint "ICBufferFull", Time since last: 2085203 ns, Reaching safepoint: 103300 ns, At safepoint: 5300 ns, Total: 108600 ns
[1.608s][info ][safepoint      ] Safepoint "ICBufferFull", Time since last: 717801 ns, Reaching safepoint: 29700 ns, At safepoint: 1200 ns, Total: 30900 ns
[1.608s][info ][safepoint      ] Safepoint "ICBufferFull", Time since last: 584800 ns, Reaching safepoint: 24800 ns, At safepoint: 4200 ns, Total: 29000 ns
[1.609s][info ][safepoint      ] Safepoint "ICBufferFull", Time since last: 858002 ns, Reaching safepoint: 27800 ns, At safepoint: 1300 ns, Total: 29100 ns
[1.611s][info ][safepoint      ] Safepoint "ICBufferFull", Time since last: 1622802 ns, Reaching safepoint: 23000 ns, At safepoint: 800 ns, Total: 23800 ns
[1.612s][info ][safepoint      ] Safepoint "ICBufferFull", Time since last: 1547002 ns, Reaching safepoint: 29500 ns, At safepoint: 1100 ns, Total: 30600 ns
[1.613s][info ][safepoint      ] Safepoint "ICBufferFull", Time since last: 994701 ns, Reaching safepoint: 29800 ns, At safepoint: 1000 ns, Total: 30800 ns
[1.614s][info ][safepoint      ] Safepoint "ICBufferFull", Time since last: 971701 ns, Reaching safepoint: 29300 ns, At safepoint: 900 ns, Total: 30200 ns
[1.617s][info ][safepoint      ] Safepoint "ICBufferFull", Time since last: 2112203 ns, Reaching safepoint: 30400 ns, At safepoint: 1100 ns, Total: 31500 ns
[1.618s][info ][safepoint      ] Safepoint "ICBufferFull", Time since last: 1432202 ns, Reaching safepoint: 25900 ns, At safepoint: 1100 ns, Total: 27000 ns
[1.622s][info ][safepoint      ] Safepoint "ICBufferFull", Time since last: 3780804 ns, Reaching safepoint: 43000 ns, At safepoint: 1400 ns, Total: 44400 ns
[1.626s][info ][safepoint      ] Safepoint "ICBufferFull", Time since last: 4312806 ns, Reaching safepoint: 29800 ns, At safepoint: 1500 ns, Total: 31300 ns
[1.628s][info ][safepoint      ] Safepoint "ICBufferFull", Time since last: 2224302 ns, Reaching safepoint: 16300 ns, At safepoint: 1500 ns, Total: 17800 ns
[1.630s][info ][safepoint      ] Safepoint "ICBufferFull", Time since last: 1529602 ns, Reaching safepoint: 15600 ns, At safepoint: 1000 ns, Total: 16600 ns
[1.632s][info ][safepoint      ] Safepoint "ICBufferFull", Time since last: 1767903 ns, Reaching safepoint: 92600 ns, At safepoint: 8800 ns, Total: 101400 ns
[1.634s][info ][safepoint      ] Safepoint "ICBufferFull", Time since last: 2140502 ns, Reaching safepoint: 29100 ns, At safepoint: 1600 ns, Total: 30700 ns
[1.636s][info ][safepoint      ] Safepoint "ICBufferFull", Time since last: 1621702 ns, Reaching safepoint: 29400 ns, At safepoint: 900 ns, Total: 30300 ns
[1.636s][info ][safepoint      ] Safepoint "ICBufferFull", Time since last: 467701 ns, Reaching safepoint: 32000 ns, At safepoint: 1100 ns, Total: 33100 ns
[1.638s][info ][safepoint      ] Safepoint "ICBufferFull", Time since last: 1551202 ns, Reaching safepoint: 26400 ns, At safepoint: 5600 ns, Total: 32000 ns
[1.641s][info ][safepoint      ] Safepoint "ICBufferFull", Time since last: 3279704 ns, Reaching safepoint: 28500 ns, At safepoint: 1600 ns, Total: 30100 ns
[1.643s][info ][safepoint      ] Safepoint "ICBufferFull", Time since last: 1927503 ns, Reaching safepoint: 26200 ns, At safepoint: 1500 ns, Total: 27700 ns
[1.645s][info ][safepoint      ] Safepoint "ICBufferFull", Time since last: 1478301 ns, Reaching safepoint: 15300 ns, At safepoint: 1100 ns, Total: 16400 ns
[1.646s][info ][safepoint      ] Safepoint "ICBufferFull", Time since last: 1551302 ns, Reaching safepoint: 75900 ns, At safepoint: 4800 ns, Total: 80700 ns
[1.648s][info ][safepoint      ] Safepoint "ICBufferFull", Time since last: 1552802 ns, Reaching safepoint: 19700 ns, At safepoint: 1700 ns, Total: 21400 ns
[1.650s][info ][safepoint      ] Safepoint "ICBufferFull", Time since last: 2022203 ns, Reaching safepoint: 20000 ns, At safepoint: 6200 ns, Total: 26200 ns
[1.651s][info ][safepoint      ] Safepoint "ICBufferFull", Time since last: 1250501 ns, Reaching safepoint: 20201 ns, At safepoint: 1700 ns, Total: 21901 ns
[1.653s][info ][safepoint      ] Safepoint "ICBufferFull", Time since last: 2138502 ns, Reaching safepoint: 33800 ns, At safepoint: 1400 ns, Total: 35200 ns
[1.661s][info ][safepoint      ] Safepoint "ICBufferFull", Time since last: 7858710 ns, Reaching safepoint: 33200 ns, At safepoint: 2500 ns, Total: 35700 ns
[1.662s][info ][safepoint      ] Safepoint "ICBufferFull", Time since last: 942101 ns, Reaching safepoint: 17800 ns, At safepoint: 1800 ns, Total: 19600 ns
[1.664s][info ][safepoint      ] Safepoint "ICBufferFull", Time since last: 1664002 ns, Reaching safepoint: 32400 ns, At safepoint: 2400 ns, Total: 34800 ns
[1.666s][info ][safepoint      ] Safepoint "ICBufferFull", Time since last: 1682802 ns, Reaching safepoint: 19600 ns, At safepoint: 2000 ns, Total: 21600 ns
[1.666s][info ][safepoint      ] Safepoint "ICBufferFull", Time since last: 617201 ns, Reaching safepoint: 30000 ns, At safepoint: 1700 ns, Total: 31700 ns
[1.668s][info ][safepoint      ] Safepoint "ICBufferFull", Time since last: 2241703 ns, Reaching safepoint: 20900 ns, At safepoint: 1500 ns, Total: 22400 ns
[1.673s][info ][safepoint      ] Safepoint "ICBufferFull", Time since last: 4919706 ns, Reaching safepoint: 21600 ns, At safepoint: 1800 ns, Total: 23400 ns
[1.679s][info ][safepoint      ] Safepoint "ICBufferFull", Time since last: 5085306 ns, Reaching safepoint: 46201 ns, At safepoint: 2500 ns, Total: 48701 ns
[1.680s][info ][safepoint      ] Safepoint "ICBufferFull", Time since last: 1515101 ns, Reaching safepoint: 17200 ns, At safepoint: 1300 ns, Total: 18500 ns
[1.680s][info ][safepoint      ] Safepoint "ICBufferFull", Time since last: 439101 ns, Reaching safepoint: 12600 ns, At safepoint: 800 ns, Total: 13400 ns
[1.684s][info ][safepoint      ] Safepoint "ICBufferFull", Time since last: 3323404 ns, Reaching safepoint: 17500 ns, At safepoint: 1200 ns, Total: 18700 ns
[1.685s][info ][safepoint      ] Safepoint "ICBufferFull", Time since last: 914501 ns, Reaching safepoint: 14400 ns, At safepoint: 800 ns, Total: 15200 ns
[1.688s][info ][safepoint      ] Safepoint "ICBufferFull", Time since last: 3220904 ns, Reaching safepoint: 91900 ns, At safepoint: 6800 ns, Total: 98700 ns
[1.689s][info ][safepoint      ] Safepoint "ICBufferFull", Time since last: 459901 ns, Reaching safepoint: 18100 ns, At safepoint: 1400 ns, Total: 19500 ns
[1.691s][info ][safepoint      ] Safepoint "ICBufferFull", Time since last: 2154603 ns, Reaching safepoint: 18100 ns, At safepoint: 1400 ns, Total: 19500 ns
[1.693s][info ][safepoint      ] Safepoint "ICBufferFull", Time since last: 2112402 ns, Reaching safepoint: 14600 ns, At safepoint: 900 ns, Total: 15500 ns
[1.696s][info ][safepoint      ] Safepoint "ICBufferFull", Time since last: 2701204 ns, Reaching safepoint: 23700 ns, At safepoint: 1300 ns, Total: 25000 ns
[1.697s][info ][safepoint      ] Safepoint "ICBufferFull", Time since last: 1468302 ns, Reaching safepoint: 13500 ns, At safepoint: 1000 ns, Total: 14500 ns
[1.711s][info ][safepoint      ] Safepoint "ICBufferFull", Time since last: 14088417 ns, Reaching safepoint: 38100 ns, At safepoint: 2300 ns, Total: 40400 ns
[1.725s][info ][safepoint      ] Safepoint "ICBufferFull", Time since last: 13868417 ns, Reaching safepoint: 30600 ns, At safepoint: 2300 ns, Total: 32900 ns
[1.726s][info ][safepoint      ] Safepoint "ICBufferFull", Time since last: 1268402 ns, Reaching safepoint: 28900 ns, At safepoint: 1200 ns, Total: 30100 ns
[1.727s][info ][safepoint      ] Safepoint "ICBufferFull", Time since last: 835201 ns, Reaching safepoint: 15600 ns, At safepoint: 1100 ns, Total: 16700 ns
[1.728s][info ][safepoint      ] Safepoint "ICBufferFull", Time since last: 974701 ns, Reaching safepoint: 11900 ns, At safepoint: 600 ns, Total: 12500 ns
[1.729s][info ][safepoint      ] Safepoint "ICBufferFull", Time since last: 1173802 ns, Reaching safepoint: 27000 ns, At safepoint: 1100 ns, Total: 28100 ns
[1.731s][info ][safepoint      ] Safepoint "ICBufferFull", Time since last: 1474602 ns, Reaching safepoint: 21600 ns, At safepoint: 700 ns, Total: 22300 ns
[1.733s][info ][safepoint      ] Safepoint "ICBufferFull", Time since last: 2151502 ns, Reaching safepoint: 30200 ns, At safepoint: 1100 ns, Total: 31300 ns
[1.734s][info ][safepoint      ] Safepoint "ICBufferFull", Time since last: 848301 ns, Reaching safepoint: 25200 ns, At safepoint: 4800 ns, Total: 30000 ns
[1.735s][info ][safepoint      ] Safepoint "ICBufferFull", Time since last: 962102 ns, Reaching safepoint: 19200 ns, At safepoint: 3700 ns, Total: 22900 ns
[1.737s][info ][safepoint      ] Safepoint "ICBufferFull", Time since last: 2011502 ns, Reaching safepoint: 25700 ns, At safepoint: 3900 ns, Total: 29600 ns
[1.738s][info ][safepoint      ] Safepoint "ICBufferFull", Time since last: 1323002 ns, Reaching safepoint: 12000 ns, At safepoint: 700 ns, Total: 12700 ns
[1.739s][info ][safepoint      ] Safepoint "ICBufferFull", Time since last: 962001 ns, Reaching safepoint: 12500 ns, At safepoint: 3600 ns, Total: 16100 ns
[1.741s][info ][safepoint      ] Safepoint "ICBufferFull", Time since last: 1244302 ns, Reaching safepoint: 12400 ns, At safepoint: 3400 ns, Total: 15800 ns
[1.744s][info ][safepoint      ] Safepoint "ICBufferFull", Time since last: 2982103 ns, Reaching safepoint: 20100 ns, At safepoint: 900 ns, Total: 21000 ns
[1.744s][info ][safepoint      ] Safepoint "ICBufferFull", Time since last: 501201 ns, Reaching safepoint: 22300 ns, At safepoint: 700 ns, Total: 23000 ns
[1.746s][info ][safepoint      ] Safepoint "ICBufferFull", Time since last: 1496402 ns, Reaching safepoint: 12400 ns, At safepoint: 600 ns, Total: 13000 ns
[1.747s][info ][safepoint      ] Safepoint "ICBufferFull", Time since last: 986701 ns, Reaching safepoint: 9600 ns, At safepoint: 700 ns, Total: 10300 ns
[1.748s][info ][safepoint      ] Safepoint "ICBufferFull", Time since last: 885701 ns, Reaching safepoint: 11400 ns, At safepoint: 600 ns, Total: 12000 ns
[1.749s][info ][safepoint      ] Safepoint "ICBufferFull", Time since last: 1224902 ns, Reaching safepoint: 21200 ns, At safepoint: 700 ns, Total: 21900 ns
[1.750s][info ][safepoint      ] Safepoint "ICBufferFull", Time since last: 1172601 ns, Reaching safepoint: 21800 ns, At safepoint: 3500 ns, Total: 25300 ns
[1.751s][info ][safepoint      ] Safepoint "ICBufferFull", Time since last: 1195902 ns, Reaching safepoint: 13600 ns, At safepoint: 700 ns, Total: 14300 ns
[1.753s][info ][safepoint      ] Safepoint "ICBufferFull", Time since last: 1491202 ns, Reaching safepoint: 24300 ns, At safepoint: 1100 ns, Total: 25400 ns
[1.754s][info ][safepoint      ] Safepoint "ICBufferFull", Time since last: 1696602 ns, Reaching safepoint: 28000 ns, At safepoint: 1300 ns, Total: 29300 ns
[1.756s][info ][safepoint      ] Safepoint "ICBufferFull", Time since last: 1758502 ns, Reaching safepoint: 30700 ns, At safepoint: 1200 ns, Total: 31900 ns
[1.759s][info ][safepoint      ] Safepoint "ICBufferFull", Time since last: 3165804 ns, Reaching safepoint: 20300 ns, At safepoint: 5500 ns, Total: 25800 ns
[1.761s][info ][safepoint      ] Safepoint "ICBufferFull", Time since last: 1834302 ns, Reaching safepoint: 18400 ns, At safepoint: 1700 ns, Total: 20100 ns
[1.763s][info ][safepoint      ] Safepoint "ICBufferFull", Time since last: 2062103 ns, Reaching safepoint: 14100 ns, At safepoint: 900 ns, Total: 15000 ns
[1.764s][info ][safepoint      ] Safepoint "ICBufferFull", Time since last: 1106901 ns, Reaching safepoint: 19500 ns, At safepoint: 1600 ns, Total: 21100 ns
[1.766s][info ][safepoint      ] Safepoint "ICBufferFull", Time since last: 1096101 ns, Reaching safepoint: 21801 ns, At safepoint: 4200 ns, Total: 26001 ns
[1.767s][info ][safepoint      ] Safepoint "ICBufferFull", Time since last: 1214901 ns, Reaching safepoint: 29100 ns, At safepoint: 1100 ns, Total: 30200 ns
[1.768s][info ][safepoint      ] Safepoint "ICBufferFull", Time since last: 1049501 ns, Reaching safepoint: 28700 ns, At safepoint: 3900 ns, Total: 32600 ns
[1.769s][info ][safepoint      ] Safepoint "ICBufferFull", Time since last: 1045302 ns, Reaching safepoint: 24900 ns, At safepoint: 700 ns, Total: 25600 ns
[1.770s][info ][safepoint      ] Safepoint "ICBufferFull", Time since last: 1256801 ns, Reaching safepoint: 26800 ns, At safepoint: 700 ns, Total: 27500 ns
[1.772s][info ][safepoint      ] Safepoint "ICBufferFull", Time since last: 1339302 ns, Reaching safepoint: 20800 ns, At safepoint: 800 ns, Total: 21600 ns
[1.772s][info ][safepoint      ] Safepoint "ICBufferFull", Time since last: 415801 ns, Reaching safepoint: 18500 ns, At safepoint: 600 ns, Total: 19100 ns
[1.775s][info ][safepoint      ] Safepoint "ICBufferFull", Time since last: 2666703 ns, Reaching safepoint: 23100 ns, At safepoint: 800 ns, Total: 23900 ns
[1.776s][info ][safepoint      ] Safepoint "ICBufferFull", Time since last: 1158801 ns, Reaching safepoint: 23900 ns, At safepoint: 800 ns, Total: 24700 ns
[1.776s][info ][safepoint      ] Safepoint "ICBufferFull", Time since last: 420201 ns, Reaching safepoint: 20400 ns, At safepoint: 700 ns, Total: 21100 ns
[1.778s][info ][safepoint      ] Safepoint "ICBufferFull", Time since last: 1313802 ns, Reaching safepoint: 26300 ns, At safepoint: 900 ns, Total: 27200 ns
[1.779s][info ][safepoint      ] Safepoint "ICBufferFull", Time since last: 1503301 ns, Reaching safepoint: 12400 ns, At safepoint: 800 ns, Total: 13200 ns
[1.780s][info ][safepoint      ] Safepoint "ICBufferFull", Time since last: 438401 ns, Reaching safepoint: 18700 ns, At safepoint: 1000 ns, Total: 19700 ns
[1.781s][info ][safepoint      ] Safepoint "ICBufferFull", Time since last: 1437102 ns, Reaching safepoint: 23200 ns, At safepoint: 4000 ns, Total: 27200 ns
[1.782s][info ][safepoint      ] Safepoint "ICBufferFull", Time since last: 1223501 ns, Reaching safepoint: 28300 ns, At safepoint: 1400 ns, Total: 29700 ns
[1.783s][info ][safepoint      ] Safepoint "ICBufferFull", Time since last: 939702 ns, Reaching safepoint: 23200 ns, At safepoint: 1000 ns, Total: 24200 ns
[1.784s][info ][safepoint      ] Safepoint "ICBufferFull", Time since last: 1038901 ns, Reaching safepoint: 25800 ns, At safepoint: 900 ns, Total: 26700 ns
[1.786s][info ][safepoint      ] Safepoint "ICBufferFull", Time since last: 1173101 ns, Reaching safepoint: 23600 ns, At safepoint: 1000 ns, Total: 24600 ns
[1.786s][info ][safepoint      ] Safepoint "ICBufferFull", Time since last: 843701 ns, Reaching safepoint: 11400 ns, At safepoint: 700 ns, Total: 12100 ns
[1.787s][info ][safepoint      ] Safepoint "ICBufferFull", Time since last: 977002 ns, Reaching safepoint: 11000 ns, At safepoint: 500 ns, Total: 11500 ns
[1.789s][info ][safepoint      ] Safepoint "ICBufferFull", Time since last: 1031701 ns, Reaching safepoint: 15800 ns, At safepoint: 1200 ns, Total: 17000 ns
[1.790s][info ][safepoint      ] Safepoint "ICBufferFull", Time since last: 1018901 ns, Reaching safepoint: 19300 ns, At safepoint: 1400 ns, Total: 20700 ns
[1.790s][info ][safepoint      ] Safepoint "ICBufferFull", Time since last: 617801 ns, Reaching safepoint: 15200 ns, At safepoint: 1200 ns, Total: 16400 ns
[1.791s][info ][safepoint      ] Safepoint "ICBufferFull", Time since last: 619601 ns, Reaching safepoint: 18700 ns, At safepoint: 1500 ns, Total: 20200 ns
[1.792s][info ][safepoint      ] Safepoint "ICBufferFull", Time since last: 808501 ns, Reaching safepoint: 17600 ns, At safepoint: 1300 ns, Total: 18900 ns
[1.792s][info ][safepoint      ] Safepoint "ICBufferFull", Time since last: 577301 ns, Reaching safepoint: 14100 ns, At safepoint: 1100 ns, Total: 15200 ns
[1.793s][info ][safepoint      ] Safepoint "ICBufferFull", Time since last: 557800 ns, Reaching safepoint: 28400 ns, At safepoint: 700 ns, Total: 29100 ns
[1.794s][info ][safepoint      ] Safepoint "ICBufferFull", Time since last: 1331902 ns, Reaching safepoint: 22600 ns, At safepoint: 1100 ns, Total: 23700 ns
[1.795s][info ][safepoint      ] Safepoint "ICBufferFull", Time since last: 589701 ns, Reaching safepoint: 17200 ns, At safepoint: 1100 ns, Total: 18300 ns
[1.795s][info ][safepoint      ] Safepoint "ICBufferFull", Time since last: 551000 ns, Reaching safepoint: 14200 ns, At safepoint: 1000 ns, Total: 15200 ns
[1.796s][info ][safepoint      ] Safepoint "ICBufferFull", Time since last: 547301 ns, Reaching safepoint: 13700 ns, At safepoint: 900 ns, Total: 14600 ns
[1.797s][info ][safepoint      ] Safepoint "ICBufferFull", Time since last: 541401 ns, Reaching safepoint: 14300 ns, At safepoint: 1000 ns, Total: 15300 ns
[1.797s][info ][safepoint      ] Safepoint "ICBufferFull", Time since last: 543901 ns, Reaching safepoint: 13900 ns, At safepoint: 900 ns, Total: 14800 ns
[1.798s][info ][safepoint      ] Safepoint "ICBufferFull", Time since last: 622700 ns, Reaching safepoint: 14400 ns, At safepoint: 800 ns, Total: 15200 ns
[1.798s][info ][safepoint      ] Safepoint "ICBufferFull", Time since last: 654701 ns, Reaching safepoint: 15100 ns, At safepoint: 900 ns, Total: 16000 ns
[1.799s][info ][safepoint      ] Safepoint "ICBufferFull", Time since last: 638401 ns, Reaching safepoint: 17300 ns, At safepoint: 1600 ns, Total: 18900 ns
[1.800s][info ][safepoint      ] Safepoint "ICBufferFull", Time since last: 621401 ns, Reaching safepoint: 16100 ns, At safepoint: 1400 ns, Total: 17500 ns
[1.800s][info ][safepoint      ] Safepoint "ICBufferFull", Time since last: 585301 ns, Reaching safepoint: 15500 ns, At safepoint: 1000 ns, Total: 16500 ns
[1.802s][info ][safepoint      ] Safepoint "ICBufferFull", Time since last: 1356701 ns, Reaching safepoint: 20700 ns, At safepoint: 1700 ns, Total: 22400 ns
[1.803s][info ][safepoint      ] Safepoint "ICBufferFull", Time since last: 954201 ns, Reaching safepoint: 16300 ns, At safepoint: 1100 ns, Total: 17400 ns
[1.804s][info ][safepoint      ] Safepoint "ICBufferFull", Time since last: 1114502 ns, Reaching safepoint: 15400 ns, At safepoint: 800 ns, Total: 16200 ns
[1.805s][info ][safepoint      ] Safepoint "ICBufferFull", Time since last: 1176701 ns, Reaching safepoint: 30100 ns, At safepoint: 900 ns, Total: 31000 ns
[1.809s][info ][safepoint      ] Safepoint "ICBufferFull", Time since last: 3633105 ns, Reaching safepoint: 25400 ns, At safepoint: 2000 ns, Total: 27400 ns
[1.813s][info ][safepoint      ] Safepoint "ICBufferFull", Time since last: 3961605 ns, Reaching safepoint: 22300 ns, At safepoint: 1400 ns, Total: 23700 ns
[1.816s][info ][safepoint      ] Safepoint "ICBufferFull", Time since last: 3831905 ns, Reaching safepoint: 17500 ns, At safepoint: 1100 ns, Total: 18600 ns
[1.820s][info ][safepoint      ] Safepoint "ICBufferFull", Time since last: 3218904 ns, Reaching safepoint: 18900 ns, At safepoint: 1700 ns, Total: 20600 ns
[1.822s][info ][safepoint      ] Safepoint "ICBufferFull", Time since last: 2227302 ns, Reaching safepoint: 19400 ns, At safepoint: 1200 ns, Total: 20600 ns
[1.823s][info ][safepoint      ] Safepoint "ICBufferFull", Time since last: 1458902 ns, Reaching safepoint: 15400 ns, At safepoint: 900 ns, Total: 16300 ns
[1.825s][info ][safepoint      ] Safepoint "ICBufferFull", Time since last: 1219302 ns, Reaching safepoint: 15200 ns, At safepoint: 1000 ns, Total: 16200 ns
[1.826s][info ][safepoint      ] Safepoint "ICBufferFull", Time since last: 1217101 ns, Reaching safepoint: 16800 ns, At safepoint: 1100 ns, Total: 17900 ns
[1.827s][info ][safepoint      ] Safepoint "ICBufferFull", Time since last: 1416402 ns, Reaching safepoint: 20000 ns, At safepoint: 1400 ns, Total: 21400 ns
[1.829s][info ][safepoint      ] Safepoint "ICBufferFull", Time since last: 1755102 ns, Reaching safepoint: 16700 ns, At safepoint: 1200 ns, Total: 17900 ns
[1.832s][info ][safepoint      ] Safepoint "ICBufferFull", Time since last: 3215404 ns, Reaching safepoint: 16000 ns, At safepoint: 900 ns, Total: 16900 ns
[1.833s][info ][safepoint      ] Safepoint "ICBufferFull", Time since last: 449701 ns, Reaching safepoint: 18300 ns, At safepoint: 900 ns, Total: 19200 ns
[1.836s][info ][safepoint      ] Safepoint "ICBufferFull", Time since last: 2894003 ns, Reaching safepoint: 35301 ns, At safepoint: 1200 ns, Total: 36501 ns
[1.837s][info ][safepoint      ] Safepoint "ICBufferFull", Time since last: 1647502 ns, Reaching safepoint: 19900 ns, At safepoint: 4600 ns, Total: 24500 ns
[1.839s][info ][safepoint      ] Safepoint "ICBufferFull", Time since last: 1335501 ns, Reaching safepoint: 13800 ns, At safepoint: 1000 ns, Total: 14800 ns
[1.839s][info ][safepoint      ] Safepoint "ICBufferFull", Time since last: 689801 ns, Reaching safepoint: 15800 ns, At safepoint: 1500 ns, Total: 17300 ns
[1.840s][info ][safepoint      ] Safepoint "ICBufferFull", Time since last: 652401 ns, Reaching safepoint: 13900 ns, At safepoint: 900 ns, Total: 14800 ns
[1.841s][info ][safepoint      ] Safepoint "ICBufferFull", Time since last: 589901 ns, Reaching safepoint: 13200 ns, At safepoint: 900 ns, Total: 14100 ns
[1.841s][info ][safepoint      ] Safepoint "ICBufferFull", Time since last: 656701 ns, Reaching safepoint: 13000 ns, At safepoint: 800 ns, Total: 13800 ns
[1.842s][info ][safepoint      ] Safepoint "ICBufferFull", Time since last: 654500 ns, Reaching safepoint: 13300 ns, At safepoint: 800 ns, Total: 14100 ns
[1.843s][info ][safepoint      ] Safepoint "ICBufferFull", Time since last: 714101 ns, Reaching safepoint: 13700 ns, At safepoint: 6400 ns, Total: 20100 ns
[1.843s][info ][safepoint      ] Safepoint "ICBufferFull", Time since last: 602001 ns, Reaching safepoint: 14100 ns, At safepoint: 900 ns, Total: 15000 ns
[1.844s][info ][safepoint      ] Safepoint "ICBufferFull", Time since last: 590301 ns, Reaching safepoint: 14000 ns, At safepoint: 800 ns, Total: 14800 ns
[1.845s][info ][safepoint      ] Safepoint "ICBufferFull", Time since last: 634001 ns, Reaching safepoint: 15500 ns, At safepoint: 1000 ns, Total: 16500 ns
[1.845s][info ][safepoint      ] Safepoint "ICBufferFull", Time since last: 594100 ns, Reaching safepoint: 14700 ns, At safepoint: 1100 ns, Total: 15800 ns
[1.847s][info ][safepoint      ] Safepoint "ICBufferFull", Time since last: 1352102 ns, Reaching safepoint: 19100 ns, At safepoint: 1600 ns, Total: 20700 ns
[1.849s][info ][safepoint      ] Safepoint "ICBufferFull", Time since last: 2706503 ns, Reaching safepoint: 33300 ns, At safepoint: 4400 ns, Total: 37700 ns
[1.850s][info ][safepoint      ] Safepoint "ICBufferFull", Time since last: 685501 ns, Reaching safepoint: 16300 ns, At safepoint: 1400 ns, Total: 17700 ns
[1.851s][info ][safepoint      ] Safepoint "ICBufferFull", Time since last: 681001 ns, Reaching safepoint: 22300 ns, At safepoint: 4100 ns, Total: 26400 ns
[1.851s][info ][safepoint      ] Safepoint "ICBufferFull", Time since last: 621901 ns, Reaching safepoint: 14000 ns, At safepoint: 900 ns, Total: 14900 ns
[1.852s][info ][safepoint      ] Safepoint "ICBufferFull", Time since last: 665601 ns, Reaching safepoint: 11800 ns, At safepoint: 4000 ns, Total: 15800 ns
[1.853s][info ][safepoint      ] Safepoint "ICBufferFull", Time since last: 780001 ns, Reaching safepoint: 14800 ns, At safepoint: 1100 ns, Total: 15900 ns
[1.854s][info ][safepoint      ] Safepoint "ICBufferFull", Time since last: 595501 ns, Reaching safepoint: 15700 ns, At safepoint: 1000 ns, Total: 16700 ns
[1.854s][info ][safepoint      ] Safepoint "ICBufferFull", Time since last: 534300 ns, Reaching safepoint: 14900 ns, At safepoint: 1000 ns, Total: 15900 ns
[1.855s][info ][safepoint      ] Safepoint "ICBufferFull", Time since last: 675001 ns, Reaching safepoint: 15200 ns, At safepoint: 1300 ns, Total: 16500 ns
[1.855s][info ][safepoint      ] Safepoint "ICBufferFull", Time since last: 593401 ns, Reaching safepoint: 17600 ns, At safepoint: 1200 ns, Total: 18800 ns
[1.856s][info ][safepoint      ] Safepoint "ICBufferFull", Time since last: 831101 ns, Reaching safepoint: 22300 ns, At safepoint: 1100 ns, Total: 23400 ns
[1.858s][info ][safepoint      ] Safepoint "ICBufferFull", Time since last: 1672602 ns, Reaching safepoint: 20200 ns, At safepoint: 1900 ns, Total: 22100 ns
[1.858s][info ][safepoint      ] Safepoint "ICBufferFull", Time since last: 450201 ns, Reaching safepoint: 24800 ns, At safepoint: 1000 ns, Total: 25800 ns
[1.860s][info ][safepoint      ] Safepoint "ICBufferFull", Time since last: 1354201 ns, Reaching safepoint: 16200 ns, At safepoint: 1200 ns, Total: 17400 ns
[1.861s][info ][safepoint      ] Safepoint "ICBufferFull", Time since last: 1136902 ns, Reaching safepoint: 14900 ns, At safepoint: 900 ns, Total: 15800 ns
[1.861s][info ][safepoint      ] Safepoint "ICBufferFull", Time since last: 417700 ns, Reaching safepoint: 14500 ns, At safepoint: 800 ns, Total: 15300 ns
[1.863s][info ][safepoint      ] Safepoint "ICBufferFull", Time since last: 1177902 ns, Reaching safepoint: 18800 ns, At safepoint: 1500 ns, Total: 20300 ns
[1.864s][info ][safepoint      ] Safepoint "ICBufferFull", Time since last: 1326301 ns, Reaching safepoint: 16400 ns, At safepoint: 1100 ns, Total: 17500 ns
[1.865s][info ][safepoint      ] Safepoint "ICBufferFull", Time since last: 1162202 ns, Reaching safepoint: 26100 ns, At safepoint: 3700 ns, Total: 29800 ns
[1.866s][info ][safepoint      ] Safepoint "ICBufferFull", Time since last: 429700 ns, Reaching safepoint: 88201 ns, At safepoint: 4600 ns, Total: 92801 ns
[1.867s][info ][safepoint      ] Safepoint "ICBufferFull", Time since last: 1148001 ns, Reaching safepoint: 94000 ns, At safepoint: 4700 ns, Total: 98700 ns
[1.868s][info ][safepoint      ] Safepoint "ICBufferFull", Time since last: 1312102 ns, Reaching safepoint: 16900 ns, At safepoint: 1300 ns, Total: 18200 ns
[1.869s][info ][safepoint      ] Safepoint "ICBufferFull", Time since last: 434500 ns, Reaching safepoint: 15100 ns, At safepoint: 1100 ns, Total: 16200 ns
[1.870s][info ][safepoint      ] Safepoint "ICBufferFull", Time since last: 1120202 ns, Reaching safepoint: 13100 ns, At safepoint: 900 ns, Total: 14000 ns
[1.871s][info ][safepoint      ] Safepoint "ICBufferFull", Time since last: 1298801 ns, Reaching safepoint: 14700 ns, At safepoint: 1000 ns, Total: 15700 ns
[1.872s][info ][safepoint      ] Safepoint "ICBufferFull", Time since last: 1097902 ns, Reaching safepoint: 27500 ns, At safepoint: 900 ns, Total: 28400 ns
[1.873s][info ][safepoint      ] Safepoint "ICBufferFull", Time since last: 421100 ns, Reaching safepoint: 14500 ns, At safepoint: 900 ns, Total: 15400 ns
[1.874s][info ][safepoint      ] Safepoint "ICBufferFull", Time since last: 1247602 ns, Reaching safepoint: 16000 ns, At safepoint: 1000 ns, Total: 17000 ns
[1.875s][info ][safepoint      ] Safepoint "ICBufferFull", Time since last: 1397402 ns, Reaching safepoint: 14700 ns, At safepoint: 900 ns, Total: 15600 ns
[1.876s][info ][safepoint      ] Safepoint "ICBufferFull", Time since last: 447000 ns, Reaching safepoint: 15900 ns, At safepoint: 1000 ns, Total: 16900 ns
[1.877s][info ][safepoint      ] Safepoint "ICBufferFull", Time since last: 1207802 ns, Reaching safepoint: 19900 ns, At safepoint: 1400 ns, Total: 21300 ns
[1.878s][info ][safepoint      ] Safepoint "ICBufferFull", Time since last: 1229601 ns, Reaching safepoint: 17900 ns, At safepoint: 1100 ns, Total: 19000 ns
[1.879s][info ][safepoint      ] Safepoint "ICBufferFull", Time since last: 595601 ns, Reaching safepoint: 17100 ns, At safepoint: 900 ns, Total: 18000 ns
[1.880s][info ][safepoint      ] Safepoint "ICBufferFull", Time since last: 589001 ns, Reaching safepoint: 17000 ns, At safepoint: 1100 ns, Total: 18100 ns
[1.880s][info ][safepoint      ] Safepoint "ICBufferFull", Time since last: 645501 ns, Reaching safepoint: 82900 ns, At safepoint: 3700 ns, Total: 86600 ns
[1.881s][info ][safepoint      ] Safepoint "ICBufferFull", Time since last: 749601 ns, Reaching safepoint: 15700 ns, At safepoint: 5300 ns, Total: 21000 ns
[1.882s][info ][safepoint      ] Safepoint "ICBufferFull", Time since last: 584300 ns, Reaching safepoint: 16900 ns, At safepoint: 3100 ns, Total: 20000 ns
[1.882s][info ][safepoint      ] Safepoint "ICBufferFull", Time since last: 599701 ns, Reaching safepoint: 16400 ns, At safepoint: 3600 ns, Total: 20000 ns
[1.883s][info ][safepoint      ] Safepoint "ICBufferFull", Time since last: 438901 ns, Reaching safepoint: 15300 ns, At safepoint: 900 ns, Total: 16200 ns
[1.895s][info ][safepoint      ] Safepoint "ICBufferFull", Time since last: 11832014 ns, Reaching safepoint: 35300 ns, At safepoint: 2500 ns, Total: 37800 ns
[1.909s][info ][safepoint      ] Safepoint "ICBufferFull", Time since last: 14249718 ns, Reaching safepoint: 37100 ns, At safepoint: 2100 ns, Total: 39200 ns
[1.925s][info ][safepoint      ] Safepoint "ICBufferFull", Time since last: 15847420 ns, Reaching safepoint: 16800 ns, At safepoint: 1900 ns, Total: 18700 ns
[1.936s][info ][safepoint      ] Safepoint "ICBufferFull", Time since last: 11222414 ns, Reaching safepoint: 20700 ns, At safepoint: 2100 ns, Total: 22800 ns
[1.946s][info ][safepoint      ] Safepoint "ICBufferFull", Time since last: 9839712 ns, Reaching safepoint: 33300 ns, At safepoint: 1500 ns, Total: 34800 ns
[1.957s][info ][safepoint      ] Safepoint "ICBufferFull", Time since last: 11468914 ns, Reaching safepoint: 35100 ns, At safepoint: 5500 ns, Total: 40600 ns
[1.958s][info ][safepoint      ] Safepoint "ICBufferFull", Time since last: 672301 ns, Reaching safepoint: 32700 ns, At safepoint: 1200 ns, Total: 33900 ns
[1.974s][info ][safepoint      ] Safepoint "ICBufferFull", Time since last: 15363319 ns, Reaching safepoint: 107100 ns, At safepoint: 7900 ns, Total: 115000 ns
[1.985s][info ][safepoint      ] Safepoint "ICBufferFull", Time since last: 11540615 ns, Reaching safepoint: 48500 ns, At safepoint: 1800 ns, Total: 50300 ns
[1.996s][info ][safepoint      ] Safepoint "ICBufferFull", Time since last: 11093914 ns, Reaching safepoint: 34700 ns, At safepoint: 4300 ns, Total: 39000 ns
[1.997s][info ][safepoint      ] Safepoint "ICBufferFull", Time since last: 487300 ns, Reaching safepoint: 28700 ns, At safepoint: 2300 ns, Total: 31000 ns
[2.007s][info ][safepoint      ] Safepoint "ICBufferFull", Time since last: 9797212 ns, Reaching safepoint: 20900 ns, At safepoint: 1500 ns, Total: 22400 ns
[2.016s][info ][safepoint      ] Safepoint "ICBufferFull", Time since last: 9552412 ns, Reaching safepoint: 27000 ns, At safepoint: 1400 ns, Total: 28400 ns
[2.136s][info ][safepoint      ] Safepoint "ICBufferFull", Time since last: 119994649 ns, Reaching safepoint: 180700 ns, At safepoint: 9600 ns, Total: 190300 ns
[2.229s][info ][gc,start       ] GC(2) Pause Young (Metadata GC Threshold)
[2.256s][debug][gc,phases      ] GC(2) Scavenge 26.559ms
[2.256s][debug][gc,ref         ] GC(2) Skipped phase 1 of Reference Processing: no references
[2.256s][debug][gc,ref         ] GC(2) ReferenceProcessor::execute queues: 2, RefProcThreadModel::Multi, marks_oops_alive: false
[2.256s][debug][gc,ref         ] GC(2) Skipped phase 3 of Reference Processing: no references
[2.256s][debug][gc,ref         ] GC(2) ReferenceProcessor::execute queues: 1, RefProcThreadModel::Single, marks_oops_alive: false
[2.256s][debug][gc,phases      ] GC(2) Reference Processing 0.243ms
[2.256s][debug][gc,phases      ] GC(2)   VM Weak                        Min:  0.0, Avg:  0.0, Max:  0.0, Diff:  0.0, Sum:  0.0, Workers: 4
[2.256s][debug][gc,phases      ] GC(2)     Dead                           Min: 0, Avg:  0.0, Max: 0, Diff: 0, Sum: 0, Workers: 4
[2.256s][debug][gc,phases      ] GC(2)     Total                          Min: 0, Avg: 68.2, Max: 128, Diff: 128, Sum: 273, Workers: 4
[2.256s][debug][gc,phases      ] GC(2)   ObjectSynchronizer Weak        Min:  0.0, Avg:  0.0, Max:  0.0, Diff:  0.0, Sum:  0.0, Workers: 4
[2.256s][debug][gc,phases      ] GC(2)     Dead                           Min: 0, Avg:  0.2, Max: 1, Diff: 1, Sum: 1, Workers: 4
[2.256s][debug][gc,phases      ] GC(2)     Total                          Min: 0, Avg:  2.2, Max: 9, Diff: 9, Sum: 9, Workers: 4
[2.256s][debug][gc,phases      ] GC(2)   JVMTI Tag Weak OopStorage      Min:  0.0, Avg:  0.0, Max:  0.0, Diff:  0.0, Sum:  0.0, Workers: 4
[2.256s][debug][gc,phases      ] GC(2)     Dead                           Min: 0, Avg:  0.0, Max: 0, Diff: 0, Sum: 0, Workers: 4
[2.257s][debug][gc,phases      ] GC(2)     Total                          Min: 0, Avg:  0.0, Max: 0, Diff: 0, Sum: 0, Workers: 4
[2.257s][debug][gc,phases      ] GC(2)   StringTable Weak               Min:  0.1, Avg:  0.1, Max:  0.1, Diff:  0.0, Sum:  0.5, Workers: 4
[2.257s][debug][gc,phases      ] GC(2)     Dead                           Min: 1, Avg:  6.0, Max: 13, Diff: 12, Sum: 24, Workers: 4
[2.257s][debug][gc,phases      ] GC(2)     Total                          Min: 4416, Avg: 4936.5, Max: 5760, Diff: 1344, Sum: 19746, Workers: 4
[2.257s][debug][gc,phases      ] GC(2)   ResolvedMethodTable Weak       Min:  0.0, Avg:  0.0, Max:  0.0, Diff:  0.0, Sum:  0.1, Workers: 4
[2.257s][debug][gc,phases      ] GC(2)     Dead                           Min: 3, Avg: 14.5, Max: 28, Diff: 25, Sum: 58, Workers: 4
[2.257s][debug][gc,phases      ] GC(2)     Total                          Min: 384, Avg: 470.2, Max: 576, Diff: 192, Sum: 1881, Workers: 4
[2.257s][debug][gc,phases      ] GC(2)   JNI Weak                       Min:  0.0, Avg:  0.0, Max:  0.0, Diff:  0.0, Sum:  0.0, Workers: 4
[2.257s][debug][gc,phases      ] GC(2)     Dead                           Min: 0, Avg:  0.0, Max: 0, Diff: 0, Sum: 0, Workers: 4
[2.257s][debug][gc,phases      ] GC(2)     Total                          Min: 0, Avg:  0.0, Max: 0, Diff: 0, Sum: 0, Workers: 4
[2.257s][debug][gc,phases      ] GC(2)   StringDedup Table Weak         Min:  0.0, Avg:  0.0, Max:  0.0, Diff:  0.0, Sum:  0.0, Workers: 4
[2.257s][debug][gc,phases      ] GC(2)     Dead                           Min: 0, Avg:  0.0, Max: 0, Diff: 0, Sum: 0, Workers: 4
[2.257s][debug][gc,phases      ] GC(2)     Total                          Min: 0, Avg:  0.0, Max: 0, Diff: 0, Sum: 0, Workers: 4
[2.257s][debug][gc,phases      ] GC(2)   StringDedup Requests0 Weak     Min:  0.0, Avg:  0.0, Max:  0.0, Diff:  0.0, Sum:  0.0, Workers: 4
[2.257s][debug][gc,phases      ] GC(2)     Dead                           Min: 0, Avg:  0.0, Max: 0, Diff: 0, Sum: 0, Workers: 4
[2.257s][debug][gc,phases      ] GC(2)     Total                          Min: 0, Avg:  0.0, Max: 0, Diff: 0, Sum: 0, Workers: 4
[2.257s][debug][gc,phases      ] GC(2)   StringDedup Requests1 Weak     Min:  0.0, Avg:  0.0, Max:  0.0, Diff:  0.0, Sum:  0.0, Workers: 4
[2.257s][debug][gc,phases      ] GC(2)     Dead                           Min: 0, Avg:  0.0, Max: 0, Diff: 0, Sum: 0, Workers: 4
[2.257s][debug][gc,phases      ] GC(2)     Total                          Min: 0, Avg:  0.0, Max: 0, Diff: 0, Sum: 0, Workers: 4
[2.257s][debug][gc,phases      ] GC(2)   Weak JFR Old Object Samples    Min:  0.0, Avg:  0.0, Max:  0.0, Diff:  0.0, Sum:  0.0, Workers: 4
[2.257s][debug][gc,phases      ] GC(2)     Dead                           Min: 0, Avg:  0.0, Max: 0, Diff: 0, Sum: 0, Workers: 4
[2.257s][debug][gc,phases      ] GC(2)     Total                          Min: 0, Avg:  0.0, Max: 0, Diff: 0, Sum: 0, Workers: 4
[2.257s][debug][gc,phases      ] GC(2) Weak Processing 0.295ms
[2.257s][debug][gc,age         ] GC(2) Desired survivor size 536870912 bytes, new threshold 7 (max threshold 15)
[2.257s][info ][gc,heap        ] GC(2) PSYoungGen: 466911K(1572864K)->56591K(1572864K) Eden: 445664K(1048576K)->0K(1048576K) From: 21247K(524288K)->56591K(524288K)
[2.257s][info ][gc,heap        ] GC(2) ParOldGen: 5666K(6144K)->5674K(6144K)
[2.257s][info ][gc,metaspace   ] GC(2) Metaspace: 35412K(35840K)->35412K(35840K) NonClass: 30940K(31168K)->30940K(31168K) Class: 4472K(4672K)->4472K(4672K)
[2.257s][info ][gc             ] GC(2) Pause Young (Metadata GC Threshold) 461M->60M(1542M) 27.208ms
[2.257s][info ][gc,cpu         ] GC(2) User=0.04s Sys=0.06s Real=0.03s
[2.257s][debug][gc,phases      ] GC(3) Pre Compact 0.008ms
[2.257s][info ][gc,start       ] GC(3) Pause Full (Metadata GC Threshold)
[2.257s][info ][gc,phases,start] GC(3) Marking Phase
[2.275s][debug][gc,phases      ] GC(3) Par Mark 17.858ms
[2.275s][debug][gc,ref         ] GC(3) Skipped phase 1 of Reference Processing: no references
[2.275s][debug][gc,ref         ] GC(3) ReferenceProcessor::execute queues: 2, RefProcThreadModel::Multi, marks_oops_alive: false
[2.275s][debug][gc,ref         ] GC(3) Skipped phase 3 of Reference Processing: no references
[2.275s][debug][gc,ref         ] GC(3) ReferenceProcessor::execute queues: 1, RefProcThreadModel::Single, marks_oops_alive: false
[2.275s][debug][gc,phases      ] GC(3) Reference Processing 0.121ms
[2.275s][debug][gc,phases      ] GC(3)   VM Weak                        Min:  0.0, Avg:  0.0, Max:  0.0, Diff:  0.0, Sum:  0.0, Workers: 4
[2.275s][debug][gc,phases      ] GC(3)     Dead                           Min: 0, Avg:  0.0, Max: 0, Diff: 0, Sum: 0, Workers: 4
[2.275s][debug][gc,phases      ] GC(3)     Total                          Min: 0, Avg: 68.2, Max: 209, Diff: 209, Sum: 273, Workers: 4
[2.275s][debug][gc,phases      ] GC(3)   ObjectSynchronizer Weak        Min:  0.0, Avg:  0.0, Max:  0.0, Diff:  0.0, Sum:  0.0, Workers: 4
[2.275s][debug][gc,phases      ] GC(3)     Dead                           Min: 0, Avg:  0.0, Max: 0, Diff: 0, Sum: 0, Workers: 4
[2.275s][debug][gc,phases      ] GC(3)     Total                          Min: 0, Avg:  2.2, Max: 9, Diff: 9, Sum: 9, Workers: 4
[2.275s][debug][gc,phases      ] GC(3)   JVMTI Tag Weak OopStorage      Min:  0.0, Avg:  0.0, Max:  0.0, Diff:  0.0, Sum:  0.0, Workers: 4
[2.275s][debug][gc,phases      ] GC(3)     Dead                           Min: 0, Avg:  0.0, Max: 0, Diff: 0, Sum: 0, Workers: 4
[2.275s][debug][gc,phases      ] GC(3)     Total                          Min: 0, Avg:  0.0, Max: 0, Diff: 0, Sum: 0, Workers: 4
[2.275s][debug][gc,phases      ] GC(3)   StringTable Weak               Min:  0.1, Avg:  0.1, Max:  0.1, Diff:  0.0, Sum:  0.2, Workers: 4
[2.275s][debug][gc,phases      ] GC(3)     Dead                           Min: 0, Avg:  0.5, Max: 2, Diff: 2, Sum: 2, Workers: 4
[2.275s][debug][gc,phases      ] GC(3)     Total                          Min: 4770, Avg: 4936.5, Max: 5184, Diff: 414, Sum: 19746, Workers: 4
[2.275s][debug][gc,phases      ] GC(3)   ResolvedMethodTable Weak       Min:  0.0, Avg:  0.0, Max:  0.0, Diff:  0.0, Sum:  0.0, Workers: 4
[2.275s][debug][gc,phases      ] GC(3)     Dead                           Min: 0, Avg:  0.0, Max: 0, Diff: 0, Sum: 0, Workers: 4
[2.275s][debug][gc,phases      ] GC(3)     Total                          Min: 447, Avg: 470.2, Max: 512, Diff: 65, Sum: 1881, Workers: 4
[2.275s][debug][gc,phases      ] GC(3)   JNI Weak                       Min:  0.0, Avg:  0.0, Max:  0.0, Diff:  0.0, Sum:  0.0, Workers: 4
[2.275s][debug][gc,phases      ] GC(3)     Dead                           Min: 0, Avg:  0.0, Max: 0, Diff: 0, Sum: 0, Workers: 4
[2.275s][debug][gc,phases      ] GC(3)     Total                          Min: 0, Avg:  0.0, Max: 0, Diff: 0, Sum: 0, Workers: 4
[2.275s][debug][gc,phases      ] GC(3)   StringDedup Table Weak         Min:  0.0, Avg:  0.0, Max:  0.0, Diff:  0.0, Sum:  0.0, Workers: 4
[2.275s][debug][gc,phases      ] GC(3)     Dead                           Min: 0, Avg:  0.0, Max: 0, Diff: 0, Sum: 0, Workers: 4
[2.275s][debug][gc,phases      ] GC(3)     Total                          Min: 0, Avg:  0.0, Max: 0, Diff: 0, Sum: 0, Workers: 4
[2.275s][debug][gc,phases      ] GC(3)   StringDedup Requests0 Weak     Min:  0.0, Avg:  0.0, Max:  0.0, Diff:  0.0, Sum:  0.0, Workers: 4
[2.275s][debug][gc,phases      ] GC(3)     Dead                           Min: 0, Avg:  0.0, Max: 0, Diff: 0, Sum: 0, Workers: 4
[2.275s][debug][gc,phases      ] GC(3)     Total                          Min: 0, Avg:  0.0, Max: 0, Diff: 0, Sum: 0, Workers: 4
[2.275s][debug][gc,phases      ] GC(3)   StringDedup Requests1 Weak     Min:  0.0, Avg:  0.0, Max:  0.0, Diff:  0.0, Sum:  0.0, Workers: 4
[2.275s][debug][gc,phases      ] GC(3)     Dead                           Min: 0, Avg:  0.0, Max: 0, Diff: 0, Sum: 0, Workers: 4
[2.275s][debug][gc,phases      ] GC(3)     Total                          Min: 0, Avg:  0.0, Max: 0, Diff: 0, Sum: 0, Workers: 4
[2.275s][debug][gc,phases      ] GC(3)   Weak JFR Old Object Samples    Min:  0.0, Avg:  0.0, Max:  0.0, Diff:  0.0, Sum:  0.0, Workers: 4
[2.275s][debug][gc,phases      ] GC(3)     Dead                           Min: 0, Avg:  0.0, Max: 0, Diff: 0, Sum: 0, Workers: 4
[2.275s][debug][gc,phases      ] GC(3)     Total                          Min: 0, Avg:  0.0, Max: 0, Diff: 0, Sum: 0, Workers: 4
[2.275s][debug][gc,phases      ] GC(3) Weak Processing 0.232ms
[2.275s][debug][gc,phases      ] GC(3) ClassLoaderData 0.029ms
[2.275s][debug][gc,phases      ] GC(3) Trigger cleanups 0.000ms
[2.278s][debug][gc,phases      ] GC(3) Class Unloading 3.200ms
[2.278s][info ][gc,phases      ] GC(3) Marking Phase 21.497ms
[2.278s][info ][gc,phases,start] GC(3) Summary Phase
[2.278s][info ][gc,phases      ] GC(3) Summary Phase 0.009ms
[2.278s][info ][gc,phases,start] GC(3) Adjust Roots
[2.282s][info ][gc,phases      ] GC(3) Adjust Roots 3.539ms
[2.282s][info ][gc,phases,start] GC(3) Compaction Phase
[2.517s][info ][gc,phases      ] GC(3) Compaction Phase 235.762ms
[2.518s][info ][gc,phases,start] GC(3) Post Compact
[2.518s][info ][gc,phases      ] GC(3) Post Compact 0.522ms
[2.518s][info ][gc,heap        ] GC(3) PSYoungGen: 56591K(1572864K)->56435K(1572864K) Eden: 0K(1048576K)->0K(1048576K) From: 56591K(524288K)->56435K(524288K)
[2.518s][info ][gc,heap        ] GC(3) ParOldGen: 5674K(6144K)->5597K(6144K)
[2.518s][info ][gc,metaspace   ] GC(3) Metaspace: 35412K(35840K)->35412K(35840K) NonClass: 30940K(31168K)->30940K(31168K) Class: 4472K(4672K)->4472K(4672K)
[2.518s][info ][gc             ] GC(3) Pause Full (Metadata GC Threshold) 60M->60M(1542M) 261.416ms
[2.518s][info ][gc,cpu         ] GC(3) User=0.57s Sys=0.00s Real=0.26s
[2.518s][info ][safepoint      ] Safepoint "CollectForMetadataAllocation", Time since last: 92957916 ns, Reaching safepoint: 66800 ns, At safepoint: 288720358 ns, Total: 288787158 ns
[2.701s][info ][safepoint      ] Safepoint "ICBufferFull", Time since last: 182756926 ns, Reaching safepoint: 197101 ns, At safepoint: 8800 ns, Total: 205901 ns
[2.825s][info ][safepoint      ] Safepoint "ICBufferFull", Time since last: 123939953 ns, Reaching safepoint: 223801 ns, At safepoint: 7500 ns, Total: 231301 ns
[2.938s][info ][safepoint      ] Safepoint "ICBufferFull", Time since last: 112253739 ns, Reaching safepoint: 216400 ns, At safepoint: 25900 ns, Total: 242300 ns
[2.939s][info ][safepoint      ] Safepoint "ICBufferFull", Time since last: 1508102 ns, Reaching safepoint: 104800 ns, At safepoint: 20700 ns, Total: 125500 ns
[3.019s][info ][safepoint      ] Safepoint "ICBufferFull", Time since last: 75959594 ns, Reaching safepoint: 3290904 ns, At safepoint: 35601 ns, Total: 3326505 ns
[3.019s][info ][safepoint      ] Safepoint "ICBufferFull", Time since last: 321200 ns, Reaching safepoint: 95000 ns, At safepoint: 30700 ns, Total: 125700 ns
[3.223s][info ][safepoint      ] Safepoint "ICBufferFull", Time since last: 204080653 ns, Reaching safepoint: 231900 ns, At safepoint: 24700 ns, Total: 256600 ns
[3.224s][info ][safepoint      ] Safepoint "ICBufferFull", Time since last: 48601 ns, Reaching safepoint: 84400 ns, At safepoint: 18500 ns, Total: 102900 ns
[3.257s][info ][safepoint      ] Safepoint "ICBufferFull", Time since last: 33483441 ns, Reaching safepoint: 166500 ns, At safepoint: 15600 ns, Total: 182100 ns
[3.257s][info ][safepoint      ] Safepoint "ICBufferFull", Time since last: 61300 ns, Reaching safepoint: 91601 ns, At safepoint: 20200 ns, Total: 111801 ns
[3.258s][info ][safepoint      ] Safepoint "ICBufferFull", Time since last: 52100 ns, Reaching safepoint: 150500 ns, At safepoint: 21100 ns, Total: 171600 ns
[3.258s][info ][safepoint      ] Safepoint "ICBufferFull", Time since last: 45900 ns, Reaching safepoint: 83000 ns, At safepoint: 16400 ns, Total: 99400 ns
[3.259s][info ][safepoint      ] Safepoint "ICBufferFull", Time since last: 1184202 ns, Reaching safepoint: 91900 ns, At safepoint: 22900 ns, Total: 114800 ns
[3.260s][info ][safepoint      ] Safepoint "ICBufferFull", Time since last: 709701 ns, Reaching safepoint: 89500 ns, At safepoint: 25600 ns, Total: 115100 ns
[3.294s][info ][safepoint      ] Safepoint "ICBufferFull", Time since last: 34261242 ns, Reaching safepoint: 169500 ns, At safepoint: 15700 ns, Total: 185200 ns
[3.295s][info ][safepoint      ] Safepoint "ICBufferFull", Time since last: 69600 ns, Reaching safepoint: 90201 ns, At safepoint: 14600 ns, Total: 104801 ns
[3.295s][info ][safepoint      ] Safepoint "ICBufferFull", Time since last: 37900 ns, Reaching safepoint: 84500 ns, At safepoint: 19300 ns, Total: 103800 ns
[3.486s][info ][safepoint      ] Safepoint "ICBufferFull", Time since last: 190924237 ns, Reaching safepoint: 299400 ns, At safepoint: 23800 ns, Total: 323200 ns
[3.747s][info ][safepoint      ] Safepoint "ICBufferFull", Time since last: 260844323 ns, Reaching safepoint: 223201 ns, At safepoint: 28600 ns, Total: 251801 ns
[3.747s][info ][safepoint      ] Safepoint "ICBufferFull", Time since last: 80800 ns, Reaching safepoint: 95100 ns, At safepoint: 25900 ns, Total: 121000 ns
[3.747s][info ][safepoint      ] Safepoint "ICBufferFull", Time since last: 69500 ns, Reaching safepoint: 83200 ns, At safepoint: 22900 ns, Total: 106100 ns
[3.790s][info ][safepoint      ] Safepoint "ICBufferFull", Time since last: 42270453 ns, Reaching safepoint: 154200 ns, At safepoint: 23800 ns, Total: 178000 ns
[3.802s][info ][gc,start       ] GC(4) Pause Young (Allocation Failure)
[3.901s][debug][gc,phases      ] GC(4) Scavenge 98.496ms
[3.901s][debug][gc,ref         ] GC(4) Skipped phase 1 of Reference Processing: no references
[3.901s][debug][gc,ref         ] GC(4) ReferenceProcessor::execute queues: 4, RefProcThreadModel::Multi, marks_oops_alive: false
[3.901s][debug][gc,ref         ] GC(4) Skipped phase 3 of Reference Processing: no references
[3.901s][debug][gc,ref         ] GC(4) ReferenceProcessor::execute queues: 3, RefProcThreadModel::Multi, marks_oops_alive: false
[3.901s][debug][gc,phases      ] GC(4) Reference Processing 0.316ms
[3.901s][debug][gc,phases      ] GC(4)   VM Weak                        Min:  0.0, Avg:  0.0, Max:  0.0, Diff:  0.0, Sum:  0.0, Workers: 4
[3.901s][debug][gc,phases      ] GC(4)     Dead                           Min: 0, Avg:  0.0, Max: 0, Diff: 0, Sum: 0, Workers: 4
[3.901s][debug][gc,phases      ] GC(4)     Total                          Min: 0, Avg: 107.0, Max: 236, Diff: 236, Sum: 428, Workers: 4
[3.901s][debug][gc,phases      ] GC(4)   ObjectSynchronizer Weak        Min:  0.0, Avg:  0.0, Max:  0.0, Diff:  0.0, Sum:  0.0, Workers: 4
[3.901s][debug][gc,phases      ] GC(4)     Dead                           Min: 0, Avg: 68.8, Max: 109, Diff: 109, Sum: 275, Workers: 4
[3.901s][debug][gc,phases      ] GC(4)     Total                          Min: 0, Avg: 85.2, Max: 128, Diff: 128, Sum: 341, Workers: 4
[3.901s][debug][gc,phases      ] GC(4)   JVMTI Tag Weak OopStorage      Min:  0.0, Avg:  0.0, Max:  0.0, Diff:  0.0, Sum:  0.0, Workers: 4
[3.901s][debug][gc,phases      ] GC(4)     Dead                           Min: 0, Avg:  0.0, Max: 0, Diff: 0, Sum: 0, Workers: 4
[3.901s][debug][gc,phases      ] GC(4)     Total                          Min: 0, Avg:  0.0, Max: 0, Diff: 0, Sum: 0, Workers: 4
[3.901s][debug][gc,phases      ] GC(4)   StringTable Weak               Min:  0.2, Avg:  0.2, Max:  0.2, Diff:  0.0, Sum:  0.7, Workers: 4
[3.901s][debug][gc,phases      ] GC(4)     Dead                           Min: 1, Avg:  6.5, Max: 19, Diff: 18, Sum: 26, Workers: 4
[3.901s][debug][gc,phases      ] GC(4)     Total                          Min: 8640, Avg: 9551.5, Max: 11008, Diff: 2368, Sum: 38206, Workers: 4
[3.901s][debug][gc,phases      ] GC(4)   ResolvedMethodTable Weak       Min:  0.0, Avg:  0.0, Max:  0.0, Diff:  0.0, Sum:  0.1, Workers: 4
[3.901s][debug][gc,phases      ] GC(4)     Dead                           Min: 32, Avg: 43.2, Max: 50, Diff: 18, Sum: 173, Workers: 4
[3.901s][debug][gc,phases      ] GC(4)     Total                          Min: 1145, Avg: 1230.2, Max: 1408, Diff: 263, Sum: 4921, Workers: 4
[3.901s][debug][gc,phases      ] GC(4)   JNI Weak                       Min:  0.0, Avg:  0.0, Max:  0.0, Diff:  0.0, Sum:  0.0, Workers: 4
[3.901s][debug][gc,phases      ] GC(4)     Dead                           Min: 0, Avg:  0.0, Max: 0, Diff: 0, Sum: 0, Workers: 4
[3.901s][debug][gc,phases      ] GC(4)     Total                          Min: 0, Avg:  2.2, Max: 9, Diff: 9, Sum: 9, Workers: 4
[3.901s][debug][gc,phases      ] GC(4)   StringDedup Table Weak         Min:  0.0, Avg:  0.0, Max:  0.0, Diff:  0.0, Sum:  0.0, Workers: 4
[3.901s][debug][gc,phases      ] GC(4)     Dead                           Min: 0, Avg:  0.0, Max: 0, Diff: 0, Sum: 0, Workers: 4
[3.901s][debug][gc,phases      ] GC(4)     Total                          Min: 0, Avg:  0.0, Max: 0, Diff: 0, Sum: 0, Workers: 4
[3.901s][debug][gc,phases      ] GC(4)   StringDedup Requests0 Weak     Min:  0.0, Avg:  0.0, Max:  0.0, Diff:  0.0, Sum:  0.0, Workers: 4
[3.901s][debug][gc,phases      ] GC(4)     Dead                           Min: 0, Avg:  0.0, Max: 0, Diff: 0, Sum: 0, Workers: 4
[3.901s][debug][gc,phases      ] GC(4)     Total                          Min: 0, Avg:  0.0, Max: 0, Diff: 0, Sum: 0, Workers: 4
[3.901s][debug][gc,phases      ] GC(4)   StringDedup Requests1 Weak     Min:  0.0, Avg:  0.0, Max:  0.0, Diff:  0.0, Sum:  0.0, Workers: 4
[3.901s][debug][gc,phases      ] GC(4)     Dead                           Min: 0, Avg:  0.0, Max: 0, Diff: 0, Sum: 0, Workers: 4
[3.901s][debug][gc,phases      ] GC(4)     Total                          Min: 0, Avg:  0.0, Max: 0, Diff: 0, Sum: 0, Workers: 4
[3.901s][debug][gc,phases      ] GC(4)   Weak JFR Old Object Samples    Min:  0.0, Avg:  0.0, Max:  0.0, Diff:  0.0, Sum:  0.0, Workers: 4
[3.901s][debug][gc,phases      ] GC(4)     Dead                           Min: 0, Avg:  0.0, Max: 0, Diff: 0, Sum: 0, Workers: 4
[3.901s][debug][gc,phases      ] GC(4)     Total                          Min: 0, Avg:  0.0, Max: 0, Diff: 0, Sum: 0, Workers: 4
[3.901s][debug][gc,phases      ] GC(4) Weak Processing 0.358ms
[3.901s][debug][gc,age         ] GC(4) Desired survivor size 536870912 bytes, new threshold 7 (max threshold 15)
[3.901s][info ][gc,heap        ] GC(4) PSYoungGen: 1105011K(1572864K)->174362K(1572864K) Eden: 1048576K(1048576K)->0K(1048576K) From: 56435K(524288K)->174362K(524288K)
[3.901s][info ][gc,heap        ] GC(4) ParOldGen: 5597K(6144K)->5605K(6144K)
[3.901s][info ][gc,metaspace   ] GC(4) Metaspace: 53526K(54144K)->53526K(54144K) NonClass: 45605K(45952K)->45605K(45952K) Class: 7920K(8192K)->7920K(8192K)
[3.901s][info ][gc             ] GC(4) Pause Young (Allocation Failure) 1084M->175M(1542M) 99.286ms
[3.901s][info ][gc,cpu         ] GC(4) User=0.32s Sys=0.07s Real=0.10s
[3.901s][info ][safepoint      ] Safepoint "ParallelGCFailedAllocation", Time since last: 12058915 ns, Reaching safepoint: 126700 ns, At safepoint: 99368223 ns, Total: 99494923 ns
[3.904s][info ][safepoint      ] Safepoint "ICBufferFull", Time since last: 2620303 ns, Reaching safepoint: 249401 ns, At safepoint: 23700 ns, Total: 273101 ns
[3.912s][info ][safepoint      ] Safepoint "ICBufferFull", Time since last: 7217509 ns, Reaching safepoint: 122500 ns, At safepoint: 27200 ns, Total: 149700 ns
[3.914s][info ][safepoint      ] Safepoint "ICBufferFull", Time since last: 1720602 ns, Reaching safepoint: 114900 ns, At safepoint: 23700 ns, Total: 138600 ns
[3.919s][info ][safepoint      ] Safepoint "ICBufferFull", Time since last: 4650406 ns, Reaching safepoint: 312600 ns, At safepoint: 29300 ns, Total: 341900 ns
[3.921s][info ][safepoint      ] Safepoint "ICBufferFull", Time since last: 2458603 ns, Reaching safepoint: 104401 ns, At safepoint: 20300 ns, Total: 124701 ns
[3.921s][info ][safepoint      ] Safepoint "ICBufferFull", Time since last: 46200 ns, Reaching safepoint: 84600 ns, At safepoint: 21400 ns, Total: 106000 ns
[3.925s][info ][safepoint      ] Safepoint "ICBufferFull", Time since last: 3996005 ns, Reaching safepoint: 91700 ns, At safepoint: 28600 ns, Total: 120300 ns
[3.926s][info ][safepoint      ] Safepoint "ICBufferFull", Time since last: 57200 ns, Reaching safepoint: 79600 ns, At safepoint: 20500 ns, Total: 100100 ns
[3.926s][info ][safepoint      ] Safepoint "ICBufferFull", Time since last: 61800 ns, Reaching safepoint: 97800 ns, At safepoint: 14800 ns, Total: 112600 ns
[3.926s][info ][safepoint      ] Safepoint "ICBufferFull", Time since last: 36600 ns, Reaching safepoint: 67500 ns, At safepoint: 25400 ns, Total: 92900 ns
[3.926s][info ][safepoint      ] Safepoint "ICBufferFull", Time since last: 54000 ns, Reaching safepoint: 85401 ns, At safepoint: 21300 ns, Total: 106701 ns
[3.926s][info ][safepoint      ] Safepoint "ICBufferFull", Time since last: 44800 ns, Reaching safepoint: 93700 ns, At safepoint: 32900 ns, Total: 126600 ns
[3.930s][info ][safepoint      ] Safepoint "ICBufferFull", Time since last: 3746204 ns, Reaching safepoint: 97701 ns, At safepoint: 23200 ns, Total: 120901 ns
[3.936s][info ][safepoint      ] Safepoint "ICBufferFull", Time since last: 5467106 ns, Reaching safepoint: 126701 ns, At safepoint: 27700 ns, Total: 154401 ns
[3.936s][info ][safepoint      ] Safepoint "ICBufferFull", Time since last: 206700 ns, Reaching safepoint: 89600 ns, At safepoint: 24200 ns, Total: 113800 ns
[3.950s][info ][safepoint      ] Safepoint "ICBufferFull", Time since last: 14298718 ns, Reaching safepoint: 143700 ns, At safepoint: 25300 ns, Total: 169000 ns
[3.951s][info ][safepoint      ] Safepoint "ICBufferFull", Time since last: 42000 ns, Reaching safepoint: 80600 ns, At safepoint: 22500 ns, Total: 103100 ns
[3.966s][info ][safepoint      ] Safepoint "ICBufferFull", Time since last: 15575719 ns, Reaching safepoint: 112301 ns, At safepoint: 19300 ns, Total: 131601 ns
[3.975s][info ][safepoint      ] Safepoint "ICBufferFull", Time since last: 8465410 ns, Reaching safepoint: 54900 ns, At safepoint: 25700 ns, Total: 80600 ns
[4.066s][info ][gc,start       ] GC(5) Pause Young (Allocation Failure)
[4.135s][debug][gc,phases      ] GC(5) Scavenge 69.261ms
[4.135s][debug][gc,ref         ] GC(5) Skipped phase 1 of Reference Processing: no references
[4.135s][debug][gc,ref         ] GC(5) ReferenceProcessor::execute queues: 4, RefProcThreadModel::Multi, marks_oops_alive: false
[4.135s][debug][gc,ref         ] GC(5) Skipped phase 3 of Reference Processing: no references
[4.135s][debug][gc,ref         ] GC(5) ReferenceProcessor::execute queues: 1, RefProcThreadModel::Single, marks_oops_alive: false
[4.135s][debug][gc,phases      ] GC(5) Reference Processing 0.268ms
[4.136s][debug][gc,phases      ] GC(5)   VM Weak                        Min:  0.0, Avg:  0.0, Max:  0.0, Diff:  0.0, Sum:  0.0, Workers: 4
[4.136s][debug][gc,phases      ] GC(5)     Dead                           Min: 0, Avg:  0.0, Max: 0, Diff: 0, Sum: 0, Workers: 4
[4.136s][debug][gc,phases      ] GC(5)     Total                          Min: 0, Avg: 107.5, Max: 320, Diff: 320, Sum: 430, Workers: 4
[4.136s][debug][gc,phases      ] GC(5)   ObjectSynchronizer Weak        Min:  0.0, Avg:  0.0, Max:  0.0, Diff:  0.0, Sum:  0.0, Workers: 4
[4.136s][debug][gc,phases      ] GC(5)     Dead                           Min: 0, Avg:  0.0, Max: 0, Diff: 0, Sum: 0, Workers: 4
[4.136s][debug][gc,phases      ] GC(5)     Total                          Min: 0, Avg: 85.2, Max: 213, Diff: 213, Sum: 341, Workers: 4
[4.136s][debug][gc,phases      ] GC(5)   JVMTI Tag Weak OopStorage      Min:  0.0, Avg:  0.0, Max:  0.0, Diff:  0.0, Sum:  0.0, Workers: 4
[4.136s][debug][gc,phases      ] GC(5)     Dead                           Min: 0, Avg:  0.0, Max: 0, Diff: 0, Sum: 0, Workers: 4
[4.136s][debug][gc,phases      ] GC(5)     Total                          Min: 0, Avg:  0.0, Max: 0, Diff: 0, Sum: 0, Workers: 4
[4.136s][debug][gc,phases      ] GC(5)   StringTable Weak               Min:  0.2, Avg:  0.2, Max:  0.2, Diff:  0.0, Sum:  0.9, Workers: 4
[4.136s][debug][gc,phases      ] GC(5)     Dead                           Min: 0, Avg:  0.0, Max: 0, Diff: 0, Sum: 0, Workers: 4
[4.136s][debug][gc,phases      ] GC(5)     Total                          Min: 7808, Avg: 9560.5, Max: 11618, Diff: 3810, Sum: 38242, Workers: 4
[4.136s][debug][gc,phases      ] GC(5)   ResolvedMethodTable Weak       Min:  0.0, Avg:  0.0, Max:  0.0, Diff:  0.0, Sum:  0.1, Workers: 4
[4.136s][debug][gc,phases      ] GC(5)     Dead                           Min: 0, Avg:  0.0, Max: 0, Diff: 0, Sum: 0, Workers: 4
[4.136s][debug][gc,phases      ] GC(5)     Total                          Min: 883, Avg: 1189.0, Max: 1463, Diff: 580, Sum: 4756, Workers: 4
[4.136s][debug][gc,phases      ] GC(5)   JNI Weak                       Min:  0.0, Avg:  0.0, Max:  0.0, Diff:  0.0, Sum:  0.0, Workers: 4
[4.136s][debug][gc,phases      ] GC(5)     Dead                           Min: 0, Avg:  0.0, Max: 0, Diff: 0, Sum: 0, Workers: 4
[4.136s][debug][gc,phases      ] GC(5)     Total                          Min: 0, Avg:  3.2, Max: 13, Diff: 13, Sum: 13, Workers: 4
[4.136s][debug][gc,phases      ] GC(5)   StringDedup Table Weak         Min:  0.0, Avg:  0.0, Max:  0.0, Diff:  0.0, Sum:  0.0, Workers: 4
[4.136s][debug][gc,phases      ] GC(5)     Dead                           Min: 0, Avg:  0.0, Max: 0, Diff: 0, Sum: 0, Workers: 4
[4.136s][debug][gc,phases      ] GC(5)     Total                          Min: 0, Avg:  0.0, Max: 0, Diff: 0, Sum: 0, Workers: 4
[4.136s][debug][gc,phases      ] GC(5)   StringDedup Requests0 Weak     Min:  0.0, Avg:  0.0, Max:  0.0, Diff:  0.0, Sum:  0.0, Workers: 4
[4.136s][debug][gc,phases      ] GC(5)     Dead                           Min: 0, Avg:  0.0, Max: 0, Diff: 0, Sum: 0, Workers: 4
[4.136s][debug][gc,phases      ] GC(5)     Total                          Min: 0, Avg:  0.0, Max: 0, Diff: 0, Sum: 0, Workers: 4
[4.136s][debug][gc,phases      ] GC(5)   StringDedup Requests1 Weak     Min:  0.0, Avg:  0.0, Max:  0.0, Diff:  0.0, Sum:  0.0, Workers: 4
[4.136s][debug][gc,phases      ] GC(5)     Dead                           Min: 0, Avg:  0.0, Max: 0, Diff: 0, Sum: 0, Workers: 4
[4.136s][debug][gc,phases      ] GC(5)     Total                          Min: 0, Avg:  0.0, Max: 0, Diff: 0, Sum: 0, Workers: 4
[4.136s][debug][gc,phases      ] GC(5)   Weak JFR Old Object Samples    Min:  0.0, Avg:  0.0, Max:  0.0, Diff:  0.0, Sum:  0.0, Workers: 4
[4.136s][debug][gc,phases      ] GC(5)     Dead                           Min: 0, Avg:  0.0, Max: 0, Diff: 0, Sum: 0, Workers: 4
[4.136s][debug][gc,phases      ] GC(5)     Total                          Min: 0, Avg:  0.0, Max: 0, Diff: 0, Sum: 0, Workers: 4
[4.136s][debug][gc,phases      ] GC(5) Weak Processing 0.410ms
[4.136s][debug][gc,age         ] GC(5) Desired survivor size 536870912 bytes, new threshold 7 (max threshold 15)
[4.136s][info ][gc,heap        ] GC(5) PSYoungGen: 1222938K(1572864K)->177123K(1572864K) Eden: 1048576K(1048576K)->0K(1048576K) From: 174362K(524288K)->177123K(524288K)
[4.136s][info ][gc,heap        ] GC(5) ParOldGen: 5605K(6144K)->5613K(6144K)
[4.136s][info ][gc,metaspace   ] GC(5) Metaspace: 53631K(54208K)->53631K(54208K) NonClass: 45704K(46016K)->45704K(46016K) Class: 7927K(8192K)->7927K(8192K)
[4.136s][info ][gc             ] GC(5) Pause Young (Allocation Failure) 1199M->178M(1542M) 70.052ms
[4.136s][info ][gc,cpu         ] GC(5) User=0.21s Sys=0.07s Real=0.07s
[4.136s][info ][safepoint      ] Safepoint "ParallelGCFailedAllocation", Time since last: 90605713 ns, Reaching safepoint: 216900 ns, At safepoint: 70140587 ns, Total: 70357487 ns
[4.243s][info ][safepoint      ] Safepoint "ICBufferFull", Time since last: 107268233 ns, Reaching safepoint: 203800 ns, At safepoint: 20700 ns, Total: 224500 ns
[4.251s][info ][safepoint      ] Safepoint "ICBufferFull", Time since last: 7606210 ns, Reaching safepoint: 104700 ns, At safepoint: 25000 ns, Total: 129700 ns
[4.261s][info ][safepoint      ] Safepoint "ICBufferFull", Time since last: 9780812 ns, Reaching safepoint: 113000 ns, At safepoint: 28000 ns, Total: 141000 ns
[4.278s][info ][safepoint      ] Safepoint "ICBufferFull", Time since last: 16419920 ns, Reaching safepoint: 108000 ns, At safepoint: 30301 ns, Total: 138301 ns
[4.289s][info ][safepoint      ] Safepoint "ICBufferFull", Time since last: 11026413 ns, Reaching safepoint: 108600 ns, At safepoint: 24400 ns, Total: 133000 ns
[4.293s][info ][safepoint      ] Safepoint "ICBufferFull", Time since last: 4519006 ns, Reaching safepoint: 104600 ns, At safepoint: 25700 ns, Total: 130300 ns
[4.301s][info ][safepoint      ] Safepoint "ICBufferFull", Time since last: 7972710 ns, Reaching safepoint: 100500 ns, At safepoint: 28800 ns, Total: 129300 ns
[4.314s][info ][safepoint      ] Safepoint "ICBufferFull", Time since last: 9748812 ns, Reaching safepoint: 3205904 ns, At safepoint: 24000 ns, Total: 3229904 ns
[4.331s][info ][safepoint      ] Safepoint "ICBufferFull", Time since last: 16865721 ns, Reaching safepoint: 112200 ns, At safepoint: 23300 ns, Total: 135500 ns
[4.337s][info ][safepoint      ] Safepoint "ICBufferFull", Time since last: 5104007 ns, Reaching safepoint: 107100 ns, At safepoint: 26700 ns, Total: 133800 ns
[4.340s][info ][safepoint      ] Safepoint "ICBufferFull", Time since last: 3468404 ns, Reaching safepoint: 99300 ns, At safepoint: 24300 ns, Total: 123600 ns
[4.346s][info ][gc,start       ] GC(6) Pause Young (Allocation Failure)
[4.406s][debug][gc,phases      ] GC(6) Scavenge 59.563ms
[4.406s][debug][gc,ref         ] GC(6) Skipped phase 1 of Reference Processing: no references
[4.406s][debug][gc,ref         ] GC(6) ReferenceProcessor::execute queues: 4, RefProcThreadModel::Multi, marks_oops_alive: false
[4.406s][debug][gc,ref         ] GC(6) Skipped phase 3 of Reference Processing: no references
[4.406s][debug][gc,ref         ] GC(6) ReferenceProcessor::execute queues: 1, RefProcThreadModel::Single, marks_oops_alive: false
[4.406s][debug][gc,phases      ] GC(6) Reference Processing 0.338ms
[4.407s][debug][gc,phases      ] GC(6)   VM Weak                        Min:  0.0, Avg:  0.0, Max:  0.0, Diff:  0.0, Sum:  0.0, Workers: 4
[4.407s][debug][gc,phases      ] GC(6)     Dead                           Min: 0, Avg:  0.0, Max: 0, Diff: 0, Sum: 0, Workers: 4
[4.407s][debug][gc,phases      ] GC(6)     Total                          Min: 0, Avg: 111.8, Max: 256, Diff: 256, Sum: 447, Workers: 4
[4.407s][debug][gc,phases      ] GC(6)   ObjectSynchronizer Weak        Min:  0.0, Avg:  0.0, Max:  0.0, Diff:  0.0, Sum:  0.0, Workers: 4
[4.407s][debug][gc,phases      ] GC(6)     Dead                           Min: 0, Avg:  0.0, Max: 0, Diff: 0, Sum: 0, Workers: 4
[4.407s][debug][gc,phases      ] GC(6)     Total                          Min: 0, Avg: 85.2, Max: 128, Diff: 128, Sum: 341, Workers: 4
[4.407s][debug][gc,phases      ] GC(6)   JVMTI Tag Weak OopStorage      Min:  0.0, Avg:  0.0, Max:  0.0, Diff:  0.0, Sum:  0.0, Workers: 4
[4.407s][debug][gc,phases      ] GC(6)     Dead                           Min: 0, Avg:  0.0, Max: 0, Diff: 0, Sum: 0, Workers: 4
[4.407s][debug][gc,phases      ] GC(6)     Total                          Min: 0, Avg:  0.0, Max: 0, Diff: 0, Sum: 0, Workers: 4
[4.407s][debug][gc,phases      ] GC(6)   StringTable Weak               Min:  0.3, Avg:  0.3, Max:  0.3, Diff:  0.0, Sum:  1.1, Workers: 4
[4.407s][debug][gc,phases      ] GC(6)     Dead                           Min: 0, Avg:  3.5, Max: 13, Diff: 13, Sum: 14, Workers: 4
[4.407s][debug][gc,phases      ] GC(6)     Total                          Min: 8896, Avg: 9597.2, Max: 10624, Diff: 1728, Sum: 38389, Workers: 4
[4.407s][debug][gc,phases      ] GC(6)   ResolvedMethodTable Weak       Min:  0.0, Avg:  0.0, Max:  0.0, Diff:  0.0, Sum:  0.2, Workers: 4
[4.407s][debug][gc,phases      ] GC(6)     Dead                           Min: 0, Avg:  0.0, Max: 0, Diff: 0, Sum: 0, Workers: 4
[4.407s][debug][gc,phases      ] GC(6)     Total                          Min: 1151, Avg: 1229.5, Max: 1408, Diff: 257, Sum: 4918, Workers: 4
[4.407s][debug][gc,phases      ] GC(6)   JNI Weak                       Min:  0.0, Avg:  0.0, Max:  0.0, Diff:  0.0, Sum:  0.0, Workers: 4
[4.407s][debug][gc,phases      ] GC(6)     Dead                           Min: 0, Avg:  0.0, Max: 0, Diff: 0, Sum: 0, Workers: 4
[4.407s][debug][gc,phases      ] GC(6)     Total                          Min: 0, Avg:  7.0, Max: 28, Diff: 28, Sum: 28, Workers: 4
[4.407s][debug][gc,phases      ] GC(6)   StringDedup Table Weak         Min:  0.0, Avg:  0.0, Max:  0.0, Diff:  0.0, Sum:  0.0, Workers: 4
[4.407s][debug][gc,phases      ] GC(6)     Dead                           Min: 0, Avg:  0.0, Max: 0, Diff: 0, Sum: 0, Workers: 4
[4.407s][debug][gc,phases      ] GC(6)     Total                          Min: 0, Avg:  0.0, Max: 0, Diff: 0, Sum: 0, Workers: 4
[4.407s][debug][gc,phases      ] GC(6)   StringDedup Requests0 Weak     Min:  0.0, Avg:  0.0, Max:  0.0, Diff:  0.0, Sum:  0.0, Workers: 4
[4.407s][debug][gc,phases      ] GC(6)     Dead                           Min: 0, Avg:  0.0, Max: 0, Diff: 0, Sum: 0, Workers: 4
[4.407s][debug][gc,phases      ] GC(6)     Total                          Min: 0, Avg:  0.0, Max: 0, Diff: 0, Sum: 0, Workers: 4
[4.407s][debug][gc,phases      ] GC(6)   StringDedup Requests1 Weak     Min:  0.0, Avg:  0.0, Max:  0.0, Diff:  0.0, Sum:  0.0, Workers: 4
[4.407s][debug][gc,phases      ] GC(6)     Dead                           Min: 0, Avg:  0.0, Max: 0, Diff: 0, Sum: 0, Workers: 4
[4.407s][debug][gc,phases      ] GC(6)     Total                          Min: 0, Avg:  0.0, Max: 0, Diff: 0, Sum: 0, Workers: 4
[4.407s][debug][gc,phases      ] GC(6)   Weak JFR Old Object Samples    Min:  0.0, Avg:  0.0, Max:  0.0, Diff:  0.0, Sum:  0.0, Workers: 4
[4.407s][debug][gc,phases      ] GC(6)     Dead                           Min: 0, Avg:  0.0, Max: 0, Diff: 0, Sum: 0, Workers: 4
[4.407s][debug][gc,phases      ] GC(6)     Total                          Min: 0, Avg:  0.0, Max: 0, Diff: 0, Sum: 0, Workers: 4
[4.407s][debug][gc,phases      ] GC(6) Weak Processing 0.439ms
[4.407s][debug][gc,age         ] GC(6) Desired survivor size 267386880 bytes, new threshold 6 (max threshold 15)
[4.407s][info ][gc,heap        ] GC(6) PSYoungGen: 1225699K(1572864K)->180954K(1572864K) Eden: 1048576K(1048576K)->0K(1048576K) From: 177123K(524288K)->180954K(524288K)
[4.407s][info ][gc,heap        ] GC(6) ParOldGen: 5613K(6144K)->5621K(6144K)
[4.407s][info ][gc,metaspace   ] GC(6) Metaspace: 54161K(54720K)->54161K(54720K) NonClass: 46150K(46464K)->46150K(46464K) Class: 8010K(8256K)->8010K(8256K)
[4.407s][info ][gc             ] GC(6) Pause Young (Allocation Failure) 1202M->182M(1542M) 60.448ms
[4.407s][info ][gc,cpu         ] GC(6) User=0.24s Sys=0.00s Real=0.06s
[4.407s][info ][safepoint      ] Safepoint "ParallelGCFailedAllocation", Time since last: 6010308 ns, Reaching safepoint: 108200 ns, At safepoint: 60536175 ns, Total: 60644375 ns
[4.432s][info ][safepoint      ] Safepoint "ICBufferFull", Time since last: 25409631 ns, Reaching safepoint: 131201 ns, At safepoint: 26600 ns, Total: 157801 ns
[4.445s][info ][safepoint      ] Safepoint "ICBufferFull", Time since last: 12725415 ns, Reaching safepoint: 120001 ns, At safepoint: 32000 ns, Total: 152001 ns
[4.464s][info ][safepoint      ] Safepoint "ICBufferFull", Time since last: 18401722 ns, Reaching safepoint: 388601 ns, At safepoint: 23100 ns, Total: 411701 ns
[4.473s][info ][safepoint      ] Safepoint "ICBufferFull", Time since last: 8555911 ns, Reaching safepoint: 111600 ns, At safepoint: 22400 ns, Total: 134000 ns
[4.480s][info ][safepoint      ] Safepoint "ICBufferFull", Time since last: 7411209 ns, Reaching safepoint: 111600 ns, At safepoint: 20900 ns, Total: 132500 ns
[4.487s][info ][safepoint      ] Safepoint "ICBufferFull", Time since last: 6501208 ns, Reaching safepoint: 112100 ns, At safepoint: 27600 ns, Total: 139700 ns
[4.493s][info ][safepoint      ] Safepoint "ICBufferFull", Time since last: 5215207 ns, Reaching safepoint: 894301 ns, At safepoint: 31400 ns, Total: 925701 ns
[4.511s][info ][safepoint      ] Safepoint "ICBufferFull", Time since last: 18054422 ns, Reaching safepoint: 123000 ns, At safepoint: 26300 ns, Total: 149300 ns
[4.514s][info ][safepoint      ] Safepoint "ICBufferFull", Time since last: 2707804 ns, Reaching safepoint: 104500 ns, At safepoint: 25700 ns, Total: 130200 ns
[4.517s][info ][safepoint      ] Safepoint "ICBufferFull", Time since last: 2695303 ns, Reaching safepoint: 104000 ns, At safepoint: 23400 ns, Total: 127400 ns
[4.519s][info ][safepoint      ] Safepoint "ICBufferFull", Time since last: 2186703 ns, Reaching safepoint: 99000 ns, At safepoint: 19300 ns, Total: 118300 ns
[4.522s][info ][safepoint      ] Safepoint "ICBufferFull", Time since last: 2369803 ns, Reaching safepoint: 99800 ns, At safepoint: 22300 ns, Total: 122100 ns
[4.525s][info ][safepoint      ] Safepoint "ICBufferFull", Time since last: 2926604 ns, Reaching safepoint: 87900 ns, At safepoint: 27000 ns, Total: 114900 ns
[4.527s][info ][safepoint      ] Safepoint "ICBufferFull", Time since last: 2371803 ns, Reaching safepoint: 97800 ns, At safepoint: 26800 ns, Total: 124600 ns
[4.530s][info ][safepoint      ] Safepoint "ICBufferFull", Time since last: 2199003 ns, Reaching safepoint: 85700 ns, At safepoint: 21500 ns, Total: 107200 ns
[4.538s][info ][safepoint      ] Safepoint "ICBufferFull", Time since last: 8309210 ns, Reaching safepoint: 100001 ns, At safepoint: 25800 ns, Total: 125801 ns
[4.540s][info ][safepoint      ] Safepoint "ICBufferFull", Time since last: 2273302 ns, Reaching safepoint: 95001 ns, At safepoint: 25700 ns, Total: 120701 ns
[4.543s][info ][safepoint      ] Safepoint "ICBufferFull", Time since last: 2229102 ns, Reaching safepoint: 94200 ns, At safepoint: 25100 ns, Total: 119300 ns
[4.545s][info ][safepoint      ] Safepoint "ICBufferFull", Time since last: 2216703 ns, Reaching safepoint: 111800 ns, At safepoint: 24400 ns, Total: 136200 ns
[4.566s][info ][safepoint      ] Safepoint "ICBufferFull", Time since last: 20492926 ns, Reaching safepoint: 554601 ns, At safepoint: 24200 ns, Total: 578801 ns
[4.615s][info ][safepoint      ] Safepoint "ICBufferFull", Time since last: 44616655 ns, Reaching safepoint: 4274805 ns, At safepoint: 30500 ns, Total: 4305305 ns
[4.644s][info ][safepoint      ] Safepoint "ICBufferFull", Time since last: 28282535 ns, Reaching safepoint: 117500 ns, At safepoint: 22200 ns, Total: 139700 ns
[4.667s][info ][safepoint      ] Safepoint "ICBufferFull", Time since last: 20207225 ns, Reaching safepoint: 3179704 ns, At safepoint: 25000 ns, Total: 3204704 ns
[4.675s][info ][safepoint      ] Safepoint "ICBufferFull", Time since last: 7482310 ns, Reaching safepoint: 109900 ns, At safepoint: 21500 ns, Total: 131400 ns
[4.675s][info ][safepoint      ] Safepoint "ICBufferFull", Time since last: 45900 ns, Reaching safepoint: 495501 ns, At safepoint: 23100 ns, Total: 518601 ns
[4.675s][info ][safepoint      ] Safepoint "ICBufferFull", Time since last: 42300 ns, Reaching safepoint: 79000 ns, At safepoint: 21800 ns, Total: 100800 ns
[4.675s][info ][safepoint      ] Safepoint "ICBufferFull", Time since last: 47000 ns, Reaching safepoint: 79300 ns, At safepoint: 17300 ns, Total: 96600 ns
[4.676s][info ][safepoint      ] Safepoint "ICBufferFull", Time since last: 44200 ns, Reaching safepoint: 79700 ns, At safepoint: 14800 ns, Total: 94500 ns
[4.676s][info ][safepoint      ] Safepoint "ICBufferFull", Time since last: 142800 ns, Reaching safepoint: 85000 ns, At safepoint: 20200 ns, Total: 105200 ns
[4.707s][info ][safepoint      ] Safepoint "ICBufferFull", Time since last: 28185935 ns, Reaching safepoint: 3185804 ns, At safepoint: 28100 ns, Total: 3213904 ns
[4.708s][info ][safepoint      ] Safepoint "ICBufferFull", Time since last: 723101 ns, Reaching safepoint: 87800 ns, At safepoint: 25300 ns, Total: 113100 ns
[4.709s][info ][safepoint      ] Safepoint "ICBufferFull", Time since last: 662201 ns, Reaching safepoint: 86000 ns, At safepoint: 22800 ns, Total: 108800 ns
[4.710s][info ][safepoint      ] Safepoint "ICBufferFull", Time since last: 677801 ns, Reaching safepoint: 86200 ns, At safepoint: 22000 ns, Total: 108200 ns
[4.710s][info ][safepoint      ] Safepoint "ICBufferFull", Time since last: 663901 ns, Reaching safepoint: 84800 ns, At safepoint: 27700 ns, Total: 112500 ns
[4.711s][info ][safepoint      ] Safepoint "ICBufferFull", Time since last: 682201 ns, Reaching safepoint: 85200 ns, At safepoint: 24700 ns, Total: 109900 ns
[4.712s][info ][safepoint      ] Safepoint "ICBufferFull", Time since last: 662101 ns, Reaching safepoint: 86000 ns, At safepoint: 22800 ns, Total: 108800 ns
[4.713s][info ][safepoint      ] Safepoint "ICBufferFull", Time since last: 652801 ns, Reaching safepoint: 487001 ns, At safepoint: 28300 ns, Total: 515301 ns
[4.724s][info ][safepoint      ] Safepoint "ICBufferFull", Time since last: 9638212 ns, Reaching safepoint: 1034501 ns, At safepoint: 24600 ns, Total: 1059101 ns
[4.725s][info ][safepoint      ] Safepoint "ICBufferFull", Time since last: 678901 ns, Reaching safepoint: 87400 ns, At safepoint: 23700 ns, Total: 111100 ns
[4.726s][info ][safepoint      ] Safepoint "ICBufferFull", Time since last: 744801 ns, Reaching safepoint: 92900 ns, At safepoint: 20000 ns, Total: 112900 ns
[4.819s][info ][gc,start       ] GC(7) Pause Young (Allocation Failure)
[4.886s][debug][gc,phases      ] GC(7) Scavenge 67.546ms
[4.886s][debug][gc,ref         ] GC(7) Skipped phase 1 of Reference Processing: no references
[4.886s][debug][gc,ref         ] GC(7) ReferenceProcessor::execute queues: 4, RefProcThreadModel::Multi, marks_oops_alive: false
[4.886s][debug][gc,ref         ] GC(7) Skipped phase 3 of Reference Processing: no references
[4.886s][debug][gc,ref         ] GC(7) ReferenceProcessor::execute queues: 1, RefProcThreadModel::Single, marks_oops_alive: false
[4.886s][debug][gc,phases      ] GC(7) Reference Processing 0.242ms
[4.887s][debug][gc,phases      ] GC(7)   VM Weak                        Min:  0.0, Avg:  0.0, Max:  0.0, Diff:  0.0, Sum:  0.0, Workers: 4
[4.887s][debug][gc,phases      ] GC(7)     Dead                           Min: 0, Avg:  0.0, Max: 0, Diff: 0, Sum: 0, Workers: 4
[4.887s][debug][gc,phases      ] GC(7)     Total                          Min: 0, Avg: 112.5, Max: 322, Diff: 322, Sum: 450, Workers: 4
[4.887s][debug][gc,phases      ] GC(7)   ObjectSynchronizer Weak        Min:  0.0, Avg:  0.0, Max:  0.0, Diff:  0.0, Sum:  0.0, Workers: 4
[4.887s][debug][gc,phases      ] GC(7)     Dead                           Min: 0, Avg:  0.5, Max: 2, Diff: 2, Sum: 2, Workers: 4
[4.887s][debug][gc,phases      ] GC(7)     Total                          Min: 0, Avg: 85.2, Max: 192, Diff: 192, Sum: 341, Workers: 4
[4.887s][debug][gc,phases      ] GC(7)   JVMTI Tag Weak OopStorage      Min:  0.0, Avg:  0.0, Max:  0.0, Diff:  0.0, Sum:  0.0, Workers: 4
[4.887s][debug][gc,phases      ] GC(7)     Dead                           Min: 0, Avg:  0.0, Max: 0, Diff: 0, Sum: 0, Workers: 4
[4.887s][debug][gc,phases      ] GC(7)     Total                          Min: 0, Avg:  0.0, Max: 0, Diff: 0, Sum: 0, Workers: 4
[4.887s][debug][gc,phases      ] GC(7)   StringTable Weak               Min:  0.2, Avg:  0.2, Max:  0.2, Diff:  0.0, Sum:  0.8, Workers: 4
[4.887s][debug][gc,phases      ] GC(7)     Dead                           Min: 0, Avg:  3.8, Max: 12, Diff: 12, Sum: 15, Workers: 4
[4.887s][debug][gc,phases      ] GC(7)     Total                          Min: 8832, Avg: 9618.8, Max: 10699, Diff: 1867, Sum: 38475, Workers: 4
[4.887s][debug][gc,phases      ] GC(7)   ResolvedMethodTable Weak       Min:  0.0, Avg:  0.0, Max:  0.0, Diff:  0.0, Sum:  0.1, Workers: 4
[4.887s][debug][gc,phases      ] GC(7)     Dead                           Min: 0, Avg:  3.5, Max: 14, Diff: 14, Sum: 14, Workers: 4
[4.887s][debug][gc,phases      ] GC(7)     Total                          Min: 960, Avg: 1249.8, Max: 1479, Diff: 519, Sum: 4999, Workers: 4
[4.887s][debug][gc,phases      ] GC(7)   JNI Weak                       Min:  0.0, Avg:  0.0, Max:  0.0, Diff:  0.0, Sum:  0.0, Workers: 4
[4.887s][debug][gc,phases      ] GC(7)     Dead                           Min: 0, Avg:  0.0, Max: 0, Diff: 0, Sum: 0, Workers: 4
[4.887s][debug][gc,phases      ] GC(7)     Total                          Min: 0, Avg:  0.2, Max: 1, Diff: 1, Sum: 1, Workers: 4
[4.887s][debug][gc,phases      ] GC(7)   StringDedup Table Weak         Min:  0.0, Avg:  0.0, Max:  0.0, Diff:  0.0, Sum:  0.0, Workers: 4
[4.887s][debug][gc,phases      ] GC(7)     Dead                           Min: 0, Avg:  0.0, Max: 0, Diff: 0, Sum: 0, Workers: 4
[4.887s][debug][gc,phases      ] GC(7)     Total                          Min: 0, Avg:  0.0, Max: 0, Diff: 0, Sum: 0, Workers: 4
[4.887s][debug][gc,phases      ] GC(7)   StringDedup Requests0 Weak     Min:  0.0, Avg:  0.0, Max:  0.0, Diff:  0.0, Sum:  0.0, Workers: 4
[4.887s][debug][gc,phases      ] GC(7)     Dead                           Min: 0, Avg:  0.0, Max: 0, Diff: 0, Sum: 0, Workers: 4
[4.887s][debug][gc,phases      ] GC(7)     Total                          Min: 0, Avg:  0.0, Max: 0, Diff: 0, Sum: 0, Workers: 4
[4.887s][debug][gc,phases      ] GC(7)   StringDedup Requests1 Weak     Min:  0.0, Avg:  0.0, Max:  0.0, Diff:  0.0, Sum:  0.0, Workers: 4
[4.887s][debug][gc,phases      ] GC(7)     Dead                           Min: 0, Avg:  0.0, Max: 0, Diff: 0, Sum: 0, Workers: 4
[4.887s][debug][gc,phases      ] GC(7)     Total                          Min: 0, Avg:  0.0, Max: 0, Diff: 0, Sum: 0, Workers: 4
[4.887s][debug][gc,phases      ] GC(7)   Weak JFR Old Object Samples    Min:  0.0, Avg:  0.0, Max:  0.0, Diff:  0.0, Sum:  0.0, Workers: 4
[4.887s][debug][gc,phases      ] GC(7)     Dead                           Min: 0, Avg:  0.0, Max: 0, Diff: 0, Sum: 0, Workers: 4
[4.887s][debug][gc,phases      ] GC(7)     Total                          Min: 0, Avg:  0.0, Max: 0, Diff: 0, Sum: 0, Workers: 4
[4.887s][debug][gc,phases      ] GC(7) Weak Processing 0.366ms
[4.887s][debug][gc,age         ] GC(7) Desired survivor size 278396928 bytes, new threshold 5 (max threshold 15)
[4.887s][info ][gc,heap        ] GC(7) PSYoungGen: 1229530K(1572864K)->181732K(1814528K) Eden: 1048576K(1048576K)->0K(1553408K) From: 180954K(524288K)->181732K(261120K)
[4.887s][info ][gc,heap        ] GC(7) ParOldGen: 5621K(6144K)->5629K(6144K)
[4.887s][info ][gc,metaspace   ] GC(7) Metaspace: 54571K(55168K)->54571K(55168K) NonClass: 46513K(46848K)->46513K(46848K) Class: 8058K(8320K)->8058K(8320K)
[4.887s][info ][gc             ] GC(7) Pause Young (Allocation Failure) 1206M->182M(1778M) 68.271ms
[4.887s][info ][gc,cpu         ] GC(7) User=0.19s Sys=0.08s Real=0.07s
[4.887s][info ][safepoint      ] Safepoint "ParallelGCFailedAllocation", Time since last: 88801910 ns, Reaching safepoint: 4220505 ns, At safepoint: 68367885 ns, Total: 72588390 ns
[5.198s][info ][gc,start       ] GC(8) Pause Young (Allocation Failure)
[5.266s][debug][gc,phases      ] GC(8) Scavenge 68.306ms
[5.266s][debug][gc,ref         ] GC(8) Skipped phase 1 of Reference Processing: no references
[5.266s][debug][gc,ref         ] GC(8) ReferenceProcessor::execute queues: 3, RefProcThreadModel::Multi, marks_oops_alive: false
[5.266s][debug][gc,ref         ] GC(8) Skipped phase 3 of Reference Processing: no references
[5.266s][debug][gc,ref         ] GC(8) ReferenceProcessor::execute queues: 1, RefProcThreadModel::Single, marks_oops_alive: false
[5.266s][debug][gc,phases      ] GC(8) Reference Processing 0.227ms
[5.267s][debug][gc,phases      ] GC(8)   VM Weak                        Min:  0.0, Avg:  0.0, Max:  0.0, Diff:  0.0, Sum:  0.0, Workers: 4
[5.267s][debug][gc,phases      ] GC(8)     Dead                           Min: 0, Avg:  0.0, Max: 0, Diff: 0, Sum: 0, Workers: 4
[5.267s][debug][gc,phases      ] GC(8)     Total                          Min: 0, Avg: 112.8, Max: 259, Diff: 259, Sum: 451, Workers: 4
[5.267s][debug][gc,phases      ] GC(8)   ObjectSynchronizer Weak        Min:  0.0, Avg:  0.0, Max:  0.0, Diff:  0.0, Sum:  0.0, Workers: 4
[5.267s][debug][gc,phases      ] GC(8)     Dead                           Min: 0, Avg:  0.2, Max: 1, Diff: 1, Sum: 1, Workers: 4
[5.267s][debug][gc,phases      ] GC(8)     Total                          Min: 0, Avg: 85.2, Max: 256, Diff: 256, Sum: 341, Workers: 4
[5.267s][debug][gc,phases      ] GC(8)   JVMTI Tag Weak OopStorage      Min:  0.0, Avg:  0.0, Max:  0.0, Diff:  0.0, Sum:  0.0, Workers: 4
[5.267s][debug][gc,phases      ] GC(8)     Dead                           Min: 0, Avg:  0.0, Max: 0, Diff: 0, Sum: 0, Workers: 4
[5.267s][debug][gc,phases      ] GC(8)     Total                          Min: 0, Avg:  0.0, Max: 0, Diff: 0, Sum: 0, Workers: 4
[5.267s][debug][gc,phases      ] GC(8)   StringTable Weak               Min:  0.2, Avg:  0.2, Max:  0.2, Diff:  0.0, Sum:  0.8, Workers: 4
[5.267s][debug][gc,phases      ] GC(8)     Dead                           Min: 0, Avg:  0.2, Max: 1, Diff: 1, Sum: 1, Workers: 4
[5.267s][debug][gc,phases      ] GC(8)     Total                          Min: 7040, Avg: 9621.5, Max: 10944, Diff: 3904, Sum: 38486, Workers: 4
[5.267s][debug][gc,phases      ] GC(8)   ResolvedMethodTable Weak       Min:  0.0, Avg:  0.0, Max:  0.0, Diff:  0.0, Sum:  0.1, Workers: 4
[5.267s][debug][gc,phases      ] GC(8)     Dead                           Min: 0, Avg:  0.0, Max: 0, Diff: 0, Sum: 0, Workers: 4
[5.267s][debug][gc,phases      ] GC(8)     Total                          Min: 704, Avg: 1251.2, Max: 1485, Diff: 781, Sum: 5005, Workers: 4
[5.267s][debug][gc,phases      ] GC(8)   JNI Weak                       Min:  0.0, Avg:  0.0, Max:  0.0, Diff:  0.0, Sum:  0.0, Workers: 4
[5.267s][debug][gc,phases      ] GC(8)     Dead                           Min: 0, Avg:  0.0, Max: 0, Diff: 0, Sum: 0, Workers: 4
[5.267s][debug][gc,phases      ] GC(8)     Total                          Min: 0, Avg:  0.0, Max: 0, Diff: 0, Sum: 0, Workers: 4
[5.267s][debug][gc,phases      ] GC(8)   StringDedup Table Weak         Min:  0.0, Avg:  0.0, Max:  0.0, Diff:  0.0, Sum:  0.0, Workers: 4
[5.267s][debug][gc,phases      ] GC(8)     Dead                           Min: 0, Avg:  0.0, Max: 0, Diff: 0, Sum: 0, Workers: 4
[5.267s][debug][gc,phases      ] GC(8)     Total                          Min: 0, Avg:  0.0, Max: 0, Diff: 0, Sum: 0, Workers: 4
[5.267s][debug][gc,phases      ] GC(8)   StringDedup Requests0 Weak     Min:  0.0, Avg:  0.0, Max:  0.0, Diff:  0.0, Sum:  0.0, Workers: 4
[5.267s][debug][gc,phases      ] GC(8)     Dead                           Min: 0, Avg:  0.0, Max: 0, Diff: 0, Sum: 0, Workers: 4
[5.267s][debug][gc,phases      ] GC(8)     Total                          Min: 0, Avg:  0.0, Max: 0, Diff: 0, Sum: 0, Workers: 4
[5.267s][debug][gc,phases      ] GC(8)   StringDedup Requests1 Weak     Min:  0.0, Avg:  0.0, Max:  0.0, Diff:  0.0, Sum:  0.0, Workers: 4
[5.267s][debug][gc,phases      ] GC(8)     Dead                           Min: 0, Avg:  0.0, Max: 0, Diff: 0, Sum: 0, Workers: 4
[5.267s][debug][gc,phases      ] GC(8)     Total                          Min: 0, Avg:  0.0, Max: 0, Diff: 0, Sum: 0, Workers: 4
[5.267s][debug][gc,phases      ] GC(8)   Weak JFR Old Object Samples    Min:  0.0, Avg:  0.0, Max:  0.0, Diff:  0.0, Sum:  0.0, Workers: 4
[5.267s][debug][gc,phases      ] GC(8)     Dead                           Min: 0, Avg:  0.0, Max: 0, Diff: 0, Sum: 0, Workers: 4
[5.267s][debug][gc,phases      ] GC(8)     Total                          Min: 0, Avg:  0.0, Max: 0, Diff: 0, Sum: 0, Workers: 4
[5.267s][debug][gc,phases      ] GC(8) Weak Processing 0.374ms
[5.267s][debug][gc,age         ] GC(8) Desired survivor size 259522560 bytes, new threshold 4 (max threshold 15)
[5.267s][info ][gc,heap        ] GC(8) PSYoungGen: 1735140K(1814528K)->127622K(1825280K) Eden: 1553408K(1553408K)->0K(1553408K) From: 181732K(261120K)->127622K(271872K)
[5.267s][info ][gc,heap        ] GC(8) ParOldGen: 5629K(6144K)->61906K(61952K)
[5.267s][info ][gc,metaspace   ] GC(8) Metaspace: 54591K(55168K)->54591K(55168K) NonClass: 46531K(46848K)->46531K(46848K) Class: 8059K(8320K)->8059K(8320K)
[5.267s][info ][gc             ] GC(8) Pause Young (Allocation Failure) 1699M->185M(1843M) 69.028ms
[5.267s][info ][gc,cpu         ] GC(8) User=0.26s Sys=0.02s Real=0.07s
[5.267s][debug][gc,phases      ] GC(9) Pre Compact 0.009ms
[5.267s][info ][gc,start       ] GC(9) Pause Full (Ergonomics)
[5.267s][info ][gc,phases,start] GC(9) Marking Phase
[5.334s][debug][gc,phases      ] GC(9) Par Mark 67.689ms
[5.335s][debug][gc,ref         ] GC(9) Skipped phase 1 of Reference Processing: no references
[5.335s][debug][gc,ref         ] GC(9) ReferenceProcessor::execute queues: 4, RefProcThreadModel::Multi, marks_oops_alive: false
[5.335s][debug][gc,ref         ] GC(9) Skipped phase 3 of Reference Processing: no references
[5.335s][debug][gc,ref         ] GC(9) ReferenceProcessor::execute queues: 1, RefProcThreadModel::Single, marks_oops_alive: false
[5.335s][debug][gc,phases      ] GC(9) Reference Processing 0.318ms
[5.335s][debug][gc,phases      ] GC(9)   VM Weak                        Min:  0.0, Avg:  0.0, Max:  0.0, Diff:  0.0, Sum:  0.0, Workers: 4
[5.335s][debug][gc,phases      ] GC(9)     Dead                           Min: 0, Avg:  2.5, Max: 5, Diff: 5, Sum: 10, Workers: 4
[5.335s][debug][gc,phases      ] GC(9)     Total                          Min: 0, Avg: 112.8, Max: 259, Diff: 259, Sum: 451, Workers: 4
[5.335s][debug][gc,phases      ] GC(9)   ObjectSynchronizer Weak        Min:  0.0, Avg:  0.0, Max:  0.0, Diff:  0.0, Sum:  0.0, Workers: 4
[5.335s][debug][gc,phases      ] GC(9)     Dead                           Min: 0, Avg:  0.0, Max: 0, Diff: 0, Sum: 0, Workers: 4
[5.335s][debug][gc,phases      ] GC(9)     Total                          Min: 0, Avg: 85.2, Max: 149, Diff: 149, Sum: 341, Workers: 4
[5.335s][debug][gc,phases      ] GC(9)   JVMTI Tag Weak OopStorage      Min:  0.0, Avg:  0.0, Max:  0.0, Diff:  0.0, Sum:  0.0, Workers: 4
[5.335s][debug][gc,phases      ] GC(9)     Dead                           Min: 0, Avg:  0.0, Max: 0, Diff: 0, Sum: 0, Workers: 4
[5.335s][debug][gc,phases      ] GC(9)     Total                          Min: 0, Avg:  0.0, Max: 0, Diff: 0, Sum: 0, Workers: 4
[5.335s][debug][gc,phases      ] GC(9)   StringTable Weak               Min:  0.1, Avg:  0.1, Max:  0.1, Diff:  0.0, Sum:  0.5, Workers: 4
[5.335s][debug][gc,phases      ] GC(9)     Dead                           Min: 0, Avg:  0.0, Max: 0, Diff: 0, Sum: 0, Workers: 4
[5.335s][debug][gc,phases      ] GC(9)     Total                          Min: 7936, Avg: 9621.5, Max: 10391, Diff: 2455, Sum: 38486, Workers: 4
[5.335s][debug][gc,phases      ] GC(9)   ResolvedMethodTable Weak       Min:  0.0, Avg:  0.0, Max:  0.0, Diff:  0.0, Sum:  0.1, Workers: 4
[5.335s][debug][gc,phases      ] GC(9)     Dead                           Min: 0, Avg:  2.5, Max: 10, Diff: 10, Sum: 10, Workers: 4
[5.335s][debug][gc,phases      ] GC(9)     Total                          Min: 1088, Avg: 1251.2, Max: 1344, Diff: 256, Sum: 5005, Workers: 4
[5.335s][debug][gc,phases      ] GC(9)   JNI Weak                       Min:  0.0, Avg:  0.0, Max:  0.0, Diff:  0.0, Sum:  0.0, Workers: 4
[5.335s][debug][gc,phases      ] GC(9)     Dead                           Min: 0, Avg:  0.0, Max: 0, Diff: 0, Sum: 0, Workers: 4
[5.335s][debug][gc,phases      ] GC(9)     Total                          Min: 0, Avg:  0.0, Max: 0, Diff: 0, Sum: 0, Workers: 4
[5.335s][debug][gc,phases      ] GC(9)   StringDedup Table Weak         Min:  0.0, Avg:  0.0, Max:  0.0, Diff:  0.0, Sum:  0.0, Workers: 4
[5.335s][debug][gc,phases      ] GC(9)     Dead                           Min: 0, Avg:  0.0, Max: 0, Diff: 0, Sum: 0, Workers: 4
[5.335s][debug][gc,phases      ] GC(9)     Total                          Min: 0, Avg:  0.0, Max: 0, Diff: 0, Sum: 0, Workers: 4
[5.335s][debug][gc,phases      ] GC(9)   StringDedup Requests0 Weak     Min:  0.0, Avg:  0.0, Max:  0.0, Diff:  0.0, Sum:  0.0, Workers: 4
[5.335s][debug][gc,phases      ] GC(9)     Dead                           Min: 0, Avg:  0.0, Max: 0, Diff: 0, Sum: 0, Workers: 4
[5.335s][debug][gc,phases      ] GC(9)     Total                          Min: 0, Avg:  0.0, Max: 0, Diff: 0, Sum: 0, Workers: 4
[5.335s][debug][gc,phases      ] GC(9)   StringDedup Requests1 Weak     Min:  0.0, Avg:  0.0, Max:  0.0, Diff:  0.0, Sum:  0.0, Workers: 4
[5.335s][debug][gc,phases      ] GC(9)     Dead                           Min: 0, Avg:  0.0, Max: 0, Diff: 0, Sum: 0, Workers: 4
[5.335s][debug][gc,phases      ] GC(9)     Total                          Min: 0, Avg:  0.0, Max: 0, Diff: 0, Sum: 0, Workers: 4
[5.335s][debug][gc,phases      ] GC(9)   Weak JFR Old Object Samples    Min:  0.0, Avg:  0.0, Max:  0.0, Diff:  0.0, Sum:  0.0, Workers: 4
[5.335s][debug][gc,phases      ] GC(9)     Dead                           Min: 0, Avg:  0.0, Max: 0, Diff: 0, Sum: 0, Workers: 4
[5.335s][debug][gc,phases      ] GC(9)     Total                          Min: 0, Avg:  0.0, Max: 0, Diff: 0, Sum: 0, Workers: 4
[5.335s][debug][gc,phases      ] GC(9) Weak Processing 0.295ms
[5.335s][debug][gc,phases      ] GC(9) ClassLoaderData 0.158ms
[5.335s][debug][gc,phases      ] GC(9) Trigger cleanups 0.007ms
[5.344s][debug][gc,phases      ] GC(9) Class Unloading 8.736ms
[5.344s][info ][gc,phases      ] GC(9) Marking Phase 77.155ms
[5.344s][info ][gc,phases,start] GC(9) Summary Phase
[5.344s][info ][gc,phases      ] GC(9) Summary Phase 0.006ms
[5.344s][info ][gc,phases,start] GC(9) Adjust Roots
[5.351s][info ][gc,phases      ] GC(9) Adjust Roots 7.604ms
[5.352s][info ][gc,phases,start] GC(9) Compaction Phase
[6.043s][info ][gc,phases      ] GC(9) Compaction Phase 691.775ms
[6.043s][info ][gc,phases,start] GC(9) Post Compact
[6.044s][info ][gc,phases      ] GC(9) Post Compact 0.834ms
[6.044s][info ][gc,heap        ] GC(9) PSYoungGen: 127622K(1825280K)->127440K(1825280K) Eden: 0K(1553408K)->0K(1553408K) From: 127622K(271872K)->127440K(271872K)
[6.044s][info ][gc,heap        ] GC(9) ParOldGen: 61906K(61952K)->61617K(100352K)
[6.044s][info ][gc,metaspace   ] GC(9) Metaspace: 54591K(55168K)->54573K(55168K) NonClass: 46531K(46848K)->46518K(46848K) Class: 8059K(8320K)->8054K(8320K)
[6.044s][info ][gc             ] GC(9) Pause Full (Ergonomics) 185M->184M(1880M) 777.538ms
[6.044s][info ][gc,cpu         ] GC(9) User=1.81s Sys=0.01s Real=0.78s
[6.044s][info ][safepoint      ] Safepoint "ParallelGCFailedAllocation", Time since last: 310560485 ns, Reaching safepoint: 144700 ns, At safepoint: 846704650 ns, Total: 846849350 ns
[6.366s][info ][gc,start       ] GC(10) Pause Young (Allocation Failure)
[6.455s][debug][gc,phases      ] GC(10) Scavenge 88.862ms
[6.455s][debug][gc,ref         ] GC(10) Skipped phase 1 of Reference Processing: no references
[6.455s][debug][gc,ref         ] GC(10) ReferenceProcessor::execute queues: 1, RefProcThreadModel::Single, marks_oops_alive: false
[6.455s][debug][gc,ref         ] GC(10) Skipped phase 3 of Reference Processing: no references
[6.455s][debug][gc,ref         ] GC(10) ReferenceProcessor::execute queues: 1, RefProcThreadModel::Single, marks_oops_alive: false
[6.455s][debug][gc,phases      ] GC(10) Reference Processing 0.176ms
[6.455s][debug][gc,phases      ] GC(10)   VM Weak                        Min:  0.0, Avg:  0.0, Max:  0.0, Diff:  0.0, Sum:  0.0, Workers: 4
[6.455s][debug][gc,phases      ] GC(10)     Dead                           Min: 0, Avg:  0.0, Max: 0, Diff: 0, Sum: 0, Workers: 4
[6.455s][debug][gc,phases      ] GC(10)     Total                          Min: 0, Avg: 127.8, Max: 384, Diff: 384, Sum: 511, Workers: 4
[6.455s][debug][gc,phases      ] GC(10)   ObjectSynchronizer Weak        Min:  0.0, Avg:  0.0, Max:  0.0, Diff:  0.0, Sum:  0.0, Workers: 4
[6.455s][debug][gc,phases      ] GC(10)     Dead                           Min: 0, Avg:  0.2, Max: 1, Diff: 1, Sum: 1, Workers: 4
[6.455s][debug][gc,phases      ] GC(10)     Total                          Min: 0, Avg: 85.2, Max: 149, Diff: 149, Sum: 341, Workers: 4
[6.455s][debug][gc,phases      ] GC(10)   JVMTI Tag Weak OopStorage      Min:  0.0, Avg:  0.0, Max:  0.0, Diff:  0.0, Sum:  0.0, Workers: 4
[6.455s][debug][gc,phases      ] GC(10)     Dead                           Min: 0, Avg:  0.0, Max: 0, Diff: 0, Sum: 0, Workers: 4
[6.455s][debug][gc,phases      ] GC(10)     Total                          Min: 0, Avg:  0.0, Max: 0, Diff: 0, Sum: 0, Workers: 4
[6.455s][debug][gc,phases      ] GC(10)   StringTable Weak               Min:  0.1, Avg:  0.1, Max:  0.1, Diff:  0.0, Sum:  0.5, Workers: 4
[6.455s][debug][gc,phases      ] GC(10)     Dead                           Min: 0, Avg:  4.2, Max: 13, Diff: 13, Sum: 17, Workers: 4
[6.455s][debug][gc,phases      ] GC(10)     Total                          Min: 7702, Avg: 9765.5, Max: 10880, Diff: 3178, Sum: 39062, Workers: 4
[6.455s][debug][gc,phases      ] GC(10)   ResolvedMethodTable Weak       Min:  0.0, Avg:  0.0, Max:  0.0, Diff:  0.0, Sum:  0.1, Workers: 4
[6.455s][debug][gc,phases      ] GC(10)     Dead                           Min: 0, Avg:  8.2, Max: 24, Diff: 24, Sum: 33, Workers: 4
[6.455s][debug][gc,phases      ] GC(10)     Total                          Min: 832, Avg: 1409.0, Max: 1664, Diff: 832, Sum: 5636, Workers: 4
[6.455s][debug][gc,phases      ] GC(10)   JNI Weak                       Min:  0.0, Avg:  0.0, Max:  0.0, Diff:  0.0, Sum:  0.0, Workers: 4
[6.455s][debug][gc,phases      ] GC(10)     Dead                           Min: 0, Avg:  0.0, Max: 0, Diff: 0, Sum: 0, Workers: 4
[6.455s][debug][gc,phases      ] GC(10)     Total                          Min: 0, Avg:  0.0, Max: 0, Diff: 0, Sum: 0, Workers: 4
[6.455s][debug][gc,phases      ] GC(10)   StringDedup Table Weak         Min:  0.0, Avg:  0.0, Max:  0.0, Diff:  0.0, Sum:  0.0, Workers: 4
[6.455s][debug][gc,phases      ] GC(10)     Dead                           Min: 0, Avg:  0.0, Max: 0, Diff: 0, Sum: 0, Workers: 4
[6.455s][debug][gc,phases      ] GC(10)     Total                          Min: 0, Avg:  0.0, Max: 0, Diff: 0, Sum: 0, Workers: 4
[6.455s][debug][gc,phases      ] GC(10)   StringDedup Requests0 Weak     Min:  0.0, Avg:  0.0, Max:  0.0, Diff:  0.0, Sum:  0.0, Workers: 4
[6.455s][debug][gc,phases      ] GC(10)     Dead                           Min: 0, Avg:  0.0, Max: 0, Diff: 0, Sum: 0, Workers: 4
[6.455s][debug][gc,phases      ] GC(10)     Total                          Min: 0, Avg:  0.0, Max: 0, Diff: 0, Sum: 0, Workers: 4
[6.455s][debug][gc,phases      ] GC(10)   StringDedup Requests1 Weak     Min:  0.0, Avg:  0.0, Max:  0.0, Diff:  0.0, Sum:  0.0, Workers: 4
[6.455s][debug][gc,phases      ] GC(10)     Dead                           Min: 0, Avg:  0.0, Max: 0, Diff: 0, Sum: 0, Workers: 4
[6.455s][debug][gc,phases      ] GC(10)     Total                          Min: 0, Avg:  0.0, Max: 0, Diff: 0, Sum: 0, Workers: 4
[6.455s][debug][gc,phases      ] GC(10)   Weak JFR Old Object Samples    Min:  0.0, Avg:  0.0, Max:  0.0, Diff:  0.0, Sum:  0.0, Workers: 4
[6.455s][debug][gc,phases      ] GC(10)     Dead                           Min: 0, Avg:  0.0, Max: 0, Diff: 0, Sum: 0, Workers: 4
[6.455s][debug][gc,phases      ] GC(10)     Total                          Min: 0, Avg:  0.0, Max: 0, Diff: 0, Sum: 0, Workers: 4
[6.455s][debug][gc,phases      ] GC(10) Weak Processing 0.317ms
[6.455s][debug][gc,age         ] GC(10) Desired survivor size 268959744 bytes, new threshold 5 (max threshold 15)
[6.455s][info ][gc,heap        ] GC(10) PSYoungGen: 1680848K(1825280K)->11409K(1825280K) Eden: 1553408K(1553408K)->0K(1571840K) From: 127440K(271872K)->11409K(253440K)
[6.455s][info ][gc,heap        ] GC(10) ParOldGen: 61617K(100352K)->180545K(180736K)
[6.455s][info ][gc,metaspace   ] GC(10) Metaspace: 56405K(57152K)->56405K(57152K) NonClass: 47984K(48384K)->47984K(48384K) Class: 8420K(8768K)->8420K(8768K)
[6.455s][info ][gc             ] GC(10) Pause Young (Allocation Failure) 1701M->187M(1959M) 89.466ms
[6.455s][info ][gc,cpu         ] GC(10) User=0.30s Sys=0.06s Real=0.09s
[6.455s][debug][gc,phases      ] GC(11) Pre Compact 0.008ms
[6.455s][info ][gc,start       ] GC(11) Pause Full (Ergonomics)
[6.455s][info ][gc,phases,start] GC(11) Marking Phase
[6.524s][debug][gc,phases      ] GC(11) Par Mark 68.952ms
[6.524s][debug][gc,ref         ] GC(11) Skipped phase 1 of Reference Processing: no references
[6.524s][debug][gc,ref         ] GC(11) ReferenceProcessor::execute queues: 1, RefProcThreadModel::Single, marks_oops_alive: false
[6.524s][debug][gc,ref         ] GC(11) Skipped phase 3 of Reference Processing: no references
[6.524s][debug][gc,ref         ] GC(11) ReferenceProcessor::execute queues: 1, RefProcThreadModel::Single, marks_oops_alive: false
[6.524s][debug][gc,phases      ] GC(11) Reference Processing 0.146ms
[6.525s][debug][gc,phases      ] GC(11)   VM Weak                        Min:  0.0, Avg:  0.0, Max:  0.0, Diff:  0.0, Sum:  0.0, Workers: 4
[6.525s][debug][gc,phases      ] GC(11)     Dead                           Min: 0, Avg:  0.0, Max: 0, Diff: 0, Sum: 0, Workers: 4
[6.525s][debug][gc,phases      ] GC(11)     Total                          Min: 0, Avg: 127.8, Max: 383, Diff: 383, Sum: 511, Workers: 4
[6.525s][debug][gc,phases      ] GC(11)   ObjectSynchronizer Weak        Min:  0.0, Avg:  0.0, Max:  0.0, Diff:  0.0, Sum:  0.0, Workers: 4
[6.525s][debug][gc,phases      ] GC(11)     Dead                           Min: 0, Avg:  0.0, Max: 0, Diff: 0, Sum: 0, Workers: 4
[6.525s][debug][gc,phases      ] GC(11)     Total                          Min: 0, Avg: 85.2, Max: 128, Diff: 128, Sum: 341, Workers: 4
[6.525s][debug][gc,phases      ] GC(11)   JVMTI Tag Weak OopStorage      Min:  0.0, Avg:  0.0, Max:  0.0, Diff:  0.0, Sum:  0.0, Workers: 4
[6.525s][debug][gc,phases      ] GC(11)     Dead                           Min: 0, Avg:  0.0, Max: 0, Diff: 0, Sum: 0, Workers: 4
[6.525s][debug][gc,phases      ] GC(11)     Total                          Min: 0, Avg:  0.0, Max: 0, Diff: 0, Sum: 0, Workers: 4
[6.525s][debug][gc,phases      ] GC(11)   StringTable Weak               Min:  0.1, Avg:  0.1, Max:  0.1, Diff:  0.0, Sum:  0.5, Workers: 4
[6.525s][debug][gc,phases      ] GC(11)     Dead                           Min: 0, Avg:  0.0, Max: 0, Diff: 0, Sum: 0, Workers: 4
[6.525s][debug][gc,phases      ] GC(11)     Total                          Min: 8768, Avg: 9765.5, Max: 10304, Diff: 1536, Sum: 39062, Workers: 4
[6.525s][debug][gc,phases      ] GC(11)   ResolvedMethodTable Weak       Min:  0.0, Avg:  0.0, Max:  0.0, Diff:  0.0, Sum:  0.1, Workers: 4
[6.525s][debug][gc,phases      ] GC(11)     Dead                           Min: 0, Avg:  0.0, Max: 0, Diff: 0, Sum: 0, Workers: 4
[6.525s][debug][gc,phases      ] GC(11)     Total                          Min: 1348, Avg: 1409.0, Max: 1472, Diff: 124, Sum: 5636, Workers: 4
[6.525s][debug][gc,phases      ] GC(11)   JNI Weak                       Min:  0.0, Avg:  0.0, Max:  0.0, Diff:  0.0, Sum:  0.0, Workers: 4
[6.525s][debug][gc,phases      ] GC(11)     Dead                           Min: 0, Avg:  0.0, Max: 0, Diff: 0, Sum: 0, Workers: 4
[6.525s][debug][gc,phases      ] GC(11)     Total                          Min: 0, Avg:  0.0, Max: 0, Diff: 0, Sum: 0, Workers: 4
[6.525s][debug][gc,phases      ] GC(11)   StringDedup Table Weak         Min:  0.0, Avg:  0.0, Max:  0.0, Diff:  0.0, Sum:  0.0, Workers: 4
[6.525s][debug][gc,phases      ] GC(11)     Dead                           Min: 0, Avg:  0.0, Max: 0, Diff: 0, Sum: 0, Workers: 4
[6.525s][debug][gc,phases      ] GC(11)     Total                          Min: 0, Avg:  0.0, Max: 0, Diff: 0, Sum: 0, Workers: 4
[6.525s][debug][gc,phases      ] GC(11)   StringDedup Requests0 Weak     Min:  0.0, Avg:  0.0, Max:  0.0, Diff:  0.0, Sum:  0.0, Workers: 4
[6.525s][debug][gc,phases      ] GC(11)     Dead                           Min: 0, Avg:  0.0, Max: 0, Diff: 0, Sum: 0, Workers: 4
[6.525s][debug][gc,phases      ] GC(11)     Total                          Min: 0, Avg:  0.0, Max: 0, Diff: 0, Sum: 0, Workers: 4
[6.525s][debug][gc,phases      ] GC(11)   StringDedup Requests1 Weak     Min:  0.0, Avg:  0.0, Max:  0.0, Diff:  0.0, Sum:  0.0, Workers: 4
[6.525s][debug][gc,phases      ] GC(11)     Dead                           Min: 0, Avg:  0.0, Max: 0, Diff: 0, Sum: 0, Workers: 4
[6.525s][debug][gc,phases      ] GC(11)     Total                          Min: 0, Avg:  0.0, Max: 0, Diff: 0, Sum: 0, Workers: 4
[6.525s][debug][gc,phases      ] GC(11)   Weak JFR Old Object Samples    Min:  0.0, Avg:  0.0, Max:  0.0, Diff:  0.0, Sum:  0.0, Workers: 4
[6.525s][debug][gc,phases      ] GC(11)     Dead                           Min: 0, Avg:  0.0, Max: 0, Diff: 0, Sum: 0, Workers: 4
[6.525s][debug][gc,phases      ] GC(11)     Total                          Min: 0, Avg:  0.0, Max: 0, Diff: 0, Sum: 0, Workers: 4
[6.525s][debug][gc,phases      ] GC(11) Weak Processing 0.281ms
[6.525s][debug][gc,phases      ] GC(11) ClassLoaderData 0.063ms
[6.525s][debug][gc,phases      ] GC(11) Trigger cleanups 0.000ms
[6.530s][debug][gc,phases      ] GC(11) Class Unloading 4.989ms
[6.530s][info ][gc,phases      ] GC(11) Marking Phase 74.492ms
[6.530s][info ][gc,phases,start] GC(11) Summary Phase
[6.530s][info ][gc,phases      ] GC(11) Summary Phase 0.019ms
[6.530s][info ][gc,phases,start] GC(11) Adjust Roots
[6.535s][info ][gc,phases      ] GC(11) Adjust Roots 5.690ms
[6.535s][info ][gc,phases,start] GC(11) Compaction Phase
[6.764s][info ][gc,phases      ] GC(11) Compaction Phase 228.317ms
[6.764s][info ][gc,phases,start] GC(11) Post Compact
[6.764s][info ][gc,phases      ] GC(11) Post Compact 0.463ms
[6.764s][info ][gc,heap        ] GC(11) PSYoungGen: 11409K(1825280K)->10805K(1825280K) Eden: 0K(1571840K)->0K(1571840K) From: 11409K(253440K)->10805K(253440K)
[6.764s][info ][gc,heap        ] GC(11) ParOldGen: 180545K(180736K)->180609K(272896K)
[6.764s][info ][gc,metaspace   ] GC(11) Metaspace: 56405K(57152K)->56405K(57152K) NonClass: 47984K(48384K)->47984K(48384K) Class: 8420K(8768K)->8420K(8768K)
[6.764s][info ][gc             ] GC(11) Pause Full (Ergonomics) 187M->186M(2049M) 309.187ms
[6.764s][info ][gc,cpu         ] GC(11) User=1.03s Sys=0.00s Real=0.31s
[6.765s][info ][safepoint      ] Safepoint "ParallelGCFailedAllocation", Time since last: 320352397 ns, Reaching safepoint: 941001 ns, At safepoint: 399644596 ns, Total: 400585597 ns
[6.982s][info ][gc,start       ] GC(12) Pause Young (Allocation Failure)
[7.012s][debug][gc,phases      ] GC(12) Scavenge 30.097ms
[7.012s][debug][gc,ref         ] GC(12) Skipped phase 1 of Reference Processing: no references
[7.012s][debug][gc,ref         ] GC(12) ReferenceProcessor::execute queues: 1, RefProcThreadModel::Single, marks_oops_alive: false
[7.012s][debug][gc,ref         ] GC(12) Skipped phase 3 of Reference Processing: no references
[7.012s][debug][gc,ref         ] GC(12) ReferenceProcessor::execute queues: 1, RefProcThreadModel::Single, marks_oops_alive: false
[7.012s][debug][gc,phases      ] GC(12) Reference Processing 0.108ms
[7.012s][debug][gc,phases      ] GC(12)   VM Weak                        Min:  0.0, Avg:  0.0, Max:  0.0, Diff:  0.0, Sum:  0.0, Workers: 4
[7.012s][debug][gc,phases      ] GC(12)     Dead                           Min: 0, Avg:  0.0, Max: 0, Diff: 0, Sum: 0, Workers: 4
[7.012s][debug][gc,phases      ] GC(12)     Total                          Min: 0, Avg: 129.8, Max: 391, Diff: 391, Sum: 519, Workers: 4
[7.012s][debug][gc,phases      ] GC(12)   ObjectSynchronizer Weak        Min:  0.0, Avg:  0.0, Max:  0.0, Diff:  0.0, Sum:  0.0, Workers: 4
[7.012s][debug][gc,phases      ] GC(12)     Dead                           Min: 0, Avg:  0.0, Max: 0, Diff: 0, Sum: 0, Workers: 4
[7.012s][debug][gc,phases      ] GC(12)     Total                          Min: 0, Avg: 85.5, Max: 128, Diff: 128, Sum: 342, Workers: 4
[7.012s][debug][gc,phases      ] GC(12)   JVMTI Tag Weak OopStorage      Min:  0.0, Avg:  0.0, Max:  0.0, Diff:  0.0, Sum:  0.0, Workers: 4
[7.012s][debug][gc,phases      ] GC(12)     Dead                           Min: 0, Avg:  0.0, Max: 0, Diff: 0, Sum: 0, Workers: 4
[7.012s][debug][gc,phases      ] GC(12)     Total                          Min: 0, Avg:  0.0, Max: 0, Diff: 0, Sum: 0, Workers: 4
[7.012s][debug][gc,phases      ] GC(12)   StringTable Weak               Min:  0.0, Avg:  0.1, Max:  0.1, Diff:  0.1, Sum:  0.3, Workers: 4
[7.012s][debug][gc,phases      ] GC(12)     Dead                           Min: 0, Avg:  3.5, Max: 14, Diff: 14, Sum: 14, Workers: 4
[7.012s][debug][gc,phases      ] GC(12)     Total                          Min: 0, Avg: 9842.8, Max: 16843, Diff: 16843, Sum: 39371, Workers: 4
[7.012s][debug][gc,phases      ] GC(12)   ResolvedMethodTable Weak       Min:  0.0, Avg:  0.0, Max:  0.0, Diff:  0.0, Sum:  0.1, Workers: 4
[7.012s][debug][gc,phases      ] GC(12)     Dead                           Min: 0, Avg:  4.2, Max: 15, Diff: 15, Sum: 17, Workers: 4
[7.012s][debug][gc,phases      ] GC(12)     Total                          Min: 0, Avg: 1454.8, Max: 2815, Diff: 2815, Sum: 5819, Workers: 4
[7.012s][debug][gc,phases      ] GC(12)   JNI Weak                       Min:  0.0, Avg:  0.0, Max:  0.0, Diff:  0.0, Sum:  0.0, Workers: 4
[7.012s][debug][gc,phases      ] GC(12)     Dead                           Min: 0, Avg:  0.0, Max: 0, Diff: 0, Sum: 0, Workers: 4
[7.012s][debug][gc,phases      ] GC(12)     Total                          Min: 0, Avg:  0.0, Max: 0, Diff: 0, Sum: 0, Workers: 4
[7.012s][debug][gc,phases      ] GC(12)   StringDedup Table Weak         Min:  0.0, Avg:  0.0, Max:  0.0, Diff:  0.0, Sum:  0.0, Workers: 4
[7.012s][debug][gc,phases      ] GC(12)     Dead                           Min: 0, Avg:  0.0, Max: 0, Diff: 0, Sum: 0, Workers: 4
[7.012s][debug][gc,phases      ] GC(12)     Total                          Min: 0, Avg:  0.0, Max: 0, Diff: 0, Sum: 0, Workers: 4
[7.012s][debug][gc,phases      ] GC(12)   StringDedup Requests0 Weak     Min:  0.0, Avg:  0.0, Max:  0.0, Diff:  0.0, Sum:  0.0, Workers: 4
[7.012s][debug][gc,phases      ] GC(12)     Dead                           Min: 0, Avg:  0.0, Max: 0, Diff: 0, Sum: 0, Workers: 4
[7.012s][debug][gc,phases      ] GC(12)     Total                          Min: 0, Avg:  0.0, Max: 0, Diff: 0, Sum: 0, Workers: 4
[7.012s][debug][gc,phases      ] GC(12)   StringDedup Requests1 Weak     Min:  0.0, Avg:  0.0, Max:  0.0, Diff:  0.0, Sum:  0.0, Workers: 4
[7.012s][debug][gc,phases      ] GC(12)     Dead                           Min: 0, Avg:  0.0, Max: 0, Diff: 0, Sum: 0, Workers: 4
[7.012s][debug][gc,phases      ] GC(12)     Total                          Min: 0, Avg:  0.0, Max: 0, Diff: 0, Sum: 0, Workers: 4
[7.012s][debug][gc,phases      ] GC(12)   Weak JFR Old Object Samples    Min:  0.0, Avg:  0.0, Max:  0.0, Diff:  0.0, Sum:  0.0, Workers: 4
[7.012s][debug][gc,phases      ] GC(12)     Dead                           Min: 0, Avg:  0.0, Max: 0, Diff: 0, Sum: 0, Workers: 4
[7.012s][debug][gc,phases      ] GC(12)     Total                          Min: 0, Avg:  0.0, Max: 0, Diff: 0, Sum: 0, Workers: 4
[7.012s][debug][gc,phases      ] GC(12) Weak Processing 0.270ms
[7.012s][debug][gc,age         ] GC(12) Desired survivor size 272629760 bytes, new threshold 6 (max threshold 15)
[7.012s][info ][gc,heap        ] GC(12) PSYoungGen: 1582645K(1825280K)->11709K(1583616K) Eden: 1571840K(1571840K)->0K(1571840K) From: 10805K(253440K)->11709K(11776K)
[7.012s][info ][gc,heap        ] GC(12) ParOldGen: 180609K(272896K)->180617K(272896K)
[7.012s][info ][gc,metaspace   ] GC(12) Metaspace: 57442K(58112K)->57442K(58112K) NonClass: 48848K(49216K)->48848K(49216K) Class: 8594K(8896K)->8594K(8896K)
[7.012s][info ][gc             ] GC(12) Pause Young (Allocation Failure) 1721M->187M(1813M) 30.588ms
[7.012s][info ][gc,cpu         ] GC(12) User=0.15s Sys=0.00s Real=0.03s
[7.012s][info ][safepoint      ] Safepoint "ParallelGCFailedAllocation", Time since last: 216087568 ns, Reaching safepoint: 167200 ns, At safepoint: 30677938 ns, Total: 30845138 ns
[7.410s][info ][gc,start       ] GC(13) Pause Young (Allocation Failure)
[7.419s][debug][gc,phases      ] GC(13) Scavenge 8.665ms
[7.419s][debug][gc,ref         ] GC(13) Skipped phase 1 of Reference Processing: no references
[7.419s][debug][gc,ref         ] GC(13) ReferenceProcessor::execute queues: 1, RefProcThreadModel::Single, marks_oops_alive: false
[7.419s][debug][gc,ref         ] GC(13) Skipped phase 3 of Reference Processing: no references
[7.419s][debug][gc,ref         ] GC(13) ReferenceProcessor::execute queues: 1, RefProcThreadModel::Single, marks_oops_alive: false
[7.419s][debug][gc,phases      ] GC(13) Reference Processing 0.133ms
[7.419s][debug][gc,phases      ] GC(13)   VM Weak                        Min:  0.0, Avg:  0.0, Max:  0.0, Diff:  0.0, Sum:  0.0, Workers: 4
[7.419s][debug][gc,phases      ] GC(13)     Dead                           Min: 0, Avg:  0.0, Max: 0, Diff: 0, Sum: 0, Workers: 4
[7.419s][debug][gc,phases      ] GC(13)     Total                          Min: 0, Avg: 131.0, Max: 256, Diff: 256, Sum: 524, Workers: 4
[7.419s][debug][gc,phases      ] GC(13)   ObjectSynchronizer Weak        Min:  0.0, Avg:  0.0, Max:  0.0, Diff:  0.0, Sum:  0.0, Workers: 4
[7.419s][debug][gc,phases      ] GC(13)     Dead                           Min: 0, Avg:  0.0, Max: 0, Diff: 0, Sum: 0, Workers: 4
[7.419s][debug][gc,phases      ] GC(13)     Total                          Min: 0, Avg: 87.0, Max: 156, Diff: 156, Sum: 348, Workers: 4
[7.419s][debug][gc,phases      ] GC(13)   JVMTI Tag Weak OopStorage      Min:  0.0, Avg:  0.0, Max:  0.0, Diff:  0.0, Sum:  0.0, Workers: 4
[7.419s][debug][gc,phases      ] GC(13)     Dead                           Min: 0, Avg:  0.0, Max: 0, Diff: 0, Sum: 0, Workers: 4
[7.419s][debug][gc,phases      ] GC(13)     Total                          Min: 0, Avg:  0.0, Max: 0, Diff: 0, Sum: 0, Workers: 4
[7.419s][debug][gc,phases      ] GC(13)   StringTable Weak               Min:  0.1, Avg:  0.1, Max:  0.1, Diff:  0.0, Sum:  0.4, Workers: 4
[7.419s][debug][gc,phases      ] GC(13)     Dead                           Min: 1, Avg:  4.0, Max: 6, Diff: 5, Sum: 16, Workers: 4
[7.419s][debug][gc,phases      ] GC(13)     Total                          Min: 9792, Avg: 9944.8, Max: 10112, Diff: 320, Sum: 39779, Workers: 4
[7.419s][debug][gc,phases      ] GC(13)   ResolvedMethodTable Weak       Min:  0.0, Avg:  0.0, Max:  0.0, Diff:  0.0, Sum:  0.1, Workers: 4
[7.419s][debug][gc,phases      ] GC(13)     Dead                           Min: 0, Avg:  6.8, Max: 20, Diff: 20, Sum: 27, Workers: 4
[7.419s][debug][gc,phases      ] GC(13)     Total                          Min: 1344, Avg: 1509.0, Max: 1600, Diff: 256, Sum: 6036, Workers: 4
[7.419s][debug][gc,phases      ] GC(13)   JNI Weak                       Min:  0.0, Avg:  0.0, Max:  0.0, Diff:  0.0, Sum:  0.0, Workers: 4
[7.419s][debug][gc,phases      ] GC(13)     Dead                           Min: 0, Avg:  0.0, Max: 0, Diff: 0, Sum: 0, Workers: 4
[7.420s][debug][gc,phases      ] GC(13)     Total                          Min: 0, Avg:  2.0, Max: 8, Diff: 8, Sum: 8, Workers: 4
[7.420s][debug][gc,phases      ] GC(13)   StringDedup Table Weak         Min:  0.0, Avg:  0.0, Max:  0.0, Diff:  0.0, Sum:  0.0, Workers: 4
[7.420s][debug][gc,phases      ] GC(13)     Dead                           Min: 0, Avg:  0.0, Max: 0, Diff: 0, Sum: 0, Workers: 4
[7.420s][debug][gc,phases      ] GC(13)     Total                          Min: 0, Avg:  0.0, Max: 0, Diff: 0, Sum: 0, Workers: 4
[7.420s][debug][gc,phases      ] GC(13)   StringDedup Requests0 Weak     Min:  0.0, Avg:  0.0, Max:  0.0, Diff:  0.0, Sum:  0.0, Workers: 4
[7.420s][debug][gc,phases      ] GC(13)     Dead                           Min: 0, Avg:  0.0, Max: 0, Diff: 0, Sum: 0, Workers: 4
[7.420s][debug][gc,phases      ] GC(13)     Total                          Min: 0, Avg:  0.0, Max: 0, Diff: 0, Sum: 0, Workers: 4
[7.420s][debug][gc,phases      ] GC(13)   StringDedup Requests1 Weak     Min:  0.0, Avg:  0.0, Max:  0.0, Diff:  0.0, Sum:  0.0, Workers: 4
[7.420s][debug][gc,phases      ] GC(13)     Dead                           Min: 0, Avg:  0.0, Max: 0, Diff: 0, Sum: 0, Workers: 4
[7.420s][debug][gc,phases      ] GC(13)     Total                          Min: 0, Avg:  0.0, Max: 0, Diff: 0, Sum: 0, Workers: 4
[7.420s][debug][gc,phases      ] GC(13)   Weak JFR Old Object Samples    Min:  0.0, Avg:  0.0, Max:  0.0, Diff:  0.0, Sum:  0.0, Workers: 4
[7.420s][debug][gc,phases      ] GC(13)     Dead                           Min: 0, Avg:  0.0, Max: 0, Diff: 0, Sum: 0, Workers: 4
[7.420s][debug][gc,phases      ] GC(13)     Total                          Min: 0, Avg:  0.0, Max: 0, Diff: 0, Sum: 0, Workers: 4
[7.420s][debug][gc,phases      ] GC(13) Weak Processing 0.256ms
[7.420s][debug][gc,age         ] GC(13) Desired survivor size 271581184 bytes, new threshold 7 (max threshold 15)
[7.420s][info ][gc,heap        ] GC(13) PSYoungGen: 1583549K(1583616K)->15773K(1831936K) Eden: 1571840K(1571840K)->0K(1565696K) From: 11709K(11776K)->15773K(266240K)
[7.420s][info ][gc,heap        ] GC(13) ParOldGen: 180617K(272896K)->180625K(272896K)
[7.420s][info ][gc,metaspace   ] GC(13) Metaspace: 58549K(59264K)->58549K(59264K) NonClass: 49803K(50176K)->49803K(50176K) Class: 8745K(9088K)->8745K(9088K)
[7.420s][info ][gc             ] GC(13) Pause Young (Allocation Failure) 1722M->191M(2055M) 9.162ms
[7.420s][info ][gc,cpu         ] GC(13) User=0.04s Sys=0.00s Real=0.01s
[7.420s][info ][safepoint      ] Safepoint "ParallelGCFailedAllocation", Time since last: 397996093 ns, Reaching safepoint: 196001 ns, At safepoint: 9239411 ns, Total: 9435412 ns
[7.711s][info ][gc,start       ] GC(14) Pause Young (Allocation Failure)
[7.723s][debug][gc,phases      ] GC(14) Scavenge 11.791ms
[7.723s][debug][gc,ref         ] GC(14) Skipped phase 1 of Reference Processing: no references
[7.723s][debug][gc,ref         ] GC(14) ReferenceProcessor::execute queues: 1, RefProcThreadModel::Single, marks_oops_alive: false
[7.723s][debug][gc,ref         ] GC(14) Skipped phase 3 of Reference Processing: no references
[7.723s][debug][gc,ref         ] GC(14) ReferenceProcessor::execute queues: 1, RefProcThreadModel::Single, marks_oops_alive: false
[7.723s][debug][gc,phases      ] GC(14) Reference Processing 0.117ms
[7.723s][debug][gc,phases      ] GC(14)   VM Weak                        Min:  0.0, Avg:  0.0, Max:  0.0, Diff:  0.0, Sum:  0.0, Workers: 4
[7.723s][debug][gc,phases      ] GC(14)     Dead                           Min: 0, Avg:  0.0, Max: 0, Diff: 0, Sum: 0, Workers: 4
[7.723s][debug][gc,phases      ] GC(14)     Total                          Min: 0, Avg: 131.0, Max: 524, Diff: 524, Sum: 524, Workers: 4
[7.723s][debug][gc,phases      ] GC(14)   ObjectSynchronizer Weak        Min:  0.0, Avg:  0.0, Max:  0.0, Diff:  0.0, Sum:  0.0, Workers: 4
[7.723s][debug][gc,phases      ] GC(14)     Dead                           Min: 0, Avg:  0.0, Max: 0, Diff: 0, Sum: 0, Workers: 4
[7.723s][debug][gc,phases      ] GC(14)     Total                          Min: 0, Avg: 89.0, Max: 356, Diff: 356, Sum: 356, Workers: 4
[7.723s][debug][gc,phases      ] GC(14)   JVMTI Tag Weak OopStorage      Min:  0.0, Avg:  0.0, Max:  0.0, Diff:  0.0, Sum:  0.0, Workers: 4
[7.723s][debug][gc,phases      ] GC(14)     Dead                           Min: 0, Avg:  0.0, Max: 0, Diff: 0, Sum: 0, Workers: 4
[7.723s][debug][gc,phases      ] GC(14)     Total                          Min: 0, Avg:  0.0, Max: 0, Diff: 0, Sum: 0, Workers: 4
[7.723s][debug][gc,phases      ] GC(14)   StringTable Weak               Min:  0.1, Avg:  0.1, Max:  0.1, Diff:  0.0, Sum:  0.3, Workers: 4
[7.723s][debug][gc,phases      ] GC(14)     Dead                           Min: 0, Avg:  0.5, Max: 1, Diff: 1, Sum: 2, Workers: 4
[7.723s][debug][gc,phases      ] GC(14)     Total                          Min: 8576, Avg: 9970.5, Max: 13055, Diff: 4479, Sum: 39882, Workers: 4
[7.723s][debug][gc,phases      ] GC(14)   ResolvedMethodTable Weak       Min:  0.0, Avg:  0.0, Max:  0.0, Diff:  0.0, Sum:  0.1, Workers: 4
[7.723s][debug][gc,phases      ] GC(14)     Dead                           Min: 0, Avg:  0.0, Max: 0, Diff: 0, Sum: 0, Workers: 4
[7.723s][debug][gc,phases      ] GC(14)     Total                          Min: 1344, Avg: 1518.5, Max: 1850, Diff: 506, Sum: 6074, Workers: 4
[7.723s][debug][gc,phases      ] GC(14)   JNI Weak                       Min:  0.0, Avg:  0.0, Max:  0.0, Diff:  0.0, Sum:  0.0, Workers: 4
[7.723s][debug][gc,phases      ] GC(14)     Dead                           Min: 0, Avg:  0.0, Max: 0, Diff: 0, Sum: 0, Workers: 4
[7.723s][debug][gc,phases      ] GC(14)     Total                          Min: 0, Avg:  1.8, Max: 7, Diff: 7, Sum: 7, Workers: 4
[7.723s][debug][gc,phases      ] GC(14)   StringDedup Table Weak         Min:  0.0, Avg:  0.0, Max:  0.0, Diff:  0.0, Sum:  0.0, Workers: 4
[7.723s][debug][gc,phases      ] GC(14)     Dead                           Min: 0, Avg:  0.0, Max: 0, Diff: 0, Sum: 0, Workers: 4
[7.723s][debug][gc,phases      ] GC(14)     Total                          Min: 0, Avg:  0.0, Max: 0, Diff: 0, Sum: 0, Workers: 4
[7.723s][debug][gc,phases      ] GC(14)   StringDedup Requests0 Weak     Min:  0.0, Avg:  0.0, Max:  0.0, Diff:  0.0, Sum:  0.0, Workers: 4
[7.723s][debug][gc,phases      ] GC(14)     Dead                           Min: 0, Avg:  0.0, Max: 0, Diff: 0, Sum: 0, Workers: 4
[7.723s][debug][gc,phases      ] GC(14)     Total                          Min: 0, Avg:  0.0, Max: 0, Diff: 0, Sum: 0, Workers: 4
[7.723s][debug][gc,phases      ] GC(14)   StringDedup Requests1 Weak     Min:  0.0, Avg:  0.0, Max:  0.0, Diff:  0.0, Sum:  0.0, Workers: 4
[7.723s][debug][gc,phases      ] GC(14)     Dead                           Min: 0, Avg:  0.0, Max: 0, Diff: 0, Sum: 0, Workers: 4
[7.723s][debug][gc,phases      ] GC(14)     Total                          Min: 0, Avg:  0.0, Max: 0, Diff: 0, Sum: 0, Workers: 4
[7.723s][debug][gc,phases      ] GC(14)   Weak JFR Old Object Samples    Min:  0.0, Avg:  0.0, Max:  0.0, Diff:  0.0, Sum:  0.0, Workers: 4
[7.723s][debug][gc,phases      ] GC(14)     Dead                           Min: 0, Avg:  0.0, Max: 0, Diff: 0, Sum: 0, Workers: 4
[7.723s][debug][gc,phases      ] GC(14)     Total                          Min: 0, Avg:  0.0, Max: 0, Diff: 0, Sum: 0, Workers: 4
[7.723s][debug][gc,phases      ] GC(14) Weak Processing 0.273ms
[7.723s][debug][gc,age         ] GC(14) Desired survivor size 266862592 bytes, new threshold 8 (max threshold 15)
[7.723s][info ][gc,heap        ] GC(14) PSYoungGen: 1581469K(1831936K)->25737K(1830912K) Eden: 1565696K(1565696K)->0K(1565696K) From: 15773K(266240K)->25737K(265216K)
[7.723s][info ][gc,heap        ] GC(14) ParOldGen: 180625K(272896K)->180633K(272896K)
[7.723s][info ][gc,metaspace   ] GC(14) Metaspace: 58750K(59456K)->58750K(59456K) NonClass: 49975K(50368K)->49975K(50368K) Class: 8774K(9088K)->8774K(9088K)
[7.723s][info ][gc             ] GC(14) Pause Young (Allocation Failure) 1720M->201M(2054M) 12.285ms
[7.723s][info ][gc,cpu         ] GC(14) User=0.06s Sys=0.00s Real=0.02s
[7.723s][info ][safepoint      ] Safepoint "ParallelGCFailedAllocation", Time since last: 291247561 ns, Reaching safepoint: 147600 ns, At safepoint: 12385216 ns, Total: 12532816 ns
[8.042s][info ][gc,start       ] GC(15) Pause Young (Allocation Failure)
[8.054s][debug][gc,phases      ] GC(15) Scavenge 11.203ms
[8.054s][debug][gc,ref         ] GC(15) Skipped phase 1 of Reference Processing: no references
[8.054s][debug][gc,ref         ] GC(15) ReferenceProcessor::execute queues: 1, RefProcThreadModel::Single, marks_oops_alive: false
[8.054s][debug][gc,ref         ] GC(15) Skipped phase 3 of Reference Processing: no references
[8.054s][debug][gc,ref         ] GC(15) ReferenceProcessor::execute queues: 1, RefProcThreadModel::Single, marks_oops_alive: false
[8.054s][debug][gc,phases      ] GC(15) Reference Processing 0.118ms
[8.054s][debug][gc,phases      ] GC(15)   VM Weak                        Min:  0.0, Avg:  0.0, Max:  0.0, Diff:  0.0, Sum:  0.0, Workers: 4
[8.054s][debug][gc,phases      ] GC(15)     Dead                           Min: 0, Avg:  0.0, Max: 0, Diff: 0, Sum: 0, Workers: 4
[8.054s][debug][gc,phases      ] GC(15)     Total                          Min: 0, Avg: 131.8, Max: 335, Diff: 335, Sum: 527, Workers: 4
[8.054s][debug][gc,phases      ] GC(15)   ObjectSynchronizer Weak        Min:  0.0, Avg:  0.0, Max:  0.0, Diff:  0.0, Sum:  0.0, Workers: 4
[8.054s][debug][gc,phases      ] GC(15)     Dead                           Min: 0, Avg:  0.0, Max: 0, Diff: 0, Sum: 0, Workers: 4
[8.054s][debug][gc,phases      ] GC(15)     Total                          Min: 0, Avg: 89.0, Max: 128, Diff: 128, Sum: 356, Workers: 4
[8.054s][debug][gc,phases      ] GC(15)   JVMTI Tag Weak OopStorage      Min:  0.0, Avg:  0.0, Max:  0.0, Diff:  0.0, Sum:  0.0, Workers: 4
[8.054s][debug][gc,phases      ] GC(15)     Dead                           Min: 0, Avg:  0.0, Max: 0, Diff: 0, Sum: 0, Workers: 4
[8.054s][debug][gc,phases      ] GC(15)     Total                          Min: 0, Avg:  0.0, Max: 0, Diff: 0, Sum: 0, Workers: 4
[8.054s][debug][gc,phases      ] GC(15)   StringTable Weak               Min:  0.1, Avg:  0.1, Max:  0.1, Diff:  0.0, Sum:  0.3, Workers: 4
[8.054s][debug][gc,phases      ] GC(15)     Dead                           Min: 0, Avg:  3.8, Max: 13, Diff: 13, Sum: 15, Workers: 4
[8.054s][debug][gc,phases      ] GC(15)     Total                          Min: 8320, Avg: 10087.0, Max: 13824, Diff: 5504, Sum: 40348, Workers: 4
[8.054s][debug][gc,phases      ] GC(15)   ResolvedMethodTable Weak       Min:  0.0, Avg:  0.0, Max:  0.0, Diff:  0.0, Sum:  0.1, Workers: 4
[8.054s][debug][gc,phases      ] GC(15)     Dead                           Min: 0, Avg: 12.8, Max: 36, Diff: 36, Sum: 51, Workers: 4
[8.054s][debug][gc,phases      ] GC(15)     Total                          Min: 1024, Avg: 1561.8, Max: 2087, Diff: 1063, Sum: 6247, Workers: 4
[8.054s][debug][gc,phases      ] GC(15)   JNI Weak                       Min:  0.0, Avg:  0.0, Max:  0.0, Diff:  0.0, Sum:  0.0, Workers: 4
[8.054s][debug][gc,phases      ] GC(15)     Dead                           Min: 0, Avg:  0.0, Max: 0, Diff: 0, Sum: 0, Workers: 4
[8.054s][debug][gc,phases      ] GC(15)     Total                          Min: 0, Avg:  2.5, Max: 10, Diff: 10, Sum: 10, Workers: 4
[8.054s][debug][gc,phases      ] GC(15)   StringDedup Table Weak         Min:  0.0, Avg:  0.0, Max:  0.0, Diff:  0.0, Sum:  0.0, Workers: 4
[8.054s][debug][gc,phases      ] GC(15)     Dead                           Min: 0, Avg:  0.0, Max: 0, Diff: 0, Sum: 0, Workers: 4
[8.054s][debug][gc,phases      ] GC(15)     Total                          Min: 0, Avg:  0.0, Max: 0, Diff: 0, Sum: 0, Workers: 4
[8.054s][debug][gc,phases      ] GC(15)   StringDedup Requests0 Weak     Min:  0.0, Avg:  0.0, Max:  0.0, Diff:  0.0, Sum:  0.0, Workers: 4
[8.054s][debug][gc,phases      ] GC(15)     Dead                           Min: 0, Avg:  0.0, Max: 0, Diff: 0, Sum: 0, Workers: 4
[8.054s][debug][gc,phases      ] GC(15)     Total                          Min: 0, Avg:  0.0, Max: 0, Diff: 0, Sum: 0, Workers: 4
[8.054s][debug][gc,phases      ] GC(15)   StringDedup Requests1 Weak     Min:  0.0, Avg:  0.0, Max:  0.0, Diff:  0.0, Sum:  0.0, Workers: 4
[8.054s][debug][gc,phases      ] GC(15)     Dead                           Min: 0, Avg:  0.0, Max: 0, Diff: 0, Sum: 0, Workers: 4
[8.054s][debug][gc,phases      ] GC(15)     Total                          Min: 0, Avg:  0.0, Max: 0, Diff: 0, Sum: 0, Workers: 4
[8.054s][debug][gc,phases      ] GC(15)   Weak JFR Old Object Samples    Min:  0.0, Avg:  0.0, Max:  0.0, Diff:  0.0, Sum:  0.0, Workers: 4
[8.054s][debug][gc,phases      ] GC(15)     Dead                           Min: 0, Avg:  0.0, Max: 0, Diff: 0, Sum: 0, Workers: 4
[8.054s][debug][gc,phases      ] GC(15)     Total                          Min: 0, Avg:  0.0, Max: 0, Diff: 0, Sum: 0, Workers: 4
[8.054s][debug][gc,phases      ] GC(15) Weak Processing 0.265ms
[8.054s][debug][gc,age         ] GC(15) Desired survivor size 260046848 bytes, new threshold 9 (max threshold 15)
[8.054s][info ][gc,heap        ] GC(15) PSYoungGen: 1591433K(1830912K)->26569K(1843200K) Eden: 1565696K(1565696K)->0K(1582592K) From: 25737K(265216K)->26569K(260608K)
[8.054s][info ][gc,heap        ] GC(15) ParOldGen: 180633K(272896K)->180641K(272896K)
[8.054s][info ][gc,metaspace   ] GC(15) Metaspace: 60039K(60736K)->60039K(60736K) NonClass: 51093K(51456K)->51093K(51456K) Class: 8945K(9280K)->8945K(9280K)
[8.054s][info ][gc             ] GC(15) Pause Young (Allocation Failure) 1730M->202M(2066M) 11.693ms
[8.054s][info ][gc,cpu         ] GC(15) User=0.06s Sys=0.00s Real=0.00s
[8.054s][info ][safepoint      ] Safepoint "ParallelGCFailedAllocation", Time since last: 318621795 ns, Reaching safepoint: 233300 ns, At safepoint: 11779214 ns, Total: 12012514 ns
[8.289s][info ][gc,start       ] GC(16) Pause Young (Allocation Failure)
[8.297s][debug][gc,phases      ] GC(16) Scavenge 7.982ms
[8.297s][debug][gc,ref         ] GC(16) Skipped phase 1 of Reference Processing: no references
[8.297s][debug][gc,ref         ] GC(16) ReferenceProcessor::execute queues: 1, RefProcThreadModel::Single, marks_oops_alive: false
[8.297s][debug][gc,ref         ] GC(16) Skipped phase 3 of Reference Processing: no references
[8.297s][debug][gc,ref         ] GC(16) ReferenceProcessor::execute queues: 1, RefProcThreadModel::Single, marks_oops_alive: false
[8.297s][debug][gc,phases      ] GC(16) Reference Processing 0.110ms
[8.297s][debug][gc,phases      ] GC(16)   VM Weak                        Min:  0.0, Avg:  0.0, Max:  0.0, Diff:  0.0, Sum:  0.0, Workers: 4
[8.297s][debug][gc,phases      ] GC(16)     Dead                           Min: 0, Avg:  0.0, Max: 0, Diff: 0, Sum: 0, Workers: 4
[8.297s][debug][gc,phases      ] GC(16)     Total                          Min: 0, Avg: 135.2, Max: 512, Diff: 512, Sum: 541, Workers: 4
[8.297s][debug][gc,phases      ] GC(16)   ObjectSynchronizer Weak        Min:  0.0, Avg:  0.0, Max:  0.0, Diff:  0.0, Sum:  0.0, Workers: 4
[8.297s][debug][gc,phases      ] GC(16)     Dead                           Min: 0, Avg:  0.0, Max: 0, Diff: 0, Sum: 0, Workers: 4
[8.297s][debug][gc,phases      ] GC(16)     Total                          Min: 0, Avg: 89.0, Max: 228, Diff: 228, Sum: 356, Workers: 4
[8.297s][debug][gc,phases      ] GC(16)   JVMTI Tag Weak OopStorage      Min:  0.0, Avg:  0.0, Max:  0.0, Diff:  0.0, Sum:  0.0, Workers: 4
[8.297s][debug][gc,phases      ] GC(16)     Dead                           Min: 0, Avg:  0.0, Max: 0, Diff: 0, Sum: 0, Workers: 4
[8.297s][debug][gc,phases      ] GC(16)     Total                          Min: 0, Avg:  0.0, Max: 0, Diff: 0, Sum: 0, Workers: 4
[8.297s][debug][gc,phases      ] GC(16)   StringTable Weak               Min:  0.1, Avg:  0.1, Max:  0.1, Diff:  0.0, Sum:  0.3, Workers: 4
[8.297s][debug][gc,phases      ] GC(16)     Dead                           Min: 0, Avg:  3.0, Max: 12, Diff: 12, Sum: 12, Workers: 4
[8.297s][debug][gc,phases      ] GC(16)     Total                          Min: 7424, Avg: 10111.2, Max: 12608, Diff: 5184, Sum: 40445, Workers: 4
[8.297s][debug][gc,phases      ] GC(16)   ResolvedMethodTable Weak       Min:  0.0, Avg:  0.0, Max:  0.0, Diff:  0.0, Sum:  0.1, Workers: 4
[8.297s][debug][gc,phases      ] GC(16)     Dead                           Min: 0, Avg:  0.5, Max: 2, Diff: 2, Sum: 2, Workers: 4
[8.297s][debug][gc,phases      ] GC(16)     Total                          Min: 1280, Avg: 1575.5, Max: 1792, Diff: 512, Sum: 6302, Workers: 4
[8.297s][debug][gc,phases      ] GC(16)   JNI Weak                       Min:  0.0, Avg:  0.0, Max:  0.0, Diff:  0.0, Sum:  0.0, Workers: 4
[8.297s][debug][gc,phases      ] GC(16)     Dead                           Min: 0, Avg:  0.0, Max: 0, Diff: 0, Sum: 0, Workers: 4
[8.297s][debug][gc,phases      ] GC(16)     Total                          Min: 0, Avg:  6.0, Max: 24, Diff: 24, Sum: 24, Workers: 4
[8.297s][debug][gc,phases      ] GC(16)   StringDedup Table Weak         Min:  0.0, Avg:  0.0, Max:  0.0, Diff:  0.0, Sum:  0.0, Workers: 4
[8.297s][debug][gc,phases      ] GC(16)     Dead                           Min: 0, Avg:  0.0, Max: 0, Diff: 0, Sum: 0, Workers: 4
[8.297s][debug][gc,phases      ] GC(16)     Total                          Min: 0, Avg:  0.0, Max: 0, Diff: 0, Sum: 0, Workers: 4
[8.297s][debug][gc,phases      ] GC(16)   StringDedup Requests0 Weak     Min:  0.0, Avg:  0.0, Max:  0.0, Diff:  0.0, Sum:  0.0, Workers: 4
[8.297s][debug][gc,phases      ] GC(16)     Dead                           Min: 0, Avg:  0.0, Max: 0, Diff: 0, Sum: 0, Workers: 4
[8.297s][debug][gc,phases      ] GC(16)     Total                          Min: 0, Avg:  0.0, Max: 0, Diff: 0, Sum: 0, Workers: 4
[8.297s][debug][gc,phases      ] GC(16)   StringDedup Requests1 Weak     Min:  0.0, Avg:  0.0, Max:  0.0, Diff:  0.0, Sum:  0.0, Workers: 4
[8.297s][debug][gc,phases      ] GC(16)     Dead                           Min: 0, Avg:  0.0, Max: 0, Diff: 0, Sum: 0, Workers: 4
[8.297s][debug][gc,phases      ] GC(16)     Total                          Min: 0, Avg:  0.0, Max: 0, Diff: 0, Sum: 0, Workers: 4
[8.297s][debug][gc,phases      ] GC(16)   Weak JFR Old Object Samples    Min:  0.0, Avg:  0.0, Max:  0.0, Diff:  0.0, Sum:  0.0, Workers: 4
[8.297s][debug][gc,phases      ] GC(16)     Dead                           Min: 0, Avg:  0.0, Max: 0, Diff: 0, Sum: 0, Workers: 4
[8.297s][debug][gc,phases      ] GC(16)     Total                          Min: 0, Avg:  0.0, Max: 0, Diff: 0, Sum: 0, Workers: 4
[8.297s][debug][gc,phases      ] GC(16) Weak Processing 0.249ms
[8.297s][debug][gc,age         ] GC(16) Desired survivor size 253755392 bytes, new threshold 10 (max threshold 15)
[8.297s][info ][gc,heap        ] GC(16) PSYoungGen: 1609161K(1843200K)->18933K(1836544K) Eden: 1582592K(1582592K)->0K(1582592K) From: 26569K(260608K)->18933K(253952K)
[8.297s][info ][gc,heap        ] GC(16) ParOldGen: 180641K(272896K)->180649K(272896K)
[8.297s][info ][gc,metaspace   ] GC(16) Metaspace: 60379K(61056K)->60379K(61056K) NonClass: 51387K(51712K)->51387K(51712K) Class: 8992K(9344K)->8992K(9344K)
[8.297s][info ][gc             ] GC(16) Pause Young (Allocation Failure) 1747M->194M(2060M) 8.441ms
[8.297s][info ][gc,cpu         ] GC(16) User=0.04s Sys=0.00s Real=0.01s
[8.297s][info ][safepoint      ] Safepoint "ParallelGCFailedAllocation", Time since last: 234648391 ns, Reaching safepoint: 212201 ns, At safepoint: 8528310 ns, Total: 8740511 ns
[8.566s][info ][gc,start       ] GC(17) Pause Young (Allocation Failure)
[8.574s][debug][gc,phases      ] GC(17) Scavenge 7.919ms
[8.574s][debug][gc,ref         ] GC(17) Skipped phase 1 of Reference Processing: no references
[8.574s][debug][gc,ref         ] GC(17) ReferenceProcessor::execute queues: 1, RefProcThreadModel::Single, marks_oops_alive: false
[8.574s][debug][gc,ref         ] GC(17) Skipped phase 3 of Reference Processing: no references
[8.574s][debug][gc,ref         ] GC(17) ReferenceProcessor::execute queues: 1, RefProcThreadModel::Single, marks_oops_alive: false
[8.574s][debug][gc,phases      ] GC(17) Reference Processing 0.124ms
[8.574s][debug][gc,phases      ] GC(17)   VM Weak                        Min:  0.0, Avg:  0.0, Max:  0.0, Diff:  0.0, Sum:  0.0, Workers: 4
[8.574s][debug][gc,phases      ] GC(17)     Dead                           Min: 0, Avg:  0.0, Max: 0, Diff: 0, Sum: 0, Workers: 4
[8.574s][debug][gc,phases      ] GC(17)     Total                          Min: 0, Avg: 135.2, Max: 477, Diff: 477, Sum: 541, Workers: 4
[8.574s][debug][gc,phases      ] GC(17)   ObjectSynchronizer Weak        Min:  0.0, Avg:  0.0, Max:  0.0, Diff:  0.0, Sum:  0.0, Workers: 4
[8.574s][debug][gc,phases      ] GC(17)     Dead                           Min: 0, Avg:  0.0, Max: 0, Diff: 0, Sum: 0, Workers: 4
[8.574s][debug][gc,phases      ] GC(17)     Total                          Min: 0, Avg: 89.0, Max: 164, Diff: 164, Sum: 356, Workers: 4
[8.574s][debug][gc,phases      ] GC(17)   JVMTI Tag Weak OopStorage      Min:  0.0, Avg:  0.0, Max:  0.0, Diff:  0.0, Sum:  0.0, Workers: 4
[8.574s][debug][gc,phases      ] GC(17)     Dead                           Min: 0, Avg:  0.0, Max: 0, Diff: 0, Sum: 0, Workers: 4
[8.574s][debug][gc,phases      ] GC(17)     Total                          Min: 0, Avg:  0.0, Max: 0, Diff: 0, Sum: 0, Workers: 4
[8.574s][debug][gc,phases      ] GC(17)   StringTable Weak               Min:  0.1, Avg:  0.1, Max:  0.1, Diff:  0.0, Sum:  0.3, Workers: 4
[8.574s][debug][gc,phases      ] GC(17)     Dead                           Min: 0, Avg:  0.0, Max: 0, Diff: 0, Sum: 0, Workers: 4
[8.574s][debug][gc,phases      ] GC(17)     Total                          Min: 7488, Avg: 10118.0, Max: 12632, Diff: 5144, Sum: 40472, Workers: 4
[8.574s][debug][gc,phases      ] GC(17)   ResolvedMethodTable Weak       Min:  0.0, Avg:  0.0, Max:  0.0, Diff:  0.0, Sum:  0.1, Workers: 4
[8.574s][debug][gc,phases      ] GC(17)     Dead                           Min: 0, Avg:  0.0, Max: 0, Diff: 0, Sum: 0, Workers: 4
[8.574s][debug][gc,phases      ] GC(17)     Total                          Min: 1280, Avg: 1575.5, Max: 1822, Diff: 542, Sum: 6302, Workers: 4
[8.574s][debug][gc,phases      ] GC(17)   JNI Weak                       Min:  0.0, Avg:  0.0, Max:  0.0, Diff:  0.0, Sum:  0.0, Workers: 4
[8.574s][debug][gc,phases      ] GC(17)     Dead                           Min: 0, Avg:  0.0, Max: 0, Diff: 0, Sum: 0, Workers: 4
[8.574s][debug][gc,phases      ] GC(17)     Total                          Min: 0, Avg:  6.8, Max: 27, Diff: 27, Sum: 27, Workers: 4
[8.574s][debug][gc,phases      ] GC(17)   StringDedup Table Weak         Min:  0.0, Avg:  0.0, Max:  0.0, Diff:  0.0, Sum:  0.0, Workers: 4
[8.574s][debug][gc,phases      ] GC(17)     Dead                           Min: 0, Avg:  0.0, Max: 0, Diff: 0, Sum: 0, Workers: 4
[8.574s][debug][gc,phases      ] GC(17)     Total                          Min: 0, Avg:  0.0, Max: 0, Diff: 0, Sum: 0, Workers: 4
[8.574s][debug][gc,phases      ] GC(17)   StringDedup Requests0 Weak     Min:  0.0, Avg:  0.0, Max:  0.0, Diff:  0.0, Sum:  0.0, Workers: 4
[8.574s][debug][gc,phases      ] GC(17)     Dead                           Min: 0, Avg:  0.0, Max: 0, Diff: 0, Sum: 0, Workers: 4
[8.574s][debug][gc,phases      ] GC(17)     Total                          Min: 0, Avg:  0.0, Max: 0, Diff: 0, Sum: 0, Workers: 4
[8.574s][debug][gc,phases      ] GC(17)   StringDedup Requests1 Weak     Min:  0.0, Avg:  0.0, Max:  0.0, Diff:  0.0, Sum:  0.0, Workers: 4
[8.574s][debug][gc,phases      ] GC(17)     Dead                           Min: 0, Avg:  0.0, Max: 0, Diff: 0, Sum: 0, Workers: 4
[8.574s][debug][gc,phases      ] GC(17)     Total                          Min: 0, Avg:  0.0, Max: 0, Diff: 0, Sum: 0, Workers: 4
[8.574s][debug][gc,phases      ] GC(17)   Weak JFR Old Object Samples    Min:  0.0, Avg:  0.0, Max:  0.0, Diff:  0.0, Sum:  0.0, Workers: 4
[8.574s][debug][gc,phases      ] GC(17)     Dead                           Min: 0, Avg:  0.0, Max: 0, Diff: 0, Sum: 0, Workers: 4
[8.574s][debug][gc,phases      ] GC(17)     Total                          Min: 0, Avg:  0.0, Max: 0, Diff: 0, Sum: 0, Workers: 4
[8.574s][debug][gc,phases      ] GC(17) Weak Processing 0.243ms
[8.574s][debug][gc,age         ] GC(17) Desired survivor size 246415360 bytes, new threshold 11 (max threshold 15)
[8.574s][info ][gc,heap        ] GC(17) PSYoungGen: 1601525K(1836544K)->19433K(1856512K) Eden: 1582592K(1582592K)->0K(1608704K) From: 18933K(253952K)->19433K(247808K)
[8.574s][info ][gc,heap        ] GC(17) ParOldGen: 180649K(272896K)->180657K(272896K)
[8.574s][info ][gc,metaspace   ] GC(17) Metaspace: 60500K(61248K)->60500K(61248K) NonClass: 51497K(51904K)->51497K(51904K) Class: 9002K(9344K)->9002K(9344K)
[8.574s][info ][gc             ] GC(17) Pause Young (Allocation Failure) 1740M->195M(2079M) 8.423ms
[8.574s][info ][gc,cpu         ] GC(17) User=0.03s Sys=0.00s Real=0.01s
[8.574s][info ][safepoint      ] Safepoint "ParallelGCFailedAllocation", Time since last: 268127933 ns, Reaching safepoint: 184700 ns, At safepoint: 8510910 ns, Total: 8695610 ns
[8.741s][info ][safepoint      ] Safepoint "ICBufferFull", Time since last: 166791107 ns, Reaching safepoint: 232700 ns, At safepoint: 29000 ns, Total: 261700 ns
[8.833s][info ][safepoint      ] Safepoint "ICBufferFull", Time since last: 91607414 ns, Reaching safepoint: 254100 ns, At safepoint: 22700 ns, Total: 276800 ns
[8.854s][info ][gc,start       ] GC(18) Pause Young (Allocation Failure)
[8.864s][debug][gc,phases      ] GC(18) Scavenge 10.001ms
[8.864s][debug][gc,ref         ] GC(18) Skipped phase 1 of Reference Processing: no references
[8.864s][debug][gc,ref         ] GC(18) ReferenceProcessor::execute queues: 1, RefProcThreadModel::Single, marks_oops_alive: false
[8.864s][debug][gc,ref         ] GC(18) Skipped phase 3 of Reference Processing: no references
[8.864s][debug][gc,ref         ] GC(18) ReferenceProcessor::execute queues: 1, RefProcThreadModel::Single, marks_oops_alive: false
[8.864s][debug][gc,phases      ] GC(18) Reference Processing 0.126ms
[8.864s][debug][gc,phases      ] GC(18)   VM Weak                        Min:  0.0, Avg:  0.0, Max:  0.0, Diff:  0.0, Sum:  0.0, Workers: 4
[8.864s][debug][gc,phases      ] GC(18)     Dead                           Min: 0, Avg:  0.0, Max: 0, Diff: 0, Sum: 0, Workers: 4
[8.864s][debug][gc,phases      ] GC(18)     Total                          Min: 0, Avg: 135.2, Max: 413, Diff: 413, Sum: 541, Workers: 4
[8.864s][debug][gc,phases      ] GC(18)   ObjectSynchronizer Weak        Min:  0.0, Avg:  0.0, Max:  0.0, Diff:  0.0, Sum:  0.0, Workers: 4
[8.864s][debug][gc,phases      ] GC(18)     Dead                           Min: 0, Avg:  0.0, Max: 0, Diff: 0, Sum: 0, Workers: 4
[8.864s][debug][gc,phases      ] GC(18)     Total                          Min: 0, Avg: 89.0, Max: 228, Diff: 228, Sum: 356, Workers: 4
[8.864s][debug][gc,phases      ] GC(18)   JVMTI Tag Weak OopStorage      Min:  0.0, Avg:  0.0, Max:  0.0, Diff:  0.0, Sum:  0.0, Workers: 4
[8.864s][debug][gc,phases      ] GC(18)     Dead                           Min: 0, Avg:  0.0, Max: 0, Diff: 0, Sum: 0, Workers: 4
[8.864s][debug][gc,phases      ] GC(18)     Total                          Min: 0, Avg:  0.0, Max: 0, Diff: 0, Sum: 0, Workers: 4
[8.864s][debug][gc,phases      ] GC(18)   StringTable Weak               Min:  0.1, Avg:  0.1, Max:  0.1, Diff:  0.0, Sum:  0.3, Workers: 4
[8.864s][debug][gc,phases      ] GC(18)     Dead                           Min: 0, Avg:  3.0, Max: 12, Diff: 12, Sum: 12, Workers: 4
[8.864s][debug][gc,phases      ] GC(18)     Total                          Min: 8732, Avg: 10150.0, Max: 13376, Diff: 4644, Sum: 40600, Workers: 4
[8.864s][debug][gc,phases      ] GC(18)   ResolvedMethodTable Weak       Min:  0.0, Avg:  0.0, Max:  0.0, Diff:  0.0, Sum:  0.1, Workers: 4
[8.864s][debug][gc,phases      ] GC(18)     Dead                           Min: 0, Avg:  0.0, Max: 0, Diff: 0, Sum: 0, Workers: 4
[8.864s][debug][gc,phases      ] GC(18)     Total                          Min: 1344, Avg: 1578.0, Max: 1896, Diff: 552, Sum: 6312, Workers: 4
[8.864s][debug][gc,phases      ] GC(18)   JNI Weak                       Min:  0.0, Avg:  0.0, Max:  0.0, Diff:  0.0, Sum:  0.0, Workers: 4
[8.864s][debug][gc,phases      ] GC(18)     Dead                           Min: 0, Avg:  0.0, Max: 0, Diff: 0, Sum: 0, Workers: 4
[8.864s][debug][gc,phases      ] GC(18)     Total                          Min: 0, Avg:  3.5, Max: 14, Diff: 14, Sum: 14, Workers: 4
[8.864s][debug][gc,phases      ] GC(18)   StringDedup Table Weak         Min:  0.0, Avg:  0.0, Max:  0.0, Diff:  0.0, Sum:  0.0, Workers: 4
[8.864s][debug][gc,phases      ] GC(18)     Dead                           Min: 0, Avg:  0.0, Max: 0, Diff: 0, Sum: 0, Workers: 4
[8.864s][debug][gc,phases      ] GC(18)     Total                          Min: 0, Avg:  0.0, Max: 0, Diff: 0, Sum: 0, Workers: 4
[8.864s][debug][gc,phases      ] GC(18)   StringDedup Requests0 Weak     Min:  0.0, Avg:  0.0, Max:  0.0, Diff:  0.0, Sum:  0.0, Workers: 4
[8.864s][debug][gc,phases      ] GC(18)     Dead                           Min: 0, Avg:  0.0, Max: 0, Diff: 0, Sum: 0, Workers: 4
[8.864s][debug][gc,phases      ] GC(18)     Total                          Min: 0, Avg:  0.0, Max: 0, Diff: 0, Sum: 0, Workers: 4
[8.864s][debug][gc,phases      ] GC(18)   StringDedup Requests1 Weak     Min:  0.0, Avg:  0.0, Max:  0.0, Diff:  0.0, Sum:  0.0, Workers: 4
[8.864s][debug][gc,phases      ] GC(18)     Dead                           Min: 0, Avg:  0.0, Max: 0, Diff: 0, Sum: 0, Workers: 4
[8.864s][debug][gc,phases      ] GC(18)     Total                          Min: 0, Avg:  0.0, Max: 0, Diff: 0, Sum: 0, Workers: 4
[8.864s][debug][gc,phases      ] GC(18)   Weak JFR Old Object Samples    Min:  0.0, Avg:  0.0, Max:  0.0, Diff:  0.0, Sum:  0.0, Workers: 4
[8.864s][debug][gc,phases      ] GC(18)     Dead                           Min: 0, Avg:  0.0, Max: 0, Diff: 0, Sum: 0, Workers: 4
[8.864s][debug][gc,phases      ] GC(18)     Total                          Min: 0, Avg:  0.0, Max: 0, Diff: 0, Sum: 0, Workers: 4
[8.864s][debug][gc,phases      ] GC(18) Weak Processing 0.255ms
[8.864s][debug][gc,age         ] GC(18) Desired survivor size 238026752 bytes, new threshold 12 (max threshold 15)
[8.864s][info ][gc,heap        ] GC(18) PSYoungGen: 1628137K(1856512K)->21129K(1849344K) Eden: 1608704K(1608704K)->0K(1608704K) From: 19433K(247808K)->21129K(240640K)
[8.864s][info ][gc,heap        ] GC(18) ParOldGen: 180657K(272896K)->180665K(272896K)
[8.864s][info ][gc,metaspace   ] GC(18) Metaspace: 60736K(61440K)->60736K(61440K) NonClass: 51709K(52096K)->51709K(52096K) Class: 9027K(9344K)->9027K(9344K)
[8.864s][info ][gc             ] GC(18) Pause Young (Allocation Failure) 1766M->197M(2072M) 10.463ms
[8.864s][info ][gc,cpu         ] GC(18) User=0.04s Sys=0.00s Real=0.02s
[8.864s][info ][safepoint      ] Safepoint "ParallelGCFailedAllocation", Time since last: 20483526 ns, Reaching safepoint: 123900 ns, At safepoint: 10548413 ns, Total: 10672313 ns
[9.136s][info ][safepoint      ] Safepoint "ICBufferFull", Time since last: 271667137 ns, Reaching safepoint: 232900 ns, At safepoint: 28200 ns, Total: 261100 ns
[9.203s][info ][gc,start       ] GC(19) Pause Young (Allocation Failure)
[9.215s][debug][gc,phases      ] GC(19) Scavenge 11.773ms
[9.215s][debug][gc,ref         ] GC(19) Skipped phase 1 of Reference Processing: no references
[9.215s][debug][gc,ref         ] GC(19) ReferenceProcessor::execute queues: 1, RefProcThreadModel::Single, marks_oops_alive: false
[9.215s][debug][gc,ref         ] GC(19) Skipped phase 3 of Reference Processing: no references
[9.215s][debug][gc,ref         ] GC(19) ReferenceProcessor::execute queues: 1, RefProcThreadModel::Single, marks_oops_alive: false
[9.215s][debug][gc,phases      ] GC(19) Reference Processing 0.126ms
[9.215s][debug][gc,phases      ] GC(19)   VM Weak                        Min:  0.0, Avg:  0.0, Max:  0.0, Diff:  0.0, Sum:  0.0, Workers: 4
[9.215s][debug][gc,phases      ] GC(19)     Dead                           Min: 0, Avg:  0.0, Max: 0, Diff: 0, Sum: 0, Workers: 4
[9.215s][debug][gc,phases      ] GC(19)     Total                          Min: 0, Avg: 135.2, Max: 541, Diff: 541, Sum: 541, Workers: 4
[9.215s][debug][gc,phases      ] GC(19)   ObjectSynchronizer Weak        Min:  0.0, Avg:  0.0, Max:  0.0, Diff:  0.0, Sum:  0.0, Workers: 4
[9.215s][debug][gc,phases      ] GC(19)     Dead                           Min: 0, Avg:  0.0, Max: 0, Diff: 0, Sum: 0, Workers: 4
[9.215s][debug][gc,phases      ] GC(19)     Total                          Min: 0, Avg: 89.0, Max: 292, Diff: 292, Sum: 356, Workers: 4
[9.215s][debug][gc,phases      ] GC(19)   JVMTI Tag Weak OopStorage      Min:  0.0, Avg:  0.0, Max:  0.0, Diff:  0.0, Sum:  0.0, Workers: 4
[9.215s][debug][gc,phases      ] GC(19)     Dead                           Min: 0, Avg:  0.0, Max: 0, Diff: 0, Sum: 0, Workers: 4
[9.215s][debug][gc,phases      ] GC(19)     Total                          Min: 0, Avg:  0.0, Max: 0, Diff: 0, Sum: 0, Workers: 4
[9.215s][debug][gc,phases      ] GC(19)   StringTable Weak               Min:  0.1, Avg:  0.1, Max:  0.1, Diff:  0.0, Sum:  0.3, Workers: 4
[9.215s][debug][gc,phases      ] GC(19)     Dead                           Min: 0, Avg:  0.0, Max: 0, Diff: 0, Sum: 0, Workers: 4
[9.215s][debug][gc,phases      ] GC(19)     Total                          Min: 8448, Avg: 10152.0, Max: 13948, Diff: 5500, Sum: 40608, Workers: 4
[9.215s][debug][gc,phases      ] GC(19)   ResolvedMethodTable Weak       Min:  0.0, Avg:  0.0, Max:  0.0, Diff:  0.0, Sum:  0.1, Workers: 4
[9.215s][debug][gc,phases      ] GC(19)     Dead                           Min: 0, Avg:  0.0, Max: 0, Diff: 0, Sum: 0, Workers: 4
[9.215s][debug][gc,phases      ] GC(19)     Total                          Min: 1280, Avg: 1578.0, Max: 1896, Diff: 616, Sum: 6312, Workers: 4
[9.215s][debug][gc,phases      ] GC(19)   JNI Weak                       Min:  0.0, Avg:  0.0, Max:  0.0, Diff:  0.0, Sum:  0.0, Workers: 4
[9.215s][debug][gc,phases      ] GC(19)     Dead                           Min: 0, Avg:  0.0, Max: 0, Diff: 0, Sum: 0, Workers: 4
[9.215s][debug][gc,phases      ] GC(19)     Total                          Min: 0, Avg:  1.0, Max: 4, Diff: 4, Sum: 4, Workers: 4
[9.215s][debug][gc,phases      ] GC(19)   StringDedup Table Weak         Min:  0.0, Avg:  0.0, Max:  0.0, Diff:  0.0, Sum:  0.0, Workers: 4
[9.215s][debug][gc,phases      ] GC(19)     Dead                           Min: 0, Avg:  0.0, Max: 0, Diff: 0, Sum: 0, Workers: 4
[9.215s][debug][gc,phases      ] GC(19)     Total                          Min: 0, Avg:  0.0, Max: 0, Diff: 0, Sum: 0, Workers: 4
[9.215s][debug][gc,phases      ] GC(19)   StringDedup Requests0 Weak     Min:  0.0, Avg:  0.0, Max:  0.0, Diff:  0.0, Sum:  0.0, Workers: 4
[9.215s][debug][gc,phases      ] GC(19)     Dead                           Min: 0, Avg:  0.0, Max: 0, Diff: 0, Sum: 0, Workers: 4
[9.215s][debug][gc,phases      ] GC(19)     Total                          Min: 0, Avg:  0.0, Max: 0, Diff: 0, Sum: 0, Workers: 4
[9.215s][debug][gc,phases      ] GC(19)   StringDedup Requests1 Weak     Min:  0.0, Avg:  0.0, Max:  0.0, Diff:  0.0, Sum:  0.0, Workers: 4
[9.215s][debug][gc,phases      ] GC(19)     Dead                           Min: 0, Avg:  0.0, Max: 0, Diff: 0, Sum: 0, Workers: 4
[9.215s][debug][gc,phases      ] GC(19)     Total                          Min: 0, Avg:  0.0, Max: 0, Diff: 0, Sum: 0, Workers: 4
[9.215s][debug][gc,phases      ] GC(19)   Weak JFR Old Object Samples    Min:  0.0, Avg:  0.0, Max:  0.0, Diff:  0.0, Sum:  0.0, Workers: 4
[9.215s][debug][gc,phases      ] GC(19)     Dead                           Min: 0, Avg:  0.0, Max: 0, Diff: 0, Sum: 0, Workers: 4
[9.215s][debug][gc,phases      ] GC(19)     Total                          Min: 0, Avg:  0.0, Max: 0, Diff: 0, Sum: 0, Workers: 4
[9.215s][debug][gc,phases      ] GC(19) Weak Processing 0.248ms
[9.215s][debug][gc,age         ] GC(19) Desired survivor size 228065280 bytes, new threshold 13 (max threshold 15)
[9.215s][info ][gc,heap        ] GC(19) PSYoungGen: 1629833K(1849344K)->24821K(1874432K) Eden: 1608704K(1608704K)->0K(1641984K) From: 21129K(240640K)->24821K(232448K)
[9.215s][info ][gc,heap        ] GC(19) ParOldGen: 180665K(272896K)->180665K(272896K)
[9.215s][info ][gc,metaspace   ] GC(19) Metaspace: 60748K(61440K)->60748K(61440K) NonClass: 51720K(52096K)->51720K(52096K) Class: 9028K(9344K)->9028K(9344K)
[9.215s][info ][gc             ] GC(19) Pause Young (Allocation Failure) 1768M->200M(2097M) 12.250ms
[9.215s][info ][gc,cpu         ] GC(19) User=0.05s Sys=0.00s Real=0.01s
[9.215s][info ][safepoint      ] Safepoint "ParallelGCFailedAllocation", Time since last: 66595982 ns, Reaching safepoint: 136001 ns, At safepoint: 12338915 ns, Total: 12474916 ns
[9.497s][info ][gc,start       ] GC(20) Pause Young (Allocation Failure)
[9.510s][debug][gc,phases      ] GC(20) Scavenge 13.123ms
[9.510s][debug][gc,ref         ] GC(20) Skipped phase 1 of Reference Processing: no references
[9.510s][debug][gc,ref         ] GC(20) ReferenceProcessor::execute queues: 1, RefProcThreadModel::Single, marks_oops_alive: false
[9.510s][debug][gc,ref         ] GC(20) Skipped phase 3 of Reference Processing: no references
[9.510s][debug][gc,ref         ] GC(20) ReferenceProcessor::execute queues: 1, RefProcThreadModel::Single, marks_oops_alive: false
[9.510s][debug][gc,phases      ] GC(20) Reference Processing 0.156ms
[9.510s][debug][gc,phases      ] GC(20)   VM Weak                        Min:  0.0, Avg:  0.0, Max:  0.0, Diff:  0.0, Sum:  0.0, Workers: 4
[9.510s][debug][gc,phases      ] GC(20)     Dead                           Min: 0, Avg:  0.0, Max: 0, Diff: 0, Sum: 0, Workers: 4
[9.510s][debug][gc,phases      ] GC(20)     Total                          Min: 0, Avg: 135.2, Max: 320, Diff: 320, Sum: 541, Workers: 4
[9.510s][debug][gc,phases      ] GC(20)   ObjectSynchronizer Weak        Min:  0.0, Avg:  0.0, Max:  0.0, Diff:  0.0, Sum:  0.0, Workers: 4
[9.510s][debug][gc,phases      ] GC(20)     Dead                           Min: 0, Avg:  0.0, Max: 0, Diff: 0, Sum: 0, Workers: 4
[9.510s][debug][gc,phases      ] GC(20)     Total                          Min: 0, Avg: 89.0, Max: 128, Diff: 128, Sum: 356, Workers: 4
[9.510s][debug][gc,phases      ] GC(20)   JVMTI Tag Weak OopStorage      Min:  0.0, Avg:  0.0, Max:  0.0, Diff:  0.0, Sum:  0.0, Workers: 4
[9.510s][debug][gc,phases      ] GC(20)     Dead                           Min: 0, Avg:  0.0, Max: 0, Diff: 0, Sum: 0, Workers: 4
[9.510s][debug][gc,phases      ] GC(20)     Total                          Min: 0, Avg:  0.0, Max: 0, Diff: 0, Sum: 0, Workers: 4
[9.510s][debug][gc,phases      ] GC(20)   StringTable Weak               Min:  0.1, Avg:  0.1, Max:  0.1, Diff:  0.0, Sum:  0.4, Workers: 4
[9.510s][debug][gc,phases      ] GC(20)     Dead                           Min: 0, Avg:  3.0, Max: 12, Diff: 12, Sum: 12, Workers: 4
[9.510s][debug][gc,phases      ] GC(20)     Total                          Min: 9472, Avg: 10162.2, Max: 10816, Diff: 1344, Sum: 40649, Workers: 4
[9.510s][debug][gc,phases      ] GC(20)   ResolvedMethodTable Weak       Min:  0.0, Avg:  0.0, Max:  0.0, Diff:  0.0, Sum:  0.1, Workers: 4
[9.510s][debug][gc,phases      ] GC(20)     Dead                           Min: 0, Avg:  0.0, Max: 0, Diff: 0, Sum: 0, Workers: 4
[9.510s][debug][gc,phases      ] GC(20)     Total                          Min: 1448, Avg: 1578.0, Max: 1664, Diff: 216, Sum: 6312, Workers: 4
[9.510s][debug][gc,phases      ] GC(20)   JNI Weak                       Min:  0.0, Avg:  0.0, Max:  0.0, Diff:  0.0, Sum:  0.0, Workers: 4
[9.510s][debug][gc,phases      ] GC(20)     Dead                           Min: 0, Avg:  0.0, Max: 0, Diff: 0, Sum: 0, Workers: 4
[9.510s][debug][gc,phases      ] GC(20)     Total                          Min: 0, Avg:  1.0, Max: 4, Diff: 4, Sum: 4, Workers: 4
[9.510s][debug][gc,phases      ] GC(20)   StringDedup Table Weak         Min:  0.0, Avg:  0.0, Max:  0.0, Diff:  0.0, Sum:  0.0, Workers: 4
[9.510s][debug][gc,phases      ] GC(20)     Dead                           Min: 0, Avg:  0.0, Max: 0, Diff: 0, Sum: 0, Workers: 4
[9.510s][debug][gc,phases      ] GC(20)     Total                          Min: 0, Avg:  0.0, Max: 0, Diff: 0, Sum: 0, Workers: 4
[9.510s][debug][gc,phases      ] GC(20)   StringDedup Requests0 Weak     Min:  0.0, Avg:  0.0, Max:  0.0, Diff:  0.0, Sum:  0.0, Workers: 4
[9.510s][debug][gc,phases      ] GC(20)     Dead                           Min: 0, Avg:  0.0, Max: 0, Diff: 0, Sum: 0, Workers: 4
[9.510s][debug][gc,phases      ] GC(20)     Total                          Min: 0, Avg:  0.0, Max: 0, Diff: 0, Sum: 0, Workers: 4
[9.510s][debug][gc,phases      ] GC(20)   StringDedup Requests1 Weak     Min:  0.0, Avg:  0.0, Max:  0.0, Diff:  0.0, Sum:  0.0, Workers: 4
[9.510s][debug][gc,phases      ] GC(20)     Dead                           Min: 0, Avg:  0.0, Max: 0, Diff: 0, Sum: 0, Workers: 4
[9.510s][debug][gc,phases      ] GC(20)     Total                          Min: 0, Avg:  0.0, Max: 0, Diff: 0, Sum: 0, Workers: 4
[9.510s][debug][gc,phases      ] GC(20)   Weak JFR Old Object Samples    Min:  0.0, Avg:  0.0, Max:  0.0, Diff:  0.0, Sum:  0.0, Workers: 4
[9.510s][debug][gc,phases      ] GC(20)     Dead                           Min: 0, Avg:  0.0, Max: 0, Diff: 0, Sum: 0, Workers: 4
[9.510s][debug][gc,phases      ] GC(20)     Total                          Min: 0, Avg:  0.0, Max: 0, Diff: 0, Sum: 0, Workers: 4
[9.511s][debug][gc,phases      ] GC(20) Weak Processing 0.271ms
[9.511s][debug][gc,age         ] GC(20) Desired survivor size 217579520 bytes, new threshold 14 (max threshold 15)
[9.511s][info ][gc,heap        ] GC(20) PSYoungGen: 1666805K(1874432K)->27561K(1864704K) Eden: 1641984K(1641984K)->0K(1641984K) From: 24821K(232448K)->27561K(222720K)
[9.511s][info ][gc,heap        ] GC(20) ParOldGen: 180665K(272896K)->180665K(272896K)
[9.511s][info ][gc,metaspace   ] GC(20) Metaspace: 60768K(61504K)->60768K(61504K) NonClass: 51738K(52160K)->51738K(52160K) Class: 9030K(9344K)->9030K(9344K)
[9.511s][info ][gc             ] GC(20) Pause Young (Allocation Failure) 1804M->203M(2087M) 13.645ms
[9.511s][info ][gc,cpu         ] GC(20) User=0.06s Sys=0.00s Real=0.01s
[9.511s][info ][safepoint      ] Safepoint "ParallelGCFailedAllocation", Time since last: 281340849 ns, Reaching safepoint: 174400 ns, At safepoint: 13736217 ns, Total: 13910617 ns
[9.806s][info ][gc,start       ] GC(21) Pause Young (Allocation Failure)
[9.820s][debug][gc,phases      ] GC(21) Scavenge 13.958ms
[9.820s][debug][gc,ref         ] GC(21) Skipped phase 1 of Reference Processing: no references
[9.820s][debug][gc,ref         ] GC(21) ReferenceProcessor::execute queues: 1, RefProcThreadModel::Single, marks_oops_alive: false
[9.820s][debug][gc,ref         ] GC(21) Skipped phase 3 of Reference Processing: no references
[9.820s][debug][gc,ref         ] GC(21) ReferenceProcessor::execute queues: 1, RefProcThreadModel::Single, marks_oops_alive: false
[9.820s][debug][gc,phases      ] GC(21) Reference Processing 0.109ms
[9.820s][debug][gc,phases      ] GC(21)   VM Weak                        Min:  0.0, Avg:  0.0, Max:  0.0, Diff:  0.0, Sum:  0.0, Workers: 4
[9.820s][debug][gc,phases      ] GC(21)     Dead                           Min: 0, Avg:  0.0, Max: 0, Diff: 0, Sum: 0, Workers: 4
[9.820s][debug][gc,phases      ] GC(21)     Total                          Min: 0, Avg: 136.0, Max: 544, Diff: 544, Sum: 544, Workers: 4
[9.820s][debug][gc,phases      ] GC(21)   ObjectSynchronizer Weak        Min:  0.0, Avg:  0.0, Max:  0.0, Diff:  0.0, Sum:  0.0, Workers: 4
[9.820s][debug][gc,phases      ] GC(21)     Dead                           Min: 0, Avg:  0.0, Max: 0, Diff: 0, Sum: 0, Workers: 4
[9.820s][debug][gc,phases      ] GC(21)     Total                          Min: 0, Avg: 89.0, Max: 292, Diff: 292, Sum: 356, Workers: 4
[9.820s][debug][gc,phases      ] GC(21)   JVMTI Tag Weak OopStorage      Min:  0.0, Avg:  0.0, Max:  0.0, Diff:  0.0, Sum:  0.0, Workers: 4
[9.820s][debug][gc,phases      ] GC(21)     Dead                           Min: 0, Avg:  0.0, Max: 0, Diff: 0, Sum: 0, Workers: 4
[9.820s][debug][gc,phases      ] GC(21)     Total                          Min: 0, Avg:  0.0, Max: 0, Diff: 0, Sum: 0, Workers: 4
[9.820s][debug][gc,phases      ] GC(21)   StringTable Weak               Min:  0.1, Avg:  0.1, Max:  0.1, Diff:  0.0, Sum:  0.4, Workers: 4
[9.820s][debug][gc,phases      ] GC(21)     Dead                           Min: 0, Avg:  3.0, Max: 12, Diff: 12, Sum: 12, Workers: 4
[9.820s][debug][gc,phases      ] GC(21)     Total                          Min: 8628, Avg: 10163.2, Max: 13760, Diff: 5132, Sum: 40653, Workers: 4
[9.820s][debug][gc,phases      ] GC(21)   ResolvedMethodTable Weak       Min:  0.0, Avg:  0.0, Max:  0.0, Diff:  0.0, Sum:  0.1, Workers: 4
[9.820s][debug][gc,phases      ] GC(21)     Dead                           Min: 0, Avg:  0.0, Max: 0, Diff: 0, Sum: 0, Workers: 4
[9.820s][debug][gc,phases      ] GC(21)     Total                          Min: 1344, Avg: 1578.0, Max: 1856, Diff: 512, Sum: 6312, Workers: 4
[9.820s][debug][gc,phases      ] GC(21)   JNI Weak                       Min:  0.0, Avg:  0.0, Max:  0.0, Diff:  0.0, Sum:  0.0, Workers: 4
[9.820s][debug][gc,phases      ] GC(21)     Dead                           Min: 0, Avg:  0.0, Max: 0, Diff: 0, Sum: 0, Workers: 4
[9.820s][debug][gc,phases      ] GC(21)     Total                          Min: 0, Avg:  2.0, Max: 8, Diff: 8, Sum: 8, Workers: 4
[9.820s][debug][gc,phases      ] GC(21)   StringDedup Table Weak         Min:  0.0, Avg:  0.0, Max:  0.0, Diff:  0.0, Sum:  0.0, Workers: 4
[9.820s][debug][gc,phases      ] GC(21)     Dead                           Min: 0, Avg:  0.0, Max: 0, Diff: 0, Sum: 0, Workers: 4
[9.820s][debug][gc,phases      ] GC(21)     Total                          Min: 0, Avg:  0.0, Max: 0, Diff: 0, Sum: 0, Workers: 4
[9.820s][debug][gc,phases      ] GC(21)   StringDedup Requests0 Weak     Min:  0.0, Avg:  0.0, Max:  0.0, Diff:  0.0, Sum:  0.0, Workers: 4
[9.820s][debug][gc,phases      ] GC(21)     Dead                           Min: 0, Avg:  0.0, Max: 0, Diff: 0, Sum: 0, Workers: 4
[9.820s][debug][gc,phases      ] GC(21)     Total                          Min: 0, Avg:  0.0, Max: 0, Diff: 0, Sum: 0, Workers: 4
[9.820s][debug][gc,phases      ] GC(21)   StringDedup Requests1 Weak     Min:  0.0, Avg:  0.0, Max:  0.0, Diff:  0.0, Sum:  0.0, Workers: 4
[9.820s][debug][gc,phases      ] GC(21)     Dead                           Min: 0, Avg:  0.0, Max: 0, Diff: 0, Sum: 0, Workers: 4
[9.820s][debug][gc,phases      ] GC(21)     Total                          Min: 0, Avg:  0.0, Max: 0, Diff: 0, Sum: 0, Workers: 4
[9.820s][debug][gc,phases      ] GC(21)   Weak JFR Old Object Samples    Min:  0.0, Avg:  0.0, Max:  0.0, Diff:  0.0, Sum:  0.0, Workers: 4
[9.820s][debug][gc,phases      ] GC(21)     Dead                           Min: 0, Avg:  0.0, Max: 0, Diff: 0, Sum: 0, Workers: 4
[9.820s][debug][gc,phases      ] GC(21)     Total                          Min: 0, Avg:  0.0, Max: 0, Diff: 0, Sum: 0, Workers: 4
[9.820s][debug][gc,phases      ] GC(21) Weak Processing 0.253ms
[9.820s][debug][gc,age         ] GC(21) Desired survivor size 206569472 bytes, new threshold 15 (max threshold 15)
[9.820s][info ][gc,heap        ] GC(21) PSYoungGen: 1669545K(1864704K)->30671K(1895424K) Eden: 1641984K(1641984K)->0K(1682944K) From: 27561K(222720K)->30671K(212480K)
[9.820s][info ][gc,heap        ] GC(21) ParOldGen: 180665K(272896K)->180665K(272896K)
[9.820s][info ][gc,metaspace   ] GC(21) Metaspace: 60792K(61504K)->60792K(61504K) NonClass: 51760K(52160K)->51760K(52160K) Class: 9031K(9344K)->9031K(9344K)
[9.820s][info ][gc             ] GC(21) Pause Young (Allocation Failure) 1806M->206M(2117M) 14.435ms
[9.820s][info ][gc,cpu         ] GC(21) User=0.06s Sys=0.00s Real=0.01s
[9.820s][info ][safepoint      ] Safepoint "ParallelGCFailedAllocation", Time since last: 295098466 ns, Reaching safepoint: 147200 ns, At safepoint: 14528118 ns, Total: 14675318 ns
[10.107s][info ][gc,start       ] GC(22) Pause Young (Allocation Failure)
[10.119s][debug][gc,phases      ] GC(22) Scavenge 12.121ms
[10.119s][debug][gc,ref         ] GC(22) Skipped phase 1 of Reference Processing: no references
[10.119s][debug][gc,ref         ] GC(22) ReferenceProcessor::execute queues: 1, RefProcThreadModel::Single, marks_oops_alive: false
[10.119s][debug][gc,ref         ] GC(22) Skipped phase 3 of Reference Processing: no references
[10.119s][debug][gc,ref         ] GC(22) ReferenceProcessor::execute queues: 1, RefProcThreadModel::Single, marks_oops_alive: false
[10.119s][debug][gc,phases      ] GC(22) Reference Processing 0.118ms
[10.119s][debug][gc,phases      ] GC(22)   VM Weak                        Min:  0.0, Avg:  0.0, Max:  0.0, Diff:  0.0, Sum:  0.0, Workers: 4
[10.119s][debug][gc,phases      ] GC(22)     Dead                           Min: 0, Avg:  0.0, Max: 0, Diff: 0, Sum: 0, Workers: 4
[10.119s][debug][gc,phases      ] GC(22)     Total                          Min: 0, Avg: 137.2, Max: 384, Diff: 384, Sum: 549, Workers: 4
[10.119s][debug][gc,phases      ] GC(22)   ObjectSynchronizer Weak        Min:  0.0, Avg:  0.0, Max:  0.0, Diff:  0.0, Sum:  0.0, Workers: 4
[10.119s][debug][gc,phases      ] GC(22)     Dead                           Min: 0, Avg:  0.0, Max: 0, Diff: 0, Sum: 0, Workers: 4
[10.119s][debug][gc,phases      ] GC(22)     Total                          Min: 0, Avg: 89.0, Max: 192, Diff: 192, Sum: 356, Workers: 4
[10.119s][debug][gc,phases      ] GC(22)   JVMTI Tag Weak OopStorage      Min:  0.0, Avg:  0.0, Max:  0.0, Diff:  0.0, Sum:  0.0, Workers: 4
[10.119s][debug][gc,phases      ] GC(22)     Dead                           Min: 0, Avg:  0.0, Max: 0, Diff: 0, Sum: 0, Workers: 4
[10.119s][debug][gc,phases      ] GC(22)     Total                          Min: 0, Avg:  0.0, Max: 0, Diff: 0, Sum: 0, Workers: 4
[10.119s][debug][gc,phases      ] GC(22)   StringTable Weak               Min:  0.1, Avg:  0.1, Max:  0.1, Diff:  0.0, Sum:  0.3, Workers: 4
[10.119s][debug][gc,phases      ] GC(22)     Dead                           Min: 0, Avg:  1.5, Max: 4, Diff: 4, Sum: 6, Workers: 4
[10.119s][debug][gc,phases      ] GC(22)     Total                          Min: 9984, Avg: 10191.8, Max: 10432, Diff: 448, Sum: 40767, Workers: 4
[10.119s][debug][gc,phases      ] GC(22)   ResolvedMethodTable Weak       Min:  0.0, Avg:  0.0, Max:  0.0, Diff:  0.0, Sum:  0.1, Workers: 4
[10.119s][debug][gc,phases      ] GC(22)     Dead                           Min: 0, Avg:  6.2, Max: 25, Diff: 25, Sum: 25, Workers: 4
[10.119s][debug][gc,phases      ] GC(22)     Total                          Min: 1408, Avg: 1595.5, Max: 1718, Diff: 310, Sum: 6382, Workers: 4
[10.119s][debug][gc,phases      ] GC(22)   JNI Weak                       Min:  0.0, Avg:  0.0, Max:  0.0, Diff:  0.0, Sum:  0.0, Workers: 4
[10.119s][debug][gc,phases      ] GC(22)     Dead                           Min: 0, Avg:  0.0, Max: 0, Diff: 0, Sum: 0, Workers: 4
[10.119s][debug][gc,phases      ] GC(22)     Total                          Min: 0, Avg:  0.0, Max: 0, Diff: 0, Sum: 0, Workers: 4
[10.119s][debug][gc,phases      ] GC(22)   StringDedup Table Weak         Min:  0.0, Avg:  0.0, Max:  0.0, Diff:  0.0, Sum:  0.0, Workers: 4
[10.119s][debug][gc,phases      ] GC(22)     Dead                           Min: 0, Avg:  0.0, Max: 0, Diff: 0, Sum: 0, Workers: 4
[10.119s][debug][gc,phases      ] GC(22)     Total                          Min: 0, Avg:  0.0, Max: 0, Diff: 0, Sum: 0, Workers: 4
[10.119s][debug][gc,phases      ] GC(22)   StringDedup Requests0 Weak     Min:  0.0, Avg:  0.0, Max:  0.0, Diff:  0.0, Sum:  0.0, Workers: 4
[10.119s][debug][gc,phases      ] GC(22)     Dead                           Min: 0, Avg:  0.0, Max: 0, Diff: 0, Sum: 0, Workers: 4
[10.119s][debug][gc,phases      ] GC(22)     Total                          Min: 0, Avg:  0.0, Max: 0, Diff: 0, Sum: 0, Workers: 4
[10.119s][debug][gc,phases      ] GC(22)   StringDedup Requests1 Weak     Min:  0.0, Avg:  0.0, Max:  0.0, Diff:  0.0, Sum:  0.0, Workers: 4
[10.119s][debug][gc,phases      ] GC(22)     Dead                           Min: 0, Avg:  0.0, Max: 0, Diff: 0, Sum: 0, Workers: 4
[10.119s][debug][gc,phases      ] GC(22)     Total                          Min: 0, Avg:  0.0, Max: 0, Diff: 0, Sum: 0, Workers: 4
[10.119s][debug][gc,phases      ] GC(22)   Weak JFR Old Object Samples    Min:  0.0, Avg:  0.0, Max:  0.0, Diff:  0.0, Sum:  0.0, Workers: 4
[10.119s][debug][gc,phases      ] GC(22)     Dead                           Min: 0, Avg:  0.0, Max: 0, Diff: 0, Sum: 0, Workers: 4
[10.119s][debug][gc,phases      ] GC(22)     Total                          Min: 0, Avg:  0.0, Max: 0, Diff: 0, Sum: 0, Workers: 4
[10.119s][debug][gc,phases      ] GC(22) Weak Processing 0.232ms
[10.119s][debug][gc,age         ] GC(22) Desired survivor size 196083712 bytes, new threshold 15 (max threshold 15)
[10.119s][info ][gc,heap        ] GC(22) PSYoungGen: 1713615K(1895424K)->31023K(1884672K) Eden: 1682944K(1682944K)->0K(1682944K) From: 30671K(212480K)->31023K(201728K)
[10.119s][info ][gc,heap        ] GC(22) ParOldGen: 180665K(272896K)->180673K(272896K)
[10.119s][info ][gc,metaspace   ] GC(22) Metaspace: 61355K(62016K)->61355K(62016K) NonClass: 52258K(52608K)->52258K(52608K) Class: 9097K(9408K)->9097K(9408K)
[10.119s][info ][gc             ] GC(22) Pause Young (Allocation Failure) 1849M->206M(2107M) 12.579ms
[10.119s][info ][gc,cpu         ] GC(22) User=0.05s Sys=0.00s Real=0.01s
[10.119s][info ][safepoint      ] Safepoint "ParallelGCFailedAllocation", Time since last: 286123654 ns, Reaching safepoint: 178701 ns, At safepoint: 12669415 ns, Total: 12848116 ns
[10.351s][info ][gc,start       ] GC(23) Pause Young (Allocation Failure)
[10.363s][debug][gc,phases      ] GC(23) Scavenge 11.831ms
[10.363s][debug][gc,ref         ] GC(23) Skipped phase 1 of Reference Processing: no references
[10.363s][debug][gc,ref         ] GC(23) ReferenceProcessor::execute queues: 1, RefProcThreadModel::Single, marks_oops_alive: false
[10.363s][debug][gc,ref         ] GC(23) Skipped phase 3 of Reference Processing: no references
[10.363s][debug][gc,ref         ] GC(23) ReferenceProcessor::execute queues: 1, RefProcThreadModel::Single, marks_oops_alive: false
[10.363s][debug][gc,phases      ] GC(23) Reference Processing 0.118ms
[10.363s][debug][gc,phases      ] GC(23)   VM Weak                        Min:  0.0, Avg:  0.0, Max:  0.0, Diff:  0.0, Sum:  0.0, Workers: 4
[10.363s][debug][gc,phases      ] GC(23)     Dead                           Min: 0, Avg:  0.0, Max: 0, Diff: 0, Sum: 0, Workers: 4
[10.363s][debug][gc,phases      ] GC(23)     Total                          Min: 0, Avg: 137.2, Max: 549, Diff: 549, Sum: 549, Workers: 4
[10.363s][debug][gc,phases      ] GC(23)   ObjectSynchronizer Weak        Min:  0.0, Avg:  0.0, Max:  0.0, Diff:  0.0, Sum:  0.0, Workers: 4
[10.363s][debug][gc,phases      ] GC(23)     Dead                           Min: 0, Avg:  0.0, Max: 0, Diff: 0, Sum: 0, Workers: 4
[10.363s][debug][gc,phases      ] GC(23)     Total                          Min: 0, Avg: 89.0, Max: 192, Diff: 192, Sum: 356, Workers: 4
[10.363s][debug][gc,phases      ] GC(23)   JVMTI Tag Weak OopStorage      Min:  0.0, Avg:  0.0, Max:  0.0, Diff:  0.0, Sum:  0.0, Workers: 4
[10.363s][debug][gc,phases      ] GC(23)     Dead                           Min: 0, Avg:  0.0, Max: 0, Diff: 0, Sum: 0, Workers: 4
[10.363s][debug][gc,phases      ] GC(23)     Total                          Min: 0, Avg:  0.0, Max: 0, Diff: 0, Sum: 0, Workers: 4
[10.363s][debug][gc,phases      ] GC(23)   StringTable Weak               Min:  0.1, Avg:  0.1, Max:  0.1, Diff:  0.0, Sum:  0.3, Workers: 4
[10.363s][debug][gc,phases      ] GC(23)     Dead                           Min: 0, Avg:  3.0, Max: 12, Diff: 12, Sum: 12, Workers: 4
[10.363s][debug][gc,phases      ] GC(23)     Total                          Min: 7680, Avg: 10428.0, Max: 11776, Diff: 4096, Sum: 41712, Workers: 4
[10.363s][debug][gc,phases      ] GC(23)   ResolvedMethodTable Weak       Min:  0.0, Avg:  0.0, Max:  0.0, Diff:  0.0, Sum:  0.1, Workers: 4
[10.363s][debug][gc,phases      ] GC(23)     Dead                           Min: 0, Avg: 21.0, Max: 76, Diff: 76, Sum: 84, Workers: 4
[10.363s][debug][gc,phases      ] GC(23)     Total                          Min: 1344, Avg: 1615.2, Max: 1728, Diff: 384, Sum: 6461, Workers: 4
[10.363s][debug][gc,phases      ] GC(23)   JNI Weak                       Min:  0.0, Avg:  0.0, Max:  0.0, Diff:  0.0, Sum:  0.0, Workers: 4
[10.363s][debug][gc,phases      ] GC(23)     Dead                           Min: 0, Avg:  0.0, Max: 0, Diff: 0, Sum: 0, Workers: 4
[10.363s][debug][gc,phases      ] GC(23)     Total                          Min: 0, Avg:  0.0, Max: 0, Diff: 0, Sum: 0, Workers: 4
[10.363s][debug][gc,phases      ] GC(23)   StringDedup Table Weak         Min:  0.0, Avg:  0.0, Max:  0.0, Diff:  0.0, Sum:  0.0, Workers: 4
[10.363s][debug][gc,phases      ] GC(23)     Dead                           Min: 0, Avg:  0.0, Max: 0, Diff: 0, Sum: 0, Workers: 4
[10.363s][debug][gc,phases      ] GC(23)     Total                          Min: 0, Avg:  0.0, Max: 0, Diff: 0, Sum: 0, Workers: 4
[10.363s][debug][gc,phases      ] GC(23)   StringDedup Requests0 Weak     Min:  0.0, Avg:  0.0, Max:  0.0, Diff:  0.0, Sum:  0.0, Workers: 4
[10.363s][debug][gc,phases      ] GC(23)     Dead                           Min: 0, Avg:  0.0, Max: 0, Diff: 0, Sum: 0, Workers: 4
[10.363s][debug][gc,phases      ] GC(23)     Total                          Min: 0, Avg:  0.0, Max: 0, Diff: 0, Sum: 0, Workers: 4
[10.363s][debug][gc,phases      ] GC(23)   StringDedup Requests1 Weak     Min:  0.0, Avg:  0.0, Max:  0.0, Diff:  0.0, Sum:  0.0, Workers: 4
[10.363s][debug][gc,phases      ] GC(23)     Dead                           Min: 0, Avg:  0.0, Max: 0, Diff: 0, Sum: 0, Workers: 4
[10.363s][debug][gc,phases      ] GC(23)     Total                          Min: 0, Avg:  0.0, Max: 0, Diff: 0, Sum: 0, Workers: 4
[10.363s][debug][gc,phases      ] GC(23)   Weak JFR Old Object Samples    Min:  0.0, Avg:  0.0, Max:  0.0, Diff:  0.0, Sum:  0.0, Workers: 4
[10.363s][debug][gc,phases      ] GC(23)     Dead                           Min: 0, Avg:  0.0, Max: 0, Diff: 0, Sum: 0, Workers: 4
[10.363s][debug][gc,phases      ] GC(23)     Total                          Min: 0, Avg:  0.0, Max: 0, Diff: 0, Sum: 0, Workers: 4
[10.363s][debug][gc,phases      ] GC(23) Weak Processing 0.247ms
[10.364s][debug][gc,age         ] GC(23) Desired survivor size 185597952 bytes, new threshold 15 (max threshold 15)
[10.364s][info ][gc,heap        ] GC(23) PSYoungGen: 1713967K(1884672K)->30751K(1915904K) Eden: 1682944K(1682944K)->0K(1724416K) From: 31023K(201728K)->30751K(191488K)
[10.364s][info ][gc,heap        ] GC(23) ParOldGen: 180673K(272896K)->182177K(272896K)
[10.364s][info ][gc,metaspace   ] GC(23) Metaspace: 63392K(64128K)->63392K(64128K) NonClass: 54028K(54400K)->54028K(54400K) Class: 9364K(9728K)->9364K(9728K)
[10.364s][info ][gc             ] GC(23) Pause Young (Allocation Failure) 1850M->207M(2137M) 12.307ms
[10.364s][info ][gc,cpu         ] GC(23) User=0.04s Sys=0.00s Real=0.02s
[10.364s][info ][safepoint      ] Safepoint "ParallelGCFailedAllocation", Time since last: 231746888 ns, Reaching safepoint: 103400 ns, At safepoint: 12396615 ns, Total: 12500015 ns
[10.681s][info ][gc,start       ] GC(24) Pause Young (Allocation Failure)
[10.694s][debug][gc,phases      ] GC(24) Scavenge 13.605ms
[10.694s][debug][gc,ref         ] GC(24) Skipped phase 1 of Reference Processing: no references
[10.694s][debug][gc,ref         ] GC(24) ReferenceProcessor::execute queues: 1, RefProcThreadModel::Single, marks_oops_alive: false
[10.695s][debug][gc,ref         ] GC(24) Skipped phase 3 of Reference Processing: no references
[10.695s][debug][gc,ref         ] GC(24) ReferenceProcessor::execute queues: 1, RefProcThreadModel::Single, marks_oops_alive: false
[10.695s][debug][gc,phases      ] GC(24) Reference Processing 0.149ms
[10.695s][debug][gc,phases      ] GC(24)   VM Weak                        Min:  0.0, Avg:  0.0, Max:  0.0, Diff:  0.0, Sum:  0.0, Workers: 4
[10.695s][debug][gc,phases      ] GC(24)     Dead                           Min: 0, Avg:  0.0, Max: 0, Diff: 0, Sum: 0, Workers: 4
[10.695s][debug][gc,phases      ] GC(24)     Total                          Min: 0, Avg: 142.8, Max: 512, Diff: 512, Sum: 571, Workers: 4
[10.695s][debug][gc,phases      ] GC(24)   ObjectSynchronizer Weak        Min:  0.0, Avg:  0.0, Max:  0.0, Diff:  0.0, Sum:  0.0, Workers: 4
[10.695s][debug][gc,phases      ] GC(24)     Dead                           Min: 0, Avg:  0.0, Max: 0, Diff: 0, Sum: 0, Workers: 4
[10.695s][debug][gc,phases      ] GC(24)     Total                          Min: 0, Avg: 89.2, Max: 165, Diff: 165, Sum: 357, Workers: 4
[10.695s][debug][gc,phases      ] GC(24)   JVMTI Tag Weak OopStorage      Min:  0.0, Avg:  0.0, Max:  0.0, Diff:  0.0, Sum:  0.0, Workers: 4
[10.695s][debug][gc,phases      ] GC(24)     Dead                           Min: 0, Avg:  0.0, Max: 0, Diff: 0, Sum: 0, Workers: 4
[10.695s][debug][gc,phases      ] GC(24)     Total                          Min: 0, Avg:  0.0, Max: 0, Diff: 0, Sum: 0, Workers: 4
[10.695s][debug][gc,phases      ] GC(24)   StringTable Weak               Min:  0.1, Avg:  0.1, Max:  0.1, Diff:  0.0, Sum:  0.3, Workers: 4
[10.695s][debug][gc,phases      ] GC(24)     Dead                           Min: 0, Avg:  1.0, Max: 2, Diff: 2, Sum: 4, Workers: 4
[10.695s][debug][gc,phases      ] GC(24)     Total                          Min: 8401, Avg: 10548.2, Max: 12672, Diff: 4271, Sum: 42193, Workers: 4
[10.695s][debug][gc,phases      ] GC(24)   ResolvedMethodTable Weak       Min:  0.0, Avg:  0.0, Max:  0.0, Diff:  0.0, Sum:  0.1, Workers: 4
[10.695s][debug][gc,phases      ] GC(24)     Dead                           Min: 1, Avg: 15.5, Max: 33, Diff: 32, Sum: 62, Workers: 4
[10.695s][debug][gc,phases      ] GC(24)     Total                          Min: 1343, Avg: 1662.8, Max: 1917, Diff: 574, Sum: 6651, Workers: 4
[10.695s][debug][gc,phases      ] GC(24)   JNI Weak                       Min:  0.0, Avg:  0.0, Max:  0.0, Diff:  0.0, Sum:  0.0, Workers: 4
[10.695s][debug][gc,phases      ] GC(24)     Dead                           Min: 0, Avg:  0.0, Max: 0, Diff: 0, Sum: 0, Workers: 4
[10.695s][debug][gc,phases      ] GC(24)     Total                          Min: 0, Avg:  8.8, Max: 35, Diff: 35, Sum: 35, Workers: 4
[10.695s][debug][gc,phases      ] GC(24)   StringDedup Table Weak         Min:  0.0, Avg:  0.0, Max:  0.0, Diff:  0.0, Sum:  0.0, Workers: 4
[10.695s][debug][gc,phases      ] GC(24)     Dead                           Min: 0, Avg:  0.0, Max: 0, Diff: 0, Sum: 0, Workers: 4
[10.695s][debug][gc,phases      ] GC(24)     Total                          Min: 0, Avg:  0.0, Max: 0, Diff: 0, Sum: 0, Workers: 4
[10.695s][debug][gc,phases      ] GC(24)   StringDedup Requests0 Weak     Min:  0.0, Avg:  0.0, Max:  0.0, Diff:  0.0, Sum:  0.0, Workers: 4
[10.695s][debug][gc,phases      ] GC(24)     Dead                           Min: 0, Avg:  0.0, Max: 0, Diff: 0, Sum: 0, Workers: 4
[10.695s][debug][gc,phases      ] GC(24)     Total                          Min: 0, Avg:  0.0, Max: 0, Diff: 0, Sum: 0, Workers: 4
[10.695s][debug][gc,phases      ] GC(24)   StringDedup Requests1 Weak     Min:  0.0, Avg:  0.0, Max:  0.0, Diff:  0.0, Sum:  0.0, Workers: 4
[10.695s][debug][gc,phases      ] GC(24)     Dead                           Min: 0, Avg:  0.0, Max: 0, Diff: 0, Sum: 0, Workers: 4
[10.695s][debug][gc,phases      ] GC(24)     Total                          Min: 0, Avg:  0.0, Max: 0, Diff: 0, Sum: 0, Workers: 4
[10.695s][debug][gc,phases      ] GC(24)   Weak JFR Old Object Samples    Min:  0.0, Avg:  0.0, Max:  0.0, Diff:  0.0, Sum:  0.0, Workers: 4
[10.695s][debug][gc,phases      ] GC(24)     Dead                           Min: 0, Avg:  0.0, Max: 0, Diff: 0, Sum: 0, Workers: 4
[10.695s][debug][gc,phases      ] GC(24)     Total                          Min: 0, Avg:  0.0, Max: 0, Diff: 0, Sum: 0, Workers: 4
[10.695s][debug][gc,phases      ] GC(24) Weak Processing 0.276ms
[10.695s][debug][gc,age         ] GC(24) Desired survivor size 176160768 bytes, new threshold 15 (max threshold 15)
[10.695s][info ][gc,heap        ] GC(24) PSYoungGen: 1755167K(1915904K)->29678K(1905664K) Eden: 1724416K(1724416K)->0K(1724416K) From: 30751K(191488K)->29678K(181248K)
[10.695s][info ][gc,heap        ] GC(24) ParOldGen: 182177K(272896K)->187247K(272896K)
[10.695s][info ][gc,metaspace   ] GC(24) Metaspace: 66082K(66816K)->66082K(66816K) NonClass: 56399K(56768K)->56399K(56768K) Class: 9682K(10048K)->9682K(10048K)
[10.695s][info ][gc             ] GC(24) Pause Young (Allocation Failure) 1891M->211M(2127M) 14.145ms
[10.695s][info ][gc,cpu         ] GC(24) User=0.05s Sys=0.00s Real=0.02s
[10.695s][info ][safepoint      ] Safepoint "ParallelGCFailedAllocation", Time since last: 316913193 ns, Reaching safepoint: 178500 ns, At safepoint: 14253918 ns, Total: 14432418 ns
[10.994s][info ][gc,start       ] GC(25) Pause Young (Allocation Failure)
[11.040s][debug][gc,phases      ] GC(25) Scavenge 45.649ms
[11.040s][debug][gc,ref         ] GC(25) Skipped phase 1 of Reference Processing: no references
[11.040s][debug][gc,ref         ] GC(25) ReferenceProcessor::execute queues: 1, RefProcThreadModel::Single, marks_oops_alive: false
[11.040s][debug][gc,ref         ] GC(25) Skipped phase 3 of Reference Processing: no references
[11.040s][debug][gc,ref         ] GC(25) ReferenceProcessor::execute queues: 1, RefProcThreadModel::Single, marks_oops_alive: false
[11.040s][debug][gc,phases      ] GC(25) Reference Processing 0.175ms
[11.040s][debug][gc,phases      ] GC(25)   VM Weak                        Min:  0.0, Avg:  0.0, Max:  0.0, Diff:  0.0, Sum:  0.0, Workers: 4
[11.040s][debug][gc,phases      ] GC(25)     Dead                           Min: 0, Avg:  0.0, Max: 0, Diff: 0, Sum: 0, Workers: 4
[11.040s][debug][gc,phases      ] GC(25)     Total                          Min: 0, Avg: 142.8, Max: 571, Diff: 571, Sum: 571, Workers: 4
[11.040s][debug][gc,phases      ] GC(25)   ObjectSynchronizer Weak        Min:  0.0, Avg:  0.0, Max:  0.0, Diff:  0.0, Sum:  0.0, Workers: 4
[11.040s][debug][gc,phases      ] GC(25)     Dead                           Min: 0, Avg:  0.0, Max: 0, Diff: 0, Sum: 0, Workers: 4
[11.040s][debug][gc,phases      ] GC(25)     Total                          Min: 0, Avg: 89.2, Max: 293, Diff: 293, Sum: 357, Workers: 4
[11.040s][debug][gc,phases      ] GC(25)   JVMTI Tag Weak OopStorage      Min:  0.0, Avg:  0.0, Max:  0.0, Diff:  0.0, Sum:  0.0, Workers: 4
[11.040s][debug][gc,phases      ] GC(25)     Dead                           Min: 0, Avg:  0.0, Max: 0, Diff: 0, Sum: 0, Workers: 4
[11.040s][debug][gc,phases      ] GC(25)     Total                          Min: 0, Avg:  0.0, Max: 0, Diff: 0, Sum: 0, Workers: 4
[11.040s][debug][gc,phases      ] GC(25)   StringTable Weak               Min:  0.1, Avg:  0.1, Max:  0.1, Diff:  0.0, Sum:  0.4, Workers: 4
[11.041s][debug][gc,phases      ] GC(25)     Dead                           Min: 0, Avg:  2.8, Max: 11, Diff: 11, Sum: 11, Workers: 4
[11.041s][debug][gc,phases      ] GC(25)     Total                          Min: 8384, Avg: 10563.2, Max: 12608, Diff: 4224, Sum: 42253, Workers: 4
[11.041s][debug][gc,phases      ] GC(25)   ResolvedMethodTable Weak       Min:  0.0, Avg:  0.0, Max:  0.0, Diff:  0.0, Sum:  0.1, Workers: 4
[11.041s][debug][gc,phases      ] GC(25)     Dead                           Min: 0, Avg:  0.0, Max: 0, Diff: 0, Sum: 0, Workers: 4
[11.041s][debug][gc,phases      ] GC(25)     Total                          Min: 1024, Avg: 1667.5, Max: 2240, Diff: 1216, Sum: 6670, Workers: 4
[11.041s][debug][gc,phases      ] GC(25)   JNI Weak                       Min:  0.0, Avg:  0.0, Max:  0.0, Diff:  0.0, Sum:  0.0, Workers: 4
[11.041s][debug][gc,phases      ] GC(25)     Dead                           Min: 0, Avg:  0.0, Max: 0, Diff: 0, Sum: 0, Workers: 4
[11.041s][debug][gc,phases      ] GC(25)     Total                          Min: 0, Avg:  2.5, Max: 10, Diff: 10, Sum: 10, Workers: 4
[11.041s][debug][gc,phases      ] GC(25)   StringDedup Table Weak         Min:  0.0, Avg:  0.0, Max:  0.0, Diff:  0.0, Sum:  0.0, Workers: 4
[11.041s][debug][gc,phases      ] GC(25)     Dead                           Min: 0, Avg:  0.0, Max: 0, Diff: 0, Sum: 0, Workers: 4
[11.041s][debug][gc,phases      ] GC(25)     Total                          Min: 0, Avg:  0.0, Max: 0, Diff: 0, Sum: 0, Workers: 4
[11.041s][debug][gc,phases      ] GC(25)   StringDedup Requests0 Weak     Min:  0.0, Avg:  0.0, Max:  0.0, Diff:  0.0, Sum:  0.0, Workers: 4
[11.041s][debug][gc,phases      ] GC(25)     Dead                           Min: 0, Avg:  0.0, Max: 0, Diff: 0, Sum: 0, Workers: 4
[11.041s][debug][gc,phases      ] GC(25)     Total                          Min: 0, Avg:  0.0, Max: 0, Diff: 0, Sum: 0, Workers: 4
[11.041s][debug][gc,phases      ] GC(25)   StringDedup Requests1 Weak     Min:  0.0, Avg:  0.0, Max:  0.0, Diff:  0.0, Sum:  0.0, Workers: 4
[11.041s][debug][gc,phases      ] GC(25)     Dead                           Min: 0, Avg:  0.0, Max: 0, Diff: 0, Sum: 0, Workers: 4
[11.041s][debug][gc,phases      ] GC(25)     Total                          Min: 0, Avg:  0.0, Max: 0, Diff: 0, Sum: 0, Workers: 4
[11.041s][debug][gc,phases      ] GC(25)   Weak JFR Old Object Samples    Min:  0.0, Avg:  0.0, Max:  0.0, Diff:  0.0, Sum:  0.0, Workers: 4
[11.041s][debug][gc,phases      ] GC(25)     Dead                           Min: 0, Avg:  0.0, Max: 0, Diff: 0, Sum: 0, Workers: 4
[11.041s][debug][gc,phases      ] GC(25)     Total                          Min: 0, Avg:  0.0, Max: 0, Diff: 0, Sum: 0, Workers: 4
[11.041s][debug][gc,phases      ] GC(25) Weak Processing 0.264ms
[11.041s][debug][gc,age         ] GC(25) Desired survivor size 177209344 bytes, new threshold 15 (max threshold 15)
[11.041s][info ][gc,heap        ] GC(25) PSYoungGen: 1754094K(1905664K)->84814K(1923072K) Eden: 1724416K(1724416K)->0K(1751040K) From: 29678K(181248K)->84814K(172032K)
[11.041s][info ][gc,heap        ] GC(25) ParOldGen: 187247K(272896K)->189175K(272896K)
[11.041s][info ][gc,metaspace   ] GC(25) Metaspace: 66139K(66880K)->66139K(66880K) NonClass: 56448K(56832K)->56448K(56832K) Class: 9690K(10048K)->9690K(10048K)
[11.041s][info ][gc             ] GC(25) Pause Young (Allocation Failure) 1895M->267M(2144M) 46.199ms
[11.041s][info ][gc,cpu         ] GC(25) User=0.18s Sys=0.00s Real=0.04s
[11.041s][info ][safepoint      ] Safepoint "ParallelGCFailedAllocation", Time since last: 299336771 ns, Reaching safepoint: 115700 ns, At safepoint: 46287457 ns, Total: 46403157 ns
[11.395s][info ][gc,start       ] GC(26) Pause Young (Allocation Failure)
[11.461s][debug][gc,phases      ] GC(26) Scavenge 65.534ms
[11.461s][debug][gc,ref         ] GC(26) Skipped phase 1 of Reference Processing: no references
[11.461s][debug][gc,ref         ] GC(26) ReferenceProcessor::execute queues: 1, RefProcThreadModel::Single, marks_oops_alive: false
[11.461s][debug][gc,ref         ] GC(26) Skipped phase 3 of Reference Processing: no references
[11.461s][debug][gc,ref         ] GC(26) ReferenceProcessor::execute queues: 1, RefProcThreadModel::Single, marks_oops_alive: false
[11.461s][debug][gc,phases      ] GC(26) Reference Processing 0.141ms
[11.461s][debug][gc,phases      ] GC(26)   VM Weak                        Min:  0.0, Avg:  0.0, Max:  0.0, Diff:  0.0, Sum:  0.0, Workers: 4
[11.461s][debug][gc,phases      ] GC(26)     Dead                           Min: 0, Avg:  0.0, Max: 0, Diff: 0, Sum: 0, Workers: 4
[11.461s][debug][gc,phases      ] GC(26)     Total                          Min: 0, Avg: 142.8, Max: 571, Diff: 571, Sum: 571, Workers: 4
[11.461s][debug][gc,phases      ] GC(26)   ObjectSynchronizer Weak        Min:  0.0, Avg:  0.0, Max:  0.0, Diff:  0.0, Sum:  0.0, Workers: 4
[11.461s][debug][gc,phases      ] GC(26)     Dead                           Min: 0, Avg:  0.0, Max: 0, Diff: 0, Sum: 0, Workers: 4
[11.461s][debug][gc,phases      ] GC(26)     Total                          Min: 0, Avg: 89.2, Max: 165, Diff: 165, Sum: 357, Workers: 4
[11.461s][debug][gc,phases      ] GC(26)   JVMTI Tag Weak OopStorage      Min:  0.0, Avg:  0.0, Max:  0.0, Diff:  0.0, Sum:  0.0, Workers: 4
[11.461s][debug][gc,phases      ] GC(26)     Dead                           Min: 0, Avg:  0.0, Max: 0, Diff: 0, Sum: 0, Workers: 4
[11.461s][debug][gc,phases      ] GC(26)     Total                          Min: 0, Avg:  0.0, Max: 0, Diff: 0, Sum: 0, Workers: 4
[11.461s][debug][gc,phases      ] GC(26)   StringTable Weak               Min:  0.1, Avg:  0.1, Max:  0.1, Diff:  0.0, Sum:  0.4, Workers: 4
[11.461s][debug][gc,phases      ] GC(26)     Dead                           Min: 0, Avg:  2.8, Max: 11, Diff: 11, Sum: 11, Workers: 4
[11.461s][debug][gc,phases      ] GC(26)     Total                          Min: 9024, Avg: 10563.2, Max: 13493, Diff: 4469, Sum: 42253, Workers: 4
[11.461s][debug][gc,phases      ] GC(26)   ResolvedMethodTable Weak       Min:  0.0, Avg:  0.0, Max:  0.0, Diff:  0.0, Sum:  0.1, Workers: 4
[11.461s][debug][gc,phases      ] GC(26)     Dead                           Min: 0, Avg:  0.0, Max: 0, Diff: 0, Sum: 0, Workers: 4
[11.461s][debug][gc,phases      ] GC(26)     Total                          Min: 1472, Avg: 1667.5, Max: 1856, Diff: 384, Sum: 6670, Workers: 4
[11.461s][debug][gc,phases      ] GC(26)   JNI Weak                       Min:  0.0, Avg:  0.0, Max:  0.0, Diff:  0.0, Sum:  0.0, Workers: 4
[11.461s][debug][gc,phases      ] GC(26)     Dead                           Min: 0, Avg:  0.0, Max: 0, Diff: 0, Sum: 0, Workers: 4
[11.461s][debug][gc,phases      ] GC(26)     Total                          Min: 0, Avg:  3.5, Max: 14, Diff: 14, Sum: 14, Workers: 4
[11.461s][debug][gc,phases      ] GC(26)   StringDedup Table Weak         Min:  0.0, Avg:  0.0, Max:  0.0, Diff:  0.0, Sum:  0.0, Workers: 4
[11.461s][debug][gc,phases      ] GC(26)     Dead                           Min: 0, Avg:  0.0, Max: 0, Diff: 0, Sum: 0, Workers: 4
[11.461s][debug][gc,phases      ] GC(26)     Total                          Min: 0, Avg:  0.0, Max: 0, Diff: 0, Sum: 0, Workers: 4
[11.461s][debug][gc,phases      ] GC(26)   StringDedup Requests0 Weak     Min:  0.0, Avg:  0.0, Max:  0.0, Diff:  0.0, Sum:  0.0, Workers: 4
[11.461s][debug][gc,phases      ] GC(26)     Dead                           Min: 0, Avg:  0.0, Max: 0, Diff: 0, Sum: 0, Workers: 4
[11.461s][debug][gc,phases      ] GC(26)     Total                          Min: 0, Avg:  0.0, Max: 0, Diff: 0, Sum: 0, Workers: 4
[11.461s][debug][gc,phases      ] GC(26)   StringDedup Requests1 Weak     Min:  0.0, Avg:  0.0, Max:  0.0, Diff:  0.0, Sum:  0.0, Workers: 4
[11.462s][debug][gc,phases      ] GC(26)     Dead                           Min: 0, Avg:  0.0, Max: 0, Diff: 0, Sum: 0, Workers: 4
[11.462s][debug][gc,phases      ] GC(26)     Total                          Min: 0, Avg:  0.0, Max: 0, Diff: 0, Sum: 0, Workers: 4
[11.462s][debug][gc,phases      ] GC(26)   Weak JFR Old Object Samples    Min:  0.0, Avg:  0.0, Max:  0.0, Diff:  0.0, Sum:  0.0, Workers: 4
[11.462s][debug][gc,phases      ] GC(26)     Dead                           Min: 0, Avg:  0.0, Max: 0, Diff: 0, Sum: 0, Workers: 4
[11.462s][debug][gc,phases      ] GC(26)     Total                          Min: 0, Avg:  0.0, Max: 0, Diff: 0, Sum: 0, Workers: 4
[11.462s][debug][gc,phases      ] GC(26) Weak Processing 0.280ms
[11.462s][debug][gc,age         ] GC(26) Desired survivor size 193986560 bytes, new threshold 15 (max threshold 15)
[11.462s][info ][gc,heap        ] GC(26) PSYoungGen: 1835854K(1923072K)->128702K(1880064K) Eden: 1751040K(1751040K)->0K(1751040K) From: 84814K(172032K)->128702K(129024K)
[11.462s][info ][gc,heap        ] GC(26) ParOldGen: 189175K(272896K)->191407K(272896K)
[11.462s][info ][gc,metaspace   ] GC(26) Metaspace: 66141K(66880K)->66141K(66880K) NonClass: 56450K(56832K)->56450K(56832K) Class: 9690K(10048K)->9690K(10048K)
[11.462s][info ][gc             ] GC(26) Pause Young (Allocation Failure) 1977M->312M(2102M) 66.077ms
[11.462s][info ][gc,cpu         ] GC(26) User=0.24s Sys=0.03s Real=0.06s
[11.462s][info ][safepoint      ] Safepoint "ParallelGCFailedAllocation", Time since last: 354643340 ns, Reaching safepoint: 122600 ns, At safepoint: 66176882 ns, Total: 66299482 ns
[11.806s][info ][gc,start       ] GC(27) Pause Young (Allocation Failure)
[11.903s][debug][gc,phases      ] GC(27) Scavenge 97.119ms
[11.903s][debug][gc,ref         ] GC(27) Skipped phase 1 of Reference Processing: no references
[11.903s][debug][gc,ref         ] GC(27) ReferenceProcessor::execute queues: 1, RefProcThreadModel::Single, marks_oops_alive: false
[11.903s][debug][gc,ref         ] GC(27) Skipped phase 3 of Reference Processing: no references
[11.903s][debug][gc,ref         ] GC(27) ReferenceProcessor::execute queues: 1, RefProcThreadModel::Single, marks_oops_alive: false
[11.903s][debug][gc,phases      ] GC(27) Reference Processing 0.131ms
[11.903s][debug][gc,phases      ] GC(27)   VM Weak                        Min:  0.0, Avg:  0.0, Max:  0.0, Diff:  0.0, Sum:  0.0, Workers: 4
[11.903s][debug][gc,phases      ] GC(27)     Dead                           Min: 0, Avg:  0.0, Max: 0, Diff: 0, Sum: 0, Workers: 4
[11.903s][debug][gc,phases      ] GC(27)     Total                          Min: 0, Avg: 142.8, Max: 320, Diff: 320, Sum: 571, Workers: 4
[11.903s][debug][gc,phases      ] GC(27)   ObjectSynchronizer Weak        Min:  0.0, Avg:  0.0, Max:  0.0, Diff:  0.0, Sum:  0.0, Workers: 4
[11.903s][debug][gc,phases      ] GC(27)     Dead                           Min: 0, Avg:  0.0, Max: 0, Diff: 0, Sum: 0, Workers: 4
[11.903s][debug][gc,phases      ] GC(27)     Total                          Min: 0, Avg: 89.2, Max: 192, Diff: 192, Sum: 357, Workers: 4
[11.903s][debug][gc,phases      ] GC(27)   JVMTI Tag Weak OopStorage      Min:  0.0, Avg:  0.0, Max:  0.0, Diff:  0.0, Sum:  0.0, Workers: 4
[11.903s][debug][gc,phases      ] GC(27)     Dead                           Min: 0, Avg:  0.0, Max: 0, Diff: 0, Sum: 0, Workers: 4
[11.903s][debug][gc,phases      ] GC(27)     Total                          Min: 0, Avg:  0.0, Max: 0, Diff: 0, Sum: 0, Workers: 4
[11.903s][debug][gc,phases      ] GC(27)   StringTable Weak               Min:  0.1, Avg:  0.1, Max:  0.1, Diff:  0.0, Sum:  0.3, Workers: 4
[11.903s][debug][gc,phases      ] GC(27)     Dead                           Min: 0, Avg:  2.8, Max: 11, Diff: 11, Sum: 11, Workers: 4
[11.903s][debug][gc,phases      ] GC(27)     Total                          Min: 7680, Avg: 10563.2, Max: 11672, Diff: 3992, Sum: 42253, Workers: 4
[11.903s][debug][gc,phases      ] GC(27)   ResolvedMethodTable Weak       Min:  0.0, Avg:  0.0, Max:  0.0, Diff:  0.0, Sum:  0.1, Workers: 4
[11.903s][debug][gc,phases      ] GC(27)     Dead                           Min: 0, Avg:  0.0, Max: 0, Diff: 0, Sum: 0, Workers: 4
[11.903s][debug][gc,phases      ] GC(27)     Total                          Min: 1344, Avg: 1667.5, Max: 1984, Diff: 640, Sum: 6670, Workers: 4
[11.903s][debug][gc,phases      ] GC(27)   JNI Weak                       Min:  0.0, Avg:  0.0, Max:  0.0, Diff:  0.0, Sum:  0.0, Workers: 4
[11.903s][debug][gc,phases      ] GC(27)     Dead                           Min: 0, Avg:  0.0, Max: 0, Diff: 0, Sum: 0, Workers: 4
[11.903s][debug][gc,phases      ] GC(27)     Total                          Min: 0, Avg:  3.5, Max: 14, Diff: 14, Sum: 14, Workers: 4
[11.903s][debug][gc,phases      ] GC(27)   StringDedup Table Weak         Min:  0.0, Avg:  0.0, Max:  0.0, Diff:  0.0, Sum:  0.0, Workers: 4
[11.903s][debug][gc,phases      ] GC(27)     Dead                           Min: 0, Avg:  0.0, Max: 0, Diff: 0, Sum: 0, Workers: 4
[11.903s][debug][gc,phases      ] GC(27)     Total                          Min: 0, Avg:  0.0, Max: 0, Diff: 0, Sum: 0, Workers: 4
[11.903s][debug][gc,phases      ] GC(27)   StringDedup Requests0 Weak     Min:  0.0, Avg:  0.0, Max:  0.0, Diff:  0.0, Sum:  0.0, Workers: 4
[11.903s][debug][gc,phases      ] GC(27)     Dead                           Min: 0, Avg:  0.0, Max: 0, Diff: 0, Sum: 0, Workers: 4
[11.903s][debug][gc,phases      ] GC(27)     Total                          Min: 0, Avg:  0.0, Max: 0, Diff: 0, Sum: 0, Workers: 4
[11.903s][debug][gc,phases      ] GC(27)   StringDedup Requests1 Weak     Min:  0.0, Avg:  0.0, Max:  0.0, Diff:  0.0, Sum:  0.0, Workers: 4
[11.903s][debug][gc,phases      ] GC(27)     Dead                           Min: 0, Avg:  0.0, Max: 0, Diff: 0, Sum: 0, Workers: 4
[11.903s][debug][gc,phases      ] GC(27)     Total                          Min: 0, Avg:  0.0, Max: 0, Diff: 0, Sum: 0, Workers: 4
[11.903s][debug][gc,phases      ] GC(27)   Weak JFR Old Object Samples    Min:  0.0, Avg:  0.0, Max:  0.0, Diff:  0.0, Sum:  0.0, Workers: 4
[11.903s][debug][gc,phases      ] GC(27)     Dead                           Min: 0, Avg:  0.0, Max: 0, Diff: 0, Sum: 0, Workers: 4
[11.903s][debug][gc,phases      ] GC(27)     Total                          Min: 0, Avg:  0.0, Max: 0, Diff: 0, Sum: 0, Workers: 4
[11.903s][debug][gc,phases      ] GC(27) Weak Processing 0.256ms
[11.903s][debug][gc,age         ] GC(27) Desired survivor size 240648192 bytes, new threshold 14 (max threshold 15)
[11.903s][info ][gc,heap        ] GC(27) PSYoungGen: 1879742K(1880064K)->189438K(1816576K) Eden: 1751040K(1751040K)->0K(1627136K) From: 128702K(129024K)->189438K(189440K)
[11.903s][info ][gc,heap        ] GC(27) ParOldGen: 191407K(272896K)->220575K(272896K)
[11.903s][info ][gc,metaspace   ] GC(27) Metaspace: 66145K(66880K)->66145K(66880K) NonClass: 56454K(56832K)->56454K(56832K) Class: 9690K(10048K)->9690K(10048K)
[11.903s][info ][gc             ] GC(27) Pause Young (Allocation Failure) 2022M->400M(2040M) 97.622ms
[11.903s][info ][gc,cpu         ] GC(27) User=0.34s Sys=0.04s Real=0.10s
[11.903s][info ][safepoint      ] Safepoint "ParallelGCFailedAllocation", Time since last: 343598026 ns, Reaching safepoint: 247400 ns, At safepoint: 97729121 ns, Total: 97976521 ns
[12.136s][info ][gc,start       ] GC(28) Pause Young (Allocation Failure)
[12.284s][debug][gc,phases      ] GC(28) Scavenge 147.731ms
[12.284s][debug][gc,ref         ] GC(28) Skipped phase 1 of Reference Processing: no references
[12.284s][debug][gc,ref         ] GC(28) ReferenceProcessor::execute queues: 1, RefProcThreadModel::Single, marks_oops_alive: false
[12.284s][debug][gc,ref         ] GC(28) Skipped phase 3 of Reference Processing: no references
[12.284s][debug][gc,ref         ] GC(28) ReferenceProcessor::execute queues: 1, RefProcThreadModel::Single, marks_oops_alive: false
[12.284s][debug][gc,phases      ] GC(28) Reference Processing 0.124ms
[12.284s][debug][gc,phases      ] GC(28)   VM Weak                        Min:  0.0, Avg:  0.0, Max:  0.0, Diff:  0.0, Sum:  0.0, Workers: 4
[12.284s][debug][gc,phases      ] GC(28)     Dead                           Min: 0, Avg:  0.0, Max: 0, Diff: 0, Sum: 0, Workers: 4
[12.284s][debug][gc,phases      ] GC(28)     Total                          Min: 0, Avg: 142.8, Max: 571, Diff: 571, Sum: 571, Workers: 4
[12.284s][debug][gc,phases      ] GC(28)   ObjectSynchronizer Weak        Min:  0.0, Avg:  0.0, Max:  0.0, Diff:  0.0, Sum:  0.0, Workers: 4
[12.284s][debug][gc,phases      ] GC(28)     Dead                           Min: 0, Avg:  0.0, Max: 0, Diff: 0, Sum: 0, Workers: 4
[12.284s][debug][gc,phases      ] GC(28)     Total                          Min: 0, Avg: 89.2, Max: 357, Diff: 357, Sum: 357, Workers: 4
[12.284s][debug][gc,phases      ] GC(28)   JVMTI Tag Weak OopStorage      Min:  0.0, Avg:  0.0, Max:  0.0, Diff:  0.0, Sum:  0.0, Workers: 4
[12.284s][debug][gc,phases      ] GC(28)     Dead                           Min: 0, Avg:  0.0, Max: 0, Diff: 0, Sum: 0, Workers: 4
[12.284s][debug][gc,phases      ] GC(28)     Total                          Min: 0, Avg:  0.0, Max: 0, Diff: 0, Sum: 0, Workers: 4
[12.284s][debug][gc,phases      ] GC(28)   StringTable Weak               Min:  0.1, Avg:  0.1, Max:  0.1, Diff:  0.0, Sum:  0.3, Workers: 4
[12.284s][debug][gc,phases      ] GC(28)     Dead                           Min: 0, Avg:  0.0, Max: 0, Diff: 0, Sum: 0, Workers: 4
[12.284s][debug][gc,phases      ] GC(28)     Total                          Min: 9792, Avg: 10564.8, Max: 10944, Diff: 1152, Sum: 42259, Workers: 4
[12.284s][debug][gc,phases      ] GC(28)   ResolvedMethodTable Weak       Min:  0.0, Avg:  0.0, Max:  0.0, Diff:  0.0, Sum:  0.1, Workers: 4
[12.284s][debug][gc,phases      ] GC(28)     Dead                           Min: 0, Avg:  0.2, Max: 1, Diff: 1, Sum: 1, Workers: 4
[12.284s][debug][gc,phases      ] GC(28)     Total                          Min: 1536, Avg: 1667.8, Max: 1920, Diff: 384, Sum: 6671, Workers: 4
[12.284s][debug][gc,phases      ] GC(28)   JNI Weak                       Min:  0.0, Avg:  0.0, Max:  0.0, Diff:  0.0, Sum:  0.0, Workers: 4
[12.284s][debug][gc,phases      ] GC(28)     Dead                           Min: 0, Avg:  0.0, Max: 0, Diff: 0, Sum: 0, Workers: 4
[12.284s][debug][gc,phases      ] GC(28)     Total                          Min: 0, Avg:  0.5, Max: 2, Diff: 2, Sum: 2, Workers: 4
[12.284s][debug][gc,phases      ] GC(28)   StringDedup Table Weak         Min:  0.0, Avg:  0.0, Max:  0.0, Diff:  0.0, Sum:  0.0, Workers: 4
[12.284s][debug][gc,phases      ] GC(28)     Dead                           Min: 0, Avg:  0.0, Max: 0, Diff: 0, Sum: 0, Workers: 4
[12.284s][debug][gc,phases      ] GC(28)     Total                          Min: 0, Avg:  0.0, Max: 0, Diff: 0, Sum: 0, Workers: 4
[12.284s][debug][gc,phases      ] GC(28)   StringDedup Requests0 Weak     Min:  0.0, Avg:  0.0, Max:  0.0, Diff:  0.0, Sum:  0.0, Workers: 4
[12.284s][debug][gc,phases      ] GC(28)     Dead                           Min: 0, Avg:  0.0, Max: 0, Diff: 0, Sum: 0, Workers: 4
[12.284s][debug][gc,phases      ] GC(28)     Total                          Min: 0, Avg:  0.0, Max: 0, Diff: 0, Sum: 0, Workers: 4
[12.284s][debug][gc,phases      ] GC(28)   StringDedup Requests1 Weak     Min:  0.0, Avg:  0.0, Max:  0.0, Diff:  0.0, Sum:  0.0, Workers: 4
[12.284s][debug][gc,phases      ] GC(28)     Dead                           Min: 0, Avg:  0.0, Max: 0, Diff: 0, Sum: 0, Workers: 4
[12.284s][debug][gc,phases      ] GC(28)     Total                          Min: 0, Avg:  0.0, Max: 0, Diff: 0, Sum: 0, Workers: 4
[12.284s][debug][gc,phases      ] GC(28)   Weak JFR Old Object Samples    Min:  0.0, Avg:  0.0, Max:  0.0, Diff:  0.0, Sum:  0.0, Workers: 4
[12.284s][debug][gc,phases      ] GC(28)     Dead                           Min: 0, Avg:  0.0, Max: 0, Diff: 0, Sum: 0, Workers: 4
[12.284s][debug][gc,phases      ] GC(28)     Total                          Min: 0, Avg:  0.0, Max: 0, Diff: 0, Sum: 0, Workers: 4
[12.284s][debug][gc,phases      ] GC(28) Weak Processing 0.246ms
[12.284s][debug][gc,age         ] GC(28) Desired survivor size 305659904 bytes, new threshold 13 (max threshold 15)
[12.284s][info ][gc,heap        ] GC(28) PSYoungGen: 1816574K(1816576K)->235006K(1862144K) Eden: 1627136K(1627136K)->0K(1627136K) From: 189438K(189440K)->235006K(235008K)
[12.284s][info ][gc,heap        ] GC(28) ParOldGen: 220575K(272896K)->276392K(276480K)
[12.284s][info ][gc,metaspace   ] GC(28) Metaspace: 66167K(66880K)->66167K(66880K) NonClass: 56477K(56832K)->56477K(56832K) Class: 9690K(10048K)->9690K(10048K)
[12.284s][info ][gc             ] GC(28) Pause Young (Allocation Failure) 1989M->499M(2088M) 148.217ms
[12.284s][info ][gc,cpu         ] GC(28) User=0.56s Sys=0.03s Real=0.15s
[12.284s][debug][gc,phases      ] GC(29) Pre Compact 0.009ms
[12.284s][info ][gc,start       ] GC(29) Pause Full (Ergonomics)
[12.284s][info ][gc,phases,start] GC(29) Marking Phase
[12.441s][debug][gc,phases      ] GC(29) Par Mark 156.469ms
[12.441s][debug][gc,ref         ] GC(29) Skipped phase 1 of Reference Processing: no references
[12.441s][debug][gc,ref         ] GC(29) ReferenceProcessor::execute queues: 4, RefProcThreadModel::Multi, marks_oops_alive: false
[12.441s][debug][gc,ref         ] GC(29) Skipped phase 3 of Reference Processing: no references
[12.441s][debug][gc,ref         ] GC(29) ReferenceProcessor::execute queues: 1, RefProcThreadModel::Single, marks_oops_alive: false
[12.441s][debug][gc,phases      ] GC(29) Reference Processing 0.544ms
[12.442s][debug][gc,phases      ] GC(29)   VM Weak                        Min:  0.0, Avg:  0.0, Max:  0.0, Diff:  0.0, Sum:  0.0, Workers: 4
[12.442s][debug][gc,phases      ] GC(29)     Dead                           Min: 0, Avg:  0.0, Max: 0, Diff: 0, Sum: 0, Workers: 4
[12.442s][debug][gc,phases      ] GC(29)     Total                          Min: 0, Avg: 142.8, Max: 379, Diff: 379, Sum: 571, Workers: 4
[12.442s][debug][gc,phases      ] GC(29)   ObjectSynchronizer Weak        Min:  0.0, Avg:  0.0, Max:  0.0, Diff:  0.0, Sum:  0.0, Workers: 4
[12.442s][debug][gc,phases      ] GC(29)     Dead                           Min: 0, Avg:  0.0, Max: 0, Diff: 0, Sum: 0, Workers: 4
[12.442s][debug][gc,phases      ] GC(29)     Total                          Min: 0, Avg: 89.2, Max: 165, Diff: 165, Sum: 357, Workers: 4
[12.442s][debug][gc,phases      ] GC(29)   JVMTI Tag Weak OopStorage      Min:  0.0, Avg:  0.0, Max:  0.0, Diff:  0.0, Sum:  0.0, Workers: 4
[12.442s][debug][gc,phases      ] GC(29)     Dead                           Min: 0, Avg:  0.0, Max: 0, Diff: 0, Sum: 0, Workers: 4
[12.442s][debug][gc,phases      ] GC(29)     Total                          Min: 0, Avg:  0.0, Max: 0, Diff: 0, Sum: 0, Workers: 4
[12.442s][debug][gc,phases      ] GC(29)   StringTable Weak               Min:  0.1, Avg:  0.1, Max:  0.1, Diff:  0.0, Sum:  0.5, Workers: 4
[12.442s][debug][gc,phases      ] GC(29)     Dead                           Min: 0, Avg:  0.0, Max: 0, Diff: 0, Sum: 0, Workers: 4
[12.442s][debug][gc,phases      ] GC(29)     Total                          Min: 10176, Avg: 10564.8, Max: 10910, Diff: 734, Sum: 42259, Workers: 4
[12.442s][debug][gc,phases      ] GC(29)   ResolvedMethodTable Weak       Min:  0.0, Avg:  0.0, Max:  0.0, Diff:  0.0, Sum:  0.1, Workers: 4
[12.442s][debug][gc,phases      ] GC(29)     Dead                           Min: 0, Avg:  0.2, Max: 1, Diff: 1, Sum: 1, Workers: 4
[12.442s][debug][gc,phases      ] GC(29)     Total                          Min: 1600, Avg: 1667.8, Max: 1792, Diff: 192, Sum: 6671, Workers: 4
[12.442s][debug][gc,phases      ] GC(29)   JNI Weak                       Min:  0.0, Avg:  0.0, Max:  0.0, Diff:  0.0, Sum:  0.0, Workers: 4
[12.442s][debug][gc,phases      ] GC(29)     Dead                           Min: 0, Avg:  0.0, Max: 0, Diff: 0, Sum: 0, Workers: 4
[12.442s][debug][gc,phases      ] GC(29)     Total                          Min: 0, Avg:  0.5, Max: 2, Diff: 2, Sum: 2, Workers: 4
[12.442s][debug][gc,phases      ] GC(29)   StringDedup Table Weak         Min:  0.0, Avg:  0.0, Max:  0.0, Diff:  0.0, Sum:  0.0, Workers: 4
[12.442s][debug][gc,phases      ] GC(29)     Dead                           Min: 0, Avg:  0.0, Max: 0, Diff: 0, Sum: 0, Workers: 4
[12.442s][debug][gc,phases      ] GC(29)     Total                          Min: 0, Avg:  0.0, Max: 0, Diff: 0, Sum: 0, Workers: 4
[12.442s][debug][gc,phases      ] GC(29)   StringDedup Requests0 Weak     Min:  0.0, Avg:  0.0, Max:  0.0, Diff:  0.0, Sum:  0.0, Workers: 4
[12.442s][debug][gc,phases      ] GC(29)     Dead                           Min: 0, Avg:  0.0, Max: 0, Diff: 0, Sum: 0, Workers: 4
[12.442s][debug][gc,phases      ] GC(29)     Total                          Min: 0, Avg:  0.0, Max: 0, Diff: 0, Sum: 0, Workers: 4
[12.442s][debug][gc,phases      ] GC(29)   StringDedup Requests1 Weak     Min:  0.0, Avg:  0.0, Max:  0.0, Diff:  0.0, Sum:  0.0, Workers: 4
[12.442s][debug][gc,phases      ] GC(29)     Dead                           Min: 0, Avg:  0.0, Max: 0, Diff: 0, Sum: 0, Workers: 4
[12.442s][debug][gc,phases      ] GC(29)     Total                          Min: 0, Avg:  0.0, Max: 0, Diff: 0, Sum: 0, Workers: 4
[12.442s][debug][gc,phases      ] GC(29)   Weak JFR Old Object Samples    Min:  0.0, Avg:  0.0, Max:  0.0, Diff:  0.0, Sum:  0.0, Workers: 4
[12.442s][debug][gc,phases      ] GC(29)     Dead                           Min: 0, Avg:  0.0, Max: 0, Diff: 0, Sum: 0, Workers: 4
[12.442s][debug][gc,phases      ] GC(29)     Total                          Min: 0, Avg:  0.0, Max: 0, Diff: 0, Sum: 0, Workers: 4
[12.442s][debug][gc,phases      ] GC(29) Weak Processing 0.298ms
[12.442s][debug][gc,phases      ] GC(29) ClassLoaderData 0.073ms
[12.442s][debug][gc,phases      ] GC(29) Trigger cleanups 0.000ms
[12.449s][debug][gc,phases      ] GC(29) Class Unloading 7.238ms
[12.449s][info ][gc,phases      ] GC(29) Marking Phase 164.684ms
[12.449s][info ][gc,phases,start] GC(29) Summary Phase
[12.449s][info ][gc,phases      ] GC(29) Summary Phase 0.009ms
[12.449s][info ][gc,phases,start] GC(29) Adjust Roots
[12.458s][info ][gc,phases      ] GC(29) Adjust Roots 8.543ms
[12.458s][info ][gc,phases,start] GC(29) Compaction Phase
[13.028s][info ][gc,phases      ] GC(29) Compaction Phase 570.497ms
[13.028s][info ][gc,phases,start] GC(29) Post Compact
[13.030s][info ][gc,phases      ] GC(29) Post Compact 1.431ms
[13.030s][info ][gc,heap        ] GC(29) PSYoungGen: 235006K(1862144K)->233010K(1860608K) Eden: 0K(1627136K)->0K(1627136K) From: 235006K(235008K)->233010K(233472K)
[13.030s][info ][gc,heap        ] GC(29) ParOldGen: 276392K(276480K)->276422K(358400K)
[13.030s][info ][gc,metaspace   ] GC(29) Metaspace: 66167K(66880K)->66167K(66880K) NonClass: 56477K(56832K)->56477K(56832K) Class: 9690K(10048K)->9690K(10048K)
[13.030s][info ][gc             ] GC(29) Pause Full (Ergonomics) 499M->497M(2167M) 745.364ms
[13.030s][info ][gc,cpu         ] GC(29) User=2.91s Sys=0.00s Real=0.74s
[13.030s][info ][safepoint      ] Safepoint "ParallelGCFailedAllocation", Time since last: 232729588 ns, Reaching safepoint: 146801 ns, At safepoint: 893737207 ns, Total: 893884008 ns
[13.215s][info ][safepoint      ] Safepoint "ICBufferFull", Time since last: 185247830 ns, Reaching safepoint: 204000 ns, At safepoint: 30000 ns, Total: 234000 ns
[13.272s][info ][safepoint      ] Safepoint "ICBufferFull", Time since last: 56585670 ns, Reaching safepoint: 134300 ns, At safepoint: 33600 ns, Total: 167900 ns
[13.301s][info ][safepoint      ] Safepoint "ICBufferFull", Time since last: 28626536 ns, Reaching safepoint: 122500 ns, At safepoint: 36500 ns, Total: 159000 ns
[13.326s][info ][safepoint      ] Safepoint "ICBufferFull", Time since last: 25099531 ns, Reaching safepoint: 83400 ns, At safepoint: 30700 ns, Total: 114100 ns
[13.334s][info ][safepoint      ] Safepoint "ICBufferFull", Time since last: 8212010 ns, Reaching safepoint: 115700 ns, At safepoint: 25200 ns, Total: 140900 ns
[13.341s][info ][gc,start       ] GC(30) Pause Young (Allocation Failure)
[13.515s][debug][gc,phases      ] GC(30) Scavenge 174.097ms
[13.515s][debug][gc,ref         ] GC(30) Skipped phase 1 of Reference Processing: no references
[13.515s][debug][gc,ref         ] GC(30) ReferenceProcessor::execute queues: 1, RefProcThreadModel::Single, marks_oops_alive: false
[13.515s][debug][gc,ref         ] GC(30) Skipped phase 3 of Reference Processing: no references
[13.515s][debug][gc,ref         ] GC(30) ReferenceProcessor::execute queues: 1, RefProcThreadModel::Single, marks_oops_alive: false
[13.515s][debug][gc,phases      ] GC(30) Reference Processing 0.125ms
[13.515s][debug][gc,phases      ] GC(30)   VM Weak                        Min:  0.0, Avg:  0.0, Max:  0.0, Diff:  0.0, Sum:  0.0, Workers: 4
[13.515s][debug][gc,phases      ] GC(30)     Dead                           Min: 0, Avg:  0.0, Max: 0, Diff: 0, Sum: 0, Workers: 4
[13.515s][debug][gc,phases      ] GC(30)     Total                          Min: 0, Avg: 145.2, Max: 448, Diff: 448, Sum: 581, Workers: 4
[13.515s][debug][gc,phases      ] GC(30)   ObjectSynchronizer Weak        Min:  0.0, Avg:  0.0, Max:  0.0, Diff:  0.0, Sum:  0.0, Workers: 4
[13.515s][debug][gc,phases      ] GC(30)     Dead                           Min: 0, Avg:  0.0, Max: 0, Diff: 0, Sum: 0, Workers: 4
[13.515s][debug][gc,phases      ] GC(30)     Total                          Min: 0, Avg: 89.2, Max: 165, Diff: 165, Sum: 357, Workers: 4
[13.515s][debug][gc,phases      ] GC(30)   JVMTI Tag Weak OopStorage      Min:  0.0, Avg:  0.0, Max:  0.0, Diff:  0.0, Sum:  0.0, Workers: 4
[13.515s][debug][gc,phases      ] GC(30)     Dead                           Min: 0, Avg:  0.0, Max: 0, Diff: 0, Sum: 0, Workers: 4
[13.515s][debug][gc,phases      ] GC(30)     Total                          Min: 0, Avg:  0.0, Max: 0, Diff: 0, Sum: 0, Workers: 4
[13.515s][debug][gc,phases      ] GC(30)   StringTable Weak               Min:  0.1, Avg:  0.1, Max:  0.1, Diff:  0.0, Sum:  0.3, Workers: 4
[13.515s][debug][gc,phases      ] GC(30)     Dead                           Min: 0, Avg:  4.0, Max: 10, Diff: 10, Sum: 16, Workers: 4
[13.515s][debug][gc,phases      ] GC(30)     Total                          Min: 10304, Avg: 10616.5, Max: 11136, Diff: 832, Sum: 42466, Workers: 4
[13.515s][debug][gc,phases      ] GC(30)   ResolvedMethodTable Weak       Min:  0.0, Avg:  0.0, Max:  0.0, Diff:  0.0, Sum:  0.1, Workers: 4
[13.515s][debug][gc,phases      ] GC(30)     Dead                           Min: 0, Avg:  9.0, Max: 17, Diff: 17, Sum: 36, Workers: 4
[13.515s][debug][gc,phases      ] GC(30)     Total                          Min: 1470, Avg: 1711.0, Max: 1984, Diff: 514, Sum: 6844, Workers: 4
[13.515s][debug][gc,phases      ] GC(30)   JNI Weak                       Min:  0.0, Avg:  0.0, Max:  0.0, Diff:  0.0, Sum:  0.0, Workers: 4
[13.515s][debug][gc,phases      ] GC(30)     Dead                           Min: 0, Avg:  0.0, Max: 0, Diff: 0, Sum: 0, Workers: 4
[13.515s][debug][gc,phases      ] GC(30)     Total                          Min: 0, Avg:  0.0, Max: 0, Diff: 0, Sum: 0, Workers: 4
[13.515s][debug][gc,phases      ] GC(30)   StringDedup Table Weak         Min:  0.0, Avg:  0.0, Max:  0.0, Diff:  0.0, Sum:  0.0, Workers: 4
[13.515s][debug][gc,phases      ] GC(30)     Dead                           Min: 0, Avg:  0.0, Max: 0, Diff: 0, Sum: 0, Workers: 4
[13.515s][debug][gc,phases      ] GC(30)     Total                          Min: 0, Avg:  0.0, Max: 0, Diff: 0, Sum: 0, Workers: 4
[13.515s][debug][gc,phases      ] GC(30)   StringDedup Requests0 Weak     Min:  0.0, Avg:  0.0, Max:  0.0, Diff:  0.0, Sum:  0.0, Workers: 4
[13.515s][debug][gc,phases      ] GC(30)     Dead                           Min: 0, Avg:  0.0, Max: 0, Diff: 0, Sum: 0, Workers: 4
[13.515s][debug][gc,phases      ] GC(30)     Total                          Min: 0, Avg:  0.0, Max: 0, Diff: 0, Sum: 0, Workers: 4
[13.515s][debug][gc,phases      ] GC(30)   StringDedup Requests1 Weak     Min:  0.0, Avg:  0.0, Max:  0.0, Diff:  0.0, Sum:  0.0, Workers: 4
[13.515s][debug][gc,phases      ] GC(30)     Dead                           Min: 0, Avg:  0.0, Max: 0, Diff: 0, Sum: 0, Workers: 4
[13.515s][debug][gc,phases      ] GC(30)     Total                          Min: 0, Avg:  0.0, Max: 0, Diff: 0, Sum: 0, Workers: 4
[13.515s][debug][gc,phases      ] GC(30)   Weak JFR Old Object Samples    Min:  0.0, Avg:  0.0, Max:  0.0, Diff:  0.0, Sum:  0.0, Workers: 4
[13.515s][debug][gc,phases      ] GC(30)     Dead                           Min: 0, Avg:  0.0, Max: 0, Diff: 0, Sum: 0, Workers: 4
[13.515s][debug][gc,phases      ] GC(30)     Total                          Min: 0, Avg:  0.0, Max: 0, Diff: 0, Sum: 0, Workers: 4
[13.515s][debug][gc,phases      ] GC(30) Weak Processing 0.239ms
[13.515s][debug][gc,age         ] GC(30) Desired survivor size 344457216 bytes, new threshold 12 (max threshold 15)
[13.515s][info ][gc,heap        ] GC(30) PSYoungGen: 1860146K(1860608K)->236542K(1660928K) Eden: 1627136K(1627136K)->0K(1424384K) From: 233010K(233472K)->236542K(236544K)
[13.515s][info ][gc,heap        ] GC(30) ParOldGen: 276422K(358400K)->293102K(358400K)
[13.515s][info ][gc,metaspace   ] GC(30) Metaspace: 66971K(67776K)->66971K(67776K) NonClass: 57155K(57600K)->57155K(57600K) Class: 9815K(10176K)->9815K(10176K)
[13.515s][info ][gc             ] GC(30) Pause Young (Allocation Failure) 2086M->517M(1972M) 174.562ms
[13.515s][info ][gc,cpu         ] GC(30) User=0.67s Sys=0.00s Real=0.18s
[13.515s][info ][safepoint      ] Safepoint "ParallelGCFailedAllocation", Time since last: 6038508 ns, Reaching safepoint: 59000 ns, At safepoint: 174642116 ns, Total: 174701116 ns
[13.529s][info ][safepoint      ] Safepoint "ICBufferFull", Time since last: 13264117 ns, Reaching safepoint: 113800 ns, At safepoint: 28300 ns, Total: 142100 ns
[13.556s][info ][safepoint      ] Safepoint "ICBufferFull", Time since last: 23874830 ns, Reaching safepoint: 3165203 ns, At safepoint: 30501 ns, Total: 3195704 ns
[13.569s][info ][safepoint      ] Safepoint "ICBufferFull", Time since last: 13568616 ns, Reaching safepoint: 114300 ns, At safepoint: 30200 ns, Total: 144500 ns
[13.579s][info ][safepoint      ] Safepoint "ICBufferFull", Time since last: 7661710 ns, Reaching safepoint: 2116403 ns, At safepoint: 29100 ns, Total: 2145503 ns
[13.592s][info ][safepoint      ] Safepoint "ICBufferFull", Time since last: 12893416 ns, Reaching safepoint: 108600 ns, At safepoint: 27400 ns, Total: 136000 ns
[13.599s][info ][safepoint      ] Safepoint "ICBufferFull", Time since last: 7130809 ns, Reaching safepoint: 106400 ns, At safepoint: 23200 ns, Total: 129600 ns
[13.679s][info ][safepoint      ] Safepoint "ICBufferFull", Time since last: 74774592 ns, Reaching safepoint: 4356106 ns, At safepoint: 31200 ns, Total: 4387306 ns
[13.696s][info ][safepoint      ] Safepoint "ICBufferFull", Time since last: 16822221 ns, Reaching safepoint: 121100 ns, At safepoint: 28200 ns, Total: 149300 ns
[13.706s][info ][safepoint      ] Safepoint "ICBufferFull", Time since last: 10758613 ns, Reaching safepoint: 122500 ns, At safepoint: 29800 ns, Total: 152300 ns
[13.771s][info ][safepoint      ] Safepoint "ICBufferFull", Time since last: 64690081 ns, Reaching safepoint: 132300 ns, At safepoint: 32400 ns, Total: 164700 ns
[13.778s][info ][safepoint      ] Safepoint "ICBufferFull", Time since last: 6901808 ns, Reaching safepoint: 106600 ns, At safepoint: 30500 ns, Total: 137100 ns
[13.787s][info ][safepoint      ] Safepoint "ICBufferFull", Time since last: 8163711 ns, Reaching safepoint: 117000 ns, At safepoint: 27700 ns, Total: 144700 ns
[13.796s][info ][safepoint      ] Safepoint "ICBufferFull", Time since last: 9134411 ns, Reaching safepoint: 107500 ns, At safepoint: 25500 ns, Total: 133000 ns
[13.825s][info ][gc,start       ] GC(31) Pause Young (Allocation Failure)
[13.915s][debug][gc,phases      ] GC(31) Scavenge 90.036ms
[13.915s][debug][gc,ref         ] GC(31) Skipped phase 1 of Reference Processing: no references
[13.915s][debug][gc,ref         ] GC(31) ReferenceProcessor::execute queues: 1, RefProcThreadModel::Single, marks_oops_alive: false
[13.915s][debug][gc,ref         ] GC(31) Skipped phase 3 of Reference Processing: no references
[13.915s][debug][gc,ref         ] GC(31) ReferenceProcessor::execute queues: 1, RefProcThreadModel::Single, marks_oops_alive: false
[13.915s][debug][gc,phases      ] GC(31) Reference Processing 0.125ms
[13.915s][debug][gc,phases      ] GC(31)   VM Weak                        Min:  0.0, Avg:  0.0, Max:  0.0, Diff:  0.0, Sum:  0.0, Workers: 4
[13.915s][debug][gc,phases      ] GC(31)     Dead                           Min: 0, Avg:  0.0, Max: 0, Diff: 0, Sum: 0, Workers: 4
[13.915s][debug][gc,phases      ] GC(31)     Total                          Min: 0, Avg: 145.5, Max: 582, Diff: 582, Sum: 582, Workers: 4
[13.915s][debug][gc,phases      ] GC(31)   ObjectSynchronizer Weak        Min:  0.0, Avg:  0.0, Max:  0.0, Diff:  0.0, Sum:  0.0, Workers: 4
[13.915s][debug][gc,phases      ] GC(31)     Dead                           Min: 0, Avg:  0.0, Max: 0, Diff: 0, Sum: 0, Workers: 4
[13.915s][debug][gc,phases      ] GC(31)     Total                          Min: 0, Avg: 89.2, Max: 293, Diff: 293, Sum: 357, Workers: 4
[13.915s][debug][gc,phases      ] GC(31)   JVMTI Tag Weak OopStorage      Min:  0.0, Avg:  0.0, Max:  0.0, Diff:  0.0, Sum:  0.0, Workers: 4
[13.915s][debug][gc,phases      ] GC(31)     Dead                           Min: 0, Avg:  0.0, Max: 0, Diff: 0, Sum: 0, Workers: 4
[13.915s][debug][gc,phases      ] GC(31)     Total                          Min: 0, Avg:  0.0, Max: 0, Diff: 0, Sum: 0, Workers: 4
[13.915s][debug][gc,phases      ] GC(31)   StringTable Weak               Min:  0.1, Avg:  0.1, Max:  0.1, Diff:  0.0, Sum:  0.3, Workers: 4
[13.915s][debug][gc,phases      ] GC(31)     Dead                           Min: 0, Avg:  3.0, Max: 12, Diff: 12, Sum: 12, Workers: 4
[13.915s][debug][gc,phases      ] GC(31)     Total                          Min: 7936, Avg: 10650.8, Max: 11712, Diff: 3776, Sum: 42603, Workers: 4
[13.915s][debug][gc,phases      ] GC(31)   ResolvedMethodTable Weak       Min:  0.0, Avg:  0.0, Max:  0.0, Diff:  0.0, Sum:  0.1, Workers: 4
[13.915s][debug][gc,phases      ] GC(31)     Dead                           Min: 1, Avg:  6.0, Max: 14, Diff: 13, Sum: 24, Workers: 4
[13.915s][debug][gc,phases      ] GC(31)     Total                          Min: 1344, Avg: 1747.5, Max: 1984, Diff: 640, Sum: 6990, Workers: 4
[13.915s][debug][gc,phases      ] GC(31)   JNI Weak                       Min:  0.0, Avg:  0.0, Max:  0.0, Diff:  0.0, Sum:  0.0, Workers: 4
[13.915s][debug][gc,phases      ] GC(31)     Dead                           Min: 0, Avg:  0.0, Max: 0, Diff: 0, Sum: 0, Workers: 4
[13.915s][debug][gc,phases      ] GC(31)     Total                          Min: 0, Avg:  0.0, Max: 0, Diff: 0, Sum: 0, Workers: 4
[13.915s][debug][gc,phases      ] GC(31)   StringDedup Table Weak         Min:  0.0, Avg:  0.0, Max:  0.0, Diff:  0.0, Sum:  0.0, Workers: 4
[13.915s][debug][gc,phases      ] GC(31)     Dead                           Min: 0, Avg:  0.0, Max: 0, Diff: 0, Sum: 0, Workers: 4
[13.915s][debug][gc,phases      ] GC(31)     Total                          Min: 0, Avg:  0.0, Max: 0, Diff: 0, Sum: 0, Workers: 4
[13.915s][debug][gc,phases      ] GC(31)   StringDedup Requests0 Weak     Min:  0.0, Avg:  0.0, Max:  0.0, Diff:  0.0, Sum:  0.0, Workers: 4
[13.915s][debug][gc,phases      ] GC(31)     Dead                           Min: 0, Avg:  0.0, Max: 0, Diff: 0, Sum: 0, Workers: 4
[13.915s][debug][gc,phases      ] GC(31)     Total                          Min: 0, Avg:  0.0, Max: 0, Diff: 0, Sum: 0, Workers: 4
[13.915s][debug][gc,phases      ] GC(31)   StringDedup Requests1 Weak     Min:  0.0, Avg:  0.0, Max:  0.0, Diff:  0.0, Sum:  0.0, Workers: 4
[13.915s][debug][gc,phases      ] GC(31)     Dead                           Min: 0, Avg:  0.0, Max: 0, Diff: 0, Sum: 0, Workers: 4
[13.915s][debug][gc,phases      ] GC(31)     Total                          Min: 0, Avg:  0.0, Max: 0, Diff: 0, Sum: 0, Workers: 4
[13.915s][debug][gc,phases      ] GC(31)   Weak JFR Old Object Samples    Min:  0.0, Avg:  0.0, Max:  0.0, Diff:  0.0, Sum:  0.0, Workers: 4
[13.915s][debug][gc,phases      ] GC(31)     Dead                           Min: 0, Avg:  0.0, Max: 0, Diff: 0, Sum: 0, Workers: 4
[13.915s][debug][gc,phases      ] GC(31)     Total                          Min: 0, Avg:  0.0, Max: 0, Diff: 0, Sum: 0, Workers: 4
[13.915s][debug][gc,phases      ] GC(31) Weak Processing 0.274ms
[13.915s][debug][gc,age         ] GC(31) Desired survivor size 367525888 bytes, new threshold 13 (max threshold 15)
[13.915s][info ][gc,heap        ] GC(31) PSYoungGen: 1660926K(1660928K)->234942K(1659392K) Eden: 1424384K(1424384K)->0K(1424384K) From: 236542K(236544K)->234942K(235008K)
[13.915s][info ][gc,heap        ] GC(31) ParOldGen: 293102K(358400K)->295094K(358400K)
[13.915s][info ][gc,metaspace   ] GC(31) Metaspace: 67345K(68096K)->67345K(68096K) NonClass: 57469K(57856K)->57469K(57856K) Class: 9876K(10240K)->9876K(10240K)
[13.915s][info ][gc             ] GC(31) Pause Young (Allocation Failure) 1908M->517M(1970M) 90.548ms
[13.915s][info ][gc,cpu         ] GC(31) User=0.36s Sys=0.00s Real=0.09s
[13.915s][info ][safepoint      ] Safepoint "ParallelGCFailedAllocation", Time since last: 28568136 ns, Reaching safepoint: 124100 ns, At safepoint: 90642012 ns, Total: 90766112 ns
[13.921s][info ][safepoint      ] Safepoint "ICBufferFull", Time since last: 5287907 ns, Reaching safepoint: 109500 ns, At safepoint: 30900 ns, Total: 140400 ns
[13.934s][info ][safepoint      ] Safepoint "ICBufferFull", Time since last: 12783216 ns, Reaching safepoint: 112300 ns, At safepoint: 24800 ns, Total: 137100 ns
[13.943s][info ][safepoint      ] Safepoint "ICBufferFull", Time since last: 9221511 ns, Reaching safepoint: 95600 ns, At safepoint: 30300 ns, Total: 125900 ns
[13.951s][info ][safepoint      ] Safepoint "ICBufferFull", Time since last: 8024410 ns, Reaching safepoint: 93200 ns, At safepoint: 28801 ns, Total: 122001 ns
[13.959s][info ][safepoint      ] Safepoint "ICBufferFull", Time since last: 7894109 ns, Reaching safepoint: 105300 ns, At safepoint: 24500 ns, Total: 129800 ns
[13.976s][info ][safepoint      ] Safepoint "ICBufferFull", Time since last: 16986422 ns, Reaching safepoint: 129500 ns, At safepoint: 30300 ns, Total: 159800 ns
[14.171s][info ][safepoint      ] Safepoint "ICBufferFull", Time since last: 194618941 ns, Reaching safepoint: 156800 ns, At safepoint: 32200 ns, Total: 189000 ns
[14.173s][info ][safepoint      ] Safepoint "ICBufferFull", Time since last: 1933102 ns, Reaching safepoint: 104201 ns, At safepoint: 25500 ns, Total: 129701 ns
[14.182s][info ][safepoint      ] Safepoint "ICBufferFull", Time since last: 8881111 ns, Reaching safepoint: 185400 ns, At safepoint: 28900 ns, Total: 214300 ns
[14.218s][info ][gc,start       ] GC(32) Pause Young (Allocation Failure)
[14.320s][debug][gc,phases      ] GC(32) Scavenge 102.293ms
[14.320s][debug][gc,ref         ] GC(32) Skipped phase 1 of Reference Processing: no references
[14.321s][debug][gc,ref         ] GC(32) ReferenceProcessor::execute queues: 1, RefProcThreadModel::Single, marks_oops_alive: false
[14.321s][debug][gc,ref         ] GC(32) Skipped phase 3 of Reference Processing: no references
[14.321s][debug][gc,ref         ] GC(32) ReferenceProcessor::execute queues: 1, RefProcThreadModel::Single, marks_oops_alive: false
[14.321s][debug][gc,phases      ] GC(32) Reference Processing 0.145ms
[14.321s][debug][gc,phases      ] GC(32)   VM Weak                        Min:  0.0, Avg:  0.0, Max:  0.0, Diff:  0.0, Sum:  0.0, Workers: 4
[14.321s][debug][gc,phases      ] GC(32)     Dead                           Min: 0, Avg:  0.0, Max: 0, Diff: 0, Sum: 0, Workers: 4
[14.321s][debug][gc,phases      ] GC(32)     Total                          Min: 0, Avg: 145.5, Max: 518, Diff: 518, Sum: 582, Workers: 4
[14.321s][debug][gc,phases      ] GC(32)   ObjectSynchronizer Weak        Min:  0.0, Avg:  0.0, Max:  0.0, Diff:  0.0, Sum:  0.0, Workers: 4
[14.321s][debug][gc,phases      ] GC(32)     Dead                           Min: 0, Avg:  0.0, Max: 0, Diff: 0, Sum: 0, Workers: 4
[14.321s][debug][gc,phases      ] GC(32)     Total                          Min: 0, Avg: 89.2, Max: 192, Diff: 192, Sum: 357, Workers: 4
[14.321s][debug][gc,phases      ] GC(32)   JVMTI Tag Weak OopStorage      Min:  0.0, Avg:  0.0, Max:  0.0, Diff:  0.0, Sum:  0.0, Workers: 4
[14.321s][debug][gc,phases      ] GC(32)     Dead                           Min: 0, Avg:  0.0, Max: 0, Diff: 0, Sum: 0, Workers: 4
[14.321s][debug][gc,phases      ] GC(32)     Total                          Min: 0, Avg:  0.0, Max: 0, Diff: 0, Sum: 0, Workers: 4
[14.321s][debug][gc,phases      ] GC(32)   StringTable Weak               Min:  0.1, Avg:  0.1, Max:  0.1, Diff:  0.0, Sum:  0.3, Workers: 4
[14.321s][debug][gc,phases      ] GC(32)     Dead                           Min: 0, Avg:  3.0, Max: 8, Diff: 8, Sum: 12, Workers: 4
[14.321s][debug][gc,phases      ] GC(32)     Total                          Min: 9984, Avg: 10660.8, Max: 11520, Diff: 1536, Sum: 42643, Workers: 4
[14.321s][debug][gc,phases      ] GC(32)   ResolvedMethodTable Weak       Min:  0.0, Avg:  0.0, Max:  0.0, Diff:  0.0, Sum:  0.1, Workers: 4
[14.321s][debug][gc,phases      ] GC(32)     Dead                           Min: 0, Avg:  0.0, Max: 0, Diff: 0, Sum: 0, Workers: 4
[14.321s][debug][gc,phases      ] GC(32)     Total                          Min: 1554, Avg: 1764.2, Max: 1920, Diff: 366, Sum: 7057, Workers: 4
[14.321s][debug][gc,phases      ] GC(32)   JNI Weak                       Min:  0.0, Avg:  0.0, Max:  0.0, Diff:  0.0, Sum:  0.0, Workers: 4
[14.321s][debug][gc,phases      ] GC(32)     Dead                           Min: 0, Avg:  0.0, Max: 0, Diff: 0, Sum: 0, Workers: 4
[14.321s][debug][gc,phases      ] GC(32)     Total                          Min: 0, Avg:  0.5, Max: 2, Diff: 2, Sum: 2, Workers: 4
[14.321s][debug][gc,phases      ] GC(32)   StringDedup Table Weak         Min:  0.0, Avg:  0.0, Max:  0.0, Diff:  0.0, Sum:  0.0, Workers: 4
[14.321s][debug][gc,phases      ] GC(32)     Dead                           Min: 0, Avg:  0.0, Max: 0, Diff: 0, Sum: 0, Workers: 4
[14.321s][debug][gc,phases      ] GC(32)     Total                          Min: 0, Avg:  0.0, Max: 0, Diff: 0, Sum: 0, Workers: 4
[14.321s][debug][gc,phases      ] GC(32)   StringDedup Requests0 Weak     Min:  0.0, Avg:  0.0, Max:  0.0, Diff:  0.0, Sum:  0.0, Workers: 4
[14.321s][debug][gc,phases      ] GC(32)     Dead                           Min: 0, Avg:  0.0, Max: 0, Diff: 0, Sum: 0, Workers: 4
[14.321s][debug][gc,phases      ] GC(32)     Total                          Min: 0, Avg:  0.0, Max: 0, Diff: 0, Sum: 0, Workers: 4
[14.321s][debug][gc,phases      ] GC(32)   StringDedup Requests1 Weak     Min:  0.0, Avg:  0.0, Max:  0.0, Diff:  0.0, Sum:  0.0, Workers: 4
[14.321s][debug][gc,phases      ] GC(32)     Dead                           Min: 0, Avg:  0.0, Max: 0, Diff: 0, Sum: 0, Workers: 4
[14.321s][debug][gc,phases      ] GC(32)     Total                          Min: 0, Avg:  0.0, Max: 0, Diff: 0, Sum: 0, Workers: 4
[14.321s][debug][gc,phases      ] GC(32)   Weak JFR Old Object Samples    Min:  0.0, Avg:  0.0, Max:  0.0, Diff:  0.0, Sum:  0.0, Workers: 4
[14.321s][debug][gc,phases      ] GC(32)     Dead                           Min: 0, Avg:  0.0, Max: 0, Diff: 0, Sum: 0, Workers: 4
[14.321s][debug][gc,phases      ] GC(32)     Total                          Min: 0, Avg:  0.0, Max: 0, Diff: 0, Sum: 0, Workers: 4
[14.321s][debug][gc,phases      ] GC(32) Weak Processing 0.230ms
[14.321s][debug][gc,age         ] GC(32) Desired survivor size 385875968 bytes, new threshold 14 (max threshold 15)
[14.321s][info ][gc,heap        ] GC(32) PSYoungGen: 1659326K(1659392K)->236334K(1702400K) Eden: 1424384K(1424384K)->0K(1343488K) From: 234942K(235008K)->236334K(358912K)
[14.321s][info ][gc,heap        ] GC(32) ParOldGen: 295094K(358400K)->295102K(358400K)
[14.321s][info ][gc,metaspace   ] GC(32) Metaspace: 67493K(68224K)->67493K(68224K) NonClass: 57586K(57984K)->57586K(57984K) Class: 9906K(10240K)->9906K(10240K)
[14.321s][info ][gc             ] GC(32) Pause Young (Allocation Failure) 1908M->518M(2012M) 102.794ms
[14.321s][info ][gc,cpu         ] GC(32) User=0.41s Sys=0.00s Real=0.10s
[14.321s][info ][safepoint      ] Safepoint "ParallelGCFailedAllocation", Time since last: 33649742 ns, Reaching safepoint: 2179202 ns, At safepoint: 102903828 ns, Total: 105083030 ns
[14.338s][info ][safepoint      ] Safepoint "ICBufferFull", Time since last: 16507920 ns, Reaching safepoint: 114400 ns, At safepoint: 31800 ns, Total: 146200 ns
[14.349s][info ][safepoint      ] Safepoint "ICBufferFull", Time since last: 11243014 ns, Reaching safepoint: 111500 ns, At safepoint: 29601 ns, Total: 141101 ns
[14.354s][info ][safepoint      ] Safepoint "ICBufferFull", Time since last: 5261106 ns, Reaching safepoint: 94800 ns, At safepoint: 28400 ns, Total: 123200 ns
[14.370s][info ][safepoint      ] Safepoint "ICBufferFull", Time since last: 15343719 ns, Reaching safepoint: 325101 ns, At safepoint: 37800 ns, Total: 362901 ns
[14.378s][info ][safepoint      ] Safepoint "ICBufferFull", Time since last: 8135610 ns, Reaching safepoint: 115100 ns, At safepoint: 24100 ns, Total: 139200 ns
[14.393s][info ][safepoint      ] Safepoint "ICBufferFull", Time since last: 14758518 ns, Reaching safepoint: 110500 ns, At safepoint: 25500 ns, Total: 136000 ns
[14.411s][info ][safepoint      ] Safepoint "ICBufferFull", Time since last: 14690819 ns, Reaching safepoint: 3211004 ns, At safepoint: 27000 ns, Total: 3238004 ns
[14.418s][info ][safepoint      ] Safepoint "ICBufferFull", Time since last: 6569708 ns, Reaching safepoint: 109500 ns, At safepoint: 29600 ns, Total: 139100 ns
[14.423s][info ][safepoint      ] Safepoint "ICBufferFull", Time since last: 4609106 ns, Reaching safepoint: 104200 ns, At safepoint: 32300 ns, Total: 136500 ns
[14.428s][info ][safepoint      ] Safepoint "ICBufferFull", Time since last: 5403906 ns, Reaching safepoint: 102001 ns, At safepoint: 25200 ns, Total: 127201 ns
[14.447s][info ][safepoint      ] Safepoint "ICBufferFull", Time since last: 18507223 ns, Reaching safepoint: 118100 ns, At safepoint: 33700 ns, Total: 151800 ns
[14.455s][info ][safepoint      ] Safepoint "ICBufferFull", Time since last: 7540009 ns, Reaching safepoint: 127300 ns, At safepoint: 21900 ns, Total: 149200 ns
[14.474s][info ][safepoint      ] Safepoint "ICBufferFull", Time since last: 19798025 ns, Reaching safepoint: 109800 ns, At safepoint: 23400 ns, Total: 133200 ns
[14.484s][info ][safepoint      ] Safepoint "ICBufferFull", Time since last: 9563412 ns, Reaching safepoint: 101100 ns, At safepoint: 27800 ns, Total: 128900 ns
[14.509s][info ][safepoint      ] Safepoint "ICBufferFull", Time since last: 24492330 ns, Reaching safepoint: 107400 ns, At safepoint: 23800 ns, Total: 131200 ns
[14.527s][info ][safepoint      ] Safepoint "ICBufferFull", Time since last: 17847123 ns, Reaching safepoint: 72100 ns, At safepoint: 30200 ns, Total: 102300 ns
[14.532s][info ][safepoint      ] Safepoint "ICBufferFull", Time since last: 5240306 ns, Reaching safepoint: 98600 ns, At safepoint: 23800 ns, Total: 122400 ns
[14.539s][info ][safepoint      ] Safepoint "ICBufferFull", Time since last: 6277308 ns, Reaching safepoint: 103600 ns, At safepoint: 21400 ns, Total: 125000 ns
[14.544s][info ][safepoint      ] Safepoint "ICBufferFull", Time since last: 5643007 ns, Reaching safepoint: 102800 ns, At safepoint: 26100 ns, Total: 128900 ns
[14.551s][info ][safepoint      ] Safepoint "ICBufferFull", Time since last: 6409508 ns, Reaching safepoint: 100200 ns, At safepoint: 25001 ns, Total: 125201 ns
[14.562s][info ][safepoint      ] Safepoint "ICBufferFull", Time since last: 7643909 ns, Reaching safepoint: 3194904 ns, At safepoint: 27500 ns, Total: 3222404 ns
[14.569s][info ][safepoint      ] Safepoint "ICBufferFull", Time since last: 6724208 ns, Reaching safepoint: 103400 ns, At safepoint: 26700 ns, Total: 130100 ns
[14.574s][info ][safepoint      ] Safepoint "ICBufferFull", Time since last: 5150407 ns, Reaching safepoint: 57700 ns, At safepoint: 29200 ns, Total: 86900 ns
[14.585s][info ][safepoint      ] Safepoint "ICBufferFull", Time since last: 10737113 ns, Reaching safepoint: 118400 ns, At safepoint: 25000 ns, Total: 143400 ns
[14.597s][info ][safepoint      ] Safepoint "ICBufferFull", Time since last: 12188716 ns, Reaching safepoint: 106000 ns, At safepoint: 24200 ns, Total: 130200 ns
[14.607s][info ][gc,start       ] GC(33) Pause Young (Allocation Failure)
[14.750s][debug][gc,phases      ] GC(33) Scavenge 143.580ms
[14.751s][debug][gc,ref         ] GC(33) Skipped phase 1 of Reference Processing: no references
[14.751s][debug][gc,ref         ] GC(33) ReferenceProcessor::execute queues: 1, RefProcThreadModel::Single, marks_oops_alive: false
[14.751s][debug][gc,ref         ] GC(33) Skipped phase 3 of Reference Processing: no references
[14.751s][debug][gc,ref         ] GC(33) ReferenceProcessor::execute queues: 1, RefProcThreadModel::Single, marks_oops_alive: false
[14.751s][debug][gc,phases      ] GC(33) Reference Processing 0.128ms
[14.751s][debug][gc,phases      ] GC(33)   VM Weak                        Min:  0.0, Avg:  0.0, Max:  0.0, Diff:  0.0, Sum:  0.0, Workers: 4
[14.751s][debug][gc,phases      ] GC(33)     Dead                           Min: 0, Avg:  0.0, Max: 0, Diff: 0, Sum: 0, Workers: 4
[14.751s][debug][gc,phases      ] GC(33)     Total                          Min: 0, Avg: 145.5, Max: 448, Diff: 448, Sum: 582, Workers: 4
[14.751s][debug][gc,phases      ] GC(33)   ObjectSynchronizer Weak        Min:  0.0, Avg:  0.0, Max:  0.0, Diff:  0.0, Sum:  0.0, Workers: 4
[14.751s][debug][gc,phases      ] GC(33)     Dead                           Min: 0, Avg:  0.0, Max: 0, Diff: 0, Sum: 0, Workers: 4
[14.751s][debug][gc,phases      ] GC(33)     Total                          Min: 0, Avg: 89.2, Max: 192, Diff: 192, Sum: 357, Workers: 4
[14.751s][debug][gc,phases      ] GC(33)   JVMTI Tag Weak OopStorage      Min:  0.0, Avg:  0.0, Max:  0.0, Diff:  0.0, Sum:  0.0, Workers: 4
[14.751s][debug][gc,phases      ] GC(33)     Dead                           Min: 0, Avg:  0.0, Max: 0, Diff: 0, Sum: 0, Workers: 4
[14.751s][debug][gc,phases      ] GC(33)     Total                          Min: 0, Avg:  0.0, Max: 0, Diff: 0, Sum: 0, Workers: 4
[14.751s][debug][gc,phases      ] GC(33)   StringTable Weak               Min:  0.1, Avg:  0.1, Max:  0.1, Diff:  0.0, Sum:  0.3, Workers: 4
[14.751s][debug][gc,phases      ] GC(33)     Dead                           Min: 0, Avg:  2.8, Max: 11, Diff: 11, Sum: 11, Workers: 4
[14.751s][debug][gc,phases      ] GC(33)     Total                          Min: 7679, Avg: 10667.2, Max: 11896, Diff: 4217, Sum: 42669, Workers: 4
[14.751s][debug][gc,phases      ] GC(33)   ResolvedMethodTable Weak       Min:  0.0, Avg:  0.0, Max:  0.0, Diff:  0.0, Sum:  0.1, Workers: 4
[14.751s][debug][gc,phases      ] GC(33)     Dead                           Min: 0, Avg:  0.0, Max: 0, Diff: 0, Sum: 0, Workers: 4
[14.751s][debug][gc,phases      ] GC(33)     Total                          Min: 1344, Avg: 1764.2, Max: 2047, Diff: 703, Sum: 7057, Workers: 4
[14.751s][debug][gc,phases      ] GC(33)   JNI Weak                       Min:  0.0, Avg:  0.0, Max:  0.0, Diff:  0.0, Sum:  0.0, Workers: 4
[14.751s][debug][gc,phases      ] GC(33)     Dead                           Min: 0, Avg:  0.0, Max: 0, Diff: 0, Sum: 0, Workers: 4
[14.751s][debug][gc,phases      ] GC(33)     Total                          Min: 0, Avg:  0.2, Max: 1, Diff: 1, Sum: 1, Workers: 4
[14.751s][debug][gc,phases      ] GC(33)   StringDedup Table Weak         Min:  0.0, Avg:  0.0, Max:  0.0, Diff:  0.0, Sum:  0.0, Workers: 4
[14.751s][debug][gc,phases      ] GC(33)     Dead                           Min: 0, Avg:  0.0, Max: 0, Diff: 0, Sum: 0, Workers: 4
[14.751s][debug][gc,phases      ] GC(33)     Total                          Min: 0, Avg:  0.0, Max: 0, Diff: 0, Sum: 0, Workers: 4
[14.751s][debug][gc,phases      ] GC(33)   StringDedup Requests0 Weak     Min:  0.0, Avg:  0.0, Max:  0.0, Diff:  0.0, Sum:  0.0, Workers: 4
[14.751s][debug][gc,phases      ] GC(33)     Dead                           Min: 0, Avg:  0.0, Max: 0, Diff: 0, Sum: 0, Workers: 4
[14.751s][debug][gc,phases      ] GC(33)     Total                          Min: 0, Avg:  0.0, Max: 0, Diff: 0, Sum: 0, Workers: 4
[14.751s][debug][gc,phases      ] GC(33)   StringDedup Requests1 Weak     Min:  0.0, Avg:  0.0, Max:  0.0, Diff:  0.0, Sum:  0.0, Workers: 4
[14.751s][debug][gc,phases      ] GC(33)     Dead                           Min: 0, Avg:  0.0, Max: 0, Diff: 0, Sum: 0, Workers: 4
[14.751s][debug][gc,phases      ] GC(33)     Total                          Min: 0, Avg:  0.0, Max: 0, Diff: 0, Sum: 0, Workers: 4
[14.751s][debug][gc,phases      ] GC(33)   Weak JFR Old Object Samples    Min:  0.0, Avg:  0.0, Max:  0.0, Diff:  0.0, Sum:  0.0, Workers: 4
[14.751s][debug][gc,phases      ] GC(33)     Dead                           Min: 0, Avg:  0.0, Max: 0, Diff: 0, Sum: 0, Workers: 4
[14.751s][debug][gc,phases      ] GC(33)     Total                          Min: 0, Avg:  0.0, Max: 0, Diff: 0, Sum: 0, Workers: 4
[14.751s][debug][gc,phases      ] GC(33) Weak Processing 0.256ms
[14.751s][debug][gc,age         ] GC(33) Desired survivor size 398983168 bytes, new threshold 14 (max threshold 15)
[14.751s][info ][gc,heap        ] GC(33) PSYoungGen: 1579638K(1702400K)->236043K(1580032K) Eden: 1343304K(1343488K)->0K(1343488K) From: 236334K(358912K)->236043K(236544K)
[14.751s][info ][gc,heap        ] GC(33) ParOldGen: 295102K(358400K)->295110K(358400K)
[14.751s][info ][gc,metaspace   ] GC(33) Metaspace: 67598K(68352K)->67598K(68352K) NonClass: 57691K(58112K)->57691K(58112K) Class: 9906K(10240K)->9906K(10240K)
[14.751s][info ][gc             ] GC(33) Pause Young (Allocation Failure) 1830M->518M(1893M) 144.063ms
[14.751s][info ][gc,cpu         ] GC(33) User=0.57s Sys=0.00s Real=0.14s
[14.751s][info ][safepoint      ] Safepoint "ParallelGCFailedAllocation", Time since last: 7768409 ns, Reaching safepoint: 2098503 ns, At safepoint: 144158379 ns, Total: 146256882 ns
[14.775s][info ][safepoint      ] Safepoint "ICBufferFull", Time since last: 23505529 ns, Reaching safepoint: 132800 ns, At safepoint: 29700 ns, Total: 162500 ns
[14.801s][info ][safepoint      ] Safepoint "ICBufferFull", Time since last: 25731732 ns, Reaching safepoint: 118900 ns, At safepoint: 23500 ns, Total: 142400 ns
[14.819s][info ][safepoint      ] Safepoint "ICBufferFull", Time since last: 18135322 ns, Reaching safepoint: 121501 ns, At safepoint: 24200 ns, Total: 145701 ns
[14.823s][info ][safepoint      ] Safepoint "ICBufferFull", Time since last: 4140405 ns, Reaching safepoint: 97700 ns, At safepoint: 25400 ns, Total: 123100 ns
[14.830s][info ][safepoint      ] Safepoint "ICBufferFull", Time since last: 6736808 ns, Reaching safepoint: 102800 ns, At safepoint: 24400 ns, Total: 127200 ns
[14.835s][info ][safepoint      ] Safepoint "ICBufferFull", Time since last: 4856806 ns, Reaching safepoint: 90800 ns, At safepoint: 29901 ns, Total: 120701 ns
[14.839s][info ][safepoint      ] Safepoint "ICBufferFull", Time since last: 4137305 ns, Reaching safepoint: 156500 ns, At safepoint: 29000 ns, Total: 185500 ns
[14.849s][info ][safepoint      ] Safepoint "ICBufferFull", Time since last: 9688712 ns, Reaching safepoint: 63900 ns, At safepoint: 23100 ns, Total: 87000 ns
[14.862s][info ][safepoint      ] Safepoint "ICBufferFull", Time since last: 12569816 ns, Reaching safepoint: 658800 ns, At safepoint: 24400 ns, Total: 683200 ns
[14.867s][info ][safepoint      ] Safepoint "ICBufferFull", Time since last: 4718006 ns, Reaching safepoint: 101400 ns, At safepoint: 23400 ns, Total: 124800 ns
[14.969s][info ][safepoint      ] Safepoint "ICBufferFull", Time since last: 100885325 ns, Reaching safepoint: 653401 ns, At safepoint: 33600 ns, Total: 687001 ns
[14.993s][info ][gc,start       ] GC(34) Pause Young (Allocation Failure)
[15.107s][debug][gc,phases      ] GC(34) Scavenge 113.485ms
[15.107s][debug][gc,ref         ] GC(34) Skipped phase 1 of Reference Processing: no references
[15.107s][debug][gc,ref         ] GC(34) ReferenceProcessor::execute queues: 1, RefProcThreadModel::Single, marks_oops_alive: false
[15.107s][debug][gc,ref         ] GC(34) Skipped phase 3 of Reference Processing: no references
[15.107s][debug][gc,ref         ] GC(34) ReferenceProcessor::execute queues: 1, RefProcThreadModel::Single, marks_oops_alive: false
[15.107s][debug][gc,phases      ] GC(34) Reference Processing 0.116ms
[15.107s][debug][gc,phases      ] GC(34)   VM Weak                        Min:  0.0, Avg:  0.0, Max:  0.0, Diff:  0.0, Sum:  0.0, Workers: 4
[15.107s][debug][gc,phases      ] GC(34)     Dead                           Min: 0, Avg:  0.0, Max: 0, Diff: 0, Sum: 0, Workers: 4
[15.107s][debug][gc,phases      ] GC(34)     Total                          Min: 0, Avg: 145.5, Max: 582, Diff: 582, Sum: 582, Workers: 4
[15.107s][debug][gc,phases      ] GC(34)   ObjectSynchronizer Weak        Min:  0.0, Avg:  0.0, Max:  0.0, Diff:  0.0, Sum:  0.0, Workers: 4
[15.107s][debug][gc,phases      ] GC(34)     Dead                           Min: 0, Avg:  0.0, Max: 0, Diff: 0, Sum: 0, Workers: 4
[15.107s][debug][gc,phases      ] GC(34)     Total                          Min: 0, Avg: 89.2, Max: 357, Diff: 357, Sum: 357, Workers: 4
[15.107s][debug][gc,phases      ] GC(34)   JVMTI Tag Weak OopStorage      Min:  0.0, Avg:  0.0, Max:  0.0, Diff:  0.0, Sum:  0.0, Workers: 4
[15.107s][debug][gc,phases      ] GC(34)     Dead                           Min: 0, Avg:  0.0, Max: 0, Diff: 0, Sum: 0, Workers: 4
[15.107s][debug][gc,phases      ] GC(34)     Total                          Min: 0, Avg:  0.0, Max: 0, Diff: 0, Sum: 0, Workers: 4
[15.107s][debug][gc,phases      ] GC(34)   StringTable Weak               Min:  0.1, Avg:  0.1, Max:  0.1, Diff:  0.0, Sum:  0.3, Workers: 4
[15.107s][debug][gc,phases      ] GC(34)     Dead                           Min: 0, Avg:  0.0, Max: 0, Diff: 0, Sum: 0, Workers: 4
[15.107s][debug][gc,phases      ] GC(34)     Total                          Min: 8448, Avg: 10670.2, Max: 13049, Diff: 4601, Sum: 42681, Workers: 4
[15.107s][debug][gc,phases      ] GC(34)   ResolvedMethodTable Weak       Min:  0.0, Avg:  0.0, Max:  0.0, Diff:  0.0, Sum:  0.1, Workers: 4
[15.107s][debug][gc,phases      ] GC(34)     Dead                           Min: 0, Avg:  0.0, Max: 0, Diff: 0, Sum: 0, Workers: 4
[15.107s][debug][gc,phases      ] GC(34)     Total                          Min: 1408, Avg: 1764.2, Max: 2194, Diff: 786, Sum: 7057, Workers: 4
[15.107s][debug][gc,phases      ] GC(34)   JNI Weak                       Min:  0.0, Avg:  0.0, Max:  0.0, Diff:  0.0, Sum:  0.0, Workers: 4
[15.107s][debug][gc,phases      ] GC(34)     Dead                           Min: 0, Avg:  0.0, Max: 0, Diff: 0, Sum: 0, Workers: 4
[15.107s][debug][gc,phases      ] GC(34)     Total                          Min: 0, Avg:  2.5, Max: 10, Diff: 10, Sum: 10, Workers: 4
[15.107s][debug][gc,phases      ] GC(34)   StringDedup Table Weak         Min:  0.0, Avg:  0.0, Max:  0.0, Diff:  0.0, Sum:  0.0, Workers: 4
[15.107s][debug][gc,phases      ] GC(34)     Dead                           Min: 0, Avg:  0.0, Max: 0, Diff: 0, Sum: 0, Workers: 4
[15.107s][debug][gc,phases      ] GC(34)     Total                          Min: 0, Avg:  0.0, Max: 0, Diff: 0, Sum: 0, Workers: 4
[15.107s][debug][gc,phases      ] GC(34)   StringDedup Requests0 Weak     Min:  0.0, Avg:  0.0, Max:  0.0, Diff:  0.0, Sum:  0.0, Workers: 4
[15.107s][debug][gc,phases      ] GC(34)     Dead                           Min: 0, Avg:  0.0, Max: 0, Diff: 0, Sum: 0, Workers: 4
[15.107s][debug][gc,phases      ] GC(34)     Total                          Min: 0, Avg:  0.0, Max: 0, Diff: 0, Sum: 0, Workers: 4
[15.107s][debug][gc,phases      ] GC(34)   StringDedup Requests1 Weak     Min:  0.0, Avg:  0.0, Max:  0.0, Diff:  0.0, Sum:  0.0, Workers: 4
[15.107s][debug][gc,phases      ] GC(34)     Dead                           Min: 0, Avg:  0.0, Max: 0, Diff: 0, Sum: 0, Workers: 4
[15.107s][debug][gc,phases      ] GC(34)     Total                          Min: 0, Avg:  0.0, Max: 0, Diff: 0, Sum: 0, Workers: 4
[15.107s][debug][gc,phases      ] GC(34)   Weak JFR Old Object Samples    Min:  0.0, Avg:  0.0, Max:  0.0, Diff:  0.0, Sum:  0.0, Workers: 4
[15.107s][debug][gc,phases      ] GC(34)     Dead                           Min: 0, Avg:  0.0, Max: 0, Diff: 0, Sum: 0, Workers: 4
[15.107s][debug][gc,phases      ] GC(34)     Total                          Min: 0, Avg:  0.0, Max: 0, Diff: 0, Sum: 0, Workers: 4
[15.107s][debug][gc,phases      ] GC(34) Weak Processing 0.268ms
[15.107s][debug][gc,age         ] GC(34) Desired survivor size 406323200 bytes, new threshold 14 (max threshold 15)
[15.107s][info ][gc,heap        ] GC(34) PSYoungGen: 1579531K(1580032K)->231774K(1693184K) Eden: 1343488K(1343488K)->0K(1303552K) From: 236043K(236544K)->231774K(389632K)
[15.107s][info ][gc,heap        ] GC(34) ParOldGen: 295110K(358400K)->298446K(358400K)
[15.107s][info ][gc,metaspace   ] GC(34) Metaspace: 67642K(68416K)->67642K(68416K) NonClass: 57735K(58176K)->57735K(58176K) Class: 9906K(10240K)->9906K(10240K)
[15.107s][info ][gc             ] GC(34) Pause Young (Allocation Failure) 1830M->517M(2003M) 113.982ms
[15.107s][info ][gc,cpu         ] GC(34) User=0.45s Sys=0.00s Real=0.12s
[15.107s][info ][safepoint      ] Safepoint "ParallelGCFailedAllocation", Time since last: 24511931 ns, Reaching safepoint: 116100 ns, At safepoint: 114086141 ns, Total: 114202241 ns
[15.284s][info ][safepoint      ] Safepoint "ICBufferFull", Time since last: 176451919 ns, Reaching safepoint: 159300 ns, At safepoint: 28400 ns, Total: 187700 ns
[15.368s][info ][gc,start       ] GC(35) Pause Young (Allocation Failure)
[15.464s][debug][gc,phases      ] GC(35) Scavenge 96.172ms
[15.464s][debug][gc,ref         ] GC(35) Skipped phase 1 of Reference Processing: no references
[15.464s][debug][gc,ref         ] GC(35) ReferenceProcessor::execute queues: 1, RefProcThreadModel::Single, marks_oops_alive: false
[15.464s][debug][gc,ref         ] GC(35) Skipped phase 3 of Reference Processing: no references
[15.464s][debug][gc,ref         ] GC(35) ReferenceProcessor::execute queues: 1, RefProcThreadModel::Single, marks_oops_alive: false
[15.464s][debug][gc,phases      ] GC(35) Reference Processing 0.132ms
[15.464s][debug][gc,phases      ] GC(35)   VM Weak                        Min:  0.0, Avg:  0.0, Max:  0.0, Diff:  0.0, Sum:  0.0, Workers: 4
[15.464s][debug][gc,phases      ] GC(35)     Dead                           Min: 0, Avg:  0.0, Max: 0, Diff: 0, Sum: 0, Workers: 4
[15.464s][debug][gc,phases      ] GC(35)     Total                          Min: 0, Avg: 146.8, Max: 576, Diff: 576, Sum: 587, Workers: 4
[15.464s][debug][gc,phases      ] GC(35)   ObjectSynchronizer Weak        Min:  0.0, Avg:  0.0, Max:  0.0, Diff:  0.0, Sum:  0.0, Workers: 4
[15.464s][debug][gc,phases      ] GC(35)     Dead                           Min: 0, Avg:  0.0, Max: 0, Diff: 0, Sum: 0, Workers: 4
[15.464s][debug][gc,phases      ] GC(35)     Total                          Min: 0, Avg: 89.2, Max: 229, Diff: 229, Sum: 357, Workers: 4
[15.464s][debug][gc,phases      ] GC(35)   JVMTI Tag Weak OopStorage      Min:  0.0, Avg:  0.0, Max:  0.0, Diff:  0.0, Sum:  0.0, Workers: 4
[15.464s][debug][gc,phases      ] GC(35)     Dead                           Min: 0, Avg:  0.0, Max: 0, Diff: 0, Sum: 0, Workers: 4
[15.464s][debug][gc,phases      ] GC(35)     Total                          Min: 0, Avg:  0.0, Max: 0, Diff: 0, Sum: 0, Workers: 4
[15.464s][debug][gc,phases      ] GC(35)   StringTable Weak               Min:  0.1, Avg:  0.1, Max:  0.1, Diff:  0.0, Sum:  0.3, Workers: 4
[15.464s][debug][gc,phases      ] GC(35)     Dead                           Min: 0, Avg:  2.8, Max: 11, Diff: 11, Sum: 11, Workers: 4
[15.464s][debug][gc,phases      ] GC(35)     Total                          Min: 8064, Avg: 10677.5, Max: 11776, Diff: 3712, Sum: 42710, Workers: 4
[15.464s][debug][gc,phases      ] GC(35)   ResolvedMethodTable Weak       Min:  0.0, Avg:  0.0, Max:  0.0, Diff:  0.0, Sum:  0.1, Workers: 4
[15.464s][debug][gc,phases      ] GC(35)     Dead                           Min: 0, Avg:  4.0, Max: 16, Diff: 16, Sum: 16, Workers: 4
[15.464s][debug][gc,phases      ] GC(35)     Total                          Min: 1344, Avg: 1775.5, Max: 2048, Diff: 704, Sum: 7102, Workers: 4
[15.464s][debug][gc,phases      ] GC(35)   JNI Weak                       Min:  0.0, Avg:  0.0, Max:  0.0, Diff:  0.0, Sum:  0.0, Workers: 4
[15.464s][debug][gc,phases      ] GC(35)     Dead                           Min: 0, Avg:  0.0, Max: 0, Diff: 0, Sum: 0, Workers: 4
[15.464s][debug][gc,phases      ] GC(35)     Total                          Min: 0, Avg:  1.5, Max: 6, Diff: 6, Sum: 6, Workers: 4
[15.464s][debug][gc,phases      ] GC(35)   StringDedup Table Weak         Min:  0.0, Avg:  0.0, Max:  0.0, Diff:  0.0, Sum:  0.0, Workers: 4
[15.464s][debug][gc,phases      ] GC(35)     Dead                           Min: 0, Avg:  0.0, Max: 0, Diff: 0, Sum: 0, Workers: 4
[15.464s][debug][gc,phases      ] GC(35)     Total                          Min: 0, Avg:  0.0, Max: 0, Diff: 0, Sum: 0, Workers: 4
[15.464s][debug][gc,phases      ] GC(35)   StringDedup Requests0 Weak     Min:  0.0, Avg:  0.0, Max:  0.0, Diff:  0.0, Sum:  0.0, Workers: 4
[15.464s][debug][gc,phases      ] GC(35)     Dead                           Min: 0, Avg:  0.0, Max: 0, Diff: 0, Sum: 0, Workers: 4
[15.464s][debug][gc,phases      ] GC(35)     Total                          Min: 0, Avg:  0.0, Max: 0, Diff: 0, Sum: 0, Workers: 4
[15.464s][debug][gc,phases      ] GC(35)   StringDedup Requests1 Weak     Min:  0.0, Avg:  0.0, Max:  0.0, Diff:  0.0, Sum:  0.0, Workers: 4
[15.464s][debug][gc,phases      ] GC(35)     Dead                           Min: 0, Avg:  0.0, Max: 0, Diff: 0, Sum: 0, Workers: 4
[15.464s][debug][gc,phases      ] GC(35)     Total                          Min: 0, Avg:  0.0, Max: 0, Diff: 0, Sum: 0, Workers: 4
[15.464s][debug][gc,phases      ] GC(35)   Weak JFR Old Object Samples    Min:  0.0, Avg:  0.0, Max:  0.0, Diff:  0.0, Sum:  0.0, Workers: 4
[15.464s][debug][gc,phases      ] GC(35)     Dead                           Min: 0, Avg:  0.0, Max: 0, Diff: 0, Sum: 0, Workers: 4
[15.464s][debug][gc,phases      ] GC(35)     Total                          Min: 0, Avg:  0.0, Max: 0, Diff: 0, Sum: 0, Workers: 4
[15.464s][debug][gc,phases      ] GC(35) Weak Processing 0.248ms
[15.464s][debug][gc,age         ] GC(35) Desired survivor size 409993216 bytes, new threshold 14 (max threshold 15)
[15.464s][info ][gc,heap        ] GC(35) PSYoungGen: 1535326K(1693184K)->229038K(1532928K) Eden: 1303552K(1303552K)->0K(1303552K) From: 231774K(389632K)->229038K(229376K)
[15.464s][info ][gc,heap        ] GC(35) ParOldGen: 298446K(358400K)->300926K(358400K)
[15.464s][info ][gc,metaspace   ] GC(35) Metaspace: 67814K(68608K)->67814K(68608K) NonClass: 57882K(58304K)->57882K(58304K) Class: 9932K(10304K)->9932K(10304K)
[15.464s][info ][gc             ] GC(35) Pause Young (Allocation Failure) 1790M->517M(1847M) 96.658ms
[15.464s][info ][gc,cpu         ] GC(35) User=0.39s Sys=0.00s Real=0.10s
[15.465s][info ][safepoint      ] Safepoint "ParallelGCFailedAllocation", Time since last: 83591503 ns, Reaching safepoint: 122901 ns, At safepoint: 96761619 ns, Total: 96884520 ns
[15.554s][info ][safepoint      ] Safepoint "ICBufferFull", Time since last: 89218011 ns, Reaching safepoint: 135600 ns, At safepoint: 22900 ns, Total: 158500 ns
[15.669s][info ][safepoint      ] Safepoint "ICBufferFull", Time since last: 114897843 ns, Reaching safepoint: 127900 ns, At safepoint: 25800 ns, Total: 153700 ns
[15.702s][info ][gc,start       ] GC(36) Pause Young (Allocation Failure)
[15.795s][debug][gc,phases      ] GC(36) Scavenge 93.675ms
[15.795s][debug][gc,ref         ] GC(36) Skipped phase 1 of Reference Processing: no references
[15.795s][debug][gc,ref         ] GC(36) ReferenceProcessor::execute queues: 1, RefProcThreadModel::Single, marks_oops_alive: false
[15.795s][debug][gc,ref         ] GC(36) Skipped phase 3 of Reference Processing: no references
[15.795s][debug][gc,ref         ] GC(36) ReferenceProcessor::execute queues: 1, RefProcThreadModel::Single, marks_oops_alive: false
[15.795s][debug][gc,phases      ] GC(36) Reference Processing 0.152ms
[15.796s][debug][gc,phases      ] GC(36)   VM Weak                        Min:  0.0, Avg:  0.0, Max:  0.0, Diff:  0.0, Sum:  0.0, Workers: 4
[15.796s][debug][gc,phases      ] GC(36)     Dead                           Min: 0, Avg:  0.0, Max: 0, Diff: 0, Sum: 0, Workers: 4
[15.796s][debug][gc,phases      ] GC(36)     Total                          Min: 0, Avg: 146.8, Max: 587, Diff: 587, Sum: 587, Workers: 4
[15.796s][debug][gc,phases      ] GC(36)   ObjectSynchronizer Weak        Min:  0.0, Avg:  0.0, Max:  0.0, Diff:  0.0, Sum:  0.0, Workers: 4
[15.796s][debug][gc,phases      ] GC(36)     Dead                           Min: 0, Avg:  0.0, Max: 0, Diff: 0, Sum: 0, Workers: 4
[15.796s][debug][gc,phases      ] GC(36)     Total                          Min: 0, Avg: 89.2, Max: 293, Diff: 293, Sum: 357, Workers: 4
[15.796s][debug][gc,phases      ] GC(36)   JVMTI Tag Weak OopStorage      Min:  0.0, Avg:  0.0, Max:  0.0, Diff:  0.0, Sum:  0.0, Workers: 4
[15.796s][debug][gc,phases      ] GC(36)     Dead                           Min: 0, Avg:  0.0, Max: 0, Diff: 0, Sum: 0, Workers: 4
[15.796s][debug][gc,phases      ] GC(36)     Total                          Min: 0, Avg:  0.0, Max: 0, Diff: 0, Sum: 0, Workers: 4
[15.796s][debug][gc,phases      ] GC(36)   StringTable Weak               Min:  0.1, Avg:  0.1, Max:  0.1, Diff:  0.0, Sum:  0.3, Workers: 4
[15.796s][debug][gc,phases      ] GC(36)     Dead                           Min: 0, Avg:  2.8, Max: 11, Diff: 11, Sum: 11, Workers: 4
[15.796s][debug][gc,phases      ] GC(36)     Total                          Min: 9664, Avg: 10677.5, Max: 11136, Diff: 1472, Sum: 42710, Workers: 4
[15.796s][debug][gc,phases      ] GC(36)   ResolvedMethodTable Weak       Min:  0.0, Avg:  0.0, Max:  0.0, Diff:  0.0, Sum:  0.1, Workers: 4
[15.796s][debug][gc,phases      ] GC(36)     Dead                           Min: 0, Avg:  0.0, Max: 0, Diff: 0, Sum: 0, Workers: 4
[15.796s][debug][gc,phases      ] GC(36)     Total                          Min: 1216, Avg: 1775.5, Max: 2239, Diff: 1023, Sum: 7102, Workers: 4
[15.796s][debug][gc,phases      ] GC(36)   JNI Weak                       Min:  0.0, Avg:  0.0, Max:  0.0, Diff:  0.0, Sum:  0.0, Workers: 4
[15.796s][debug][gc,phases      ] GC(36)     Dead                           Min: 0, Avg:  0.0, Max: 0, Diff: 0, Sum: 0, Workers: 4
[15.796s][debug][gc,phases      ] GC(36)     Total                          Min: 0, Avg:  3.2, Max: 13, Diff: 13, Sum: 13, Workers: 4
[15.796s][debug][gc,phases      ] GC(36)   StringDedup Table Weak         Min:  0.0, Avg:  0.0, Max:  0.0, Diff:  0.0, Sum:  0.0, Workers: 4
[15.796s][debug][gc,phases      ] GC(36)     Dead                           Min: 0, Avg:  0.0, Max: 0, Diff: 0, Sum: 0, Workers: 4
[15.796s][debug][gc,phases      ] GC(36)     Total                          Min: 0, Avg:  0.0, Max: 0, Diff: 0, Sum: 0, Workers: 4
[15.796s][debug][gc,phases      ] GC(36)   StringDedup Requests0 Weak     Min:  0.0, Avg:  0.0, Max:  0.0, Diff:  0.0, Sum:  0.0, Workers: 4
[15.796s][debug][gc,phases      ] GC(36)     Dead                           Min: 0, Avg:  0.0, Max: 0, Diff: 0, Sum: 0, Workers: 4
[15.796s][debug][gc,phases      ] GC(36)     Total                          Min: 0, Avg:  0.0, Max: 0, Diff: 0, Sum: 0, Workers: 4
[15.796s][debug][gc,phases      ] GC(36)   StringDedup Requests1 Weak     Min:  0.0, Avg:  0.0, Max:  0.0, Diff:  0.0, Sum:  0.0, Workers: 4
[15.796s][debug][gc,phases      ] GC(36)     Dead                           Min: 0, Avg:  0.0, Max: 0, Diff: 0, Sum: 0, Workers: 4
[15.796s][debug][gc,phases      ] GC(36)     Total                          Min: 0, Avg:  0.0, Max: 0, Diff: 0, Sum: 0, Workers: 4
[15.796s][debug][gc,phases      ] GC(36)   Weak JFR Old Object Samples    Min:  0.0, Avg:  0.0, Max:  0.0, Diff:  0.0, Sum:  0.0, Workers: 4
[15.796s][debug][gc,phases      ] GC(36)     Dead                           Min: 0, Avg:  0.0, Max: 0, Diff: 0, Sum: 0, Workers: 4
[15.796s][debug][gc,phases      ] GC(36)     Total                          Min: 0, Avg:  0.0, Max: 0, Diff: 0, Sum: 0, Workers: 4
[15.796s][debug][gc,phases      ] GC(36) Weak Processing 0.223ms
[15.796s][debug][gc,age         ] GC(36) Desired survivor size 409468928 bytes, new threshold 14 (max threshold 15)
[15.796s][info ][gc,heap        ] GC(36) PSYoungGen: 1532590K(1532928K)->225168K(1697280K) Eden: 1303552K(1303552K)->0K(1296896K) From: 229038K(229376K)->225168K(400384K)
[15.796s][info ][gc,heap        ] GC(36) ParOldGen: 300926K(358400K)->303323K(358400K)
[15.796s][info ][gc,metaspace   ] GC(36) Metaspace: 67856K(68608K)->67856K(68608K) NonClass: 57924K(58304K)->57924K(58304K) Class: 9932K(10304K)->9932K(10304K)
[15.796s][info ][gc             ] GC(36) Pause Young (Allocation Failure) 1790M->516M(2007M) 94.163ms
[15.796s][info ][gc,cpu         ] GC(36) User=0.39s Sys=0.00s Real=0.10s
[15.796s][info ][safepoint      ] Safepoint "ParallelGCFailedAllocation", Time since last: 32472040 ns, Reaching safepoint: 116000 ns, At safepoint: 94260117 ns, Total: 94376117 ns
[15.974s][info ][safepoint      ] Safepoint "ICBufferFull", Time since last: 177489120 ns, Reaching safepoint: 277700 ns, At safepoint: 30400 ns, Total: 308100 ns
[16.022s][info ][safepoint      ] Safepoint "ICBufferFull", Time since last: 47961160 ns, Reaching safepoint: 123500 ns, At safepoint: 26900 ns, Total: 150400 ns
[16.067s][info ][gc,start       ] GC(37) Pause Young (Allocation Failure)
[16.147s][debug][gc,phases      ] GC(37) Scavenge 80.703ms
[16.147s][debug][gc,ref         ] GC(37) Skipped phase 1 of Reference Processing: no references
[16.147s][debug][gc,ref         ] GC(37) ReferenceProcessor::execute queues: 1, RefProcThreadModel::Single, marks_oops_alive: false
[16.147s][debug][gc,ref         ] GC(37) Skipped phase 3 of Reference Processing: no references
[16.147s][debug][gc,ref         ] GC(37) ReferenceProcessor::execute queues: 1, RefProcThreadModel::Single, marks_oops_alive: false
[16.147s][debug][gc,phases      ] GC(37) Reference Processing 0.118ms
[16.148s][debug][gc,phases      ] GC(37)   VM Weak                        Min:  0.0, Avg:  0.0, Max:  0.0, Diff:  0.0, Sum:  0.0, Workers: 4
[16.148s][debug][gc,phases      ] GC(37)     Dead                           Min: 0, Avg:  0.0, Max: 0, Diff: 0, Sum: 0, Workers: 4
[16.148s][debug][gc,phases      ] GC(37)     Total                          Min: 0, Avg: 146.8, Max: 587, Diff: 587, Sum: 587, Workers: 4
[16.148s][debug][gc,phases      ] GC(37)   ObjectSynchronizer Weak        Min:  0.0, Avg:  0.0, Max:  0.0, Diff:  0.0, Sum:  0.0, Workers: 4
[16.148s][debug][gc,phases      ] GC(37)     Dead                           Min: 0, Avg:  0.0, Max: 0, Diff: 0, Sum: 0, Workers: 4
[16.148s][debug][gc,phases      ] GC(37)     Total                          Min: 0, Avg: 89.2, Max: 357, Diff: 357, Sum: 357, Workers: 4
[16.148s][debug][gc,phases      ] GC(37)   JVMTI Tag Weak OopStorage      Min:  0.0, Avg:  0.0, Max:  0.0, Diff:  0.0, Sum:  0.0, Workers: 4
[16.148s][debug][gc,phases      ] GC(37)     Dead                           Min: 0, Avg:  0.0, Max: 0, Diff: 0, Sum: 0, Workers: 4
[16.148s][debug][gc,phases      ] GC(37)     Total                          Min: 0, Avg:  0.0, Max: 0, Diff: 0, Sum: 0, Workers: 4
[16.148s][debug][gc,phases      ] GC(37)   StringTable Weak               Min:  0.1, Avg:  0.1, Max:  0.1, Diff:  0.0, Sum:  0.3, Workers: 4
[16.148s][debug][gc,phases      ] GC(37)     Dead                           Min: 0, Avg:  0.0, Max: 0, Diff: 0, Sum: 0, Workers: 4
[16.148s][debug][gc,phases      ] GC(37)     Total                          Min: 10048, Avg: 10678.0, Max: 11904, Diff: 1856, Sum: 42712, Workers: 4
[16.148s][debug][gc,phases      ] GC(37)   ResolvedMethodTable Weak       Min:  0.0, Avg:  0.0, Max:  0.0, Diff:  0.0, Sum:  0.0, Workers: 4
[16.148s][debug][gc,phases      ] GC(37)     Dead                           Min: 0, Avg:  0.0, Max: 0, Diff: 0, Sum: 0, Workers: 4
[16.148s][debug][gc,phases      ] GC(37)     Total                          Min: 1535, Avg: 1775.5, Max: 1984, Diff: 449, Sum: 7102, Workers: 4
[16.148s][debug][gc,phases      ] GC(37)   JNI Weak                       Min:  0.0, Avg:  0.0, Max:  0.0, Diff:  0.0, Sum:  0.0, Workers: 4
[16.148s][debug][gc,phases      ] GC(37)     Dead                           Min: 0, Avg:  0.0, Max: 0, Diff: 0, Sum: 0, Workers: 4
[16.148s][debug][gc,phases      ] GC(37)     Total                          Min: 0, Avg:  2.0, Max: 8, Diff: 8, Sum: 8, Workers: 4
[16.148s][debug][gc,phases      ] GC(37)   StringDedup Table Weak         Min:  0.0, Avg:  0.0, Max:  0.0, Diff:  0.0, Sum:  0.0, Workers: 4
[16.148s][debug][gc,phases      ] GC(37)     Dead                           Min: 0, Avg:  0.0, Max: 0, Diff: 0, Sum: 0, Workers: 4
[16.148s][debug][gc,phases      ] GC(37)     Total                          Min: 0, Avg:  0.0, Max: 0, Diff: 0, Sum: 0, Workers: 4
[16.148s][debug][gc,phases      ] GC(37)   StringDedup Requests0 Weak     Min:  0.0, Avg:  0.0, Max:  0.0, Diff:  0.0, Sum:  0.0, Workers: 4
[16.148s][debug][gc,phases      ] GC(37)     Dead                           Min: 0, Avg:  0.0, Max: 0, Diff: 0, Sum: 0, Workers: 4
[16.148s][debug][gc,phases      ] GC(37)     Total                          Min: 0, Avg:  0.0, Max: 0, Diff: 0, Sum: 0, Workers: 4
[16.148s][debug][gc,phases      ] GC(37)   StringDedup Requests1 Weak     Min:  0.0, Avg:  0.0, Max:  0.0, Diff:  0.0, Sum:  0.0, Workers: 4
[16.148s][debug][gc,phases      ] GC(37)     Dead                           Min: 0, Avg:  0.0, Max: 0, Diff: 0, Sum: 0, Workers: 4
[16.148s][debug][gc,phases      ] GC(37)     Total                          Min: 0, Avg:  0.0, Max: 0, Diff: 0, Sum: 0, Workers: 4
[16.148s][debug][gc,phases      ] GC(37)   Weak JFR Old Object Samples    Min:  0.0, Avg:  0.0, Max:  0.0, Diff:  0.0, Sum:  0.0, Workers: 4
[16.148s][debug][gc,phases      ] GC(37)     Dead                           Min: 0, Avg:  0.0, Max: 0, Diff: 0, Sum: 0, Workers: 4
[16.148s][debug][gc,phases      ] GC(37)     Total                          Min: 0, Avg:  0.0, Max: 0, Diff: 0, Sum: 0, Workers: 4
[16.148s][debug][gc,phases      ] GC(37) Weak Processing 0.234ms
[16.148s][debug][gc,age         ] GC(37) Desired survivor size 406323200 bytes, new threshold 14 (max threshold 15)
[16.148s][info ][gc,heap        ] GC(37) PSYoungGen: 1522064K(1697280K)->223664K(1696768K) Eden: 1296896K(1296896K)->0K(1296896K) From: 225168K(400384K)->223664K(399872K)
[16.148s][info ][gc,heap        ] GC(37) ParOldGen: 303323K(358400K)->303523K(358400K)
[16.148s][info ][gc,metaspace   ] GC(37) Metaspace: 67892K(68672K)->67892K(68672K) NonClass: 57959K(58368K)->57959K(58368K) Class: 9932K(10304K)->9932K(10304K)
[16.148s][info ][gc             ] GC(37) Pause Young (Allocation Failure) 1782M->514M(2007M) 81.175ms
[16.148s][info ][gc,cpu         ] GC(37) User=0.33s Sys=0.00s Real=0.08s
[16.148s][info ][safepoint      ] Safepoint "ParallelGCFailedAllocation", Time since last: 44619955 ns, Reaching safepoint: 143000 ns, At safepoint: 81287601 ns, Total: 81430601 ns
[16.199s][info ][safepoint      ] Safepoint "ICBufferFull", Time since last: 51125063 ns, Reaching safepoint: 130500 ns, At safepoint: 25900 ns, Total: 156400 ns
[16.200s][info ][safepoint      ] Safepoint "ICBufferFull", Time since last: 1072702 ns, Reaching safepoint: 63400 ns, At safepoint: 28300 ns, Total: 91700 ns
[16.201s][info ][safepoint      ] Safepoint "ICBufferFull", Time since last: 784301 ns, Reaching safepoint: 96400 ns, At safepoint: 23400 ns, Total: 119800 ns
[16.202s][info ][safepoint      ] Safepoint "ICBufferFull", Time since last: 897601 ns, Reaching safepoint: 107700 ns, At safepoint: 21400 ns, Total: 129100 ns
[16.219s][info ][safepoint      ] Safepoint "ICBufferFull", Time since last: 13565817 ns, Reaching safepoint: 3213204 ns, At safepoint: 24300 ns, Total: 3237504 ns
[16.281s][info ][safepoint      ] Safepoint "ICBufferFull", Time since last: 62360177 ns, Reaching safepoint: 136100 ns, At safepoint: 28101 ns, Total: 164201 ns
[16.383s][info ][gc,start       ] GC(38) Pause Young (Allocation Failure)
[16.485s][debug][gc,phases      ] GC(38) Scavenge 101.746ms
[16.485s][debug][gc,ref         ] GC(38) Skipped phase 1 of Reference Processing: no references
[16.485s][debug][gc,ref         ] GC(38) ReferenceProcessor::execute queues: 1, RefProcThreadModel::Single, marks_oops_alive: false
[16.485s][debug][gc,ref         ] GC(38) Skipped phase 3 of Reference Processing: no references
[16.485s][debug][gc,ref         ] GC(38) ReferenceProcessor::execute queues: 1, RefProcThreadModel::Single, marks_oops_alive: false
[16.485s][debug][gc,phases      ] GC(38) Reference Processing 0.122ms
[16.485s][debug][gc,phases      ] GC(38)   VM Weak                        Min:  0.0, Avg:  0.0, Max:  0.0, Diff:  0.0, Sum:  0.0, Workers: 4
[16.485s][debug][gc,phases      ] GC(38)     Dead                           Min: 0, Avg:  0.0, Max: 0, Diff: 0, Sum: 0, Workers: 4
[16.485s][debug][gc,phases      ] GC(38)     Total                          Min: 0, Avg: 146.8, Max: 587, Diff: 587, Sum: 587, Workers: 4
[16.485s][debug][gc,phases      ] GC(38)   ObjectSynchronizer Weak        Min:  0.0, Avg:  0.0, Max:  0.0, Diff:  0.0, Sum:  0.0, Workers: 4
[16.485s][debug][gc,phases      ] GC(38)     Dead                           Min: 0, Avg:  0.0, Max: 0, Diff: 0, Sum: 0, Workers: 4
[16.485s][debug][gc,phases      ] GC(38)     Total                          Min: 0, Avg: 89.2, Max: 357, Diff: 357, Sum: 357, Workers: 4
[16.485s][debug][gc,phases      ] GC(38)   JVMTI Tag Weak OopStorage      Min:  0.0, Avg:  0.0, Max:  0.0, Diff:  0.0, Sum:  0.0, Workers: 4
[16.485s][debug][gc,phases      ] GC(38)     Dead                           Min: 0, Avg:  0.0, Max: 0, Diff: 0, Sum: 0, Workers: 4
[16.485s][debug][gc,phases      ] GC(38)     Total                          Min: 0, Avg:  0.0, Max: 0, Diff: 0, Sum: 0, Workers: 4
[16.485s][debug][gc,phases      ] GC(38)   StringTable Weak               Min:  0.1, Avg:  0.1, Max:  0.1, Diff:  0.0, Sum:  0.3, Workers: 4
[16.485s][debug][gc,phases      ] GC(38)     Dead                           Min: 0, Avg:  2.8, Max: 11, Diff: 11, Sum: 11, Workers: 4
[16.485s][debug][gc,phases      ] GC(38)     Total                          Min: 9373, Avg: 10679.2, Max: 11520, Diff: 2147, Sum: 42717, Workers: 4
[16.485s][debug][gc,phases      ] GC(38)   ResolvedMethodTable Weak       Min:  0.0, Avg:  0.0, Max:  0.0, Diff:  0.0, Sum:  0.1, Workers: 4
[16.485s][debug][gc,phases      ] GC(38)     Dead                           Min: 0, Avg:  0.0, Max: 0, Diff: 0, Sum: 0, Workers: 4
[16.485s][debug][gc,phases      ] GC(38)     Total                          Min: 1535, Avg: 1775.5, Max: 1984, Diff: 449, Sum: 7102, Workers: 4
[16.485s][debug][gc,phases      ] GC(38)   JNI Weak                       Min:  0.0, Avg:  0.0, Max:  0.0, Diff:  0.0, Sum:  0.0, Workers: 4
[16.485s][debug][gc,phases      ] GC(38)     Dead                           Min: 0, Avg:  0.0, Max: 0, Diff: 0, Sum: 0, Workers: 4
[16.485s][debug][gc,phases      ] GC(38)     Total                          Min: 0, Avg:  2.0, Max: 8, Diff: 8, Sum: 8, Workers: 4
[16.485s][debug][gc,phases      ] GC(38)   StringDedup Table Weak         Min:  0.0, Avg:  0.0, Max:  0.0, Diff:  0.0, Sum:  0.0, Workers: 4
[16.485s][debug][gc,phases      ] GC(38)     Dead                           Min: 0, Avg:  0.0, Max: 0, Diff: 0, Sum: 0, Workers: 4
[16.485s][debug][gc,phases      ] GC(38)     Total                          Min: 0, Avg:  0.0, Max: 0, Diff: 0, Sum: 0, Workers: 4
[16.485s][debug][gc,phases      ] GC(38)   StringDedup Requests0 Weak     Min:  0.0, Avg:  0.0, Max:  0.0, Diff:  0.0, Sum:  0.0, Workers: 4
[16.485s][debug][gc,phases      ] GC(38)     Dead                           Min: 0, Avg:  0.0, Max: 0, Diff: 0, Sum: 0, Workers: 4
[16.485s][debug][gc,phases      ] GC(38)     Total                          Min: 0, Avg:  0.0, Max: 0, Diff: 0, Sum: 0, Workers: 4
[16.485s][debug][gc,phases      ] GC(38)   StringDedup Requests1 Weak     Min:  0.0, Avg:  0.0, Max:  0.0, Diff:  0.0, Sum:  0.0, Workers: 4
[16.485s][debug][gc,phases      ] GC(38)     Dead                           Min: 0, Avg:  0.0, Max: 0, Diff: 0, Sum: 0, Workers: 4
[16.485s][debug][gc,phases      ] GC(38)     Total                          Min: 0, Avg:  0.0, Max: 0, Diff: 0, Sum: 0, Workers: 4
[16.485s][debug][gc,phases      ] GC(38)   Weak JFR Old Object Samples    Min:  0.0, Avg:  0.0, Max:  0.0, Diff:  0.0, Sum:  0.0, Workers: 4
[16.485s][debug][gc,phases      ] GC(38)     Dead                           Min: 0, Avg:  0.0, Max: 0, Diff: 0, Sum: 0, Workers: 4
[16.485s][debug][gc,phases      ] GC(38)     Total                          Min: 0, Avg:  0.0, Max: 0, Diff: 0, Sum: 0, Workers: 4
[16.485s][debug][gc,phases      ] GC(38) Weak Processing 0.236ms
[16.485s][debug][gc,age         ] GC(38) Desired survivor size 402128896 bytes, new threshold 14 (max threshold 15)
[16.485s][info ][gc,heap        ] GC(38) PSYoungGen: 1520560K(1696768K)->222048K(1704448K) Eden: 1296896K(1296896K)->0K(1307648K) From: 223664K(399872K)->222048K(396800K)
[16.485s][info ][gc,heap        ] GC(38) ParOldGen: 303523K(358400K)->304509K(358400K)
[16.485s][info ][gc,metaspace   ] GC(38) Metaspace: 67945K(68672K)->67945K(68672K) NonClass: 58013K(58368K)->58013K(58368K) Class: 9932K(10304K)->9932K(10304K)
[16.485s][info ][gc             ] GC(38) Pause Young (Allocation Failure) 1781M->514M(2014M) 102.217ms
[16.486s][info ][gc,cpu         ] GC(38) User=0.41s Sys=0.00s Real=0.10s
[16.486s][info ][safepoint      ] Safepoint "ParallelGCFailedAllocation", Time since last: 101671625 ns, Reaching safepoint: 121201 ns, At safepoint: 102318626 ns, Total: 102439827 ns
[16.530s][info ][safepoint      ] Safepoint "ICBufferFull", Time since last: 43917355 ns, Reaching safepoint: 123600 ns, At safepoint: 29600 ns, Total: 153200 ns
[16.580s][info ][safepoint      ] Safepoint "ICBufferFull", Time since last: 50281562 ns, Reaching safepoint: 116200 ns, At safepoint: 27900 ns, Total: 144100 ns
[16.645s][info ][safepoint      ] Safepoint "ICBufferFull", Time since last: 64367980 ns, Reaching safepoint: 146300 ns, At safepoint: 24100 ns, Total: 170400 ns
[16.672s][info ][safepoint      ] Safepoint "ICBufferFull", Time since last: 27015034 ns, Reaching safepoint: 128700 ns, At safepoint: 26000 ns, Total: 154700 ns
[16.705s][info ][safepoint      ] Safepoint "ICBufferFull", Time since last: 33135041 ns, Reaching safepoint: 392301 ns, At safepoint: 32800 ns, Total: 425101 ns
[16.725s][info ][gc,start       ] GC(39) Pause Young (Allocation Failure)
[16.800s][debug][gc,phases      ] GC(39) Scavenge 75.459ms
[16.800s][debug][gc,ref         ] GC(39) Skipped phase 1 of Reference Processing: no references
[16.800s][debug][gc,ref         ] GC(39) ReferenceProcessor::execute queues: 1, RefProcThreadModel::Single, marks_oops_alive: false
[16.801s][debug][gc,ref         ] GC(39) Skipped phase 3 of Reference Processing: no references
[16.801s][debug][gc,ref         ] GC(39) ReferenceProcessor::execute queues: 1, RefProcThreadModel::Single, marks_oops_alive: false
[16.801s][debug][gc,phases      ] GC(39) Reference Processing 0.122ms
[16.801s][debug][gc,phases      ] GC(39)   VM Weak                        Min:  0.0, Avg:  0.0, Max:  0.0, Diff:  0.0, Sum:  0.0, Workers: 4
[16.801s][debug][gc,phases      ] GC(39)     Dead                           Min: 0, Avg:  0.0, Max: 0, Diff: 0, Sum: 0, Workers: 4
[16.801s][debug][gc,phases      ] GC(39)     Total                          Min: 0, Avg: 146.8, Max: 523, Diff: 523, Sum: 587, Workers: 4
[16.801s][debug][gc,phases      ] GC(39)   ObjectSynchronizer Weak        Min:  0.0, Avg:  0.0, Max:  0.0, Diff:  0.0, Sum:  0.0, Workers: 4
[16.801s][debug][gc,phases      ] GC(39)     Dead                           Min: 0, Avg:  0.0, Max: 0, Diff: 0, Sum: 0, Workers: 4
[16.801s][debug][gc,phases      ] GC(39)     Total                          Min: 0, Avg: 89.2, Max: 192, Diff: 192, Sum: 357, Workers: 4
[16.801s][debug][gc,phases      ] GC(39)   JVMTI Tag Weak OopStorage      Min:  0.0, Avg:  0.0, Max:  0.0, Diff:  0.0, Sum:  0.0, Workers: 4
[16.801s][debug][gc,phases      ] GC(39)     Dead                           Min: 0, Avg:  0.0, Max: 0, Diff: 0, Sum: 0, Workers: 4
[16.801s][debug][gc,phases      ] GC(39)     Total                          Min: 0, Avg:  0.0, Max: 0, Diff: 0, Sum: 0, Workers: 4
[16.801s][debug][gc,phases      ] GC(39)   StringTable Weak               Min:  0.1, Avg:  0.1, Max:  0.1, Diff:  0.0, Sum:  0.3, Workers: 4
[16.801s][debug][gc,phases      ] GC(39)     Dead                           Min: 0, Avg:  2.8, Max: 11, Diff: 11, Sum: 11, Workers: 4
[16.801s][debug][gc,phases      ] GC(39)     Total                          Min: 9856, Avg: 10681.2, Max: 11632, Diff: 1776, Sum: 42725, Workers: 4
[16.801s][debug][gc,phases      ] GC(39)   ResolvedMethodTable Weak       Min:  0.0, Avg:  0.0, Max:  0.0, Diff:  0.0, Sum:  0.1, Workers: 4
[16.801s][debug][gc,phases      ] GC(39)     Dead                           Min: 0, Avg:  0.0, Max: 0, Diff: 0, Sum: 0, Workers: 4
[16.801s][debug][gc,phases      ] GC(39)     Total                          Min: 1600, Avg: 1776.0, Max: 1920, Diff: 320, Sum: 7104, Workers: 4
[16.801s][debug][gc,phases      ] GC(39)   JNI Weak                       Min:  0.0, Avg:  0.0, Max:  0.0, Diff:  0.0, Sum:  0.0, Workers: 4
[16.801s][debug][gc,phases      ] GC(39)     Dead                           Min: 0, Avg:  0.0, Max: 0, Diff: 0, Sum: 0, Workers: 4
[16.801s][debug][gc,phases      ] GC(39)     Total                          Min: 0, Avg:  1.0, Max: 4, Diff: 4, Sum: 4, Workers: 4
[16.801s][debug][gc,phases      ] GC(39)   StringDedup Table Weak         Min:  0.0, Avg:  0.0, Max:  0.0, Diff:  0.0, Sum:  0.0, Workers: 4
[16.801s][debug][gc,phases      ] GC(39)     Dead                           Min: 0, Avg:  0.0, Max: 0, Diff: 0, Sum: 0, Workers: 4
[16.801s][debug][gc,phases      ] GC(39)     Total                          Min: 0, Avg:  0.0, Max: 0, Diff: 0, Sum: 0, Workers: 4
[16.801s][debug][gc,phases      ] GC(39)   StringDedup Requests0 Weak     Min:  0.0, Avg:  0.0, Max:  0.0, Diff:  0.0, Sum:  0.0, Workers: 4
[16.801s][debug][gc,phases      ] GC(39)     Dead                           Min: 0, Avg:  0.0, Max: 0, Diff: 0, Sum: 0, Workers: 4
[16.801s][debug][gc,phases      ] GC(39)     Total                          Min: 0, Avg:  0.0, Max: 0, Diff: 0, Sum: 0, Workers: 4
[16.801s][debug][gc,phases      ] GC(39)   StringDedup Requests1 Weak     Min:  0.0, Avg:  0.0, Max:  0.0, Diff:  0.0, Sum:  0.0, Workers: 4
[16.801s][debug][gc,phases      ] GC(39)     Dead                           Min: 0, Avg:  0.0, Max: 0, Diff: 0, Sum: 0, Workers: 4
[16.801s][debug][gc,phases      ] GC(39)     Total                          Min: 0, Avg:  0.0, Max: 0, Diff: 0, Sum: 0, Workers: 4
[16.801s][debug][gc,phases      ] GC(39)   Weak JFR Old Object Samples    Min:  0.0, Avg:  0.0, Max:  0.0, Diff:  0.0, Sum:  0.0, Workers: 4
[16.801s][debug][gc,phases      ] GC(39)     Dead                           Min: 0, Avg:  0.0, Max: 0, Diff: 0, Sum: 0, Workers: 4
[16.801s][debug][gc,phases      ] GC(39)     Total                          Min: 0, Avg:  0.0, Max: 0, Diff: 0, Sum: 0, Workers: 4
[16.801s][debug][gc,phases      ] GC(39) Weak Processing 0.230ms
[16.801s][debug][gc,age         ] GC(39) Desired survivor size 394264576 bytes, new threshold 14 (max threshold 15)
[16.801s][info ][gc,heap        ] GC(39) PSYoungGen: 1529696K(1704448K)->216551K(1700352K) Eden: 1307648K(1307648K)->0K(1307648K) From: 222048K(396800K)->216551K(392704K)
[16.801s][info ][gc,heap        ] GC(39) ParOldGen: 304509K(358400K)->308052K(358400K)
[16.801s][info ][gc,metaspace   ] GC(39) Metaspace: 67992K(68800K)->67992K(68800K) NonClass: 58058K(58496K)->58058K(58496K) Class: 9933K(10304K)->9933K(10304K)
[16.801s][info ][gc             ] GC(39) Pause Young (Allocation Failure) 1791M->512M(2010M) 75.918ms
[16.801s][info ][gc,cpu         ] GC(39) User=0.30s Sys=0.01s Real=0.07s
[16.801s][info ][safepoint      ] Safepoint "ParallelGCFailedAllocation", Time since last: 19398924 ns, Reaching safepoint: 115200 ns, At safepoint: 76018594 ns, Total: 76133794 ns
[16.825s][info ][safepoint      ] Safepoint "ICBufferFull", Time since last: 23668429 ns, Reaching safepoint: 115000 ns, At safepoint: 28100 ns, Total: 143100 ns
[16.889s][info ][safepoint      ] Safepoint "ICBufferFull", Time since last: 64659280 ns, Reaching safepoint: 131601 ns, At safepoint: 28700 ns, Total: 160301 ns
[16.946s][info ][safepoint      ] Safepoint "ICBufferFull", Time since last: 55923069 ns, Reaching safepoint: 128400 ns, At safepoint: 29400 ns, Total: 157800 ns
[17.027s][info ][safepoint      ] Safepoint "ICBufferFull", Time since last: 81404701 ns, Reaching safepoint: 152700 ns, At safepoint: 27000 ns, Total: 179700 ns
[17.050s][info ][safepoint      ] Safepoint "ICBufferFull", Time since last: 22500528 ns, Reaching safepoint: 114900 ns, At safepoint: 27200 ns, Total: 142100 ns
[17.079s][info ][safepoint      ] Safepoint "ICBufferFull", Time since last: 29326237 ns, Reaching safepoint: 120000 ns, At safepoint: 26600 ns, Total: 146600 ns
[17.102s][info ][safepoint      ] Safepoint "ICBufferFull", Time since last: 22988928 ns, Reaching safepoint: 115100 ns, At safepoint: 25200 ns, Total: 140300 ns
[17.108s][info ][gc,start       ] GC(40) Pause Young (Allocation Failure)
[17.188s][debug][gc,phases      ] GC(40) Scavenge 79.774ms
[17.188s][debug][gc,ref         ] GC(40) Skipped phase 1 of Reference Processing: no references
[17.188s][debug][gc,ref         ] GC(40) ReferenceProcessor::execute queues: 1, RefProcThreadModel::Single, marks_oops_alive: false
[17.188s][debug][gc,ref         ] GC(40) Skipped phase 3 of Reference Processing: no references
[17.188s][debug][gc,ref         ] GC(40) ReferenceProcessor::execute queues: 1, RefProcThreadModel::Single, marks_oops_alive: false
[17.188s][debug][gc,phases      ] GC(40) Reference Processing 0.120ms
[17.188s][debug][gc,phases      ] GC(40)   VM Weak                        Min:  0.0, Avg:  0.0, Max:  0.0, Diff:  0.0, Sum:  0.0, Workers: 4
[17.188s][debug][gc,phases      ] GC(40)     Dead                           Min: 0, Avg:  0.0, Max: 0, Diff: 0, Sum: 0, Workers: 4
[17.188s][debug][gc,phases      ] GC(40)     Total                          Min: 0, Avg: 146.8, Max: 267, Diff: 267, Sum: 587, Workers: 4
[17.188s][debug][gc,phases      ] GC(40)   ObjectSynchronizer Weak        Min:  0.0, Avg:  0.0, Max:  0.0, Diff:  0.0, Sum:  0.0, Workers: 4
[17.188s][debug][gc,phases      ] GC(40)     Dead                           Min: 0, Avg:  0.0, Max: 0, Diff: 0, Sum: 0, Workers: 4
[17.188s][debug][gc,phases      ] GC(40)     Total                          Min: 0, Avg: 89.2, Max: 165, Diff: 165, Sum: 357, Workers: 4
[17.188s][debug][gc,phases      ] GC(40)   JVMTI Tag Weak OopStorage      Min:  0.0, Avg:  0.0, Max:  0.0, Diff:  0.0, Sum:  0.0, Workers: 4
[17.188s][debug][gc,phases      ] GC(40)     Dead                           Min: 0, Avg:  0.0, Max: 0, Diff: 0, Sum: 0, Workers: 4
[17.188s][debug][gc,phases      ] GC(40)     Total                          Min: 0, Avg:  0.0, Max: 0, Diff: 0, Sum: 0, Workers: 4
[17.188s][debug][gc,phases      ] GC(40)   StringTable Weak               Min:  0.1, Avg:  0.1, Max:  0.1, Diff:  0.0, Sum:  0.3, Workers: 4
[17.188s][debug][gc,phases      ] GC(40)     Dead                           Min: 0, Avg:  0.5, Max: 2, Diff: 2, Sum: 2, Workers: 4
[17.188s][debug][gc,phases      ] GC(40)     Total                          Min: 9600, Avg: 10688.5, Max: 11456, Diff: 1856, Sum: 42754, Workers: 4
[17.188s][debug][gc,phases      ] GC(40)   ResolvedMethodTable Weak       Min:  0.0, Avg:  0.0, Max:  0.0, Diff:  0.0, Sum:  0.0, Workers: 4
[17.188s][debug][gc,phases      ] GC(40)     Dead                           Min: 0, Avg:  4.2, Max: 17, Diff: 17, Sum: 17, Workers: 4
[17.188s][debug][gc,phases      ] GC(40)     Total                          Min: 1651, Avg: 1778.2, Max: 1919, Diff: 268, Sum: 7113, Workers: 4
[17.188s][debug][gc,phases      ] GC(40)   JNI Weak                       Min:  0.0, Avg:  0.0, Max:  0.0, Diff:  0.0, Sum:  0.0, Workers: 4
[17.188s][debug][gc,phases      ] GC(40)     Dead                           Min: 0, Avg:  0.0, Max: 0, Diff: 0, Sum: 0, Workers: 4
[17.188s][debug][gc,phases      ] GC(40)     Total                          Min: 0, Avg:  1.2, Max: 5, Diff: 5, Sum: 5, Workers: 4
[17.188s][debug][gc,phases      ] GC(40)   StringDedup Table Weak         Min:  0.0, Avg:  0.0, Max:  0.0, Diff:  0.0, Sum:  0.0, Workers: 4
[17.188s][debug][gc,phases      ] GC(40)     Dead                           Min: 0, Avg:  0.0, Max: 0, Diff: 0, Sum: 0, Workers: 4
[17.188s][debug][gc,phases      ] GC(40)     Total                          Min: 0, Avg:  0.0, Max: 0, Diff: 0, Sum: 0, Workers: 4
[17.188s][debug][gc,phases      ] GC(40)   StringDedup Requests0 Weak     Min:  0.0, Avg:  0.0, Max:  0.0, Diff:  0.0, Sum:  0.0, Workers: 4
[17.188s][debug][gc,phases      ] GC(40)     Dead                           Min: 0, Avg:  0.0, Max: 0, Diff: 0, Sum: 0, Workers: 4
[17.188s][debug][gc,phases      ] GC(40)     Total                          Min: 0, Avg:  0.0, Max: 0, Diff: 0, Sum: 0, Workers: 4
[17.188s][debug][gc,phases      ] GC(40)   StringDedup Requests1 Weak     Min:  0.0, Avg:  0.0, Max:  0.0, Diff:  0.0, Sum:  0.0, Workers: 4
[17.188s][debug][gc,phases      ] GC(40)     Dead                           Min: 0, Avg:  0.0, Max: 0, Diff: 0, Sum: 0, Workers: 4
[17.188s][debug][gc,phases      ] GC(40)     Total                          Min: 0, Avg:  0.0, Max: 0, Diff: 0, Sum: 0, Workers: 4
[17.188s][debug][gc,phases      ] GC(40)   Weak JFR Old Object Samples    Min:  0.0, Avg:  0.0, Max:  0.0, Diff:  0.0, Sum:  0.0, Workers: 4
[17.188s][debug][gc,phases      ] GC(40)     Dead                           Min: 0, Avg:  0.0, Max: 0, Diff: 0, Sum: 0, Workers: 4
[17.188s][debug][gc,phases      ] GC(40)     Total                          Min: 0, Avg:  0.0, Max: 0, Diff: 0, Sum: 0, Workers: 4
[17.188s][debug][gc,phases      ] GC(40) Weak Processing 0.235ms
[17.188s][debug][gc,age         ] GC(40) Desired survivor size 376438784 bytes, new threshold 14 (max threshold 15)
[17.188s][info ][gc,heap        ] GC(40) PSYoungGen: 1524199K(1700352K)->189520K(1729536K) Eden: 1307648K(1307648K)->0K(1344512K) From: 216551K(392704K)->189520K(385024K)
[17.188s][info ][gc,heap        ] GC(40) ParOldGen: 308052K(358400K)->332852K(358400K)
[17.188s][info ][gc,metaspace   ] GC(40) Metaspace: 68132K(68928K)->68132K(68928K) NonClass: 58192K(58624K)->58192K(58624K) Class: 9939K(10304K)->9939K(10304K)
[17.188s][info ][gc             ] GC(40) Pause Young (Allocation Failure) 1789M->510M(2039M) 80.232ms
[17.188s][info ][gc,cpu         ] GC(40) User=0.33s Sys=0.01s Real=0.08s
[17.188s][debug][gc,phases      ] GC(41) Pre Compact 0.007ms
[17.188s][info ][gc,start       ] GC(41) Pause Full (Ergonomics)
[17.188s][info ][gc,phases,start] GC(41) Marking Phase
[17.354s][debug][gc,phases      ] GC(41) Par Mark 166.274ms
[17.354s][debug][gc,ref         ] GC(41) Skipped phase 1 of Reference Processing: no references
[17.355s][debug][gc,ref         ] GC(41) ReferenceProcessor::execute queues: 4, RefProcThreadModel::Multi, marks_oops_alive: false
[17.355s][debug][gc,ref         ] GC(41) Skipped phase 3 of Reference Processing: no references
[17.355s][debug][gc,ref         ] GC(41) ReferenceProcessor::execute queues: 1, RefProcThreadModel::Single, marks_oops_alive: false
[17.355s][debug][gc,phases      ] GC(41) Reference Processing 0.658ms
[17.355s][debug][gc,phases      ] GC(41)   VM Weak                        Min:  0.0, Avg:  0.0, Max:  0.0, Diff:  0.0, Sum:  0.0, Workers: 4
[17.355s][debug][gc,phases      ] GC(41)     Dead                           Min: 0, Avg:  0.0, Max: 0, Diff: 0, Sum: 0, Workers: 4
[17.355s][debug][gc,phases      ] GC(41)     Total                          Min: 0, Avg: 146.8, Max: 459, Diff: 459, Sum: 587, Workers: 4
[17.355s][debug][gc,phases      ] GC(41)   ObjectSynchronizer Weak        Min:  0.0, Avg:  0.0, Max:  0.0, Diff:  0.0, Sum:  0.0, Workers: 4
[17.355s][debug][gc,phases      ] GC(41)     Dead                           Min: 0, Avg:  0.8, Max: 2, Diff: 2, Sum: 3, Workers: 4
[17.355s][debug][gc,phases      ] GC(41)     Total                          Min: 0, Avg: 89.2, Max: 165, Diff: 165, Sum: 357, Workers: 4
[17.355s][debug][gc,phases      ] GC(41)   JVMTI Tag Weak OopStorage      Min:  0.0, Avg:  0.0, Max:  0.0, Diff:  0.0, Sum:  0.0, Workers: 4
[17.355s][debug][gc,phases      ] GC(41)     Dead                           Min: 0, Avg:  0.0, Max: 0, Diff: 0, Sum: 0, Workers: 4
[17.355s][debug][gc,phases      ] GC(41)     Total                          Min: 0, Avg:  0.0, Max: 0, Diff: 0, Sum: 0, Workers: 4
[17.355s][debug][gc,phases      ] GC(41)   StringTable Weak               Min:  0.1, Avg:  0.1, Max:  0.1, Diff:  0.0, Sum:  0.6, Workers: 4
[17.355s][debug][gc,phases      ] GC(41)     Dead                           Min: 0, Avg:  0.0, Max: 0, Diff: 0, Sum: 0, Workers: 4
[17.355s][debug][gc,phases      ] GC(41)     Total                          Min: 9280, Avg: 10688.5, Max: 12480, Diff: 3200, Sum: 42754, Workers: 4
[17.355s][debug][gc,phases      ] GC(41)   ResolvedMethodTable Weak       Min:  0.0, Avg:  0.0, Max:  0.0, Diff:  0.0, Sum:  0.1, Workers: 4
[17.355s][debug][gc,phases      ] GC(41)     Dead                           Min: 0, Avg:  0.0, Max: 0, Diff: 0, Sum: 0, Workers: 4
[17.355s][debug][gc,phases      ] GC(41)     Total                          Min: 1535, Avg: 1778.2, Max: 2099, Diff: 564, Sum: 7113, Workers: 4
[17.355s][debug][gc,phases      ] GC(41)   JNI Weak                       Min:  0.0, Avg:  0.0, Max:  0.0, Diff:  0.0, Sum:  0.0, Workers: 4
[17.355s][debug][gc,phases      ] GC(41)     Dead                           Min: 0, Avg:  0.0, Max: 0, Diff: 0, Sum: 0, Workers: 4
[17.355s][debug][gc,phases      ] GC(41)     Total                          Min: 0, Avg:  1.2, Max: 5, Diff: 5, Sum: 5, Workers: 4
[17.355s][debug][gc,phases      ] GC(41)   StringDedup Table Weak         Min:  0.0, Avg:  0.0, Max:  0.0, Diff:  0.0, Sum:  0.0, Workers: 4
[17.355s][debug][gc,phases      ] GC(41)     Dead                           Min: 0, Avg:  0.0, Max: 0, Diff: 0, Sum: 0, Workers: 4
[17.355s][debug][gc,phases      ] GC(41)     Total                          Min: 0, Avg:  0.0, Max: 0, Diff: 0, Sum: 0, Workers: 4
[17.355s][debug][gc,phases      ] GC(41)   StringDedup Requests0 Weak     Min:  0.0, Avg:  0.0, Max:  0.0, Diff:  0.0, Sum:  0.0, Workers: 4
[17.355s][debug][gc,phases      ] GC(41)     Dead                           Min: 0, Avg:  0.0, Max: 0, Diff: 0, Sum: 0, Workers: 4
[17.355s][debug][gc,phases      ] GC(41)     Total                          Min: 0, Avg:  0.0, Max: 0, Diff: 0, Sum: 0, Workers: 4
[17.355s][debug][gc,phases      ] GC(41)   StringDedup Requests1 Weak     Min:  0.0, Avg:  0.0, Max:  0.0, Diff:  0.0, Sum:  0.0, Workers: 4
[17.355s][debug][gc,phases      ] GC(41)     Dead                           Min: 0, Avg:  0.0, Max: 0, Diff: 0, Sum: 0, Workers: 4
[17.355s][debug][gc,phases      ] GC(41)     Total                          Min: 0, Avg:  0.0, Max: 0, Diff: 0, Sum: 0, Workers: 4
[17.355s][debug][gc,phases      ] GC(41)   Weak JFR Old Object Samples    Min:  0.0, Avg:  0.0, Max:  0.0, Diff:  0.0, Sum:  0.0, Workers: 4
[17.355s][debug][gc,phases      ] GC(41)     Dead                           Min: 0, Avg:  0.0, Max: 0, Diff: 0, Sum: 0, Workers: 4
[17.355s][debug][gc,phases      ] GC(41)     Total                          Min: 0, Avg:  0.0, Max: 0, Diff: 0, Sum: 0, Workers: 4
[17.355s][debug][gc,phases      ] GC(41) Weak Processing 0.357ms
[17.355s][debug][gc,phases      ] GC(41) ClassLoaderData 0.092ms
[17.356s][debug][gc,phases      ] GC(41) Trigger cleanups 0.000ms
[17.363s][debug][gc,phases      ] GC(41) Class Unloading 7.724ms
[17.363s][info ][gc,phases      ] GC(41) Marking Phase 175.135ms
[17.363s][info ][gc,phases,start] GC(41) Summary Phase
[17.363s][info ][gc,phases      ] GC(41) Summary Phase 0.009ms
[17.363s][info ][gc,phases,start] GC(41) Adjust Roots
[17.372s][info ][gc,phases      ] GC(41) Adjust Roots 8.483ms
[17.372s][info ][gc,phases,start] GC(41) Compaction Phase
[17.850s][info ][gc,phases      ] GC(41) Compaction Phase 478.028ms
[17.850s][info ][gc,phases,start] GC(41) Post Compact
[17.851s][info ][gc,phases      ] GC(41) Post Compact 1.191ms
[17.851s][info ][gc,heap        ] GC(41) PSYoungGen: 189520K(1729536K)->158088K(1729536K) Eden: 0K(1344512K)->0K(1344512K) From: 189520K(385024K)->158088K(385024K)
[17.851s][info ][gc,heap        ] GC(41) ParOldGen: 332852K(358400K)->358159K(428032K)
[17.851s][info ][gc,metaspace   ] GC(41) Metaspace: 68132K(68928K)->68132K(68928K) NonClass: 58192K(58624K)->58192K(58624K) Class: 9939K(10304K)->9939K(10304K)
[17.851s][info ][gc             ] GC(41) Pause Full (Ergonomics) 510M->504M(2107M) 663.040ms
[17.851s][info ][gc,cpu         ] GC(41) User=2.59s Sys=0.00s Real=0.66s
[17.851s][info ][safepoint      ] Safepoint "ParallelGCFailedAllocation", Time since last: 5180707 ns, Reaching safepoint: 108200 ns, At safepoint: 743423021 ns, Total: 743531221 ns
[17.982s][info ][safepoint      ] Safepoint "ICBufferFull", Time since last: 130743962 ns, Reaching safepoint: 131800 ns, At safepoint: 30400 ns, Total: 162200 ns
[18.035s][info ][safepoint      ] Safepoint "ICBufferFull", Time since last: 52415665 ns, Reaching safepoint: 125700 ns, At safepoint: 28200 ns, Total: 153900 ns
[18.046s][info ][gc,start       ] GC(42) Pause Young (Allocation Failure)
[18.131s][debug][gc,phases      ] GC(42) Scavenge 84.917ms
[18.131s][debug][gc,ref         ] GC(42) Skipped phase 1 of Reference Processing: no references
[18.131s][debug][gc,ref         ] GC(42) ReferenceProcessor::execute queues: 1, RefProcThreadModel::Single, marks_oops_alive: false
[18.131s][debug][gc,ref         ] GC(42) Skipped phase 3 of Reference Processing: no references
[18.131s][debug][gc,ref         ] GC(42) ReferenceProcessor::execute queues: 1, RefProcThreadModel::Single, marks_oops_alive: false
[18.131s][debug][gc,phases      ] GC(42) Reference Processing 0.098ms
[18.132s][debug][gc,phases      ] GC(42)   VM Weak                        Min:  0.0, Avg:  0.0, Max:  0.0, Diff:  0.0, Sum:  0.0, Workers: 4
[18.132s][debug][gc,phases      ] GC(42)     Dead                           Min: 0, Avg:  0.0, Max: 0, Diff: 0, Sum: 0, Workers: 4
[18.132s][debug][gc,phases      ] GC(42)     Total                          Min: 0, Avg: 146.8, Max: 448, Diff: 448, Sum: 587, Workers: 4
[18.132s][debug][gc,phases      ] GC(42)   ObjectSynchronizer Weak        Min:  0.0, Avg:  0.0, Max:  0.0, Diff:  0.0, Sum:  0.0, Workers: 4
[18.132s][debug][gc,phases      ] GC(42)     Dead                           Min: 0, Avg:  0.0, Max: 0, Diff: 0, Sum: 0, Workers: 4
[18.132s][debug][gc,phases      ] GC(42)     Total                          Min: 0, Avg: 89.2, Max: 165, Diff: 165, Sum: 357, Workers: 4
[18.132s][debug][gc,phases      ] GC(42)   JVMTI Tag Weak OopStorage      Min:  0.0, Avg:  0.0, Max:  0.0, Diff:  0.0, Sum:  0.0, Workers: 4
[18.132s][debug][gc,phases      ] GC(42)     Dead                           Min: 0, Avg:  0.0, Max: 0, Diff: 0, Sum: 0, Workers: 4
[18.132s][debug][gc,phases      ] GC(42)     Total                          Min: 0, Avg:  0.0, Max: 0, Diff: 0, Sum: 0, Workers: 4
[18.132s][debug][gc,phases      ] GC(42)   StringTable Weak               Min:  0.1, Avg:  0.1, Max:  0.1, Diff:  0.0, Sum:  0.3, Workers: 4
[18.132s][debug][gc,phases      ] GC(42)     Dead                           Min: 0, Avg:  2.8, Max: 11, Diff: 11, Sum: 11, Workers: 4
[18.132s][debug][gc,phases      ] GC(42)     Total                          Min: 8320, Avg: 10690.5, Max: 12988, Diff: 4668, Sum: 42762, Workers: 4
[18.132s][debug][gc,phases      ] GC(42)   ResolvedMethodTable Weak       Min:  0.0, Avg:  0.0, Max:  0.0, Diff:  0.0, Sum:  0.1, Workers: 4
[18.132s][debug][gc,phases      ] GC(42)     Dead                           Min: 0, Avg:  0.0, Max: 0, Diff: 0, Sum: 0, Workers: 4
[18.132s][debug][gc,phases      ] GC(42)     Total                          Min: 1407, Avg: 1778.2, Max: 2165, Diff: 758, Sum: 7113, Workers: 4
[18.132s][debug][gc,phases      ] GC(42)   JNI Weak                       Min:  0.0, Avg:  0.0, Max:  0.0, Diff:  0.0, Sum:  0.0, Workers: 4
[18.132s][debug][gc,phases      ] GC(42)     Dead                           Min: 0, Avg:  0.0, Max: 0, Diff: 0, Sum: 0, Workers: 4
[18.132s][debug][gc,phases      ] GC(42)     Total                          Min: 0, Avg:  0.5, Max: 2, Diff: 2, Sum: 2, Workers: 4
[18.132s][debug][gc,phases      ] GC(42)   StringDedup Table Weak         Min:  0.0, Avg:  0.0, Max:  0.0, Diff:  0.0, Sum:  0.0, Workers: 4
[18.132s][debug][gc,phases      ] GC(42)     Dead                           Min: 0, Avg:  0.0, Max: 0, Diff: 0, Sum: 0, Workers: 4
[18.132s][debug][gc,phases      ] GC(42)     Total                          Min: 0, Avg:  0.0, Max: 0, Diff: 0, Sum: 0, Workers: 4
[18.132s][debug][gc,phases      ] GC(42)   StringDedup Requests0 Weak     Min:  0.0, Avg:  0.0, Max:  0.0, Diff:  0.0, Sum:  0.0, Workers: 4
[18.132s][debug][gc,phases      ] GC(42)     Dead                           Min: 0, Avg:  0.0, Max: 0, Diff: 0, Sum: 0, Workers: 4
[18.132s][debug][gc,phases      ] GC(42)     Total                          Min: 0, Avg:  0.0, Max: 0, Diff: 0, Sum: 0, Workers: 4
[18.132s][debug][gc,phases      ] GC(42)   StringDedup Requests1 Weak     Min:  0.0, Avg:  0.0, Max:  0.0, Diff:  0.0, Sum:  0.0, Workers: 4
[18.132s][debug][gc,phases      ] GC(42)     Dead                           Min: 0, Avg:  0.0, Max: 0, Diff: 0, Sum: 0, Workers: 4
[18.132s][debug][gc,phases      ] GC(42)     Total                          Min: 0, Avg:  0.0, Max: 0, Diff: 0, Sum: 0, Workers: 4
[18.132s][debug][gc,phases      ] GC(42)   Weak JFR Old Object Samples    Min:  0.0, Avg:  0.0, Max:  0.0, Diff:  0.0, Sum:  0.0, Workers: 4
[18.132s][debug][gc,phases      ] GC(42)     Dead                           Min: 0, Avg:  0.0, Max: 0, Diff: 0, Sum: 0, Workers: 4
[18.132s][debug][gc,phases      ] GC(42)     Total                          Min: 0, Avg:  0.0, Max: 0, Diff: 0, Sum: 0, Workers: 4
[18.132s][debug][gc,phases      ] GC(42) Weak Processing 0.239ms
[18.132s][debug][gc,age         ] GC(42) Desired survivor size 365953024 bytes, new threshold 14 (max threshold 15)
[18.132s][info ][gc,heap        ] GC(42) PSYoungGen: 1502600K(1729536K)->135392K(1712128K) Eden: 1344512K(1344512K)->0K(1344512K) From: 158088K(385024K)->135392K(367616K)
[18.132s][info ][gc,heap        ] GC(42) ParOldGen: 358159K(428032K)->382303K(428032K)
[18.132s][info ][gc,metaspace   ] GC(42) Metaspace: 68133K(68928K)->68133K(68928K) NonClass: 58193K(58624K)->58193K(58624K) Class: 9939K(10304K)->9939K(10304K)
[18.132s][info ][gc             ] GC(42) Pause Young (Allocation Failure) 1817M->505M(2090M) 85.358ms
[18.132s][info ][gc,cpu         ] GC(42) User=0.33s Sys=0.01s Real=0.08s
[18.132s][info ][safepoint      ] Safepoint "ParallelGCFailedAllocation", Time since last: 11664815 ns, Reaching safepoint: 103500 ns, At safepoint: 85462505 ns, Total: 85566005 ns
[18.145s][info ][safepoint      ] Safepoint "ICBufferFull", Time since last: 13428917 ns, Reaching safepoint: 119400 ns, At safepoint: 26600 ns, Total: 146000 ns
[18.146s][info ][safepoint      ] Safepoint "ICBufferFull", Time since last: 938801 ns, Reaching safepoint: 101601 ns, At safepoint: 23000 ns, Total: 124601 ns
[18.147s][info ][safepoint      ] Safepoint "ICBufferFull", Time since last: 757201 ns, Reaching safepoint: 95600 ns, At safepoint: 23200 ns, Total: 118800 ns
[18.148s][info ][safepoint      ] Safepoint "ICBufferFull", Time since last: 955501 ns, Reaching safepoint: 99800 ns, At safepoint: 24400 ns, Total: 124200 ns
[18.149s][info ][safepoint      ] Safepoint "ICBufferFull", Time since last: 686201 ns, Reaching safepoint: 98800 ns, At safepoint: 24900 ns, Total: 123700 ns
[18.170s][info ][safepoint      ] Safepoint "ICBufferFull", Time since last: 20174425 ns, Reaching safepoint: 119000 ns, At safepoint: 25800 ns, Total: 144800 ns
[18.215s][info ][safepoint      ] Safepoint "ICBufferFull", Time since last: 43439754 ns, Reaching safepoint: 2110503 ns, At safepoint: 30200 ns, Total: 2140703 ns
[18.248s][info ][safepoint      ] Safepoint "ICBufferFull", Time since last: 33043341 ns, Reaching safepoint: 116200 ns, At safepoint: 26400 ns, Total: 142600 ns
[18.249s][info ][safepoint      ] Safepoint "ICBufferFull", Time since last: 865301 ns, Reaching safepoint: 104500 ns, At safepoint: 24400 ns, Total: 128900 ns
[18.250s][info ][safepoint      ] Safepoint "ICBufferFull", Time since last: 755201 ns, Reaching safepoint: 111900 ns, At safepoint: 20400 ns, Total: 132300 ns
[18.251s][info ][safepoint      ] Safepoint "ICBufferFull", Time since last: 806101 ns, Reaching safepoint: 100100 ns, At safepoint: 22400 ns, Total: 122500 ns
[18.272s][info ][safepoint      ] Safepoint "ICBufferFull", Time since last: 20591326 ns, Reaching safepoint: 586600 ns, At safepoint: 25201 ns, Total: 611801 ns
[18.294s][info ][safepoint      ] Safepoint "ICBufferFull", Time since last: 21448326 ns, Reaching safepoint: 119700 ns, At safepoint: 27200 ns, Total: 146900 ns
[18.295s][info ][safepoint      ] Safepoint "ICBufferFull", Time since last: 869101 ns, Reaching safepoint: 100200 ns, At safepoint: 23300 ns, Total: 123500 ns
[18.311s][info ][safepoint      ] Safepoint "ICBufferFull", Time since last: 12105515 ns, Reaching safepoint: 4229606 ns, At safepoint: 26000 ns, Total: 4255606 ns
[18.312s][info ][safepoint      ] Safepoint "ICBufferFull", Time since last: 782601 ns, Reaching safepoint: 101400 ns, At safepoint: 26500 ns, Total: 127900 ns
[18.313s][info ][safepoint      ] Safepoint "ICBufferFull", Time since last: 785601 ns, Reaching safepoint: 98700 ns, At safepoint: 23300 ns, Total: 122000 ns
[18.314s][info ][safepoint      ] Safepoint "ICBufferFull", Time since last: 754701 ns, Reaching safepoint: 102000 ns, At safepoint: 23300 ns, Total: 125300 ns
[18.322s][info ][safepoint      ] Safepoint "ICBufferFull", Time since last: 7449209 ns, Reaching safepoint: 115300 ns, At safepoint: 26300 ns, Total: 141600 ns
[18.344s][info ][safepoint      ] Safepoint "ICBufferFull", Time since last: 22106028 ns, Reaching safepoint: 112800 ns, At safepoint: 23500 ns, Total: 136300 ns
[18.367s][info ][safepoint      ] Safepoint "ICBufferFull", Time since last: 20267525 ns, Reaching safepoint: 3171104 ns, At safepoint: 31700 ns, Total: 3202804 ns
[18.382s][info ][safepoint      ] Safepoint "ICBufferFull", Time since last: 14462818 ns, Reaching safepoint: 108400 ns, At safepoint: 24700 ns, Total: 133100 ns
[18.430s][info ][safepoint      ] Safepoint "ICBufferFull", Time since last: 48305260 ns, Reaching safepoint: 141000 ns, At safepoint: 26300 ns, Total: 167300 ns
[18.431s][info ][gc,start       ] GC(43) Pause Young (Allocation Failure)
[18.503s][debug][gc,phases      ] GC(43) Scavenge 71.867ms
[18.503s][debug][gc,ref         ] GC(43) Skipped phase 1 of Reference Processing: no references
[18.503s][debug][gc,ref         ] GC(43) ReferenceProcessor::execute queues: 1, RefProcThreadModel::Single, marks_oops_alive: false
[18.503s][debug][gc,ref         ] GC(43) Skipped phase 3 of Reference Processing: no references
[18.503s][debug][gc,ref         ] GC(43) ReferenceProcessor::execute queues: 1, RefProcThreadModel::Single, marks_oops_alive: false
[18.503s][debug][gc,phases      ] GC(43) Reference Processing 0.119ms
[18.503s][debug][gc,phases      ] GC(43)   VM Weak                        Min:  0.0, Avg:  0.0, Max:  0.0, Diff:  0.0, Sum:  0.0, Workers: 4
[18.503s][debug][gc,phases      ] GC(43)     Dead                           Min: 0, Avg:  0.0, Max: 0, Diff: 0, Sum: 0, Workers: 4
[18.503s][debug][gc,phases      ] GC(43)     Total                          Min: 0, Avg: 146.8, Max: 587, Diff: 587, Sum: 587, Workers: 4
[18.503s][debug][gc,phases      ] GC(43)   ObjectSynchronizer Weak        Min:  0.0, Avg:  0.0, Max:  0.0, Diff:  0.0, Sum:  0.0, Workers: 4
[18.503s][debug][gc,phases      ] GC(43)     Dead                           Min: 0, Avg:  0.0, Max: 0, Diff: 0, Sum: 0, Workers: 4
[18.503s][debug][gc,phases      ] GC(43)     Total                          Min: 0, Avg: 89.2, Max: 357, Diff: 357, Sum: 357, Workers: 4
[18.503s][debug][gc,phases      ] GC(43)   JVMTI Tag Weak OopStorage      Min:  0.0, Avg:  0.0, Max:  0.0, Diff:  0.0, Sum:  0.0, Workers: 4
[18.503s][debug][gc,phases      ] GC(43)     Dead                           Min: 0, Avg:  0.0, Max: 0, Diff: 0, Sum: 0, Workers: 4
[18.503s][debug][gc,phases      ] GC(43)     Total                          Min: 0, Avg:  0.0, Max: 0, Diff: 0, Sum: 0, Workers: 4
[18.503s][debug][gc,phases      ] GC(43)   StringTable Weak               Min:  0.1, Avg:  0.1, Max:  0.1, Diff:  0.0, Sum:  0.3, Workers: 4
[18.503s][debug][gc,phases      ] GC(43)     Dead                           Min: 0, Avg:  2.8, Max: 8, Diff: 8, Sum: 11, Workers: 4
[18.503s][debug][gc,phases      ] GC(43)     Total                          Min: 8461, Avg: 10691.2, Max: 13696, Diff: 5235, Sum: 42765, Workers: 4
[18.503s][debug][gc,phases      ] GC(43)   ResolvedMethodTable Weak       Min:  0.0, Avg:  0.0, Max:  0.0, Diff:  0.0, Sum:  0.1, Workers: 4
[18.503s][debug][gc,phases      ] GC(43)     Dead                           Min: 0, Avg:  0.0, Max: 0, Diff: 0, Sum: 0, Workers: 4
[18.503s][debug][gc,phases      ] GC(43)     Total                          Min: 1408, Avg: 1778.2, Max: 2293, Diff: 885, Sum: 7113, Workers: 4
[18.503s][debug][gc,phases      ] GC(43)   JNI Weak                       Min:  0.0, Avg:  0.0, Max:  0.0, Diff:  0.0, Sum:  0.0, Workers: 4
[18.503s][debug][gc,phases      ] GC(43)     Dead                           Min: 0, Avg:  0.0, Max: 0, Diff: 0, Sum: 0, Workers: 4
[18.503s][debug][gc,phases      ] GC(43)     Total                          Min: 0, Avg:  0.0, Max: 0, Diff: 0, Sum: 0, Workers: 4
[18.503s][debug][gc,phases      ] GC(43)   StringDedup Table Weak         Min:  0.0, Avg:  0.0, Max:  0.0, Diff:  0.0, Sum:  0.0, Workers: 4
[18.503s][debug][gc,phases      ] GC(43)     Dead                           Min: 0, Avg:  0.0, Max: 0, Diff: 0, Sum: 0, Workers: 4
[18.503s][debug][gc,phases      ] GC(43)     Total                          Min: 0, Avg:  0.0, Max: 0, Diff: 0, Sum: 0, Workers: 4
[18.503s][debug][gc,phases      ] GC(43)   StringDedup Requests0 Weak     Min:  0.0, Avg:  0.0, Max:  0.0, Diff:  0.0, Sum:  0.0, Workers: 4
[18.503s][debug][gc,phases      ] GC(43)     Dead                           Min: 0, Avg:  0.0, Max: 0, Diff: 0, Sum: 0, Workers: 4
[18.503s][debug][gc,phases      ] GC(43)     Total                          Min: 0, Avg:  0.0, Max: 0, Diff: 0, Sum: 0, Workers: 4
[18.503s][debug][gc,phases      ] GC(43)   StringDedup Requests1 Weak     Min:  0.0, Avg:  0.0, Max:  0.0, Diff:  0.0, Sum:  0.0, Workers: 4
[18.503s][debug][gc,phases      ] GC(43)     Dead                           Min: 0, Avg:  0.0, Max: 0, Diff: 0, Sum: 0, Workers: 4
[18.503s][debug][gc,phases      ] GC(43)     Total                          Min: 0, Avg:  0.0, Max: 0, Diff: 0, Sum: 0, Workers: 4
[18.503s][debug][gc,phases      ] GC(43)   Weak JFR Old Object Samples    Min:  0.0, Avg:  0.0, Max:  0.0, Diff:  0.0, Sum:  0.0, Workers: 4
[18.503s][debug][gc,phases      ] GC(43)     Dead                           Min: 0, Avg:  0.0, Max: 0, Diff: 0, Sum: 0, Workers: 4
[18.503s][debug][gc,phases      ] GC(43)     Total                          Min: 0, Avg:  0.0, Max: 0, Diff: 0, Sum: 0, Workers: 4
[18.503s][debug][gc,phases      ] GC(43) Weak Processing 0.302ms
[18.503s][debug][gc,age         ] GC(43) Desired survivor size 363331584 bytes, new threshold 15 (max threshold 15)
[18.503s][info ][gc,heap        ] GC(43) PSYoungGen: 1479904K(1712128K)->87584K(1742336K) Eden: 1344512K(1344512K)->0K(1384960K) From: 135392K(367616K)->87584K(357376K)
[18.503s][info ][gc,heap        ] GC(43) ParOldGen: 382303K(428032K)->431791K(432128K)
[18.503s][info ][gc,metaspace   ] GC(43) Metaspace: 68147K(68928K)->68147K(68928K) NonClass: 58207K(58624K)->58207K(58624K) Class: 9939K(10304K)->9939K(10304K)
[18.503s][info ][gc             ] GC(43) Pause Young (Allocation Failure) 1818M->507M(2123M) 72.406ms
[18.503s][info ][gc,cpu         ] GC(43) User=0.27s Sys=0.02s Real=0.08s
[18.503s][debug][gc,phases      ] GC(44) Pre Compact 0.013ms
[18.503s][info ][gc,start       ] GC(44) Pause Full (Ergonomics)
[18.503s][info ][gc,phases,start] GC(44) Marking Phase
[18.677s][debug][gc,phases      ] GC(44) Par Mark 173.300ms
[18.677s][debug][gc,ref         ] GC(44) Skipped phase 1 of Reference Processing: no references
[18.677s][debug][gc,ref         ] GC(44) ReferenceProcessor::execute queues: 4, RefProcThreadModel::Multi, marks_oops_alive: false
[18.678s][debug][gc,ref         ] GC(44) Skipped phase 3 of Reference Processing: no references
[18.678s][debug][gc,ref         ] GC(44) ReferenceProcessor::execute queues: 1, RefProcThreadModel::Single, marks_oops_alive: false
[18.678s][debug][gc,phases      ] GC(44) Reference Processing 0.673ms
[18.678s][debug][gc,phases      ] GC(44)   VM Weak                        Min:  0.0, Avg:  0.0, Max:  0.0, Diff:  0.0, Sum:  0.0, Workers: 4
[18.678s][debug][gc,phases      ] GC(44)     Dead                           Min: 0, Avg:  0.0, Max: 0, Diff: 0, Sum: 0, Workers: 4
[18.678s][debug][gc,phases      ] GC(44)     Total                          Min: 0, Avg: 146.8, Max: 320, Diff: 320, Sum: 587, Workers: 4
[18.678s][debug][gc,phases      ] GC(44)   ObjectSynchronizer Weak        Min:  0.0, Avg:  0.0, Max:  0.0, Diff:  0.0, Sum:  0.0, Workers: 4
[18.678s][debug][gc,phases      ] GC(44)     Dead                           Min: 0, Avg:  0.0, Max: 0, Diff: 0, Sum: 0, Workers: 4
[18.678s][debug][gc,phases      ] GC(44)     Total                          Min: 37, Avg: 89.2, Max: 128, Diff: 91, Sum: 357, Workers: 4
[18.678s][debug][gc,phases      ] GC(44)   JVMTI Tag Weak OopStorage      Min:  0.0, Avg:  0.0, Max:  0.0, Diff:  0.0, Sum:  0.0, Workers: 4
[18.678s][debug][gc,phases      ] GC(44)     Dead                           Min: 0, Avg:  0.0, Max: 0, Diff: 0, Sum: 0, Workers: 4
[18.678s][debug][gc,phases      ] GC(44)     Total                          Min: 0, Avg:  0.0, Max: 0, Diff: 0, Sum: 0, Workers: 4
[18.678s][debug][gc,phases      ] GC(44)   StringTable Weak               Min:  0.1, Avg:  0.1, Max:  0.1, Diff:  0.0, Sum:  0.6, Workers: 4
[18.678s][debug][gc,phases      ] GC(44)     Dead                           Min: 0, Avg:  0.0, Max: 0, Diff: 0, Sum: 0, Workers: 4
[18.678s][debug][gc,phases      ] GC(44)     Total                          Min: 8525, Avg: 10691.2, Max: 12352, Diff: 3827, Sum: 42765, Workers: 4
[18.678s][debug][gc,phases      ] GC(44)   ResolvedMethodTable Weak       Min:  0.0, Avg:  0.0, Max:  0.0, Diff:  0.0, Sum:  0.1, Workers: 4
[18.678s][debug][gc,phases      ] GC(44)     Dead                           Min: 0, Avg:  0.0, Max: 0, Diff: 0, Sum: 0, Workers: 4
[18.678s][debug][gc,phases      ] GC(44)     Total                          Min: 1597, Avg: 1778.2, Max: 2165, Diff: 568, Sum: 7113, Workers: 4
[18.678s][debug][gc,phases      ] GC(44)   JNI Weak                       Min:  0.0, Avg:  0.0, Max:  0.0, Diff:  0.0, Sum:  0.0, Workers: 4
[18.678s][debug][gc,phases      ] GC(44)     Dead                           Min: 0, Avg:  0.0, Max: 0, Diff: 0, Sum: 0, Workers: 4
[18.678s][debug][gc,phases      ] GC(44)     Total                          Min: 0, Avg:  0.0, Max: 0, Diff: 0, Sum: 0, Workers: 4
[18.678s][debug][gc,phases      ] GC(44)   StringDedup Table Weak         Min:  0.0, Avg:  0.0, Max:  0.0, Diff:  0.0, Sum:  0.0, Workers: 4
[18.678s][debug][gc,phases      ] GC(44)     Dead                           Min: 0, Avg:  0.0, Max: 0, Diff: 0, Sum: 0, Workers: 4
[18.678s][debug][gc,phases      ] GC(44)     Total                          Min: 0, Avg:  0.0, Max: 0, Diff: 0, Sum: 0, Workers: 4
[18.678s][debug][gc,phases      ] GC(44)   StringDedup Requests0 Weak     Min:  0.0, Avg:  0.0, Max:  0.0, Diff:  0.0, Sum:  0.0, Workers: 4
[18.678s][debug][gc,phases      ] GC(44)     Dead                           Min: 0, Avg:  0.0, Max: 0, Diff: 0, Sum: 0, Workers: 4
[18.678s][debug][gc,phases      ] GC(44)     Total                          Min: 0, Avg:  0.0, Max: 0, Diff: 0, Sum: 0, Workers: 4
[18.678s][debug][gc,phases      ] GC(44)   StringDedup Requests1 Weak     Min:  0.0, Avg:  0.0, Max:  0.0, Diff:  0.0, Sum:  0.0, Workers: 4
[18.678s][debug][gc,phases      ] GC(44)     Dead                           Min: 0, Avg:  0.0, Max: 0, Diff: 0, Sum: 0, Workers: 4
[18.678s][debug][gc,phases      ] GC(44)     Total                          Min: 0, Avg:  0.0, Max: 0, Diff: 0, Sum: 0, Workers: 4
[18.678s][debug][gc,phases      ] GC(44)   Weak JFR Old Object Samples    Min:  0.0, Avg:  0.0, Max:  0.0, Diff:  0.0, Sum:  0.0, Workers: 4
[18.678s][debug][gc,phases      ] GC(44)     Dead                           Min: 0, Avg:  0.0, Max: 0, Diff: 0, Sum: 0, Workers: 4
[18.678s][debug][gc,phases      ] GC(44)     Total                          Min: 0, Avg:  0.0, Max: 0, Diff: 0, Sum: 0, Workers: 4
[18.678s][debug][gc,phases      ] GC(44) Weak Processing 0.314ms
[18.678s][debug][gc,phases      ] GC(44) ClassLoaderData 0.074ms
[18.678s][debug][gc,phases      ] GC(44) Trigger cleanups 0.000ms
[18.686s][debug][gc,phases      ] GC(44) Class Unloading 8.022ms
[18.686s][info ][gc,phases      ] GC(44) Marking Phase 182.437ms
[18.686s][info ][gc,phases,start] GC(44) Summary Phase
[18.686s][info ][gc,phases      ] GC(44) Summary Phase 0.008ms
[18.686s][info ][gc,phases,start] GC(44) Adjust Roots
[18.692s][info ][gc,phases      ] GC(44) Adjust Roots 6.396ms
[18.692s][info ][gc,phases,start] GC(44) Compaction Phase
[19.044s][info ][gc,phases      ] GC(44) Compaction Phase 351.992ms
[19.044s][info ][gc,phases,start] GC(44) Post Compact
[19.045s][info ][gc,phases      ] GC(44) Post Compact 0.892ms
[19.045s][info ][gc,heap        ] GC(44) PSYoungGen: 87584K(1742336K)->81152K(1742336K) Eden: 0K(1384960K)->0K(1384960K) From: 87584K(357376K)->81152K(357376K)
[19.045s][info ][gc,heap        ] GC(44) ParOldGen: 431791K(432128K)->431937K(523776K)
[19.045s][info ][gc,metaspace   ] GC(44) Metaspace: 68147K(68928K)->68147K(68928K) NonClass: 58207K(58624K)->58207K(58624K) Class: 9939K(10304K)->9939K(10304K)
[19.045s][info ][gc             ] GC(44) Pause Full (Ergonomics) 507M->501M(2213M) 541.955ms
[19.045s][info ][gc,cpu         ] GC(44) User=2.12s Sys=0.00s Real=0.54s
[19.046s][info ][safepoint      ] Safepoint "ParallelGCFailedAllocation", Time since last: 509801 ns, Reaching safepoint: 106800 ns, At safepoint: 614537561 ns, Total: 614644361 ns
[19.084s][info ][safepoint      ] Safepoint "ICBufferFull", Time since last: 38179747 ns, Reaching safepoint: 119401 ns, At safepoint: 32200 ns, Total: 151601 ns
[19.142s][info ][safepoint      ] Safepoint "ICBufferFull", Time since last: 57844571 ns, Reaching safepoint: 126500 ns, At safepoint: 35200 ns, Total: 161700 ns
[19.236s][info ][gc,start       ] GC(45) Pause Young (Allocation Failure)
[19.291s][debug][gc,phases      ] GC(45) Scavenge 54.549ms
[19.291s][debug][gc,ref         ] GC(45) Skipped phase 1 of Reference Processing: no references
[19.291s][debug][gc,ref         ] GC(45) ReferenceProcessor::execute queues: 1, RefProcThreadModel::Single, marks_oops_alive: false
[19.291s][debug][gc,ref         ] GC(45) Skipped phase 3 of Reference Processing: no references
[19.291s][debug][gc,ref         ] GC(45) ReferenceProcessor::execute queues: 1, RefProcThreadModel::Single, marks_oops_alive: false
[19.291s][debug][gc,phases      ] GC(45) Reference Processing 0.098ms
[19.291s][debug][gc,phases      ] GC(45)   VM Weak                        Min:  0.0, Avg:  0.0, Max:  0.0, Diff:  0.0, Sum:  0.0, Workers: 4
[19.291s][debug][gc,phases      ] GC(45)     Dead                           Min: 0, Avg:  0.0, Max: 0, Diff: 0, Sum: 0, Workers: 4
[19.291s][debug][gc,phases      ] GC(45)     Total                          Min: 0, Avg: 146.8, Max: 395, Diff: 395, Sum: 587, Workers: 4
[19.291s][debug][gc,phases      ] GC(45)   ObjectSynchronizer Weak        Min:  0.0, Avg:  0.0, Max:  0.0, Diff:  0.0, Sum:  0.0, Workers: 4
[19.291s][debug][gc,phases      ] GC(45)     Dead                           Min: 0, Avg:  0.0, Max: 0, Diff: 0, Sum: 0, Workers: 4
[19.291s][debug][gc,phases      ] GC(45)     Total                          Min: 0, Avg: 89.2, Max: 229, Diff: 229, Sum: 357, Workers: 4
[19.291s][debug][gc,phases      ] GC(45)   JVMTI Tag Weak OopStorage      Min:  0.0, Avg:  0.0, Max:  0.0, Diff:  0.0, Sum:  0.0, Workers: 4
[19.291s][debug][gc,phases      ] GC(45)     Dead                           Min: 0, Avg:  0.0, Max: 0, Diff: 0, Sum: 0, Workers: 4
[19.291s][debug][gc,phases      ] GC(45)     Total                          Min: 0, Avg:  0.0, Max: 0, Diff: 0, Sum: 0, Workers: 4
[19.291s][debug][gc,phases      ] GC(45)   StringTable Weak               Min:  0.1, Avg:  0.1, Max:  0.1, Diff:  0.0, Sum:  0.3, Workers: 4
[19.291s][debug][gc,phases      ] GC(45)     Dead                           Min: 0, Avg:  2.8, Max: 11, Diff: 11, Sum: 11, Workers: 4
[19.291s][debug][gc,phases      ] GC(45)     Total                          Min: 10320, Avg: 10691.2, Max: 11200, Diff: 880, Sum: 42765, Workers: 4
[19.291s][debug][gc,phases      ] GC(45)   ResolvedMethodTable Weak       Min:  0.0, Avg:  0.0, Max:  0.0, Diff:  0.0, Sum:  0.0, Workers: 4
[19.291s][debug][gc,phases      ] GC(45)     Dead                           Min: 0, Avg:  0.0, Max: 0, Diff: 0, Sum: 0, Workers: 4
[19.291s][debug][gc,phases      ] GC(45)     Total                          Min: 1724, Avg: 1778.2, Max: 1910, Diff: 186, Sum: 7113, Workers: 4
[19.291s][debug][gc,phases      ] GC(45)   JNI Weak                       Min:  0.0, Avg:  0.0, Max:  0.0, Diff:  0.0, Sum:  0.0, Workers: 4
[19.291s][debug][gc,phases      ] GC(45)     Dead                           Min: 0, Avg:  0.0, Max: 0, Diff: 0, Sum: 0, Workers: 4
[19.291s][debug][gc,phases      ] GC(45)     Total                          Min: 0, Avg:  0.0, Max: 0, Diff: 0, Sum: 0, Workers: 4
[19.291s][debug][gc,phases      ] GC(45)   StringDedup Table Weak         Min:  0.0, Avg:  0.0, Max:  0.0, Diff:  0.0, Sum:  0.0, Workers: 4
[19.291s][debug][gc,phases      ] GC(45)     Dead                           Min: 0, Avg:  0.0, Max: 0, Diff: 0, Sum: 0, Workers: 4
[19.291s][debug][gc,phases      ] GC(45)     Total                          Min: 0, Avg:  0.0, Max: 0, Diff: 0, Sum: 0, Workers: 4
[19.291s][debug][gc,phases      ] GC(45)   StringDedup Requests0 Weak     Min:  0.0, Avg:  0.0, Max:  0.0, Diff:  0.0, Sum:  0.0, Workers: 4
[19.291s][debug][gc,phases      ] GC(45)     Dead                           Min: 0, Avg:  0.0, Max: 0, Diff: 0, Sum: 0, Workers: 4
[19.291s][debug][gc,phases      ] GC(45)     Total                          Min: 0, Avg:  0.0, Max: 0, Diff: 0, Sum: 0, Workers: 4
[19.291s][debug][gc,phases      ] GC(45)   StringDedup Requests1 Weak     Min:  0.0, Avg:  0.0, Max:  0.0, Diff:  0.0, Sum:  0.0, Workers: 4
[19.291s][debug][gc,phases      ] GC(45)     Dead                           Min: 0, Avg:  0.0, Max: 0, Diff: 0, Sum: 0, Workers: 4
[19.291s][debug][gc,phases      ] GC(45)     Total                          Min: 0, Avg:  0.0, Max: 0, Diff: 0, Sum: 0, Workers: 4
[19.291s][debug][gc,phases      ] GC(45)   Weak JFR Old Object Samples    Min:  0.0, Avg:  0.0, Max:  0.0, Diff:  0.0, Sum:  0.0, Workers: 4
[19.291s][debug][gc,phases      ] GC(45)     Dead                           Min: 0, Avg:  0.0, Max: 0, Diff: 0, Sum: 0, Workers: 4
[19.291s][debug][gc,phases      ] GC(45)     Total                          Min: 0, Avg:  0.0, Max: 0, Diff: 0, Sum: 0, Workers: 4
[19.291s][debug][gc,phases      ] GC(45) Weak Processing 0.230ms
[19.291s][debug][gc,age         ] GC(45) Desired survivor size 359661568 bytes, new threshold 15 (max threshold 15)
[19.291s][info ][gc,heap        ] GC(45) PSYoungGen: 1466112K(1742336K)->82640K(1739776K) Eden: 1384960K(1384960K)->0K(1384960K) From: 81152K(357376K)->82640K(354816K)
[19.291s][info ][gc,heap        ] GC(45) ParOldGen: 431937K(523776K)->431945K(523776K)
[19.291s][info ][gc,metaspace   ] GC(45) Metaspace: 68160K(68928K)->68160K(68928K) NonClass: 58220K(58624K)->58220K(58624K) Class: 9939K(10304K)->9939K(10304K)
[19.291s][info ][gc             ] GC(45) Pause Young (Allocation Failure) 1853M->502M(2210M) 54.983ms
[19.291s][info ][gc,cpu         ] GC(45) User=0.21s Sys=0.00s Real=0.05s
[19.291s][info ][safepoint      ] Safepoint "ParallelGCFailedAllocation", Time since last: 94436817 ns, Reaching safepoint: 118901 ns, At safepoint: 55079468 ns, Total: 55198369 ns
[19.378s][info ][safepoint      ] Safepoint "ICBufferFull", Time since last: 86815907 ns, Reaching safepoint: 119200 ns, At safepoint: 25600 ns, Total: 144800 ns
[19.392s][info ][safepoint      ] Safepoint "ICBufferFull", Time since last: 12952816 ns, Reaching safepoint: 113201 ns, At safepoint: 26100 ns, Total: 139301 ns
[19.439s][info ][safepoint      ] Safepoint "ICBufferFull", Time since last: 47090158 ns, Reaching safepoint: 120600 ns, At safepoint: 28300 ns, Total: 148900 ns
[19.480s][info ][safepoint      ] Safepoint "ICBufferFull", Time since last: 41493652 ns, Reaching safepoint: 116700 ns, At safepoint: 22200 ns, Total: 138900 ns
[19.509s][info ][safepoint      ] Safepoint "ICBufferFull", Time since last: 28731235 ns, Reaching safepoint: 119800 ns, At safepoint: 26600 ns, Total: 146400 ns
[19.541s][info ][safepoint      ] Safepoint "ICBufferFull", Time since last: 31106539 ns, Reaching safepoint: 115400 ns, At safepoint: 22700 ns, Total: 138100 ns
[19.574s][info ][gc,start       ] GC(46) Pause Young (Allocation Failure)
[19.619s][debug][gc,phases      ] GC(46) Scavenge 44.597ms
[19.619s][debug][gc,ref         ] GC(46) Skipped phase 1 of Reference Processing: no references
[19.619s][debug][gc,ref         ] GC(46) ReferenceProcessor::execute queues: 1, RefProcThreadModel::Single, marks_oops_alive: false
[19.619s][debug][gc,ref         ] GC(46) Skipped phase 3 of Reference Processing: no references
[19.619s][debug][gc,ref         ] GC(46) ReferenceProcessor::execute queues: 1, RefProcThreadModel::Single, marks_oops_alive: false
[19.619s][debug][gc,phases      ] GC(46) Reference Processing 0.103ms
[19.619s][debug][gc,phases      ] GC(46)   VM Weak                        Min:  0.0, Avg:  0.0, Max:  0.0, Diff:  0.0, Sum:  0.0, Workers: 4
[19.619s][debug][gc,phases      ] GC(46)     Dead                           Min: 0, Avg:  0.0, Max: 0, Diff: 0, Sum: 0, Workers: 4
[19.619s][debug][gc,phases      ] GC(46)     Total                          Min: 0, Avg: 146.8, Max: 587, Diff: 587, Sum: 587, Workers: 4
[19.619s][debug][gc,phases      ] GC(46)   ObjectSynchronizer Weak        Min:  0.0, Avg:  0.0, Max:  0.0, Diff:  0.0, Sum:  0.0, Workers: 4
[19.619s][debug][gc,phases      ] GC(46)     Dead                           Min: 0, Avg:  0.0, Max: 0, Diff: 0, Sum: 0, Workers: 4
[19.619s][debug][gc,phases      ] GC(46)     Total                          Min: 0, Avg: 89.2, Max: 357, Diff: 357, Sum: 357, Workers: 4
[19.619s][debug][gc,phases      ] GC(46)   JVMTI Tag Weak OopStorage      Min:  0.0, Avg:  0.0, Max:  0.0, Diff:  0.0, Sum:  0.0, Workers: 4
[19.619s][debug][gc,phases      ] GC(46)     Dead                           Min: 0, Avg:  0.0, Max: 0, Diff: 0, Sum: 0, Workers: 4
[19.619s][debug][gc,phases      ] GC(46)     Total                          Min: 0, Avg:  0.0, Max: 0, Diff: 0, Sum: 0, Workers: 4
[19.619s][debug][gc,phases      ] GC(46)   StringTable Weak               Min:  0.1, Avg:  0.1, Max:  0.1, Diff:  0.0, Sum:  0.3, Workers: 4
[19.619s][debug][gc,phases      ] GC(46)     Dead                           Min: 0, Avg:  3.0, Max: 12, Diff: 12, Sum: 12, Workers: 4
[19.619s][debug][gc,phases      ] GC(46)     Total                          Min: 7296, Avg: 10695.5, Max: 14015, Diff: 6719, Sum: 42782, Workers: 4
[19.619s][debug][gc,phases      ] GC(46)   ResolvedMethodTable Weak       Min:  0.0, Avg:  0.0, Max:  0.0, Diff:  0.0, Sum:  0.1, Workers: 4
[19.619s][debug][gc,phases      ] GC(46)     Dead                           Min: 0, Avg:  0.0, Max: 0, Diff: 0, Sum: 0, Workers: 4
[19.619s][debug][gc,phases      ] GC(46)     Total                          Min: 1344, Avg: 1780.8, Max: 2008, Diff: 664, Sum: 7123, Workers: 4
[19.619s][debug][gc,phases      ] GC(46)   JNI Weak                       Min:  0.0, Avg:  0.0, Max:  0.0, Diff:  0.0, Sum:  0.0, Workers: 4
[19.619s][debug][gc,phases      ] GC(46)     Dead                           Min: 0, Avg:  0.0, Max: 0, Diff: 0, Sum: 0, Workers: 4
[19.619s][debug][gc,phases      ] GC(46)     Total                          Min: 0, Avg:  1.5, Max: 6, Diff: 6, Sum: 6, Workers: 4
[19.619s][debug][gc,phases      ] GC(46)   StringDedup Table Weak         Min:  0.0, Avg:  0.0, Max:  0.0, Diff:  0.0, Sum:  0.0, Workers: 4
[19.619s][debug][gc,phases      ] GC(46)     Dead                           Min: 0, Avg:  0.0, Max: 0, Diff: 0, Sum: 0, Workers: 4
[19.619s][debug][gc,phases      ] GC(46)     Total                          Min: 0, Avg:  0.0, Max: 0, Diff: 0, Sum: 0, Workers: 4
[19.619s][debug][gc,phases      ] GC(46)   StringDedup Requests0 Weak     Min:  0.0, Avg:  0.0, Max:  0.0, Diff:  0.0, Sum:  0.0, Workers: 4
[19.619s][debug][gc,phases      ] GC(46)     Dead                           Min: 0, Avg:  0.0, Max: 0, Diff: 0, Sum: 0, Workers: 4
[19.619s][debug][gc,phases      ] GC(46)     Total                          Min: 0, Avg:  0.0, Max: 0, Diff: 0, Sum: 0, Workers: 4
[19.619s][debug][gc,phases      ] GC(46)   StringDedup Requests1 Weak     Min:  0.0, Avg:  0.0, Max:  0.0, Diff:  0.0, Sum:  0.0, Workers: 4
[19.619s][debug][gc,phases      ] GC(46)     Dead                           Min: 0, Avg:  0.0, Max: 0, Diff: 0, Sum: 0, Workers: 4
[19.619s][debug][gc,phases      ] GC(46)     Total                          Min: 0, Avg:  0.0, Max: 0, Diff: 0, Sum: 0, Workers: 4
[19.619s][debug][gc,phases      ] GC(46)   Weak JFR Old Object Samples    Min:  0.0, Avg:  0.0, Max:  0.0, Diff:  0.0, Sum:  0.0, Workers: 4
[19.619s][debug][gc,phases      ] GC(46)     Dead                           Min: 0, Avg:  0.0, Max: 0, Diff: 0, Sum: 0, Workers: 4
[19.619s][debug][gc,phases      ] GC(46)     Total                          Min: 0, Avg:  0.0, Max: 0, Diff: 0, Sum: 0, Workers: 4
[19.619s][debug][gc,phases      ] GC(46) Weak Processing 0.257ms
[19.619s][debug][gc,age         ] GC(46) Desired survivor size 362807296 bytes, new threshold 15 (max threshold 15)
[19.619s][info ][gc,heap        ] GC(46) PSYoungGen: 1467600K(1739776K)->29968K(1739776K) Eden: 1384960K(1384960K)->0K(1388544K) From: 82640K(354816K)->29968K(351232K)
[19.619s][info ][gc,heap        ] GC(46) ParOldGen: 431945K(523776K)->486437K(523776K)
[19.619s][info ][gc,metaspace   ] GC(46) Metaspace: 68197K(68992K)->68197K(68992K) NonClass: 58253K(58688K)->58253K(58688K) Class: 9944K(10304K)->9944K(10304K)
[19.619s][info ][gc             ] GC(46) Pause Young (Allocation Failure) 1855M->504M(2210M) 45.076ms
[19.619s][info ][gc,cpu         ] GC(46) User=0.15s Sys=0.03s Real=0.04s
[19.619s][debug][gc,phases      ] GC(47) Pre Compact 0.008ms
[19.619s][info ][gc,start       ] GC(47) Pause Full (Ergonomics)
[19.619s][info ][gc,phases,start] GC(47) Marking Phase
[19.773s][debug][gc,phases      ] GC(47) Par Mark 153.835ms
[19.773s][debug][gc,ref         ] GC(47) Skipped phase 1 of Reference Processing: no references
[19.774s][debug][gc,ref         ] GC(47) ReferenceProcessor::execute queues: 4, RefProcThreadModel::Multi, marks_oops_alive: false
[19.774s][debug][gc,ref         ] GC(47) Skipped phase 3 of Reference Processing: no references
[19.774s][debug][gc,ref         ] GC(47) ReferenceProcessor::execute queues: 1, RefProcThreadModel::Single, marks_oops_alive: false
[19.774s][debug][gc,phases      ] GC(47) Reference Processing 0.646ms
[19.774s][debug][gc,phases      ] GC(47)   VM Weak                        Min:  0.0, Avg:  0.0, Max:  0.0, Diff:  0.0, Sum:  0.0, Workers: 4
[19.774s][debug][gc,phases      ] GC(47)     Dead                           Min: 0, Avg:  0.0, Max: 0, Diff: 0, Sum: 0, Workers: 4
[19.774s][debug][gc,phases      ] GC(47)     Total                          Min: 0, Avg: 146.8, Max: 267, Diff: 267, Sum: 587, Workers: 4
[19.774s][debug][gc,phases      ] GC(47)   ObjectSynchronizer Weak        Min:  0.0, Avg:  0.0, Max:  0.0, Diff:  0.0, Sum:  0.0, Workers: 4
[19.774s][debug][gc,phases      ] GC(47)     Dead                           Min: 0, Avg:  0.0, Max: 0, Diff: 0, Sum: 0, Workers: 4
[19.774s][debug][gc,phases      ] GC(47)     Total                          Min: 0, Avg: 89.2, Max: 128, Diff: 128, Sum: 357, Workers: 4
[19.774s][debug][gc,phases      ] GC(47)   JVMTI Tag Weak OopStorage      Min:  0.0, Avg:  0.0, Max:  0.0, Diff:  0.0, Sum:  0.0, Workers: 4
[19.774s][debug][gc,phases      ] GC(47)     Dead                           Min: 0, Avg:  0.0, Max: 0, Diff: 0, Sum: 0, Workers: 4
[19.774s][debug][gc,phases      ] GC(47)     Total                          Min: 0, Avg:  0.0, Max: 0, Diff: 0, Sum: 0, Workers: 4
[19.774s][debug][gc,phases      ] GC(47)   StringTable Weak               Min:  0.1, Avg:  0.1, Max:  0.1, Diff:  0.0, Sum:  0.6, Workers: 4
[19.774s][debug][gc,phases      ] GC(47)     Dead                           Min: 0, Avg:  0.0, Max: 0, Diff: 0, Sum: 0, Workers: 4
[19.774s][debug][gc,phases      ] GC(47)     Total                          Min: 9024, Avg: 10695.5, Max: 12544, Diff: 3520, Sum: 42782, Workers: 4
[19.774s][debug][gc,phases      ] GC(47)   ResolvedMethodTable Weak       Min:  0.0, Avg:  0.0, Max:  0.0, Diff:  0.0, Sum:  0.1, Workers: 4
[19.774s][debug][gc,phases      ] GC(47)     Dead                           Min: 0, Avg:  0.0, Max: 0, Diff: 0, Sum: 0, Workers: 4
[19.774s][debug][gc,phases      ] GC(47)     Total                          Min: 1534, Avg: 1780.8, Max: 1984, Diff: 450, Sum: 7123, Workers: 4
[19.774s][debug][gc,phases      ] GC(47)   JNI Weak                       Min:  0.0, Avg:  0.0, Max:  0.0, Diff:  0.0, Sum:  0.0, Workers: 4
[19.774s][debug][gc,phases      ] GC(47)     Dead                           Min: 0, Avg:  0.0, Max: 0, Diff: 0, Sum: 0, Workers: 4
[19.774s][debug][gc,phases      ] GC(47)     Total                          Min: 0, Avg:  1.5, Max: 6, Diff: 6, Sum: 6, Workers: 4
[19.774s][debug][gc,phases      ] GC(47)   StringDedup Table Weak         Min:  0.0, Avg:  0.0, Max:  0.0, Diff:  0.0, Sum:  0.0, Workers: 4
[19.774s][debug][gc,phases      ] GC(47)     Dead                           Min: 0, Avg:  0.0, Max: 0, Diff: 0, Sum: 0, Workers: 4
[19.774s][debug][gc,phases      ] GC(47)     Total                          Min: 0, Avg:  0.0, Max: 0, Diff: 0, Sum: 0, Workers: 4
[19.774s][debug][gc,phases      ] GC(47)   StringDedup Requests0 Weak     Min:  0.0, Avg:  0.0, Max:  0.0, Diff:  0.0, Sum:  0.0, Workers: 4
[19.774s][debug][gc,phases      ] GC(47)     Dead                           Min: 0, Avg:  0.0, Max: 0, Diff: 0, Sum: 0, Workers: 4
[19.774s][debug][gc,phases      ] GC(47)     Total                          Min: 0, Avg:  0.0, Max: 0, Diff: 0, Sum: 0, Workers: 4
[19.774s][debug][gc,phases      ] GC(47)   StringDedup Requests1 Weak     Min:  0.0, Avg:  0.0, Max:  0.0, Diff:  0.0, Sum:  0.0, Workers: 4
[19.774s][debug][gc,phases      ] GC(47)     Dead                           Min: 0, Avg:  0.0, Max: 0, Diff: 0, Sum: 0, Workers: 4
[19.774s][debug][gc,phases      ] GC(47)     Total                          Min: 0, Avg:  0.0, Max: 0, Diff: 0, Sum: 0, Workers: 4
[19.774s][debug][gc,phases      ] GC(47)   Weak JFR Old Object Samples    Min:  0.0, Avg:  0.0, Max:  0.0, Diff:  0.0, Sum:  0.0, Workers: 4
[19.774s][debug][gc,phases      ] GC(47)     Dead                           Min: 0, Avg:  0.0, Max: 0, Diff: 0, Sum: 0, Workers: 4
[19.774s][debug][gc,phases      ] GC(47)     Total                          Min: 0, Avg:  0.0, Max: 0, Diff: 0, Sum: 0, Workers: 4
[19.774s][debug][gc,phases      ] GC(47) Weak Processing 0.325ms
[19.774s][debug][gc,phases      ] GC(47) ClassLoaderData 0.073ms
[19.774s][debug][gc,phases      ] GC(47) Trigger cleanups 0.000ms
[19.782s][debug][gc,phases      ] GC(47) Class Unloading 8.136ms
[19.782s][info ][gc,phases      ] GC(47) Marking Phase 163.062ms
[19.782s][info ][gc,phases,start] GC(47) Summary Phase
[19.782s][info ][gc,phases      ] GC(47) Summary Phase 0.014ms
[19.782s][info ][gc,phases,start] GC(47) Adjust Roots
[19.789s][info ][gc,phases      ] GC(47) Adjust Roots 6.347ms
[19.789s][info ][gc,phases,start] GC(47) Compaction Phase
[20.055s][info ][gc,phases      ] GC(47) Compaction Phase 266.100ms
[20.055s][info ][gc,phases,start] GC(47) Post Compact
[20.056s][info ][gc,phases      ] GC(47) Post Compact 0.963ms
[20.056s][info ][gc,heap        ] GC(47) PSYoungGen: 29968K(1739776K)->0K(1742848K) Eden: 0K(1388544K)->0K(1388544K) From: 29968K(351232K)->0K(354304K)
[20.056s][info ][gc,heap        ] GC(47) ParOldGen: 486437K(523776K)->509603K(622592K)
[20.056s][info ][gc,metaspace   ] GC(47) Metaspace: 68197K(68992K)->68197K(68992K) NonClass: 58253K(58688K)->58253K(58688K) Class: 9944K(10304K)->9944K(10304K)
[20.056s][info ][gc             ] GC(47) Pause Full (Ergonomics) 504M->497M(2310M) 436.702ms
[20.056s][info ][gc,cpu         ] GC(47) User=1.69s Sys=0.00s Real=0.44s
[20.060s][info ][safepoint      ] Safepoint "ParallelGCFailedAllocation", Time since last: 33598342 ns, Reaching safepoint: 136300 ns, At safepoint: 485517601 ns, Total: 485653901 ns
[20.271s][info ][gc,start       ] GC(48) Pause Young (Allocation Failure)
[20.274s][debug][gc,phases      ] GC(48) Scavenge 3.011ms
[20.274s][debug][gc,ref         ] GC(48) Skipped phase 1 of Reference Processing: no references
[20.274s][debug][gc,ref         ] GC(48) ReferenceProcessor::execute queues: 1, RefProcThreadModel::Single, marks_oops_alive: false
[20.274s][debug][gc,ref         ] GC(48) Skipped phase 3 of Reference Processing: no references
[20.274s][debug][gc,ref         ] GC(48) ReferenceProcessor::execute queues: 1, RefProcThreadModel::Single, marks_oops_alive: false
[20.274s][debug][gc,phases      ] GC(48) Reference Processing 0.086ms
[20.274s][debug][gc,phases      ] GC(48)   VM Weak                        Min:  0.0, Avg:  0.0, Max:  0.0, Diff:  0.0, Sum:  0.0, Workers: 4
[20.274s][debug][gc,phases      ] GC(48)     Dead                           Min: 0, Avg:  0.0, Max: 0, Diff: 0, Sum: 0, Workers: 4
[20.274s][debug][gc,phases      ] GC(48)     Total                          Min: 0, Avg: 146.8, Max: 587, Diff: 587, Sum: 587, Workers: 4
[20.274s][debug][gc,phases      ] GC(48)   ObjectSynchronizer Weak        Min:  0.0, Avg:  0.0, Max:  0.0, Diff:  0.0, Sum:  0.0, Workers: 4
[20.274s][debug][gc,phases      ] GC(48)     Dead                           Min: 0, Avg:  0.0, Max: 0, Diff: 0, Sum: 0, Workers: 4
[20.274s][debug][gc,phases      ] GC(48)     Total                          Min: 0, Avg: 89.2, Max: 192, Diff: 192, Sum: 357, Workers: 4
[20.274s][debug][gc,phases      ] GC(48)   JVMTI Tag Weak OopStorage      Min:  0.0, Avg:  0.0, Max:  0.0, Diff:  0.0, Sum:  0.0, Workers: 4
[20.274s][debug][gc,phases      ] GC(48)     Dead                           Min: 0, Avg:  0.0, Max: 0, Diff: 0, Sum: 0, Workers: 4
[20.274s][debug][gc,phases      ] GC(48)     Total                          Min: 0, Avg:  0.0, Max: 0, Diff: 0, Sum: 0, Workers: 4
[20.274s][debug][gc,phases      ] GC(48)   StringTable Weak               Min:  0.1, Avg:  0.1, Max:  0.1, Diff:  0.0, Sum:  0.3, Workers: 4
[20.274s][debug][gc,phases      ] GC(48)     Dead                           Min: 0, Avg:  3.0, Max: 12, Diff: 12, Sum: 12, Workers: 4
[20.274s][debug][gc,phases      ] GC(48)     Total                          Min: 7872, Avg: 10697.8, Max: 13415, Diff: 5543, Sum: 42791, Workers: 4
[20.274s][debug][gc,phases      ] GC(48)   ResolvedMethodTable Weak       Min:  0.0, Avg:  0.0, Max:  0.0, Diff:  0.0, Sum:  0.1, Workers: 4
[20.274s][debug][gc,phases      ] GC(48)     Dead                           Min: 0, Avg:  0.0, Max: 0, Diff: 0, Sum: 0, Workers: 4
[20.274s][debug][gc,phases      ] GC(48)     Total                          Min: 1439, Avg: 1783.2, Max: 2240, Diff: 801, Sum: 7133, Workers: 4
[20.274s][debug][gc,phases      ] GC(48)   JNI Weak                       Min:  0.0, Avg:  0.0, Max:  0.0, Diff:  0.0, Sum:  0.0, Workers: 4
[20.274s][debug][gc,phases      ] GC(48)     Dead                           Min: 0, Avg:  0.0, Max: 0, Diff: 0, Sum: 0, Workers: 4
[20.274s][debug][gc,phases      ] GC(48)     Total                          Min: 0, Avg:  0.0, Max: 0, Diff: 0, Sum: 0, Workers: 4
[20.274s][debug][gc,phases      ] GC(48)   StringDedup Table Weak         Min:  0.0, Avg:  0.0, Max:  0.0, Diff:  0.0, Sum:  0.0, Workers: 4
[20.274s][debug][gc,phases      ] GC(48)     Dead                           Min: 0, Avg:  0.0, Max: 0, Diff: 0, Sum: 0, Workers: 4
[20.274s][debug][gc,phases      ] GC(48)     Total                          Min: 0, Avg:  0.0, Max: 0, Diff: 0, Sum: 0, Workers: 4
[20.274s][debug][gc,phases      ] GC(48)   StringDedup Requests0 Weak     Min:  0.0, Avg:  0.0, Max:  0.0, Diff:  0.0, Sum:  0.0, Workers: 4
[20.274s][debug][gc,phases      ] GC(48)     Dead                           Min: 0, Avg:  0.0, Max: 0, Diff: 0, Sum: 0, Workers: 4
[20.274s][debug][gc,phases      ] GC(48)     Total                          Min: 0, Avg:  0.0, Max: 0, Diff: 0, Sum: 0, Workers: 4
[20.274s][debug][gc,phases      ] GC(48)   StringDedup Requests1 Weak     Min:  0.0, Avg:  0.0, Max:  0.0, Diff:  0.0, Sum:  0.0, Workers: 4
[20.274s][debug][gc,phases      ] GC(48)     Dead                           Min: 0, Avg:  0.0, Max: 0, Diff: 0, Sum: 0, Workers: 4
[20.274s][debug][gc,phases      ] GC(48)     Total                          Min: 0, Avg:  0.0, Max: 0, Diff: 0, Sum: 0, Workers: 4
[20.274s][debug][gc,phases      ] GC(48)   Weak JFR Old Object Samples    Min:  0.0, Avg:  0.0, Max:  0.0, Diff:  0.0, Sum:  0.0, Workers: 4
[20.274s][debug][gc,phases      ] GC(48)     Dead                           Min: 0, Avg:  0.0, Max: 0, Diff: 0, Sum: 0, Workers: 4
[20.274s][debug][gc,phases      ] GC(48)     Total                          Min: 0, Avg:  0.0, Max: 0, Diff: 0, Sum: 0, Workers: 4
[20.274s][debug][gc,phases      ] GC(48) Weak Processing 0.274ms
[20.274s][debug][gc,age         ] GC(48) Desired survivor size 367001600 bytes, new threshold 15 (max threshold 15)
[20.274s][info ][gc,heap        ] GC(48) PSYoungGen: 1388544K(1742848K)->2903K(1734656K) Eden: 1388544K(1388544K)->0K(1380352K) From: 0K(354304K)->2903K(354304K)
[20.274s][info ][gc,heap        ] GC(48) ParOldGen: 509603K(622592K)->509611K(622592K)
[20.274s][info ][gc,metaspace   ] GC(48) Metaspace: 68222K(68992K)->68222K(68992K) NonClass: 58275K(58688K)->58275K(58688K) Class: 9947K(10304K)->9947K(10304K)
[20.274s][info ][gc             ] GC(48) Pause Young (Allocation Failure) 1853M->500M(2302M) 3.457ms
[20.274s][info ][gc,cpu         ] GC(48) User=0.02s Sys=0.00s Real=0.01s
[20.274s][info ][safepoint      ] Safepoint "ParallelGCFailedAllocation", Time since last: 210977661 ns, Reaching safepoint: 150201 ns, At safepoint: 3548704 ns, Total: 3698905 ns
[20.397s][info ][safepoint      ] Safepoint "ICBufferFull", Time since last: 122288051 ns, Reaching safepoint: 134701 ns, At safepoint: 31600 ns, Total: 166301 ns
[20.448s][info ][safepoint      ] Safepoint "ICBufferFull", Time since last: 50566362 ns, Reaching safepoint: 127800 ns, At safepoint: 27001 ns, Total: 154801 ns
[20.450s][info ][safepoint      ] Safepoint "ICBufferFull", Time since last: 2149002 ns, Reaching safepoint: 101900 ns, At safepoint: 25400 ns, Total: 127300 ns
[20.458s][info ][safepoint      ] Safepoint "ICBufferFull", Time since last: 8407511 ns, Reaching safepoint: 105100 ns, At safepoint: 28600 ns, Total: 133700 ns
[20.473s][info ][safepoint      ] Safepoint "ICBufferFull", Time since last: 14576418 ns, Reaching safepoint: 68400 ns, At safepoint: 31700 ns, Total: 100100 ns
[20.475s][info ][safepoint      ] Safepoint "ICBufferFull", Time since last: 1312002 ns, Reaching safepoint: 103700 ns, At safepoint: 23100 ns, Total: 126800 ns
[20.476s][info ][safepoint      ] Safepoint "ICBufferFull", Time since last: 1227001 ns, Reaching safepoint: 107801 ns, At safepoint: 27500 ns, Total: 135301 ns
[20.482s][info ][safepoint      ] Safepoint "ICBufferFull", Time since last: 5809907 ns, Reaching safepoint: 111900 ns, At safepoint: 23000 ns, Total: 134900 ns
[20.562s][info ][safepoint      ] Safepoint "ICBufferFull", Time since last: 80365599 ns, Reaching safepoint: 203501 ns, At safepoint: 33100 ns, Total: 236601 ns
[20.572s][info ][gc,start       ] GC(49) Pause Young (Allocation Failure)
[20.575s][debug][gc,phases      ] GC(49) Scavenge 3.078ms
[20.575s][debug][gc,ref         ] GC(49) Skipped phase 1 of Reference Processing: no references
[20.576s][debug][gc,ref         ] GC(49) ReferenceProcessor::execute queues: 1, RefProcThreadModel::Single, marks_oops_alive: false
[20.576s][debug][gc,ref         ] GC(49) Skipped phase 3 of Reference Processing: no references
[20.576s][debug][gc,ref         ] GC(49) ReferenceProcessor::execute queues: 1, RefProcThreadModel::Single, marks_oops_alive: false
[20.576s][debug][gc,phases      ] GC(49) Reference Processing 0.066ms
[20.576s][debug][gc,phases      ] GC(49)   VM Weak                        Min:  0.0, Avg:  0.0, Max:  0.0, Diff:  0.0, Sum:  0.0, Workers: 4
[20.576s][debug][gc,phases      ] GC(49)     Dead                           Min: 0, Avg:  0.0, Max: 0, Diff: 0, Sum: 0, Workers: 4
[20.576s][debug][gc,phases      ] GC(49)     Total                          Min: 0, Avg: 146.8, Max: 523, Diff: 523, Sum: 587, Workers: 4
[20.576s][debug][gc,phases      ] GC(49)   ObjectSynchronizer Weak        Min:  0.0, Avg:  0.0, Max:  0.0, Diff:  0.0, Sum:  0.0, Workers: 4
[20.576s][debug][gc,phases      ] GC(49)     Dead                           Min: 0, Avg:  0.0, Max: 0, Diff: 0, Sum: 0, Workers: 4
[20.576s][debug][gc,phases      ] GC(49)     Total                          Min: 0, Avg: 89.2, Max: 192, Diff: 192, Sum: 357, Workers: 4
[20.576s][debug][gc,phases      ] GC(49)   JVMTI Tag Weak OopStorage      Min:  0.0, Avg:  0.0, Max:  0.0, Diff:  0.0, Sum:  0.0, Workers: 4
[20.576s][debug][gc,phases      ] GC(49)     Dead                           Min: 0, Avg:  0.0, Max: 0, Diff: 0, Sum: 0, Workers: 4
[20.576s][debug][gc,phases      ] GC(49)     Total                          Min: 0, Avg:  0.0, Max: 0, Diff: 0, Sum: 0, Workers: 4
[20.576s][debug][gc,phases      ] GC(49)   StringTable Weak               Min:  0.1, Avg:  0.1, Max:  0.1, Diff:  0.0, Sum:  0.3, Workers: 4
[20.576s][debug][gc,phases      ] GC(49)     Dead                           Min: 0, Avg:  2.8, Max: 11, Diff: 11, Sum: 11, Workers: 4
[20.576s][debug][gc,phases      ] GC(49)     Total                          Min: 8512, Avg: 10698.5, Max: 13184, Diff: 4672, Sum: 42794, Workers: 4
[20.576s][debug][gc,phases      ] GC(49)   ResolvedMethodTable Weak       Min:  0.0, Avg:  0.0, Max:  0.0, Diff:  0.0, Sum:  0.1, Workers: 4
[20.576s][debug][gc,phases      ] GC(49)     Dead                           Min: 0, Avg:  0.0, Max: 0, Diff: 0, Sum: 0, Workers: 4
[20.576s][debug][gc,phases      ] GC(49)     Total                          Min: 1408, Avg: 1783.2, Max: 2271, Diff: 863, Sum: 7133, Workers: 4
[20.576s][debug][gc,phases      ] GC(49)   JNI Weak                       Min:  0.0, Avg:  0.0, Max:  0.0, Diff:  0.0, Sum:  0.0, Workers: 4
[20.576s][debug][gc,phases      ] GC(49)     Dead                           Min: 0, Avg:  0.0, Max: 0, Diff: 0, Sum: 0, Workers: 4
[20.576s][debug][gc,phases      ] GC(49)     Total                          Min: 0, Avg:  1.0, Max: 4, Diff: 4, Sum: 4, Workers: 4
[20.576s][debug][gc,phases      ] GC(49)   StringDedup Table Weak         Min:  0.0, Avg:  0.0, Max:  0.0, Diff:  0.0, Sum:  0.0, Workers: 4
[20.576s][debug][gc,phases      ] GC(49)     Dead                           Min: 0, Avg:  0.0, Max: 0, Diff: 0, Sum: 0, Workers: 4
[20.576s][debug][gc,phases      ] GC(49)     Total                          Min: 0, Avg:  0.0, Max: 0, Diff: 0, Sum: 0, Workers: 4
[20.576s][debug][gc,phases      ] GC(49)   StringDedup Requests0 Weak     Min:  0.0, Avg:  0.0, Max:  0.0, Diff:  0.0, Sum:  0.0, Workers: 4
[20.576s][debug][gc,phases      ] GC(49)     Dead                           Min: 0, Avg:  0.0, Max: 0, Diff: 0, Sum: 0, Workers: 4
[20.576s][debug][gc,phases      ] GC(49)     Total                          Min: 0, Avg:  0.0, Max: 0, Diff: 0, Sum: 0, Workers: 4
[20.576s][debug][gc,phases      ] GC(49)   StringDedup Requests1 Weak     Min:  0.0, Avg:  0.0, Max:  0.0, Diff:  0.0, Sum:  0.0, Workers: 4
[20.576s][debug][gc,phases      ] GC(49)     Dead                           Min: 0, Avg:  0.0, Max: 0, Diff: 0, Sum: 0, Workers: 4
[20.576s][debug][gc,phases      ] GC(49)     Total                          Min: 0, Avg:  0.0, Max: 0, Diff: 0, Sum: 0, Workers: 4
[20.576s][debug][gc,phases      ] GC(49)   Weak JFR Old Object Samples    Min:  0.0, Avg:  0.0, Max:  0.0, Diff:  0.0, Sum:  0.0, Workers: 4
[20.576s][debug][gc,phases      ] GC(49)     Dead                           Min: 0, Avg:  0.0, Max: 0, Diff: 0, Sum: 0, Workers: 4
[20.576s][debug][gc,phases      ] GC(49)     Total                          Min: 0, Avg:  0.0, Max: 0, Diff: 0, Sum: 0, Workers: 4
[20.576s][debug][gc,phases      ] GC(49) Weak Processing 0.239ms
[20.576s][debug][gc,age         ] GC(49) Desired survivor size 365953024 bytes, new threshold 15 (max threshold 15)
[20.576s][info ][gc,heap        ] GC(49) PSYoungGen: 1383255K(1734656K)->5511K(1738752K) Eden: 1380352K(1380352K)->0K(1380352K) From: 2903K(354304K)->5511K(358400K)
[20.576s][info ][gc,heap        ] GC(49) ParOldGen: 509611K(622592K)->509611K(622592K)
[20.576s][info ][gc,metaspace   ] GC(49) Metaspace: 68242K(68992K)->68242K(68992K) NonClass: 58294K(58688K)->58294K(58688K) Class: 9947K(10304K)->9947K(10304K)
[20.576s][info ][gc             ] GC(49) Pause Young (Allocation Failure) 1848M->503M(2306M) 3.462ms
[20.576s][info ][gc,cpu         ] GC(49) User=0.01s Sys=0.00s Real=0.01s
[20.576s][info ][safepoint      ] Safepoint "ParallelGCFailedAllocation", Time since last: 9734112 ns, Reaching safepoint: 110500 ns, At safepoint: 3547704 ns, Total: 3658204 ns
[20.677s][info ][safepoint      ] Safepoint "ICBufferFull", Time since last: 100531925 ns, Reaching safepoint: 121200 ns, At safepoint: 25700 ns, Total: 146900 ns
[20.739s][info ][safepoint      ] Safepoint "ICBufferFull", Time since last: 61785376 ns, Reaching safepoint: 142001 ns, At safepoint: 33900 ns, Total: 175901 ns
[20.770s][info ][gc,start       ] GC(50) Pause Young (Allocation Failure)
[20.774s][debug][gc,phases      ] GC(50) Scavenge 3.736ms
[20.774s][debug][gc,ref         ] GC(50) Skipped phase 1 of Reference Processing: no references
[20.774s][debug][gc,ref         ] GC(50) Skipped phase 2 of Reference Processing: no references
[20.774s][debug][gc,ref         ] GC(50) Skipped phase 3 of Reference Processing: no references
[20.774s][debug][gc,ref         ] GC(50) ReferenceProcessor::execute queues: 1, RefProcThreadModel::Single, marks_oops_alive: false
[20.774s][debug][gc,phases      ] GC(50) Reference Processing 0.103ms
[20.774s][debug][gc,phases      ] GC(50)   VM Weak                        Min:  0.0, Avg:  0.0, Max:  0.0, Diff:  0.0, Sum:  0.0, Workers: 4
[20.774s][debug][gc,phases      ] GC(50)     Dead                           Min: 0, Avg:  0.0, Max: 0, Diff: 0, Sum: 0, Workers: 4
[20.774s][debug][gc,phases      ] GC(50)     Total                          Min: 0, Avg: 146.8, Max: 523, Diff: 523, Sum: 587, Workers: 4
[20.774s][debug][gc,phases      ] GC(50)   ObjectSynchronizer Weak        Min:  0.0, Avg:  0.0, Max:  0.0, Diff:  0.0, Sum:  0.0, Workers: 4
[20.774s][debug][gc,phases      ] GC(50)     Dead                           Min: 0, Avg:  0.0, Max: 0, Diff: 0, Sum: 0, Workers: 4
[20.774s][debug][gc,phases      ] GC(50)     Total                          Min: 0, Avg: 89.2, Max: 128, Diff: 128, Sum: 357, Workers: 4
[20.774s][debug][gc,phases      ] GC(50)   JVMTI Tag Weak OopStorage      Min:  0.0, Avg:  0.0, Max:  0.0, Diff:  0.0, Sum:  0.0, Workers: 4
[20.774s][debug][gc,phases      ] GC(50)     Dead                           Min: 0, Avg:  0.0, Max: 0, Diff: 0, Sum: 0, Workers: 4
[20.774s][debug][gc,phases      ] GC(50)     Total                          Min: 0, Avg:  0.0, Max: 0, Diff: 0, Sum: 0, Workers: 4
[20.774s][debug][gc,phases      ] GC(50)   StringTable Weak               Min:  0.1, Avg:  0.1, Max:  0.1, Diff:  0.0, Sum:  0.4, Workers: 4
[20.774s][debug][gc,phases      ] GC(50)     Dead                           Min: 0, Avg:  0.0, Max: 0, Diff: 0, Sum: 0, Workers: 4
[20.774s][debug][gc,phases      ] GC(50)     Total                          Min: 10539, Avg: 10698.8, Max: 10880, Diff: 341, Sum: 42795, Workers: 4
[20.774s][debug][gc,phases      ] GC(50)   ResolvedMethodTable Weak       Min:  0.0, Avg:  0.0, Max:  0.0, Diff:  0.0, Sum:  0.1, Workers: 4
[20.774s][debug][gc,phases      ] GC(50)     Dead                           Min: 0, Avg:  0.0, Max: 0, Diff: 0, Sum: 0, Workers: 4
[20.774s][debug][gc,phases      ] GC(50)     Total                          Min: 1726, Avg: 1783.2, Max: 1856, Diff: 130, Sum: 7133, Workers: 4
[20.774s][debug][gc,phases      ] GC(50)   JNI Weak                       Min:  0.0, Avg:  0.0, Max:  0.0, Diff:  0.0, Sum:  0.0, Workers: 4
[20.774s][debug][gc,phases      ] GC(50)     Dead                           Min: 0, Avg:  0.0, Max: 0, Diff: 0, Sum: 0, Workers: 4
[20.774s][debug][gc,phases      ] GC(50)     Total                          Min: 0, Avg:  0.2, Max: 1, Diff: 1, Sum: 1, Workers: 4
[20.774s][debug][gc,phases      ] GC(50)   StringDedup Table Weak         Min:  0.0, Avg:  0.0, Max:  0.0, Diff:  0.0, Sum:  0.0, Workers: 4
[20.774s][debug][gc,phases      ] GC(50)     Dead                           Min: 0, Avg:  0.0, Max: 0, Diff: 0, Sum: 0, Workers: 4
[20.774s][debug][gc,phases      ] GC(50)     Total                          Min: 0, Avg:  0.0, Max: 0, Diff: 0, Sum: 0, Workers: 4
[20.774s][debug][gc,phases      ] GC(50)   StringDedup Requests0 Weak     Min:  0.0, Avg:  0.0, Max:  0.0, Diff:  0.0, Sum:  0.0, Workers: 4
[20.774s][debug][gc,phases      ] GC(50)     Dead                           Min: 0, Avg:  0.0, Max: 0, Diff: 0, Sum: 0, Workers: 4
[20.774s][debug][gc,phases      ] GC(50)     Total                          Min: 0, Avg:  0.0, Max: 0, Diff: 0, Sum: 0, Workers: 4
[20.774s][debug][gc,phases      ] GC(50)   StringDedup Requests1 Weak     Min:  0.0, Avg:  0.0, Max:  0.0, Diff:  0.0, Sum:  0.0, Workers: 4
[20.774s][debug][gc,phases      ] GC(50)     Dead                           Min: 0, Avg:  0.0, Max: 0, Diff: 0, Sum: 0, Workers: 4
[20.774s][debug][gc,phases      ] GC(50)     Total                          Min: 0, Avg:  0.0, Max: 0, Diff: 0, Sum: 0, Workers: 4
[20.774s][debug][gc,phases      ] GC(50)   Weak JFR Old Object Samples    Min:  0.0, Avg:  0.0, Max:  0.0, Diff:  0.0, Sum:  0.0, Workers: 4
[20.774s][debug][gc,phases      ] GC(50)     Dead                           Min: 0, Avg:  0.0, Max: 0, Diff: 0, Sum: 0, Workers: 4
[20.774s][debug][gc,phases      ] GC(50)     Total                          Min: 0, Avg:  0.0, Max: 0, Diff: 0, Sum: 0, Workers: 4
[20.774s][debug][gc,phases      ] GC(50) Weak Processing 0.258ms
[20.774s][debug][gc,age         ] GC(50) Desired survivor size 361234432 bytes, new threshold 15 (max threshold 15)
[20.774s][info ][gc,heap        ] GC(50) PSYoungGen: 1385863K(1738752K)->7584K(1744384K) Eden: 1380352K(1380352K)->0K(1387008K) From: 5511K(358400K)->7584K(357376K)
[20.774s][info ][gc,heap        ] GC(50) ParOldGen: 509611K(622592K)->509611K(622592K)
[20.775s][info ][gc,metaspace   ] GC(50) Metaspace: 68255K(68992K)->68255K(68992K) NonClass: 58308K(58688K)->58308K(58688K) Class: 9947K(10304K)->9947K(10304K)
[20.775s][info ][gc             ] GC(50) Pause Young (Allocation Failure) 1851M->505M(2311M) 4.177ms
[20.775s][info ][gc,cpu         ] GC(50) User=0.01s Sys=0.00s Real=0.01s
[20.775s][info ][safepoint      ] Safepoint "ParallelGCFailedAllocation", Time since last: 31691039 ns, Reaching safepoint: 113500 ns, At safepoint: 4236205 ns, Total: 4349705 ns
[20.856s][info ][safepoint      ] Safepoint "ICBufferFull", Time since last: 80859100 ns, Reaching safepoint: 919402 ns, At safepoint: 28800 ns, Total: 948202 ns
[20.858s][info ][safepoint      ] Safepoint "ICBufferFull", Time since last: 1204301 ns, Reaching safepoint: 106800 ns, At safepoint: 29500 ns, Total: 136300 ns
[20.982s][info ][safepoint      ] Safepoint "ICBufferFull", Time since last: 124065854 ns, Reaching safepoint: 134700 ns, At safepoint: 26200 ns, Total: 160900 ns
[21.011s][info ][gc,start       ] GC(51) Pause Young (Allocation Failure)
[21.017s][debug][gc,phases      ] GC(51) Scavenge 5.686ms
[21.017s][debug][gc,ref         ] GC(51) Skipped phase 1 of Reference Processing: no references
[21.017s][debug][gc,ref         ] GC(51) Skipped phase 2 of Reference Processing: no references
[21.017s][debug][gc,ref         ] GC(51) Skipped phase 3 of Reference Processing: no references
[21.017s][debug][gc,ref         ] GC(51) ReferenceProcessor::execute queues: 1, RefProcThreadModel::Single, marks_oops_alive: false
[21.017s][debug][gc,phases      ] GC(51) Reference Processing 0.083ms
[21.017s][debug][gc,phases      ] GC(51)   VM Weak                        Min:  0.0, Avg:  0.0, Max:  0.0, Diff:  0.0, Sum:  0.0, Workers: 4
[21.017s][debug][gc,phases      ] GC(51)     Dead                           Min: 0, Avg:  0.0, Max: 0, Diff: 0, Sum: 0, Workers: 4
[21.017s][debug][gc,phases      ] GC(51)     Total                          Min: 0, Avg: 146.8, Max: 576, Diff: 576, Sum: 587, Workers: 4
[21.017s][debug][gc,phases      ] GC(51)   ObjectSynchronizer Weak        Min:  0.0, Avg:  0.0, Max:  0.0, Diff:  0.0, Sum:  0.0, Workers: 4
[21.017s][debug][gc,phases      ] GC(51)     Dead                           Min: 0, Avg:  0.0, Max: 0, Diff: 0, Sum: 0, Workers: 4
[21.017s][debug][gc,phases      ] GC(51)     Total                          Min: 0, Avg: 89.2, Max: 192, Diff: 192, Sum: 357, Workers: 4
[21.017s][debug][gc,phases      ] GC(51)   JVMTI Tag Weak OopStorage      Min:  0.0, Avg:  0.0, Max:  0.0, Diff:  0.0, Sum:  0.0, Workers: 4
[21.017s][debug][gc,phases      ] GC(51)     Dead                           Min: 0, Avg:  0.0, Max: 0, Diff: 0, Sum: 0, Workers: 4
[21.017s][debug][gc,phases      ] GC(51)     Total                          Min: 0, Avg:  0.0, Max: 0, Diff: 0, Sum: 0, Workers: 4
[21.017s][debug][gc,phases      ] GC(51)   StringTable Weak               Min:  0.1, Avg:  0.1, Max:  0.1, Diff:  0.0, Sum:  0.4, Workers: 4
[21.017s][debug][gc,phases      ] GC(51)     Dead                           Min: 0, Avg:  0.0, Max: 0, Diff: 0, Sum: 0, Workers: 4
[21.017s][debug][gc,phases      ] GC(51)     Total                          Min: 10432, Avg: 10699.5, Max: 10862, Diff: 430, Sum: 42798, Workers: 4
[21.017s][debug][gc,phases      ] GC(51)   ResolvedMethodTable Weak       Min:  0.0, Avg:  0.0, Max:  0.0, Diff:  0.0, Sum:  0.1, Workers: 4
[21.017s][debug][gc,phases      ] GC(51)     Dead                           Min: 0, Avg:  0.0, Max: 0, Diff: 0, Sum: 0, Workers: 4
[21.017s][debug][gc,phases      ] GC(51)     Total                          Min: 1663, Avg: 1783.2, Max: 1856, Diff: 193, Sum: 7133, Workers: 4
[21.017s][debug][gc,phases      ] GC(51)   JNI Weak                       Min:  0.0, Avg:  0.0, Max:  0.0, Diff:  0.0, Sum:  0.0, Workers: 4
[21.017s][debug][gc,phases      ] GC(51)     Dead                           Min: 0, Avg:  0.0, Max: 0, Diff: 0, Sum: 0, Workers: 4
[21.017s][debug][gc,phases      ] GC(51)     Total                          Min: 0, Avg:  0.5, Max: 2, Diff: 2, Sum: 2, Workers: 4
[21.017s][debug][gc,phases      ] GC(51)   StringDedup Table Weak         Min:  0.0, Avg:  0.0, Max:  0.0, Diff:  0.0, Sum:  0.0, Workers: 4
[21.017s][debug][gc,phases      ] GC(51)     Dead                           Min: 0, Avg:  0.0, Max: 0, Diff: 0, Sum: 0, Workers: 4
[21.017s][debug][gc,phases      ] GC(51)     Total                          Min: 0, Avg:  0.0, Max: 0, Diff: 0, Sum: 0, Workers: 4
[21.017s][debug][gc,phases      ] GC(51)   StringDedup Requests0 Weak     Min:  0.0, Avg:  0.0, Max:  0.0, Diff:  0.0, Sum:  0.0, Workers: 4
[21.017s][debug][gc,phases      ] GC(51)     Dead                           Min: 0, Avg:  0.0, Max: 0, Diff: 0, Sum: 0, Workers: 4
[21.017s][debug][gc,phases      ] GC(51)     Total                          Min: 0, Avg:  0.0, Max: 0, Diff: 0, Sum: 0, Workers: 4
[21.017s][debug][gc,phases      ] GC(51)   StringDedup Requests1 Weak     Min:  0.0, Avg:  0.0, Max:  0.0, Diff:  0.0, Sum:  0.0, Workers: 4
[21.017s][debug][gc,phases      ] GC(51)     Dead                           Min: 0, Avg:  0.0, Max: 0, Diff: 0, Sum: 0, Workers: 4
[21.017s][debug][gc,phases      ] GC(51)     Total                          Min: 0, Avg:  0.0, Max: 0, Diff: 0, Sum: 0, Workers: 4
[21.017s][debug][gc,phases      ] GC(51)   Weak JFR Old Object Samples    Min:  0.0, Avg:  0.0, Max:  0.0, Diff:  0.0, Sum:  0.0, Workers: 4
[21.017s][debug][gc,phases      ] GC(51)     Dead                           Min: 0, Avg:  0.0, Max: 0, Diff: 0, Sum: 0, Workers: 4
[21.017s][debug][gc,phases      ] GC(51)     Total                          Min: 0, Avg:  0.0, Max: 0, Diff: 0, Sum: 0, Workers: 4
[21.017s][debug][gc,phases      ] GC(51) Weak Processing 0.263ms
[21.017s][debug][gc,age         ] GC(51) Desired survivor size 353894400 bytes, new threshold 15 (max threshold 15)
[21.017s][info ][gc,heap        ] GC(51) PSYoungGen: 1394592K(1744384K)->10400K(1739776K) Eden: 1387008K(1387008K)->0K(1387008K) From: 7584K(357376K)->10400K(352768K)
[21.017s][info ][gc,heap        ] GC(51) ParOldGen: 509611K(622592K)->509619K(622592K)
[21.017s][info ][gc,metaspace   ] GC(51) Metaspace: 68270K(69056K)->68270K(69056K) NonClass: 58321K(58752K)->58321K(58752K) Class: 9949K(10304K)->9949K(10304K)
[21.017s][info ][gc             ] GC(51) Pause Young (Allocation Failure) 1859M->507M(2307M) 6.119ms
[21.017s][info ][gc,cpu         ] GC(51) User=0.02s Sys=0.00s Real=0.01s
[21.017s][info ][safepoint      ] Safepoint "ParallelGCFailedAllocation", Time since last: 29180236 ns, Reaching safepoint: 118300 ns, At safepoint: 6211008 ns, Total: 6329308 ns
[21.101s][info ][safepoint      ] Safepoint "ICBufferFull", Time since last: 83778304 ns, Reaching safepoint: 130000 ns, At safepoint: 27300 ns, Total: 157300 ns
[21.120s][info ][safepoint      ] Safepoint "ICBufferFull", Time since last: 18630623 ns, Reaching safepoint: 109800 ns, At safepoint: 25600 ns, Total: 135400 ns
[21.121s][info ][safepoint      ] Safepoint "ICBufferFull", Time since last: 1042802 ns, Reaching safepoint: 107100 ns, At safepoint: 25200 ns, Total: 132300 ns
[21.135s][info ][safepoint      ] Safepoint "ICBufferFull", Time since last: 13925017 ns, Reaching safepoint: 108300 ns, At safepoint: 22900 ns, Total: 131200 ns
[21.235s][info ][safepoint      ] Safepoint "ICBufferFull", Time since last: 99880324 ns, Reaching safepoint: 119400 ns, At safepoint: 31800 ns, Total: 151200 ns
[21.258s][info ][gc,start       ] GC(52) Pause Young (Allocation Failure)
[21.262s][debug][gc,phases      ] GC(52) Scavenge 3.760ms
[21.262s][debug][gc,ref         ] GC(52) Skipped phase 1 of Reference Processing: no references
[21.262s][debug][gc,ref         ] GC(52) ReferenceProcessor::execute queues: 1, RefProcThreadModel::Single, marks_oops_alive: false
[21.262s][debug][gc,ref         ] GC(52) Skipped phase 3 of Reference Processing: no references
[21.262s][debug][gc,ref         ] GC(52) ReferenceProcessor::execute queues: 1, RefProcThreadModel::Single, marks_oops_alive: false
[21.262s][debug][gc,phases      ] GC(52) Reference Processing 0.085ms
[21.262s][debug][gc,phases      ] GC(52)   VM Weak                        Min:  0.0, Avg:  0.0, Max:  0.0, Diff:  0.0, Sum:  0.0, Workers: 4
[21.262s][debug][gc,phases      ] GC(52)     Dead                           Min: 0, Avg:  0.0, Max: 0, Diff: 0, Sum: 0, Workers: 4
[21.262s][debug][gc,phases      ] GC(52)     Total                          Min: 0, Avg: 146.8, Max: 587, Diff: 587, Sum: 587, Workers: 4
[21.262s][debug][gc,phases      ] GC(52)   ObjectSynchronizer Weak        Min:  0.0, Avg:  0.0, Max:  0.0, Diff:  0.0, Sum:  0.0, Workers: 4
[21.262s][debug][gc,phases      ] GC(52)     Dead                           Min: 0, Avg:  0.0, Max: 0, Diff: 0, Sum: 0, Workers: 4
[21.262s][debug][gc,phases      ] GC(52)     Total                          Min: 0, Avg: 89.2, Max: 357, Diff: 357, Sum: 357, Workers: 4
[21.262s][debug][gc,phases      ] GC(52)   JVMTI Tag Weak OopStorage      Min:  0.0, Avg:  0.0, Max:  0.0, Diff:  0.0, Sum:  0.0, Workers: 4
[21.262s][debug][gc,phases      ] GC(52)     Dead                           Min: 0, Avg:  0.0, Max: 0, Diff: 0, Sum: 0, Workers: 4
[21.262s][debug][gc,phases      ] GC(52)     Total                          Min: 0, Avg:  0.0, Max: 0, Diff: 0, Sum: 0, Workers: 4
[21.262s][debug][gc,phases      ] GC(52)   StringTable Weak               Min:  0.1, Avg:  0.1, Max:  0.1, Diff:  0.0, Sum:  0.3, Workers: 4
[21.262s][debug][gc,phases      ] GC(52)     Dead                           Min: 0, Avg:  2.8, Max: 11, Diff: 11, Sum: 11, Workers: 4
[21.262s][debug][gc,phases      ] GC(52)     Total                          Min: 8192, Avg: 10700.0, Max: 12592, Diff: 4400, Sum: 42800, Workers: 4
[21.262s][debug][gc,phases      ] GC(52)   ResolvedMethodTable Weak       Min:  0.0, Avg:  0.0, Max:  0.0, Diff:  0.0, Sum:  0.0, Workers: 4
[21.262s][debug][gc,phases      ] GC(52)     Dead                           Min: 0, Avg:  0.0, Max: 0, Diff: 0, Sum: 0, Workers: 4
[21.262s][debug][gc,phases      ] GC(52)     Total                          Min: 1375, Avg: 1783.2, Max: 2048, Diff: 673, Sum: 7133, Workers: 4
[21.262s][debug][gc,phases      ] GC(52)   JNI Weak                       Min:  0.0, Avg:  0.0, Max:  0.0, Diff:  0.0, Sum:  0.0, Workers: 4
[21.262s][debug][gc,phases      ] GC(52)     Dead                           Min: 0, Avg:  0.0, Max: 0, Diff: 0, Sum: 0, Workers: 4
[21.262s][debug][gc,phases      ] GC(52)     Total                          Min: 0, Avg:  1.0, Max: 4, Diff: 4, Sum: 4, Workers: 4
[21.262s][debug][gc,phases      ] GC(52)   StringDedup Table Weak         Min:  0.0, Avg:  0.0, Max:  0.0, Diff:  0.0, Sum:  0.0, Workers: 4
[21.262s][debug][gc,phases      ] GC(52)     Dead                           Min: 0, Avg:  0.0, Max: 0, Diff: 0, Sum: 0, Workers: 4
[21.262s][debug][gc,phases      ] GC(52)     Total                          Min: 0, Avg:  0.0, Max: 0, Diff: 0, Sum: 0, Workers: 4
[21.262s][debug][gc,phases      ] GC(52)   StringDedup Requests0 Weak     Min:  0.0, Avg:  0.0, Max:  0.0, Diff:  0.0, Sum:  0.0, Workers: 4
[21.262s][debug][gc,phases      ] GC(52)     Dead                           Min: 0, Avg:  0.0, Max: 0, Diff: 0, Sum: 0, Workers: 4
[21.262s][debug][gc,phases      ] GC(52)     Total                          Min: 0, Avg:  0.0, Max: 0, Diff: 0, Sum: 0, Workers: 4
[21.262s][debug][gc,phases      ] GC(52)   StringDedup Requests1 Weak     Min:  0.0, Avg:  0.0, Max:  0.0, Diff:  0.0, Sum:  0.0, Workers: 4
[21.262s][debug][gc,phases      ] GC(52)     Dead                           Min: 0, Avg:  0.0, Max: 0, Diff: 0, Sum: 0, Workers: 4
[21.262s][debug][gc,phases      ] GC(52)     Total                          Min: 0, Avg:  0.0, Max: 0, Diff: 0, Sum: 0, Workers: 4
[21.262s][debug][gc,phases      ] GC(52)   Weak JFR Old Object Samples    Min:  0.0, Avg:  0.0, Max:  0.0, Diff:  0.0, Sum:  0.0, Workers: 4
[21.262s][debug][gc,phases      ] GC(52)     Dead                           Min: 0, Avg:  0.0, Max: 0, Diff: 0, Sum: 0, Workers: 4
[21.262s][debug][gc,phases      ] GC(52)     Total                          Min: 0, Avg:  0.0, Max: 0, Diff: 0, Sum: 0, Workers: 4
[21.262s][debug][gc,phases      ] GC(52) Weak Processing 0.248ms
[21.262s][debug][gc,age         ] GC(52) Desired survivor size 343408640 bytes, new threshold 15 (max threshold 15)
[21.262s][info ][gc,heap        ] GC(52) PSYoungGen: 1397408K(1739776K)->12845K(1761792K) Eden: 1387008K(1387008K)->0K(1416192K) From: 10400K(352768K)->12845K(345600K)
[21.262s][info ][gc,heap        ] GC(52) ParOldGen: 509619K(622592K)->509619K(622592K)
[21.262s][info ][gc,metaspace   ] GC(52) Metaspace: 68283K(69056K)->68283K(69056K) NonClass: 58334K(58752K)->58334K(58752K) Class: 9949K(10304K)->9949K(10304K)
[21.262s][info ][gc             ] GC(52) Pause Young (Allocation Failure) 1862M->510M(2328M) 4.175ms
[21.262s][info ][gc,cpu         ] GC(52) User=0.02s Sys=0.00s Real=0.01s
[21.262s][info ][safepoint      ] Safepoint "ParallelGCFailedAllocation", Time since last: 22665628 ns, Reaching safepoint: 117500 ns, At safepoint: 4260905 ns, Total: 4378405 ns
[21.369s][info ][safepoint      ] Safepoint "ICBufferFull", Time since last: 105946332 ns, Reaching safepoint: 128100 ns, At safepoint: 32100 ns, Total: 160200 ns
[21.566s][info ][gc,start       ] GC(53) Pause Young (Allocation Failure)
[21.573s][debug][gc,phases      ] GC(53) Scavenge 6.876ms
[21.573s][debug][gc,ref         ] GC(53) Skipped phase 1 of Reference Processing: no references
[21.573s][debug][gc,ref         ] GC(53) ReferenceProcessor::execute queues: 1, RefProcThreadModel::Single, marks_oops_alive: false
[21.573s][debug][gc,ref         ] GC(53) Skipped phase 3 of Reference Processing: no references
[21.573s][debug][gc,ref         ] GC(53) ReferenceProcessor::execute queues: 1, RefProcThreadModel::Single, marks_oops_alive: false
[21.573s][debug][gc,phases      ] GC(53) Reference Processing 0.074ms
[21.573s][debug][gc,phases      ] GC(53)   VM Weak                        Min:  0.0, Avg:  0.0, Max:  0.0, Diff:  0.0, Sum:  0.0, Workers: 4
[21.573s][debug][gc,phases      ] GC(53)     Dead                           Min: 0, Avg:  0.0, Max: 0, Diff: 0, Sum: 0, Workers: 4
[21.573s][debug][gc,phases      ] GC(53)     Total                          Min: 0, Avg: 146.8, Max: 384, Diff: 384, Sum: 587, Workers: 4
[21.573s][debug][gc,phases      ] GC(53)   ObjectSynchronizer Weak        Min:  0.0, Avg:  0.0, Max:  0.0, Diff:  0.0, Sum:  0.0, Workers: 4
[21.573s][debug][gc,phases      ] GC(53)     Dead                           Min: 0, Avg:  0.0, Max: 0, Diff: 0, Sum: 0, Workers: 4
[21.573s][debug][gc,phases      ] GC(53)     Total                          Min: 0, Avg: 89.2, Max: 192, Diff: 192, Sum: 357, Workers: 4
[21.573s][debug][gc,phases      ] GC(53)   JVMTI Tag Weak OopStorage      Min:  0.0, Avg:  0.0, Max:  0.0, Diff:  0.0, Sum:  0.0, Workers: 4
[21.573s][debug][gc,phases      ] GC(53)     Dead                           Min: 0, Avg:  0.0, Max: 0, Diff: 0, Sum: 0, Workers: 4
[21.573s][debug][gc,phases      ] GC(53)     Total                          Min: 0, Avg:  0.0, Max: 0, Diff: 0, Sum: 0, Workers: 4
[21.573s][debug][gc,phases      ] GC(53)   StringTable Weak               Min:  0.1, Avg:  0.1, Max:  0.1, Diff:  0.0, Sum:  0.3, Workers: 4
[21.573s][debug][gc,phases      ] GC(53)     Dead                           Min: 0, Avg:  0.0, Max: 0, Diff: 0, Sum: 0, Workers: 4
[21.573s][debug][gc,phases      ] GC(53)     Total                          Min: 8320, Avg: 10701.2, Max: 13056, Diff: 4736, Sum: 42805, Workers: 4
[21.573s][debug][gc,phases      ] GC(53)   ResolvedMethodTable Weak       Min:  0.0, Avg:  0.0, Max:  0.0, Diff:  0.0, Sum:  0.1, Workers: 4
[21.573s][debug][gc,phases      ] GC(53)     Dead                           Min: 0, Avg:  0.0, Max: 0, Diff: 0, Sum: 0, Workers: 4
[21.573s][debug][gc,phases      ] GC(53)     Total                          Min: 1471, Avg: 1783.2, Max: 2207, Diff: 736, Sum: 7133, Workers: 4
[21.573s][debug][gc,phases      ] GC(53)   JNI Weak                       Min:  0.0, Avg:  0.0, Max:  0.0, Diff:  0.0, Sum:  0.0, Workers: 4
[21.573s][debug][gc,phases      ] GC(53)     Dead                           Min: 0, Avg:  0.0, Max: 0, Diff: 0, Sum: 0, Workers: 4
[21.573s][debug][gc,phases      ] GC(53)     Total                          Min: 0, Avg:  0.0, Max: 0, Diff: 0, Sum: 0, Workers: 4
[21.573s][debug][gc,phases      ] GC(53)   StringDedup Table Weak         Min:  0.0, Avg:  0.0, Max:  0.0, Diff:  0.0, Sum:  0.0, Workers: 4
[21.573s][debug][gc,phases      ] GC(53)     Dead                           Min: 0, Avg:  0.0, Max: 0, Diff: 0, Sum: 0, Workers: 4
[21.573s][debug][gc,phases      ] GC(53)     Total                          Min: 0, Avg:  0.0, Max: 0, Diff: 0, Sum: 0, Workers: 4
[21.573s][debug][gc,phases      ] GC(53)   StringDedup Requests0 Weak     Min:  0.0, Avg:  0.0, Max:  0.0, Diff:  0.0, Sum:  0.0, Workers: 4
[21.573s][debug][gc,phases      ] GC(53)     Dead                           Min: 0, Avg:  0.0, Max: 0, Diff: 0, Sum: 0, Workers: 4
[21.573s][debug][gc,phases      ] GC(53)     Total                          Min: 0, Avg:  0.0, Max: 0, Diff: 0, Sum: 0, Workers: 4
[21.573s][debug][gc,phases      ] GC(53)   StringDedup Requests1 Weak     Min:  0.0, Avg:  0.0, Max:  0.0, Diff:  0.0, Sum:  0.0, Workers: 4
[21.573s][debug][gc,phases      ] GC(53)     Dead                           Min: 0, Avg:  0.0, Max: 0, Diff: 0, Sum: 0, Workers: 4
[21.573s][debug][gc,phases      ] GC(53)     Total                          Min: 0, Avg:  0.0, Max: 0, Diff: 0, Sum: 0, Workers: 4
[21.573s][debug][gc,phases      ] GC(53)   Weak JFR Old Object Samples    Min:  0.0, Avg:  0.0, Max:  0.0, Diff:  0.0, Sum:  0.0, Workers: 4
[21.573s][debug][gc,phases      ] GC(53)     Dead                           Min: 0, Avg:  0.0, Max: 0, Diff: 0, Sum: 0, Workers: 4
[21.573s][debug][gc,phases      ] GC(53)     Total                          Min: 0, Avg:  0.0, Max: 0, Diff: 0, Sum: 0, Workers: 4
[21.573s][debug][gc,phases      ] GC(53) Weak Processing 0.245ms
[21.573s][debug][gc,age         ] GC(53) Desired survivor size 331350016 bytes, new threshold 15 (max threshold 15)
[21.574s][info ][gc,heap        ] GC(53) PSYoungGen: 1429037K(1761792K)->17520K(1751552K) Eden: 1416192K(1416192K)->0K(1416192K) From: 12845K(345600K)->17520K(335360K)
[21.574s][info ][gc,heap        ] GC(53) ParOldGen: 509619K(622592K)->509619K(622592K)
[21.574s][info ][gc,metaspace   ] GC(53) Metaspace: 68289K(69056K)->68289K(69056K) NonClass: 58340K(58752K)->58340K(58752K) Class: 9949K(10304K)->9949K(10304K)
[21.574s][info ][gc             ] GC(53) Pause Young (Allocation Failure) 1893M->514M(2318M) 7.296ms
[21.574s][info ][gc,cpu         ] GC(53) User=0.02s Sys=0.00s Real=0.00s
[21.574s][info ][safepoint      ] Safepoint "ParallelGCFailedAllocation", Time since last: 197131844 ns, Reaching safepoint: 536501 ns, At safepoint: 7388909 ns, Total: 7925410 ns
[21.738s][info ][safepoint      ] Safepoint "ICBufferFull", Time since last: 163943903 ns, Reaching safepoint: 128300 ns, At safepoint: 52700 ns, Total: 181000 ns
[21.820s][info ][gc,start       ] GC(54) Pause Young (Allocation Failure)
[21.827s][debug][gc,phases      ] GC(54) Scavenge 6.128ms
[21.827s][debug][gc,ref         ] GC(54) Skipped phase 1 of Reference Processing: no references
[21.827s][debug][gc,ref         ] GC(54) ReferenceProcessor::execute queues: 1, RefProcThreadModel::Single, marks_oops_alive: false
[21.827s][debug][gc,ref         ] GC(54) Skipped phase 3 of Reference Processing: no references
[21.827s][debug][gc,ref         ] GC(54) ReferenceProcessor::execute queues: 1, RefProcThreadModel::Single, marks_oops_alive: false
[21.827s][debug][gc,phases      ] GC(54) Reference Processing 0.084ms
[21.827s][debug][gc,phases      ] GC(54)   VM Weak                        Min:  0.0, Avg:  0.0, Max:  0.0, Diff:  0.0, Sum:  0.0, Workers: 4
[21.827s][debug][gc,phases      ] GC(54)     Dead                           Min: 0, Avg:  0.0, Max: 0, Diff: 0, Sum: 0, Workers: 4
[21.827s][debug][gc,phases      ] GC(54)     Total                          Min: 0, Avg: 146.8, Max: 523, Diff: 523, Sum: 587, Workers: 4
[21.827s][debug][gc,phases      ] GC(54)   ObjectSynchronizer Weak        Min:  0.0, Avg:  0.0, Max:  0.0, Diff:  0.0, Sum:  0.0, Workers: 4
[21.827s][debug][gc,phases      ] GC(54)     Dead                           Min: 0, Avg:  0.0, Max: 0, Diff: 0, Sum: 0, Workers: 4
[21.827s][debug][gc,phases      ] GC(54)     Total                          Min: 0, Avg: 89.2, Max: 192, Diff: 192, Sum: 357, Workers: 4
[21.827s][debug][gc,phases      ] GC(54)   JVMTI Tag Weak OopStorage      Min:  0.0, Avg:  0.0, Max:  0.0, Diff:  0.0, Sum:  0.0, Workers: 4
[21.827s][debug][gc,phases      ] GC(54)     Dead                           Min: 0, Avg:  0.0, Max: 0, Diff: 0, Sum: 0, Workers: 4
[21.827s][debug][gc,phases      ] GC(54)     Total                          Min: 0, Avg:  0.0, Max: 0, Diff: 0, Sum: 0, Workers: 4
[21.827s][debug][gc,phases      ] GC(54)   StringTable Weak               Min:  0.1, Avg:  0.1, Max:  0.1, Diff:  0.0, Sum:  0.3, Workers: 4
[21.827s][debug][gc,phases      ] GC(54)     Dead                           Min: 0, Avg:  2.8, Max: 11, Diff: 11, Sum: 11, Workers: 4
[21.827s][debug][gc,phases      ] GC(54)     Total                          Min: 10432, Avg: 10702.5, Max: 10944, Diff: 512, Sum: 42810, Workers: 4
[21.827s][debug][gc,phases      ] GC(54)   ResolvedMethodTable Weak       Min:  0.0, Avg:  0.0, Max:  0.0, Diff:  0.0, Sum:  0.0, Workers: 4
[21.827s][debug][gc,phases      ] GC(54)     Dead                           Min: 0, Avg:  0.0, Max: 0, Diff: 0, Sum: 0, Workers: 4
[21.827s][debug][gc,phases      ] GC(54)     Total                          Min: 1573, Avg: 1785.2, Max: 1920, Diff: 347, Sum: 7141, Workers: 4
[21.827s][debug][gc,phases      ] GC(54)   JNI Weak                       Min:  0.0, Avg:  0.0, Max:  0.0, Diff:  0.0, Sum:  0.0, Workers: 4
[21.827s][debug][gc,phases      ] GC(54)     Dead                           Min: 0, Avg:  0.0, Max: 0, Diff: 0, Sum: 0, Workers: 4
[21.827s][debug][gc,phases      ] GC(54)     Total                          Min: 0, Avg:  0.0, Max: 0, Diff: 0, Sum: 0, Workers: 4
[21.827s][debug][gc,phases      ] GC(54)   StringDedup Table Weak         Min:  0.0, Avg:  0.0, Max:  0.0, Diff:  0.0, Sum:  0.0, Workers: 4
[21.827s][debug][gc,phases      ] GC(54)     Dead                           Min: 0, Avg:  0.0, Max: 0, Diff: 0, Sum: 0, Workers: 4
[21.827s][debug][gc,phases      ] GC(54)     Total                          Min: 0, Avg:  0.0, Max: 0, Diff: 0, Sum: 0, Workers: 4
[21.827s][debug][gc,phases      ] GC(54)   StringDedup Requests0 Weak     Min:  0.0, Avg:  0.0, Max:  0.0, Diff:  0.0, Sum:  0.0, Workers: 4
[21.827s][debug][gc,phases      ] GC(54)     Dead                           Min: 0, Avg:  0.0, Max: 0, Diff: 0, Sum: 0, Workers: 4
[21.827s][debug][gc,phases      ] GC(54)     Total                          Min: 0, Avg:  0.0, Max: 0, Diff: 0, Sum: 0, Workers: 4
[21.827s][debug][gc,phases      ] GC(54)   StringDedup Requests1 Weak     Min:  0.0, Avg:  0.0, Max:  0.0, Diff:  0.0, Sum:  0.0, Workers: 4
[21.827s][debug][gc,phases      ] GC(54)     Dead                           Min: 0, Avg:  0.0, Max: 0, Diff: 0, Sum: 0, Workers: 4
[21.827s][debug][gc,phases      ] GC(54)     Total                          Min: 0, Avg:  0.0, Max: 0, Diff: 0, Sum: 0, Workers: 4
[21.827s][debug][gc,phases      ] GC(54)   Weak JFR Old Object Samples    Min:  0.0, Avg:  0.0, Max:  0.0, Diff:  0.0, Sum:  0.0, Workers: 4
[21.827s][debug][gc,phases      ] GC(54)     Dead                           Min: 0, Avg:  0.0, Max: 0, Diff: 0, Sum: 0, Workers: 4
[21.827s][debug][gc,phases      ] GC(54)     Total                          Min: 0, Avg:  0.0, Max: 0, Diff: 0, Sum: 0, Workers: 4
[21.827s][debug][gc,phases      ] GC(54) Weak Processing 0.229ms
[21.827s][debug][gc,age         ] GC(54) Desired survivor size 317194240 bytes, new threshold 15 (max threshold 15)
[21.827s][info ][gc,heap        ] GC(54) PSYoungGen: 1433712K(1751552K)->22730K(1787392K) Eden: 1416192K(1416192K)->0K(1463808K) From: 17520K(335360K)->22730K(323584K)
[21.827s][info ][gc,heap        ] GC(54) ParOldGen: 509619K(622592K)->509619K(622592K)
[21.827s][info ][gc,metaspace   ] GC(54) Metaspace: 68302K(69056K)->68302K(69056K) NonClass: 58350K(58752K)->58350K(58752K) Class: 9952K(10304K)->9952K(10304K)
[21.827s][info ][gc             ] GC(54) Pause Young (Allocation Failure) 1897M->519M(2353M) 6.545ms
[21.827s][info ][gc,cpu         ] GC(54) User=0.02s Sys=0.00s Real=0.01s
[21.827s][info ][safepoint      ] Safepoint "ParallelGCFailedAllocation", Time since last: 82622402 ns, Reaching safepoint: 118000 ns, At safepoint: 6626509 ns, Total: 6744509 ns
[21.983s][info ][safepoint      ] Safepoint "ICBufferFull", Time since last: 155607592 ns, Reaching safepoint: 135200 ns, At safepoint: 26401 ns, Total: 161601 ns
[21.990s][info ][safepoint      ] Safepoint "ICBufferFull", Time since last: 6955008 ns, Reaching safepoint: 109000 ns, At safepoint: 27200 ns, Total: 136200 ns
[21.991s][info ][safepoint      ] Safepoint "ICBufferFull", Time since last: 1027502 ns, Reaching safepoint: 100000 ns, At safepoint: 23600 ns, Total: 123600 ns
[21.992s][info ][safepoint      ] Safepoint "ICBufferFull", Time since last: 1018101 ns, Reaching safepoint: 106000 ns, At safepoint: 22600 ns, Total: 128600 ns
[21.993s][info ][safepoint      ] Safepoint "ICBufferFull", Time since last: 949701 ns, Reaching safepoint: 104800 ns, At safepoint: 21100 ns, Total: 125900 ns
[21.999s][info ][safepoint      ] Safepoint "ICBufferFull", Time since last: 5759708 ns, Reaching safepoint: 93100 ns, At safepoint: 24600 ns, Total: 117700 ns
[22.000s][info ][safepoint      ] Safepoint "ICBufferFull", Time since last: 988501 ns, Reaching safepoint: 100000 ns, At safepoint: 24100 ns, Total: 124100 ns
[22.001s][info ][safepoint      ] Safepoint "ICBufferFull", Time since last: 980501 ns, Reaching safepoint: 101900 ns, At safepoint: 22101 ns, Total: 124001 ns
[22.007s][info ][safepoint      ] Safepoint "ICBufferFull", Time since last: 1033101 ns, Reaching safepoint: 4230605 ns, At safepoint: 26000 ns, Total: 4256605 ns
[22.034s][info ][safepoint      ] Safepoint "ICBufferFull", Time since last: 26975933 ns, Reaching safepoint: 130101 ns, At safepoint: 31800 ns, Total: 161901 ns
[22.042s][info ][safepoint      ] Safepoint "ICBufferFull", Time since last: 7805509 ns, Reaching safepoint: 576201 ns, At safepoint: 26200 ns, Total: 602401 ns
[22.043s][info ][safepoint      ] Safepoint "ICBufferFull", Time since last: 931301 ns, Reaching safepoint: 106700 ns, At safepoint: 23000 ns, Total: 129700 ns
[22.044s][info ][safepoint      ] Safepoint "ICBufferFull", Time since last: 908002 ns, Reaching safepoint: 104900 ns, At safepoint: 24400 ns, Total: 129300 ns
[22.073s][info ][safepoint      ] Safepoint "ICBufferFull", Time since last: 28272535 ns, Reaching safepoint: 121700 ns, At safepoint: 25800 ns, Total: 147500 ns
[22.078s][info ][gc,start       ] GC(55) Pause Young (Allocation Failure)
[22.087s][debug][gc,phases      ] GC(55) Scavenge 8.743ms
[22.087s][debug][gc,ref         ] GC(55) Skipped phase 1 of Reference Processing: no references
[22.087s][debug][gc,ref         ] GC(55) ReferenceProcessor::execute queues: 1, RefProcThreadModel::Single, marks_oops_alive: false
[22.087s][debug][gc,ref         ] GC(55) Skipped phase 3 of Reference Processing: no references
[22.087s][debug][gc,ref         ] GC(55) ReferenceProcessor::execute queues: 1, RefProcThreadModel::Single, marks_oops_alive: false
[22.087s][debug][gc,phases      ] GC(55) Reference Processing 0.082ms
[22.087s][debug][gc,phases      ] GC(55)   VM Weak                        Min:  0.0, Avg:  0.0, Max:  0.0, Diff:  0.0, Sum:  0.0, Workers: 4
[22.087s][debug][gc,phases      ] GC(55)     Dead                           Min: 0, Avg:  0.0, Max: 0, Diff: 0, Sum: 0, Workers: 4
[22.087s][debug][gc,phases      ] GC(55)     Total                          Min: 0, Avg: 147.5, Max: 320, Diff: 320, Sum: 590, Workers: 4
[22.087s][debug][gc,phases      ] GC(55)   ObjectSynchronizer Weak        Min:  0.0, Avg:  0.0, Max:  0.0, Diff:  0.0, Sum:  0.0, Workers: 4
[22.087s][debug][gc,phases      ] GC(55)     Dead                           Min: 0, Avg:  0.0, Max: 0, Diff: 0, Sum: 0, Workers: 4
[22.087s][debug][gc,phases      ] GC(55)     Total                          Min: 0, Avg: 89.2, Max: 192, Diff: 192, Sum: 357, Workers: 4
[22.087s][debug][gc,phases      ] GC(55)   JVMTI Tag Weak OopStorage      Min:  0.0, Avg:  0.0, Max:  0.0, Diff:  0.0, Sum:  0.0, Workers: 4
[22.087s][debug][gc,phases      ] GC(55)     Dead                           Min: 0, Avg:  0.0, Max: 0, Diff: 0, Sum: 0, Workers: 4
[22.087s][debug][gc,phases      ] GC(55)     Total                          Min: 0, Avg:  0.0, Max: 0, Diff: 0, Sum: 0, Workers: 4
[22.087s][debug][gc,phases      ] GC(55)   StringTable Weak               Min:  0.1, Avg:  0.1, Max:  0.1, Diff:  0.0, Sum:  0.3, Workers: 4
[22.087s][debug][gc,phases      ] GC(55)     Dead                           Min: 0, Avg:  0.0, Max: 0, Diff: 0, Sum: 0, Workers: 4
[22.087s][debug][gc,phases      ] GC(55)     Total                          Min: 8128, Avg: 10704.8, Max: 13696, Diff: 5568, Sum: 42819, Workers: 4
[22.087s][debug][gc,phases      ] GC(55)   ResolvedMethodTable Weak       Min:  0.0, Avg:  0.0, Max:  0.0, Diff:  0.0, Sum:  0.1, Workers: 4
[22.087s][debug][gc,phases      ] GC(55)     Dead                           Min: 0, Avg:  0.0, Max: 0, Diff: 0, Sum: 0, Workers: 4
[22.087s][debug][gc,phases      ] GC(55)     Total                          Min: 1472, Avg: 1787.5, Max: 2223, Diff: 751, Sum: 7150, Workers: 4
[22.087s][debug][gc,phases      ] GC(55)   JNI Weak                       Min:  0.0, Avg:  0.0, Max:  0.0, Diff:  0.0, Sum:  0.0, Workers: 4
[22.087s][debug][gc,phases      ] GC(55)     Dead                           Min: 0, Avg:  0.0, Max: 0, Diff: 0, Sum: 0, Workers: 4
[22.087s][debug][gc,phases      ] GC(55)     Total                          Min: 0, Avg:  0.2, Max: 1, Diff: 1, Sum: 1, Workers: 4
[22.087s][debug][gc,phases      ] GC(55)   StringDedup Table Weak         Min:  0.0, Avg:  0.0, Max:  0.0, Diff:  0.0, Sum:  0.0, Workers: 4
[22.087s][debug][gc,phases      ] GC(55)     Dead                           Min: 0, Avg:  0.0, Max: 0, Diff: 0, Sum: 0, Workers: 4
[22.087s][debug][gc,phases      ] GC(55)     Total                          Min: 0, Avg:  0.0, Max: 0, Diff: 0, Sum: 0, Workers: 4
[22.087s][debug][gc,phases      ] GC(55)   StringDedup Requests0 Weak     Min:  0.0, Avg:  0.0, Max:  0.0, Diff:  0.0, Sum:  0.0, Workers: 4
[22.087s][debug][gc,phases      ] GC(55)     Dead                           Min: 0, Avg:  0.0, Max: 0, Diff: 0, Sum: 0, Workers: 4
[22.087s][debug][gc,phases      ] GC(55)     Total                          Min: 0, Avg:  0.0, Max: 0, Diff: 0, Sum: 0, Workers: 4
[22.087s][debug][gc,phases      ] GC(55)   StringDedup Requests1 Weak     Min:  0.0, Avg:  0.0, Max:  0.0, Diff:  0.0, Sum:  0.0, Workers: 4
[22.087s][debug][gc,phases      ] GC(55)     Dead                           Min: 0, Avg:  0.0, Max: 0, Diff: 0, Sum: 0, Workers: 4
[22.087s][debug][gc,phases      ] GC(55)     Total                          Min: 0, Avg:  0.0, Max: 0, Diff: 0, Sum: 0, Workers: 4
[22.087s][debug][gc,phases      ] GC(55)   Weak JFR Old Object Samples    Min:  0.0, Avg:  0.0, Max:  0.0, Diff:  0.0, Sum:  0.0, Workers: 4
[22.087s][debug][gc,phases      ] GC(55)     Dead                           Min: 0, Avg:  0.0, Max: 0, Diff: 0, Sum: 0, Workers: 4
[22.087s][debug][gc,phases      ] GC(55)     Total                          Min: 0, Avg:  0.0, Max: 0, Diff: 0, Sum: 0, Workers: 4
[22.087s][debug][gc,phases      ] GC(55) Weak Processing 0.237ms
[22.087s][debug][gc,age         ] GC(55) Desired survivor size 301989888 bytes, new threshold 15 (max threshold 15)
[22.087s][info ][gc,heap        ] GC(55) PSYoungGen: 1486538K(1787392K)->28029K(1773568K) Eden: 1463808K(1463808K)->0K(1463808K) From: 22730K(323584K)->28029K(309760K)
[22.087s][info ][gc,heap        ] GC(55) ParOldGen: 509619K(622592K)->509619K(622592K)
[22.087s][info ][gc,metaspace   ] GC(55) Metaspace: 68321K(69056K)->68321K(69056K) NonClass: 58365K(58752K)->58365K(58752K) Class: 9955K(10304K)->9955K(10304K)
[22.087s][info ][gc             ] GC(55) Pause Young (Allocation Failure) 1949M->525M(2340M) 9.140ms
[22.087s][info ][gc,cpu         ] GC(55) User=0.03s Sys=0.00s Real=0.01s
[22.087s][info ][safepoint      ] Safepoint "ParallelGCFailedAllocation", Time since last: 4997706 ns, Reaching safepoint: 104000 ns, At safepoint: 9222212 ns, Total: 9326212 ns
[22.096s][info ][safepoint      ] Safepoint "ICBufferFull", Time since last: 9005511 ns, Reaching safepoint: 109100 ns, At safepoint: 26400 ns, Total: 135500 ns
[22.097s][info ][safepoint      ] Safepoint "ICBufferFull", Time since last: 923001 ns, Reaching safepoint: 101400 ns, At safepoint: 22900 ns, Total: 124300 ns
[22.098s][info ][safepoint      ] Safepoint "ICBufferFull", Time since last: 927201 ns, Reaching safepoint: 98700 ns, At safepoint: 26301 ns, Total: 125001 ns
[22.100s][info ][safepoint      ] Safepoint "ICBufferFull", Time since last: 1059101 ns, Reaching safepoint: 101600 ns, At safepoint: 19000 ns, Total: 120600 ns
[22.184s][info ][safepoint      ] Safepoint "ICBufferFull", Time since last: 84401604 ns, Reaching safepoint: 122401 ns, At safepoint: 33200 ns, Total: 155601 ns
[22.283s][info ][safepoint      ] Safepoint "ICBufferFull", Time since last: 98760522 ns, Reaching safepoint: 127400 ns, At safepoint: 18900 ns, Total: 146300 ns
[22.315s][info ][gc,start       ] GC(56) Pause Young (Allocation Failure)
[22.325s][debug][gc,phases      ] GC(56) Scavenge 9.580ms
[22.325s][debug][gc,ref         ] GC(56) Skipped phase 1 of Reference Processing: no references
[22.325s][debug][gc,ref         ] GC(56) ReferenceProcessor::execute queues: 1, RefProcThreadModel::Single, marks_oops_alive: false
[22.325s][debug][gc,ref         ] GC(56) Skipped phase 3 of Reference Processing: no references
[22.325s][debug][gc,ref         ] GC(56) ReferenceProcessor::execute queues: 1, RefProcThreadModel::Single, marks_oops_alive: false
[22.325s][debug][gc,phases      ] GC(56) Reference Processing 0.089ms
[22.325s][debug][gc,phases      ] GC(56)   VM Weak                        Min:  0.0, Avg:  0.0, Max:  0.0, Diff:  0.0, Sum:  0.0, Workers: 4
[22.325s][debug][gc,phases      ] GC(56)     Dead                           Min: 0, Avg:  0.0, Max: 0, Diff: 0, Sum: 0, Workers: 4
[22.325s][debug][gc,phases      ] GC(56)     Total                          Min: 0, Avg: 147.5, Max: 526, Diff: 526, Sum: 590, Workers: 4
[22.325s][debug][gc,phases      ] GC(56)   ObjectSynchronizer Weak        Min:  0.0, Avg:  0.0, Max:  0.0, Diff:  0.0, Sum:  0.0, Workers: 4
[22.325s][debug][gc,phases      ] GC(56)     Dead                           Min: 0, Avg:  0.0, Max: 0, Diff: 0, Sum: 0, Workers: 4
[22.325s][debug][gc,phases      ] GC(56)     Total                          Min: 0, Avg: 89.2, Max: 229, Diff: 229, Sum: 357, Workers: 4
[22.325s][debug][gc,phases      ] GC(56)   JVMTI Tag Weak OopStorage      Min:  0.0, Avg:  0.0, Max:  0.0, Diff:  0.0, Sum:  0.0, Workers: 4
[22.325s][debug][gc,phases      ] GC(56)     Dead                           Min: 0, Avg:  0.0, Max: 0, Diff: 0, Sum: 0, Workers: 4
[22.325s][debug][gc,phases      ] GC(56)     Total                          Min: 0, Avg:  0.0, Max: 0, Diff: 0, Sum: 0, Workers: 4
[22.325s][debug][gc,phases      ] GC(56)   StringTable Weak               Min:  0.1, Avg:  0.1, Max:  0.1, Diff:  0.0, Sum:  0.4, Workers: 4
[22.325s][debug][gc,phases      ] GC(56)     Dead                           Min: 0, Avg:  2.8, Max: 11, Diff: 11, Sum: 11, Workers: 4
[22.325s][debug][gc,phases      ] GC(56)     Total                          Min: 3584, Avg: 10704.8, Max: 15093, Diff: 11509, Sum: 42819, Workers: 4
[22.325s][debug][gc,phases      ] GC(56)   ResolvedMethodTable Weak       Min:  0.0, Avg:  0.0, Max:  0.0, Diff:  0.0, Sum:  0.1, Workers: 4
[22.325s][debug][gc,phases      ] GC(56)     Dead                           Min: 0, Avg:  0.2, Max: 1, Diff: 1, Sum: 1, Workers: 4
[22.325s][debug][gc,phases      ] GC(56)     Total                          Min: 1344, Avg: 1787.5, Max: 2478, Diff: 1134, Sum: 7150, Workers: 4
[22.325s][debug][gc,phases      ] GC(56)   JNI Weak                       Min:  0.0, Avg:  0.0, Max:  0.0, Diff:  0.0, Sum:  0.0, Workers: 4
[22.325s][debug][gc,phases      ] GC(56)     Dead                           Min: 0, Avg:  0.0, Max: 0, Diff: 0, Sum: 0, Workers: 4
[22.325s][debug][gc,phases      ] GC(56)     Total                          Min: 0, Avg:  0.2, Max: 1, Diff: 1, Sum: 1, Workers: 4
[22.325s][debug][gc,phases      ] GC(56)   StringDedup Table Weak         Min:  0.0, Avg:  0.0, Max:  0.0, Diff:  0.0, Sum:  0.0, Workers: 4
[22.325s][debug][gc,phases      ] GC(56)     Dead                           Min: 0, Avg:  0.0, Max: 0, Diff: 0, Sum: 0, Workers: 4
[22.325s][debug][gc,phases      ] GC(56)     Total                          Min: 0, Avg:  0.0, Max: 0, Diff: 0, Sum: 0, Workers: 4
[22.325s][debug][gc,phases      ] GC(56)   StringDedup Requests0 Weak     Min:  0.0, Avg:  0.0, Max:  0.0, Diff:  0.0, Sum:  0.0, Workers: 4
[22.325s][debug][gc,phases      ] GC(56)     Dead                           Min: 0, Avg:  0.0, Max: 0, Diff: 0, Sum: 0, Workers: 4
[22.325s][debug][gc,phases      ] GC(56)     Total                          Min: 0, Avg:  0.0, Max: 0, Diff: 0, Sum: 0, Workers: 4
[22.325s][debug][gc,phases      ] GC(56)   StringDedup Requests1 Weak     Min:  0.0, Avg:  0.0, Max:  0.0, Diff:  0.0, Sum:  0.0, Workers: 4
[22.325s][debug][gc,phases      ] GC(56)     Dead                           Min: 0, Avg:  0.0, Max: 0, Diff: 0, Sum: 0, Workers: 4
[22.325s][debug][gc,phases      ] GC(56)     Total                          Min: 0, Avg:  0.0, Max: 0, Diff: 0, Sum: 0, Workers: 4
[22.325s][debug][gc,phases      ] GC(56)   Weak JFR Old Object Samples    Min:  0.0, Avg:  0.0, Max:  0.0, Diff:  0.0, Sum:  0.0, Workers: 4
[22.325s][debug][gc,phases      ] GC(56)     Dead                           Min: 0, Avg:  0.0, Max: 0, Diff: 0, Sum: 0, Workers: 4
[22.325s][debug][gc,phases      ] GC(56)     Total                          Min: 0, Avg:  0.0, Max: 0, Diff: 0, Sum: 0, Workers: 4
[22.325s][debug][gc,phases      ] GC(56) Weak Processing 0.260ms
[22.325s][debug][gc,age         ] GC(56) Desired survivor size 285736960 bytes, new threshold 15 (max threshold 15)
[22.325s][info ][gc,heap        ] GC(56) PSYoungGen: 1491837K(1773568K)->33648K(1818112K) Eden: 1463808K(1463808K)->0K(1523200K) From: 28029K(309760K)->33648K(294912K)
[22.325s][info ][gc,heap        ] GC(56) ParOldGen: 509619K(622592K)->509627K(622592K)
[22.325s][info ][gc,metaspace   ] GC(56) Metaspace: 68326K(69056K)->68326K(69056K) NonClass: 58370K(58752K)->58370K(58752K) Class: 9955K(10304K)->9955K(10304K)
[22.325s][info ][gc             ] GC(56) Pause Young (Allocation Failure) 1954M->530M(2383M) 10.041ms
[22.325s][info ][gc,cpu         ] GC(56) User=0.04s Sys=0.00s Real=0.01s
[22.325s][info ][safepoint      ] Safepoint "ParallelGCFailedAllocation", Time since last: 31928840 ns, Reaching safepoint: 127200 ns, At safepoint: 10136212 ns, Total: 10263412 ns
[22.549s][info ][safepoint      ] Safepoint "ICBufferFull", Time since last: 223465977 ns, Reaching safepoint: 124500 ns, At safepoint: 31600 ns, Total: 156100 ns
[22.552s][info ][safepoint      ] Safepoint "ICBufferFull", Time since last: 2653604 ns, Reaching safepoint: 63200 ns, At safepoint: 25900 ns, Total: 89100 ns
[22.569s][info ][gc,start       ] GC(57) Pause Young (Allocation Failure)
[22.581s][debug][gc,phases      ] GC(57) Scavenge 11.408ms
[22.581s][debug][gc,ref         ] GC(57) Skipped phase 1 of Reference Processing: no references
[22.581s][debug][gc,ref         ] GC(57) ReferenceProcessor::execute queues: 1, RefProcThreadModel::Single, marks_oops_alive: false
[22.581s][debug][gc,ref         ] GC(57) Skipped phase 3 of Reference Processing: no references
[22.581s][debug][gc,ref         ] GC(57) ReferenceProcessor::execute queues: 1, RefProcThreadModel::Single, marks_oops_alive: false
[22.581s][debug][gc,phases      ] GC(57) Reference Processing 0.083ms
[22.581s][debug][gc,phases      ] GC(57)   VM Weak                        Min:  0.0, Avg:  0.0, Max:  0.0, Diff:  0.0, Sum:  0.0, Workers: 4
[22.581s][debug][gc,phases      ] GC(57)     Dead                           Min: 0, Avg:  0.0, Max: 0, Diff: 0, Sum: 0, Workers: 4
[22.581s][debug][gc,phases      ] GC(57)     Total                          Min: 0, Avg: 147.5, Max: 398, Diff: 398, Sum: 590, Workers: 4
[22.581s][debug][gc,phases      ] GC(57)   ObjectSynchronizer Weak        Min:  0.0, Avg:  0.0, Max:  0.0, Diff:  0.0, Sum:  0.0, Workers: 4
[22.581s][debug][gc,phases      ] GC(57)     Dead                           Min: 0, Avg:  0.0, Max: 0, Diff: 0, Sum: 0, Workers: 4
[22.581s][debug][gc,phases      ] GC(57)     Total                          Min: 0, Avg: 89.2, Max: 192, Diff: 192, Sum: 357, Workers: 4
[22.581s][debug][gc,phases      ] GC(57)   JVMTI Tag Weak OopStorage      Min:  0.0, Avg:  0.0, Max:  0.0, Diff:  0.0, Sum:  0.0, Workers: 4
[22.581s][debug][gc,phases      ] GC(57)     Dead                           Min: 0, Avg:  0.0, Max: 0, Diff: 0, Sum: 0, Workers: 4
[22.581s][debug][gc,phases      ] GC(57)     Total                          Min: 0, Avg:  0.0, Max: 0, Diff: 0, Sum: 0, Workers: 4
[22.581s][debug][gc,phases      ] GC(57)   StringTable Weak               Min:  0.1, Avg:  0.1, Max:  0.1, Diff:  0.0, Sum:  0.4, Workers: 4
[22.581s][debug][gc,phases      ] GC(57)     Dead                           Min: 0, Avg:  0.0, Max: 0, Diff: 0, Sum: 0, Workers: 4
[22.581s][debug][gc,phases      ] GC(57)     Total                          Min: 8960, Avg: 10705.8, Max: 14610, Diff: 5650, Sum: 42823, Workers: 4
[22.581s][debug][gc,phases      ] GC(57)   ResolvedMethodTable Weak       Min:  0.0, Avg:  0.0, Max:  0.0, Diff:  0.0, Sum:  0.1, Workers: 4
[22.581s][debug][gc,phases      ] GC(57)     Dead                           Min: 0, Avg:  0.0, Max: 0, Diff: 0, Sum: 0, Workers: 4
[22.581s][debug][gc,phases      ] GC(57)     Total                          Min: 1472, Avg: 1787.5, Max: 2543, Diff: 1071, Sum: 7150, Workers: 4
[22.581s][debug][gc,phases      ] GC(57)   JNI Weak                       Min:  0.0, Avg:  0.0, Max:  0.0, Diff:  0.0, Sum:  0.0, Workers: 4
[22.581s][debug][gc,phases      ] GC(57)     Dead                           Min: 0, Avg:  0.0, Max: 0, Diff: 0, Sum: 0, Workers: 4
[22.581s][debug][gc,phases      ] GC(57)     Total                          Min: 0, Avg:  0.2, Max: 1, Diff: 1, Sum: 1, Workers: 4
[22.581s][debug][gc,phases      ] GC(57)   StringDedup Table Weak         Min:  0.0, Avg:  0.0, Max:  0.0, Diff:  0.0, Sum:  0.0, Workers: 4
[22.581s][debug][gc,phases      ] GC(57)     Dead                           Min: 0, Avg:  0.0, Max: 0, Diff: 0, Sum: 0, Workers: 4
[22.581s][debug][gc,phases      ] GC(57)     Total                          Min: 0, Avg:  0.0, Max: 0, Diff: 0, Sum: 0, Workers: 4
[22.581s][debug][gc,phases      ] GC(57)   StringDedup Requests0 Weak     Min:  0.0, Avg:  0.0, Max:  0.0, Diff:  0.0, Sum:  0.0, Workers: 4
[22.581s][debug][gc,phases      ] GC(57)     Dead                           Min: 0, Avg:  0.0, Max: 0, Diff: 0, Sum: 0, Workers: 4
[22.581s][debug][gc,phases      ] GC(57)     Total                          Min: 0, Avg:  0.0, Max: 0, Diff: 0, Sum: 0, Workers: 4
[22.581s][debug][gc,phases      ] GC(57)   StringDedup Requests1 Weak     Min:  0.0, Avg:  0.0, Max:  0.0, Diff:  0.0, Sum:  0.0, Workers: 4
[22.581s][debug][gc,phases      ] GC(57)     Dead                           Min: 0, Avg:  0.0, Max: 0, Diff: 0, Sum: 0, Workers: 4
[22.581s][debug][gc,phases      ] GC(57)     Total                          Min: 0, Avg:  0.0, Max: 0, Diff: 0, Sum: 0, Workers: 4
[22.581s][debug][gc,phases      ] GC(57)   Weak JFR Old Object Samples    Min:  0.0, Avg:  0.0, Max:  0.0, Diff:  0.0, Sum:  0.0, Workers: 4
[22.581s][debug][gc,phases      ] GC(57)     Dead                           Min: 0, Avg:  0.0, Max: 0, Diff: 0, Sum: 0, Workers: 4
[22.581s][debug][gc,phases      ] GC(57)     Total                          Min: 0, Avg:  0.0, Max: 0, Diff: 0, Sum: 0, Workers: 4
[22.581s][debug][gc,phases      ] GC(57) Weak Processing 0.260ms
[22.581s][debug][gc,age         ] GC(57) Desired survivor size 270008320 bytes, new threshold 15 (max threshold 15)
[22.581s][info ][gc,heap        ] GC(57) PSYoungGen: 1556848K(1818112K)->37792K(1802240K) Eden: 1523200K(1523200K)->0K(1523200K) From: 33648K(294912K)->37792K(279040K)
[22.581s][info ][gc,heap        ] GC(57) ParOldGen: 509627K(622592K)->509627K(622592K)
[22.581s][info ][gc,metaspace   ] GC(57) Metaspace: 68327K(69056K)->68327K(69056K) NonClass: 58371K(58752K)->58371K(58752K) Class: 9955K(10304K)->9955K(10304K)
[22.581s][info ][gc             ] GC(57) Pause Young (Allocation Failure) 2018M->534M(2368M) 11.843ms
[22.581s][info ][gc,cpu         ] GC(57) User=0.05s Sys=0.00s Real=0.01s
[22.581s][info ][safepoint      ] Safepoint "ParallelGCFailedAllocation", Time since last: 17587021 ns, Reaching safepoint: 115001 ns, At safepoint: 11941114 ns, Total: 12056115 ns
[22.698s][info ][safepoint      ] Safepoint "ICBufferFull", Time since last: 116985645 ns, Reaching safepoint: 127100 ns, At safepoint: 25100 ns, Total: 152200 ns
[22.699s][info ][safepoint      ] Safepoint "ICBufferFull", Time since last: 1034602 ns, Reaching safepoint: 113900 ns, At safepoint: 25600 ns, Total: 139500 ns
[22.701s][info ][safepoint      ] Safepoint "ICBufferFull", Time since last: 1094901 ns, Reaching safepoint: 115800 ns, At safepoint: 21600 ns, Total: 137400 ns
[22.702s][info ][safepoint      ] Safepoint "ICBufferFull", Time since last: 931002 ns, Reaching safepoint: 110100 ns, At safepoint: 20500 ns, Total: 130600 ns
[22.722s][info ][safepoint      ] Safepoint "ICBufferFull", Time since last: 20334125 ns, Reaching safepoint: 136200 ns, At safepoint: 22500 ns, Total: 158700 ns
[22.723s][info ][safepoint      ] Safepoint "ICBufferFull", Time since last: 952801 ns, Reaching safepoint: 100100 ns, At safepoint: 21200 ns, Total: 121300 ns
[22.725s][info ][safepoint      ] Safepoint "ICBufferFull", Time since last: 1074102 ns, Reaching safepoint: 105300 ns, At safepoint: 20000 ns, Total: 125300 ns
[22.726s][info ][safepoint      ] Safepoint "ICBufferFull", Time since last: 945601 ns, Reaching safepoint: 103800 ns, At safepoint: 20000 ns, Total: 123800 ns
[22.729s][info ][safepoint      ] Safepoint "ICBufferFull", Time since last: 955801 ns, Reaching safepoint: 2106803 ns, At safepoint: 20400 ns, Total: 2127203 ns
[22.730s][info ][safepoint      ] Safepoint "ICBufferFull", Time since last: 940101 ns, Reaching safepoint: 572401 ns, At safepoint: 22200 ns, Total: 594601 ns
[22.732s][info ][safepoint      ] Safepoint "ICBufferFull", Time since last: 973201 ns, Reaching safepoint: 1140402 ns, At safepoint: 38000 ns, Total: 1178402 ns
[22.830s][info ][safepoint      ] Safepoint "ICBufferFull", Time since last: 96979320 ns, Reaching safepoint: 132600 ns, At safepoint: 15600 ns, Total: 148200 ns
[22.830s][info ][gc,start       ] GC(58) Pause Young (Allocation Failure)
[22.842s][debug][gc,phases      ] GC(58) Scavenge 12.072ms
[22.842s][debug][gc,ref         ] GC(58) Skipped phase 1 of Reference Processing: no references
[22.842s][debug][gc,ref         ] GC(58) ReferenceProcessor::execute queues: 1, RefProcThreadModel::Single, marks_oops_alive: false
[22.842s][debug][gc,ref         ] GC(58) Skipped phase 3 of Reference Processing: no references
[22.842s][debug][gc,ref         ] GC(58) ReferenceProcessor::execute queues: 1, RefProcThreadModel::Single, marks_oops_alive: false
[22.842s][debug][gc,phases      ] GC(58) Reference Processing 0.081ms
[22.842s][debug][gc,phases      ] GC(58)   VM Weak                        Min:  0.0, Avg:  0.0, Max:  0.0, Diff:  0.0, Sum:  0.0, Workers: 4
[22.842s][debug][gc,phases      ] GC(58)     Dead                           Min: 0, Avg:  0.0, Max: 0, Diff: 0, Sum: 0, Workers: 4
[22.842s][debug][gc,phases      ] GC(58)     Total                          Min: 0, Avg: 147.5, Max: 526, Diff: 526, Sum: 590, Workers: 4
[22.842s][debug][gc,phases      ] GC(58)   ObjectSynchronizer Weak        Min:  0.0, Avg:  0.0, Max:  0.0, Diff:  0.0, Sum:  0.0, Workers: 4
[22.842s][debug][gc,phases      ] GC(58)     Dead                           Min: 0, Avg:  0.0, Max: 0, Diff: 0, Sum: 0, Workers: 4
[22.842s][debug][gc,phases      ] GC(58)     Total                          Min: 0, Avg: 89.2, Max: 229, Diff: 229, Sum: 357, Workers: 4
[22.842s][debug][gc,phases      ] GC(58)   JVMTI Tag Weak OopStorage      Min:  0.0, Avg:  0.0, Max:  0.0, Diff:  0.0, Sum:  0.0, Workers: 4
[22.842s][debug][gc,phases      ] GC(58)     Dead                           Min: 0, Avg:  0.0, Max: 0, Diff: 0, Sum: 0, Workers: 4
[22.842s][debug][gc,phases      ] GC(58)     Total                          Min: 0, Avg:  0.0, Max: 0, Diff: 0, Sum: 0, Workers: 4
[22.842s][debug][gc,phases      ] GC(58)   StringTable Weak               Min:  0.1, Avg:  0.1, Max:  0.1, Diff:  0.0, Sum:  0.3, Workers: 4
[22.842s][debug][gc,phases      ] GC(58)     Dead                           Min: 0, Avg:  2.8, Max: 11, Diff: 11, Sum: 11, Workers: 4
[22.842s][debug][gc,phases      ] GC(58)     Total                          Min: 7872, Avg: 10707.5, Max: 13326, Diff: 5454, Sum: 42830, Workers: 4
[22.842s][debug][gc,phases      ] GC(58)   ResolvedMethodTable Weak       Min:  0.0, Avg:  0.0, Max:  0.0, Diff:  0.0, Sum:  0.1, Workers: 4
[22.842s][debug][gc,phases      ] GC(58)     Dead                           Min: 0, Avg:  0.0, Max: 0, Diff: 0, Sum: 0, Workers: 4
[22.842s][debug][gc,phases      ] GC(58)     Total                          Min: 1455, Avg: 1787.5, Max: 2176, Diff: 721, Sum: 7150, Workers: 4
[22.842s][debug][gc,phases      ] GC(58)   JNI Weak                       Min:  0.0, Avg:  0.0, Max:  0.0, Diff:  0.0, Sum:  0.0, Workers: 4
[22.842s][debug][gc,phases      ] GC(58)     Dead                           Min: 0, Avg:  0.0, Max: 0, Diff: 0, Sum: 0, Workers: 4
[22.842s][debug][gc,phases      ] GC(58)     Total                          Min: 0, Avg:  0.0, Max: 0, Diff: 0, Sum: 0, Workers: 4
[22.842s][debug][gc,phases      ] GC(58)   StringDedup Table Weak         Min:  0.0, Avg:  0.0, Max:  0.0, Diff:  0.0, Sum:  0.0, Workers: 4
[22.842s][debug][gc,phases      ] GC(58)     Dead                           Min: 0, Avg:  0.0, Max: 0, Diff: 0, Sum: 0, Workers: 4
[22.842s][debug][gc,phases      ] GC(58)     Total                          Min: 0, Avg:  0.0, Max: 0, Diff: 0, Sum: 0, Workers: 4
[22.842s][debug][gc,phases      ] GC(58)   StringDedup Requests0 Weak     Min:  0.0, Avg:  0.0, Max:  0.0, Diff:  0.0, Sum:  0.0, Workers: 4
[22.842s][debug][gc,phases      ] GC(58)     Dead                           Min: 0, Avg:  0.0, Max: 0, Diff: 0, Sum: 0, Workers: 4
[22.842s][debug][gc,phases      ] GC(58)     Total                          Min: 0, Avg:  0.0, Max: 0, Diff: 0, Sum: 0, Workers: 4
[22.842s][debug][gc,phases      ] GC(58)   StringDedup Requests1 Weak     Min:  0.0, Avg:  0.0, Max:  0.0, Diff:  0.0, Sum:  0.0, Workers: 4
[22.842s][debug][gc,phases      ] GC(58)     Dead                           Min: 0, Avg:  0.0, Max: 0, Diff: 0, Sum: 0, Workers: 4
[22.842s][debug][gc,phases      ] GC(58)     Total                          Min: 0, Avg:  0.0, Max: 0, Diff: 0, Sum: 0, Workers: 4
[22.842s][debug][gc,phases      ] GC(58)   Weak JFR Old Object Samples    Min:  0.0, Avg:  0.0, Max:  0.0, Diff:  0.0, Sum:  0.0, Workers: 4
[22.842s][debug][gc,phases      ] GC(58)     Dead                           Min: 0, Avg:  0.0, Max: 0, Diff: 0, Sum: 0, Workers: 4
[22.842s][debug][gc,phases      ] GC(58)     Total                          Min: 0, Avg:  0.0, Max: 0, Diff: 0, Sum: 0, Workers: 4
[22.842s][debug][gc,phases      ] GC(58) Weak Processing 0.265ms
[22.842s][debug][gc,age         ] GC(58) Desired survivor size 253231104 bytes, new threshold 15 (max threshold 15)
[22.842s][info ][gc,heap        ] GC(58) PSYoungGen: 1560992K(1802240K)->42672K(1849856K) Eden: 1523200K(1523200K)->0K(1586176K) From: 37792K(279040K)->42672K(263680K)
[22.842s][info ][gc,heap        ] GC(58) ParOldGen: 509627K(622592K)->509627K(622592K)
[22.842s][info ][gc,metaspace   ] GC(58) Metaspace: 68333K(69056K)->68333K(69056K) NonClass: 58378K(58752K)->58378K(58752K) Class: 9955K(10304K)->9955K(10304K)
[22.842s][info ][gc             ] GC(58) Pause Young (Allocation Failure) 2022M->539M(2414M) 12.497ms
[22.842s][info ][gc,cpu         ] GC(58) User=0.04s Sys=0.01s Real=0.02s
[22.842s][info ][safepoint      ] Safepoint "ParallelGCFailedAllocation", Time since last: 66400 ns, Reaching safepoint: 92400 ns, At safepoint: 12574616 ns, Total: 12667016 ns
[23.085s][info ][gc,start       ] GC(59) Pause Young (Allocation Failure)
[23.099s][debug][gc,phases      ] GC(59) Scavenge 14.102ms
[23.100s][debug][gc,ref         ] GC(59) Skipped phase 1 of Reference Processing: no references
[23.100s][debug][gc,ref         ] GC(59) ReferenceProcessor::execute queues: 1, RefProcThreadModel::Single, marks_oops_alive: false
[23.100s][debug][gc,ref         ] GC(59) Skipped phase 3 of Reference Processing: no references
[23.100s][debug][gc,ref         ] GC(59) ReferenceProcessor::execute queues: 1, RefProcThreadModel::Single, marks_oops_alive: false
[23.100s][debug][gc,phases      ] GC(59) Reference Processing 0.094ms
[23.100s][debug][gc,phases      ] GC(59)   VM Weak                        Min:  0.0, Avg:  0.0, Max:  0.0, Diff:  0.0, Sum:  0.0, Workers: 4
[23.100s][debug][gc,phases      ] GC(59)     Dead                           Min: 0, Avg:  0.0, Max: 0, Diff: 0, Sum: 0, Workers: 4
[23.100s][debug][gc,phases      ] GC(59)     Total                          Min: 0, Avg: 147.5, Max: 590, Diff: 590, Sum: 590, Workers: 4
[23.100s][debug][gc,phases      ] GC(59)   ObjectSynchronizer Weak        Min:  0.0, Avg:  0.0, Max:  0.0, Diff:  0.0, Sum:  0.0, Workers: 4
[23.100s][debug][gc,phases      ] GC(59)     Dead                           Min: 0, Avg:  0.0, Max: 0, Diff: 0, Sum: 0, Workers: 4
[23.100s][debug][gc,phases      ] GC(59)     Total                          Min: 0, Avg: 89.2, Max: 357, Diff: 357, Sum: 357, Workers: 4
[23.100s][debug][gc,phases      ] GC(59)   JVMTI Tag Weak OopStorage      Min:  0.0, Avg:  0.0, Max:  0.0, Diff:  0.0, Sum:  0.0, Workers: 4
[23.100s][debug][gc,phases      ] GC(59)     Dead                           Min: 0, Avg:  0.0, Max: 0, Diff: 0, Sum: 0, Workers: 4
[23.100s][debug][gc,phases      ] GC(59)     Total                          Min: 0, Avg:  0.0, Max: 0, Diff: 0, Sum: 0, Workers: 4
[23.100s][debug][gc,phases      ] GC(59)   StringTable Weak               Min:  0.1, Avg:  0.1, Max:  0.1, Diff:  0.0, Sum:  0.4, Workers: 4
[23.100s][debug][gc,phases      ] GC(59)     Dead                           Min: 0, Avg:  0.0, Max: 0, Diff: 0, Sum: 0, Workers: 4
[23.100s][debug][gc,phases      ] GC(59)     Total                          Min: 10240, Avg: 10708.2, Max: 11072, Diff: 832, Sum: 42833, Workers: 4
[23.100s][debug][gc,phases      ] GC(59)   ResolvedMethodTable Weak       Min:  0.0, Avg:  0.0, Max:  0.0, Diff:  0.0, Sum:  0.1, Workers: 4
[23.100s][debug][gc,phases      ] GC(59)     Dead                           Min: 0, Avg:  0.0, Max: 0, Diff: 0, Sum: 0, Workers: 4
[23.100s][debug][gc,phases      ] GC(59)     Total                          Min: 1711, Avg: 1787.5, Max: 1920, Diff: 209, Sum: 7150, Workers: 4
[23.100s][debug][gc,phases      ] GC(59)   JNI Weak                       Min:  0.0, Avg:  0.0, Max:  0.0, Diff:  0.0, Sum:  0.0, Workers: 4
[23.100s][debug][gc,phases      ] GC(59)     Dead                           Min: 0, Avg:  0.0, Max: 0, Diff: 0, Sum: 0, Workers: 4
[23.100s][debug][gc,phases      ] GC(59)     Total                          Min: 0, Avg:  0.0, Max: 0, Diff: 0, Sum: 0, Workers: 4
[23.100s][debug][gc,phases      ] GC(59)   StringDedup Table Weak         Min:  0.0, Avg:  0.0, Max:  0.0, Diff:  0.0, Sum:  0.0, Workers: 4
[23.100s][debug][gc,phases      ] GC(59)     Dead                           Min: 0, Avg:  0.0, Max: 0, Diff: 0, Sum: 0, Workers: 4
[23.100s][debug][gc,phases      ] GC(59)     Total                          Min: 0, Avg:  0.0, Max: 0, Diff: 0, Sum: 0, Workers: 4
[23.100s][debug][gc,phases      ] GC(59)   StringDedup Requests0 Weak     Min:  0.0, Avg:  0.0, Max:  0.0, Diff:  0.0, Sum:  0.0, Workers: 4
[23.100s][debug][gc,phases      ] GC(59)     Dead                           Min: 0, Avg:  0.0, Max: 0, Diff: 0, Sum: 0, Workers: 4
[23.100s][debug][gc,phases      ] GC(59)     Total                          Min: 0, Avg:  0.0, Max: 0, Diff: 0, Sum: 0, Workers: 4
[23.100s][debug][gc,phases      ] GC(59)   StringDedup Requests1 Weak     Min:  0.0, Avg:  0.0, Max:  0.0, Diff:  0.0, Sum:  0.0, Workers: 4
[23.100s][debug][gc,phases      ] GC(59)     Dead                           Min: 0, Avg:  0.0, Max: 0, Diff: 0, Sum: 0, Workers: 4
[23.100s][debug][gc,phases      ] GC(59)     Total                          Min: 0, Avg:  0.0, Max: 0, Diff: 0, Sum: 0, Workers: 4
[23.100s][debug][gc,phases      ] GC(59)   Weak JFR Old Object Samples    Min:  0.0, Avg:  0.0, Max:  0.0, Diff:  0.0, Sum:  0.0, Workers: 4
[23.100s][debug][gc,phases      ] GC(59)     Dead                           Min: 0, Avg:  0.0, Max: 0, Diff: 0, Sum: 0, Workers: 4
[23.100s][debug][gc,phases      ] GC(59)     Total                          Min: 0, Avg:  0.0, Max: 0, Diff: 0, Sum: 0, Workers: 4
[23.100s][debug][gc,phases      ] GC(59) Weak Processing 0.287ms
[23.100s][debug][gc,age         ] GC(59) Desired survivor size 237502464 bytes, new threshold 15 (max threshold 15)
[23.100s][info ][gc,heap        ] GC(59) PSYoungGen: 1628848K(1849856K)->45328K(1833472K) Eden: 1586176K(1586176K)->0K(1586176K) From: 42672K(263680K)->45328K(247296K)
[23.100s][info ][gc,heap        ] GC(59) ParOldGen: 509627K(622592K)->509627K(622592K)
[23.100s][info ][gc,metaspace   ] GC(59) Metaspace: 68335K(69056K)->68335K(69056K) NonClass: 58380K(58752K)->58380K(58752K) Class: 9955K(10304K)->9955K(10304K)
[23.100s][info ][gc             ] GC(59) Pause Young (Allocation Failure) 2088M->541M(2398M) 14.579ms
[23.100s][info ][gc,cpu         ] GC(59) User=0.06s Sys=0.00s Real=0.01s
[23.100s][info ][safepoint      ] Safepoint "ParallelGCFailedAllocation", Time since last: 242949500 ns, Reaching safepoint: 125001 ns, At safepoint: 14680518 ns, Total: 14805519 ns
[23.346s][info ][gc,start       ] GC(60) Pause Young (Allocation Failure)
[23.360s][debug][gc,phases      ] GC(60) Scavenge 13.774ms
[23.360s][debug][gc,ref         ] GC(60) Skipped phase 1 of Reference Processing: no references
[23.360s][debug][gc,ref         ] GC(60) ReferenceProcessor::execute queues: 1, RefProcThreadModel::Single, marks_oops_alive: false
[23.360s][debug][gc,ref         ] GC(60) Skipped phase 3 of Reference Processing: no references
[23.360s][debug][gc,ref         ] GC(60) ReferenceProcessor::execute queues: 1, RefProcThreadModel::Single, marks_oops_alive: false
[23.360s][debug][gc,phases      ] GC(60) Reference Processing 0.082ms
[23.360s][debug][gc,phases      ] GC(60)   VM Weak                        Min:  0.0, Avg:  0.0, Max:  0.0, Diff:  0.0, Sum:  0.0, Workers: 4
[23.360s][debug][gc,phases      ] GC(60)     Dead                           Min: 0, Avg:  0.0, Max: 0, Diff: 0, Sum: 0, Workers: 4
[23.360s][debug][gc,phases      ] GC(60)     Total                          Min: 0, Avg: 147.5, Max: 590, Diff: 590, Sum: 590, Workers: 4
[23.360s][debug][gc,phases      ] GC(60)   ObjectSynchronizer Weak        Min:  0.0, Avg:  0.0, Max:  0.0, Diff:  0.0, Sum:  0.0, Workers: 4
[23.360s][debug][gc,phases      ] GC(60)     Dead                           Min: 0, Avg:  0.0, Max: 0, Diff: 0, Sum: 0, Workers: 4
[23.360s][debug][gc,phases      ] GC(60)     Total                          Min: 0, Avg: 89.2, Max: 357, Diff: 357, Sum: 357, Workers: 4
[23.360s][debug][gc,phases      ] GC(60)   JVMTI Tag Weak OopStorage      Min:  0.0, Avg:  0.0, Max:  0.0, Diff:  0.0, Sum:  0.0, Workers: 4
[23.360s][debug][gc,phases      ] GC(60)     Dead                           Min: 0, Avg:  0.0, Max: 0, Diff: 0, Sum: 0, Workers: 4
[23.360s][debug][gc,phases      ] GC(60)     Total                          Min: 0, Avg:  0.0, Max: 0, Diff: 0, Sum: 0, Workers: 4
[23.360s][debug][gc,phases      ] GC(60)   StringTable Weak               Min:  0.1, Avg:  0.1, Max:  0.1, Diff:  0.0, Sum:  0.3, Workers: 4
[23.360s][debug][gc,phases      ] GC(60)     Dead                           Min: 0, Avg:  2.8, Max: 11, Diff: 11, Sum: 11, Workers: 4
[23.360s][debug][gc,phases      ] GC(60)     Total                          Min: 8384, Avg: 10708.2, Max: 13120, Diff: 4736, Sum: 42833, Workers: 4
[23.360s][debug][gc,phases      ] GC(60)   ResolvedMethodTable Weak       Min:  0.0, Avg:  0.0, Max:  0.0, Diff:  0.0, Sum:  0.1, Workers: 4
[23.360s][debug][gc,phases      ] GC(60)     Dead                           Min: 0, Avg:  0.0, Max: 0, Diff: 0, Sum: 0, Workers: 4
[23.360s][debug][gc,phases      ] GC(60)     Total                          Min: 1519, Avg: 1787.5, Max: 2112, Diff: 593, Sum: 7150, Workers: 4
[23.360s][debug][gc,phases      ] GC(60)   JNI Weak                       Min:  0.0, Avg:  0.0, Max:  0.0, Diff:  0.0, Sum:  0.0, Workers: 4
[23.360s][debug][gc,phases      ] GC(60)     Dead                           Min: 0, Avg:  0.0, Max: 0, Diff: 0, Sum: 0, Workers: 4
[23.360s][debug][gc,phases      ] GC(60)     Total                          Min: 0, Avg:  0.0, Max: 0, Diff: 0, Sum: 0, Workers: 4
[23.360s][debug][gc,phases      ] GC(60)   StringDedup Table Weak         Min:  0.0, Avg:  0.0, Max:  0.0, Diff:  0.0, Sum:  0.0, Workers: 4
[23.360s][debug][gc,phases      ] GC(60)     Dead                           Min: 0, Avg:  0.0, Max: 0, Diff: 0, Sum: 0, Workers: 4
[23.360s][debug][gc,phases      ] GC(60)     Total                          Min: 0, Avg:  0.0, Max: 0, Diff: 0, Sum: 0, Workers: 4
[23.360s][debug][gc,phases      ] GC(60)   StringDedup Requests0 Weak     Min:  0.0, Avg:  0.0, Max:  0.0, Diff:  0.0, Sum:  0.0, Workers: 4
[23.360s][debug][gc,phases      ] GC(60)     Dead                           Min: 0, Avg:  0.0, Max: 0, Diff: 0, Sum: 0, Workers: 4
[23.360s][debug][gc,phases      ] GC(60)     Total                          Min: 0, Avg:  0.0, Max: 0, Diff: 0, Sum: 0, Workers: 4
[23.360s][debug][gc,phases      ] GC(60)   StringDedup Requests1 Weak     Min:  0.0, Avg:  0.0, Max:  0.0, Diff:  0.0, Sum:  0.0, Workers: 4
[23.360s][debug][gc,phases      ] GC(60)     Dead                           Min: 0, Avg:  0.0, Max: 0, Diff: 0, Sum: 0, Workers: 4
[23.360s][debug][gc,phases      ] GC(60)     Total                          Min: 0, Avg:  0.0, Max: 0, Diff: 0, Sum: 0, Workers: 4
[23.360s][debug][gc,phases      ] GC(60)   Weak JFR Old Object Samples    Min:  0.0, Avg:  0.0, Max:  0.0, Diff:  0.0, Sum:  0.0, Workers: 4
[23.360s][debug][gc,phases      ] GC(60)     Dead                           Min: 0, Avg:  0.0, Max: 0, Diff: 0, Sum: 0, Workers: 4
[23.360s][debug][gc,phases      ] GC(60)     Total                          Min: 0, Avg:  0.0, Max: 0, Diff: 0, Sum: 0, Workers: 4
[23.360s][debug][gc,phases      ] GC(60) Weak Processing 0.234ms
[23.360s][debug][gc,age         ] GC(60) Desired survivor size 222298112 bytes, new threshold 15 (max threshold 15)
[23.360s][info ][gc,heap        ] GC(60) PSYoungGen: 1631504K(1833472K)->48265K(1880064K) Eden: 1586176K(1586176K)->0K(1648128K) From: 45328K(247296K)->48265K(231936K)
[23.360s][info ][gc,heap        ] GC(60) ParOldGen: 509627K(622592K)->509627K(622592K)
[23.360s][info ][gc,metaspace   ] GC(60) Metaspace: 68343K(69056K)->68343K(69056K) NonClass: 58387K(58752K)->58387K(58752K) Class: 9955K(10304K)->9955K(10304K)
[23.360s][info ][gc             ] GC(60) Pause Young (Allocation Failure) 2090M->544M(2444M) 14.189ms
[23.360s][info ][gc,cpu         ] GC(60) User=0.05s Sys=0.00s Real=0.01s
[23.360s][info ][safepoint      ] Safepoint "ParallelGCFailedAllocation", Time since last: 245792204 ns, Reaching safepoint: 115800 ns, At safepoint: 14272518 ns, Total: 14388318 ns
[23.472s][info ][safepoint      ] Safepoint "ICBufferFull", Time since last: 111307538 ns, Reaching safepoint: 117100 ns, At safepoint: 26400 ns, Total: 143500 ns
[23.473s][info ][safepoint      ] Safepoint "ICBufferFull", Time since last: 1134401 ns, Reaching safepoint: 106800 ns, At safepoint: 22100 ns, Total: 128900 ns
[23.602s][info ][safepoint      ] Safepoint "ICBufferFull", Time since last: 128540360 ns, Reaching safepoint: 267700 ns, At safepoint: 28200 ns, Total: 295900 ns
[23.634s][info ][gc,start       ] GC(61) Pause Young (Allocation Failure)
[23.646s][debug][gc,phases      ] GC(61) Scavenge 11.978ms
[23.646s][debug][gc,ref         ] GC(61) Skipped phase 1 of Reference Processing: no references
[23.646s][debug][gc,ref         ] GC(61) ReferenceProcessor::execute queues: 1, RefProcThreadModel::Single, marks_oops_alive: false
[23.646s][debug][gc,ref         ] GC(61) Skipped phase 3 of Reference Processing: no references
[23.646s][debug][gc,ref         ] GC(61) ReferenceProcessor::execute queues: 1, RefProcThreadModel::Single, marks_oops_alive: false
[23.646s][debug][gc,phases      ] GC(61) Reference Processing 0.093ms
[23.646s][debug][gc,phases      ] GC(61)   VM Weak                        Min:  0.0, Avg:  0.0, Max:  0.0, Diff:  0.0, Sum:  0.0, Workers: 4
[23.646s][debug][gc,phases      ] GC(61)     Dead                           Min: 0, Avg:  0.0, Max: 0, Diff: 0, Sum: 0, Workers: 4
[23.646s][debug][gc,phases      ] GC(61)     Total                          Min: 0, Avg: 147.5, Max: 462, Diff: 462, Sum: 590, Workers: 4
[23.646s][debug][gc,phases      ] GC(61)   ObjectSynchronizer Weak        Min:  0.0, Avg:  0.0, Max:  0.0, Diff:  0.0, Sum:  0.0, Workers: 4
[23.646s][debug][gc,phases      ] GC(61)     Dead                           Min: 0, Avg:  0.0, Max: 0, Diff: 0, Sum: 0, Workers: 4
[23.646s][debug][gc,phases      ] GC(61)     Total                          Min: 0, Avg: 89.2, Max: 192, Diff: 192, Sum: 357, Workers: 4
[23.646s][debug][gc,phases      ] GC(61)   JVMTI Tag Weak OopStorage      Min:  0.0, Avg:  0.0, Max:  0.0, Diff:  0.0, Sum:  0.0, Workers: 4
[23.646s][debug][gc,phases      ] GC(61)     Dead                           Min: 0, Avg:  0.0, Max: 0, Diff: 0, Sum: 0, Workers: 4
[23.646s][debug][gc,phases      ] GC(61)     Total                          Min: 0, Avg:  0.0, Max: 0, Diff: 0, Sum: 0, Workers: 4
[23.646s][debug][gc,phases      ] GC(61)   StringTable Weak               Min:  0.1, Avg:  0.1, Max:  0.1, Diff:  0.0, Sum:  0.3, Workers: 4
[23.646s][debug][gc,phases      ] GC(61)     Dead                           Min: 0, Avg:  2.8, Max: 11, Diff: 11, Sum: 11, Workers: 4
[23.646s][debug][gc,phases      ] GC(61)     Total                          Min: 10368, Avg: 10712.8, Max: 11235, Diff: 867, Sum: 42851, Workers: 4
[23.646s][debug][gc,phases      ] GC(61)   ResolvedMethodTable Weak       Min:  0.0, Avg:  0.0, Max:  0.0, Diff:  0.0, Sum:  0.0, Workers: 4
[23.646s][debug][gc,phases      ] GC(61)     Dead                           Min: 0, Avg:  0.0, Max: 0, Diff: 0, Sum: 0, Workers: 4
[23.646s][debug][gc,phases      ] GC(61)     Total                          Min: 1600, Avg: 1787.5, Max: 2048, Diff: 448, Sum: 7150, Workers: 4
[23.646s][debug][gc,phases      ] GC(61)   JNI Weak                       Min:  0.0, Avg:  0.0, Max:  0.0, Diff:  0.0, Sum:  0.0, Workers: 4
[23.646s][debug][gc,phases      ] GC(61)     Dead                           Min: 0, Avg:  0.0, Max: 0, Diff: 0, Sum: 0, Workers: 4
[23.646s][debug][gc,phases      ] GC(61)     Total                          Min: 0, Avg:  0.2, Max: 1, Diff: 1, Sum: 1, Workers: 4
[23.646s][debug][gc,phases      ] GC(61)   StringDedup Table Weak         Min:  0.0, Avg:  0.0, Max:  0.0, Diff:  0.0, Sum:  0.0, Workers: 4
[23.646s][debug][gc,phases      ] GC(61)     Dead                           Min: 0, Avg:  0.0, Max: 0, Diff: 0, Sum: 0, Workers: 4
[23.646s][debug][gc,phases      ] GC(61)     Total                          Min: 0, Avg:  0.0, Max: 0, Diff: 0, Sum: 0, Workers: 4
[23.646s][debug][gc,phases      ] GC(61)   StringDedup Requests0 Weak     Min:  0.0, Avg:  0.0, Max:  0.0, Diff:  0.0, Sum:  0.0, Workers: 4
[23.646s][debug][gc,phases      ] GC(61)     Dead                           Min: 0, Avg:  0.0, Max: 0, Diff: 0, Sum: 0, Workers: 4
[23.646s][debug][gc,phases      ] GC(61)     Total                          Min: 0, Avg:  0.0, Max: 0, Diff: 0, Sum: 0, Workers: 4
[23.646s][debug][gc,phases      ] GC(61)   StringDedup Requests1 Weak     Min:  0.0, Avg:  0.0, Max:  0.0, Diff:  0.0, Sum:  0.0, Workers: 4
[23.646s][debug][gc,phases      ] GC(61)     Dead                           Min: 0, Avg:  0.0, Max: 0, Diff: 0, Sum: 0, Workers: 4
[23.646s][debug][gc,phases      ] GC(61)     Total                          Min: 0, Avg:  0.0, Max: 0, Diff: 0, Sum: 0, Workers: 4
[23.646s][debug][gc,phases      ] GC(61)   Weak JFR Old Object Samples    Min:  0.0, Avg:  0.0, Max:  0.0, Diff:  0.0, Sum:  0.0, Workers: 4
[23.646s][debug][gc,phases      ] GC(61)     Dead                           Min: 0, Avg:  0.0, Max: 0, Diff: 0, Sum: 0, Workers: 4
[23.646s][debug][gc,phases      ] GC(61)     Total                          Min: 0, Avg:  0.0, Max: 0, Diff: 0, Sum: 0, Workers: 4
[23.646s][debug][gc,phases      ] GC(61) Weak Processing 0.244ms
[23.646s][debug][gc,age         ] GC(61) Desired survivor size 208142336 bytes, new threshold 15 (max threshold 15)
[23.646s][info ][gc,heap        ] GC(61) PSYoungGen: 1696393K(1880064K)->51712K(1865216K) Eden: 1648128K(1648128K)->0K(1648128K) From: 48265K(231936K)->51712K(217088K)
[23.646s][info ][gc,heap        ] GC(61) ParOldGen: 509627K(622592K)->509635K(622592K)
[23.646s][info ][gc,metaspace   ] GC(61) Metaspace: 68358K(69120K)->68358K(69120K) NonClass: 58403K(58816K)->58403K(58816K) Class: 9955K(10304K)->9955K(10304K)
[23.646s][info ][gc             ] GC(61) Pause Young (Allocation Failure) 2154M->548M(2429M) 12.418ms
[23.646s][info ][gc,cpu         ] GC(61) User=0.06s Sys=0.00s Real=0.02s
[23.646s][info ][safepoint      ] Safepoint "ParallelGCFailedAllocation", Time since last: 32077440 ns, Reaching safepoint: 114300 ns, At safepoint: 12508215 ns, Total: 12622515 ns
[23.694s][info ][safepoint      ] Safepoint "ICBufferFull", Time since last: 46973458 ns, Reaching safepoint: 112501 ns, At safepoint: 22900 ns, Total: 135401 ns
[23.695s][info ][safepoint      ] Safepoint "ICBufferFull", Time since last: 1020301 ns, Reaching safepoint: 96300 ns, At safepoint: 23900 ns, Total: 120200 ns
[23.697s][info ][safepoint      ] Safepoint "ICBufferFull", Time since last: 2677103 ns, Reaching safepoint: 96200 ns, At safepoint: 21400 ns, Total: 117600 ns
[23.720s][info ][safepoint      ] Safepoint "ICBufferFull", Time since last: 22406628 ns, Reaching safepoint: 117500 ns, At safepoint: 22600 ns, Total: 140100 ns
[23.721s][info ][safepoint      ] Safepoint "ICBufferFull", Time since last: 1216002 ns, Reaching safepoint: 90200 ns, At safepoint: 23500 ns, Total: 113700 ns
[23.775s][info ][safepoint      ] Safepoint "ICBufferFull", Time since last: 53143066 ns, Reaching safepoint: 115100 ns, At safepoint: 46900 ns, Total: 162000 ns
[23.827s][info ][safepoint      ] Safepoint "ICBufferFull", Time since last: 52658365 ns, Reaching safepoint: 112800 ns, At safepoint: 24100 ns, Total: 136900 ns
[23.863s][info ][gc,start       ] GC(62) Pause Young (Allocation Failure)
[23.876s][debug][gc,phases      ] GC(62) Scavenge 13.005ms
[23.876s][debug][gc,ref         ] GC(62) Skipped phase 1 of Reference Processing: no references
[23.876s][debug][gc,ref         ] GC(62) ReferenceProcessor::execute queues: 1, RefProcThreadModel::Single, marks_oops_alive: false
[23.876s][debug][gc,ref         ] GC(62) Skipped phase 3 of Reference Processing: no references
[23.876s][debug][gc,ref         ] GC(62) ReferenceProcessor::execute queues: 1, RefProcThreadModel::Single, marks_oops_alive: false
[23.876s][debug][gc,phases      ] GC(62) Reference Processing 0.088ms
[23.876s][debug][gc,phases      ] GC(62)   VM Weak                        Min:  0.0, Avg:  0.0, Max:  0.0, Diff:  0.0, Sum:  0.0, Workers: 4
[23.876s][debug][gc,phases      ] GC(62)     Dead                           Min: 0, Avg:  0.0, Max: 0, Diff: 0, Sum: 0, Workers: 4
[23.876s][debug][gc,phases      ] GC(62)     Total                          Min: 0, Avg: 147.5, Max: 590, Diff: 590, Sum: 590, Workers: 4
[23.876s][debug][gc,phases      ] GC(62)   ObjectSynchronizer Weak        Min:  0.0, Avg:  0.0, Max:  0.0, Diff:  0.0, Sum:  0.0, Workers: 4
[23.876s][debug][gc,phases      ] GC(62)     Dead                           Min: 0, Avg:  0.0, Max: 0, Diff: 0, Sum: 0, Workers: 4
[23.876s][debug][gc,phases      ] GC(62)     Total                          Min: 0, Avg: 89.2, Max: 357, Diff: 357, Sum: 357, Workers: 4
[23.876s][debug][gc,phases      ] GC(62)   JVMTI Tag Weak OopStorage      Min:  0.0, Avg:  0.0, Max:  0.0, Diff:  0.0, Sum:  0.0, Workers: 4
[23.876s][debug][gc,phases      ] GC(62)     Dead                           Min: 0, Avg:  0.0, Max: 0, Diff: 0, Sum: 0, Workers: 4
[23.876s][debug][gc,phases      ] GC(62)     Total                          Min: 0, Avg:  0.0, Max: 0, Diff: 0, Sum: 0, Workers: 4
[23.876s][debug][gc,phases      ] GC(62)   StringTable Weak               Min:  0.1, Avg:  0.1, Max:  0.1, Diff:  0.0, Sum:  0.3, Workers: 4
[23.876s][debug][gc,phases      ] GC(62)     Dead                           Min: 0, Avg:  0.0, Max: 0, Diff: 0, Sum: 0, Workers: 4
[23.876s][debug][gc,phases      ] GC(62)     Total                          Min: 9728, Avg: 10714.0, Max: 12736, Diff: 3008, Sum: 42856, Workers: 4
[23.876s][debug][gc,phases      ] GC(62)   ResolvedMethodTable Weak       Min:  0.0, Avg:  0.0, Max:  0.0, Diff:  0.0, Sum:  0.0, Workers: 4
[23.876s][debug][gc,phases      ] GC(62)     Dead                           Min: 0, Avg:  0.0, Max: 0, Diff: 0, Sum: 0, Workers: 4
[23.876s][debug][gc,phases      ] GC(62)     Total                          Min: 1408, Avg: 1787.5, Max: 2031, Diff: 623, Sum: 7150, Workers: 4
[23.876s][debug][gc,phases      ] GC(62)   JNI Weak                       Min:  0.0, Avg:  0.0, Max:  0.0, Diff:  0.0, Sum:  0.0, Workers: 4
[23.876s][debug][gc,phases      ] GC(62)     Dead                           Min: 0, Avg:  0.0, Max: 0, Diff: 0, Sum: 0, Workers: 4
[23.876s][debug][gc,phases      ] GC(62)     Total                          Min: 0, Avg:  0.2, Max: 1, Diff: 1, Sum: 1, Workers: 4
[23.876s][debug][gc,phases      ] GC(62)   StringDedup Table Weak         Min:  0.0, Avg:  0.0, Max:  0.0, Diff:  0.0, Sum:  0.0, Workers: 4
[23.876s][debug][gc,phases      ] GC(62)     Dead                           Min: 0, Avg:  0.0, Max: 0, Diff: 0, Sum: 0, Workers: 4
[23.876s][debug][gc,phases      ] GC(62)     Total                          Min: 0, Avg:  0.0, Max: 0, Diff: 0, Sum: 0, Workers: 4
[23.876s][debug][gc,phases      ] GC(62)   StringDedup Requests0 Weak     Min:  0.0, Avg:  0.0, Max:  0.0, Diff:  0.0, Sum:  0.0, Workers: 4
[23.876s][debug][gc,phases      ] GC(62)     Dead                           Min: 0, Avg:  0.0, Max: 0, Diff: 0, Sum: 0, Workers: 4
[23.876s][debug][gc,phases      ] GC(62)     Total                          Min: 0, Avg:  0.0, Max: 0, Diff: 0, Sum: 0, Workers: 4
[23.876s][debug][gc,phases      ] GC(62)   StringDedup Requests1 Weak     Min:  0.0, Avg:  0.0, Max:  0.0, Diff:  0.0, Sum:  0.0, Workers: 4
[23.876s][debug][gc,phases      ] GC(62)     Dead                           Min: 0, Avg:  0.0, Max: 0, Diff: 0, Sum: 0, Workers: 4
[23.876s][debug][gc,phases      ] GC(62)     Total                          Min: 0, Avg:  0.0, Max: 0, Diff: 0, Sum: 0, Workers: 4
[23.876s][debug][gc,phases      ] GC(62)   Weak JFR Old Object Samples    Min:  0.0, Avg:  0.0, Max:  0.0, Diff:  0.0, Sum:  0.0, Workers: 4
[23.876s][debug][gc,phases      ] GC(62)     Dead                           Min: 0, Avg:  0.0, Max: 0, Diff: 0, Sum: 0, Workers: 4
[23.876s][debug][gc,phases      ] GC(62)     Total                          Min: 0, Avg:  0.0, Max: 0, Diff: 0, Sum: 0, Workers: 4
[23.876s][debug][gc,phases      ] GC(62) Weak Processing 0.246ms
[23.876s][debug][gc,age         ] GC(62) Desired survivor size 193986560 bytes, new threshold 15 (max threshold 15)
[23.876s][info ][gc,heap        ] GC(62) PSYoungGen: 1699840K(1865216K)->53328K(1907712K) Eden: 1648128K(1648128K)->0K(1704448K) From: 51712K(217088K)->53328K(203264K)
[23.876s][info ][gc,heap        ] GC(62) ParOldGen: 509635K(622592K)->509643K(622592K)
[23.876s][info ][gc,metaspace   ] GC(62) Metaspace: 68377K(69120K)->68377K(69120K) NonClass: 58421K(58816K)->58421K(58816K) Class: 9955K(10304K)->9955K(10304K)
[23.876s][info ][gc             ] GC(62) Pause Young (Allocation Failure) 2157M->549M(2471M) 13.436ms
[23.876s][info ][gc,cpu         ] GC(62) User=0.05s Sys=0.00s Real=0.01s
[23.876s][info ][safepoint      ] Safepoint "ParallelGCFailedAllocation", Time since last: 31099039 ns, Reaching safepoint: 4221705 ns, At safepoint: 13527217 ns, Total: 17748922 ns
[24.021s][info ][safepoint      ] Safepoint "ICBufferFull", Time since last: 144231178 ns, Reaching safepoint: 126601 ns, At safepoint: 27000 ns, Total: 153601 ns
[24.162s][info ][gc,start       ] GC(63) Pause Young (Allocation Failure)
[24.180s][debug][gc,phases      ] GC(63) Scavenge 17.852ms
[24.180s][debug][gc,ref         ] GC(63) Skipped phase 1 of Reference Processing: no references
[24.180s][debug][gc,ref         ] GC(63) ReferenceProcessor::execute queues: 1, RefProcThreadModel::Single, marks_oops_alive: false
[24.180s][debug][gc,ref         ] GC(63) Skipped phase 3 of Reference Processing: no references
[24.180s][debug][gc,ref         ] GC(63) ReferenceProcessor::execute queues: 1, RefProcThreadModel::Single, marks_oops_alive: false
[24.180s][debug][gc,phases      ] GC(63) Reference Processing 0.094ms
[24.181s][debug][gc,phases      ] GC(63)   VM Weak                        Min:  0.0, Avg:  0.0, Max:  0.0, Diff:  0.0, Sum:  0.0, Workers: 4
[24.181s][debug][gc,phases      ] GC(63)     Dead                           Min: 0, Avg:  0.0, Max: 0, Diff: 0, Sum: 0, Workers: 4
[24.181s][debug][gc,phases      ] GC(63)     Total                          Min: 0, Avg: 147.5, Max: 590, Diff: 590, Sum: 590, Workers: 4
[24.181s][debug][gc,phases      ] GC(63)   ObjectSynchronizer Weak        Min:  0.0, Avg:  0.0, Max:  0.0, Diff:  0.0, Sum:  0.0, Workers: 4
[24.181s][debug][gc,phases      ] GC(63)     Dead                           Min: 0, Avg:  0.0, Max: 0, Diff: 0, Sum: 0, Workers: 4
[24.181s][debug][gc,phases      ] GC(63)     Total                          Min: 0, Avg: 89.2, Max: 229, Diff: 229, Sum: 357, Workers: 4
[24.181s][debug][gc,phases      ] GC(63)   JVMTI Tag Weak OopStorage      Min:  0.0, Avg:  0.0, Max:  0.0, Diff:  0.0, Sum:  0.0, Workers: 4
[24.181s][debug][gc,phases      ] GC(63)     Dead                           Min: 0, Avg:  0.0, Max: 0, Diff: 0, Sum: 0, Workers: 4
[24.181s][debug][gc,phases      ] GC(63)     Total                          Min: 0, Avg:  0.0, Max: 0, Diff: 0, Sum: 0, Workers: 4
[24.181s][debug][gc,phases      ] GC(63)   StringTable Weak               Min:  0.1, Avg:  0.1, Max:  0.1, Diff:  0.0, Sum:  0.3, Workers: 4
[24.181s][debug][gc,phases      ] GC(63)     Dead                           Min: 0, Avg:  2.8, Max: 11, Diff: 11, Sum: 11, Workers: 4
[24.181s][debug][gc,phases      ] GC(63)     Total                          Min: 7744, Avg: 10714.0, Max: 12085, Diff: 4341, Sum: 42856, Workers: 4
[24.181s][debug][gc,phases      ] GC(63)   ResolvedMethodTable Weak       Min:  0.0, Avg:  0.0, Max:  0.0, Diff:  0.0, Sum:  0.0, Workers: 4
[24.181s][debug][gc,phases      ] GC(63)     Dead                           Min: 0, Avg:  0.0, Max: 0, Diff: 0, Sum: 0, Workers: 4
[24.181s][debug][gc,phases      ] GC(63)     Total                          Min: 1455, Avg: 1787.5, Max: 1984, Diff: 529, Sum: 7150, Workers: 4
[24.181s][debug][gc,phases      ] GC(63)   JNI Weak                       Min:  0.0, Avg:  0.0, Max:  0.0, Diff:  0.0, Sum:  0.0, Workers: 4
[24.181s][debug][gc,phases      ] GC(63)     Dead                           Min: 0, Avg:  0.0, Max: 0, Diff: 0, Sum: 0, Workers: 4
[24.181s][debug][gc,phases      ] GC(63)     Total                          Min: 0, Avg:  0.0, Max: 0, Diff: 0, Sum: 0, Workers: 4
[24.181s][debug][gc,phases      ] GC(63)   StringDedup Table Weak         Min:  0.0, Avg:  0.0, Max:  0.0, Diff:  0.0, Sum:  0.0, Workers: 4
[24.181s][debug][gc,phases      ] GC(63)     Dead                           Min: 0, Avg:  0.0, Max: 0, Diff: 0, Sum: 0, Workers: 4
[24.181s][debug][gc,phases      ] GC(63)     Total                          Min: 0, Avg:  0.0, Max: 0, Diff: 0, Sum: 0, Workers: 4
[24.181s][debug][gc,phases      ] GC(63)   StringDedup Requests0 Weak     Min:  0.0, Avg:  0.0, Max:  0.0, Diff:  0.0, Sum:  0.0, Workers: 4
[24.181s][debug][gc,phases      ] GC(63)     Dead                           Min: 0, Avg:  0.0, Max: 0, Diff: 0, Sum: 0, Workers: 4
[24.181s][debug][gc,phases      ] GC(63)     Total                          Min: 0, Avg:  0.0, Max: 0, Diff: 0, Sum: 0, Workers: 4
[24.181s][debug][gc,phases      ] GC(63)   StringDedup Requests1 Weak     Min:  0.0, Avg:  0.0, Max:  0.0, Diff:  0.0, Sum:  0.0, Workers: 4
[24.181s][debug][gc,phases      ] GC(63)     Dead                           Min: 0, Avg:  0.0, Max: 0, Diff: 0, Sum: 0, Workers: 4
[24.181s][debug][gc,phases      ] GC(63)     Total                          Min: 0, Avg:  0.0, Max: 0, Diff: 0, Sum: 0, Workers: 4
[24.181s][debug][gc,phases      ] GC(63)   Weak JFR Old Object Samples    Min:  0.0, Avg:  0.0, Max:  0.0, Diff:  0.0, Sum:  0.0, Workers: 4
[24.181s][debug][gc,phases      ] GC(63)     Dead                           Min: 0, Avg:  0.0, Max: 0, Diff: 0, Sum: 0, Workers: 4
[24.181s][debug][gc,phases      ] GC(63)     Total                          Min: 0, Avg:  0.0, Max: 0, Diff: 0, Sum: 0, Workers: 4
[24.181s][debug][gc,phases      ] GC(63) Weak Processing 0.235ms
[24.181s][debug][gc,age         ] GC(63) Desired survivor size 181403648 bytes, new threshold 15 (max threshold 15)
[24.181s][info ][gc,heap        ] GC(63) PSYoungGen: 1757776K(1907712K)->56352K(1893888K) Eden: 1704448K(1704448K)->0K(1704448K) From: 53328K(203264K)->56352K(189440K)
[24.181s][info ][gc,heap        ] GC(63) ParOldGen: 509643K(622592K)->512355K(622592K)
[24.181s][info ][gc,metaspace   ] GC(63) Metaspace: 68378K(69120K)->68378K(69120K) NonClass: 58422K(58816K)->58422K(58816K) Class: 9955K(10304K)->9955K(10304K)
[24.181s][info ][gc             ] GC(63) Pause Young (Allocation Failure) 2214M->555M(2457M) 18.293ms
[24.181s][info ][gc,cpu         ] GC(63) User=0.09s Sys=0.00s Real=0.01s
[24.181s][info ][safepoint      ] Safepoint "ParallelGCFailedAllocation", Time since last: 141599175 ns, Reaching safepoint: 129200 ns, At safepoint: 18391023 ns, Total: 18520223 ns
[24.472s][info ][gc,start       ] GC(64) Pause Young (Allocation Failure)
[24.487s][debug][gc,phases      ] GC(64) Scavenge 15.727ms
[24.487s][debug][gc,ref         ] GC(64) Skipped phase 1 of Reference Processing: no references
[24.487s][debug][gc,ref         ] GC(64) ReferenceProcessor::execute queues: 1, RefProcThreadModel::Single, marks_oops_alive: false
[24.487s][debug][gc,ref         ] GC(64) Skipped phase 3 of Reference Processing: no references
[24.487s][debug][gc,ref         ] GC(64) Skipped phase 4 of Reference Processing: no references
[24.487s][debug][gc,phases      ] GC(64) Reference Processing 0.098ms
[24.488s][debug][gc,phases      ] GC(64)   VM Weak                        Min:  0.0, Avg:  0.0, Max:  0.0, Diff:  0.0, Sum:  0.0, Workers: 4
[24.488s][debug][gc,phases      ] GC(64)     Dead                           Min: 0, Avg:  0.0, Max: 0, Diff: 0, Sum: 0, Workers: 4
[24.488s][debug][gc,phases      ] GC(64)     Total                          Min: 0, Avg: 147.5, Max: 334, Diff: 334, Sum: 590, Workers: 4
[24.488s][debug][gc,phases      ] GC(64)   ObjectSynchronizer Weak        Min:  0.0, Avg:  0.0, Max:  0.0, Diff:  0.0, Sum:  0.0, Workers: 4
[24.488s][debug][gc,phases      ] GC(64)     Dead                           Min: 0, Avg:  0.0, Max: 0, Diff: 0, Sum: 0, Workers: 4
[24.488s][debug][gc,phases      ] GC(64)     Total                          Min: 0, Avg: 89.2, Max: 229, Diff: 229, Sum: 357, Workers: 4
[24.488s][debug][gc,phases      ] GC(64)   JVMTI Tag Weak OopStorage      Min:  0.0, Avg:  0.0, Max:  0.0, Diff:  0.0, Sum:  0.0, Workers: 4
[24.488s][debug][gc,phases      ] GC(64)     Dead                           Min: 0, Avg:  0.0, Max: 0, Diff: 0, Sum: 0, Workers: 4
[24.488s][debug][gc,phases      ] GC(64)     Total                          Min: 0, Avg:  0.0, Max: 0, Diff: 0, Sum: 0, Workers: 4
[24.488s][debug][gc,phases      ] GC(64)   StringTable Weak               Min:  0.1, Avg:  0.1, Max:  0.1, Diff:  0.0, Sum:  0.3, Workers: 4
[24.488s][debug][gc,phases      ] GC(64)     Dead                           Min: 0, Avg:  0.0, Max: 0, Diff: 0, Sum: 0, Workers: 4
[24.488s][debug][gc,phases      ] GC(64)     Total                          Min: 9792, Avg: 10716.5, Max: 11379, Diff: 1587, Sum: 42866, Workers: 4
[24.488s][debug][gc,phases      ] GC(64)   ResolvedMethodTable Weak       Min:  0.0, Avg:  0.0, Max:  0.0, Diff:  0.0, Sum:  0.0, Workers: 4
[24.488s][debug][gc,phases      ] GC(64)     Dead                           Min: 0, Avg:  0.0, Max: 0, Diff: 0, Sum: 0, Workers: 4
[24.488s][debug][gc,phases      ] GC(64)     Total                          Min: 1664, Avg: 1787.5, Max: 1920, Diff: 256, Sum: 7150, Workers: 4
[24.488s][debug][gc,phases      ] GC(64)   JNI Weak                       Min:  0.0, Avg:  0.0, Max:  0.0, Diff:  0.0, Sum:  0.0, Workers: 4
[24.488s][debug][gc,phases      ] GC(64)     Dead                           Min: 0, Avg:  0.0, Max: 0, Diff: 0, Sum: 0, Workers: 4
[24.488s][debug][gc,phases      ] GC(64)     Total                          Min: 0, Avg:  0.0, Max: 0, Diff: 0, Sum: 0, Workers: 4
[24.488s][debug][gc,phases      ] GC(64)   StringDedup Table Weak         Min:  0.0, Avg:  0.0, Max:  0.0, Diff:  0.0, Sum:  0.0, Workers: 4
[24.488s][debug][gc,phases      ] GC(64)     Dead                           Min: 0, Avg:  0.0, Max: 0, Diff: 0, Sum: 0, Workers: 4
[24.488s][debug][gc,phases      ] GC(64)     Total                          Min: 0, Avg:  0.0, Max: 0, Diff: 0, Sum: 0, Workers: 4
[24.488s][debug][gc,phases      ] GC(64)   StringDedup Requests0 Weak     Min:  0.0, Avg:  0.0, Max:  0.0, Diff:  0.0, Sum:  0.0, Workers: 4
[24.488s][debug][gc,phases      ] GC(64)     Dead                           Min: 0, Avg:  0.0, Max: 0, Diff: 0, Sum: 0, Workers: 4
[24.488s][debug][gc,phases      ] GC(64)     Total                          Min: 0, Avg:  0.0, Max: 0, Diff: 0, Sum: 0, Workers: 4
[24.488s][debug][gc,phases      ] GC(64)   StringDedup Requests1 Weak     Min:  0.0, Avg:  0.0, Max:  0.0, Diff:  0.0, Sum:  0.0, Workers: 4
[24.488s][debug][gc,phases      ] GC(64)     Dead                           Min: 0, Avg:  0.0, Max: 0, Diff: 0, Sum: 0, Workers: 4
[24.488s][debug][gc,phases      ] GC(64)     Total                          Min: 0, Avg:  0.0, Max: 0, Diff: 0, Sum: 0, Workers: 4
[24.488s][debug][gc,phases      ] GC(64)   Weak JFR Old Object Samples    Min:  0.0, Avg:  0.0, Max:  0.0, Diff:  0.0, Sum:  0.0, Workers: 4
[24.488s][debug][gc,phases      ] GC(64)     Dead                           Min: 0, Avg:  0.0, Max: 0, Diff: 0, Sum: 0, Workers: 4
[24.488s][debug][gc,phases      ] GC(64)     Total                          Min: 0, Avg:  0.0, Max: 0, Diff: 0, Sum: 0, Workers: 4
[24.488s][debug][gc,phases      ] GC(64) Weak Processing 0.225ms
[24.488s][debug][gc,age         ] GC(64) Desired survivor size 170917888 bytes, new threshold 15 (max threshold 15)
[24.488s][info ][gc,heap        ] GC(64) PSYoungGen: 1760800K(1893888K)->62624K(1930240K) Eden: 1704448K(1704448K)->0K(1753088K) From: 56352K(189440K)->62624K(177152K)
[24.488s][info ][gc,heap        ] GC(64) ParOldGen: 512355K(622592K)->515019K(622592K)
[24.488s][info ][gc,metaspace   ] GC(64) Metaspace: 68382K(69120K)->68382K(69120K) NonClass: 58426K(58816K)->58426K(58816K) Class: 9955K(10304K)->9955K(10304K)
[24.488s][info ][gc             ] GC(64) Pause Young (Allocation Failure) 2219M->564M(2493M) 16.157ms
[24.488s][info ][gc,cpu         ] GC(64) User=0.06s Sys=0.00s Real=0.02s
[24.488s][info ][safepoint      ] Safepoint "ParallelGCFailedAllocation", Time since last: 290642060 ns, Reaching safepoint: 127200 ns, At safepoint: 16246920 ns, Total: 16374120 ns
[24.593s][info ][safepoint      ] Safepoint "ICBufferFull", Time since last: 105526230 ns, Reaching safepoint: 121701 ns, At safepoint: 18800 ns, Total: 140501 ns
[24.683s][info ][safepoint      ] Safepoint "ICBufferFull", Time since last: 89042410 ns, Reaching safepoint: 103200 ns, At safepoint: 27600 ns, Total: 130800 ns
[24.750s][info ][gc,start       ] GC(65) Pause Young (Allocation Failure)
[24.772s][debug][gc,phases      ] GC(65) Scavenge 21.592ms
[24.772s][debug][gc,ref         ] GC(65) Skipped phase 1 of Reference Processing: no references
[24.772s][debug][gc,ref         ] GC(65) ReferenceProcessor::execute queues: 1, RefProcThreadModel::Single, marks_oops_alive: false
[24.772s][debug][gc,ref         ] GC(65) Skipped phase 3 of Reference Processing: no references
[24.772s][debug][gc,ref         ] GC(65) Skipped phase 4 of Reference Processing: no references
[24.772s][debug][gc,phases      ] GC(65) Reference Processing 0.091ms
[24.772s][debug][gc,phases      ] GC(65)   VM Weak                        Min:  0.0, Avg:  0.0, Max:  0.0, Diff:  0.0, Sum:  0.0, Workers: 4
[24.772s][debug][gc,phases      ] GC(65)     Dead                           Min: 0, Avg:  0.0, Max: 0, Diff: 0, Sum: 0, Workers: 4
[24.772s][debug][gc,phases      ] GC(65)     Total                          Min: 0, Avg: 147.5, Max: 590, Diff: 590, Sum: 590, Workers: 4
[24.772s][debug][gc,phases      ] GC(65)   ObjectSynchronizer Weak        Min:  0.0, Avg:  0.0, Max:  0.0, Diff:  0.0, Sum:  0.0, Workers: 4
[24.772s][debug][gc,phases      ] GC(65)     Dead                           Min: 0, Avg:  0.0, Max: 0, Diff: 0, Sum: 0, Workers: 4
[24.772s][debug][gc,phases      ] GC(65)     Total                          Min: 0, Avg: 89.5, Max: 358, Diff: 358, Sum: 358, Workers: 4
[24.772s][debug][gc,phases      ] GC(65)   JVMTI Tag Weak OopStorage      Min:  0.0, Avg:  0.0, Max:  0.0, Diff:  0.0, Sum:  0.0, Workers: 4
[24.772s][debug][gc,phases      ] GC(65)     Dead                           Min: 0, Avg:  0.0, Max: 0, Diff: 0, Sum: 0, Workers: 4
[24.772s][debug][gc,phases      ] GC(65)     Total                          Min: 0, Avg:  0.0, Max: 0, Diff: 0, Sum: 0, Workers: 4
[24.772s][debug][gc,phases      ] GC(65)   StringTable Weak               Min:  0.1, Avg:  0.1, Max:  0.1, Diff:  0.0, Sum:  0.3, Workers: 4
[24.772s][debug][gc,phases      ] GC(65)     Dead                           Min: 0, Avg:  2.8, Max: 10, Diff: 10, Sum: 11, Workers: 4
[24.772s][debug][gc,phases      ] GC(65)     Total                          Min: 9408, Avg: 10716.5, Max: 11328, Diff: 1920, Sum: 42866, Workers: 4
[24.772s][debug][gc,phases      ] GC(65)   ResolvedMethodTable Weak       Min:  0.0, Avg:  0.0, Max:  0.0, Diff:  0.0, Sum:  0.0, Workers: 4
[24.772s][debug][gc,phases      ] GC(65)     Dead                           Min: 0, Avg:  0.0, Max: 0, Diff: 0, Sum: 0, Workers: 4
[24.772s][debug][gc,phases      ] GC(65)     Total                          Min: 1727, Avg: 1787.5, Max: 1856, Diff: 129, Sum: 7150, Workers: 4
[24.772s][debug][gc,phases      ] GC(65)   JNI Weak                       Min:  0.0, Avg:  0.0, Max:  0.0, Diff:  0.0, Sum:  0.0, Workers: 4
[24.772s][debug][gc,phases      ] GC(65)     Dead                           Min: 0, Avg:  0.0, Max: 0, Diff: 0, Sum: 0, Workers: 4
[24.772s][debug][gc,phases      ] GC(65)     Total                          Min: 0, Avg:  0.0, Max: 0, Diff: 0, Sum: 0, Workers: 4
[24.772s][debug][gc,phases      ] GC(65)   StringDedup Table Weak         Min:  0.0, Avg:  0.0, Max:  0.0, Diff:  0.0, Sum:  0.0, Workers: 4
[24.772s][debug][gc,phases      ] GC(65)     Dead                           Min: 0, Avg:  0.0, Max: 0, Diff: 0, Sum: 0, Workers: 4
[24.772s][debug][gc,phases      ] GC(65)     Total                          Min: 0, Avg:  0.0, Max: 0, Diff: 0, Sum: 0, Workers: 4
[24.772s][debug][gc,phases      ] GC(65)   StringDedup Requests0 Weak     Min:  0.0, Avg:  0.0, Max:  0.0, Diff:  0.0, Sum:  0.0, Workers: 4
[24.772s][debug][gc,phases      ] GC(65)     Dead                           Min: 0, Avg:  0.0, Max: 0, Diff: 0, Sum: 0, Workers: 4
[24.772s][debug][gc,phases      ] GC(65)     Total                          Min: 0, Avg:  0.0, Max: 0, Diff: 0, Sum: 0, Workers: 4
[24.772s][debug][gc,phases      ] GC(65)   StringDedup Requests1 Weak     Min:  0.0, Avg:  0.0, Max:  0.0, Diff:  0.0, Sum:  0.0, Workers: 4
[24.772s][debug][gc,phases      ] GC(65)     Dead                           Min: 0, Avg:  0.0, Max: 0, Diff: 0, Sum: 0, Workers: 4
[24.772s][debug][gc,phases      ] GC(65)     Total                          Min: 0, Avg:  0.0, Max: 0, Diff: 0, Sum: 0, Workers: 4
[24.772s][debug][gc,phases      ] GC(65)   Weak JFR Old Object Samples    Min:  0.0, Avg:  0.0, Max:  0.0, Diff:  0.0, Sum:  0.0, Workers: 4
[24.772s][debug][gc,phases      ] GC(65)     Dead                           Min: 0, Avg:  0.0, Max: 0, Diff: 0, Sum: 0, Workers: 4
[24.772s][debug][gc,phases      ] GC(65)     Total                          Min: 0, Avg:  0.0, Max: 0, Diff: 0, Sum: 0, Workers: 4
[24.772s][debug][gc,phases      ] GC(65) Weak Processing 0.230ms
[24.772s][debug][gc,age         ] GC(65) Desired survivor size 162529280 bytes, new threshold 15 (max threshold 15)
[24.772s][info ][gc,heap        ] GC(65) PSYoungGen: 1815712K(1930240K)->65728K(1920000K) Eden: 1753088K(1753088K)->0K(1753088K) From: 62624K(177152K)->65728K(166912K)
[24.772s][info ][gc,heap        ] GC(65) ParOldGen: 515019K(622592K)->517363K(622592K)
[24.772s][info ][gc,metaspace   ] GC(65) Metaspace: 68386K(69120K)->68386K(69120K) NonClass: 58431K(58816K)->58431K(58816K) Class: 9955K(10304K)->9955K(10304K)
[24.772s][info ][gc             ] GC(65) Pause Young (Allocation Failure) 2276M->569M(2483M) 22.025ms
[24.772s][info ][gc,cpu         ] GC(65) User=0.08s Sys=0.00s Real=0.02s
[24.772s][info ][safepoint      ] Safepoint "ParallelGCFailedAllocation", Time since last: 67180683 ns, Reaching safepoint: 98300 ns, At safepoint: 22118528 ns, Total: 22216828 ns
[24.846s][info ][safepoint      ] Safepoint "ICBufferFull", Time since last: 73953991 ns, Reaching safepoint: 130600 ns, At safepoint: 27300 ns, Total: 157900 ns
[24.891s][info ][safepoint      ] Safepoint "ICBufferFull", Time since last: 44739456 ns, Reaching safepoint: 109300 ns, At safepoint: 26200 ns, Total: 135500 ns
[24.926s][info ][safepoint      ] Safepoint "ICBufferFull", Time since last: 34842643 ns, Reaching safepoint: 117000 ns, At safepoint: 25900 ns, Total: 142900 ns
[24.952s][info ][safepoint      ] Safepoint "ICBufferFull", Time since last: 25552132 ns, Reaching safepoint: 113100 ns, At safepoint: 25900 ns, Total: 139000 ns
[25.020s][info ][gc,start       ] GC(66) Pause Young (Allocation Failure)
[25.039s][debug][gc,phases      ] GC(66) Scavenge 19.547ms
[25.039s][debug][gc,ref         ] GC(66) Skipped phase 1 of Reference Processing: no references
[25.039s][debug][gc,ref         ] GC(66) ReferenceProcessor::execute queues: 1, RefProcThreadModel::Single, marks_oops_alive: false
[25.039s][debug][gc,ref         ] GC(66) Skipped phase 3 of Reference Processing: no references
[25.039s][debug][gc,ref         ] GC(66) Skipped phase 4 of Reference Processing: no references
[25.039s][debug][gc,phases      ] GC(66) Reference Processing 0.123ms
[25.040s][debug][gc,phases      ] GC(66)   VM Weak                        Min:  0.0, Avg:  0.0, Max:  0.0, Diff:  0.0, Sum:  0.0, Workers: 4
[25.040s][debug][gc,phases      ] GC(66)     Dead                           Min: 0, Avg:  0.0, Max: 0, Diff: 0, Sum: 0, Workers: 4
[25.040s][debug][gc,phases      ] GC(66)     Total                          Min: 0, Avg: 147.5, Max: 590, Diff: 590, Sum: 590, Workers: 4
[25.040s][debug][gc,phases      ] GC(66)   ObjectSynchronizer Weak        Min:  0.0, Avg:  0.0, Max:  0.0, Diff:  0.0, Sum:  0.0, Workers: 4
[25.040s][debug][gc,phases      ] GC(66)     Dead                           Min: 0, Avg:  0.0, Max: 0, Diff: 0, Sum: 0, Workers: 4
[25.040s][debug][gc,phases      ] GC(66)     Total                          Min: 0, Avg: 89.5, Max: 358, Diff: 358, Sum: 358, Workers: 4
[25.040s][debug][gc,phases      ] GC(66)   JVMTI Tag Weak OopStorage      Min:  0.0, Avg:  0.0, Max:  0.0, Diff:  0.0, Sum:  0.0, Workers: 4
[25.040s][debug][gc,phases      ] GC(66)     Dead                           Min: 0, Avg:  0.0, Max: 0, Diff: 0, Sum: 0, Workers: 4
[25.040s][debug][gc,phases      ] GC(66)     Total                          Min: 0, Avg:  0.0, Max: 0, Diff: 0, Sum: 0, Workers: 4
[25.040s][debug][gc,phases      ] GC(66)   StringTable Weak               Min:  0.1, Avg:  0.1, Max:  0.1, Diff:  0.0, Sum:  0.3, Workers: 4
[25.040s][debug][gc,phases      ] GC(66)     Dead                           Min: 0, Avg:  0.0, Max: 0, Diff: 0, Sum: 0, Workers: 4
[25.040s][debug][gc,phases      ] GC(66)     Total                          Min: 9714, Avg: 10716.5, Max: 11648, Diff: 1934, Sum: 42866, Workers: 4
[25.040s][debug][gc,phases      ] GC(66)   ResolvedMethodTable Weak       Min:  0.0, Avg:  0.0, Max:  0.0, Diff:  0.0, Sum:  0.0, Workers: 4
[25.040s][debug][gc,phases      ] GC(66)     Dead                           Min: 0, Avg:  0.0, Max: 0, Diff: 0, Sum: 0, Workers: 4
[25.040s][debug][gc,phases      ] GC(66)     Total                          Min: 1647, Avg: 1787.5, Max: 1856, Diff: 209, Sum: 7150, Workers: 4
[25.040s][debug][gc,phases      ] GC(66)   JNI Weak                       Min:  0.0, Avg:  0.0, Max:  0.0, Diff:  0.0, Sum:  0.0, Workers: 4
[25.040s][debug][gc,phases      ] GC(66)     Dead                           Min: 0, Avg:  0.0, Max: 0, Diff: 0, Sum: 0, Workers: 4
[25.040s][debug][gc,phases      ] GC(66)     Total                          Min: 0, Avg:  0.8, Max: 3, Diff: 3, Sum: 3, Workers: 4
[25.040s][debug][gc,phases      ] GC(66)   StringDedup Table Weak         Min:  0.0, Avg:  0.0, Max:  0.0, Diff:  0.0, Sum:  0.0, Workers: 4
[25.040s][debug][gc,phases      ] GC(66)     Dead                           Min: 0, Avg:  0.0, Max: 0, Diff: 0, Sum: 0, Workers: 4
[25.040s][debug][gc,phases      ] GC(66)     Total                          Min: 0, Avg:  0.0, Max: 0, Diff: 0, Sum: 0, Workers: 4
[25.040s][debug][gc,phases      ] GC(66)   StringDedup Requests0 Weak     Min:  0.0, Avg:  0.0, Max:  0.0, Diff:  0.0, Sum:  0.0, Workers: 4
[25.040s][debug][gc,phases      ] GC(66)     Dead                           Min: 0, Avg:  0.0, Max: 0, Diff: 0, Sum: 0, Workers: 4
[25.040s][debug][gc,phases      ] GC(66)     Total                          Min: 0, Avg:  0.0, Max: 0, Diff: 0, Sum: 0, Workers: 4
[25.040s][debug][gc,phases      ] GC(66)   StringDedup Requests1 Weak     Min:  0.0, Avg:  0.0, Max:  0.0, Diff:  0.0, Sum:  0.0, Workers: 4
[25.040s][debug][gc,phases      ] GC(66)     Dead                           Min: 0, Avg:  0.0, Max: 0, Diff: 0, Sum: 0, Workers: 4
[25.040s][debug][gc,phases      ] GC(66)     Total                          Min: 0, Avg:  0.0, Max: 0, Diff: 0, Sum: 0, Workers: 4
[25.040s][debug][gc,phases      ] GC(66)   Weak JFR Old Object Samples    Min:  0.0, Avg:  0.0, Max:  0.0, Diff:  0.0, Sum:  0.0, Workers: 4
[25.040s][debug][gc,phases      ] GC(66)     Dead                           Min: 0, Avg:  0.0, Max: 0, Diff: 0, Sum: 0, Workers: 4
[25.040s][debug][gc,phases      ] GC(66)     Total                          Min: 0, Avg:  0.0, Max: 0, Diff: 0, Sum: 0, Workers: 4
[25.040s][debug][gc,phases      ] GC(66) Weak Processing 0.219ms
[25.040s][debug][gc,age         ] GC(66) Desired survivor size 155189248 bytes, new threshold 15 (max threshold 15)
[25.040s][info ][gc,heap        ] GC(66) PSYoungGen: 1818816K(1920000K)->66811K(1945600K) Eden: 1753088K(1753088K)->0K(1786880K) From: 65728K(166912K)->66811K(158720K)
[25.040s][info ][gc,heap        ] GC(66) ParOldGen: 517363K(622592K)->520355K(622592K)
[25.040s][info ][gc,metaspace   ] GC(66) Metaspace: 68394K(69120K)->68394K(69120K) NonClass: 58439K(58816K)->58439K(58816K) Class: 9955K(10304K)->9955K(10304K)
[25.040s][info ][gc             ] GC(66) Pause Young (Allocation Failure) 2281M->573M(2508M) 20.002ms
[25.040s][info ][gc,cpu         ] GC(66) User=0.06s Sys=0.01s Real=0.02s
[25.040s][info ][safepoint      ] Safepoint "ParallelGCFailedAllocation", Time since last: 67848984 ns, Reaching safepoint: 125000 ns, At safepoint: 20103125 ns, Total: 20228125 ns
[25.230s][info ][safepoint      ] Safepoint "ICBufferFull", Time since last: 190151536 ns, Reaching safepoint: 120000 ns, At safepoint: 38100 ns, Total: 158100 ns
[25.296s][info ][safepoint      ] Safepoint "ICBufferFull", Time since last: 66139582 ns, Reaching safepoint: 112400 ns, At safepoint: 27700 ns, Total: 140100 ns
[25.321s][info ][safepoint      ] Safepoint "ParallelGCFailedAllocation", Time since last: 23969929 ns, Reaching safepoint: 106401 ns, At safepoint: 32900 ns, Total: 139301 ns
[25.321s][info ][gc,start       ] GC(67) Pause Young (GCLocker Initiated GC)
[25.337s][debug][gc,phases      ] GC(67) Scavenge 16.567ms
[25.337s][debug][gc,ref         ] GC(67) Skipped phase 1 of Reference Processing: no references
[25.337s][debug][gc,ref         ] GC(67) ReferenceProcessor::execute queues: 1, RefProcThreadModel::Single, marks_oops_alive: false
[25.337s][debug][gc,ref         ] GC(67) Skipped phase 3 of Reference Processing: no references
[25.337s][debug][gc,ref         ] GC(67) ReferenceProcessor::execute queues: 1, RefProcThreadModel::Single, marks_oops_alive: false
[25.337s][debug][gc,phases      ] GC(67) Reference Processing 0.092ms
[25.338s][debug][gc,phases      ] GC(67)   VM Weak                        Min:  0.0, Avg:  0.0, Max:  0.0, Diff:  0.0, Sum:  0.0, Workers: 4
[25.338s][debug][gc,phases      ] GC(67)     Dead                           Min: 0, Avg:  0.0, Max: 0, Diff: 0, Sum: 0, Workers: 4
[25.338s][debug][gc,phases      ] GC(67)     Total                          Min: 0, Avg: 147.5, Max: 576, Diff: 576, Sum: 590, Workers: 4
[25.338s][debug][gc,phases      ] GC(67)   ObjectSynchronizer Weak        Min:  0.0, Avg:  0.0, Max:  0.0, Diff:  0.0, Sum:  0.0, Workers: 4
[25.338s][debug][gc,phases      ] GC(67)     Dead                           Min: 0, Avg:  0.0, Max: 0, Diff: 0, Sum: 0, Workers: 4
[25.338s][debug][gc,phases      ] GC(67)     Total                          Min: 0, Avg: 89.5, Max: 192, Diff: 192, Sum: 358, Workers: 4
[25.338s][debug][gc,phases      ] GC(67)   JVMTI Tag Weak OopStorage      Min:  0.0, Avg:  0.0, Max:  0.0, Diff:  0.0, Sum:  0.0, Workers: 4
[25.338s][debug][gc,phases      ] GC(67)     Dead                           Min: 0, Avg:  0.0, Max: 0, Diff: 0, Sum: 0, Workers: 4
[25.338s][debug][gc,phases      ] GC(67)     Total                          Min: 0, Avg:  0.0, Max: 0, Diff: 0, Sum: 0, Workers: 4
[25.338s][debug][gc,phases      ] GC(67)   StringTable Weak               Min:  0.1, Avg:  0.1, Max:  0.1, Diff:  0.0, Sum:  0.3, Workers: 4
[25.338s][debug][gc,phases      ] GC(67)     Dead                           Min: 0, Avg:  2.8, Max: 11, Diff: 11, Sum: 11, Workers: 4
[25.338s][debug][gc,phases      ] GC(67)     Total                          Min: 10035, Avg: 10716.5, Max: 11519, Diff: 1484, Sum: 42866, Workers: 4
[25.338s][debug][gc,phases      ] GC(67)   ResolvedMethodTable Weak       Min:  0.0, Avg:  0.0, Max:  0.0, Diff:  0.0, Sum:  0.0, Workers: 4
[25.338s][debug][gc,phases      ] GC(67)     Dead                           Min: 0, Avg:  0.0, Max: 0, Diff: 0, Sum: 0, Workers: 4
[25.338s][debug][gc,phases      ] GC(67)     Total                          Min: 1647, Avg: 1787.5, Max: 1920, Diff: 273, Sum: 7150, Workers: 4
[25.338s][debug][gc,phases      ] GC(67)   JNI Weak                       Min:  0.0, Avg:  0.0, Max:  0.0, Diff:  0.0, Sum:  0.0, Workers: 4
[25.338s][debug][gc,phases      ] GC(67)     Dead                           Min: 0, Avg:  0.0, Max: 0, Diff: 0, Sum: 0, Workers: 4
[25.338s][debug][gc,phases      ] GC(67)     Total                          Min: 0, Avg:  0.0, Max: 0, Diff: 0, Sum: 0, Workers: 4
[25.338s][debug][gc,phases      ] GC(67)   StringDedup Table Weak         Min:  0.0, Avg:  0.0, Max:  0.0, Diff:  0.0, Sum:  0.0, Workers: 4
[25.338s][debug][gc,phases      ] GC(67)     Dead                           Min: 0, Avg:  0.0, Max: 0, Diff: 0, Sum: 0, Workers: 4
[25.338s][debug][gc,phases      ] GC(67)     Total                          Min: 0, Avg:  0.0, Max: 0, Diff: 0, Sum: 0, Workers: 4
[25.338s][debug][gc,phases      ] GC(67)   StringDedup Requests0 Weak     Min:  0.0, Avg:  0.0, Max:  0.0, Diff:  0.0, Sum:  0.0, Workers: 4
[25.338s][debug][gc,phases      ] GC(67)     Dead                           Min: 0, Avg:  0.0, Max: 0, Diff: 0, Sum: 0, Workers: 4
[25.338s][debug][gc,phases      ] GC(67)     Total                          Min: 0, Avg:  0.0, Max: 0, Diff: 0, Sum: 0, Workers: 4
[25.338s][debug][gc,phases      ] GC(67)   StringDedup Requests1 Weak     Min:  0.0, Avg:  0.0, Max:  0.0, Diff:  0.0, Sum:  0.0, Workers: 4
[25.338s][debug][gc,phases      ] GC(67)     Dead                           Min: 0, Avg:  0.0, Max: 0, Diff: 0, Sum: 0, Workers: 4
[25.338s][debug][gc,phases      ] GC(67)     Total                          Min: 0, Avg:  0.0, Max: 0, Diff: 0, Sum: 0, Workers: 4
[25.338s][debug][gc,phases      ] GC(67)   Weak JFR Old Object Samples    Min:  0.0, Avg:  0.0, Max:  0.0, Diff:  0.0, Sum:  0.0, Workers: 4
[25.338s][debug][gc,phases      ] GC(67)     Dead                           Min: 0, Avg:  0.0, Max: 0, Diff: 0, Sum: 0, Workers: 4
[25.338s][debug][gc,phases      ] GC(67)     Total                          Min: 0, Avg:  0.0, Max: 0, Diff: 0, Sum: 0, Workers: 4
[25.338s][debug][gc,phases      ] GC(67) Weak Processing 0.238ms
[25.338s][debug][gc,age         ] GC(67) Desired survivor size 148373504 bytes, new threshold 15 (max threshold 15)
[25.338s][info ][gc,heap        ] GC(67) PSYoungGen: 1853691K(1945600K)->66960K(1938432K) Eden: 1786880K(1786880K)->0K(1786880K) From: 66811K(158720K)->66960K(151552K)
[25.338s][info ][gc,heap        ] GC(67) ParOldGen: 520355K(622592K)->522747K(622592K)
[25.338s][info ][gc,metaspace   ] GC(67) Metaspace: 68396K(69120K)->68396K(69120K) NonClass: 58440K(58816K)->58440K(58816K) Class: 9955K(10304K)->9955K(10304K)
[25.338s][info ][gc             ] GC(67) Pause Young (GCLocker Initiated GC) 2318M->575M(2501M) 16.992ms
[25.338s][info ][gc,cpu         ] GC(67) User=0.07s Sys=0.00s Real=0.02s
[25.338s][info ][safepoint      ] Safepoint "ParallelGCSystemGC", Time since last: 57700 ns, Reaching safepoint: 92700 ns, At safepoint: 17080021 ns, Total: 17172721 ns
[25.478s][info ][safepoint      ] Safepoint "ICBufferFull", Time since last: 140093973 ns, Reaching safepoint: 117001 ns, At safepoint: 23200 ns, Total: 140201 ns
[25.553s][info ][safepoint      ] Safepoint "ICBufferFull", Time since last: 74944692 ns, Reaching safepoint: 116800 ns, At safepoint: 22100 ns, Total: 138900 ns
[25.586s][info ][gc,start       ] GC(68) Pause Young (Allocation Failure)
[25.614s][debug][gc,phases      ] GC(68) Scavenge 28.198ms
[25.614s][debug][gc,ref         ] GC(68) Skipped phase 1 of Reference Processing: no references
[25.614s][debug][gc,ref         ] GC(68) ReferenceProcessor::execute queues: 1, RefProcThreadModel::Single, marks_oops_alive: false
[25.614s][debug][gc,ref         ] GC(68) Skipped phase 3 of Reference Processing: no references
[25.614s][debug][gc,ref         ] GC(68) ReferenceProcessor::execute queues: 1, RefProcThreadModel::Single, marks_oops_alive: false
[25.614s][debug][gc,phases      ] GC(68) Reference Processing 0.094ms
[25.615s][debug][gc,phases      ] GC(68)   VM Weak                        Min:  0.0, Avg:  0.0, Max:  0.0, Diff:  0.0, Sum:  0.0, Workers: 4
[25.615s][debug][gc,phases      ] GC(68)     Dead                           Min: 0, Avg:  0.0, Max: 0, Diff: 0, Sum: 0, Workers: 4
[25.615s][debug][gc,phases      ] GC(68)     Total                          Min: 0, Avg: 147.5, Max: 526, Diff: 526, Sum: 590, Workers: 4
[25.615s][debug][gc,phases      ] GC(68)   ObjectSynchronizer Weak        Min:  0.0, Avg:  0.0, Max:  0.0, Diff:  0.0, Sum:  0.0, Workers: 4
[25.615s][debug][gc,phases      ] GC(68)     Dead                           Min: 0, Avg:  0.0, Max: 0, Diff: 0, Sum: 0, Workers: 4
[25.615s][debug][gc,phases      ] GC(68)     Total                          Min: 0, Avg: 89.5, Max: 192, Diff: 192, Sum: 358, Workers: 4
[25.615s][debug][gc,phases      ] GC(68)   JVMTI Tag Weak OopStorage      Min:  0.0, Avg:  0.0, Max:  0.0, Diff:  0.0, Sum:  0.0, Workers: 4
[25.615s][debug][gc,phases      ] GC(68)     Dead                           Min: 0, Avg:  0.0, Max: 0, Diff: 0, Sum: 0, Workers: 4
[25.615s][debug][gc,phases      ] GC(68)     Total                          Min: 0, Avg:  0.0, Max: 0, Diff: 0, Sum: 0, Workers: 4
[25.615s][debug][gc,phases      ] GC(68)   StringTable Weak               Min:  0.1, Avg:  0.1, Max:  0.1, Diff:  0.0, Sum:  0.3, Workers: 4
[25.615s][debug][gc,phases      ] GC(68)     Dead                           Min: 0, Avg:  0.0, Max: 0, Diff: 0, Sum: 0, Workers: 4
[25.615s][debug][gc,phases      ] GC(68)     Total                          Min: 8000, Avg: 10717.2, Max: 13173, Diff: 5173, Sum: 42869, Workers: 4
[25.615s][debug][gc,phases      ] GC(68)   ResolvedMethodTable Weak       Min:  0.0, Avg:  0.0, Max:  0.0, Diff:  0.0, Sum:  0.1, Workers: 4
[25.615s][debug][gc,phases      ] GC(68)     Dead                           Min: 0, Avg:  0.0, Max: 0, Diff: 0, Sum: 0, Workers: 4
[25.615s][debug][gc,phases      ] GC(68)     Total                          Min: 1327, Avg: 1787.5, Max: 2176, Diff: 849, Sum: 7150, Workers: 4
[25.615s][debug][gc,phases      ] GC(68)   JNI Weak                       Min:  0.0, Avg:  0.0, Max:  0.0, Diff:  0.0, Sum:  0.0, Workers: 4
[25.615s][debug][gc,phases      ] GC(68)     Dead                           Min: 0, Avg:  0.0, Max: 0, Diff: 0, Sum: 0, Workers: 4
[25.615s][debug][gc,phases      ] GC(68)     Total                          Min: 0, Avg:  0.2, Max: 1, Diff: 1, Sum: 1, Workers: 4
[25.615s][debug][gc,phases      ] GC(68)   StringDedup Table Weak         Min:  0.0, Avg:  0.0, Max:  0.0, Diff:  0.0, Sum:  0.0, Workers: 4
[25.615s][debug][gc,phases      ] GC(68)     Dead                           Min: 0, Avg:  0.0, Max: 0, Diff: 0, Sum: 0, Workers: 4
[25.615s][debug][gc,phases      ] GC(68)     Total                          Min: 0, Avg:  0.0, Max: 0, Diff: 0, Sum: 0, Workers: 4
[25.615s][debug][gc,phases      ] GC(68)   StringDedup Requests0 Weak     Min:  0.0, Avg:  0.0, Max:  0.0, Diff:  0.0, Sum:  0.0, Workers: 4
[25.615s][debug][gc,phases      ] GC(68)     Dead                           Min: 0, Avg:  0.0, Max: 0, Diff: 0, Sum: 0, Workers: 4
[25.615s][debug][gc,phases      ] GC(68)     Total                          Min: 0, Avg:  0.0, Max: 0, Diff: 0, Sum: 0, Workers: 4
[25.615s][debug][gc,phases      ] GC(68)   StringDedup Requests1 Weak     Min:  0.0, Avg:  0.0, Max:  0.0, Diff:  0.0, Sum:  0.0, Workers: 4
[25.615s][debug][gc,phases      ] GC(68)     Dead                           Min: 0, Avg:  0.0, Max: 0, Diff: 0, Sum: 0, Workers: 4
[25.615s][debug][gc,phases      ] GC(68)     Total                          Min: 0, Avg:  0.0, Max: 0, Diff: 0, Sum: 0, Workers: 4
[25.615s][debug][gc,phases      ] GC(68)   Weak JFR Old Object Samples    Min:  0.0, Avg:  0.0, Max:  0.0, Diff:  0.0, Sum:  0.0, Workers: 4
[25.615s][debug][gc,phases      ] GC(68)     Dead                           Min: 0, Avg:  0.0, Max: 0, Diff: 0, Sum: 0, Workers: 4
[25.615s][debug][gc,phases      ] GC(68)     Total                          Min: 0, Avg:  0.0, Max: 0, Diff: 0, Sum: 0, Workers: 4
[25.615s][debug][gc,phases      ] GC(68) Weak Processing 0.229ms
[25.615s][debug][gc,age         ] GC(68) Desired survivor size 141557760 bytes, new threshold 15 (max threshold 15)
[25.615s][info ][gc,heap        ] GC(68) PSYoungGen: 1853840K(1938432K)->66096K(1958912K) Eden: 1786880K(1786880K)->0K(1814016K) From: 66960K(151552K)->66096K(144896K)
[25.615s][info ][gc,heap        ] GC(68) ParOldGen: 522751K(622592K)->527847K(622592K)
[25.615s][info ][gc,metaspace   ] GC(68) Metaspace: 68396K(69120K)->68396K(69120K) NonClass: 58440K(58816K)->58440K(58816K) Class: 9955K(10304K)->9955K(10304K)
[25.615s][info ][gc             ] GC(68) Pause Young (Allocation Failure) 2320M->580M(2521M) 28.653ms
[25.615s][info ][gc,cpu         ] GC(68) User=0.11s Sys=0.00s Real=0.03s
[25.615s][info ][safepoint      ] Safepoint "ParallelGCFailedAllocation", Time since last: 32909241 ns, Reaching safepoint: 113300 ns, At safepoint: 28757136 ns, Total: 28870436 ns
[25.788s][info ][safepoint      ] Safepoint "ICBufferFull", Time since last: 173169014 ns, Reaching safepoint: 126600 ns, At safepoint: 26801 ns, Total: 153401 ns
[25.904s][info ][safepoint      ] Safepoint "ICBufferFull", Time since last: 115413542 ns, Reaching safepoint: 126301 ns, At safepoint: 24400 ns, Total: 150701 ns
[25.917s][info ][gc,start       ] GC(69) Pause Young (Allocation Failure)
[25.937s][debug][gc,phases      ] GC(69) Scavenge 20.436ms
[25.937s][debug][gc,ref         ] GC(69) Skipped phase 1 of Reference Processing: no references
[25.937s][debug][gc,ref         ] GC(69) ReferenceProcessor::execute queues: 1, RefProcThreadModel::Single, marks_oops_alive: false
[25.937s][debug][gc,ref         ] GC(69) Skipped phase 3 of Reference Processing: no references
[25.937s][debug][gc,ref         ] GC(69) Skipped phase 4 of Reference Processing: no references
[25.937s][debug][gc,phases      ] GC(69) Reference Processing 0.100ms
[25.937s][debug][gc,phases      ] GC(69)   VM Weak                        Min:  0.0, Avg:  0.0, Max:  0.0, Diff:  0.0, Sum:  0.0, Workers: 4
[25.937s][debug][gc,phases      ] GC(69)     Dead                           Min: 0, Avg:  0.0, Max: 0, Diff: 0, Sum: 0, Workers: 4
[25.937s][debug][gc,phases      ] GC(69)     Total                          Min: 0, Avg: 147.5, Max: 590, Diff: 590, Sum: 590, Workers: 4
[25.937s][debug][gc,phases      ] GC(69)   ObjectSynchronizer Weak        Min:  0.0, Avg:  0.0, Max:  0.0, Diff:  0.0, Sum:  0.0, Workers: 4
[25.937s][debug][gc,phases      ] GC(69)     Dead                           Min: 0, Avg:  0.0, Max: 0, Diff: 0, Sum: 0, Workers: 4
[25.937s][debug][gc,phases      ] GC(69)     Total                          Min: 0, Avg: 89.5, Max: 294, Diff: 294, Sum: 358, Workers: 4
[25.937s][debug][gc,phases      ] GC(69)   JVMTI Tag Weak OopStorage      Min:  0.0, Avg:  0.0, Max:  0.0, Diff:  0.0, Sum:  0.0, Workers: 4
[25.937s][debug][gc,phases      ] GC(69)     Dead                           Min: 0, Avg:  0.0, Max: 0, Diff: 0, Sum: 0, Workers: 4
[25.937s][debug][gc,phases      ] GC(69)     Total                          Min: 0, Avg:  0.0, Max: 0, Diff: 0, Sum: 0, Workers: 4
[25.937s][debug][gc,phases      ] GC(69)   StringTable Weak               Min:  0.1, Avg:  0.1, Max:  0.1, Diff:  0.0, Sum:  0.3, Workers: 4
[25.937s][debug][gc,phases      ] GC(69)     Dead                           Min: 0, Avg:  2.8, Max: 11, Diff: 11, Sum: 11, Workers: 4
[25.937s][debug][gc,phases      ] GC(69)     Total                          Min: 8254, Avg: 10719.5, Max: 13248, Diff: 4994, Sum: 42878, Workers: 4
[25.937s][debug][gc,phases      ] GC(69)   ResolvedMethodTable Weak       Min:  0.0, Avg:  0.0, Max:  0.0, Diff:  0.0, Sum:  0.1, Workers: 4
[25.937s][debug][gc,phases      ] GC(69)     Dead                           Min: 0, Avg:  0.0, Max: 0, Diff: 0, Sum: 0, Workers: 4
[25.937s][debug][gc,phases      ] GC(69)     Total                          Min: 1455, Avg: 1787.5, Max: 2303, Diff: 848, Sum: 7150, Workers: 4
[25.937s][debug][gc,phases      ] GC(69)   JNI Weak                       Min:  0.0, Avg:  0.0, Max:  0.0, Diff:  0.0, Sum:  0.0, Workers: 4
[25.937s][debug][gc,phases      ] GC(69)     Dead                           Min: 0, Avg:  0.0, Max: 0, Diff: 0, Sum: 0, Workers: 4
[25.937s][debug][gc,phases      ] GC(69)     Total                          Min: 0, Avg:  0.5, Max: 2, Diff: 2, Sum: 2, Workers: 4
[25.937s][debug][gc,phases      ] GC(69)   StringDedup Table Weak         Min:  0.0, Avg:  0.0, Max:  0.0, Diff:  0.0, Sum:  0.0, Workers: 4
[25.937s][debug][gc,phases      ] GC(69)     Dead                           Min: 0, Avg:  0.0, Max: 0, Diff: 0, Sum: 0, Workers: 4
[25.937s][debug][gc,phases      ] GC(69)     Total                          Min: 0, Avg:  0.0, Max: 0, Diff: 0, Sum: 0, Workers: 4
[25.937s][debug][gc,phases      ] GC(69)   StringDedup Requests0 Weak     Min:  0.0, Avg:  0.0, Max:  0.0, Diff:  0.0, Sum:  0.0, Workers: 4
[25.937s][debug][gc,phases      ] GC(69)     Dead                           Min: 0, Avg:  0.0, Max: 0, Diff: 0, Sum: 0, Workers: 4
[25.937s][debug][gc,phases      ] GC(69)     Total                          Min: 0, Avg:  0.0, Max: 0, Diff: 0, Sum: 0, Workers: 4
[25.937s][debug][gc,phases      ] GC(69)   StringDedup Requests1 Weak     Min:  0.0, Avg:  0.0, Max:  0.0, Diff:  0.0, Sum:  0.0, Workers: 4
[25.937s][debug][gc,phases      ] GC(69)     Dead                           Min: 0, Avg:  0.0, Max: 0, Diff: 0, Sum: 0, Workers: 4
[25.937s][debug][gc,phases      ] GC(69)     Total                          Min: 0, Avg:  0.0, Max: 0, Diff: 0, Sum: 0, Workers: 4
[25.937s][debug][gc,phases      ] GC(69)   Weak JFR Old Object Samples    Min:  0.0, Avg:  0.0, Max:  0.0, Diff:  0.0, Sum:  0.0, Workers: 4
[25.937s][debug][gc,phases      ] GC(69)     Dead                           Min: 0, Avg:  0.0, Max: 0, Diff: 0, Sum: 0, Workers: 4
[25.937s][debug][gc,phases      ] GC(69)     Total                          Min: 0, Avg:  0.0, Max: 0, Diff: 0, Sum: 0, Workers: 4
[25.938s][debug][gc,phases      ] GC(69) Weak Processing 0.246ms
[25.938s][debug][gc,age         ] GC(69) Desired survivor size 135266304 bytes, new threshold 15 (max threshold 15)
[25.938s][info ][gc,heap        ] GC(69) PSYoungGen: 1880112K(1958912K)->65536K(1952256K) Eden: 1814016K(1814016K)->0K(1814016K) From: 66096K(144896K)->65536K(138240K)
[25.938s][info ][gc,heap        ] GC(69) ParOldGen: 527847K(622592K)->533303K(622592K)
[25.938s][info ][gc,metaspace   ] GC(69) Metaspace: 68419K(69184K)->68419K(69184K) NonClass: 58463K(58880K)->58463K(58880K) Class: 9955K(10304K)->9955K(10304K)
[25.938s][info ][gc             ] GC(69) Pause Young (Allocation Failure) 2351M->584M(2514M) 20.898ms
[25.938s][info ][gc,cpu         ] GC(69) User=0.10s Sys=0.00s Real=0.02s
[25.938s][info ][safepoint      ] Safepoint "ParallelGCFailedAllocation", Time since last: 12775915 ns, Reaching safepoint: 110901 ns, At safepoint: 20995525 ns, Total: 21106426 ns
[26.054s][info ][safepoint      ] Safepoint "ICBufferFull", Time since last: 114578342 ns, Reaching safepoint: 2229503 ns, At safepoint: 27300 ns, Total: 2256803 ns
[26.173s][info ][safepoint      ] Safepoint "ICBufferFull", Time since last: 114673742 ns, Reaching safepoint: 4307805 ns, At safepoint: 25400 ns, Total: 4333205 ns
[26.234s][info ][gc,start       ] GC(70) Pause Young (Allocation Failure)
[26.259s][debug][gc,phases      ] GC(70) Scavenge 24.723ms
[26.259s][debug][gc,ref         ] GC(70) Skipped phase 1 of Reference Processing: no references
[26.259s][debug][gc,ref         ] GC(70) ReferenceProcessor::execute queues: 1, RefProcThreadModel::Single, marks_oops_alive: false
[26.259s][debug][gc,ref         ] GC(70) Skipped phase 3 of Reference Processing: no references
[26.259s][debug][gc,ref         ] GC(70) Skipped phase 4 of Reference Processing: no references
[26.259s][debug][gc,phases      ] GC(70) Reference Processing 0.088ms
[26.259s][debug][gc,phases      ] GC(70)   VM Weak                        Min:  0.0, Avg:  0.0, Max:  0.0, Diff:  0.0, Sum:  0.0, Workers: 4
[26.259s][debug][gc,phases      ] GC(70)     Dead                           Min: 0, Avg:  0.0, Max: 0, Diff: 0, Sum: 0, Workers: 4
[26.259s][debug][gc,phases      ] GC(70)     Total                          Min: 0, Avg: 147.5, Max: 320, Diff: 320, Sum: 590, Workers: 4
[26.259s][debug][gc,phases      ] GC(70)   ObjectSynchronizer Weak        Min:  0.0, Avg:  0.0, Max:  0.0, Diff:  0.0, Sum:  0.0, Workers: 4
[26.259s][debug][gc,phases      ] GC(70)     Dead                           Min: 0, Avg:  0.0, Max: 0, Diff: 0, Sum: 0, Workers: 4
[26.259s][debug][gc,phases      ] GC(70)     Total                          Min: 0, Avg: 89.5, Max: 166, Diff: 166, Sum: 358, Workers: 4
[26.259s][debug][gc,phases      ] GC(70)   JVMTI Tag Weak OopStorage      Min:  0.0, Avg:  0.0, Max:  0.0, Diff:  0.0, Sum:  0.0, Workers: 4
[26.259s][debug][gc,phases      ] GC(70)     Dead                           Min: 0, Avg:  0.0, Max: 0, Diff: 0, Sum: 0, Workers: 4
[26.259s][debug][gc,phases      ] GC(70)     Total                          Min: 0, Avg:  0.0, Max: 0, Diff: 0, Sum: 0, Workers: 4
[26.259s][debug][gc,phases      ] GC(70)   StringTable Weak               Min:  0.1, Avg:  0.1, Max:  0.1, Diff:  0.0, Sum:  0.3, Workers: 4
[26.259s][debug][gc,phases      ] GC(70)     Dead                           Min: 0, Avg:  2.8, Max: 11, Diff: 11, Sum: 11, Workers: 4
[26.259s][debug][gc,phases      ] GC(70)     Total                          Min: 8373, Avg: 10723.5, Max: 13593, Diff: 5220, Sum: 42894, Workers: 4
[26.259s][debug][gc,phases      ] GC(70)   ResolvedMethodTable Weak       Min:  0.0, Avg:  0.0, Max:  0.0, Diff:  0.0, Sum:  0.1, Workers: 4
[26.259s][debug][gc,phases      ] GC(70)     Dead                           Min: 0, Avg:  0.0, Max: 0, Diff: 0, Sum: 0, Workers: 4
[26.259s][debug][gc,phases      ] GC(70)     Total                          Min: 1472, Avg: 1787.5, Max: 2159, Diff: 687, Sum: 7150, Workers: 4
[26.259s][debug][gc,phases      ] GC(70)   JNI Weak                       Min:  0.0, Avg:  0.0, Max:  0.0, Diff:  0.0, Sum:  0.0, Workers: 4
[26.259s][debug][gc,phases      ] GC(70)     Dead                           Min: 0, Avg:  0.0, Max: 0, Diff: 0, Sum: 0, Workers: 4
[26.259s][debug][gc,phases      ] GC(70)     Total                          Min: 0, Avg:  0.0, Max: 0, Diff: 0, Sum: 0, Workers: 4
[26.259s][debug][gc,phases      ] GC(70)   StringDedup Table Weak         Min:  0.0, Avg:  0.0, Max:  0.0, Diff:  0.0, Sum:  0.0, Workers: 4
[26.259s][debug][gc,phases      ] GC(70)     Dead                           Min: 0, Avg:  0.0, Max: 0, Diff: 0, Sum: 0, Workers: 4
[26.259s][debug][gc,phases      ] GC(70)     Total                          Min: 0, Avg:  0.0, Max: 0, Diff: 0, Sum: 0, Workers: 4
[26.259s][debug][gc,phases      ] GC(70)   StringDedup Requests0 Weak     Min:  0.0, Avg:  0.0, Max:  0.0, Diff:  0.0, Sum:  0.0, Workers: 4
[26.259s][debug][gc,phases      ] GC(70)     Dead                           Min: 0, Avg:  0.0, Max: 0, Diff: 0, Sum: 0, Workers: 4
[26.259s][debug][gc,phases      ] GC(70)     Total                          Min: 0, Avg:  0.0, Max: 0, Diff: 0, Sum: 0, Workers: 4
[26.259s][debug][gc,phases      ] GC(70)   StringDedup Requests1 Weak     Min:  0.0, Avg:  0.0, Max:  0.0, Diff:  0.0, Sum:  0.0, Workers: 4
[26.259s][debug][gc,phases      ] GC(70)     Dead                           Min: 0, Avg:  0.0, Max: 0, Diff: 0, Sum: 0, Workers: 4
[26.259s][debug][gc,phases      ] GC(70)     Total                          Min: 0, Avg:  0.0, Max: 0, Diff: 0, Sum: 0, Workers: 4
[26.259s][debug][gc,phases      ] GC(70)   Weak JFR Old Object Samples    Min:  0.0, Avg:  0.0, Max:  0.0, Diff:  0.0, Sum:  0.0, Workers: 4
[26.259s][debug][gc,phases      ] GC(70)     Dead                           Min: 0, Avg:  0.0, Max: 0, Diff: 0, Sum: 0, Workers: 4
[26.259s][debug][gc,phases      ] GC(70)     Total                          Min: 0, Avg:  0.0, Max: 0, Diff: 0, Sum: 0, Workers: 4
[26.259s][debug][gc,phases      ] GC(70) Weak Processing 0.246ms
[26.259s][debug][gc,age         ] GC(70) Desired survivor size 128974848 bytes, new threshold 15 (max threshold 15)
[26.259s][info ][gc,heap        ] GC(70) PSYoungGen: 1879552K(1952256K)->64639K(1971200K) Eden: 1814016K(1814016K)->0K(1839104K) From: 65536K(138240K)->64639K(132096K)
[26.259s][info ][gc,heap        ] GC(70) ParOldGen: 533303K(622592K)->539047K(622592K)
[26.259s][info ][gc,metaspace   ] GC(70) Metaspace: 68580K(69312K)->68580K(69312K) NonClass: 58610K(59008K)->58610K(59008K) Class: 9969K(10304K)->9969K(10304K)
[26.259s][info ][gc             ] GC(70) Pause Young (Allocation Failure) 2356M->589M(2533M) 25.169ms
[26.259s][info ][gc,cpu         ] GC(70) User=0.09s Sys=0.00s Real=0.03s
[26.259s][info ][safepoint      ] Safepoint "ParallelGCFailedAllocation", Time since last: 60395275 ns, Reaching safepoint: 123300 ns, At safepoint: 25263532 ns, Total: 25386832 ns
[26.465s][info ][safepoint      ] Safepoint "ICBufferFull", Time since last: 205895454 ns, Reaching safepoint: 135301 ns, At safepoint: 35100 ns, Total: 170401 ns
[26.539s][info ][gc,start       ] GC(71) Pause Young (Allocation Failure)
[26.565s][debug][gc,phases      ] GC(71) Scavenge 25.788ms
[26.565s][debug][gc,ref         ] GC(71) Skipped phase 1 of Reference Processing: no references
[26.565s][debug][gc,ref         ] GC(71) ReferenceProcessor::execute queues: 1, RefProcThreadModel::Single, marks_oops_alive: false
[26.565s][debug][gc,ref         ] GC(71) Skipped phase 3 of Reference Processing: no references
[26.565s][debug][gc,ref         ] GC(71) ReferenceProcessor::execute queues: 1, RefProcThreadModel::Single, marks_oops_alive: false
[26.565s][debug][gc,phases      ] GC(71) Reference Processing 0.088ms
[26.565s][debug][gc,phases      ] GC(71)   VM Weak                        Min:  0.0, Avg:  0.0, Max:  0.0, Diff:  0.0, Sum:  0.0, Workers: 4
[26.565s][debug][gc,phases      ] GC(71)     Dead                           Min: 0, Avg:  0.0, Max: 0, Diff: 0, Sum: 0, Workers: 4
[26.565s][debug][gc,phases      ] GC(71)     Total                          Min: 0, Avg: 147.5, Max: 590, Diff: 590, Sum: 590, Workers: 4
[26.565s][debug][gc,phases      ] GC(71)   ObjectSynchronizer Weak        Min:  0.0, Avg:  0.0, Max:  0.0, Diff:  0.0, Sum:  0.0, Workers: 4
[26.565s][debug][gc,phases      ] GC(71)     Dead                           Min: 0, Avg:  0.0, Max: 0, Diff: 0, Sum: 0, Workers: 4
[26.565s][debug][gc,phases      ] GC(71)     Total                          Min: 0, Avg: 89.5, Max: 358, Diff: 358, Sum: 358, Workers: 4
[26.565s][debug][gc,phases      ] GC(71)   JVMTI Tag Weak OopStorage      Min:  0.0, Avg:  0.0, Max:  0.0, Diff:  0.0, Sum:  0.0, Workers: 4
[26.565s][debug][gc,phases      ] GC(71)     Dead                           Min: 0, Avg:  0.0, Max: 0, Diff: 0, Sum: 0, Workers: 4
[26.566s][debug][gc,phases      ] GC(71)     Total                          Min: 0, Avg:  0.0, Max: 0, Diff: 0, Sum: 0, Workers: 4
[26.566s][debug][gc,phases      ] GC(71)   StringTable Weak               Min:  0.1, Avg:  0.1, Max:  0.1, Diff:  0.0, Sum:  0.3, Workers: 4
[26.566s][debug][gc,phases      ] GC(71)     Dead                           Min: 0, Avg:  0.0, Max: 0, Diff: 0, Sum: 0, Workers: 4
[26.566s][debug][gc,phases      ] GC(71)     Total                          Min: 7680, Avg: 10723.5, Max: 13145, Diff: 5465, Sum: 42894, Workers: 4
[26.566s][debug][gc,phases      ] GC(71)   ResolvedMethodTable Weak       Min:  0.0, Avg:  0.0, Max:  0.0, Diff:  0.0, Sum:  0.1, Workers: 4
[26.566s][debug][gc,phases      ] GC(71)     Dead                           Min: 0, Avg:  0.0, Max: 0, Diff: 0, Sum: 0, Workers: 4
[26.566s][debug][gc,phases      ] GC(71)     Total                          Min: 1344, Avg: 1787.5, Max: 2350, Diff: 1006, Sum: 7150, Workers: 4
[26.566s][debug][gc,phases      ] GC(71)   JNI Weak                       Min:  0.0, Avg:  0.0, Max:  0.0, Diff:  0.0, Sum:  0.0, Workers: 4
[26.566s][debug][gc,phases      ] GC(71)     Dead                           Min: 0, Avg:  0.0, Max: 0, Diff: 0, Sum: 0, Workers: 4
[26.566s][debug][gc,phases      ] GC(71)     Total                          Min: 0, Avg:  0.2, Max: 1, Diff: 1, Sum: 1, Workers: 4
[26.566s][debug][gc,phases      ] GC(71)   StringDedup Table Weak         Min:  0.0, Avg:  0.0, Max:  0.0, Diff:  0.0, Sum:  0.0, Workers: 4
[26.566s][debug][gc,phases      ] GC(71)     Dead                           Min: 0, Avg:  0.0, Max: 0, Diff: 0, Sum: 0, Workers: 4
[26.566s][debug][gc,phases      ] GC(71)     Total                          Min: 0, Avg:  0.0, Max: 0, Diff: 0, Sum: 0, Workers: 4
[26.566s][debug][gc,phases      ] GC(71)   StringDedup Requests0 Weak     Min:  0.0, Avg:  0.0, Max:  0.0, Diff:  0.0, Sum:  0.0, Workers: 4
[26.566s][debug][gc,phases      ] GC(71)     Dead                           Min: 0, Avg:  0.0, Max: 0, Diff: 0, Sum: 0, Workers: 4
[26.566s][debug][gc,phases      ] GC(71)     Total                          Min: 0, Avg:  0.0, Max: 0, Diff: 0, Sum: 0, Workers: 4
[26.566s][debug][gc,phases      ] GC(71)   StringDedup Requests1 Weak     Min:  0.0, Avg:  0.0, Max:  0.0, Diff:  0.0, Sum:  0.0, Workers: 4
[26.566s][debug][gc,phases      ] GC(71)     Dead                           Min: 0, Avg:  0.0, Max: 0, Diff: 0, Sum: 0, Workers: 4
[26.566s][debug][gc,phases      ] GC(71)     Total                          Min: 0, Avg:  0.0, Max: 0, Diff: 0, Sum: 0, Workers: 4
[26.566s][debug][gc,phases      ] GC(71)   Weak JFR Old Object Samples    Min:  0.0, Avg:  0.0, Max:  0.0, Diff:  0.0, Sum:  0.0, Workers: 4
[26.566s][debug][gc,phases      ] GC(71)     Dead                           Min: 0, Avg:  0.0, Max: 0, Diff: 0, Sum: 0, Workers: 4
[26.566s][debug][gc,phases      ] GC(71)     Total                          Min: 0, Avg:  0.0, Max: 0, Diff: 0, Sum: 0, Workers: 4
[26.566s][debug][gc,phases      ] GC(71) Weak Processing 0.248ms
[26.566s][debug][gc,age         ] GC(71) Desired survivor size 123731968 bytes, new threshold 15 (max threshold 15)
[26.566s][info ][gc,heap        ] GC(71) PSYoungGen: 1903743K(1971200K)->64544K(1965056K) Eden: 1839104K(1839104K)->0K(1839104K) From: 64639K(132096K)->64544K(125952K)
[26.566s][info ][gc,heap        ] GC(71) ParOldGen: 539047K(622592K)->545399K(622592K)
[26.566s][info ][gc,metaspace   ] GC(71) Metaspace: 68584K(69312K)->68584K(69312K) NonClass: 58614K(59008K)->58614K(59008K) Class: 9969K(10304K)->9969K(10304K)
[26.566s][info ][gc             ] GC(71) Pause Young (Allocation Failure) 2385M->595M(2527M) 26.227ms
[26.566s][info ][gc,cpu         ] GC(71) User=0.09s Sys=0.00s Real=0.03s
[26.566s][info ][safepoint      ] Safepoint "ParallelGCFailedAllocation", Time since last: 73870991 ns, Reaching safepoint: 197000 ns, At safepoint: 26320333 ns, Total: 26517333 ns
[26.729s][info ][safepoint      ] Safepoint "ICBufferFull", Time since last: 163619002 ns, Reaching safepoint: 112601 ns, At safepoint: 27600 ns, Total: 140201 ns
[26.847s][info ][safepoint      ] Safepoint "ICBufferFull", Time since last: 117156545 ns, Reaching safepoint: 116300 ns, At safepoint: 27300 ns, Total: 143600 ns
[26.849s][info ][gc,start       ] GC(72) Pause Young (Allocation Failure)
[26.874s][debug][gc,phases      ] GC(72) Scavenge 24.938ms
[26.874s][debug][gc,ref         ] GC(72) Skipped phase 1 of Reference Processing: no references
[26.874s][debug][gc,ref         ] GC(72) ReferenceProcessor::execute queues: 1, RefProcThreadModel::Single, marks_oops_alive: false
[26.874s][debug][gc,ref         ] GC(72) Skipped phase 3 of Reference Processing: no references
[26.874s][debug][gc,ref         ] GC(72) Skipped phase 4 of Reference Processing: no references
[26.874s][debug][gc,phases      ] GC(72) Reference Processing 0.105ms
[26.874s][debug][gc,phases      ] GC(72)   VM Weak                        Min:  0.0, Avg:  0.0, Max:  0.0, Diff:  0.0, Sum:  0.0, Workers: 4
[26.874s][debug][gc,phases      ] GC(72)     Dead                           Min: 0, Avg:  0.0, Max: 0, Diff: 0, Sum: 0, Workers: 4
[26.874s][debug][gc,phases      ] GC(72)     Total                          Min: 0, Avg: 147.5, Max: 590, Diff: 590, Sum: 590, Workers: 4
[26.874s][debug][gc,phases      ] GC(72)   ObjectSynchronizer Weak        Min:  0.0, Avg:  0.0, Max:  0.0, Diff:  0.0, Sum:  0.0, Workers: 4
[26.874s][debug][gc,phases      ] GC(72)     Dead                           Min: 0, Avg:  0.0, Max: 0, Diff: 0, Sum: 0, Workers: 4
[26.874s][debug][gc,phases      ] GC(72)     Total                          Min: 0, Avg: 89.5, Max: 358, Diff: 358, Sum: 358, Workers: 4
[26.874s][debug][gc,phases      ] GC(72)   JVMTI Tag Weak OopStorage      Min:  0.0, Avg:  0.0, Max:  0.0, Diff:  0.0, Sum:  0.0, Workers: 4
[26.874s][debug][gc,phases      ] GC(72)     Dead                           Min: 0, Avg:  0.0, Max: 0, Diff: 0, Sum: 0, Workers: 4
[26.874s][debug][gc,phases      ] GC(72)     Total                          Min: 0, Avg:  0.0, Max: 0, Diff: 0, Sum: 0, Workers: 4
[26.874s][debug][gc,phases      ] GC(72)   StringTable Weak               Min:  0.1, Avg:  0.1, Max:  0.1, Diff:  0.0, Sum:  0.3, Workers: 4
[26.874s][debug][gc,phases      ] GC(72)     Dead                           Min: 0, Avg:  2.8, Max: 11, Diff: 11, Sum: 11, Workers: 4
[26.874s][debug][gc,phases      ] GC(72)     Total                          Min: 8768, Avg: 10729.2, Max: 12608, Diff: 3840, Sum: 42917, Workers: 4
[26.874s][debug][gc,phases      ] GC(72)   ResolvedMethodTable Weak       Min:  0.0, Avg:  0.0, Max:  0.0, Diff:  0.0, Sum:  0.1, Workers: 4
[26.874s][debug][gc,phases      ] GC(72)     Dead                           Min: 0, Avg:  0.0, Max: 0, Diff: 0, Sum: 0, Workers: 4
[26.874s][debug][gc,phases      ] GC(72)     Total                          Min: 1600, Avg: 1787.5, Max: 2031, Diff: 431, Sum: 7150, Workers: 4
[26.874s][debug][gc,phases      ] GC(72)   JNI Weak                       Min:  0.0, Avg:  0.0, Max:  0.0, Diff:  0.0, Sum:  0.0, Workers: 4
[26.874s][debug][gc,phases      ] GC(72)     Dead                           Min: 0, Avg:  0.0, Max: 0, Diff: 0, Sum: 0, Workers: 4
[26.874s][debug][gc,phases      ] GC(72)     Total                          Min: 0, Avg:  0.0, Max: 0, Diff: 0, Sum: 0, Workers: 4
[26.874s][debug][gc,phases      ] GC(72)   StringDedup Table Weak         Min:  0.0, Avg:  0.0, Max:  0.0, Diff:  0.0, Sum:  0.0, Workers: 4
[26.874s][debug][gc,phases      ] GC(72)     Dead                           Min: 0, Avg:  0.0, Max: 0, Diff: 0, Sum: 0, Workers: 4
[26.874s][debug][gc,phases      ] GC(72)     Total                          Min: 0, Avg:  0.0, Max: 0, Diff: 0, Sum: 0, Workers: 4
[26.874s][debug][gc,phases      ] GC(72)   StringDedup Requests0 Weak     Min:  0.0, Avg:  0.0, Max:  0.0, Diff:  0.0, Sum:  0.0, Workers: 4
[26.874s][debug][gc,phases      ] GC(72)     Dead                           Min: 0, Avg:  0.0, Max: 0, Diff: 0, Sum: 0, Workers: 4
[26.874s][debug][gc,phases      ] GC(72)     Total                          Min: 0, Avg:  0.0, Max: 0, Diff: 0, Sum: 0, Workers: 4
[26.874s][debug][gc,phases      ] GC(72)   StringDedup Requests1 Weak     Min:  0.0, Avg:  0.0, Max:  0.0, Diff:  0.0, Sum:  0.0, Workers: 4
[26.874s][debug][gc,phases      ] GC(72)     Dead                           Min: 0, Avg:  0.0, Max: 0, Diff: 0, Sum: 0, Workers: 4
[26.874s][debug][gc,phases      ] GC(72)     Total                          Min: 0, Avg:  0.0, Max: 0, Diff: 0, Sum: 0, Workers: 4
[26.874s][debug][gc,phases      ] GC(72)   Weak JFR Old Object Samples    Min:  0.0, Avg:  0.0, Max:  0.0, Diff:  0.0, Sum:  0.0, Workers: 4
[26.874s][debug][gc,phases      ] GC(72)     Dead                           Min: 0, Avg:  0.0, Max: 0, Diff: 0, Sum: 0, Workers: 4
[26.874s][debug][gc,phases      ] GC(72)     Total                          Min: 0, Avg:  0.0, Max: 0, Diff: 0, Sum: 0, Workers: 4
[26.874s][debug][gc,phases      ] GC(72) Weak Processing 0.244ms
[26.874s][debug][gc,age         ] GC(72) Desired survivor size 117964800 bytes, new threshold 15 (max threshold 15)
[26.874s][info ][gc,heap        ] GC(72) PSYoungGen: 1903648K(1965056K)->63504K(1981952K) Eden: 1839104K(1839104K)->0K(1861120K) From: 64544K(125952K)->63504K(120832K)
[26.874s][info ][gc,heap        ] GC(72) ParOldGen: 545399K(622592K)->549687K(622592K)
[26.874s][info ][gc,metaspace   ] GC(72) Metaspace: 68587K(69312K)->68587K(69312K) NonClass: 58616K(59008K)->58616K(59008K) Class: 9970K(10304K)->9970K(10304K)
[26.874s][info ][gc             ] GC(72) Pause Young (Allocation Failure) 2391M->598M(2543M) 25.391ms
[26.874s][info ][gc,cpu         ] GC(72) User=0.09s Sys=0.00s Real=0.03s
[26.875s][info ][safepoint      ] Safepoint "ParallelGCFailedAllocation", Time since last: 2236703 ns, Reaching safepoint: 90600 ns, At safepoint: 25482331 ns, Total: 25572931 ns
[27.037s][info ][safepoint      ] Safepoint "ICBufferFull", Time since last: 162067701 ns, Reaching safepoint: 137200 ns, At safepoint: 29000 ns, Total: 166200 ns
[27.141s][info ][gc,start       ] GC(73) Pause Young (Allocation Failure)
[27.161s][debug][gc,phases      ] GC(73) Scavenge 20.440ms
[27.161s][debug][gc,ref         ] GC(73) Skipped phase 1 of Reference Processing: no references
[27.161s][debug][gc,ref         ] GC(73) ReferenceProcessor::execute queues: 1, RefProcThreadModel::Single, marks_oops_alive: false
[27.161s][debug][gc,ref         ] GC(73) Skipped phase 3 of Reference Processing: no references
[27.161s][debug][gc,ref         ] GC(73) ReferenceProcessor::execute queues: 1, RefProcThreadModel::Single, marks_oops_alive: false
[27.161s][debug][gc,phases      ] GC(73) Reference Processing 0.089ms
[27.162s][debug][gc,phases      ] GC(73)   VM Weak                        Min:  0.0, Avg:  0.0, Max:  0.0, Diff:  0.0, Sum:  0.0, Workers: 4
[27.162s][debug][gc,phases      ] GC(73)     Dead                           Min: 0, Avg:  0.0, Max: 0, Diff: 0, Sum: 0, Workers: 4
[27.162s][debug][gc,phases      ] GC(73)     Total                          Min: 0, Avg: 147.8, Max: 448, Diff: 448, Sum: 591, Workers: 4
[27.162s][debug][gc,phases      ] GC(73)   ObjectSynchronizer Weak        Min:  0.0, Avg:  0.0, Max:  0.0, Diff:  0.0, Sum:  0.0, Workers: 4
[27.162s][debug][gc,phases      ] GC(73)     Dead                           Min: 0, Avg:  0.0, Max: 0, Diff: 0, Sum: 0, Workers: 4
[27.162s][debug][gc,phases      ] GC(73)     Total                          Min: 0, Avg: 89.5, Max: 230, Diff: 230, Sum: 358, Workers: 4
[27.162s][debug][gc,phases      ] GC(73)   JVMTI Tag Weak OopStorage      Min:  0.0, Avg:  0.0, Max:  0.0, Diff:  0.0, Sum:  0.0, Workers: 4
[27.162s][debug][gc,phases      ] GC(73)     Dead                           Min: 0, Avg:  0.0, Max: 0, Diff: 0, Sum: 0, Workers: 4
[27.162s][debug][gc,phases      ] GC(73)     Total                          Min: 0, Avg:  0.0, Max: 0, Diff: 0, Sum: 0, Workers: 4
[27.162s][debug][gc,phases      ] GC(73)   StringTable Weak               Min:  0.1, Avg:  0.1, Max:  0.1, Diff:  0.0, Sum:  0.3, Workers: 4
[27.162s][debug][gc,phases      ] GC(73)     Dead                           Min: 0, Avg:  2.8, Max: 11, Diff: 11, Sum: 11, Workers: 4
[27.162s][debug][gc,phases      ] GC(73)     Total                          Min: 9013, Avg: 10737.5, Max: 13073, Diff: 4060, Sum: 42950, Workers: 4
[27.162s][debug][gc,phases      ] GC(73)   ResolvedMethodTable Weak       Min:  0.0, Avg:  0.0, Max:  0.0, Diff:  0.0, Sum:  0.1, Workers: 4
[27.162s][debug][gc,phases      ] GC(73)     Dead                           Min: 0, Avg:  4.2, Max: 17, Diff: 17, Sum: 17, Workers: 4
[27.162s][debug][gc,phases      ] GC(73)     Total                          Min: 1485, Avg: 1795.0, Max: 2176, Diff: 691, Sum: 7180, Workers: 4
[27.162s][debug][gc,phases      ] GC(73)   JNI Weak                       Min:  0.0, Avg:  0.0, Max:  0.0, Diff:  0.0, Sum:  0.0, Workers: 4
[27.162s][debug][gc,phases      ] GC(73)     Dead                           Min: 0, Avg:  0.0, Max: 0, Diff: 0, Sum: 0, Workers: 4
[27.162s][debug][gc,phases      ] GC(73)     Total                          Min: 0, Avg:  0.2, Max: 1, Diff: 1, Sum: 1, Workers: 4
[27.162s][debug][gc,phases      ] GC(73)   StringDedup Table Weak         Min:  0.0, Avg:  0.0, Max:  0.0, Diff:  0.0, Sum:  0.0, Workers: 4
[27.162s][debug][gc,phases      ] GC(73)     Dead                           Min: 0, Avg:  0.0, Max: 0, Diff: 0, Sum: 0, Workers: 4
[27.162s][debug][gc,phases      ] GC(73)     Total                          Min: 0, Avg:  0.0, Max: 0, Diff: 0, Sum: 0, Workers: 4
[27.162s][debug][gc,phases      ] GC(73)   StringDedup Requests0 Weak     Min:  0.0, Avg:  0.0, Max:  0.0, Diff:  0.0, Sum:  0.0, Workers: 4
[27.162s][debug][gc,phases      ] GC(73)     Dead                           Min: 0, Avg:  0.0, Max: 0, Diff: 0, Sum: 0, Workers: 4
[27.162s][debug][gc,phases      ] GC(73)     Total                          Min: 0, Avg:  0.0, Max: 0, Diff: 0, Sum: 0, Workers: 4
[27.162s][debug][gc,phases      ] GC(73)   StringDedup Requests1 Weak     Min:  0.0, Avg:  0.0, Max:  0.0, Diff:  0.0, Sum:  0.0, Workers: 4
[27.162s][debug][gc,phases      ] GC(73)     Dead                           Min: 0, Avg:  0.0, Max: 0, Diff: 0, Sum: 0, Workers: 4
[27.162s][debug][gc,phases      ] GC(73)     Total                          Min: 0, Avg:  0.0, Max: 0, Diff: 0, Sum: 0, Workers: 4
[27.162s][debug][gc,phases      ] GC(73)   Weak JFR Old Object Samples    Min:  0.0, Avg:  0.0, Max:  0.0, Diff:  0.0, Sum:  0.0, Workers: 4
[27.162s][debug][gc,phases      ] GC(73)     Dead                           Min: 0, Avg:  0.0, Max: 0, Diff: 0, Sum: 0, Workers: 4
[27.162s][debug][gc,phases      ] GC(73)     Total                          Min: 0, Avg:  0.0, Max: 0, Diff: 0, Sum: 0, Workers: 4
[27.162s][debug][gc,phases      ] GC(73) Weak Processing 0.249ms
[27.162s][debug][gc,age         ] GC(73) Desired survivor size 112721920 bytes, new threshold 15 (max threshold 15)
[27.162s][info ][gc,heap        ] GC(73) PSYoungGen: 1924624K(1981952K)->61275K(1976320K) Eden: 1861120K(1861120K)->0K(1861120K) From: 63504K(120832K)->61275K(115200K)
[27.162s][info ][gc,heap        ] GC(73) ParOldGen: 549687K(622592K)->554727K(622592K)
[27.162s][info ][gc,metaspace   ] GC(73) Metaspace: 68678K(69376K)->68678K(69376K) NonClass: 58688K(59072K)->58688K(59072K) Class: 9989K(10304K)->9989K(10304K)
[27.162s][info ][gc             ] GC(73) Pause Young (Allocation Failure) 2416M->601M(2538M) 20.878ms
[27.162s][info ][gc,cpu         ] GC(73) User=0.07s Sys=0.00s Real=0.02s
[27.162s][info ][safepoint      ] Safepoint "ParallelGCFailedAllocation", Time since last: 103837629 ns, Reaching safepoint: 173900 ns, At safepoint: 20973326 ns, Total: 21147226 ns
[27.232s][info ][safepoint      ] Safepoint "ICBufferFull", Time since last: 69973786 ns, Reaching safepoint: 113700 ns, At safepoint: 26500 ns, Total: 140200 ns
[27.323s][info ][safepoint      ] Safepoint "ICBufferFull", Time since last: 91405414 ns, Reaching safepoint: 119100 ns, At safepoint: 20700 ns, Total: 139800 ns
[27.449s][info ][gc,start       ] GC(74) Pause Young (Allocation Failure)
[27.477s][debug][gc,phases      ] GC(74) Scavenge 27.540ms
[27.477s][debug][gc,ref         ] GC(74) Skipped phase 1 of Reference Processing: no references
[27.477s][debug][gc,ref         ] GC(74) ReferenceProcessor::execute queues: 1, RefProcThreadModel::Single, marks_oops_alive: false
[27.477s][debug][gc,ref         ] GC(74) Skipped phase 3 of Reference Processing: no references
[27.477s][debug][gc,ref         ] GC(74) ReferenceProcessor::execute queues: 1, RefProcThreadModel::Single, marks_oops_alive: false
[27.477s][debug][gc,phases      ] GC(74) Reference Processing 0.089ms
[27.477s][debug][gc,phases      ] GC(74)   VM Weak                        Min:  0.0, Avg:  0.0, Max:  0.0, Diff:  0.0, Sum:  0.0, Workers: 4
[27.477s][debug][gc,phases      ] GC(74)     Dead                           Min: 0, Avg:  0.0, Max: 0, Diff: 0, Sum: 0, Workers: 4
[27.477s][debug][gc,phases      ] GC(74)     Total                          Min: 0, Avg: 147.8, Max: 591, Diff: 591, Sum: 591, Workers: 4
[27.477s][debug][gc,phases      ] GC(74)   ObjectSynchronizer Weak        Min:  0.0, Avg:  0.0, Max:  0.0, Diff:  0.0, Sum:  0.0, Workers: 4
[27.477s][debug][gc,phases      ] GC(74)     Dead                           Min: 0, Avg:  0.0, Max: 0, Diff: 0, Sum: 0, Workers: 4
[27.477s][debug][gc,phases      ] GC(74)     Total                          Min: 0, Avg: 89.5, Max: 320, Diff: 320, Sum: 358, Workers: 4
[27.477s][debug][gc,phases      ] GC(74)   JVMTI Tag Weak OopStorage      Min:  0.0, Avg:  0.0, Max:  0.0, Diff:  0.0, Sum:  0.0, Workers: 4
[27.477s][debug][gc,phases      ] GC(74)     Dead                           Min: 0, Avg:  0.0, Max: 0, Diff: 0, Sum: 0, Workers: 4
[27.477s][debug][gc,phases      ] GC(74)     Total                          Min: 0, Avg:  0.0, Max: 0, Diff: 0, Sum: 0, Workers: 4
[27.477s][debug][gc,phases      ] GC(74)   StringTable Weak               Min:  0.1, Avg:  0.1, Max:  0.1, Diff:  0.0, Sum:  0.3, Workers: 4
[27.477s][debug][gc,phases      ] GC(74)     Dead                           Min: 0, Avg:  0.0, Max: 0, Diff: 0, Sum: 0, Workers: 4
[27.477s][debug][gc,phases      ] GC(74)     Total                          Min: 8565, Avg: 10765.0, Max: 13568, Diff: 5003, Sum: 43060, Workers: 4
[27.477s][debug][gc,phases      ] GC(74)   ResolvedMethodTable Weak       Min:  0.0, Avg:  0.0, Max:  0.0, Diff:  0.0, Sum:  0.1, Workers: 4
[27.477s][debug][gc,phases      ] GC(74)     Dead                           Min: 0, Avg:  0.0, Max: 0, Diff: 0, Sum: 0, Workers: 4
[27.477s][debug][gc,phases      ] GC(74)     Total                          Min: 1408, Avg: 1795.5, Max: 2240, Diff: 832, Sum: 7182, Workers: 4
[27.477s][debug][gc,phases      ] GC(74)   JNI Weak                       Min:  0.0, Avg:  0.0, Max:  0.0, Diff:  0.0, Sum:  0.0, Workers: 4
[27.477s][debug][gc,phases      ] GC(74)     Dead                           Min: 0, Avg:  0.0, Max: 0, Diff: 0, Sum: 0, Workers: 4
[27.477s][debug][gc,phases      ] GC(74)     Total                          Min: 0, Avg:  0.8, Max: 3, Diff: 3, Sum: 3, Workers: 4
[27.477s][debug][gc,phases      ] GC(74)   StringDedup Table Weak         Min:  0.0, Avg:  0.0, Max:  0.0, Diff:  0.0, Sum:  0.0, Workers: 4
[27.477s][debug][gc,phases      ] GC(74)     Dead                           Min: 0, Avg:  0.0, Max: 0, Diff: 0, Sum: 0, Workers: 4
[27.477s][debug][gc,phases      ] GC(74)     Total                          Min: 0, Avg:  0.0, Max: 0, Diff: 0, Sum: 0, Workers: 4
[27.477s][debug][gc,phases      ] GC(74)   StringDedup Requests0 Weak     Min:  0.0, Avg:  0.0, Max:  0.0, Diff:  0.0, Sum:  0.0, Workers: 4
[27.477s][debug][gc,phases      ] GC(74)     Dead                           Min: 0, Avg:  0.0, Max: 0, Diff: 0, Sum: 0, Workers: 4
[27.477s][debug][gc,phases      ] GC(74)     Total                          Min: 0, Avg:  0.0, Max: 0, Diff: 0, Sum: 0, Workers: 4
[27.477s][debug][gc,phases      ] GC(74)   StringDedup Requests1 Weak     Min:  0.0, Avg:  0.0, Max:  0.0, Diff:  0.0, Sum:  0.0, Workers: 4
[27.477s][debug][gc,phases      ] GC(74)     Dead                           Min: 0, Avg:  0.0, Max: 0, Diff: 0, Sum: 0, Workers: 4
[27.477s][debug][gc,phases      ] GC(74)     Total                          Min: 0, Avg:  0.0, Max: 0, Diff: 0, Sum: 0, Workers: 4
[27.477s][debug][gc,phases      ] GC(74)   Weak JFR Old Object Samples    Min:  0.0, Avg:  0.0, Max:  0.0, Diff:  0.0, Sum:  0.0, Workers: 4
[27.477s][debug][gc,phases      ] GC(74)     Dead                           Min: 0, Avg:  0.0, Max: 0, Diff: 0, Sum: 0, Workers: 4
[27.477s][debug][gc,phases      ] GC(74)     Total                          Min: 0, Avg:  0.0, Max: 0, Diff: 0, Sum: 0, Workers: 4
[27.477s][debug][gc,phases      ] GC(74) Weak Processing 0.244ms
[27.477s][debug][gc,age         ] GC(74) Desired survivor size 108003328 bytes, new threshold 15 (max threshold 15)
[27.477s][info ][gc,heap        ] GC(74) PSYoungGen: 1922395K(1976320K)->62539K(1991680K) Eden: 1861120K(1861120K)->0K(1881600K) From: 61275K(115200K)->62539K(110080K)
[27.477s][info ][gc,heap        ] GC(74) ParOldGen: 554727K(622592K)->557687K(622592K)
[27.477s][info ][gc,metaspace   ] GC(74) Metaspace: 68695K(69376K)->68695K(69376K) NonClass: 58704K(59072K)->58704K(59072K) Class: 9990K(10304K)->9990K(10304K)
[27.477s][info ][gc             ] GC(74) Pause Young (Allocation Failure) 2419M->605M(2553M) 27.980ms
[27.477s][info ][gc,cpu         ] GC(74) User=0.09s Sys=0.01s Real=0.03s
[27.477s][info ][safepoint      ] Safepoint "ParallelGCFailedAllocation", Time since last: 125551455 ns, Reaching safepoint: 131500 ns, At safepoint: 28079535 ns, Total: 28211035 ns
[27.601s][info ][safepoint      ] Safepoint "ICBufferFull", Time since last: 124089054 ns, Reaching safepoint: 127600 ns, At safepoint: 25400 ns, Total: 153000 ns
[27.738s][info ][safepoint      ] Safepoint "ICBufferFull", Time since last: 136597169 ns, Reaching safepoint: 130100 ns, At safepoint: 23700 ns, Total: 153800 ns
[27.783s][info ][safepoint      ] Safepoint "ICBufferFull", Time since last: 44811356 ns, Reaching safepoint: 118300 ns, At safepoint: 19200 ns, Total: 137500 ns
[27.788s][info ][gc,start       ] GC(75) Pause Young (Allocation Failure)
[27.816s][debug][gc,phases      ] GC(75) Scavenge 27.858ms
[27.816s][debug][gc,ref         ] GC(75) Skipped phase 1 of Reference Processing: no references
[27.816s][debug][gc,ref         ] GC(75) ReferenceProcessor::execute queues: 1, RefProcThreadModel::Single, marks_oops_alive: false
[27.816s][debug][gc,ref         ] GC(75) Skipped phase 3 of Reference Processing: no references
[27.816s][debug][gc,ref         ] GC(75) ReferenceProcessor::execute queues: 1, RefProcThreadModel::Single, marks_oops_alive: false
[27.816s][debug][gc,phases      ] GC(75) Reference Processing 0.101ms
[27.816s][debug][gc,phases      ] GC(75)   VM Weak                        Min:  0.0, Avg:  0.0, Max:  0.0, Diff:  0.0, Sum:  0.0, Workers: 4
[27.816s][debug][gc,phases      ] GC(75)     Dead                           Min: 0, Avg:  0.0, Max: 0, Diff: 0, Sum: 0, Workers: 4
[27.816s][debug][gc,phases      ] GC(75)     Total                          Min: 0, Avg: 148.5, Max: 530, Diff: 530, Sum: 594, Workers: 4
[27.816s][debug][gc,phases      ] GC(75)   ObjectSynchronizer Weak        Min:  0.0, Avg:  0.0, Max:  0.0, Diff:  0.0, Sum:  0.0, Workers: 4
[27.816s][debug][gc,phases      ] GC(75)     Dead                           Min: 0, Avg:  0.0, Max: 0, Diff: 0, Sum: 0, Workers: 4
[27.816s][debug][gc,phases      ] GC(75)     Total                          Min: 0, Avg: 89.5, Max: 192, Diff: 192, Sum: 358, Workers: 4
[27.816s][debug][gc,phases      ] GC(75)   JVMTI Tag Weak OopStorage      Min:  0.0, Avg:  0.0, Max:  0.0, Diff:  0.0, Sum:  0.0, Workers: 4
[27.816s][debug][gc,phases      ] GC(75)     Dead                           Min: 0, Avg:  0.0, Max: 0, Diff: 0, Sum: 0, Workers: 4
[27.816s][debug][gc,phases      ] GC(75)     Total                          Min: 0, Avg:  0.0, Max: 0, Diff: 0, Sum: 0, Workers: 4
[27.816s][debug][gc,phases      ] GC(75)   StringTable Weak               Min:  0.1, Avg:  0.1, Max:  0.1, Diff:  0.0, Sum:  0.4, Workers: 4
[27.816s][debug][gc,phases      ] GC(75)     Dead                           Min: 0, Avg:  2.8, Max: 9, Diff: 9, Sum: 11, Workers: 4
[27.816s][debug][gc,phases      ] GC(75)     Total                          Min: 9280, Avg: 10767.5, Max: 14590, Diff: 5310, Sum: 43070, Workers: 4
[27.816s][debug][gc,phases      ] GC(75)   ResolvedMethodTable Weak       Min:  0.0, Avg:  0.0, Max:  0.0, Diff:  0.0, Sum:  0.1, Workers: 4
[27.816s][debug][gc,phases      ] GC(75)     Dead                           Min: 0, Avg:  0.0, Max: 0, Diff: 0, Sum: 0, Workers: 4
[27.816s][debug][gc,phases      ] GC(75)     Total                          Min: 1536, Avg: 1798.8, Max: 2396, Diff: 860, Sum: 7195, Workers: 4
[27.816s][debug][gc,phases      ] GC(75)   JNI Weak                       Min:  0.0, Avg:  0.0, Max:  0.0, Diff:  0.0, Sum:  0.0, Workers: 4
[27.816s][debug][gc,phases      ] GC(75)     Dead                           Min: 0, Avg:  0.0, Max: 0, Diff: 0, Sum: 0, Workers: 4
[27.816s][debug][gc,phases      ] GC(75)     Total                          Min: 0, Avg:  4.8, Max: 19, Diff: 19, Sum: 19, Workers: 4
[27.816s][debug][gc,phases      ] GC(75)   StringDedup Table Weak         Min:  0.0, Avg:  0.0, Max:  0.0, Diff:  0.0, Sum:  0.0, Workers: 4
[27.816s][debug][gc,phases      ] GC(75)     Dead                           Min: 0, Avg:  0.0, Max: 0, Diff: 0, Sum: 0, Workers: 4
[27.816s][debug][gc,phases      ] GC(75)     Total                          Min: 0, Avg:  0.0, Max: 0, Diff: 0, Sum: 0, Workers: 4
[27.816s][debug][gc,phases      ] GC(75)   StringDedup Requests0 Weak     Min:  0.0, Avg:  0.0, Max:  0.0, Diff:  0.0, Sum:  0.0, Workers: 4
[27.816s][debug][gc,phases      ] GC(75)     Dead                           Min: 0, Avg:  0.0, Max: 0, Diff: 0, Sum: 0, Workers: 4
[27.816s][debug][gc,phases      ] GC(75)     Total                          Min: 0, Avg:  0.0, Max: 0, Diff: 0, Sum: 0, Workers: 4
[27.816s][debug][gc,phases      ] GC(75)   StringDedup Requests1 Weak     Min:  0.0, Avg:  0.0, Max:  0.0, Diff:  0.0, Sum:  0.0, Workers: 4
[27.816s][debug][gc,phases      ] GC(75)     Dead                           Min: 0, Avg:  0.0, Max: 0, Diff: 0, Sum: 0, Workers: 4
[27.816s][debug][gc,phases      ] GC(75)     Total                          Min: 0, Avg:  0.0, Max: 0, Diff: 0, Sum: 0, Workers: 4
[27.816s][debug][gc,phases      ] GC(75)   Weak JFR Old Object Samples    Min:  0.0, Avg:  0.0, Max:  0.0, Diff:  0.0, Sum:  0.0, Workers: 4
[27.816s][debug][gc,phases      ] GC(75)     Dead                           Min: 0, Avg:  0.0, Max: 0, Diff: 0, Sum: 0, Workers: 4
[27.816s][debug][gc,phases      ] GC(75)     Total                          Min: 0, Avg:  0.0, Max: 0, Diff: 0, Sum: 0, Workers: 4
[27.816s][debug][gc,phases      ] GC(75) Weak Processing 0.278ms
[27.816s][debug][gc,age         ] GC(75) Desired survivor size 104333312 bytes, new threshold 15 (max threshold 15)
[27.816s][info ][gc,heap        ] GC(75) PSYoungGen: 1944139K(1991680K)->63984K(1987072K) Eden: 1881600K(1881600K)->0K(1881600K) From: 62539K(110080K)->63984K(105472K)
[27.816s][info ][gc,heap        ] GC(75) ParOldGen: 557687K(622592K)->560639K(622592K)
[27.816s][info ][gc,metaspace   ] GC(75) Metaspace: 68799K(69568K)->68799K(69568K) NonClass: 58796K(59200K)->58796K(59200K) Class: 10003K(10368K)->10003K(10368K)
[27.816s][info ][gc             ] GC(75) Pause Young (Allocation Failure) 2443M->609M(2548M) 28.338ms
[27.816s][info ][gc,cpu         ] GC(75) User=0.09s Sys=0.00s Real=0.03s
[27.816s][info ][safepoint      ] Safepoint "ParallelGCFailedAllocation", Time since last: 4820806 ns, Reaching safepoint: 90900 ns, At safepoint: 28433735 ns, Total: 28524635 ns
[27.876s][info ][safepoint      ] Safepoint "ICBufferFull", Time since last: 59012473 ns, Reaching safepoint: 114000 ns, At safepoint: 22700 ns, Total: 136700 ns
[27.922s][info ][safepoint      ] Safepoint "ICBufferFull", Time since last: 46389458 ns, Reaching safepoint: 123000 ns, At safepoint: 36500 ns, Total: 159500 ns
[28.019s][info ][safepoint      ] Safepoint "ICBufferFull", Time since last: 96904820 ns, Reaching safepoint: 123500 ns, At safepoint: 20000 ns, Total: 143500 ns
[28.176s][info ][safepoint      ] Safepoint "ICBufferFull", Time since last: 156757594 ns, Reaching safepoint: 126300 ns, At safepoint: 34900 ns, Total: 161200 ns
[28.179s][info ][gc,start       ] GC(76) Pause Young (Allocation Failure)
[28.212s][debug][gc,phases      ] GC(76) Scavenge 33.079ms
[28.212s][debug][gc,ref         ] GC(76) Skipped phase 1 of Reference Processing: no references
[28.212s][debug][gc,ref         ] GC(76) ReferenceProcessor::execute queues: 1, RefProcThreadModel::Single, marks_oops_alive: false
[28.212s][debug][gc,ref         ] GC(76) Skipped phase 3 of Reference Processing: no references
[28.212s][debug][gc,ref         ] GC(76) Skipped phase 4 of Reference Processing: no references
[28.212s][debug][gc,phases      ] GC(76) Reference Processing 0.119ms
[28.213s][debug][gc,phases      ] GC(76)   VM Weak                        Min:  0.0, Avg:  0.0, Max:  0.0, Diff:  0.0, Sum:  0.0, Workers: 4
[28.213s][debug][gc,phases      ] GC(76)     Dead                           Min: 0, Avg:  0.0, Max: 0, Diff: 0, Sum: 0, Workers: 4
[28.213s][debug][gc,phases      ] GC(76)     Total                          Min: 0, Avg: 148.5, Max: 594, Diff: 594, Sum: 594, Workers: 4
[28.213s][debug][gc,phases      ] GC(76)   ObjectSynchronizer Weak        Min:  0.0, Avg:  0.0, Max:  0.0, Diff:  0.0, Sum:  0.0, Workers: 4
[28.213s][debug][gc,phases      ] GC(76)     Dead                           Min: 0, Avg:  0.0, Max: 0, Diff: 0, Sum: 0, Workers: 4
[28.213s][debug][gc,phases      ] GC(76)     Total                          Min: 0, Avg: 89.5, Max: 358, Diff: 358, Sum: 358, Workers: 4
[28.213s][debug][gc,phases      ] GC(76)   JVMTI Tag Weak OopStorage      Min:  0.0, Avg:  0.0, Max:  0.0, Diff:  0.0, Sum:  0.0, Workers: 4
[28.213s][debug][gc,phases      ] GC(76)     Dead                           Min: 0, Avg:  0.0, Max: 0, Diff: 0, Sum: 0, Workers: 4
[28.213s][debug][gc,phases      ] GC(76)     Total                          Min: 0, Avg:  0.0, Max: 0, Diff: 0, Sum: 0, Workers: 4
[28.213s][debug][gc,phases      ] GC(76)   StringTable Weak               Min:  0.1, Avg:  0.1, Max:  0.1, Diff:  0.0, Sum:  0.3, Workers: 4
[28.213s][debug][gc,phases      ] GC(76)     Dead                           Min: 0, Avg:  2.8, Max: 9, Diff: 9, Sum: 11, Workers: 4
[28.213s][debug][gc,phases      ] GC(76)     Total                          Min: 8640, Avg: 10767.8, Max: 12863, Diff: 4223, Sum: 43071, Workers: 4
[28.213s][debug][gc,phases      ] GC(76)   ResolvedMethodTable Weak       Min:  0.0, Avg:  0.0, Max:  0.0, Diff:  0.0, Sum:  0.1, Workers: 4
[28.213s][debug][gc,phases      ] GC(76)     Dead                           Min: 0, Avg:  0.0, Max: 0, Diff: 0, Sum: 0, Workers: 4
[28.213s][debug][gc,phases      ] GC(76)     Total                          Min: 1408, Avg: 1798.8, Max: 2204, Diff: 796, Sum: 7195, Workers: 4
[28.213s][debug][gc,phases      ] GC(76)   JNI Weak                       Min:  0.0, Avg:  0.0, Max:  0.0, Diff:  0.0, Sum:  0.0, Workers: 4
[28.213s][debug][gc,phases      ] GC(76)     Dead                           Min: 0, Avg:  0.0, Max: 0, Diff: 0, Sum: 0, Workers: 4
[28.213s][debug][gc,phases      ] GC(76)     Total                          Min: 0, Avg:  0.0, Max: 0, Diff: 0, Sum: 0, Workers: 4
[28.213s][debug][gc,phases      ] GC(76)   StringDedup Table Weak         Min:  0.0, Avg:  0.0, Max:  0.0, Diff:  0.0, Sum:  0.0, Workers: 4
[28.213s][debug][gc,phases      ] GC(76)     Dead                           Min: 0, Avg:  0.0, Max: 0, Diff: 0, Sum: 0, Workers: 4
[28.213s][debug][gc,phases      ] GC(76)     Total                          Min: 0, Avg:  0.0, Max: 0, Diff: 0, Sum: 0, Workers: 4
[28.213s][debug][gc,phases      ] GC(76)   StringDedup Requests0 Weak     Min:  0.0, Avg:  0.0, Max:  0.0, Diff:  0.0, Sum:  0.0, Workers: 4
[28.213s][debug][gc,phases      ] GC(76)     Dead                           Min: 0, Avg:  0.0, Max: 0, Diff: 0, Sum: 0, Workers: 4
[28.213s][debug][gc,phases      ] GC(76)     Total                          Min: 0, Avg:  0.0, Max: 0, Diff: 0, Sum: 0, Workers: 4
[28.213s][debug][gc,phases      ] GC(76)   StringDedup Requests1 Weak     Min:  0.0, Avg:  0.0, Max:  0.0, Diff:  0.0, Sum:  0.0, Workers: 4
[28.213s][debug][gc,phases      ] GC(76)     Dead                           Min: 0, Avg:  0.0, Max: 0, Diff: 0, Sum: 0, Workers: 4
[28.213s][debug][gc,phases      ] GC(76)     Total                          Min: 0, Avg:  0.0, Max: 0, Diff: 0, Sum: 0, Workers: 4
[28.213s][debug][gc,phases      ] GC(76)   Weak JFR Old Object Samples    Min:  0.0, Avg:  0.0, Max:  0.0, Diff:  0.0, Sum:  0.0, Workers: 4
[28.213s][debug][gc,phases      ] GC(76)     Dead                           Min: 0, Avg:  0.0, Max: 0, Diff: 0, Sum: 0, Workers: 4
[28.213s][debug][gc,phases      ] GC(76)     Total                          Min: 0, Avg:  0.0, Max: 0, Diff: 0, Sum: 0, Workers: 4
[28.213s][debug][gc,phases      ] GC(76) Weak Processing 0.341ms
[28.213s][debug][gc,age         ] GC(76) Desired survivor size 102236160 bytes, new threshold 15 (max threshold 15)
[28.213s][info ][gc,heap        ] GC(76) PSYoungGen: 1945584K(1987072K)->67024K(1997312K) Eden: 1881600K(1881600K)->0K(1895424K) From: 63984K(105472K)->67024K(101888K)
[28.213s][info ][gc,heap        ] GC(76) ParOldGen: 560639K(622592K)->564303K(622592K)
[28.213s][info ][gc,metaspace   ] GC(76) Metaspace: 68800K(69568K)->68800K(69568K) NonClass: 58796K(59200K)->58796K(59200K) Class: 10003K(10368K)->10003K(10368K)
[28.213s][info ][gc             ] GC(76) Pause Young (Allocation Failure) 2447M->616M(2558M) 33.658ms
[28.213s][info ][gc,cpu         ] GC(76) User=0.11s Sys=0.00s Real=0.03s
[28.213s][info ][safepoint      ] Safepoint "ParallelGCFailedAllocation", Time since last: 2920804 ns, Reaching safepoint: 104700 ns, At safepoint: 33766542 ns, Total: 33871242 ns
[28.366s][info ][safepoint      ] Safepoint "ICBufferFull", Time since last: 152082988 ns, Reaching safepoint: 920001 ns, At safepoint: 34500 ns, Total: 954501 ns
[28.491s][info ][gc,start       ] GC(77) Pause Young (Allocation Failure)
[28.519s][debug][gc,phases      ] GC(77) Scavenge 28.126ms
[28.519s][debug][gc,ref         ] GC(77) Skipped phase 1 of Reference Processing: no references
[28.519s][debug][gc,ref         ] GC(77) ReferenceProcessor::execute queues: 1, RefProcThreadModel::Single, marks_oops_alive: false
[28.519s][debug][gc,ref         ] GC(77) Skipped phase 3 of Reference Processing: no references
[28.519s][debug][gc,ref         ] GC(77) Skipped phase 4 of Reference Processing: no references
[28.519s][debug][gc,phases      ] GC(77) Reference Processing 0.088ms
[28.520s][debug][gc,phases      ] GC(77)   VM Weak                        Min:  0.0, Avg:  0.0, Max:  0.0, Diff:  0.0, Sum:  0.0, Workers: 4
[28.520s][debug][gc,phases      ] GC(77)     Dead                           Min: 0, Avg:  0.0, Max: 0, Diff: 0, Sum: 0, Workers: 4
[28.520s][debug][gc,phases      ] GC(77)     Total                          Min: 0, Avg: 148.5, Max: 530, Diff: 530, Sum: 594, Workers: 4
[28.520s][debug][gc,phases      ] GC(77)   ObjectSynchronizer Weak        Min:  0.0, Avg:  0.0, Max:  0.0, Diff:  0.0, Sum:  0.0, Workers: 4
[28.520s][debug][gc,phases      ] GC(77)     Dead                           Min: 0, Avg:  0.0, Max: 0, Diff: 0, Sum: 0, Workers: 4
[28.520s][debug][gc,phases      ] GC(77)     Total                          Min: 0, Avg: 89.8, Max: 167, Diff: 167, Sum: 359, Workers: 4
[28.520s][debug][gc,phases      ] GC(77)   JVMTI Tag Weak OopStorage      Min:  0.0, Avg:  0.0, Max:  0.0, Diff:  0.0, Sum:  0.0, Workers: 4
[28.520s][debug][gc,phases      ] GC(77)     Dead                           Min: 0, Avg:  0.0, Max: 0, Diff: 0, Sum: 0, Workers: 4
[28.520s][debug][gc,phases      ] GC(77)     Total                          Min: 0, Avg:  0.0, Max: 0, Diff: 0, Sum: 0, Workers: 4
[28.520s][debug][gc,phases      ] GC(77)   StringTable Weak               Min:  0.1, Avg:  0.1, Max:  0.1, Diff:  0.0, Sum:  0.4, Workers: 4
[28.520s][debug][gc,phases      ] GC(77)     Dead                           Min: 0, Avg:  0.0, Max: 0, Diff: 0, Sum: 0, Workers: 4
[28.520s][debug][gc,phases      ] GC(77)     Total                          Min: 9280, Avg: 10767.8, Max: 14208, Diff: 4928, Sum: 43071, Workers: 4
[28.520s][debug][gc,phases      ] GC(77)   ResolvedMethodTable Weak       Min:  0.0, Avg:  0.0, Max:  0.0, Diff:  0.0, Sum:  0.1, Workers: 4
[28.520s][debug][gc,phases      ] GC(77)     Dead                           Min: 0, Avg:  0.0, Max: 0, Diff: 0, Sum: 0, Workers: 4
[28.520s][debug][gc,phases      ] GC(77)     Total                          Min: 1599, Avg: 1798.8, Max: 2205, Diff: 606, Sum: 7195, Workers: 4
[28.520s][debug][gc,phases      ] GC(77)   JNI Weak                       Min:  0.0, Avg:  0.0, Max:  0.0, Diff:  0.0, Sum:  0.0, Workers: 4
[28.520s][debug][gc,phases      ] GC(77)     Dead                           Min: 0, Avg:  0.0, Max: 0, Diff: 0, Sum: 0, Workers: 4
[28.520s][debug][gc,phases      ] GC(77)     Total                          Min: 0, Avg:  0.8, Max: 3, Diff: 3, Sum: 3, Workers: 4
[28.520s][debug][gc,phases      ] GC(77)   StringDedup Table Weak         Min:  0.0, Avg:  0.0, Max:  0.0, Diff:  0.0, Sum:  0.0, Workers: 4
[28.520s][debug][gc,phases      ] GC(77)     Dead                           Min: 0, Avg:  0.0, Max: 0, Diff: 0, Sum: 0, Workers: 4
[28.520s][debug][gc,phases      ] GC(77)     Total                          Min: 0, Avg:  0.0, Max: 0, Diff: 0, Sum: 0, Workers: 4
[28.520s][debug][gc,phases      ] GC(77)   StringDedup Requests0 Weak     Min:  0.0, Avg:  0.0, Max:  0.0, Diff:  0.0, Sum:  0.0, Workers: 4
[28.520s][debug][gc,phases      ] GC(77)     Dead                           Min: 0, Avg:  0.0, Max: 0, Diff: 0, Sum: 0, Workers: 4
[28.520s][debug][gc,phases      ] GC(77)     Total                          Min: 0, Avg:  0.0, Max: 0, Diff: 0, Sum: 0, Workers: 4
[28.520s][debug][gc,phases      ] GC(77)   StringDedup Requests1 Weak     Min:  0.0, Avg:  0.0, Max:  0.0, Diff:  0.0, Sum:  0.0, Workers: 4
[28.520s][debug][gc,phases      ] GC(77)     Dead                           Min: 0, Avg:  0.0, Max: 0, Diff: 0, Sum: 0, Workers: 4
[28.520s][debug][gc,phases      ] GC(77)     Total                          Min: 0, Avg:  0.0, Max: 0, Diff: 0, Sum: 0, Workers: 4
[28.520s][debug][gc,phases      ] GC(77)   Weak JFR Old Object Samples    Min:  0.0, Avg:  0.0, Max:  0.0, Diff:  0.0, Sum:  0.0, Workers: 4
[28.520s][debug][gc,phases      ] GC(77)     Dead                           Min: 0, Avg:  0.0, Max: 0, Diff: 0, Sum: 0, Workers: 4
[28.520s][debug][gc,phases      ] GC(77)     Total                          Min: 0, Avg:  0.0, Max: 0, Diff: 0, Sum: 0, Workers: 4
[28.520s][debug][gc,phases      ] GC(77) Weak Processing 0.254ms
[28.520s][debug][gc,age         ] GC(77) Desired survivor size 100139008 bytes, new threshold 15 (max threshold 15)
[28.520s][info ][gc,heap        ] GC(77) PSYoungGen: 1962448K(1997312K)->68224K(1995264K) Eden: 1895424K(1895424K)->0K(1895424K) From: 67024K(101888K)->68224K(99840K)
[28.520s][info ][gc,heap        ] GC(77) ParOldGen: 564303K(622592K)->565879K(622592K)
[28.520s][info ][gc,metaspace   ] GC(77) Metaspace: 68810K(69568K)->68810K(69568K) NonClass: 58807K(59200K)->58807K(59200K) Class: 10003K(10368K)->10003K(10368K)
[28.520s][info ][gc             ] GC(77) Pause Young (Allocation Failure) 2467M->619M(2556M) 28.571ms
[28.520s][info ][gc,cpu         ] GC(77) User=0.10s Sys=0.00s Real=0.03s
[28.520s][info ][safepoint      ] Safepoint "ParallelGCFailedAllocation", Time since last: 125026055 ns, Reaching safepoint: 146200 ns, At safepoint: 28664435 ns, Total: 28810635 ns
[28.896s][info ][gc,start       ] GC(78) Pause Young (Allocation Failure)
[28.919s][debug][gc,phases      ] GC(78) Scavenge 23.411ms
[28.919s][debug][gc,ref         ] GC(78) Skipped phase 1 of Reference Processing: no references
[28.919s][debug][gc,ref         ] GC(78) ReferenceProcessor::execute queues: 1, RefProcThreadModel::Single, marks_oops_alive: false
[28.919s][debug][gc,ref         ] GC(78) Skipped phase 3 of Reference Processing: no references
[28.919s][debug][gc,ref         ] GC(78) ReferenceProcessor::execute queues: 1, RefProcThreadModel::Single, marks_oops_alive: false
[28.919s][debug][gc,phases      ] GC(78) Reference Processing 0.096ms
[28.920s][debug][gc,phases      ] GC(78)   VM Weak                        Min:  0.0, Avg:  0.0, Max:  0.0, Diff:  0.0, Sum:  0.0, Workers: 4
[28.920s][debug][gc,phases      ] GC(78)     Dead                           Min: 0, Avg:  0.0, Max: 0, Diff: 0, Sum: 0, Workers: 4
[28.920s][debug][gc,phases      ] GC(78)     Total                          Min: 0, Avg: 148.8, Max: 403, Diff: 403, Sum: 595, Workers: 4
[28.920s][debug][gc,phases      ] GC(78)   ObjectSynchronizer Weak        Min:  0.0, Avg:  0.0, Max:  0.0, Diff:  0.0, Sum:  0.0, Workers: 4
[28.920s][debug][gc,phases      ] GC(78)     Dead                           Min: 0, Avg:  0.0, Max: 0, Diff: 0, Sum: 0, Workers: 4
[28.920s][debug][gc,phases      ] GC(78)     Total                          Min: 0, Avg: 89.8, Max: 231, Diff: 231, Sum: 359, Workers: 4
[28.920s][debug][gc,phases      ] GC(78)   JVMTI Tag Weak OopStorage      Min:  0.0, Avg:  0.0, Max:  0.0, Diff:  0.0, Sum:  0.0, Workers: 4
[28.920s][debug][gc,phases      ] GC(78)     Dead                           Min: 0, Avg:  0.0, Max: 0, Diff: 0, Sum: 0, Workers: 4
[28.920s][debug][gc,phases      ] GC(78)     Total                          Min: 0, Avg:  0.0, Max: 0, Diff: 0, Sum: 0, Workers: 4
[28.920s][debug][gc,phases      ] GC(78)   StringTable Weak               Min:  0.1, Avg:  0.1, Max:  0.1, Diff:  0.0, Sum:  0.3, Workers: 4
[28.920s][debug][gc,phases      ] GC(78)     Dead                           Min: 0, Avg:  2.8, Max: 11, Diff: 11, Sum: 11, Workers: 4
[28.920s][debug][gc,phases      ] GC(78)     Total                          Min: 9342, Avg: 10831.5, Max: 14784, Diff: 5442, Sum: 43326, Workers: 4
[28.920s][debug][gc,phases      ] GC(78)   ResolvedMethodTable Weak       Min:  0.0, Avg:  0.0, Max:  0.0, Diff:  0.0, Sum:  0.1, Workers: 4
[28.920s][debug][gc,phases      ] GC(78)     Dead                           Min: 0, Avg:  7.5, Max: 13, Diff: 13, Sum: 30, Workers: 4
[28.920s][debug][gc,phases      ] GC(78)     Total                          Min: 1536, Avg: 1828.2, Max: 2386, Diff: 850, Sum: 7313, Workers: 4
[28.920s][debug][gc,phases      ] GC(78)   JNI Weak                       Min:  0.0, Avg:  0.0, Max:  0.0, Diff:  0.0, Sum:  0.0, Workers: 4
[28.920s][debug][gc,phases      ] GC(78)     Dead                           Min: 0, Avg:  0.0, Max: 0, Diff: 0, Sum: 0, Workers: 4
[28.920s][debug][gc,phases      ] GC(78)     Total                          Min: 0, Avg:  3.8, Max: 15, Diff: 15, Sum: 15, Workers: 4
[28.920s][debug][gc,phases      ] GC(78)   StringDedup Table Weak         Min:  0.0, Avg:  0.0, Max:  0.0, Diff:  0.0, Sum:  0.0, Workers: 4
[28.920s][debug][gc,phases      ] GC(78)     Dead                           Min: 0, Avg:  0.0, Max: 0, Diff: 0, Sum: 0, Workers: 4
[28.920s][debug][gc,phases      ] GC(78)     Total                          Min: 0, Avg:  0.0, Max: 0, Diff: 0, Sum: 0, Workers: 4
[28.920s][debug][gc,phases      ] GC(78)   StringDedup Requests0 Weak     Min:  0.0, Avg:  0.0, Max:  0.0, Diff:  0.0, Sum:  0.0, Workers: 4
[28.920s][debug][gc,phases      ] GC(78)     Dead                           Min: 0, Avg:  0.0, Max: 0, Diff: 0, Sum: 0, Workers: 4
[28.920s][debug][gc,phases      ] GC(78)     Total                          Min: 0, Avg:  0.0, Max: 0, Diff: 0, Sum: 0, Workers: 4
[28.920s][debug][gc,phases      ] GC(78)   StringDedup Requests1 Weak     Min:  0.0, Avg:  0.0, Max:  0.0, Diff:  0.0, Sum:  0.0, Workers: 4
[28.920s][debug][gc,phases      ] GC(78)     Dead                           Min: 0, Avg:  0.0, Max: 0, Diff: 0, Sum: 0, Workers: 4
[28.920s][debug][gc,phases      ] GC(78)     Total                          Min: 0, Avg:  0.0, Max: 0, Diff: 0, Sum: 0, Workers: 4
[28.920s][debug][gc,phases      ] GC(78)   Weak JFR Old Object Samples    Min:  0.0, Avg:  0.0, Max:  0.0, Diff:  0.0, Sum:  0.0, Workers: 4
[28.920s][debug][gc,phases      ] GC(78)     Dead                           Min: 0, Avg:  0.0, Max: 0, Diff: 0, Sum: 0, Workers: 4
[28.920s][debug][gc,phases      ] GC(78)     Total                          Min: 0, Avg:  0.0, Max: 0, Diff: 0, Sum: 0, Workers: 4
[28.920s][debug][gc,phases      ] GC(78) Weak Processing 0.262ms
[28.920s][debug][gc,age         ] GC(78) Desired survivor size 97517568 bytes, new threshold 15 (max threshold 15)
[28.920s][info ][gc,heap        ] GC(78) PSYoungGen: 1963648K(1995264K)->60560K(2001920K) Eden: 1895424K(1895424K)->0K(1904128K) From: 68224K(99840K)->60560K(97792K)
[28.920s][info ][gc,heap        ] GC(78) ParOldGen: 565879K(622592K)->571783K(622592K)
[28.920s][info ][gc,metaspace   ] GC(78) Metaspace: 69437K(70144K)->69437K(70144K) NonClass: 59337K(59712K)->59337K(59712K) Class: 10100K(10432K)->10100K(10432K)
[28.920s][info ][gc             ] GC(78) Pause Young (Allocation Failure) 2470M->617M(2563M) 23.869ms
[28.920s][info ][gc,cpu         ] GC(78) User=0.10s Sys=0.00s Real=0.02s
[28.920s][info ][safepoint      ] Safepoint "ParallelGCFailedAllocation", Time since last: 375858566 ns, Reaching safepoint: 195600 ns, At safepoint: 23968530 ns, Total: 24164130 ns
[29.242s][info ][gc,start       ] GC(79) Pause Young (Allocation Failure)
[29.267s][debug][gc,phases      ] GC(79) Scavenge 24.723ms
[29.267s][debug][gc,ref         ] GC(79) Skipped phase 1 of Reference Processing: no references
[29.267s][debug][gc,ref         ] GC(79) ReferenceProcessor::execute queues: 1, RefProcThreadModel::Single, marks_oops_alive: false
[29.267s][debug][gc,ref         ] GC(79) Skipped phase 3 of Reference Processing: no references
[29.267s][debug][gc,ref         ] GC(79) ReferenceProcessor::execute queues: 1, RefProcThreadModel::Single, marks_oops_alive: false
[29.267s][debug][gc,phases      ] GC(79) Reference Processing 0.091ms
[29.267s][debug][gc,phases      ] GC(79)   VM Weak                        Min:  0.0, Avg:  0.0, Max:  0.0, Diff:  0.0, Sum:  0.0, Workers: 4
[29.267s][debug][gc,phases      ] GC(79)     Dead                           Min: 0, Avg:  0.0, Max: 0, Diff: 0, Sum: 0, Workers: 4
[29.268s][debug][gc,phases      ] GC(79)     Total                          Min: 0, Avg: 150.0, Max: 448, Diff: 448, Sum: 600, Workers: 4
[29.268s][debug][gc,phases      ] GC(79)   ObjectSynchronizer Weak        Min:  0.0, Avg:  0.0, Max:  0.0, Diff:  0.0, Sum:  0.0, Workers: 4
[29.268s][debug][gc,phases      ] GC(79)     Dead                           Min: 0, Avg:  0.0, Max: 0, Diff: 0, Sum: 0, Workers: 4
[29.268s][debug][gc,phases      ] GC(79)     Total                          Min: 0, Avg: 89.8, Max: 192, Diff: 192, Sum: 359, Workers: 4
[29.268s][debug][gc,phases      ] GC(79)   JVMTI Tag Weak OopStorage      Min:  0.0, Avg:  0.0, Max:  0.0, Diff:  0.0, Sum:  0.0, Workers: 4
[29.268s][debug][gc,phases      ] GC(79)     Dead                           Min: 0, Avg:  0.0, Max: 0, Diff: 0, Sum: 0, Workers: 4
[29.268s][debug][gc,phases      ] GC(79)     Total                          Min: 0, Avg:  0.0, Max: 0, Diff: 0, Sum: 0, Workers: 4
[29.268s][debug][gc,phases      ] GC(79)   StringTable Weak               Min:  0.1, Avg:  0.1, Max:  0.1, Diff:  0.0, Sum:  0.4, Workers: 4
[29.268s][debug][gc,phases      ] GC(79)     Dead                           Min: 0, Avg:  3.0, Max: 7, Diff: 7, Sum: 12, Workers: 4
[29.268s][debug][gc,phases      ] GC(79)     Total                          Min: 10368, Avg: 10880.8, Max: 11584, Diff: 1216, Sum: 43523, Workers: 4
[29.268s][debug][gc,phases      ] GC(79)   ResolvedMethodTable Weak       Min:  0.0, Avg:  0.0, Max:  0.0, Diff:  0.0, Sum:  0.1, Workers: 4
[29.268s][debug][gc,phases      ] GC(79)     Dead                           Min: 0, Avg:  6.0, Max: 24, Diff: 24, Sum: 24, Workers: 4
[29.268s][debug][gc,phases      ] GC(79)     Total                          Min: 1786, Avg: 1852.2, Max: 2040, Diff: 254, Sum: 7409, Workers: 4
[29.268s][debug][gc,phases      ] GC(79)   JNI Weak                       Min:  0.0, Avg:  0.0, Max:  0.0, Diff:  0.0, Sum:  0.0, Workers: 4
[29.268s][debug][gc,phases      ] GC(79)     Dead                           Min: 0, Avg:  0.0, Max: 0, Diff: 0, Sum: 0, Workers: 4
[29.268s][debug][gc,phases      ] GC(79)     Total                          Min: 0, Avg:  0.0, Max: 0, Diff: 0, Sum: 0, Workers: 4
[29.268s][debug][gc,phases      ] GC(79)   StringDedup Table Weak         Min:  0.0, Avg:  0.0, Max:  0.0, Diff:  0.0, Sum:  0.0, Workers: 4
[29.268s][debug][gc,phases      ] GC(79)     Dead                           Min: 0, Avg:  0.0, Max: 0, Diff: 0, Sum: 0, Workers: 4
[29.268s][debug][gc,phases      ] GC(79)     Total                          Min: 0, Avg:  0.0, Max: 0, Diff: 0, Sum: 0, Workers: 4
[29.268s][debug][gc,phases      ] GC(79)   StringDedup Requests0 Weak     Min:  0.0, Avg:  0.0, Max:  0.0, Diff:  0.0, Sum:  0.0, Workers: 4
[29.268s][debug][gc,phases      ] GC(79)     Dead                           Min: 0, Avg:  0.0, Max: 0, Diff: 0, Sum: 0, Workers: 4
[29.268s][debug][gc,phases      ] GC(79)     Total                          Min: 0, Avg:  0.0, Max: 0, Diff: 0, Sum: 0, Workers: 4
[29.268s][debug][gc,phases      ] GC(79)   StringDedup Requests1 Weak     Min:  0.0, Avg:  0.0, Max:  0.0, Diff:  0.0, Sum:  0.0, Workers: 4
[29.268s][debug][gc,phases      ] GC(79)     Dead                           Min: 0, Avg:  0.0, Max: 0, Diff: 0, Sum: 0, Workers: 4
[29.268s][debug][gc,phases      ] GC(79)     Total                          Min: 0, Avg:  0.0, Max: 0, Diff: 0, Sum: 0, Workers: 4
[29.268s][debug][gc,phases      ] GC(79)   Weak JFR Old Object Samples    Min:  0.0, Avg:  0.0, Max:  0.0, Diff:  0.0, Sum:  0.0, Workers: 4
[29.268s][debug][gc,phases      ] GC(79)     Dead                           Min: 0, Avg:  0.0, Max: 0, Diff: 0, Sum: 0, Workers: 4
[29.268s][debug][gc,phases      ] GC(79)     Total                          Min: 0, Avg:  0.0, Max: 0, Diff: 0, Sum: 0, Workers: 4
[29.268s][debug][gc,phases      ] GC(79) Weak Processing 0.296ms
[29.268s][debug][gc,age         ] GC(79) Desired survivor size 95420416 bytes, new threshold 15 (max threshold 15)
[29.268s][info ][gc,heap        ] GC(79) PSYoungGen: 1964688K(2001920K)->54496K(1999360K) Eden: 1904128K(1904128K)->0K(1904128K) From: 60560K(97792K)->54496K(95232K)
[29.268s][info ][gc,heap        ] GC(79) ParOldGen: 571783K(622592K)->581367K(622592K)
[29.268s][info ][gc,metaspace   ] GC(79) Metaspace: 70305K(71040K)->70305K(71040K) NonClass: 60093K(60480K)->60093K(60480K) Class: 10211K(10560K)->10211K(10560K)
[29.268s][info ][gc             ] GC(79) Pause Young (Allocation Failure) 2477M->620M(2560M) 25.229ms
[29.268s][info ][gc,cpu         ] GC(79) User=0.09s Sys=0.00s Real=0.02s
[29.268s][info ][safepoint      ] Safepoint "ParallelGCFailedAllocation", Time since last: 322427699 ns, Reaching safepoint: 165800 ns, At safepoint: 25326931 ns, Total: 25492731 ns
[29.523s][info ][safepoint      ] Safepoint "ICBufferFull", Time since last: 255070716 ns, Reaching safepoint: 248900 ns, At safepoint: 18900 ns, Total: 267800 ns
[29.743s][info ][safepoint      ] Safepoint "ICBufferFull", Time since last: 219417072 ns, Reaching safepoint: 245500 ns, At safepoint: 19500 ns, Total: 265000 ns
[29.834s][info ][gc,start       ] GC(80) Pause Young (Allocation Failure)
[29.862s][debug][gc,phases      ] GC(80) Scavenge 27.282ms
[29.862s][debug][gc,ref         ] GC(80) Skipped phase 1 of Reference Processing: no references
[29.862s][debug][gc,ref         ] GC(80) ReferenceProcessor::execute queues: 1, RefProcThreadModel::Single, marks_oops_alive: false
[29.862s][debug][gc,ref         ] GC(80) Skipped phase 3 of Reference Processing: no references
[29.862s][debug][gc,ref         ] GC(80) ReferenceProcessor::execute queues: 1, RefProcThreadModel::Single, marks_oops_alive: false
[29.862s][debug][gc,phases      ] GC(80) Reference Processing 0.119ms
[29.862s][debug][gc,phases      ] GC(80)   VM Weak                        Min:  0.0, Avg:  0.0, Max:  0.0, Diff:  0.0, Sum:  0.0, Workers: 4
[29.862s][debug][gc,phases      ] GC(80)     Dead                           Min: 0, Avg:  0.0, Max: 0, Diff: 0, Sum: 0, Workers: 4
[29.862s][debug][gc,phases      ] GC(80)     Total                          Min: 0, Avg: 153.0, Max: 612, Diff: 612, Sum: 612, Workers: 4
[29.862s][debug][gc,phases      ] GC(80)   ObjectSynchronizer Weak        Min:  0.0, Avg:  0.0, Max:  0.0, Diff:  0.0, Sum:  0.0, Workers: 4
[29.862s][debug][gc,phases      ] GC(80)     Dead                           Min: 0, Avg:  0.0, Max: 0, Diff: 0, Sum: 0, Workers: 4
[29.862s][debug][gc,phases      ] GC(80)     Total                          Min: 0, Avg: 89.8, Max: 192, Diff: 192, Sum: 359, Workers: 4
[29.862s][debug][gc,phases      ] GC(80)   JVMTI Tag Weak OopStorage      Min:  0.0, Avg:  0.0, Max:  0.0, Diff:  0.0, Sum:  0.0, Workers: 4
[29.862s][debug][gc,phases      ] GC(80)     Dead                           Min: 0, Avg:  0.0, Max: 0, Diff: 0, Sum: 0, Workers: 4
[29.862s][debug][gc,phases      ] GC(80)     Total                          Min: 0, Avg:  0.0, Max: 0, Diff: 0, Sum: 0, Workers: 4
[29.862s][debug][gc,phases      ] GC(80)   StringTable Weak               Min:  0.1, Avg:  0.1, Max:  0.1, Diff:  0.0, Sum:  0.3, Workers: 4
[29.862s][debug][gc,phases      ] GC(80)     Dead                           Min: 0, Avg:  1.2, Max: 3, Diff: 3, Sum: 5, Workers: 4
[29.862s][debug][gc,phases      ] GC(80)     Total                          Min: 8567, Avg: 10957.8, Max: 13888, Diff: 5321, Sum: 43831, Workers: 4
[29.862s][debug][gc,phases      ] GC(80)   ResolvedMethodTable Weak       Min:  0.0, Avg:  0.0, Max:  0.0, Diff:  0.0, Sum:  0.1, Workers: 4
[29.862s][debug][gc,phases      ] GC(80)     Dead                           Min: 0, Avg:  8.2, Max: 25, Diff: 25, Sum: 33, Workers: 4
[29.862s][debug][gc,phases      ] GC(80)     Total                          Min: 1408, Avg: 1898.5, Max: 2367, Diff: 959, Sum: 7594, Workers: 4
[29.862s][debug][gc,phases      ] GC(80)   JNI Weak                       Min:  0.0, Avg:  0.0, Max:  0.0, Diff:  0.0, Sum:  0.0, Workers: 4
[29.862s][debug][gc,phases      ] GC(80)     Dead                           Min: 0, Avg:  0.0, Max: 0, Diff: 0, Sum: 0, Workers: 4
[29.862s][debug][gc,phases      ] GC(80)     Total                          Min: 0, Avg:  0.0, Max: 0, Diff: 0, Sum: 0, Workers: 4
[29.862s][debug][gc,phases      ] GC(80)   StringDedup Table Weak         Min:  0.0, Avg:  0.0, Max:  0.0, Diff:  0.0, Sum:  0.0, Workers: 4
[29.862s][debug][gc,phases      ] GC(80)     Dead                           Min: 0, Avg:  0.0, Max: 0, Diff: 0, Sum: 0, Workers: 4
[29.862s][debug][gc,phases      ] GC(80)     Total                          Min: 0, Avg:  0.0, Max: 0, Diff: 0, Sum: 0, Workers: 4
[29.862s][debug][gc,phases      ] GC(80)   StringDedup Requests0 Weak     Min:  0.0, Avg:  0.0, Max:  0.0, Diff:  0.0, Sum:  0.0, Workers: 4
[29.862s][debug][gc,phases      ] GC(80)     Dead                           Min: 0, Avg:  0.0, Max: 0, Diff: 0, Sum: 0, Workers: 4
[29.862s][debug][gc,phases      ] GC(80)     Total                          Min: 0, Avg:  0.0, Max: 0, Diff: 0, Sum: 0, Workers: 4
[29.862s][debug][gc,phases      ] GC(80)   StringDedup Requests1 Weak     Min:  0.0, Avg:  0.0, Max:  0.0, Diff:  0.0, Sum:  0.0, Workers: 4
[29.862s][debug][gc,phases      ] GC(80)     Dead                           Min: 0, Avg:  0.0, Max: 0, Diff: 0, Sum: 0, Workers: 4
[29.862s][debug][gc,phases      ] GC(80)     Total                          Min: 0, Avg:  0.0, Max: 0, Diff: 0, Sum: 0, Workers: 4
[29.862s][debug][gc,phases      ] GC(80)   Weak JFR Old Object Samples    Min:  0.0, Avg:  0.0, Max:  0.0, Diff:  0.0, Sum:  0.0, Workers: 4
[29.862s][debug][gc,phases      ] GC(80)     Dead                           Min: 0, Avg:  0.0, Max: 0, Diff: 0, Sum: 0, Workers: 4
[29.862s][debug][gc,phases      ] GC(80)     Total                          Min: 0, Avg:  0.0, Max: 0, Diff: 0, Sum: 0, Workers: 4
[29.862s][debug][gc,phases      ] GC(80) Weak Processing 0.263ms
[29.862s][debug][gc,age         ] GC(80) Desired survivor size 93323264 bytes, new threshold 15 (max threshold 15)
[29.862s][info ][gc,heap        ] GC(80) PSYoungGen: 1958624K(1999360K)->57552K(2006016K) Eden: 1904128K(1904128K)->0K(1912832K) From: 54496K(95232K)->57552K(93184K)
[29.862s][info ][gc,heap        ] GC(80) ParOldGen: 581367K(622592K)->586515K(622592K)
[29.862s][info ][gc,metaspace   ] GC(80) Metaspace: 71374K(72128K)->71374K(72128K) NonClass: 61016K(61440K)->61016K(61440K) Class: 10358K(10688K)->10358K(10688K)
[29.862s][info ][gc             ] GC(80) Pause Young (Allocation Failure) 2480M->628M(2567M) 27.765ms
[29.862s][info ][gc,cpu         ] GC(80) User=0.11s Sys=0.00s Real=0.02s
[29.862s][info ][safepoint      ] Safepoint "ParallelGCFailedAllocation", Time since last: 91411313 ns, Reaching safepoint: 107600 ns, At safepoint: 27837735 ns, Total: 27945335 ns
[30.146s][info ][safepoint      ] Safepoint "ICBufferFull", Time since last: 283144350 ns, Reaching safepoint: 1007701 ns, At safepoint: 30400 ns, Total: 1038101 ns
[30.155s][info ][gc,start       ] GC(81) Pause Young (Allocation Failure)
[30.176s][debug][gc,phases      ] GC(81) Scavenge 20.271ms
[30.176s][debug][gc,ref         ] GC(81) Skipped phase 1 of Reference Processing: no references
[30.176s][debug][gc,ref         ] GC(81) ReferenceProcessor::execute queues: 1, RefProcThreadModel::Single, marks_oops_alive: false
[30.176s][debug][gc,ref         ] GC(81) Skipped phase 3 of Reference Processing: no references
[30.176s][debug][gc,ref         ] GC(81) ReferenceProcessor::execute queues: 1, RefProcThreadModel::Single, marks_oops_alive: false
[30.176s][debug][gc,phases      ] GC(81) Reference Processing 0.105ms
[30.176s][debug][gc,phases      ] GC(81)   VM Weak                        Min:  0.0, Avg:  0.0, Max:  0.0, Diff:  0.0, Sum:  0.0, Workers: 4
[30.176s][debug][gc,phases      ] GC(81)     Dead                           Min: 0, Avg:  0.0, Max: 0, Diff: 0, Sum: 0, Workers: 4
[30.176s][debug][gc,phases      ] GC(81)     Total                          Min: 0, Avg: 153.0, Max: 612, Diff: 612, Sum: 612, Workers: 4
[30.176s][debug][gc,phases      ] GC(81)   ObjectSynchronizer Weak        Min:  0.0, Avg:  0.0, Max:  0.0, Diff:  0.0, Sum:  0.0, Workers: 4
[30.176s][debug][gc,phases      ] GC(81)     Dead                           Min: 0, Avg:  0.0, Max: 0, Diff: 0, Sum: 0, Workers: 4
[30.176s][debug][gc,phases      ] GC(81)     Total                          Min: 0, Avg: 89.8, Max: 359, Diff: 359, Sum: 359, Workers: 4
[30.176s][debug][gc,phases      ] GC(81)   JVMTI Tag Weak OopStorage      Min:  0.0, Avg:  0.0, Max:  0.0, Diff:  0.0, Sum:  0.0, Workers: 4
[30.176s][debug][gc,phases      ] GC(81)     Dead                           Min: 0, Avg:  0.0, Max: 0, Diff: 0, Sum: 0, Workers: 4
[30.176s][debug][gc,phases      ] GC(81)     Total                          Min: 0, Avg:  0.0, Max: 0, Diff: 0, Sum: 0, Workers: 4
[30.176s][debug][gc,phases      ] GC(81)   StringTable Weak               Min:  0.1, Avg:  0.1, Max:  0.1, Diff:  0.0, Sum:  0.3, Workers: 4
[30.176s][debug][gc,phases      ] GC(81)     Dead                           Min: 0, Avg:  0.2, Max: 1, Diff: 1, Sum: 1, Workers: 4
[30.176s][debug][gc,phases      ] GC(81)     Total                          Min: 10048, Avg: 10960.2, Max: 11840, Diff: 1792, Sum: 43841, Workers: 4
[30.176s][debug][gc,phases      ] GC(81)   ResolvedMethodTable Weak       Min:  0.0, Avg:  0.0, Max:  0.0, Diff:  0.0, Sum:  0.1, Workers: 4
[30.176s][debug][gc,phases      ] GC(81)     Dead                           Min: 0, Avg:  0.0, Max: 0, Diff: 0, Sum: 0, Workers: 4
[30.176s][debug][gc,phases      ] GC(81)     Total                          Min: 1855, Avg: 1900.0, Max: 1984, Diff: 129, Sum: 7600, Workers: 4
[30.176s][debug][gc,phases      ] GC(81)   JNI Weak                       Min:  0.0, Avg:  0.0, Max:  0.0, Diff:  0.0, Sum:  0.0, Workers: 4
[30.176s][debug][gc,phases      ] GC(81)     Dead                           Min: 0, Avg:  0.0, Max: 0, Diff: 0, Sum: 0, Workers: 4
[30.176s][debug][gc,phases      ] GC(81)     Total                          Min: 0, Avg:  4.8, Max: 19, Diff: 19, Sum: 19, Workers: 4
[30.176s][debug][gc,phases      ] GC(81)   StringDedup Table Weak         Min:  0.0, Avg:  0.0, Max:  0.0, Diff:  0.0, Sum:  0.0, Workers: 4
[30.176s][debug][gc,phases      ] GC(81)     Dead                           Min: 0, Avg:  0.0, Max: 0, Diff: 0, Sum: 0, Workers: 4
[30.176s][debug][gc,phases      ] GC(81)     Total                          Min: 0, Avg:  0.0, Max: 0, Diff: 0, Sum: 0, Workers: 4
[30.176s][debug][gc,phases      ] GC(81)   StringDedup Requests0 Weak     Min:  0.0, Avg:  0.0, Max:  0.0, Diff:  0.0, Sum:  0.0, Workers: 4
[30.176s][debug][gc,phases      ] GC(81)     Dead                           Min: 0, Avg:  0.0, Max: 0, Diff: 0, Sum: 0, Workers: 4
[30.176s][debug][gc,phases      ] GC(81)     Total                          Min: 0, Avg:  0.0, Max: 0, Diff: 0, Sum: 0, Workers: 4
[30.176s][debug][gc,phases      ] GC(81)   StringDedup Requests1 Weak     Min:  0.0, Avg:  0.0, Max:  0.0, Diff:  0.0, Sum:  0.0, Workers: 4
[30.176s][debug][gc,phases      ] GC(81)     Dead                           Min: 0, Avg:  0.0, Max: 0, Diff: 0, Sum: 0, Workers: 4
[30.176s][debug][gc,phases      ] GC(81)     Total                          Min: 0, Avg:  0.0, Max: 0, Diff: 0, Sum: 0, Workers: 4
[30.176s][debug][gc,phases      ] GC(81)   Weak JFR Old Object Samples    Min:  0.0, Avg:  0.0, Max:  0.0, Diff:  0.0, Sum:  0.0, Workers: 4
[30.176s][debug][gc,phases      ] GC(81)     Dead                           Min: 0, Avg:  0.0, Max: 0, Diff: 0, Sum: 0, Workers: 4
[30.176s][debug][gc,phases      ] GC(81)     Total                          Min: 0, Avg:  0.0, Max: 0, Diff: 0, Sum: 0, Workers: 4
[30.176s][debug][gc,phases      ] GC(81) Weak Processing 0.237ms
[30.176s][debug][gc,age         ] GC(81) Desired survivor size 90177536 bytes, new threshold 15 (max threshold 15)
[30.176s][info ][gc,heap        ] GC(81) PSYoungGen: 1970384K(2006016K)->61840K(2003968K) Eden: 1912832K(1912832K)->0K(1912832K) From: 57552K(93184K)->61840K(91136K)
[30.176s][info ][gc,heap        ] GC(81) ParOldGen: 586515K(622592K)->590283K(622592K)
[30.176s][info ][gc,metaspace   ] GC(81) Metaspace: 71513K(72256K)->71513K(72256K) NonClass: 61152K(61568K)->61152K(61568K) Class: 10361K(10688K)->10361K(10688K)
[30.176s][info ][gc             ] GC(81) Pause Young (Allocation Failure) 2496M->636M(2565M) 20.710ms
[30.176s][info ][gc,cpu         ] GC(81) User=0.07s Sys=0.01s Real=0.02s
[30.176s][info ][safepoint      ] Safepoint "ParallelGCFailedAllocation", Time since last: 8809511 ns, Reaching safepoint: 114700 ns, At safepoint: 20816926 ns, Total: 20931626 ns
[30.484s][info ][safepoint      ] Safepoint "ICBufferFull", Time since last: 307992081 ns, Reaching safepoint: 262800 ns, At safepoint: 27901 ns, Total: 290701 ns
[30.574s][info ][gc,start       ] GC(82) Pause Young (Allocation Failure)
[30.594s][debug][gc,phases      ] GC(82) Scavenge 19.601ms
[30.594s][debug][gc,ref         ] GC(82) Skipped phase 1 of Reference Processing: no references
[30.594s][debug][gc,ref         ] GC(82) ReferenceProcessor::execute queues: 1, RefProcThreadModel::Single, marks_oops_alive: false
[30.594s][debug][gc,ref         ] GC(82) Skipped phase 3 of Reference Processing: no references
[30.594s][debug][gc,ref         ] GC(82) ReferenceProcessor::execute queues: 1, RefProcThreadModel::Single, marks_oops_alive: false
[30.594s][debug][gc,phases      ] GC(82) Reference Processing 0.104ms
[30.594s][debug][gc,phases      ] GC(82)   VM Weak                        Min:  0.0, Avg:  0.0, Max:  0.0, Diff:  0.0, Sum:  0.0, Workers: 4
[30.594s][debug][gc,phases      ] GC(82)     Dead                           Min: 0, Avg:  0.0, Max: 0, Diff: 0, Sum: 0, Workers: 4
[30.594s][debug][gc,phases      ] GC(82)     Total                          Min: 0, Avg: 153.0, Max: 420, Diff: 420, Sum: 612, Workers: 4
[30.594s][debug][gc,phases      ] GC(82)   ObjectSynchronizer Weak        Min:  0.0, Avg:  0.0, Max:  0.0, Diff:  0.0, Sum:  0.0, Workers: 4
[30.594s][debug][gc,phases      ] GC(82)     Dead                           Min: 0, Avg:  0.0, Max: 0, Diff: 0, Sum: 0, Workers: 4
[30.594s][debug][gc,phases      ] GC(82)     Total                          Min: 0, Avg: 89.8, Max: 231, Diff: 231, Sum: 359, Workers: 4
[30.594s][debug][gc,phases      ] GC(82)   JVMTI Tag Weak OopStorage      Min:  0.0, Avg:  0.0, Max:  0.0, Diff:  0.0, Sum:  0.0, Workers: 4
[30.594s][debug][gc,phases      ] GC(82)     Dead                           Min: 0, Avg:  0.0, Max: 0, Diff: 0, Sum: 0, Workers: 4
[30.594s][debug][gc,phases      ] GC(82)     Total                          Min: 0, Avg:  0.0, Max: 0, Diff: 0, Sum: 0, Workers: 4
[30.594s][debug][gc,phases      ] GC(82)   StringTable Weak               Min:  0.1, Avg:  0.1, Max:  0.1, Diff:  0.0, Sum:  0.3, Workers: 4
[30.594s][debug][gc,phases      ] GC(82)     Dead                           Min: 0, Avg:  0.0, Max: 0, Diff: 0, Sum: 0, Workers: 4
[30.594s][debug][gc,phases      ] GC(82)     Total                          Min: 9920, Avg: 10962.0, Max: 11712, Diff: 1792, Sum: 43848, Workers: 4
[30.594s][debug][gc,phases      ] GC(82)   ResolvedMethodTable Weak       Min:  0.0, Avg:  0.0, Max:  0.0, Diff:  0.0, Sum:  0.1, Workers: 4
[30.594s][debug][gc,phases      ] GC(82)     Dead                           Min: 0, Avg:  0.0, Max: 0, Diff: 0, Sum: 0, Workers: 4
[30.594s][debug][gc,phases      ] GC(82)     Total                          Min: 1344, Avg: 1900.0, Max: 2559, Diff: 1215, Sum: 7600, Workers: 4
[30.594s][debug][gc,phases      ] GC(82)   JNI Weak                       Min:  0.0, Avg:  0.0, Max:  0.0, Diff:  0.0, Sum:  0.0, Workers: 4
[30.594s][debug][gc,phases      ] GC(82)     Dead                           Min: 0, Avg:  0.0, Max: 0, Diff: 0, Sum: 0, Workers: 4
[30.594s][debug][gc,phases      ] GC(82)     Total                          Min: 0, Avg:  1.2, Max: 5, Diff: 5, Sum: 5, Workers: 4
[30.594s][debug][gc,phases      ] GC(82)   StringDedup Table Weak         Min:  0.0, Avg:  0.0, Max:  0.0, Diff:  0.0, Sum:  0.0, Workers: 4
[30.594s][debug][gc,phases      ] GC(82)     Dead                           Min: 0, Avg:  0.0, Max: 0, Diff: 0, Sum: 0, Workers: 4
[30.594s][debug][gc,phases      ] GC(82)     Total                          Min: 0, Avg:  0.0, Max: 0, Diff: 0, Sum: 0, Workers: 4
[30.594s][debug][gc,phases      ] GC(82)   StringDedup Requests0 Weak     Min:  0.0, Avg:  0.0, Max:  0.0, Diff:  0.0, Sum:  0.0, Workers: 4
[30.594s][debug][gc,phases      ] GC(82)     Dead                           Min: 0, Avg:  0.0, Max: 0, Diff: 0, Sum: 0, Workers: 4
[30.594s][debug][gc,phases      ] GC(82)     Total                          Min: 0, Avg:  0.0, Max: 0, Diff: 0, Sum: 0, Workers: 4
[30.594s][debug][gc,phases      ] GC(82)   StringDedup Requests1 Weak     Min:  0.0, Avg:  0.0, Max:  0.0, Diff:  0.0, Sum:  0.0, Workers: 4
[30.594s][debug][gc,phases      ] GC(82)     Dead                           Min: 0, Avg:  0.0, Max: 0, Diff: 0, Sum: 0, Workers: 4
[30.594s][debug][gc,phases      ] GC(82)     Total                          Min: 0, Avg:  0.0, Max: 0, Diff: 0, Sum: 0, Workers: 4
[30.594s][debug][gc,phases      ] GC(82)   Weak JFR Old Object Samples    Min:  0.0, Avg:  0.0, Max:  0.0, Diff:  0.0, Sum:  0.0, Workers: 4
[30.594s][debug][gc,phases      ] GC(82)     Dead                           Min: 0, Avg:  0.0, Max: 0, Diff: 0, Sum: 0, Workers: 4
[30.594s][debug][gc,phases      ] GC(82)     Total                          Min: 0, Avg:  0.0, Max: 0, Diff: 0, Sum: 0, Workers: 4
[30.594s][debug][gc,phases      ] GC(82) Weak Processing 0.259ms
[30.594s][debug][gc,age         ] GC(82) Desired survivor size 88080384 bytes, new threshold 15 (max threshold 15)
[30.594s][info ][gc,heap        ] GC(82) PSYoungGen: 1974672K(2003968K)->63200K(2011136K) Eden: 1912832K(1912832K)->0K(1923072K) From: 61840K(91136K)->63200K(88064K)
[30.594s][info ][gc,heap        ] GC(82) ParOldGen: 590283K(622592K)->592939K(622592K)
[30.594s][info ][gc,metaspace   ] GC(82) Metaspace: 71743K(72512K)->71743K(72512K) NonClass: 61380K(61824K)->61380K(61824K) Class: 10362K(10688K)->10362K(10688K)
[30.594s][info ][gc             ] GC(82) Pause Young (Allocation Failure) 2504M->640M(2572M) 20.069ms
[30.594s][info ][gc,cpu         ] GC(82) User=0.08s Sys=0.00s Real=0.02s
[30.594s][info ][safepoint      ] Safepoint "ParallelGCFailedAllocation", Time since last: 89707611 ns, Reaching safepoint: 195200 ns, At safepoint: 20165325 ns, Total: 20360525 ns
[31.015s][info ][gc,start       ] GC(83) Pause Young (Allocation Failure)
[31.045s][debug][gc,phases      ] GC(83) Scavenge 29.341ms
[31.045s][debug][gc,ref         ] GC(83) Skipped phase 1 of Reference Processing: no references
[31.045s][debug][gc,ref         ] GC(83) ReferenceProcessor::execute queues: 1, RefProcThreadModel::Single, marks_oops_alive: false
[31.045s][debug][gc,ref         ] GC(83) Skipped phase 3 of Reference Processing: no references
[31.045s][debug][gc,ref         ] GC(83) ReferenceProcessor::execute queues: 1, RefProcThreadModel::Single, marks_oops_alive: false
[31.045s][debug][gc,phases      ] GC(83) Reference Processing 0.111ms
[31.045s][debug][gc,phases      ] GC(83)   VM Weak                        Min:  0.0, Avg:  0.0, Max:  0.0, Diff:  0.0, Sum:  0.0, Workers: 4
[31.045s][debug][gc,phases      ] GC(83)     Dead                           Min: 0, Avg:  0.0, Max: 0, Diff: 0, Sum: 0, Workers: 4
[31.045s][debug][gc,phases      ] GC(83)     Total                          Min: 0, Avg: 153.0, Max: 448, Diff: 448, Sum: 612, Workers: 4
[31.045s][debug][gc,phases      ] GC(83)   ObjectSynchronizer Weak        Min:  0.0, Avg:  0.0, Max:  0.0, Diff:  0.0, Sum:  0.0, Workers: 4
[31.045s][debug][gc,phases      ] GC(83)     Dead                           Min: 0, Avg:  0.0, Max: 0, Diff: 0, Sum: 0, Workers: 4
[31.045s][debug][gc,phases      ] GC(83)     Total                          Min: 0, Avg: 89.8, Max: 167, Diff: 167, Sum: 359, Workers: 4
[31.045s][debug][gc,phases      ] GC(83)   JVMTI Tag Weak OopStorage      Min:  0.0, Avg:  0.0, Max:  0.0, Diff:  0.0, Sum:  0.0, Workers: 4
[31.045s][debug][gc,phases      ] GC(83)     Dead                           Min: 0, Avg:  0.0, Max: 0, Diff: 0, Sum: 0, Workers: 4
[31.045s][debug][gc,phases      ] GC(83)     Total                          Min: 0, Avg:  0.0, Max: 0, Diff: 0, Sum: 0, Workers: 4
[31.045s][debug][gc,phases      ] GC(83)   StringTable Weak               Min:  0.1, Avg:  0.1, Max:  0.1, Diff:  0.0, Sum:  0.3, Workers: 4
[31.045s][debug][gc,phases      ] GC(83)     Dead                           Min: 0, Avg:  0.0, Max: 0, Diff: 0, Sum: 0, Workers: 4
[31.045s][debug][gc,phases      ] GC(83)     Total                          Min: 7824, Avg: 10964.0, Max: 12416, Diff: 4592, Sum: 43856, Workers: 4
[31.045s][debug][gc,phases      ] GC(83)   ResolvedMethodTable Weak       Min:  0.0, Avg:  0.0, Max:  0.0, Diff:  0.0, Sum:  0.1, Workers: 4
[31.045s][debug][gc,phases      ] GC(83)     Dead                           Min: 0, Avg:  0.0, Max: 0, Diff: 0, Sum: 0, Workers: 4
[31.045s][debug][gc,phases      ] GC(83)     Total                          Min: 1472, Avg: 1900.0, Max: 2367, Diff: 895, Sum: 7600, Workers: 4
[31.045s][debug][gc,phases      ] GC(83)   JNI Weak                       Min:  0.0, Avg:  0.0, Max:  0.0, Diff:  0.0, Sum:  0.0, Workers: 4
[31.045s][debug][gc,phases      ] GC(83)     Dead                           Min: 0, Avg:  0.0, Max: 0, Diff: 0, Sum: 0, Workers: 4
[31.045s][debug][gc,phases      ] GC(83)     Total                          Min: 0, Avg:  0.0, Max: 0, Diff: 0, Sum: 0, Workers: 4
[31.045s][debug][gc,phases      ] GC(83)   StringDedup Table Weak         Min:  0.0, Avg:  0.0, Max:  0.0, Diff:  0.0, Sum:  0.0, Workers: 4
[31.045s][debug][gc,phases      ] GC(83)     Dead                           Min: 0, Avg:  0.0, Max: 0, Diff: 0, Sum: 0, Workers: 4
[31.045s][debug][gc,phases      ] GC(83)     Total                          Min: 0, Avg:  0.0, Max: 0, Diff: 0, Sum: 0, Workers: 4
[31.045s][debug][gc,phases      ] GC(83)   StringDedup Requests0 Weak     Min:  0.0, Avg:  0.0, Max:  0.0, Diff:  0.0, Sum:  0.0, Workers: 4
[31.045s][debug][gc,phases      ] GC(83)     Dead                           Min: 0, Avg:  0.0, Max: 0, Diff: 0, Sum: 0, Workers: 4
[31.045s][debug][gc,phases      ] GC(83)     Total                          Min: 0, Avg:  0.0, Max: 0, Diff: 0, Sum: 0, Workers: 4
[31.045s][debug][gc,phases      ] GC(83)   StringDedup Requests1 Weak     Min:  0.0, Avg:  0.0, Max:  0.0, Diff:  0.0, Sum:  0.0, Workers: 4
[31.045s][debug][gc,phases      ] GC(83)     Dead                           Min: 0, Avg:  0.0, Max: 0, Diff: 0, Sum: 0, Workers: 4
[31.045s][debug][gc,phases      ] GC(83)     Total                          Min: 0, Avg:  0.0, Max: 0, Diff: 0, Sum: 0, Workers: 4
[31.045s][debug][gc,phases      ] GC(83)   Weak JFR Old Object Samples    Min:  0.0, Avg:  0.0, Max:  0.0, Diff:  0.0, Sum:  0.0, Workers: 4
[31.045s][debug][gc,phases      ] GC(83)     Dead                           Min: 0, Avg:  0.0, Max: 0, Diff: 0, Sum: 0, Workers: 4
[31.045s][debug][gc,phases      ] GC(83)     Total                          Min: 0, Avg:  0.0, Max: 0, Diff: 0, Sum: 0, Workers: 4
[31.045s][debug][gc,phases      ] GC(83) Weak Processing 0.248ms
[31.045s][debug][gc,age         ] GC(83) Desired survivor size 88604672 bytes, new threshold 15 (max threshold 15)
[31.045s][info ][gc,heap        ] GC(83) PSYoungGen: 1986272K(2011136K)->70176K(2009088K) Eden: 1923072K(1923072K)->0K(1923072K) From: 63200K(88064K)->70176K(86016K)
[31.045s][info ][gc,heap        ] GC(83) ParOldGen: 592939K(622592K)->596851K(622592K)
[31.045s][info ][gc,metaspace   ] GC(83) Metaspace: 71862K(72576K)->71862K(72576K) NonClass: 61498K(61888K)->61498K(61888K) Class: 10363K(10688K)->10363K(10688K)
[31.045s][info ][gc             ] GC(83) Pause Young (Allocation Failure) 2518M->651M(2570M) 29.806ms
[31.045s][info ][gc,cpu         ] GC(83) User=0.11s Sys=0.01s Real=0.03s
[31.045s][info ][safepoint      ] Safepoint "ParallelGCFailedAllocation", Time since last: 420655920 ns, Reaching safepoint: 226600 ns, At safepoint: 29904937 ns, Total: 30131537 ns
[31.334s][info ][safepoint      ] Safepoint "ICBufferFull", Time since last: 288794158 ns, Reaching safepoint: 202700 ns, At safepoint: 40400 ns, Total: 243100 ns
[31.427s][info ][gc,start       ] GC(84) Pause Young (Allocation Failure)
[31.447s][debug][gc,phases      ] GC(84) Scavenge 19.964ms
[31.447s][debug][gc,ref         ] GC(84) Skipped phase 1 of Reference Processing: no references
[31.447s][debug][gc,ref         ] GC(84) ReferenceProcessor::execute queues: 1, RefProcThreadModel::Single, marks_oops_alive: false
[31.447s][debug][gc,ref         ] GC(84) Skipped phase 3 of Reference Processing: no references
[31.447s][debug][gc,ref         ] GC(84) ReferenceProcessor::execute queues: 1, RefProcThreadModel::Single, marks_oops_alive: false
[31.447s][debug][gc,phases      ] GC(84) Reference Processing 0.117ms
[31.447s][debug][gc,phases      ] GC(84)   VM Weak                        Min:  0.0, Avg:  0.0, Max:  0.0, Diff:  0.0, Sum:  0.0, Workers: 4
[31.447s][debug][gc,phases      ] GC(84)     Dead                           Min: 0, Avg:  0.0, Max: 0, Diff: 0, Sum: 0, Workers: 4
[31.447s][debug][gc,phases      ] GC(84)     Total                          Min: 0, Avg: 153.0, Max: 612, Diff: 612, Sum: 612, Workers: 4
[31.447s][debug][gc,phases      ] GC(84)   ObjectSynchronizer Weak        Min:  0.0, Avg:  0.0, Max:  0.0, Diff:  0.0, Sum:  0.0, Workers: 4
[31.447s][debug][gc,phases      ] GC(84)     Dead                           Min: 0, Avg:  0.2, Max: 1, Diff: 1, Sum: 1, Workers: 4
[31.447s][debug][gc,phases      ] GC(84)     Total                          Min: 0, Avg: 90.0, Max: 192, Diff: 192, Sum: 360, Workers: 4
[31.447s][debug][gc,phases      ] GC(84)   JVMTI Tag Weak OopStorage      Min:  0.0, Avg:  0.0, Max:  0.0, Diff:  0.0, Sum:  0.0, Workers: 4
[31.447s][debug][gc,phases      ] GC(84)     Dead                           Min: 0, Avg:  0.0, Max: 0, Diff: 0, Sum: 0, Workers: 4
[31.447s][debug][gc,phases      ] GC(84)     Total                          Min: 0, Avg:  0.0, Max: 0, Diff: 0, Sum: 0, Workers: 4
[31.447s][debug][gc,phases      ] GC(84)   StringTable Weak               Min:  0.1, Avg:  0.1, Max:  0.1, Diff:  0.0, Sum:  0.3, Workers: 4
[31.447s][debug][gc,phases      ] GC(84)     Dead                           Min: 0, Avg:  0.0, Max: 0, Diff: 0, Sum: 0, Workers: 4
[31.447s][debug][gc,phases      ] GC(84)     Total                          Min: 8576, Avg: 10975.5, Max: 13694, Diff: 5118, Sum: 43902, Workers: 4
[31.447s][debug][gc,phases      ] GC(84)   ResolvedMethodTable Weak       Min:  0.0, Avg:  0.0, Max:  0.0, Diff:  0.0, Sum:  0.1, Workers: 4
[31.447s][debug][gc,phases      ] GC(84)     Dead                           Min: 0, Avg:  0.0, Max: 0, Diff: 0, Sum: 0, Workers: 4
[31.447s][debug][gc,phases      ] GC(84)     Total                          Min: 1600, Avg: 1900.5, Max: 2304, Diff: 704, Sum: 7602, Workers: 4
[31.447s][debug][gc,phases      ] GC(84)   JNI Weak                       Min:  0.0, Avg:  0.0, Max:  0.0, Diff:  0.0, Sum:  0.0, Workers: 4
[31.447s][debug][gc,phases      ] GC(84)     Dead                           Min: 0, Avg:  0.0, Max: 0, Diff: 0, Sum: 0, Workers: 4
[31.447s][debug][gc,phases      ] GC(84)     Total                          Min: 0, Avg:  0.0, Max: 0, Diff: 0, Sum: 0, Workers: 4
[31.447s][debug][gc,phases      ] GC(84)   StringDedup Table Weak         Min:  0.0, Avg:  0.0, Max:  0.0, Diff:  0.0, Sum:  0.0, Workers: 4
[31.447s][debug][gc,phases      ] GC(84)     Dead                           Min: 0, Avg:  0.0, Max: 0, Diff: 0, Sum: 0, Workers: 4
[31.447s][debug][gc,phases      ] GC(84)     Total                          Min: 0, Avg:  0.0, Max: 0, Diff: 0, Sum: 0, Workers: 4
[31.447s][debug][gc,phases      ] GC(84)   StringDedup Requests0 Weak     Min:  0.0, Avg:  0.0, Max:  0.0, Diff:  0.0, Sum:  0.0, Workers: 4
[31.447s][debug][gc,phases      ] GC(84)     Dead                           Min: 0, Avg:  0.0, Max: 0, Diff: 0, Sum: 0, Workers: 4
[31.447s][debug][gc,phases      ] GC(84)     Total                          Min: 0, Avg:  0.0, Max: 0, Diff: 0, Sum: 0, Workers: 4
[31.447s][debug][gc,phases      ] GC(84)   StringDedup Requests1 Weak     Min:  0.0, Avg:  0.0, Max:  0.0, Diff:  0.0, Sum:  0.0, Workers: 4
[31.447s][debug][gc,phases      ] GC(84)     Dead                           Min: 0, Avg:  0.0, Max: 0, Diff: 0, Sum: 0, Workers: 4
[31.447s][debug][gc,phases      ] GC(84)     Total                          Min: 0, Avg:  0.0, Max: 0, Diff: 0, Sum: 0, Workers: 4
[31.447s][debug][gc,phases      ] GC(84)   Weak JFR Old Object Samples    Min:  0.0, Avg:  0.0, Max:  0.0, Diff:  0.0, Sum:  0.0, Workers: 4
[31.447s][debug][gc,phases      ] GC(84)     Dead                           Min: 0, Avg:  0.0, Max: 0, Diff: 0, Sum: 0, Workers: 4
[31.447s][debug][gc,phases      ] GC(84)     Total                          Min: 0, Avg:  0.0, Max: 0, Diff: 0, Sum: 0, Workers: 4
[31.447s][debug][gc,phases      ] GC(84) Weak Processing 0.238ms
[31.447s][debug][gc,age         ] GC(84) Desired survivor size 86507520 bytes, new threshold 15 (max threshold 15)
[31.447s][info ][gc,heap        ] GC(84) PSYoungGen: 1993248K(2009088K)->61056K(2012672K) Eden: 1923072K(1923072K)->0K(1926144K) From: 70176K(86016K)->61056K(86528K)
[31.447s][info ][gc,heap        ] GC(84) ParOldGen: 596851K(622592K)->601107K(622592K)
[31.447s][info ][gc,metaspace   ] GC(84) Metaspace: 71953K(72704K)->71953K(72704K) NonClass: 61588K(62016K)->61588K(62016K) Class: 10364K(10688K)->10364K(10688K)
[31.447s][info ][gc             ] GC(84) Pause Young (Allocation Failure) 2529M->646M(2573M) 20.426ms
[31.447s][info ][gc,cpu         ] GC(84) User=0.08s Sys=0.01s Real=0.02s
[31.447s][info ][safepoint      ] Safepoint "ParallelGCFailedAllocation", Time since last: 92577715 ns, Reaching safepoint: 131600 ns, At safepoint: 20516325 ns, Total: 20647925 ns
[31.783s][info ][gc,start       ] GC(85) Pause Young (Allocation Failure)
[31.798s][debug][gc,phases      ] GC(85) Scavenge 14.741ms
[31.798s][debug][gc,ref         ] GC(85) Skipped phase 1 of Reference Processing: no references
[31.798s][debug][gc,ref         ] GC(85) ReferenceProcessor::execute queues: 1, RefProcThreadModel::Single, marks_oops_alive: false
[31.798s][debug][gc,ref         ] GC(85) Skipped phase 3 of Reference Processing: no references
[31.798s][debug][gc,ref         ] GC(85) ReferenceProcessor::execute queues: 1, RefProcThreadModel::Single, marks_oops_alive: false
[31.798s][debug][gc,phases      ] GC(85) Reference Processing 0.101ms
[31.798s][debug][gc,phases      ] GC(85)   VM Weak                        Min:  0.0, Avg:  0.0, Max:  0.0, Diff:  0.0, Sum:  0.0, Workers: 4
[31.798s][debug][gc,phases      ] GC(85)     Dead                           Min: 0, Avg:  0.0, Max: 0, Diff: 0, Sum: 0, Workers: 4
[31.798s][debug][gc,phases      ] GC(85)     Total                          Min: 0, Avg: 153.0, Max: 612, Diff: 612, Sum: 612, Workers: 4
[31.798s][debug][gc,phases      ] GC(85)   ObjectSynchronizer Weak        Min:  0.0, Avg:  0.0, Max:  0.0, Diff:  0.0, Sum:  0.0, Workers: 4
[31.798s][debug][gc,phases      ] GC(85)     Dead                           Min: 0, Avg:  0.0, Max: 0, Diff: 0, Sum: 0, Workers: 4
[31.798s][debug][gc,phases      ] GC(85)     Total                          Min: 0, Avg: 90.0, Max: 192, Diff: 192, Sum: 360, Workers: 4
[31.798s][debug][gc,phases      ] GC(85)   JVMTI Tag Weak OopStorage      Min:  0.0, Avg:  0.0, Max:  0.0, Diff:  0.0, Sum:  0.0, Workers: 4
[31.798s][debug][gc,phases      ] GC(85)     Dead                           Min: 0, Avg:  0.0, Max: 0, Diff: 0, Sum: 0, Workers: 4
[31.798s][debug][gc,phases      ] GC(85)     Total                          Min: 0, Avg:  0.0, Max: 0, Diff: 0, Sum: 0, Workers: 4
[31.798s][debug][gc,phases      ] GC(85)   StringTable Weak               Min:  0.1, Avg:  0.1, Max:  0.1, Diff:  0.0, Sum:  0.3, Workers: 4
[31.798s][debug][gc,phases      ] GC(85)     Dead                           Min: 0, Avg:  0.0, Max: 0, Diff: 0, Sum: 0, Workers: 4
[31.798s][debug][gc,phases      ] GC(85)     Total                          Min: 9408, Avg: 10979.2, Max: 11904, Diff: 2496, Sum: 43917, Workers: 4
[31.798s][debug][gc,phases      ] GC(85)   ResolvedMethodTable Weak       Min:  0.0, Avg:  0.0, Max:  0.0, Diff:  0.0, Sum:  0.1, Workers: 4
[31.798s][debug][gc,phases      ] GC(85)     Dead                           Min: 0, Avg:  0.0, Max: 0, Diff: 0, Sum: 0, Workers: 4
[31.798s][debug][gc,phases      ] GC(85)     Total                          Min: 1842, Avg: 1900.5, Max: 1984, Diff: 142, Sum: 7602, Workers: 4
[31.798s][debug][gc,phases      ] GC(85)   JNI Weak                       Min:  0.0, Avg:  0.0, Max:  0.0, Diff:  0.0, Sum:  0.0, Workers: 4
[31.798s][debug][gc,phases      ] GC(85)     Dead                           Min: 0, Avg:  0.0, Max: 0, Diff: 0, Sum: 0, Workers: 4
[31.798s][debug][gc,phases      ] GC(85)     Total                          Min: 0, Avg:  0.5, Max: 2, Diff: 2, Sum: 2, Workers: 4
[31.798s][debug][gc,phases      ] GC(85)   StringDedup Table Weak         Min:  0.0, Avg:  0.0, Max:  0.0, Diff:  0.0, Sum:  0.0, Workers: 4
[31.798s][debug][gc,phases      ] GC(85)     Dead                           Min: 0, Avg:  0.0, Max: 0, Diff: 0, Sum: 0, Workers: 4
[31.798s][debug][gc,phases      ] GC(85)     Total                          Min: 0, Avg:  0.0, Max: 0, Diff: 0, Sum: 0, Workers: 4
[31.798s][debug][gc,phases      ] GC(85)   StringDedup Requests0 Weak     Min:  0.0, Avg:  0.0, Max:  0.0, Diff:  0.0, Sum:  0.0, Workers: 4
[31.798s][debug][gc,phases      ] GC(85)     Dead                           Min: 0, Avg:  0.0, Max: 0, Diff: 0, Sum: 0, Workers: 4
[31.798s][debug][gc,phases      ] GC(85)     Total                          Min: 0, Avg:  0.0, Max: 0, Diff: 0, Sum: 0, Workers: 4
[31.798s][debug][gc,phases      ] GC(85)   StringDedup Requests1 Weak     Min:  0.0, Avg:  0.0, Max:  0.0, Diff:  0.0, Sum:  0.0, Workers: 4
[31.798s][debug][gc,phases      ] GC(85)     Dead                           Min: 0, Avg:  0.0, Max: 0, Diff: 0, Sum: 0, Workers: 4
[31.798s][debug][gc,phases      ] GC(85)     Total                          Min: 0, Avg:  0.0, Max: 0, Diff: 0, Sum: 0, Workers: 4
[31.798s][debug][gc,phases      ] GC(85)   Weak JFR Old Object Samples    Min:  0.0, Avg:  0.0, Max:  0.0, Diff:  0.0, Sum:  0.0, Workers: 4
[31.798s][debug][gc,phases      ] GC(85)     Dead                           Min: 0, Avg:  0.0, Max: 0, Diff: 0, Sum: 0, Workers: 4
[31.798s][debug][gc,phases      ] GC(85)     Total                          Min: 0, Avg:  0.0, Max: 0, Diff: 0, Sum: 0, Workers: 4
[31.798s][debug][gc,phases      ] GC(85) Weak Processing 0.239ms
[31.798s][debug][gc,age         ] GC(85) Desired survivor size 86507520 bytes, new threshold 15 (max threshold 15)
[31.798s][info ][gc,heap        ] GC(85) PSYoungGen: 1987200K(2012672K)->49888K(2010624K) Eden: 1926144K(1926144K)->0K(1926144K) From: 61056K(86528K)->49888K(84480K)
[31.798s][info ][gc,heap        ] GC(85) ParOldGen: 601107K(622592K)->605075K(622592K)
[31.798s][info ][gc,metaspace   ] GC(85) Metaspace: 71963K(72704K)->71963K(72704K) NonClass: 61598K(62016K)->61598K(62016K) Class: 10364K(10688K)->10364K(10688K)
[31.798s][info ][gc             ] GC(85) Pause Young (Allocation Failure) 2527M->639M(2571M) 15.183ms
[31.798s][info ][gc,cpu         ] GC(85) User=0.06s Sys=0.00s Real=0.01s
[31.798s][info ][safepoint      ] Safepoint "ParallelGCFailedAllocation", Time since last: 335452115 ns, Reaching safepoint: 175800 ns, At safepoint: 15282819 ns, Total: 15458619 ns
[32.124s][info ][gc,start       ] GC(86) Pause Young (Allocation Failure)
[32.140s][debug][gc,phases      ] GC(86) Scavenge 15.290ms
[32.140s][debug][gc,ref         ] GC(86) Skipped phase 1 of Reference Processing: no references
[32.140s][debug][gc,ref         ] GC(86) ReferenceProcessor::execute queues: 1, RefProcThreadModel::Single, marks_oops_alive: false
[32.140s][debug][gc,ref         ] GC(86) Skipped phase 3 of Reference Processing: no references
[32.140s][debug][gc,ref         ] GC(86) ReferenceProcessor::execute queues: 1, RefProcThreadModel::Single, marks_oops_alive: false
[32.140s][debug][gc,phases      ] GC(86) Reference Processing 0.108ms
[32.140s][debug][gc,phases      ] GC(86)   VM Weak                        Min:  0.0, Avg:  0.0, Max:  0.0, Diff:  0.0, Sum:  0.0, Workers: 4
[32.140s][debug][gc,phases      ] GC(86)     Dead                           Min: 0, Avg:  0.0, Max: 0, Diff: 0, Sum: 0, Workers: 4
[32.140s][debug][gc,phases      ] GC(86)     Total                          Min: 0, Avg: 153.0, Max: 448, Diff: 448, Sum: 612, Workers: 4
[32.140s][debug][gc,phases      ] GC(86)   ObjectSynchronizer Weak        Min:  0.0, Avg:  0.0, Max:  0.0, Diff:  0.0, Sum:  0.0, Workers: 4
[32.140s][debug][gc,phases      ] GC(86)     Dead                           Min: 0, Avg:  0.0, Max: 0, Diff: 0, Sum: 0, Workers: 4
[32.140s][debug][gc,phases      ] GC(86)     Total                          Min: 0, Avg: 90.0, Max: 192, Diff: 192, Sum: 360, Workers: 4
[32.140s][debug][gc,phases      ] GC(86)   JVMTI Tag Weak OopStorage      Min:  0.0, Avg:  0.0, Max:  0.0, Diff:  0.0, Sum:  0.0, Workers: 4
[32.140s][debug][gc,phases      ] GC(86)     Dead                           Min: 0, Avg:  0.0, Max: 0, Diff: 0, Sum: 0, Workers: 4
[32.140s][debug][gc,phases      ] GC(86)     Total                          Min: 0, Avg:  0.0, Max: 0, Diff: 0, Sum: 0, Workers: 4
[32.140s][debug][gc,phases      ] GC(86)   StringTable Weak               Min:  0.1, Avg:  0.1, Max:  0.1, Diff:  0.0, Sum:  0.3, Workers: 4
[32.140s][debug][gc,phases      ] GC(86)     Dead                           Min: 0, Avg:  0.0, Max: 0, Diff: 0, Sum: 0, Workers: 4
[32.140s][debug][gc,phases      ] GC(86)     Total                          Min: 10304, Avg: 10985.2, Max: 11392, Diff: 1088, Sum: 43941, Workers: 4
[32.140s][debug][gc,phases      ] GC(86)   ResolvedMethodTable Weak       Min:  0.0, Avg:  0.0, Max:  0.0, Diff:  0.0, Sum:  0.1, Workers: 4
[32.140s][debug][gc,phases      ] GC(86)     Dead                           Min: 0, Avg:  0.0, Max: 0, Diff: 0, Sum: 0, Workers: 4
[32.140s][debug][gc,phases      ] GC(86)     Total                          Min: 1714, Avg: 1900.5, Max: 2048, Diff: 334, Sum: 7602, Workers: 4
[32.140s][debug][gc,phases      ] GC(86)   JNI Weak                       Min:  0.0, Avg:  0.0, Max:  0.0, Diff:  0.0, Sum:  0.0, Workers: 4
[32.140s][debug][gc,phases      ] GC(86)     Dead                           Min: 0, Avg:  0.0, Max: 0, Diff: 0, Sum: 0, Workers: 4
[32.140s][debug][gc,phases      ] GC(86)     Total                          Min: 0, Avg:  0.5, Max: 2, Diff: 2, Sum: 2, Workers: 4
[32.140s][debug][gc,phases      ] GC(86)   StringDedup Table Weak         Min:  0.0, Avg:  0.0, Max:  0.0, Diff:  0.0, Sum:  0.0, Workers: 4
[32.140s][debug][gc,phases      ] GC(86)     Dead                           Min: 0, Avg:  0.0, Max: 0, Diff: 0, Sum: 0, Workers: 4
[32.140s][debug][gc,phases      ] GC(86)     Total                          Min: 0, Avg:  0.0, Max: 0, Diff: 0, Sum: 0, Workers: 4
[32.140s][debug][gc,phases      ] GC(86)   StringDedup Requests0 Weak     Min:  0.0, Avg:  0.0, Max:  0.0, Diff:  0.0, Sum:  0.0, Workers: 4
[32.140s][debug][gc,phases      ] GC(86)     Dead                           Min: 0, Avg:  0.0, Max: 0, Diff: 0, Sum: 0, Workers: 4
[32.140s][debug][gc,phases      ] GC(86)     Total                          Min: 0, Avg:  0.0, Max: 0, Diff: 0, Sum: 0, Workers: 4
[32.140s][debug][gc,phases      ] GC(86)   StringDedup Requests1 Weak     Min:  0.0, Avg:  0.0, Max:  0.0, Diff:  0.0, Sum:  0.0, Workers: 4
[32.140s][debug][gc,phases      ] GC(86)     Dead                           Min: 0, Avg:  0.0, Max: 0, Diff: 0, Sum: 0, Workers: 4
[32.140s][debug][gc,phases      ] GC(86)     Total                          Min: 0, Avg:  0.0, Max: 0, Diff: 0, Sum: 0, Workers: 4
[32.140s][debug][gc,phases      ] GC(86)   Weak JFR Old Object Samples    Min:  0.0, Avg:  0.0, Max:  0.0, Diff:  0.0, Sum:  0.0, Workers: 4
[32.140s][debug][gc,phases      ] GC(86)     Dead                           Min: 0, Avg:  0.0, Max: 0, Diff: 0, Sum: 0, Workers: 4
[32.140s][debug][gc,phases      ] GC(86)     Total                          Min: 0, Avg:  0.0, Max: 0, Diff: 0, Sum: 0, Workers: 4
[32.140s][debug][gc,phases      ] GC(86) Weak Processing 0.235ms
[32.140s][debug][gc,age         ] GC(86) Desired survivor size 88080384 bytes, new threshold 15 (max threshold 15)
[32.140s][info ][gc,heap        ] GC(86) PSYoungGen: 1976032K(2010624K)->40544K(2009600K) Eden: 1926144K(1926144K)->0K(1925120K) From: 49888K(84480K)->40544K(84480K)
[32.140s][info ][gc,heap        ] GC(86) ParOldGen: 605075K(622592K)->610739K(622592K)
[32.140s][info ][gc,metaspace   ] GC(86) Metaspace: 72004K(72704K)->72004K(72704K) NonClass: 61635K(62016K)->61635K(62016K) Class: 10368K(10688K)->10368K(10688K)
[32.140s][info ][gc             ] GC(86) Pause Young (Allocation Failure) 2520M->636M(2570M) 15.743ms
[32.140s][info ][gc,cpu         ] GC(86) User=0.06s Sys=0.00s Real=0.01s
[32.140s][info ][safepoint      ] Safepoint "ParallelGCFailedAllocation", Time since last: 325478003 ns, Reaching safepoint: 558801 ns, At safepoint: 15842319 ns, Total: 16401120 ns
[32.484s][info ][gc,start       ] GC(87) Pause Young (Allocation Failure)
[32.498s][debug][gc,phases      ] GC(87) Scavenge 13.973ms
[32.498s][debug][gc,ref         ] GC(87) Skipped phase 1 of Reference Processing: no references
[32.498s][debug][gc,ref         ] GC(87) ReferenceProcessor::execute queues: 1, RefProcThreadModel::Single, marks_oops_alive: false
[32.498s][debug][gc,ref         ] GC(87) Skipped phase 3 of Reference Processing: no references
[32.498s][debug][gc,ref         ] GC(87) ReferenceProcessor::execute queues: 1, RefProcThreadModel::Single, marks_oops_alive: false
[32.498s][debug][gc,phases      ] GC(87) Reference Processing 0.120ms
[32.498s][debug][gc,phases      ] GC(87)   VM Weak                        Min:  0.0, Avg:  0.0, Max:  0.0, Diff:  0.0, Sum:  0.0, Workers: 4
[32.498s][debug][gc,phases      ] GC(87)     Dead                           Min: 0, Avg:  0.0, Max: 0, Diff: 0, Sum: 0, Workers: 4
[32.498s][debug][gc,phases      ] GC(87)     Total                          Min: 0, Avg: 153.0, Max: 612, Diff: 612, Sum: 612, Workers: 4
[32.498s][debug][gc,phases      ] GC(87)   ObjectSynchronizer Weak        Min:  0.0, Avg:  0.0, Max:  0.0, Diff:  0.0, Sum:  0.0, Workers: 4
[32.498s][debug][gc,phases      ] GC(87)     Dead                           Min: 0, Avg:  0.0, Max: 0, Diff: 0, Sum: 0, Workers: 4
[32.498s][debug][gc,phases      ] GC(87)     Total                          Min: 0, Avg: 90.0, Max: 192, Diff: 192, Sum: 360, Workers: 4
[32.498s][debug][gc,phases      ] GC(87)   JVMTI Tag Weak OopStorage      Min:  0.0, Avg:  0.0, Max:  0.0, Diff:  0.0, Sum:  0.0, Workers: 4
[32.498s][debug][gc,phases      ] GC(87)     Dead                           Min: 0, Avg:  0.0, Max: 0, Diff: 0, Sum: 0, Workers: 4
[32.498s][debug][gc,phases      ] GC(87)     Total                          Min: 0, Avg:  0.0, Max: 0, Diff: 0, Sum: 0, Workers: 4
[32.498s][debug][gc,phases      ] GC(87)   StringTable Weak               Min:  0.1, Avg:  0.1, Max:  0.1, Diff:  0.0, Sum:  0.3, Workers: 4
[32.498s][debug][gc,phases      ] GC(87)     Dead                           Min: 0, Avg:  0.0, Max: 0, Diff: 0, Sum: 0, Workers: 4
[32.498s][debug][gc,phases      ] GC(87)     Total                          Min: 9920, Avg: 10985.2, Max: 12032, Diff: 2112, Sum: 43941, Workers: 4
[32.498s][debug][gc,phases      ] GC(87)   ResolvedMethodTable Weak       Min:  0.0, Avg:  0.0, Max:  0.0, Diff:  0.0, Sum:  0.1, Workers: 4
[32.498s][debug][gc,phases      ] GC(87)     Dead                           Min: 0, Avg:  0.0, Max: 0, Diff: 0, Sum: 0, Workers: 4
[32.498s][debug][gc,phases      ] GC(87)     Total                          Min: 1792, Avg: 1900.5, Max: 2034, Diff: 242, Sum: 7602, Workers: 4
[32.498s][debug][gc,phases      ] GC(87)   JNI Weak                       Min:  0.0, Avg:  0.0, Max:  0.0, Diff:  0.0, Sum:  0.0, Workers: 4
[32.498s][debug][gc,phases      ] GC(87)     Dead                           Min: 0, Avg:  0.0, Max: 0, Diff: 0, Sum: 0, Workers: 4
[32.498s][debug][gc,phases      ] GC(87)     Total                          Min: 0, Avg:  0.5, Max: 2, Diff: 2, Sum: 2, Workers: 4
[32.498s][debug][gc,phases      ] GC(87)   StringDedup Table Weak         Min:  0.0, Avg:  0.0, Max:  0.0, Diff:  0.0, Sum:  0.0, Workers: 4
[32.498s][debug][gc,phases      ] GC(87)     Dead                           Min: 0, Avg:  0.0, Max: 0, Diff: 0, Sum: 0, Workers: 4
[32.498s][debug][gc,phases      ] GC(87)     Total                          Min: 0, Avg:  0.0, Max: 0, Diff: 0, Sum: 0, Workers: 4
[32.498s][debug][gc,phases      ] GC(87)   StringDedup Requests0 Weak     Min:  0.0, Avg:  0.0, Max:  0.0, Diff:  0.0, Sum:  0.0, Workers: 4
[32.498s][debug][gc,phases      ] GC(87)     Dead                           Min: 0, Avg:  0.0, Max: 0, Diff: 0, Sum: 0, Workers: 4
[32.498s][debug][gc,phases      ] GC(87)     Total                          Min: 0, Avg:  0.0, Max: 0, Diff: 0, Sum: 0, Workers: 4
[32.498s][debug][gc,phases      ] GC(87)   StringDedup Requests1 Weak     Min:  0.0, Avg:  0.0, Max:  0.0, Diff:  0.0, Sum:  0.0, Workers: 4
[32.498s][debug][gc,phases      ] GC(87)     Dead                           Min: 0, Avg:  0.0, Max: 0, Diff: 0, Sum: 0, Workers: 4
[32.498s][debug][gc,phases      ] GC(87)     Total                          Min: 0, Avg:  0.0, Max: 0, Diff: 0, Sum: 0, Workers: 4
[32.498s][debug][gc,phases      ] GC(87)   Weak JFR Old Object Samples    Min:  0.0, Avg:  0.0, Max:  0.0, Diff:  0.0, Sum:  0.0, Workers: 4
[32.498s][debug][gc,phases      ] GC(87)     Dead                           Min: 0, Avg:  0.0, Max: 0, Diff: 0, Sum: 0, Workers: 4
[32.498s][debug][gc,phases      ] GC(87)     Total                          Min: 0, Avg:  0.0, Max: 0, Diff: 0, Sum: 0, Workers: 4
[32.498s][debug][gc,phases      ] GC(87) Weak Processing 0.236ms
[32.498s][debug][gc,age         ] GC(87) Desired survivor size 89128960 bytes, new threshold 15 (max threshold 15)
[32.499s][info ][gc,heap        ] GC(87) PSYoungGen: 1965664K(2009600K)->37984K(1963520K) Eden: 1925120K(1925120K)->0K(1925120K) From: 40544K(84480K)->37984K(38400K)
[32.499s][info ][gc,heap        ] GC(87) ParOldGen: 610739K(622592K)->613579K(622592K)
[32.499s][info ][gc,metaspace   ] GC(87) Metaspace: 72021K(72704K)->72021K(72704K) NonClass: 61653K(62016K)->61653K(62016K) Class: 10368K(10688K)->10368K(10688K)
[32.499s][info ][gc             ] GC(87) Pause Young (Allocation Failure) 2516M->636M(2525M) 14.443ms
[32.499s][info ][gc,cpu         ] GC(87) User=0.06s Sys=0.00s Real=0.01s
[32.499s][debug][gc,phases      ] GC(88) Pre Compact 0.009ms
[32.499s][info ][gc,start       ] GC(88) Pause Full (Ergonomics)
[32.499s][info ][gc,phases,start] GC(88) Marking Phase
[32.602s][debug][gc,phases      ] GC(88) Par Mark 103.266ms
[32.602s][debug][gc,ref         ] GC(88) Skipped phase 1 of Reference Processing: no references
[32.602s][debug][gc,ref         ] GC(88) ReferenceProcessor::execute queues: 4, RefProcThreadModel::Multi, marks_oops_alive: false
[32.602s][debug][gc,ref         ] GC(88) Skipped phase 3 of Reference Processing: no references
[32.602s][debug][gc,ref         ] GC(88) ReferenceProcessor::execute queues: 1, RefProcThreadModel::Single, marks_oops_alive: false
[32.602s][debug][gc,phases      ] GC(88) Reference Processing 0.450ms
[32.603s][debug][gc,phases      ] GC(88)   VM Weak                        Min:  0.0, Avg:  0.0, Max:  0.0, Diff:  0.0, Sum:  0.0, Workers: 4
[32.603s][debug][gc,phases      ] GC(88)     Dead                           Min: 0, Avg:  0.0, Max: 0, Diff: 0, Sum: 0, Workers: 4
[32.603s][debug][gc,phases      ] GC(88)     Total                          Min: 0, Avg: 153.0, Max: 384, Diff: 384, Sum: 612, Workers: 4
[32.603s][debug][gc,phases      ] GC(88)   ObjectSynchronizer Weak        Min:  0.0, Avg:  0.0, Max:  0.0, Diff:  0.0, Sum:  0.0, Workers: 4
[32.603s][debug][gc,phases      ] GC(88)     Dead                           Min: 0, Avg:  0.0, Max: 0, Diff: 0, Sum: 0, Workers: 4
[32.603s][debug][gc,phases      ] GC(88)     Total                          Min: 0, Avg: 90.0, Max: 128, Diff: 128, Sum: 360, Workers: 4
[32.603s][debug][gc,phases      ] GC(88)   JVMTI Tag Weak OopStorage      Min:  0.0, Avg:  0.0, Max:  0.0, Diff:  0.0, Sum:  0.0, Workers: 4
[32.603s][debug][gc,phases      ] GC(88)     Dead                           Min: 0, Avg:  0.0, Max: 0, Diff: 0, Sum: 0, Workers: 4
[32.603s][debug][gc,phases      ] GC(88)     Total                          Min: 0, Avg:  0.0, Max: 0, Diff: 0, Sum: 0, Workers: 4
[32.603s][debug][gc,phases      ] GC(88)   StringTable Weak               Min:  0.1, Avg:  0.1, Max:  0.1, Diff:  0.0, Sum:  0.5, Workers: 4
[32.603s][debug][gc,phases      ] GC(88)     Dead                           Min: 0, Avg:  0.0, Max: 0, Diff: 0, Sum: 0, Workers: 4
[32.603s][debug][gc,phases      ] GC(88)     Total                          Min: 9600, Avg: 10985.2, Max: 11776, Diff: 2176, Sum: 43941, Workers: 4
[32.603s][debug][gc,phases      ] GC(88)   ResolvedMethodTable Weak       Min:  0.0, Avg:  0.0, Max:  0.0, Diff:  0.0, Sum:  0.1, Workers: 4
[32.603s][debug][gc,phases      ] GC(88)     Dead                           Min: 0, Avg:  0.0, Max: 0, Diff: 0, Sum: 0, Workers: 4
[32.603s][debug][gc,phases      ] GC(88)     Total                          Min: 1664, Avg: 1900.5, Max: 2162, Diff: 498, Sum: 7602, Workers: 4
[32.603s][debug][gc,phases      ] GC(88)   JNI Weak                       Min:  0.0, Avg:  0.0, Max:  0.0, Diff:  0.0, Sum:  0.0, Workers: 4
[32.603s][debug][gc,phases      ] GC(88)     Dead                           Min: 0, Avg:  0.0, Max: 0, Diff: 0, Sum: 0, Workers: 4
[32.603s][debug][gc,phases      ] GC(88)     Total                          Min: 0, Avg:  0.5, Max: 2, Diff: 2, Sum: 2, Workers: 4
[32.603s][debug][gc,phases      ] GC(88)   StringDedup Table Weak         Min:  0.0, Avg:  0.0, Max:  0.0, Diff:  0.0, Sum:  0.0, Workers: 4
[32.603s][debug][gc,phases      ] GC(88)     Dead                           Min: 0, Avg:  0.0, Max: 0, Diff: 0, Sum: 0, Workers: 4
[32.603s][debug][gc,phases      ] GC(88)     Total                          Min: 0, Avg:  0.0, Max: 0, Diff: 0, Sum: 0, Workers: 4
[32.603s][debug][gc,phases      ] GC(88)   StringDedup Requests0 Weak     Min:  0.0, Avg:  0.0, Max:  0.0, Diff:  0.0, Sum:  0.0, Workers: 4
[32.603s][debug][gc,phases      ] GC(88)     Dead                           Min: 0, Avg:  0.0, Max: 0, Diff: 0, Sum: 0, Workers: 4
[32.603s][debug][gc,phases      ] GC(88)     Total                          Min: 0, Avg:  0.0, Max: 0, Diff: 0, Sum: 0, Workers: 4
[32.603s][debug][gc,phases      ] GC(88)   StringDedup Requests1 Weak     Min:  0.0, Avg:  0.0, Max:  0.0, Diff:  0.0, Sum:  0.0, Workers: 4
[32.603s][debug][gc,phases      ] GC(88)     Dead                           Min: 0, Avg:  0.0, Max: 0, Diff: 0, Sum: 0, Workers: 4
[32.603s][debug][gc,phases      ] GC(88)     Total                          Min: 0, Avg:  0.0, Max: 0, Diff: 0, Sum: 0, Workers: 4
[32.603s][debug][gc,phases      ] GC(88)   Weak JFR Old Object Samples    Min:  0.0, Avg:  0.0, Max:  0.0, Diff:  0.0, Sum:  0.0, Workers: 4
[32.603s][debug][gc,phases      ] GC(88)     Dead                           Min: 0, Avg:  0.0, Max: 0, Diff: 0, Sum: 0, Workers: 4
[32.603s][debug][gc,phases      ] GC(88)     Total                          Min: 0, Avg:  0.0, Max: 0, Diff: 0, Sum: 0, Workers: 4
[32.603s][debug][gc,phases      ] GC(88) Weak Processing 0.314ms
[32.603s][debug][gc,phases      ] GC(88) ClassLoaderData 0.077ms
[32.603s][debug][gc,phases      ] GC(88) Trigger cleanups 0.000ms
[32.613s][debug][gc,phases      ] GC(88) Class Unloading 10.215ms
[32.613s][info ][gc,phases      ] GC(88) Marking Phase 114.366ms
[32.613s][info ][gc,phases,start] GC(88) Summary Phase
[32.613s][info ][gc,phases      ] GC(88) Summary Phase 0.017ms
[32.613s][info ][gc,phases,start] GC(88) Adjust Roots
[32.621s][info ][gc,phases      ] GC(88) Adjust Roots 8.202ms
[32.621s][info ][gc,phases,start] GC(88) Compaction Phase
[32.752s][info ][gc,phases      ] GC(88) Compaction Phase 131.035ms
[32.752s][info ][gc,phases,start] GC(88) Post Compact
[32.754s][info ][gc,phases      ] GC(88) Post Compact 1.502ms
[32.754s][info ][gc,heap        ] GC(88) PSYoungGen: 37984K(1963520K)->0K(2010112K) Eden: 0K(1925120K)->0K(1923072K) From: 37984K(38400K)->0K(87040K)
[32.754s][info ][gc,heap        ] GC(88) ParOldGen: 613579K(622592K)->367520K(440832K)
[32.754s][info ][gc,metaspace   ] GC(88) Metaspace: 72021K(72704K)->72021K(72704K) NonClass: 61653K(62016K)->61653K(62016K) Class: 10368K(10688K)->10368K(10688K)
[32.754s][info ][gc             ] GC(88) Pause Full (Ergonomics) 636M->358M(2393M) 255.498ms
[32.754s][info ][gc,cpu         ] GC(88) User=0.96s Sys=0.00s Real=0.25s
[32.754s][info ][safepoint      ] Safepoint "ParallelGCFailedAllocation", Time since last: 343637826 ns, Reaching safepoint: 165100 ns, At safepoint: 270114834 ns, Total: 270279934 ns
[33.085s][info ][gc,start       ] GC(89) Pause Young (Allocation Failure)
[33.086s][debug][gc,phases      ] GC(89) Scavenge 0.951ms
[33.086s][debug][gc,ref         ] GC(89) Skipped phase 1 of Reference Processing: no references
[33.086s][debug][gc,ref         ] GC(89) Skipped phase 2 of Reference Processing: no references
[33.086s][debug][gc,ref         ] GC(89) Skipped phase 3 of Reference Processing: no references
[33.086s][debug][gc,ref         ] GC(89) Skipped phase 4 of Reference Processing: no references
[33.086s][debug][gc,phases      ] GC(89) Reference Processing 0.017ms
[33.086s][debug][gc,phases      ] GC(89)   VM Weak                        Min:  0.0, Avg:  0.0, Max:  0.0, Diff:  0.0, Sum:  0.0, Workers: 4
[33.086s][debug][gc,phases      ] GC(89)     Dead                           Min: 0, Avg:  0.0, Max: 0, Diff: 0, Sum: 0, Workers: 4
[33.086s][debug][gc,phases      ] GC(89)     Total                          Min: 0, Avg: 153.0, Max: 612, Diff: 612, Sum: 612, Workers: 4
[33.086s][debug][gc,phases      ] GC(89)   ObjectSynchronizer Weak        Min:  0.0, Avg:  0.0, Max:  0.0, Diff:  0.0, Sum:  0.0, Workers: 4
[33.086s][debug][gc,phases      ] GC(89)     Dead                           Min: 0, Avg:  0.0, Max: 0, Diff: 0, Sum: 0, Workers: 4
[33.086s][debug][gc,phases      ] GC(89)     Total                          Min: 0, Avg: 90.0, Max: 360, Diff: 360, Sum: 360, Workers: 4
[33.086s][debug][gc,phases      ] GC(89)   JVMTI Tag Weak OopStorage      Min:  0.0, Avg:  0.0, Max:  0.0, Diff:  0.0, Sum:  0.0, Workers: 4
[33.086s][debug][gc,phases      ] GC(89)     Dead                           Min: 0, Avg:  0.0, Max: 0, Diff: 0, Sum: 0, Workers: 4
[33.086s][debug][gc,phases      ] GC(89)     Total                          Min: 0, Avg:  0.0, Max: 0, Diff: 0, Sum: 0, Workers: 4
[33.086s][debug][gc,phases      ] GC(89)   StringTable Weak               Min:  0.1, Avg:  0.1, Max:  0.1, Diff:  0.0, Sum:  0.3, Workers: 4
[33.086s][debug][gc,phases      ] GC(89)     Dead                           Min: 0, Avg:  0.0, Max: 0, Diff: 0, Sum: 0, Workers: 4
[33.086s][debug][gc,phases      ] GC(89)     Total                          Min: 8384, Avg: 10987.0, Max: 15104, Diff: 6720, Sum: 43948, Workers: 4
[33.086s][debug][gc,phases      ] GC(89)   ResolvedMethodTable Weak       Min:  0.0, Avg:  0.0, Max:  0.0, Diff:  0.0, Sum:  0.1, Workers: 4
[33.086s][debug][gc,phases      ] GC(89)     Dead                           Min: 0, Avg:  0.0, Max: 0, Diff: 0, Sum: 0, Workers: 4
[33.086s][debug][gc,phases      ] GC(89)     Total                          Min: 1586, Avg: 1900.5, Max: 2304, Diff: 718, Sum: 7602, Workers: 4
[33.086s][debug][gc,phases      ] GC(89)   JNI Weak                       Min:  0.0, Avg:  0.0, Max:  0.0, Diff:  0.0, Sum:  0.0, Workers: 4
[33.086s][debug][gc,phases      ] GC(89)     Dead                           Min: 0, Avg:  0.0, Max: 0, Diff: 0, Sum: 0, Workers: 4
[33.086s][debug][gc,phases      ] GC(89)     Total                          Min: 0, Avg:  0.0, Max: 0, Diff: 0, Sum: 0, Workers: 4
[33.086s][debug][gc,phases      ] GC(89)   StringDedup Table Weak         Min:  0.0, Avg:  0.0, Max:  0.0, Diff:  0.0, Sum:  0.0, Workers: 4
[33.087s][debug][gc,phases      ] GC(89)     Dead                           Min: 0, Avg:  0.0, Max: 0, Diff: 0, Sum: 0, Workers: 4
[33.087s][debug][gc,phases      ] GC(89)     Total                          Min: 0, Avg:  0.0, Max: 0, Diff: 0, Sum: 0, Workers: 4
[33.087s][debug][gc,phases      ] GC(89)   StringDedup Requests0 Weak     Min:  0.0, Avg:  0.0, Max:  0.0, Diff:  0.0, Sum:  0.0, Workers: 4
[33.087s][debug][gc,phases      ] GC(89)     Dead                           Min: 0, Avg:  0.0, Max: 0, Diff: 0, Sum: 0, Workers: 4
[33.087s][debug][gc,phases      ] GC(89)     Total                          Min: 0, Avg:  0.0, Max: 0, Diff: 0, Sum: 0, Workers: 4
[33.087s][debug][gc,phases      ] GC(89)   StringDedup Requests1 Weak     Min:  0.0, Avg:  0.0, Max:  0.0, Diff:  0.0, Sum:  0.0, Workers: 4
[33.087s][debug][gc,phases      ] GC(89)     Dead                           Min: 0, Avg:  0.0, Max: 0, Diff: 0, Sum: 0, Workers: 4
[33.087s][debug][gc,phases      ] GC(89)     Total                          Min: 0, Avg:  0.0, Max: 0, Diff: 0, Sum: 0, Workers: 4
[33.087s][debug][gc,phases      ] GC(89)   Weak JFR Old Object Samples    Min:  0.0, Avg:  0.0, Max:  0.0, Diff:  0.0, Sum:  0.0, Workers: 4
[33.087s][debug][gc,phases      ] GC(89)     Dead                           Min: 0, Avg:  0.0, Max: 0, Diff: 0, Sum: 0, Workers: 4
[33.087s][debug][gc,phases      ] GC(89)     Total                          Min: 0, Avg:  0.0, Max: 0, Diff: 0, Sum: 0, Workers: 4
[33.087s][debug][gc,phases      ] GC(89) Weak Processing 0.244ms
[33.087s][debug][gc,age         ] GC(89) Desired survivor size 95944704 bytes, new threshold 15 (max threshold 15)
[33.087s][info ][gc,heap        ] GC(89) PSYoungGen: 1923072K(2010112K)->448K(1923584K) Eden: 1923072K(1923072K)->0K(1923072K) From: 0K(87040K)->448K(512K)
[33.087s][info ][gc,heap        ] GC(89) ParOldGen: 367520K(440832K)->367528K(440832K)
[33.087s][info ][gc,metaspace   ] GC(89) Metaspace: 72027K(72768K)->72027K(72768K) NonClass: 61658K(62080K)->61658K(62080K) Class: 10368K(10688K)->10368K(10688K)
[33.087s][info ][gc             ] GC(89) Pause Young (Allocation Failure) 2236M->359M(2309M) 1.298ms
[33.087s][info ][gc,cpu         ] GC(89) User=0.00s Sys=0.00s Real=0.00s
[33.087s][info ][safepoint      ] Safepoint "ParallelGCFailedAllocation", Time since last: 330883209 ns, Reaching safepoint: 203600 ns, At safepoint: 1380502 ns, Total: 1584102 ns
[33.382s][info ][gc,start       ] GC(90) Pause Young (Allocation Failure)
[33.383s][debug][gc,phases      ] GC(90) Scavenge 0.859ms
[33.383s][debug][gc,ref         ] GC(90) Skipped phase 1 of Reference Processing: no references
[33.383s][debug][gc,ref         ] GC(90) Skipped phase 2 of Reference Processing: no references
[33.383s][debug][gc,ref         ] GC(90) Skipped phase 3 of Reference Processing: no references
[33.383s][debug][gc,ref         ] GC(90) Skipped phase 4 of Reference Processing: no references
[33.383s][debug][gc,phases      ] GC(90) Reference Processing 0.018ms
[33.383s][debug][gc,phases      ] GC(90)   VM Weak                        Min:  0.0, Avg:  0.0, Max:  0.0, Diff:  0.0, Sum:  0.0, Workers: 4
[33.383s][debug][gc,phases      ] GC(90)     Dead                           Min: 0, Avg:  0.0, Max: 0, Diff: 0, Sum: 0, Workers: 4
[33.383s][debug][gc,phases      ] GC(90)     Total                          Min: 0, Avg: 153.0, Max: 512, Diff: 512, Sum: 612, Workers: 4
[33.383s][debug][gc,phases      ] GC(90)   ObjectSynchronizer Weak        Min:  0.0, Avg:  0.0, Max:  0.0, Diff:  0.0, Sum:  0.0, Workers: 4
[33.383s][debug][gc,phases      ] GC(90)     Dead                           Min: 0, Avg:  0.0, Max: 0, Diff: 0, Sum: 0, Workers: 4
[33.383s][debug][gc,phases      ] GC(90)     Total                          Min: 0, Avg: 90.0, Max: 192, Diff: 192, Sum: 360, Workers: 4
[33.383s][debug][gc,phases      ] GC(90)   JVMTI Tag Weak OopStorage      Min:  0.0, Avg:  0.0, Max:  0.0, Diff:  0.0, Sum:  0.0, Workers: 4
[33.383s][debug][gc,phases      ] GC(90)     Dead                           Min: 0, Avg:  0.0, Max: 0, Diff: 0, Sum: 0, Workers: 4
[33.383s][debug][gc,phases      ] GC(90)     Total                          Min: 0, Avg:  0.0, Max: 0, Diff: 0, Sum: 0, Workers: 4
[33.383s][debug][gc,phases      ] GC(90)   StringTable Weak               Min:  0.1, Avg:  0.1, Max:  0.1, Diff:  0.0, Sum:  0.3, Workers: 4
[33.383s][debug][gc,phases      ] GC(90)     Dead                           Min: 0, Avg:  0.0, Max: 0, Diff: 0, Sum: 0, Workers: 4
[33.383s][debug][gc,phases      ] GC(90)     Total                          Min: 9472, Avg: 10987.8, Max: 11840, Diff: 2368, Sum: 43951, Workers: 4
[33.383s][debug][gc,phases      ] GC(90)   ResolvedMethodTable Weak       Min:  0.0, Avg:  0.0, Max:  0.0, Diff:  0.0, Sum:  0.0, Workers: 4
[33.383s][debug][gc,phases      ] GC(90)     Dead                           Min: 0, Avg:  0.0, Max: 0, Diff: 0, Sum: 0, Workers: 4
[33.383s][debug][gc,phases      ] GC(90)     Total                          Min: 1792, Avg: 1900.5, Max: 2034, Diff: 242, Sum: 7602, Workers: 4
[33.383s][debug][gc,phases      ] GC(90)   JNI Weak                       Min:  0.0, Avg:  0.0, Max:  0.0, Diff:  0.0, Sum:  0.0, Workers: 4
[33.383s][debug][gc,phases      ] GC(90)     Dead                           Min: 0, Avg:  0.0, Max: 0, Diff: 0, Sum: 0, Workers: 4
[33.383s][debug][gc,phases      ] GC(90)     Total                          Min: 0, Avg:  0.2, Max: 1, Diff: 1, Sum: 1, Workers: 4
[33.383s][debug][gc,phases      ] GC(90)   StringDedup Table Weak         Min:  0.0, Avg:  0.0, Max:  0.0, Diff:  0.0, Sum:  0.0, Workers: 4
[33.383s][debug][gc,phases      ] GC(90)     Dead                           Min: 0, Avg:  0.0, Max: 0, Diff: 0, Sum: 0, Workers: 4
[33.383s][debug][gc,phases      ] GC(90)     Total                          Min: 0, Avg:  0.0, Max: 0, Diff: 0, Sum: 0, Workers: 4
[33.383s][debug][gc,phases      ] GC(90)   StringDedup Requests0 Weak     Min:  0.0, Avg:  0.0, Max:  0.0, Diff:  0.0, Sum:  0.0, Workers: 4
[33.383s][debug][gc,phases      ] GC(90)     Dead                           Min: 0, Avg:  0.0, Max: 0, Diff: 0, Sum: 0, Workers: 4
[33.383s][debug][gc,phases      ] GC(90)     Total                          Min: 0, Avg:  0.0, Max: 0, Diff: 0, Sum: 0, Workers: 4
[33.383s][debug][gc,phases      ] GC(90)   StringDedup Requests1 Weak     Min:  0.0, Avg:  0.0, Max:  0.0, Diff:  0.0, Sum:  0.0, Workers: 4
[33.383s][debug][gc,phases      ] GC(90)     Dead                           Min: 0, Avg:  0.0, Max: 0, Diff: 0, Sum: 0, Workers: 4
[33.383s][debug][gc,phases      ] GC(90)     Total                          Min: 0, Avg:  0.0, Max: 0, Diff: 0, Sum: 0, Workers: 4
[33.383s][debug][gc,phases      ] GC(90)   Weak JFR Old Object Samples    Min:  0.0, Avg:  0.0, Max:  0.0, Diff:  0.0, Sum:  0.0, Workers: 4
[33.383s][debug][gc,phases      ] GC(90)     Dead                           Min: 0, Avg:  0.0, Max: 0, Diff: 0, Sum: 0, Workers: 4
[33.383s][debug][gc,phases      ] GC(90)     Total                          Min: 0, Avg:  0.0, Max: 0, Diff: 0, Sum: 0, Workers: 4
[33.383s][debug][gc,phases      ] GC(90) Weak Processing 0.240ms
[33.383s][debug][gc,age         ] GC(90) Desired survivor size 100139008 bytes, new threshold 15 (max threshold 15)
[33.383s][info ][gc,heap        ] GC(90) PSYoungGen: 1923520K(1923584K)->640K(1995264K) Eden: 1923072K(1923072K)->0K(1901568K) From: 448K(512K)->640K(93696K)
[33.383s][info ][gc,heap        ] GC(90) ParOldGen: 367528K(440832K)->367536K(440832K)
[33.383s][info ][gc,metaspace   ] GC(90) Metaspace: 72037K(72768K)->72037K(72768K) NonClass: 61668K(62080K)->61668K(62080K) Class: 10368K(10688K)->10368K(10688K)
[33.383s][info ][gc             ] GC(90) Pause Young (Allocation Failure) 2237M->359M(2379M) 1.197ms
[33.383s][info ][gc,cpu         ] GC(90) User=0.00s Sys=0.00s Real=0.01s
[33.383s][info ][safepoint      ] Safepoint "ParallelGCFailedAllocation", Time since last: 295195565 ns, Reaching safepoint: 136801 ns, At safepoint: 1279801 ns, Total: 1416602 ns
[33.698s][info ][gc,start       ] GC(91) Pause Young (Allocation Failure)
[33.699s][debug][gc,phases      ] GC(91) Scavenge 0.940ms
[33.699s][debug][gc,ref         ] GC(91) Skipped phase 1 of Reference Processing: no references
[33.699s][debug][gc,ref         ] GC(91) Skipped phase 2 of Reference Processing: no references
[33.699s][debug][gc,ref         ] GC(91) Skipped phase 3 of Reference Processing: no references
[33.699s][debug][gc,ref         ] GC(91) Skipped phase 4 of Reference Processing: no references
[33.699s][debug][gc,phases      ] GC(91) Reference Processing 0.018ms
[33.699s][debug][gc,phases      ] GC(91)   VM Weak                        Min:  0.0, Avg:  0.0, Max:  0.0, Diff:  0.0, Sum:  0.0, Workers: 4
[33.700s][debug][gc,phases      ] GC(91)     Dead                           Min: 0, Avg:  0.0, Max: 0, Diff: 0, Sum: 0, Workers: 4
[33.700s][debug][gc,phases      ] GC(91)     Total                          Min: 0, Avg: 153.0, Max: 448, Diff: 448, Sum: 612, Workers: 4
[33.700s][debug][gc,phases      ] GC(91)   ObjectSynchronizer Weak        Min:  0.0, Avg:  0.0, Max:  0.0, Diff:  0.0, Sum:  0.0, Workers: 4
[33.700s][debug][gc,phases      ] GC(91)     Dead                           Min: 0, Avg:  0.0, Max: 0, Diff: 0, Sum: 0, Workers: 4
[33.700s][debug][gc,phases      ] GC(91)     Total                          Min: 0, Avg: 90.0, Max: 232, Diff: 232, Sum: 360, Workers: 4
[33.700s][debug][gc,phases      ] GC(91)   JVMTI Tag Weak OopStorage      Min:  0.0, Avg:  0.0, Max:  0.0, Diff:  0.0, Sum:  0.0, Workers: 4
[33.700s][debug][gc,phases      ] GC(91)     Dead                           Min: 0, Avg:  0.0, Max: 0, Diff: 0, Sum: 0, Workers: 4
[33.700s][debug][gc,phases      ] GC(91)     Total                          Min: 0, Avg:  0.0, Max: 0, Diff: 0, Sum: 0, Workers: 4
[33.700s][debug][gc,phases      ] GC(91)   StringTable Weak               Min:  0.1, Avg:  0.1, Max:  0.1, Diff:  0.0, Sum:  0.3, Workers: 4
[33.700s][debug][gc,phases      ] GC(91)     Dead                           Min: 0, Avg:  0.0, Max: 0, Diff: 0, Sum: 0, Workers: 4
[33.700s][debug][gc,phases      ] GC(91)     Total                          Min: 9792, Avg: 10988.0, Max: 11776, Diff: 1984, Sum: 43952, Workers: 4
[33.700s][debug][gc,phases      ] GC(91)   ResolvedMethodTable Weak       Min:  0.0, Avg:  0.0, Max:  0.0, Diff:  0.0, Sum:  0.0, Workers: 4
[33.700s][debug][gc,phases      ] GC(91)     Dead                           Min: 0, Avg:  0.0, Max: 0, Diff: 0, Sum: 0, Workers: 4
[33.700s][debug][gc,phases      ] GC(91)     Total                          Min: 1778, Avg: 1900.5, Max: 2112, Diff: 334, Sum: 7602, Workers: 4
[33.700s][debug][gc,phases      ] GC(91)   JNI Weak                       Min:  0.0, Avg:  0.0, Max:  0.0, Diff:  0.0, Sum:  0.0, Workers: 4
[33.700s][debug][gc,phases      ] GC(91)     Dead                           Min: 0, Avg:  0.0, Max: 0, Diff: 0, Sum: 0, Workers: 4
[33.700s][debug][gc,phases      ] GC(91)     Total                          Min: 0, Avg:  0.0, Max: 0, Diff: 0, Sum: 0, Workers: 4
[33.700s][debug][gc,phases      ] GC(91)   StringDedup Table Weak         Min:  0.0, Avg:  0.0, Max:  0.0, Diff:  0.0, Sum:  0.0, Workers: 4
[33.700s][debug][gc,phases      ] GC(91)     Dead                           Min: 0, Avg:  0.0, Max: 0, Diff: 0, Sum: 0, Workers: 4
[33.700s][debug][gc,phases      ] GC(91)     Total                          Min: 0, Avg:  0.0, Max: 0, Diff: 0, Sum: 0, Workers: 4
[33.700s][debug][gc,phases      ] GC(91)   StringDedup Requests0 Weak     Min:  0.0, Avg:  0.0, Max:  0.0, Diff:  0.0, Sum:  0.0, Workers: 4
[33.700s][debug][gc,phases      ] GC(91)     Dead                           Min: 0, Avg:  0.0, Max: 0, Diff: 0, Sum: 0, Workers: 4
[33.700s][debug][gc,phases      ] GC(91)     Total                          Min: 0, Avg:  0.0, Max: 0, Diff: 0, Sum: 0, Workers: 4
[33.700s][debug][gc,phases      ] GC(91)   StringDedup Requests1 Weak     Min:  0.0, Avg:  0.0, Max:  0.0, Diff:  0.0, Sum:  0.0, Workers: 4
[33.700s][debug][gc,phases      ] GC(91)     Dead                           Min: 0, Avg:  0.0, Max: 0, Diff: 0, Sum: 0, Workers: 4
[33.700s][debug][gc,phases      ] GC(91)     Total                          Min: 0, Avg:  0.0, Max: 0, Diff: 0, Sum: 0, Workers: 4
[33.700s][debug][gc,phases      ] GC(91)   Weak JFR Old Object Samples    Min:  0.0, Avg:  0.0, Max:  0.0, Diff:  0.0, Sum:  0.0, Workers: 4
[33.700s][debug][gc,phases      ] GC(91)     Dead                           Min: 0, Avg:  0.0, Max: 0, Diff: 0, Sum: 0, Workers: 4
[33.700s][debug][gc,phases      ] GC(91)     Total                          Min: 0, Avg:  0.0, Max: 0, Diff: 0, Sum: 0, Workers: 4
[33.700s][debug][gc,phases      ] GC(91) Weak Processing 0.226ms
[33.700s][debug][gc,age         ] GC(91) Desired survivor size 103284736 bytes, new threshold 15 (max threshold 15)
[33.700s][info ][gc,heap        ] GC(91) PSYoungGen: 1902208K(1995264K)->928K(1902592K) Eden: 1901568K(1901568K)->0K(1901568K) From: 640K(93696K)->928K(1024K)
[33.700s][info ][gc,heap        ] GC(91) ParOldGen: 367536K(440832K)->367536K(440832K)
[33.700s][info ][gc,metaspace   ] GC(91) Metaspace: 72096K(72832K)->72096K(72832K) NonClass: 61726K(62144K)->61726K(62144K) Class: 10369K(10688K)->10369K(10688K)
[33.700s][info ][gc             ] GC(91) Pause Young (Allocation Failure) 2216M->359M(2288M) 1.262ms
[33.700s][info ][gc,cpu         ] GC(91) User=0.00s Sys=0.00s Real=0.00s
[33.700s][info ][safepoint      ] Safepoint "ParallelGCFailedAllocation", Time since last: 314968590 ns, Reaching safepoint: 138200 ns, At safepoint: 1336302 ns, Total: 1474502 ns
[34.027s][info ][gc,start       ] GC(92) Pause Young (Allocation Failure)
[34.028s][debug][gc,phases      ] GC(92) Scavenge 1.131ms
[34.028s][debug][gc,ref         ] GC(92) Skipped phase 1 of Reference Processing: no references
[34.028s][debug][gc,ref         ] GC(92) Skipped phase 2 of Reference Processing: no references
[34.028s][debug][gc,ref         ] GC(92) Skipped phase 3 of Reference Processing: no references
[34.028s][debug][gc,ref         ] GC(92) Skipped phase 4 of Reference Processing: no references
[34.028s][debug][gc,phases      ] GC(92) Reference Processing 0.018ms
[34.028s][debug][gc,phases      ] GC(92)   VM Weak                        Min:  0.0, Avg:  0.0, Max:  0.0, Diff:  0.0, Sum:  0.0, Workers: 4
[34.028s][debug][gc,phases      ] GC(92)     Dead                           Min: 0, Avg:  0.0, Max: 0, Diff: 0, Sum: 0, Workers: 4
[34.028s][debug][gc,phases      ] GC(92)     Total                          Min: 0, Avg: 153.0, Max: 612, Diff: 612, Sum: 612, Workers: 4
[34.028s][debug][gc,phases      ] GC(92)   ObjectSynchronizer Weak        Min:  0.0, Avg:  0.0, Max:  0.0, Diff:  0.0, Sum:  0.0, Workers: 4
[34.028s][debug][gc,phases      ] GC(92)     Dead                           Min: 0, Avg:  0.0, Max: 0, Diff: 0, Sum: 0, Workers: 4
[34.028s][debug][gc,phases      ] GC(92)     Total                          Min: 0, Avg: 90.0, Max: 256, Diff: 256, Sum: 360, Workers: 4
[34.028s][debug][gc,phases      ] GC(92)   JVMTI Tag Weak OopStorage      Min:  0.0, Avg:  0.0, Max:  0.0, Diff:  0.0, Sum:  0.0, Workers: 4
[34.028s][debug][gc,phases      ] GC(92)     Dead                           Min: 0, Avg:  0.0, Max: 0, Diff: 0, Sum: 0, Workers: 4
[34.028s][debug][gc,phases      ] GC(92)     Total                          Min: 0, Avg:  0.0, Max: 0, Diff: 0, Sum: 0, Workers: 4
[34.028s][debug][gc,phases      ] GC(92)   StringTable Weak               Min:  0.1, Avg:  0.1, Max:  0.1, Diff:  0.0, Sum:  0.3, Workers: 4
[34.028s][debug][gc,phases      ] GC(92)     Dead                           Min: 0, Avg:  0.0, Max: 0, Diff: 0, Sum: 0, Workers: 4
[34.028s][debug][gc,phases      ] GC(92)     Total                          Min: 8512, Avg: 10988.0, Max: 12736, Diff: 4224, Sum: 43952, Workers: 4
[34.028s][debug][gc,phases      ] GC(92)   ResolvedMethodTable Weak       Min:  0.0, Avg:  0.0, Max:  0.0, Diff:  0.0, Sum:  0.1, Workers: 4
[34.028s][debug][gc,phases      ] GC(92)     Dead                           Min: 0, Avg:  0.0, Max: 0, Diff: 0, Sum: 0, Workers: 4
[34.028s][debug][gc,phases      ] GC(92)     Total                          Min: 1408, Avg: 1900.5, Max: 2354, Diff: 946, Sum: 7602, Workers: 4
[34.028s][debug][gc,phases      ] GC(92)   JNI Weak                       Min:  0.0, Avg:  0.0, Max:  0.0, Diff:  0.0, Sum:  0.0, Workers: 4
[34.028s][debug][gc,phases      ] GC(92)     Dead                           Min: 0, Avg:  0.0, Max: 0, Diff: 0, Sum: 0, Workers: 4
[34.028s][debug][gc,phases      ] GC(92)     Total                          Min: 0, Avg:  0.0, Max: 0, Diff: 0, Sum: 0, Workers: 4
[34.028s][debug][gc,phases      ] GC(92)   StringDedup Table Weak         Min:  0.0, Avg:  0.0, Max:  0.0, Diff:  0.0, Sum:  0.0, Workers: 4
[34.028s][debug][gc,phases      ] GC(92)     Dead                           Min: 0, Avg:  0.0, Max: 0, Diff: 0, Sum: 0, Workers: 4
[34.028s][debug][gc,phases      ] GC(92)     Total                          Min: 0, Avg:  0.0, Max: 0, Diff: 0, Sum: 0, Workers: 4
[34.028s][debug][gc,phases      ] GC(92)   StringDedup Requests0 Weak     Min:  0.0, Avg:  0.0, Max:  0.0, Diff:  0.0, Sum:  0.0, Workers: 4
[34.028s][debug][gc,phases      ] GC(92)     Dead                           Min: 0, Avg:  0.0, Max: 0, Diff: 0, Sum: 0, Workers: 4
[34.028s][debug][gc,phases      ] GC(92)     Total                          Min: 0, Avg:  0.0, Max: 0, Diff: 0, Sum: 0, Workers: 4
[34.028s][debug][gc,phases      ] GC(92)   StringDedup Requests1 Weak     Min:  0.0, Avg:  0.0, Max:  0.0, Diff:  0.0, Sum:  0.0, Workers: 4
[34.028s][debug][gc,phases      ] GC(92)     Dead                           Min: 0, Avg:  0.0, Max: 0, Diff: 0, Sum: 0, Workers: 4
[34.028s][debug][gc,phases      ] GC(92)     Total                          Min: 0, Avg:  0.0, Max: 0, Diff: 0, Sum: 0, Workers: 4
[34.028s][debug][gc,phases      ] GC(92)   Weak JFR Old Object Samples    Min:  0.0, Avg:  0.0, Max:  0.0, Diff:  0.0, Sum:  0.0, Workers: 4
[34.028s][debug][gc,phases      ] GC(92)     Dead                           Min: 0, Avg:  0.0, Max: 0, Diff: 0, Sum: 0, Workers: 4
[34.028s][debug][gc,phases      ] GC(92)     Total                          Min: 0, Avg:  0.0, Max: 0, Diff: 0, Sum: 0, Workers: 4
[34.028s][debug][gc,phases      ] GC(92) Weak Processing 0.239ms
[34.028s][debug][gc,age         ] GC(92) Desired survivor size 104333312 bytes, new threshold 15 (max threshold 15)
[34.028s][info ][gc,heap        ] GC(92) PSYoungGen: 1902496K(1902592K)->1152K(1994240K) Eden: 1901568K(1901568K)->0K(1893376K) From: 928K(1024K)->1152K(100864K)
[34.028s][info ][gc,heap        ] GC(92) ParOldGen: 367536K(440832K)->367536K(440832K)
[34.028s][info ][gc,metaspace   ] GC(92) Metaspace: 72104K(72832K)->72104K(72832K) NonClass: 61735K(62144K)->61735K(62144K) Class: 10369K(10688K)->10369K(10688K)
[34.028s][info ][gc             ] GC(92) Pause Young (Allocation Failure) 2216M->360M(2378M) 1.461ms
[34.028s][info ][gc,cpu         ] GC(92) User=0.00s Sys=0.00s Real=0.00s
[34.028s][info ][safepoint      ] Safepoint "ParallelGCFailedAllocation", Time since last: 326792004 ns, Reaching safepoint: 127200 ns, At safepoint: 1538702 ns, Total: 1665902 ns
[34.351s][info ][gc,start       ] GC(93) Pause Young (Allocation Failure)
[34.352s][debug][gc,phases      ] GC(93) Scavenge 1.116ms
[34.352s][debug][gc,ref         ] GC(93) Skipped phase 1 of Reference Processing: no references
[34.352s][debug][gc,ref         ] GC(93) Skipped phase 2 of Reference Processing: no references
[34.352s][debug][gc,ref         ] GC(93) Skipped phase 3 of Reference Processing: no references
[34.352s][debug][gc,ref         ] GC(93) Skipped phase 4 of Reference Processing: no references
[34.352s][debug][gc,phases      ] GC(93) Reference Processing 0.017ms
[34.352s][debug][gc,phases      ] GC(93)   VM Weak                        Min:  0.0, Avg:  0.0, Max:  0.0, Diff:  0.0, Sum:  0.0, Workers: 4
[34.352s][debug][gc,phases      ] GC(93)     Dead                           Min: 0, Avg:  0.0, Max: 0, Diff: 0, Sum: 0, Workers: 4
[34.352s][debug][gc,phases      ] GC(93)     Total                          Min: 0, Avg: 153.0, Max: 548, Diff: 548, Sum: 612, Workers: 4
[34.352s][debug][gc,phases      ] GC(93)   ObjectSynchronizer Weak        Min:  0.0, Avg:  0.0, Max:  0.0, Diff:  0.0, Sum:  0.0, Workers: 4
[34.352s][debug][gc,phases      ] GC(93)     Dead                           Min: 0, Avg:  0.0, Max: 0, Diff: 0, Sum: 0, Workers: 4
[34.352s][debug][gc,phases      ] GC(93)     Total                          Min: 0, Avg: 90.0, Max: 232, Diff: 232, Sum: 360, Workers: 4
[34.352s][debug][gc,phases      ] GC(93)   JVMTI Tag Weak OopStorage      Min:  0.0, Avg:  0.0, Max:  0.0, Diff:  0.0, Sum:  0.0, Workers: 4
[34.352s][debug][gc,phases      ] GC(93)     Dead                           Min: 0, Avg:  0.0, Max: 0, Diff: 0, Sum: 0, Workers: 4
[34.352s][debug][gc,phases      ] GC(93)     Total                          Min: 0, Avg:  0.0, Max: 0, Diff: 0, Sum: 0, Workers: 4
[34.352s][debug][gc,phases      ] GC(93)   StringTable Weak               Min:  0.1, Avg:  0.1, Max:  0.1, Diff:  0.0, Sum:  0.3, Workers: 4
[34.352s][debug][gc,phases      ] GC(93)     Dead                           Min: 0, Avg:  0.0, Max: 0, Diff: 0, Sum: 0, Workers: 4
[34.352s][debug][gc,phases      ] GC(93)     Total                          Min: 8384, Avg: 10989.5, Max: 14272, Diff: 5888, Sum: 43958, Workers: 4
[34.352s][debug][gc,phases      ] GC(93)   ResolvedMethodTable Weak       Min:  0.0, Avg:  0.0, Max:  0.0, Diff:  0.0, Sum:  0.1, Workers: 4
[34.352s][debug][gc,phases      ] GC(93)     Dead                           Min: 0, Avg:  0.0, Max: 0, Diff: 0, Sum: 0, Workers: 4
[34.352s][debug][gc,phases      ] GC(93)     Total                          Min: 1536, Avg: 1900.5, Max: 2304, Diff: 768, Sum: 7602, Workers: 4
[34.352s][debug][gc,phases      ] GC(93)   JNI Weak                       Min:  0.0, Avg:  0.0, Max:  0.0, Diff:  0.0, Sum:  0.0, Workers: 4
[34.352s][debug][gc,phases      ] GC(93)     Dead                           Min: 0, Avg:  0.0, Max: 0, Diff: 0, Sum: 0, Workers: 4
[34.352s][debug][gc,phases      ] GC(93)     Total                          Min: 0, Avg:  0.0, Max: 0, Diff: 0, Sum: 0, Workers: 4
[34.352s][debug][gc,phases      ] GC(93)   StringDedup Table Weak         Min:  0.0, Avg:  0.0, Max:  0.0, Diff:  0.0, Sum:  0.0, Workers: 4
[34.352s][debug][gc,phases      ] GC(93)     Dead                           Min: 0, Avg:  0.0, Max: 0, Diff: 0, Sum: 0, Workers: 4
[34.352s][debug][gc,phases      ] GC(93)     Total                          Min: 0, Avg:  0.0, Max: 0, Diff: 0, Sum: 0, Workers: 4
[34.352s][debug][gc,phases      ] GC(93)   StringDedup Requests0 Weak     Min:  0.0, Avg:  0.0, Max:  0.0, Diff:  0.0, Sum:  0.0, Workers: 4
[34.352s][debug][gc,phases      ] GC(93)     Dead                           Min: 0, Avg:  0.0, Max: 0, Diff: 0, Sum: 0, Workers: 4
[34.352s][debug][gc,phases      ] GC(93)     Total                          Min: 0, Avg:  0.0, Max: 0, Diff: 0, Sum: 0, Workers: 4
[34.352s][debug][gc,phases      ] GC(93)   StringDedup Requests1 Weak     Min:  0.0, Avg:  0.0, Max:  0.0, Diff:  0.0, Sum:  0.0, Workers: 4
[34.352s][debug][gc,phases      ] GC(93)     Dead                           Min: 0, Avg:  0.0, Max: 0, Diff: 0, Sum: 0, Workers: 4
[34.352s][debug][gc,phases      ] GC(93)     Total                          Min: 0, Avg:  0.0, Max: 0, Diff: 0, Sum: 0, Workers: 4
[34.352s][debug][gc,phases      ] GC(93)   Weak JFR Old Object Samples    Min:  0.0, Avg:  0.0, Max:  0.0, Diff:  0.0, Sum:  0.0, Workers: 4
[34.352s][debug][gc,phases      ] GC(93)     Dead                           Min: 0, Avg:  0.0, Max: 0, Diff: 0, Sum: 0, Workers: 4
[34.352s][debug][gc,phases      ] GC(93)     Total                          Min: 0, Avg:  0.0, Max: 0, Diff: 0, Sum: 0, Workers: 4
[34.352s][debug][gc,phases      ] GC(93) Weak Processing 0.240ms
[34.352s][debug][gc,age         ] GC(93) Desired survivor size 103809024 bytes, new threshold 15 (max threshold 15)
[34.352s][info ][gc,heap        ] GC(93) PSYoungGen: 1894528K(1994240K)->1440K(1995264K) Eden: 1893376K(1893376K)->0K(1893376K) From: 1152K(100864K)->1440K(101888K)
[34.352s][info ][gc,heap        ] GC(93) ParOldGen: 367536K(440832K)->367536K(440832K)
[34.352s][info ][gc,metaspace   ] GC(93) Metaspace: 72111K(72832K)->72111K(72832K) NonClass: 61742K(62144K)->61742K(62144K) Class: 10369K(10688K)->10369K(10688K)
[34.352s][info ][gc             ] GC(93) Pause Young (Allocation Failure) 2209M->360M(2379M) 1.455ms
[34.352s][info ][gc,cpu         ] GC(93) User=0.01s Sys=0.00s Real=0.00s
[34.352s][info ][safepoint      ] Safepoint "ParallelGCFailedAllocation", Time since last: 322607999 ns, Reaching safepoint: 144900 ns, At safepoint: 1534102 ns, Total: 1679002 ns
[34.666s][info ][gc,start       ] GC(94) Pause Young (Allocation Failure)
[34.668s][debug][gc,phases      ] GC(94) Scavenge 1.533ms
[34.668s][debug][gc,ref         ] GC(94) Skipped phase 1 of Reference Processing: no references
[34.668s][debug][gc,ref         ] GC(94) Skipped phase 2 of Reference Processing: no references
[34.668s][debug][gc,ref         ] GC(94) Skipped phase 3 of Reference Processing: no references
[34.668s][debug][gc,ref         ] GC(94) Skipped phase 4 of Reference Processing: no references
[34.668s][debug][gc,phases      ] GC(94) Reference Processing 0.030ms
[34.668s][debug][gc,phases      ] GC(94)   VM Weak                        Min:  0.0, Avg:  0.0, Max:  0.0, Diff:  0.0, Sum:  0.0, Workers: 4
[34.668s][debug][gc,phases      ] GC(94)     Dead                           Min: 0, Avg:  0.0, Max: 0, Diff: 0, Sum: 0, Workers: 4
[34.668s][debug][gc,phases      ] GC(94)     Total                          Min: 0, Avg: 153.0, Max: 576, Diff: 576, Sum: 612, Workers: 4
[34.668s][debug][gc,phases      ] GC(94)   ObjectSynchronizer Weak        Min:  0.0, Avg:  0.0, Max:  0.0, Diff:  0.0, Sum:  0.0, Workers: 4
[34.668s][debug][gc,phases      ] GC(94)     Dead                           Min: 0, Avg:  0.0, Max: 0, Diff: 0, Sum: 0, Workers: 4
[34.668s][debug][gc,phases      ] GC(94)     Total                          Min: 0, Avg: 90.0, Max: 232, Diff: 232, Sum: 360, Workers: 4
[34.668s][debug][gc,phases      ] GC(94)   JVMTI Tag Weak OopStorage      Min:  0.0, Avg:  0.0, Max:  0.0, Diff:  0.0, Sum:  0.0, Workers: 4
[34.668s][debug][gc,phases      ] GC(94)     Dead                           Min: 0, Avg:  0.0, Max: 0, Diff: 0, Sum: 0, Workers: 4
[34.668s][debug][gc,phases      ] GC(94)     Total                          Min: 0, Avg:  0.0, Max: 0, Diff: 0, Sum: 0, Workers: 4
[34.668s][debug][gc,phases      ] GC(94)   StringTable Weak               Min:  0.1, Avg:  0.1, Max:  0.1, Diff:  0.0, Sum:  0.4, Workers: 4
[34.668s][debug][gc,phases      ] GC(94)     Dead                           Min: 0, Avg:  0.0, Max: 0, Diff: 0, Sum: 0, Workers: 4
[34.668s][debug][gc,phases      ] GC(94)     Total                          Min: 10176, Avg: 10989.5, Max: 11382, Diff: 1206, Sum: 43958, Workers: 4
[34.668s][debug][gc,phases      ] GC(94)   ResolvedMethodTable Weak       Min:  0.0, Avg:  0.0, Max:  0.0, Diff:  0.0, Sum:  0.1, Workers: 4
[34.668s][debug][gc,phases      ] GC(94)     Dead                           Min: 0, Avg:  0.0, Max: 0, Diff: 0, Sum: 0, Workers: 4
[34.668s][debug][gc,phases      ] GC(94)     Total                          Min: 1792, Avg: 1900.5, Max: 1984, Diff: 192, Sum: 7602, Workers: 4
[34.668s][debug][gc,phases      ] GC(94)   JNI Weak                       Min:  0.0, Avg:  0.0, Max:  0.0, Diff:  0.0, Sum:  0.0, Workers: 4
[34.668s][debug][gc,phases      ] GC(94)     Dead                           Min: 0, Avg:  0.0, Max: 0, Diff: 0, Sum: 0, Workers: 4
[34.668s][debug][gc,phases      ] GC(94)     Total                          Min: 0, Avg:  0.0, Max: 0, Diff: 0, Sum: 0, Workers: 4
[34.668s][debug][gc,phases      ] GC(94)   StringDedup Table Weak         Min:  0.0, Avg:  0.0, Max:  0.0, Diff:  0.0, Sum:  0.0, Workers: 4
[34.668s][debug][gc,phases      ] GC(94)     Dead                           Min: 0, Avg:  0.0, Max: 0, Diff: 0, Sum: 0, Workers: 4
[34.668s][debug][gc,phases      ] GC(94)     Total                          Min: 0, Avg:  0.0, Max: 0, Diff: 0, Sum: 0, Workers: 4
[34.668s][debug][gc,phases      ] GC(94)   StringDedup Requests0 Weak     Min:  0.0, Avg:  0.0, Max:  0.0, Diff:  0.0, Sum:  0.0, Workers: 4
[34.668s][debug][gc,phases      ] GC(94)     Dead                           Min: 0, Avg:  0.0, Max: 0, Diff: 0, Sum: 0, Workers: 4
[34.668s][debug][gc,phases      ] GC(94)     Total                          Min: 0, Avg:  0.0, Max: 0, Diff: 0, Sum: 0, Workers: 4
[34.668s][debug][gc,phases      ] GC(94)   StringDedup Requests1 Weak     Min:  0.0, Avg:  0.0, Max:  0.0, Diff:  0.0, Sum:  0.0, Workers: 4
[34.668s][debug][gc,phases      ] GC(94)     Dead                           Min: 0, Avg:  0.0, Max: 0, Diff: 0, Sum: 0, Workers: 4
[34.668s][debug][gc,phases      ] GC(94)     Total                          Min: 0, Avg:  0.0, Max: 0, Diff: 0, Sum: 0, Workers: 4
[34.668s][debug][gc,phases      ] GC(94)   Weak JFR Old Object Samples    Min:  0.0, Avg:  0.0, Max:  0.0, Diff:  0.0, Sum:  0.0, Workers: 4
[34.668s][debug][gc,phases      ] GC(94)     Dead                           Min: 0, Avg:  0.0, Max: 0, Diff: 0, Sum: 0, Workers: 4
[34.668s][debug][gc,phases      ] GC(94)     Total                          Min: 0, Avg:  0.0, Max: 0, Diff: 0, Sum: 0, Workers: 4
[34.668s][debug][gc,phases      ] GC(94) Weak Processing 0.364ms
[34.668s][debug][gc,age         ] GC(94) Desired survivor size 102760448 bytes, new threshold 15 (max threshold 15)
[34.668s][info ][gc,heap        ] GC(94) PSYoungGen: 1894816K(1995264K)->1696K(1996800K) Eden: 1893376K(1893376K)->0K(1895424K) From: 1440K(101888K)->1696K(101376K)
[34.668s][info ][gc,heap        ] GC(94) ParOldGen: 367536K(440832K)->367536K(440832K)
[34.668s][info ][gc,metaspace   ] GC(94) Metaspace: 72124K(72832K)->72124K(72832K) NonClass: 61755K(62144K)->61755K(62144K) Class: 10369K(10688K)->10369K(10688K)
[34.668s][info ][gc             ] GC(94) Pause Young (Allocation Failure) 2209M->360M(2380M) 2.040ms
[34.668s][info ][gc,cpu         ] GC(94) User=0.01s Sys=0.00s Real=0.00s
[34.668s][info ][safepoint      ] Safepoint "ParallelGCFailedAllocation", Time since last: 313460888 ns, Reaching safepoint: 146600 ns, At safepoint: 2146103 ns, Total: 2292703 ns
[34.992s][info ][gc,start       ] GC(95) Pause Young (Allocation Failure)
[34.993s][debug][gc,phases      ] GC(95) Scavenge 1.426ms
[34.993s][debug][gc,ref         ] GC(95) Skipped phase 1 of Reference Processing: no references
[34.993s][debug][gc,ref         ] GC(95) Skipped phase 2 of Reference Processing: no references
[34.993s][debug][gc,ref         ] GC(95) Skipped phase 3 of Reference Processing: no references
[34.993s][debug][gc,ref         ] GC(95) Skipped phase 4 of Reference Processing: no references
[34.993s][debug][gc,phases      ] GC(95) Reference Processing 0.018ms
[34.994s][debug][gc,phases      ] GC(95)   VM Weak                        Min:  0.0, Avg:  0.0, Max:  0.0, Diff:  0.0, Sum:  0.0, Workers: 4
[34.994s][debug][gc,phases      ] GC(95)     Dead                           Min: 0, Avg:  0.0, Max: 0, Diff: 0, Sum: 0, Workers: 4
[34.994s][debug][gc,phases      ] GC(95)     Total                          Min: 0, Avg: 153.0, Max: 484, Diff: 484, Sum: 612, Workers: 4
[34.994s][debug][gc,phases      ] GC(95)   ObjectSynchronizer Weak        Min:  0.0, Avg:  0.0, Max:  0.0, Diff:  0.0, Sum:  0.0, Workers: 4
[34.994s][debug][gc,phases      ] GC(95)     Dead                           Min: 0, Avg:  0.0, Max: 0, Diff: 0, Sum: 0, Workers: 4
[34.994s][debug][gc,phases      ] GC(95)     Total                          Min: 0, Avg: 90.0, Max: 168, Diff: 168, Sum: 360, Workers: 4
[34.994s][debug][gc,phases      ] GC(95)   JVMTI Tag Weak OopStorage      Min:  0.0, Avg:  0.0, Max:  0.0, Diff:  0.0, Sum:  0.0, Workers: 4
[34.994s][debug][gc,phases      ] GC(95)     Dead                           Min: 0, Avg:  0.0, Max: 0, Diff: 0, Sum: 0, Workers: 4
[34.994s][debug][gc,phases      ] GC(95)     Total                          Min: 0, Avg:  0.0, Max: 0, Diff: 0, Sum: 0, Workers: 4
[34.994s][debug][gc,phases      ] GC(95)   StringTable Weak               Min:  0.1, Avg:  0.1, Max:  0.1, Diff:  0.0, Sum:  0.3, Workers: 4
[34.994s][debug][gc,phases      ] GC(95)     Dead                           Min: 0, Avg:  0.0, Max: 0, Diff: 0, Sum: 0, Workers: 4
[34.994s][debug][gc,phases      ] GC(95)     Total                          Min: 8256, Avg: 10989.8, Max: 13952, Diff: 5696, Sum: 43959, Workers: 4
[34.994s][debug][gc,phases      ] GC(95)   ResolvedMethodTable Weak       Min:  0.0, Avg:  0.0, Max:  0.0, Diff:  0.0, Sum:  0.1, Workers: 4
[34.994s][debug][gc,phases      ] GC(95)     Dead                           Min: 0, Avg:  0.0, Max: 0, Diff: 0, Sum: 0, Workers: 4
[34.994s][debug][gc,phases      ] GC(95)     Total                          Min: 1472, Avg: 1900.5, Max: 2368, Diff: 896, Sum: 7602, Workers: 4
[34.994s][debug][gc,phases      ] GC(95)   JNI Weak                       Min:  0.0, Avg:  0.0, Max:  0.0, Diff:  0.0, Sum:  0.0, Workers: 4
[34.994s][debug][gc,phases      ] GC(95)     Dead                           Min: 0, Avg:  0.0, Max: 0, Diff: 0, Sum: 0, Workers: 4
[34.994s][debug][gc,phases      ] GC(95)     Total                          Min: 0, Avg:  0.0, Max: 0, Diff: 0, Sum: 0, Workers: 4
[34.994s][debug][gc,phases      ] GC(95)   StringDedup Table Weak         Min:  0.0, Avg:  0.0, Max:  0.0, Diff:  0.0, Sum:  0.0, Workers: 4
[34.994s][debug][gc,phases      ] GC(95)     Dead                           Min: 0, Avg:  0.0, Max: 0, Diff: 0, Sum: 0, Workers: 4
[34.994s][debug][gc,phases      ] GC(95)     Total                          Min: 0, Avg:  0.0, Max: 0, Diff: 0, Sum: 0, Workers: 4
[34.994s][debug][gc,phases      ] GC(95)   StringDedup Requests0 Weak     Min:  0.0, Avg:  0.0, Max:  0.0, Diff:  0.0, Sum:  0.0, Workers: 4
[34.994s][debug][gc,phases      ] GC(95)     Dead                           Min: 0, Avg:  0.0, Max: 0, Diff: 0, Sum: 0, Workers: 4
[34.994s][debug][gc,phases      ] GC(95)     Total                          Min: 0, Avg:  0.0, Max: 0, Diff: 0, Sum: 0, Workers: 4
[34.994s][debug][gc,phases      ] GC(95)   StringDedup Requests1 Weak     Min:  0.0, Avg:  0.0, Max:  0.0, Diff:  0.0, Sum:  0.0, Workers: 4
[34.994s][debug][gc,phases      ] GC(95)     Dead                           Min: 0, Avg:  0.0, Max: 0, Diff: 0, Sum: 0, Workers: 4
[34.994s][debug][gc,phases      ] GC(95)     Total                          Min: 0, Avg:  0.0, Max: 0, Diff: 0, Sum: 0, Workers: 4
[34.994s][debug][gc,phases      ] GC(95)   Weak JFR Old Object Samples    Min:  0.0, Avg:  0.0, Max:  0.0, Diff:  0.0, Sum:  0.0, Workers: 4
[34.994s][debug][gc,phases      ] GC(95)     Dead                           Min: 0, Avg:  0.0, Max: 0, Diff: 0, Sum: 0, Workers: 4
[34.994s][debug][gc,phases      ] GC(95)     Total                          Min: 0, Avg:  0.0, Max: 0, Diff: 0, Sum: 0, Workers: 4
[34.994s][debug][gc,phases      ] GC(95) Weak Processing 0.251ms
[34.994s][debug][gc,age         ] GC(95) Desired survivor size 100663296 bytes, new threshold 15 (max threshold 15)
[34.994s][info ][gc,heap        ] GC(95) PSYoungGen: 1897120K(1996800K)->1984K(1995776K) Eden: 1895424K(1895424K)->0K(1895424K) From: 1696K(101376K)->1984K(100352K)
[34.994s][info ][gc,heap        ] GC(95) ParOldGen: 367536K(440832K)->367544K(440832K)
[34.994s][info ][gc,metaspace   ] GC(95) Metaspace: 72131K(72832K)->72131K(72832K) NonClass: 61761K(62144K)->61761K(62144K) Class: 10369K(10688K)->10369K(10688K)
[34.994s][info ][gc             ] GC(95) Pause Young (Allocation Failure) 2211M->360M(2379M) 1.776ms
[34.994s][info ][gc,cpu         ] GC(95) User=0.01s Sys=0.00s Real=0.00s
[34.994s][info ][safepoint      ] Safepoint "ParallelGCFailedAllocation", Time since last: 323607600 ns, Reaching safepoint: 169000 ns, At safepoint: 1856902 ns, Total: 2025902 ns
[35.315s][info ][gc,start       ] GC(96) Pause Young (Allocation Failure)
[35.317s][debug][gc,phases      ] GC(96) Scavenge 1.599ms
[35.317s][debug][gc,ref         ] GC(96) Skipped phase 1 of Reference Processing: no references
[35.317s][debug][gc,ref         ] GC(96) Skipped phase 2 of Reference Processing: no references
[35.317s][debug][gc,ref         ] GC(96) Skipped phase 3 of Reference Processing: no references
[35.317s][debug][gc,ref         ] GC(96) Skipped phase 4 of Reference Processing: no references
[35.317s][debug][gc,phases      ] GC(96) Reference Processing 0.029ms
[35.317s][debug][gc,phases      ] GC(96)   VM Weak                        Min:  0.0, Avg:  0.0, Max:  0.0, Diff:  0.0, Sum:  0.0, Workers: 4
[35.317s][debug][gc,phases      ] GC(96)     Dead                           Min: 0, Avg:  0.0, Max: 0, Diff: 0, Sum: 0, Workers: 4
[35.317s][debug][gc,phases      ] GC(96)     Total                          Min: 0, Avg: 153.0, Max: 448, Diff: 448, Sum: 612, Workers: 4
[35.317s][debug][gc,phases      ] GC(96)   ObjectSynchronizer Weak        Min:  0.0, Avg:  0.0, Max:  0.0, Diff:  0.0, Sum:  0.0, Workers: 4
[35.317s][debug][gc,phases      ] GC(96)     Dead                           Min: 0, Avg:  0.0, Max: 0, Diff: 0, Sum: 0, Workers: 4
[35.317s][debug][gc,phases      ] GC(96)     Total                          Min: 0, Avg: 90.0, Max: 232, Diff: 232, Sum: 360, Workers: 4
[35.317s][debug][gc,phases      ] GC(96)   JVMTI Tag Weak OopStorage      Min:  0.0, Avg:  0.0, Max:  0.0, Diff:  0.0, Sum:  0.0, Workers: 4
[35.317s][debug][gc,phases      ] GC(96)     Dead                           Min: 0, Avg:  0.0, Max: 0, Diff: 0, Sum: 0, Workers: 4
[35.317s][debug][gc,phases      ] GC(96)     Total                          Min: 0, Avg:  0.0, Max: 0, Diff: 0, Sum: 0, Workers: 4
[35.317s][debug][gc,phases      ] GC(96)   StringTable Weak               Min:  0.1, Avg:  0.1, Max:  0.1, Diff:  0.0, Sum:  0.4, Workers: 4
[35.317s][debug][gc,phases      ] GC(96)     Dead                           Min: 0, Avg:  0.0, Max: 0, Diff: 0, Sum: 0, Workers: 4
[35.317s][debug][gc,phases      ] GC(96)     Total                          Min: 9728, Avg: 10989.8, Max: 13760, Diff: 4032, Sum: 43959, Workers: 4
[35.317s][debug][gc,phases      ] GC(96)   ResolvedMethodTable Weak       Min:  0.0, Avg:  0.0, Max:  0.0, Diff:  0.0, Sum:  0.1, Workers: 4
[35.317s][debug][gc,phases      ] GC(96)     Dead                           Min: 0, Avg:  0.0, Max: 0, Diff: 0, Sum: 0, Workers: 4
[35.317s][debug][gc,phases      ] GC(96)     Total                          Min: 1664, Avg: 1900.5, Max: 2432, Diff: 768, Sum: 7602, Workers: 4
[35.317s][debug][gc,phases      ] GC(96)   JNI Weak                       Min:  0.0, Avg:  0.0, Max:  0.0, Diff:  0.0, Sum:  0.0, Workers: 4
[35.317s][debug][gc,phases      ] GC(96)     Dead                           Min: 0, Avg:  0.0, Max: 0, Diff: 0, Sum: 0, Workers: 4
[35.317s][debug][gc,phases      ] GC(96)     Total                          Min: 0, Avg:  0.5, Max: 2, Diff: 2, Sum: 2, Workers: 4
[35.317s][debug][gc,phases      ] GC(96)   StringDedup Table Weak         Min:  0.0, Avg:  0.0, Max:  0.0, Diff:  0.0, Sum:  0.0, Workers: 4
[35.317s][debug][gc,phases      ] GC(96)     Dead                           Min: 0, Avg:  0.0, Max: 0, Diff: 0, Sum: 0, Workers: 4
[35.317s][debug][gc,phases      ] GC(96)     Total                          Min: 0, Avg:  0.0, Max: 0, Diff: 0, Sum: 0, Workers: 4
[35.317s][debug][gc,phases      ] GC(96)   StringDedup Requests0 Weak     Min:  0.0, Avg:  0.0, Max:  0.0, Diff:  0.0, Sum:  0.0, Workers: 4
[35.317s][debug][gc,phases      ] GC(96)     Dead                           Min: 0, Avg:  0.0, Max: 0, Diff: 0, Sum: 0, Workers: 4
[35.317s][debug][gc,phases      ] GC(96)     Total                          Min: 0, Avg:  0.0, Max: 0, Diff: 0, Sum: 0, Workers: 4
[35.317s][debug][gc,phases      ] GC(96)   StringDedup Requests1 Weak     Min:  0.0, Avg:  0.0, Max:  0.0, Diff:  0.0, Sum:  0.0, Workers: 4
[35.317s][debug][gc,phases      ] GC(96)     Dead                           Min: 0, Avg:  0.0, Max: 0, Diff: 0, Sum: 0, Workers: 4
[35.317s][debug][gc,phases      ] GC(96)     Total                          Min: 0, Avg:  0.0, Max: 0, Diff: 0, Sum: 0, Workers: 4
[35.318s][debug][gc,phases      ] GC(96)   Weak JFR Old Object Samples    Min:  0.0, Avg:  0.0, Max:  0.0, Diff:  0.0, Sum:  0.0, Workers: 4
[35.318s][debug][gc,phases      ] GC(96)     Dead                           Min: 0, Avg:  0.0, Max: 0, Diff: 0, Sum: 0, Workers: 4
[35.318s][debug][gc,phases      ] GC(96)     Total                          Min: 0, Avg:  0.0, Max: 0, Diff: 0, Sum: 0, Workers: 4
[35.318s][debug][gc,phases      ] GC(96) Weak Processing 0.357ms
[35.318s][debug][gc,age         ] GC(96) Desired survivor size 98041856 bytes, new threshold 15 (max threshold 15)
[35.318s][info ][gc,heap        ] GC(96) PSYoungGen: 1897408K(1995776K)->2304K(2001408K) Eden: 1895424K(1895424K)->0K(1903104K) From: 1984K(100352K)->2304K(98304K)
[35.318s][info ][gc,heap        ] GC(96) ParOldGen: 367544K(440832K)->367544K(440832K)
[35.318s][info ][gc,metaspace   ] GC(96) Metaspace: 72131K(72832K)->72131K(72832K) NonClass: 61762K(62144K)->61762K(62144K) Class: 10369K(10688K)->10369K(10688K)
[35.318s][info ][gc             ] GC(96) Pause Young (Allocation Failure) 2211M->361M(2385M) 2.094ms
[35.318s][info ][gc,cpu         ] GC(96) User=0.00s Sys=0.00s Real=0.00s
[35.318s][info ][safepoint      ] Safepoint "ParallelGCFailedAllocation", Time since last: 321452298 ns, Reaching safepoint: 169300 ns, At safepoint: 2208803 ns, Total: 2378103 ns
[35.645s][info ][gc,start       ] GC(97) Pause Young (Allocation Failure)
[35.646s][debug][gc,phases      ] GC(97) Scavenge 1.665ms
[35.646s][debug][gc,ref         ] GC(97) Skipped phase 1 of Reference Processing: no references
[35.646s][debug][gc,ref         ] GC(97) Skipped phase 2 of Reference Processing: no references
[35.646s][debug][gc,ref         ] GC(97) Skipped phase 3 of Reference Processing: no references
[35.646s][debug][gc,ref         ] GC(97) Skipped phase 4 of Reference Processing: no references
[35.646s][debug][gc,phases      ] GC(97) Reference Processing 0.027ms
[35.646s][debug][gc,phases      ] GC(97)   VM Weak                        Min:  0.0, Avg:  0.0, Max:  0.0, Diff:  0.0, Sum:  0.0, Workers: 4
[35.646s][debug][gc,phases      ] GC(97)     Dead                           Min: 0, Avg:  0.0, Max: 0, Diff: 0, Sum: 0, Workers: 4
[35.646s][debug][gc,phases      ] GC(97)     Total                          Min: 0, Avg: 153.0, Max: 448, Diff: 448, Sum: 612, Workers: 4
[35.646s][debug][gc,phases      ] GC(97)   ObjectSynchronizer Weak        Min:  0.0, Avg:  0.0, Max:  0.0, Diff:  0.0, Sum:  0.0, Workers: 4
[35.646s][debug][gc,phases      ] GC(97)     Dead                           Min: 0, Avg:  0.0, Max: 0, Diff: 0, Sum: 0, Workers: 4
[35.646s][debug][gc,phases      ] GC(97)     Total                          Min: 0, Avg: 90.0, Max: 232, Diff: 232, Sum: 360, Workers: 4
[35.646s][debug][gc,phases      ] GC(97)   JVMTI Tag Weak OopStorage      Min:  0.0, Avg:  0.0, Max:  0.0, Diff:  0.0, Sum:  0.0, Workers: 4
[35.646s][debug][gc,phases      ] GC(97)     Dead                           Min: 0, Avg:  0.0, Max: 0, Diff: 0, Sum: 0, Workers: 4
[35.646s][debug][gc,phases      ] GC(97)     Total                          Min: 0, Avg:  0.0, Max: 0, Diff: 0, Sum: 0, Workers: 4
[35.646s][debug][gc,phases      ] GC(97)   StringTable Weak               Min:  0.1, Avg:  0.1, Max:  0.1, Diff:  0.0, Sum:  0.3, Workers: 4
[35.646s][debug][gc,phases      ] GC(97)     Dead                           Min: 0, Avg:  0.0, Max: 0, Diff: 0, Sum: 0, Workers: 4
[35.646s][debug][gc,phases      ] GC(97)     Total                          Min: 8448, Avg: 10990.2, Max: 13945, Diff: 5497, Sum: 43961, Workers: 4
[35.646s][debug][gc,phases      ] GC(97)   ResolvedMethodTable Weak       Min:  0.0, Avg:  0.0, Max:  0.0, Diff:  0.0, Sum:  0.1, Workers: 4
[35.646s][debug][gc,phases      ] GC(97)     Dead                           Min: 0, Avg:  0.0, Max: 0, Diff: 0, Sum: 0, Workers: 4
[35.646s][debug][gc,phases      ] GC(97)     Total                          Min: 1472, Avg: 1900.5, Max: 2354, Diff: 882, Sum: 7602, Workers: 4
[35.646s][debug][gc,phases      ] GC(97)   JNI Weak                       Min:  0.0, Avg:  0.0, Max:  0.0, Diff:  0.0, Sum:  0.0, Workers: 4
[35.646s][debug][gc,phases      ] GC(97)     Dead                           Min: 0, Avg:  0.0, Max: 0, Diff: 0, Sum: 0, Workers: 4
[35.646s][debug][gc,phases      ] GC(97)     Total                          Min: 0, Avg:  0.0, Max: 0, Diff: 0, Sum: 0, Workers: 4
[35.646s][debug][gc,phases      ] GC(97)   StringDedup Table Weak         Min:  0.0, Avg:  0.0, Max:  0.0, Diff:  0.0, Sum:  0.0, Workers: 4
[35.646s][debug][gc,phases      ] GC(97)     Dead                           Min: 0, Avg:  0.0, Max: 0, Diff: 0, Sum: 0, Workers: 4
[35.646s][debug][gc,phases      ] GC(97)     Total                          Min: 0, Avg:  0.0, Max: 0, Diff: 0, Sum: 0, Workers: 4
[35.646s][debug][gc,phases      ] GC(97)   StringDedup Requests0 Weak     Min:  0.0, Avg:  0.0, Max:  0.0, Diff:  0.0, Sum:  0.0, Workers: 4
[35.646s][debug][gc,phases      ] GC(97)     Dead                           Min: 0, Avg:  0.0, Max: 0, Diff: 0, Sum: 0, Workers: 4
[35.646s][debug][gc,phases      ] GC(97)     Total                          Min: 0, Avg:  0.0, Max: 0, Diff: 0, Sum: 0, Workers: 4
[35.646s][debug][gc,phases      ] GC(97)   StringDedup Requests1 Weak     Min:  0.0, Avg:  0.0, Max:  0.0, Diff:  0.0, Sum:  0.0, Workers: 4
[35.646s][debug][gc,phases      ] GC(97)     Dead                           Min: 0, Avg:  0.0, Max: 0, Diff: 0, Sum: 0, Workers: 4
[35.646s][debug][gc,phases      ] GC(97)     Total                          Min: 0, Avg:  0.0, Max: 0, Diff: 0, Sum: 0, Workers: 4
[35.647s][debug][gc,phases      ] GC(97)   Weak JFR Old Object Samples    Min:  0.0, Avg:  0.0, Max:  0.0, Diff:  0.0, Sum:  0.0, Workers: 4
[35.647s][debug][gc,phases      ] GC(97)     Dead                           Min: 0, Avg:  0.0, Max: 0, Diff: 0, Sum: 0, Workers: 4
[35.647s][debug][gc,phases      ] GC(97)     Total                          Min: 0, Avg:  0.0, Max: 0, Diff: 0, Sum: 0, Workers: 4
[35.647s][debug][gc,phases      ] GC(97) Weak Processing 0.241ms
[35.647s][debug][gc,age         ] GC(97) Desired survivor size 94896128 bytes, new threshold 15 (max threshold 15)
[35.647s][info ][gc,heap        ] GC(97) PSYoungGen: 1905408K(2001408K)->2560K(1998848K) Eden: 1903104K(1903104K)->0K(1903104K) From: 2304K(98304K)->2560K(95744K)
[35.647s][info ][gc,heap        ] GC(97) ParOldGen: 367544K(440832K)->367544K(440832K)
[35.647s][info ][gc,metaspace   ] GC(97) Metaspace: 72178K(72896K)->72178K(72896K) NonClass: 61808K(62208K)->61808K(62208K) Class: 10369K(10688K)->10369K(10688K)
[35.647s][info ][gc             ] GC(97) Pause Young (Allocation Failure) 2219M->361M(2382M) 2.016ms
[35.647s][info ][gc,cpu         ] GC(97) User=0.01s Sys=0.00s Real=0.00s
[35.647s][info ][safepoint      ] Safepoint "ParallelGCFailedAllocation", Time since last: 326729604 ns, Reaching safepoint: 129800 ns, At safepoint: 2093103 ns, Total: 2222903 ns
[35.974s][info ][gc,start       ] GC(98) Pause Young (Allocation Failure)
[35.975s][debug][gc,phases      ] GC(98) Scavenge 1.540ms
[35.975s][debug][gc,ref         ] GC(98) Skipped phase 1 of Reference Processing: no references
[35.975s][debug][gc,ref         ] GC(98) Skipped phase 2 of Reference Processing: no references
[35.975s][debug][gc,ref         ] GC(98) Skipped phase 3 of Reference Processing: no references
[35.975s][debug][gc,ref         ] GC(98) Skipped phase 4 of Reference Processing: no references
[35.975s][debug][gc,phases      ] GC(98) Reference Processing 0.024ms
[35.975s][debug][gc,phases      ] GC(98)   VM Weak                        Min:  0.0, Avg:  0.0, Max:  0.0, Diff:  0.0, Sum:  0.0, Workers: 4
[35.975s][debug][gc,phases      ] GC(98)     Dead                           Min: 0, Avg:  0.0, Max: 0, Diff: 0, Sum: 0, Workers: 4
[35.975s][debug][gc,phases      ] GC(98)     Total                          Min: 0, Avg: 153.0, Max: 612, Diff: 612, Sum: 612, Workers: 4
[35.975s][debug][gc,phases      ] GC(98)   ObjectSynchronizer Weak        Min:  0.0, Avg:  0.0, Max:  0.0, Diff:  0.0, Sum:  0.0, Workers: 4
[35.975s][debug][gc,phases      ] GC(98)     Dead                           Min: 0, Avg:  0.0, Max: 0, Diff: 0, Sum: 0, Workers: 4
[35.975s][debug][gc,phases      ] GC(98)     Total                          Min: 0, Avg: 90.0, Max: 232, Diff: 232, Sum: 360, Workers: 4
[35.975s][debug][gc,phases      ] GC(98)   JVMTI Tag Weak OopStorage      Min:  0.0, Avg:  0.0, Max:  0.0, Diff:  0.0, Sum:  0.0, Workers: 4
[35.975s][debug][gc,phases      ] GC(98)     Dead                           Min: 0, Avg:  0.0, Max: 0, Diff: 0, Sum: 0, Workers: 4
[35.975s][debug][gc,phases      ] GC(98)     Total                          Min: 0, Avg:  0.0, Max: 0, Diff: 0, Sum: 0, Workers: 4
[35.975s][debug][gc,phases      ] GC(98)   StringTable Weak               Min:  0.1, Avg:  0.1, Max:  0.1, Diff:  0.0, Sum:  0.3, Workers: 4
[35.975s][debug][gc,phases      ] GC(98)     Dead                           Min: 0, Avg:  0.0, Max: 0, Diff: 0, Sum: 0, Workers: 4
[35.975s][debug][gc,phases      ] GC(98)     Total                          Min: 8953, Avg: 10990.2, Max: 14272, Diff: 5319, Sum: 43961, Workers: 4
[35.975s][debug][gc,phases      ] GC(98)   ResolvedMethodTable Weak       Min:  0.0, Avg:  0.0, Max:  0.0, Diff:  0.0, Sum:  0.1, Workers: 4
[35.975s][debug][gc,phases      ] GC(98)     Dead                           Min: 0, Avg:  0.0, Max: 0, Diff: 0, Sum: 0, Workers: 4
[35.975s][debug][gc,phases      ] GC(98)     Total                          Min: 1664, Avg: 1900.5, Max: 2432, Diff: 768, Sum: 7602, Workers: 4
[35.975s][debug][gc,phases      ] GC(98)   JNI Weak                       Min:  0.0, Avg:  0.0, Max:  0.0, Diff:  0.0, Sum:  0.0, Workers: 4
[35.975s][debug][gc,phases      ] GC(98)     Dead                           Min: 0, Avg:  0.0, Max: 0, Diff: 0, Sum: 0, Workers: 4
[35.975s][debug][gc,phases      ] GC(98)     Total                          Min: 0, Avg:  0.0, Max: 0, Diff: 0, Sum: 0, Workers: 4
[35.975s][debug][gc,phases      ] GC(98)   StringDedup Table Weak         Min:  0.0, Avg:  0.0, Max:  0.0, Diff:  0.0, Sum:  0.0, Workers: 4
[35.975s][debug][gc,phases      ] GC(98)     Dead                           Min: 0, Avg:  0.0, Max: 0, Diff: 0, Sum: 0, Workers: 4
[35.975s][debug][gc,phases      ] GC(98)     Total                          Min: 0, Avg:  0.0, Max: 0, Diff: 0, Sum: 0, Workers: 4
[35.975s][debug][gc,phases      ] GC(98)   StringDedup Requests0 Weak     Min:  0.0, Avg:  0.0, Max:  0.0, Diff:  0.0, Sum:  0.0, Workers: 4
[35.975s][debug][gc,phases      ] GC(98)     Dead                           Min: 0, Avg:  0.0, Max: 0, Diff: 0, Sum: 0, Workers: 4
[35.975s][debug][gc,phases      ] GC(98)     Total                          Min: 0, Avg:  0.0, Max: 0, Diff: 0, Sum: 0, Workers: 4
[35.975s][debug][gc,phases      ] GC(98)   StringDedup Requests1 Weak     Min:  0.0, Avg:  0.0, Max:  0.0, Diff:  0.0, Sum:  0.0, Workers: 4
[35.975s][debug][gc,phases      ] GC(98)     Dead                           Min: 0, Avg:  0.0, Max: 0, Diff: 0, Sum: 0, Workers: 4
[35.975s][debug][gc,phases      ] GC(98)     Total                          Min: 0, Avg:  0.0, Max: 0, Diff: 0, Sum: 0, Workers: 4
[35.975s][debug][gc,phases      ] GC(98)   Weak JFR Old Object Samples    Min:  0.0, Avg:  0.0, Max:  0.0, Diff:  0.0, Sum:  0.0, Workers: 4
[35.975s][debug][gc,phases      ] GC(98)     Dead                           Min: 0, Avg:  0.0, Max: 0, Diff: 0, Sum: 0, Workers: 4
[35.975s][debug][gc,phases      ] GC(98)     Total                          Min: 0, Avg:  0.0, Max: 0, Diff: 0, Sum: 0, Workers: 4
[35.976s][debug][gc,phases      ] GC(98) Weak Processing 0.251ms
[35.976s][debug][gc,age         ] GC(98) Desired survivor size 91226112 bytes, new threshold 15 (max threshold 15)
[35.976s][info ][gc,heap        ] GC(98) PSYoungGen: 1905664K(1998848K)->2816K(2008064K) Eden: 1903104K(1903104K)->0K(1915392K) From: 2560K(95744K)->2816K(92672K)
[35.976s][info ][gc,heap        ] GC(98) ParOldGen: 367544K(440832K)->367544K(440832K)
[35.976s][info ][gc,metaspace   ] GC(98) Metaspace: 72180K(72896K)->72180K(72896K) NonClass: 61811K(62208K)->61811K(62208K) Class: 10369K(10688K)->10369K(10688K)
[35.976s][info ][gc             ] GC(98) Pause Young (Allocation Failure) 2219M->361M(2391M) 1.904ms
[35.976s][info ][gc,cpu         ] GC(98) User=0.01s Sys=0.00s Real=0.01s
[35.976s][info ][safepoint      ] Safepoint "ParallelGCFailedAllocation", Time since last: 326861504 ns, Reaching safepoint: 135600 ns, At safepoint: 2001203 ns, Total: 2136803 ns
[36.315s][info ][gc,start       ] GC(99) Pause Young (Allocation Failure)
[36.317s][debug][gc,phases      ] GC(99) Scavenge 1.905ms
[36.317s][debug][gc,ref         ] GC(99) Skipped phase 1 of Reference Processing: no references
[36.317s][debug][gc,ref         ] GC(99) Skipped phase 2 of Reference Processing: no references
[36.317s][debug][gc,ref         ] GC(99) Skipped phase 3 of Reference Processing: no references
[36.317s][debug][gc,ref         ] GC(99) Skipped phase 4 of Reference Processing: no references
[36.317s][debug][gc,phases      ] GC(99) Reference Processing 0.017ms
[36.317s][debug][gc,phases      ] GC(99)   VM Weak                        Min:  0.0, Avg:  0.0, Max:  0.0, Diff:  0.0, Sum:  0.0, Workers: 4
[36.317s][debug][gc,phases      ] GC(99)     Dead                           Min: 0, Avg:  0.0, Max: 0, Diff: 0, Sum: 0, Workers: 4
[36.317s][debug][gc,phases      ] GC(99)     Total                          Min: 0, Avg: 153.0, Max: 320, Diff: 320, Sum: 612, Workers: 4
[36.317s][debug][gc,phases      ] GC(99)   ObjectSynchronizer Weak        Min:  0.0, Avg:  0.0, Max:  0.0, Diff:  0.0, Sum:  0.0, Workers: 4
[36.317s][debug][gc,phases      ] GC(99)     Dead                           Min: 0, Avg:  0.0, Max: 0, Diff: 0, Sum: 0, Workers: 4
[36.317s][debug][gc,phases      ] GC(99)     Total                          Min: 0, Avg: 90.0, Max: 232, Diff: 232, Sum: 360, Workers: 4
[36.317s][debug][gc,phases      ] GC(99)   JVMTI Tag Weak OopStorage      Min:  0.0, Avg:  0.0, Max:  0.0, Diff:  0.0, Sum:  0.0, Workers: 4
[36.317s][debug][gc,phases      ] GC(99)     Dead                           Min: 0, Avg:  0.0, Max: 0, Diff: 0, Sum: 0, Workers: 4
[36.317s][debug][gc,phases      ] GC(99)     Total                          Min: 0, Avg:  0.0, Max: 0, Diff: 0, Sum: 0, Workers: 4
[36.318s][debug][gc,phases      ] GC(99)   StringTable Weak               Min:  0.1, Avg:  0.1, Max:  0.1, Diff:  0.0, Sum:  0.3, Workers: 4
[36.318s][debug][gc,phases      ] GC(99)     Dead                           Min: 0, Avg:  0.0, Max: 0, Diff: 0, Sum: 0, Workers: 4
[36.318s][debug][gc,phases      ] GC(99)     Total                          Min: 9088, Avg: 10990.2, Max: 15097, Diff: 6009, Sum: 43961, Workers: 4
[36.318s][debug][gc,phases      ] GC(99)   ResolvedMethodTable Weak       Min:  0.0, Avg:  0.0, Max:  0.0, Diff:  0.0, Sum:  0.1, Workers: 4
[36.318s][debug][gc,phases      ] GC(99)     Dead                           Min: 0, Avg:  0.0, Max: 0, Diff: 0, Sum: 0, Workers: 4
[36.318s][debug][gc,phases      ] GC(99)     Total                          Min: 1600, Avg: 1900.5, Max: 2482, Diff: 882, Sum: 7602, Workers: 4
[36.318s][debug][gc,phases      ] GC(99)   JNI Weak                       Min:  0.0, Avg:  0.0, Max:  0.0, Diff:  0.0, Sum:  0.0, Workers: 4
[36.318s][debug][gc,phases      ] GC(99)     Dead                           Min: 0, Avg:  0.0, Max: 0, Diff: 0, Sum: 0, Workers: 4
[36.318s][debug][gc,phases      ] GC(99)     Total                          Min: 0, Avg:  0.0, Max: 0, Diff: 0, Sum: 0, Workers: 4
[36.318s][debug][gc,phases      ] GC(99)   StringDedup Table Weak         Min:  0.0, Avg:  0.0, Max:  0.0, Diff:  0.0, Sum:  0.0, Workers: 4
[36.318s][debug][gc,phases      ] GC(99)     Dead                           Min: 0, Avg:  0.0, Max: 0, Diff: 0, Sum: 0, Workers: 4
[36.318s][debug][gc,phases      ] GC(99)     Total                          Min: 0, Avg:  0.0, Max: 0, Diff: 0, Sum: 0, Workers: 4
[36.318s][debug][gc,phases      ] GC(99)   StringDedup Requests0 Weak     Min:  0.0, Avg:  0.0, Max:  0.0, Diff:  0.0, Sum:  0.0, Workers: 4
[36.318s][debug][gc,phases      ] GC(99)     Dead                           Min: 0, Avg:  0.0, Max: 0, Diff: 0, Sum: 0, Workers: 4
[36.318s][debug][gc,phases      ] GC(99)     Total                          Min: 0, Avg:  0.0, Max: 0, Diff: 0, Sum: 0, Workers: 4
[36.318s][debug][gc,phases      ] GC(99)   StringDedup Requests1 Weak     Min:  0.0, Avg:  0.0, Max:  0.0, Diff:  0.0, Sum:  0.0, Workers: 4
[36.318s][debug][gc,phases      ] GC(99)     Dead                           Min: 0, Avg:  0.0, Max: 0, Diff: 0, Sum: 0, Workers: 4
[36.318s][debug][gc,phases      ] GC(99)     Total                          Min: 0, Avg:  0.0, Max: 0, Diff: 0, Sum: 0, Workers: 4
[36.318s][debug][gc,phases      ] GC(99)   Weak JFR Old Object Samples    Min:  0.0, Avg:  0.0, Max:  0.0, Diff:  0.0, Sum:  0.0, Workers: 4
[36.318s][debug][gc,phases      ] GC(99)     Dead                           Min: 0, Avg:  0.0, Max: 0, Diff: 0, Sum: 0, Workers: 4
[36.318s][debug][gc,phases      ] GC(99)     Total                          Min: 0, Avg:  0.0, Max: 0, Diff: 0, Sum: 0, Workers: 4
[36.318s][debug][gc,phases      ] GC(99) Weak Processing 0.278ms
[36.318s][debug][gc,age         ] GC(99) Desired survivor size 87556096 bytes, new threshold 15 (max threshold 15)
[36.318s][info ][gc,heap        ] GC(99) PSYoungGen: 1918208K(2008064K)->3136K(2004480K) Eden: 1915392K(1915392K)->0K(1915392K) From: 2816K(92672K)->3136K(89088K)
[36.318s][info ][gc,heap        ] GC(99) ParOldGen: 367544K(440832K)->367544K(440832K)
[36.318s][info ][gc,metaspace   ] GC(99) Metaspace: 72180K(72896K)->72180K(72896K) NonClass: 61811K(62208K)->61811K(62208K) Class: 10369K(10688K)->10369K(10688K)
[36.318s][info ][gc             ] GC(99) Pause Young (Allocation Failure) 2232M->361M(2388M) 2.277ms
[36.318s][info ][gc,cpu         ] GC(99) User=0.01s Sys=0.00s Real=0.00s
[36.318s][info ][safepoint      ] Safepoint "ParallelGCFailedAllocation", Time since last: 339580920 ns, Reaching safepoint: 114900 ns, At safepoint: 2360003 ns, Total: 2474903 ns
[36.649s][info ][gc,start       ] GC(100) Pause Young (Allocation Failure)
[36.651s][debug][gc,phases      ] GC(100) Scavenge 1.689ms
[36.651s][debug][gc,ref         ] GC(100) Skipped phase 1 of Reference Processing: no references
[36.651s][debug][gc,ref         ] GC(100) Skipped phase 2 of Reference Processing: no references
[36.651s][debug][gc,ref         ] GC(100) Skipped phase 3 of Reference Processing: no references
[36.651s][debug][gc,ref         ] GC(100) Skipped phase 4 of Reference Processing: no references
[36.651s][debug][gc,phases      ] GC(100) Reference Processing 0.017ms
[36.651s][debug][gc,phases      ] GC(100)   VM Weak                        Min:  0.0, Avg:  0.0, Max:  0.0, Diff:  0.0, Sum:  0.0, Workers: 4
[36.651s][debug][gc,phases      ] GC(100)     Dead                           Min: 0, Avg:  0.0, Max: 0, Diff: 0, Sum: 0, Workers: 4
[36.651s][debug][gc,phases      ] GC(100)     Total                          Min: 0, Avg: 153.0, Max: 448, Diff: 448, Sum: 612, Workers: 4
[36.651s][debug][gc,phases      ] GC(100)   ObjectSynchronizer Weak        Min:  0.0, Avg:  0.0, Max:  0.0, Diff:  0.0, Sum:  0.0, Workers: 4
[36.651s][debug][gc,phases      ] GC(100)     Dead                           Min: 0, Avg:  0.0, Max: 0, Diff: 0, Sum: 0, Workers: 4
[36.651s][debug][gc,phases      ] GC(100)     Total                          Min: 0, Avg: 90.0, Max: 232, Diff: 232, Sum: 360, Workers: 4
[36.651s][debug][gc,phases      ] GC(100)   JVMTI Tag Weak OopStorage      Min:  0.0, Avg:  0.0, Max:  0.0, Diff:  0.0, Sum:  0.0, Workers: 4
[36.651s][debug][gc,phases      ] GC(100)     Dead                           Min: 0, Avg:  0.0, Max: 0, Diff: 0, Sum: 0, Workers: 4
[36.651s][debug][gc,phases      ] GC(100)     Total                          Min: 0, Avg:  0.0, Max: 0, Diff: 0, Sum: 0, Workers: 4
[36.651s][debug][gc,phases      ] GC(100)   StringTable Weak               Min:  0.1, Avg:  0.1, Max:  0.1, Diff:  0.0, Sum:  0.3, Workers: 4
[36.651s][debug][gc,phases      ] GC(100)     Dead                           Min: 0, Avg:  0.0, Max: 0, Diff: 0, Sum: 0, Workers: 4
[36.651s][debug][gc,phases      ] GC(100)     Total                          Min: 8256, Avg: 10990.2, Max: 13824, Diff: 5568, Sum: 43961, Workers: 4
[36.651s][debug][gc,phases      ] GC(100)   ResolvedMethodTable Weak       Min:  0.0, Avg:  0.0, Max:  0.0, Diff:  0.0, Sum:  0.1, Workers: 4
[36.651s][debug][gc,phases      ] GC(100)     Dead                           Min: 0, Avg:  0.0, Max: 0, Diff: 0, Sum: 0, Workers: 4
[36.651s][debug][gc,phases      ] GC(100)     Total                          Min: 1536, Avg: 1900.5, Max: 2240, Diff: 704, Sum: 7602, Workers: 4
[36.651s][debug][gc,phases      ] GC(100)   JNI Weak                       Min:  0.0, Avg:  0.0, Max:  0.0, Diff:  0.0, Sum:  0.0, Workers: 4
[36.651s][debug][gc,phases      ] GC(100)     Dead                           Min: 0, Avg:  0.0, Max: 0, Diff: 0, Sum: 0, Workers: 4
[36.651s][debug][gc,phases      ] GC(100)     Total                          Min: 0, Avg:  0.0, Max: 0, Diff: 0, Sum: 0, Workers: 4
[36.651s][debug][gc,phases      ] GC(100)   StringDedup Table Weak         Min:  0.0, Avg:  0.0, Max:  0.0, Diff:  0.0, Sum:  0.0, Workers: 4
[36.651s][debug][gc,phases      ] GC(100)     Dead                           Min: 0, Avg:  0.0, Max: 0, Diff: 0, Sum: 0, Workers: 4
[36.651s][debug][gc,phases      ] GC(100)     Total                          Min: 0, Avg:  0.0, Max: 0, Diff: 0, Sum: 0, Workers: 4
[36.651s][debug][gc,phases      ] GC(100)   StringDedup Requests0 Weak     Min:  0.0, Avg:  0.0, Max:  0.0, Diff:  0.0, Sum:  0.0, Workers: 4
[36.651s][debug][gc,phases      ] GC(100)     Dead                           Min: 0, Avg:  0.0, Max: 0, Diff: 0, Sum: 0, Workers: 4
[36.651s][debug][gc,phases      ] GC(100)     Total                          Min: 0, Avg:  0.0, Max: 0, Diff: 0, Sum: 0, Workers: 4
[36.651s][debug][gc,phases      ] GC(100)   StringDedup Requests1 Weak     Min:  0.0, Avg:  0.0, Max:  0.0, Diff:  0.0, Sum:  0.0, Workers: 4
[36.651s][debug][gc,phases      ] GC(100)     Dead                           Min: 0, Avg:  0.0, Max: 0, Diff: 0, Sum: 0, Workers: 4
[36.651s][debug][gc,phases      ] GC(100)     Total                          Min: 0, Avg:  0.0, Max: 0, Diff: 0, Sum: 0, Workers: 4
[36.651s][debug][gc,phases      ] GC(100)   Weak JFR Old Object Samples    Min:  0.0, Avg:  0.0, Max:  0.0, Diff:  0.0, Sum:  0.0, Workers: 4
[36.651s][debug][gc,phases      ] GC(100)     Dead                           Min: 0, Avg:  0.0, Max: 0, Diff: 0, Sum: 0, Workers: 4
[36.651s][debug][gc,phases      ] GC(100)     Total                          Min: 0, Avg:  0.0, Max: 0, Diff: 0, Sum: 0, Workers: 4
[36.651s][debug][gc,phases      ] GC(100) Weak Processing 0.252ms
[36.651s][debug][gc,age         ] GC(100) Desired survivor size 83361792 bytes, new threshold 15 (max threshold 15)
[36.651s][info ][gc,heap        ] GC(100) PSYoungGen: 1918528K(2004480K)->3488K(2015744K) Eden: 1915392K(1915392K)->0K(1930240K) From: 3136K(89088K)->3488K(85504K)
[36.651s][info ][gc,heap        ] GC(100) ParOldGen: 367544K(440832K)->367544K(440832K)
[36.651s][info ][gc,metaspace   ] GC(100) Metaspace: 72185K(72896K)->72185K(72896K) NonClass: 61815K(62208K)->61815K(62208K) Class: 10369K(10688K)->10369K(10688K)
[36.651s][info ][gc             ] GC(100) Pause Young (Allocation Failure) 2232M->362M(2399M) 2.040ms
[36.651s][info ][gc,cpu         ] GC(100) User=0.01s Sys=0.00s Real=0.00s
[36.651s][info ][safepoint      ] Safepoint "ParallelGCFailedAllocation", Time since last: 331125009 ns, Reaching safepoint: 172701 ns, At safepoint: 2120702 ns, Total: 2293403 ns
[36.993s][info ][gc,start       ] GC(101) Pause Young (Allocation Failure)
[36.995s][debug][gc,phases      ] GC(101) Scavenge 2.164ms
[36.995s][debug][gc,ref         ] GC(101) Skipped phase 1 of Reference Processing: no references
[36.995s][debug][gc,ref         ] GC(101) Skipped phase 2 of Reference Processing: no references
[36.995s][debug][gc,ref         ] GC(101) Skipped phase 3 of Reference Processing: no references
[36.995s][debug][gc,ref         ] GC(101) Skipped phase 4 of Reference Processing: no references
[36.995s][debug][gc,phases      ] GC(101) Reference Processing 0.025ms
[36.995s][debug][gc,phases      ] GC(101)   VM Weak                        Min:  0.0, Avg:  0.0, Max:  0.0, Diff:  0.0, Sum:  0.0, Workers: 4
[36.995s][debug][gc,phases      ] GC(101)     Dead                           Min: 0, Avg:  0.0, Max: 0, Diff: 0, Sum: 0, Workers: 4
[36.995s][debug][gc,phases      ] GC(101)     Total                          Min: 0, Avg: 153.0, Max: 512, Diff: 512, Sum: 612, Workers: 4
[36.995s][debug][gc,phases      ] GC(101)   ObjectSynchronizer Weak        Min:  0.0, Avg:  0.0, Max:  0.0, Diff:  0.0, Sum:  0.0, Workers: 4
[36.995s][debug][gc,phases      ] GC(101)     Dead                           Min: 0, Avg:  0.0, Max: 0, Diff: 0, Sum: 0, Workers: 4
[36.995s][debug][gc,phases      ] GC(101)     Total                          Min: 0, Avg: 90.0, Max: 128, Diff: 128, Sum: 360, Workers: 4
[36.995s][debug][gc,phases      ] GC(101)   JVMTI Tag Weak OopStorage      Min:  0.0, Avg:  0.0, Max:  0.0, Diff:  0.0, Sum:  0.0, Workers: 4
[36.995s][debug][gc,phases      ] GC(101)     Dead                           Min: 0, Avg:  0.0, Max: 0, Diff: 0, Sum: 0, Workers: 4
[36.995s][debug][gc,phases      ] GC(101)     Total                          Min: 0, Avg:  0.0, Max: 0, Diff: 0, Sum: 0, Workers: 4
[36.995s][debug][gc,phases      ] GC(101)   StringTable Weak               Min:  0.1, Avg:  0.1, Max:  0.1, Diff:  0.0, Sum:  0.4, Workers: 4
[36.995s][debug][gc,phases      ] GC(101)     Dead                           Min: 0, Avg:  0.0, Max: 0, Diff: 0, Sum: 0, Workers: 4
[36.995s][debug][gc,phases      ] GC(101)     Total                          Min: 8960, Avg: 10990.5, Max: 15104, Diff: 6144, Sum: 43962, Workers: 4
[36.995s][debug][gc,phases      ] GC(101)   ResolvedMethodTable Weak       Min:  0.0, Avg:  0.0, Max:  0.0, Diff:  0.0, Sum:  0.1, Workers: 4
[36.996s][debug][gc,phases      ] GC(101)     Dead                           Min: 0, Avg:  0.0, Max: 0, Diff: 0, Sum: 0, Workers: 4
[36.996s][debug][gc,phases      ] GC(101)     Total                          Min: 1600, Avg: 1900.5, Max: 2496, Diff: 896, Sum: 7602, Workers: 4
[36.996s][debug][gc,phases      ] GC(101)   JNI Weak                       Min:  0.0, Avg:  0.0, Max:  0.0, Diff:  0.0, Sum:  0.0, Workers: 4
[36.996s][debug][gc,phases      ] GC(101)     Dead                           Min: 0, Avg:  0.0, Max: 0, Diff: 0, Sum: 0, Workers: 4
[36.996s][debug][gc,phases      ] GC(101)     Total                          Min: 0, Avg:  0.0, Max: 0, Diff: 0, Sum: 0, Workers: 4
[36.996s][debug][gc,phases      ] GC(101)   StringDedup Table Weak         Min:  0.0, Avg:  0.0, Max:  0.0, Diff:  0.0, Sum:  0.0, Workers: 4
[36.996s][debug][gc,phases      ] GC(101)     Dead                           Min: 0, Avg:  0.0, Max: 0, Diff: 0, Sum: 0, Workers: 4
[36.996s][debug][gc,phases      ] GC(101)     Total                          Min: 0, Avg:  0.0, Max: 0, Diff: 0, Sum: 0, Workers: 4
[36.996s][debug][gc,phases      ] GC(101)   StringDedup Requests0 Weak     Min:  0.0, Avg:  0.0, Max:  0.0, Diff:  0.0, Sum:  0.0, Workers: 4
[36.996s][debug][gc,phases      ] GC(101)     Dead                           Min: 0, Avg:  0.0, Max: 0, Diff: 0, Sum: 0, Workers: 4
[36.996s][debug][gc,phases      ] GC(101)     Total                          Min: 0, Avg:  0.0, Max: 0, Diff: 0, Sum: 0, Workers: 4
[36.996s][debug][gc,phases      ] GC(101)   StringDedup Requests1 Weak     Min:  0.0, Avg:  0.0, Max:  0.0, Diff:  0.0, Sum:  0.0, Workers: 4
[36.996s][debug][gc,phases      ] GC(101)     Dead                           Min: 0, Avg:  0.0, Max: 0, Diff: 0, Sum: 0, Workers: 4
[36.996s][debug][gc,phases      ] GC(101)     Total                          Min: 0, Avg:  0.0, Max: 0, Diff: 0, Sum: 0, Workers: 4
[36.996s][debug][gc,phases      ] GC(101)   Weak JFR Old Object Samples    Min:  0.0, Avg:  0.0, Max:  0.0, Diff:  0.0, Sum:  0.0, Workers: 4
[36.996s][debug][gc,phases      ] GC(101)     Dead                           Min: 0, Avg:  0.0, Max: 0, Diff: 0, Sum: 0, Workers: 4
[36.996s][debug][gc,phases      ] GC(101)     Total                          Min: 0, Avg:  0.0, Max: 0, Diff: 0, Sum: 0, Workers: 4
[36.996s][debug][gc,phases      ] GC(101) Weak Processing 0.321ms
[36.996s][debug][gc,age         ] GC(101) Desired survivor size 79167488 bytes, new threshold 15 (max threshold 15)
[36.996s][info ][gc,heap        ] GC(101) PSYoungGen: 1933728K(2015744K)->3840K(2011648K) Eden: 1930240K(1930240K)->0K(1930240K) From: 3488K(85504K)->3840K(81408K)
[36.996s][info ][gc,heap        ] GC(101) ParOldGen: 367544K(440832K)->367544K(440832K)
[36.996s][info ][gc,metaspace   ] GC(101) Metaspace: 72185K(72896K)->72185K(72896K) NonClass: 61816K(62208K)->61816K(62208K) Class: 10369K(10688K)->10369K(10688K)
[36.996s][info ][gc             ] GC(101) Pause Young (Allocation Failure) 2247M->362M(2395M) 2.606ms
[36.996s][info ][gc,cpu         ] GC(101) User=0.01s Sys=0.00s Real=0.01s
[36.996s][info ][safepoint      ] Safepoint "ParallelGCFailedAllocation", Time since last: 341786923 ns, Reaching safepoint: 147800 ns, At safepoint: 2690303 ns, Total: 2838103 ns
[37.372s][info ][gc,start       ] GC(102) Pause Young (Allocation Failure)
[37.374s][debug][gc,phases      ] GC(102) Scavenge 2.038ms
[37.374s][debug][gc,ref         ] GC(102) Skipped phase 1 of Reference Processing: no references
[37.374s][debug][gc,ref         ] GC(102) Skipped phase 2 of Reference Processing: no references
[37.374s][debug][gc,ref         ] GC(102) Skipped phase 3 of Reference Processing: no references
[37.374s][debug][gc,ref         ] GC(102) Skipped phase 4 of Reference Processing: no references
[37.374s][debug][gc,phases      ] GC(102) Reference Processing 0.020ms
[37.374s][debug][gc,phases      ] GC(102)   VM Weak                        Min:  0.0, Avg:  0.0, Max:  0.0, Diff:  0.0, Sum:  0.0, Workers: 4
[37.374s][debug][gc,phases      ] GC(102)     Dead                           Min: 0, Avg:  0.0, Max: 0, Diff: 0, Sum: 0, Workers: 4
[37.374s][debug][gc,phases      ] GC(102)     Total                          Min: 0, Avg: 153.0, Max: 484, Diff: 484, Sum: 612, Workers: 4
[37.374s][debug][gc,phases      ] GC(102)   ObjectSynchronizer Weak        Min:  0.0, Avg:  0.0, Max:  0.0, Diff:  0.0, Sum:  0.0, Workers: 4
[37.374s][debug][gc,phases      ] GC(102)     Dead                           Min: 0, Avg:  0.0, Max: 0, Diff: 0, Sum: 0, Workers: 4
[37.374s][debug][gc,phases      ] GC(102)     Total                          Min: 0, Avg: 90.0, Max: 192, Diff: 192, Sum: 360, Workers: 4
[37.374s][debug][gc,phases      ] GC(102)   JVMTI Tag Weak OopStorage      Min:  0.0, Avg:  0.0, Max:  0.0, Diff:  0.0, Sum:  0.0, Workers: 4
[37.374s][debug][gc,phases      ] GC(102)     Dead                           Min: 0, Avg:  0.0, Max: 0, Diff: 0, Sum: 0, Workers: 4
[37.374s][debug][gc,phases      ] GC(102)     Total                          Min: 0, Avg:  0.0, Max: 0, Diff: 0, Sum: 0, Workers: 4
[37.374s][debug][gc,phases      ] GC(102)   StringTable Weak               Min:  0.1, Avg:  0.1, Max:  0.1, Diff:  0.0, Sum:  0.3, Workers: 4
[37.374s][debug][gc,phases      ] GC(102)     Dead                           Min: 0, Avg:  0.0, Max: 0, Diff: 0, Sum: 0, Workers: 4
[37.374s][debug][gc,phases      ] GC(102)     Total                          Min: 8960, Avg: 10990.5, Max: 14272, Diff: 5312, Sum: 43962, Workers: 4
[37.374s][debug][gc,phases      ] GC(102)   ResolvedMethodTable Weak       Min:  0.0, Avg:  0.0, Max:  0.0, Diff:  0.0, Sum:  0.1, Workers: 4
[37.374s][debug][gc,phases      ] GC(102)     Dead                           Min: 0, Avg:  0.0, Max: 0, Diff: 0, Sum: 0, Workers: 4
[37.374s][debug][gc,phases      ] GC(102)     Total                          Min: 1600, Avg: 1900.5, Max: 2226, Diff: 626, Sum: 7602, Workers: 4
[37.374s][debug][gc,phases      ] GC(102)   JNI Weak                       Min:  0.0, Avg:  0.0, Max:  0.0, Diff:  0.0, Sum:  0.0, Workers: 4
[37.374s][debug][gc,phases      ] GC(102)     Dead                           Min: 0, Avg:  0.0, Max: 0, Diff: 0, Sum: 0, Workers: 4
[37.374s][debug][gc,phases      ] GC(102)     Total                          Min: 0, Avg:  0.0, Max: 0, Diff: 0, Sum: 0, Workers: 4
[37.374s][debug][gc,phases      ] GC(102)   StringDedup Table Weak         Min:  0.0, Avg:  0.0, Max:  0.0, Diff:  0.0, Sum:  0.0, Workers: 4
[37.374s][debug][gc,phases      ] GC(102)     Dead                           Min: 0, Avg:  0.0, Max: 0, Diff: 0, Sum: 0, Workers: 4
[37.374s][debug][gc,phases      ] GC(102)     Total                          Min: 0, Avg:  0.0, Max: 0, Diff: 0, Sum: 0, Workers: 4
[37.374s][debug][gc,phases      ] GC(102)   StringDedup Requests0 Weak     Min:  0.0, Avg:  0.0, Max:  0.0, Diff:  0.0, Sum:  0.0, Workers: 4
[37.374s][debug][gc,phases      ] GC(102)     Dead                           Min: 0, Avg:  0.0, Max: 0, Diff: 0, Sum: 0, Workers: 4
[37.374s][debug][gc,phases      ] GC(102)     Total                          Min: 0, Avg:  0.0, Max: 0, Diff: 0, Sum: 0, Workers: 4
[37.374s][debug][gc,phases      ] GC(102)   StringDedup Requests1 Weak     Min:  0.0, Avg:  0.0, Max:  0.0, Diff:  0.0, Sum:  0.0, Workers: 4
[37.374s][debug][gc,phases      ] GC(102)     Dead                           Min: 0, Avg:  0.0, Max: 0, Diff: 0, Sum: 0, Workers: 4
[37.374s][debug][gc,phases      ] GC(102)     Total                          Min: 0, Avg:  0.0, Max: 0, Diff: 0, Sum: 0, Workers: 4
[37.374s][debug][gc,phases      ] GC(102)   Weak JFR Old Object Samples    Min:  0.0, Avg:  0.0, Max:  0.0, Diff:  0.0, Sum:  0.0, Workers: 4
[37.374s][debug][gc,phases      ] GC(102)     Dead                           Min: 0, Avg:  0.0, Max: 0, Diff: 0, Sum: 0, Workers: 4
[37.374s][debug][gc,phases      ] GC(102)     Total                          Min: 0, Avg:  0.0, Max: 0, Diff: 0, Sum: 0, Workers: 4
[37.374s][debug][gc,phases      ] GC(102) Weak Processing 0.278ms
[37.374s][debug][gc,age         ] GC(102) Desired survivor size 75497472 bytes, new threshold 15 (max threshold 15)
[37.374s][info ][gc,heap        ] GC(102) PSYoungGen: 1934080K(2011648K)->4224K(2023424K) Eden: 1930240K(1930240K)->0K(1946112K) From: 3840K(81408K)->4224K(77312K)
[37.374s][info ][gc,heap        ] GC(102) ParOldGen: 367544K(440832K)->367544K(440832K)
[37.374s][info ][gc,metaspace   ] GC(102) Metaspace: 72185K(72896K)->72185K(72896K) NonClass: 61816K(62208K)->61816K(62208K) Class: 10369K(10688K)->10369K(10688K)
[37.374s][info ][gc             ] GC(102) Pause Young (Allocation Failure) 2247M->363M(2406M) 2.416ms
[37.374s][info ][gc,cpu         ] GC(102) User=0.01s Sys=0.00s Real=0.01s
[37.374s][info ][safepoint      ] Safepoint "ParallelGCFailedAllocation", Time since last: 375950665 ns, Reaching safepoint: 133401 ns, At safepoint: 2502503 ns, Total: 2635904 ns
[37.755s][info ][gc,start       ] GC(103) Pause Young (Allocation Failure)
[37.757s][debug][gc,phases      ] GC(103) Scavenge 2.140ms
[37.757s][debug][gc,ref         ] GC(103) Skipped phase 1 of Reference Processing: no references
[37.757s][debug][gc,ref         ] GC(103) Skipped phase 2 of Reference Processing: no references
[37.757s][debug][gc,ref         ] GC(103) Skipped phase 3 of Reference Processing: no references
[37.757s][debug][gc,ref         ] GC(103) Skipped phase 4 of Reference Processing: no references
[37.757s][debug][gc,phases      ] GC(103) Reference Processing 0.031ms
[37.757s][debug][gc,phases      ] GC(103)   VM Weak                        Min:  0.0, Avg:  0.0, Max:  0.0, Diff:  0.0, Sum:  0.0, Workers: 4
[37.757s][debug][gc,phases      ] GC(103)     Dead                           Min: 0, Avg:  0.0, Max: 0, Diff: 0, Sum: 0, Workers: 4
[37.757s][debug][gc,phases      ] GC(103)     Total                          Min: 0, Avg: 153.0, Max: 612, Diff: 612, Sum: 612, Workers: 4
[37.757s][debug][gc,phases      ] GC(103)   ObjectSynchronizer Weak        Min:  0.0, Avg:  0.0, Max:  0.0, Diff:  0.0, Sum:  0.0, Workers: 4
[37.757s][debug][gc,phases      ] GC(103)     Dead                           Min: 0, Avg:  0.0, Max: 0, Diff: 0, Sum: 0, Workers: 4
[37.757s][debug][gc,phases      ] GC(103)     Total                          Min: 0, Avg: 90.0, Max: 360, Diff: 360, Sum: 360, Workers: 4
[37.757s][debug][gc,phases      ] GC(103)   JVMTI Tag Weak OopStorage      Min:  0.0, Avg:  0.0, Max:  0.0, Diff:  0.0, Sum:  0.0, Workers: 4
[37.757s][debug][gc,phases      ] GC(103)     Dead                           Min: 0, Avg:  0.0, Max: 0, Diff: 0, Sum: 0, Workers: 4
[37.757s][debug][gc,phases      ] GC(103)     Total                          Min: 0, Avg:  0.0, Max: 0, Diff: 0, Sum: 0, Workers: 4
[37.757s][debug][gc,phases      ] GC(103)   StringTable Weak               Min:  0.1, Avg:  0.1, Max:  0.1, Diff:  0.0, Sum:  0.4, Workers: 4
[37.757s][debug][gc,phases      ] GC(103)     Dead                           Min: 0, Avg:  0.0, Max: 0, Diff: 0, Sum: 0, Workers: 4
[37.757s][debug][gc,phases      ] GC(103)     Total                          Min: 10240, Avg: 10990.8, Max: 11520, Diff: 1280, Sum: 43963, Workers: 4
[37.757s][debug][gc,phases      ] GC(103)   ResolvedMethodTable Weak       Min:  0.0, Avg:  0.0, Max:  0.0, Diff:  0.0, Sum:  0.1, Workers: 4
[37.757s][debug][gc,phases      ] GC(103)     Dead                           Min: 0, Avg:  0.0, Max: 0, Diff: 0, Sum: 0, Workers: 4
[37.757s][debug][gc,phases      ] GC(103)     Total                          Min: 1650, Avg: 1900.5, Max: 2496, Diff: 846, Sum: 7602, Workers: 4
[37.757s][debug][gc,phases      ] GC(103)   JNI Weak                       Min:  0.0, Avg:  0.0, Max:  0.0, Diff:  0.0, Sum:  0.0, Workers: 4
[37.757s][debug][gc,phases      ] GC(103)     Dead                           Min: 0, Avg:  0.0, Max: 0, Diff: 0, Sum: 0, Workers: 4
[37.757s][debug][gc,phases      ] GC(103)     Total                          Min: 0, Avg:  0.0, Max: 0, Diff: 0, Sum: 0, Workers: 4
[37.757s][debug][gc,phases      ] GC(103)   StringDedup Table Weak         Min:  0.0, Avg:  0.0, Max:  0.0, Diff:  0.0, Sum:  0.0, Workers: 4
[37.757s][debug][gc,phases      ] GC(103)     Dead                           Min: 0, Avg:  0.0, Max: 0, Diff: 0, Sum: 0, Workers: 4
[37.757s][debug][gc,phases      ] GC(103)     Total                          Min: 0, Avg:  0.0, Max: 0, Diff: 0, Sum: 0, Workers: 4
[37.757s][debug][gc,phases      ] GC(103)   StringDedup Requests0 Weak     Min:  0.0, Avg:  0.0, Max:  0.0, Diff:  0.0, Sum:  0.0, Workers: 4
[37.757s][debug][gc,phases      ] GC(103)     Dead                           Min: 0, Avg:  0.0, Max: 0, Diff: 0, Sum: 0, Workers: 4
[37.757s][debug][gc,phases      ] GC(103)     Total                          Min: 0, Avg:  0.0, Max: 0, Diff: 0, Sum: 0, Workers: 4
[37.757s][debug][gc,phases      ] GC(103)   StringDedup Requests1 Weak     Min:  0.0, Avg:  0.0, Max:  0.0, Diff:  0.0, Sum:  0.0, Workers: 4
[37.757s][debug][gc,phases      ] GC(103)     Dead                           Min: 0, Avg:  0.0, Max: 0, Diff: 0, Sum: 0, Workers: 4
[37.757s][debug][gc,phases      ] GC(103)     Total                          Min: 0, Avg:  0.0, Max: 0, Diff: 0, Sum: 0, Workers: 4
[37.757s][debug][gc,phases      ] GC(103)   Weak JFR Old Object Samples    Min:  0.0, Avg:  0.0, Max:  0.0, Diff:  0.0, Sum:  0.0, Workers: 4
[37.757s][debug][gc,phases      ] GC(103)     Dead                           Min: 0, Avg:  0.0, Max: 0, Diff: 0, Sum: 0, Workers: 4
[37.757s][debug][gc,phases      ] GC(103)     Total                          Min: 0, Avg:  0.0, Max: 0, Diff: 0, Sum: 0, Workers: 4
[37.757s][debug][gc,phases      ] GC(103) Weak Processing 0.351ms
[37.757s][debug][gc,age         ] GC(103) Desired survivor size 71303168 bytes, new threshold 15 (max threshold 15)
[37.757s][info ][gc,heap        ] GC(103) PSYoungGen: 1950336K(2023424K)->4672K(2019840K) Eden: 1946112K(1946112K)->0K(1946112K) From: 4224K(77312K)->4672K(73728K)
[37.757s][info ][gc,heap        ] GC(103) ParOldGen: 367544K(440832K)->367544K(440832K)
[37.757s][info ][gc,metaspace   ] GC(103) Metaspace: 72190K(72896K)->72190K(72896K) NonClass: 61821K(62208K)->61821K(62208K) Class: 10369K(10688K)->10369K(10688K)
[37.757s][info ][gc             ] GC(103) Pause Young (Allocation Failure) 2263M->363M(2403M) 2.630ms
[37.757s][info ][gc,cpu         ] GC(103) User=0.01s Sys=0.00s Real=0.00s
[37.757s][info ][safepoint      ] Safepoint "ParallelGCFailedAllocation", Time since last: 378086267 ns, Reaching safepoint: 2137803 ns, At safepoint: 2732903 ns, Total: 4870706 ns
[38.100s][info ][gc,start       ] GC(104) Pause Young (Allocation Failure)
[38.103s][debug][gc,phases      ] GC(104) Scavenge 2.317ms
[38.103s][debug][gc,ref         ] GC(104) Skipped phase 1 of Reference Processing: no references
[38.103s][debug][gc,ref         ] GC(104) Skipped phase 2 of Reference Processing: no references
[38.103s][debug][gc,ref         ] GC(104) Skipped phase 3 of Reference Processing: no references
[38.103s][debug][gc,ref         ] GC(104) Skipped phase 4 of Reference Processing: no references
[38.103s][debug][gc,phases      ] GC(104) Reference Processing 0.025ms
[38.103s][debug][gc,phases      ] GC(104)   VM Weak                        Min:  0.0, Avg:  0.0, Max:  0.0, Diff:  0.0, Sum:  0.0, Workers: 4
[38.103s][debug][gc,phases      ] GC(104)     Dead                           Min: 0, Avg:  0.0, Max: 0, Diff: 0, Sum: 0, Workers: 4
[38.103s][debug][gc,phases      ] GC(104)     Total                          Min: 0, Avg: 153.0, Max: 612, Diff: 612, Sum: 612, Workers: 4
[38.103s][debug][gc,phases      ] GC(104)   ObjectSynchronizer Weak        Min:  0.0, Avg:  0.0, Max:  0.0, Diff:  0.0, Sum:  0.0, Workers: 4
[38.103s][debug][gc,phases      ] GC(104)     Dead                           Min: 0, Avg:  0.0, Max: 0, Diff: 0, Sum: 0, Workers: 4
[38.103s][debug][gc,phases      ] GC(104)     Total                          Min: 0, Avg: 90.0, Max: 232, Diff: 232, Sum: 360, Workers: 4
[38.103s][debug][gc,phases      ] GC(104)   JVMTI Tag Weak OopStorage      Min:  0.0, Avg:  0.0, Max:  0.0, Diff:  0.0, Sum:  0.0, Workers: 4
[38.103s][debug][gc,phases      ] GC(104)     Dead                           Min: 0, Avg:  0.0, Max: 0, Diff: 0, Sum: 0, Workers: 4
[38.103s][debug][gc,phases      ] GC(104)     Total                          Min: 0, Avg:  0.0, Max: 0, Diff: 0, Sum: 0, Workers: 4
[38.103s][debug][gc,phases      ] GC(104)   StringTable Weak               Min:  0.1, Avg:  0.1, Max:  0.1, Diff:  0.0, Sum:  0.3, Workers: 4
[38.103s][debug][gc,phases      ] GC(104)     Dead                           Min: 0, Avg:  0.0, Max: 0, Diff: 0, Sum: 0, Workers: 4
[38.103s][debug][gc,phases      ] GC(104)     Total                          Min: 7808, Avg: 10990.8, Max: 14016, Diff: 6208, Sum: 43963, Workers: 4
[38.103s][debug][gc,phases      ] GC(104)   ResolvedMethodTable Weak       Min:  0.0, Avg:  0.0, Max:  0.0, Diff:  0.0, Sum:  0.1, Workers: 4
[38.103s][debug][gc,phases      ] GC(104)     Dead                           Min: 0, Avg:  0.0, Max: 0, Diff: 0, Sum: 0, Workers: 4
[38.103s][debug][gc,phases      ] GC(104)     Total                          Min: 1472, Avg: 1900.5, Max: 2368, Diff: 896, Sum: 7602, Workers: 4
[38.103s][debug][gc,phases      ] GC(104)   JNI Weak                       Min:  0.0, Avg:  0.0, Max:  0.0, Diff:  0.0, Sum:  0.0, Workers: 4
[38.103s][debug][gc,phases      ] GC(104)     Dead                           Min: 0, Avg:  0.0, Max: 0, Diff: 0, Sum: 0, Workers: 4
[38.103s][debug][gc,phases      ] GC(104)     Total                          Min: 0, Avg:  0.0, Max: 0, Diff: 0, Sum: 0, Workers: 4
[38.103s][debug][gc,phases      ] GC(104)   StringDedup Table Weak         Min:  0.0, Avg:  0.0, Max:  0.0, Diff:  0.0, Sum:  0.0, Workers: 4
[38.103s][debug][gc,phases      ] GC(104)     Dead                           Min: 0, Avg:  0.0, Max: 0, Diff: 0, Sum: 0, Workers: 4
[38.103s][debug][gc,phases      ] GC(104)     Total                          Min: 0, Avg:  0.0, Max: 0, Diff: 0, Sum: 0, Workers: 4
[38.103s][debug][gc,phases      ] GC(104)   StringDedup Requests0 Weak     Min:  0.0, Avg:  0.0, Max:  0.0, Diff:  0.0, Sum:  0.0, Workers: 4
[38.103s][debug][gc,phases      ] GC(104)     Dead                           Min: 0, Avg:  0.0, Max: 0, Diff: 0, Sum: 0, Workers: 4
[38.103s][debug][gc,phases      ] GC(104)     Total                          Min: 0, Avg:  0.0, Max: 0, Diff: 0, Sum: 0, Workers: 4
[38.103s][debug][gc,phases      ] GC(104)   StringDedup Requests1 Weak     Min:  0.0, Avg:  0.0, Max:  0.0, Diff:  0.0, Sum:  0.0, Workers: 4
[38.103s][debug][gc,phases      ] GC(104)     Dead                           Min: 0, Avg:  0.0, Max: 0, Diff: 0, Sum: 0, Workers: 4
[38.103s][debug][gc,phases      ] GC(104)     Total                          Min: 0, Avg:  0.0, Max: 0, Diff: 0, Sum: 0, Workers: 4
[38.103s][debug][gc,phases      ] GC(104)   Weak JFR Old Object Samples    Min:  0.0, Avg:  0.0, Max:  0.0, Diff:  0.0, Sum:  0.0, Workers: 4
[38.103s][debug][gc,phases      ] GC(104)     Dead                           Min: 0, Avg:  0.0, Max: 0, Diff: 0, Sum: 0, Workers: 4
[38.103s][debug][gc,phases      ] GC(104)     Total                          Min: 0, Avg:  0.0, Max: 0, Diff: 0, Sum: 0, Workers: 4
[38.103s][debug][gc,phases      ] GC(104) Weak Processing 0.313ms
[38.103s][debug][gc,age         ] GC(104) Desired survivor size 67108864 bytes, new threshold 15 (max threshold 15)
[38.103s][info ][gc,heap        ] GC(104) PSYoungGen: 1950784K(2019840K)->4832K(2031616K) Eden: 1946112K(1946112K)->0K(1961984K) From: 4672K(73728K)->4832K(69632K)
[38.103s][info ][gc,heap        ] GC(104) ParOldGen: 367544K(440832K)->367816K(440832K)
[38.103s][info ][gc,metaspace   ] GC(104) Metaspace: 72192K(72896K)->72192K(72896K) NonClass: 61823K(62208K)->61823K(62208K) Class: 10369K(10688K)->10369K(10688K)
[38.103s][info ][gc             ] GC(104) Pause Young (Allocation Failure) 2263M->363M(2414M) 2.755ms
[38.103s][info ][gc,cpu         ] GC(104) User=0.01s Sys=0.00s Real=0.01s
[38.103s][info ][safepoint      ] Safepoint "ParallelGCFailedAllocation", Time since last: 342981124 ns, Reaching safepoint: 124001 ns, At safepoint: 2850203 ns, Total: 2974204 ns
[38.447s][info ][gc,start       ] GC(105) Pause Young (Allocation Failure)
[38.449s][debug][gc,phases      ] GC(105) Scavenge 2.375ms
[38.449s][debug][gc,ref         ] GC(105) Skipped phase 1 of Reference Processing: no references
[38.449s][debug][gc,ref         ] GC(105) Skipped phase 2 of Reference Processing: no references
[38.449s][debug][gc,ref         ] GC(105) Skipped phase 3 of Reference Processing: no references
[38.449s][debug][gc,ref         ] GC(105) Skipped phase 4 of Reference Processing: no references
[38.449s][debug][gc,phases      ] GC(105) Reference Processing 0.031ms
[38.449s][debug][gc,phases      ] GC(105)   VM Weak                        Min:  0.0, Avg:  0.0, Max:  0.0, Diff:  0.0, Sum:  0.0, Workers: 4
[38.449s][debug][gc,phases      ] GC(105)     Dead                           Min: 0, Avg:  0.0, Max: 0, Diff: 0, Sum: 0, Workers: 4
[38.449s][debug][gc,phases      ] GC(105)     Total                          Min: 0, Avg: 153.0, Max: 484, Diff: 484, Sum: 612, Workers: 4
[38.449s][debug][gc,phases      ] GC(105)   ObjectSynchronizer Weak        Min:  0.0, Avg:  0.0, Max:  0.0, Diff:  0.0, Sum:  0.0, Workers: 4
[38.449s][debug][gc,phases      ] GC(105)     Dead                           Min: 0, Avg:  0.0, Max: 0, Diff: 0, Sum: 0, Workers: 4
[38.449s][debug][gc,phases      ] GC(105)     Total                          Min: 0, Avg: 90.0, Max: 192, Diff: 192, Sum: 360, Workers: 4
[38.449s][debug][gc,phases      ] GC(105)   JVMTI Tag Weak OopStorage      Min:  0.0, Avg:  0.0, Max:  0.0, Diff:  0.0, Sum:  0.0, Workers: 4
[38.449s][debug][gc,phases      ] GC(105)     Dead                           Min: 0, Avg:  0.0, Max: 0, Diff: 0, Sum: 0, Workers: 4
[38.449s][debug][gc,phases      ] GC(105)     Total                          Min: 0, Avg:  0.0, Max: 0, Diff: 0, Sum: 0, Workers: 4
[38.449s][debug][gc,phases      ] GC(105)   StringTable Weak               Min:  0.1, Avg:  0.1, Max:  0.1, Diff:  0.0, Sum:  0.3, Workers: 4
[38.449s][debug][gc,phases      ] GC(105)     Dead                           Min: 0, Avg:  0.0, Max: 0, Diff: 0, Sum: 0, Workers: 4
[38.449s][debug][gc,phases      ] GC(105)     Total                          Min: 8576, Avg: 10990.8, Max: 13627, Diff: 5051, Sum: 43963, Workers: 4
[38.449s][debug][gc,phases      ] GC(105)   ResolvedMethodTable Weak       Min:  0.0, Avg:  0.0, Max:  0.0, Diff:  0.0, Sum:  0.1, Workers: 4
[38.449s][debug][gc,phases      ] GC(105)     Dead                           Min: 0, Avg:  0.0, Max: 0, Diff: 0, Sum: 0, Workers: 4
[38.449s][debug][gc,phases      ] GC(105)     Total                          Min: 1472, Avg: 1900.5, Max: 2304, Diff: 832, Sum: 7602, Workers: 4
[38.449s][debug][gc,phases      ] GC(105)   JNI Weak                       Min:  0.0, Avg:  0.0, Max:  0.0, Diff:  0.0, Sum:  0.0, Workers: 4
[38.449s][debug][gc,phases      ] GC(105)     Dead                           Min: 0, Avg:  0.0, Max: 0, Diff: 0, Sum: 0, Workers: 4
[38.449s][debug][gc,phases      ] GC(105)     Total                          Min: 0, Avg:  0.0, Max: 0, Diff: 0, Sum: 0, Workers: 4
[38.449s][debug][gc,phases      ] GC(105)   StringDedup Table Weak         Min:  0.0, Avg:  0.0, Max:  0.0, Diff:  0.0, Sum:  0.0, Workers: 4
[38.449s][debug][gc,phases      ] GC(105)     Dead                           Min: 0, Avg:  0.0, Max: 0, Diff: 0, Sum: 0, Workers: 4
[38.449s][debug][gc,phases      ] GC(105)     Total                          Min: 0, Avg:  0.0, Max: 0, Diff: 0, Sum: 0, Workers: 4
[38.449s][debug][gc,phases      ] GC(105)   StringDedup Requests0 Weak     Min:  0.0, Avg:  0.0, Max:  0.0, Diff:  0.0, Sum:  0.0, Workers: 4
[38.449s][debug][gc,phases      ] GC(105)     Dead                           Min: 0, Avg:  0.0, Max: 0, Diff: 0, Sum: 0, Workers: 4
[38.449s][debug][gc,phases      ] GC(105)     Total                          Min: 0, Avg:  0.0, Max: 0, Diff: 0, Sum: 0, Workers: 4
[38.449s][debug][gc,phases      ] GC(105)   StringDedup Requests1 Weak     Min:  0.0, Avg:  0.0, Max:  0.0, Diff:  0.0, Sum:  0.0, Workers: 4
[38.449s][debug][gc,phases      ] GC(105)     Dead                           Min: 0, Avg:  0.0, Max: 0, Diff: 0, Sum: 0, Workers: 4
[38.449s][debug][gc,phases      ] GC(105)     Total                          Min: 0, Avg:  0.0, Max: 0, Diff: 0, Sum: 0, Workers: 4
[38.449s][debug][gc,phases      ] GC(105)   Weak JFR Old Object Samples    Min:  0.0, Avg:  0.0, Max:  0.0, Diff:  0.0, Sum:  0.0, Workers: 4
[38.449s][debug][gc,phases      ] GC(105)     Dead                           Min: 0, Avg:  0.0, Max: 0, Diff: 0, Sum: 0, Workers: 4
[38.449s][debug][gc,phases      ] GC(105)     Total                          Min: 0, Avg:  0.0, Max: 0, Diff: 0, Sum: 0, Workers: 4
[38.449s][debug][gc,phases      ] GC(105) Weak Processing 0.242ms
[38.449s][debug][gc,age         ] GC(105) Desired survivor size 62914560 bytes, new threshold 15 (max threshold 15)
[38.450s][info ][gc,heap        ] GC(105) PSYoungGen: 1966816K(2031616K)->5088K(2027520K) Eden: 1961984K(1961984K)->0K(1961984K) From: 4832K(69632K)->5088K(65536K)
[38.450s][info ][gc,heap        ] GC(105) ParOldGen: 367816K(440832K)->368064K(440832K)
[38.450s][info ][gc,metaspace   ] GC(105) Metaspace: 72194K(72896K)->72194K(72896K) NonClass: 61825K(62208K)->61825K(62208K) Class: 10369K(10688K)->10369K(10688K)
[38.450s][info ][gc             ] GC(105) Pause Young (Allocation Failure) 2279M->364M(2410M) 2.733ms
[38.450s][info ][gc,cpu         ] GC(105) User=0.01s Sys=0.00s Real=0.00s
[38.450s][info ][safepoint      ] Safepoint "ParallelGCFailedAllocation", Time since last: 343441125 ns, Reaching safepoint: 125300 ns, At safepoint: 2812003 ns, Total: 2937303 ns
[38.796s][info ][gc,start       ] GC(106) Pause Young (Allocation Failure)
[38.799s][debug][gc,phases      ] GC(106) Scavenge 2.500ms
[38.799s][debug][gc,ref         ] GC(106) Skipped phase 1 of Reference Processing: no references
[38.799s][debug][gc,ref         ] GC(106) Skipped phase 2 of Reference Processing: no references
[38.799s][debug][gc,ref         ] GC(106) Skipped phase 3 of Reference Processing: no references
[38.799s][debug][gc,ref         ] GC(106) Skipped phase 4 of Reference Processing: no references
[38.799s][debug][gc,phases      ] GC(106) Reference Processing 0.018ms
[38.799s][debug][gc,phases      ] GC(106)   VM Weak                        Min:  0.0, Avg:  0.0, Max:  0.0, Diff:  0.0, Sum:  0.0, Workers: 4
[38.799s][debug][gc,phases      ] GC(106)     Dead                           Min: 0, Avg:  0.0, Max: 0, Diff: 0, Sum: 0, Workers: 4
[38.799s][debug][gc,phases      ] GC(106)     Total                          Min: 0, Avg: 153.0, Max: 612, Diff: 612, Sum: 612, Workers: 4
[38.799s][debug][gc,phases      ] GC(106)   ObjectSynchronizer Weak        Min:  0.0, Avg:  0.0, Max:  0.0, Diff:  0.0, Sum:  0.0, Workers: 4
[38.799s][debug][gc,phases      ] GC(106)     Dead                           Min: 0, Avg:  0.0, Max: 0, Diff: 0, Sum: 0, Workers: 4
[38.799s][debug][gc,phases      ] GC(106)     Total                          Min: 0, Avg: 90.0, Max: 360, Diff: 360, Sum: 360, Workers: 4
[38.799s][debug][gc,phases      ] GC(106)   JVMTI Tag Weak OopStorage      Min:  0.0, Avg:  0.0, Max:  0.0, Diff:  0.0, Sum:  0.0, Workers: 4
[38.799s][debug][gc,phases      ] GC(106)     Dead                           Min: 0, Avg:  0.0, Max: 0, Diff: 0, Sum: 0, Workers: 4
[38.799s][debug][gc,phases      ] GC(106)     Total                          Min: 0, Avg:  0.0, Max: 0, Diff: 0, Sum: 0, Workers: 4
[38.799s][debug][gc,phases      ] GC(106)   StringTable Weak               Min:  0.1, Avg:  0.1, Max:  0.1, Diff:  0.0, Sum:  0.3, Workers: 4
[38.799s][debug][gc,phases      ] GC(106)     Dead                           Min: 0, Avg:  0.0, Max: 0, Diff: 0, Sum: 0, Workers: 4
[38.799s][debug][gc,phases      ] GC(106)     Total                          Min: 8571, Avg: 10990.8, Max: 13632, Diff: 5061, Sum: 43963, Workers: 4
[38.799s][debug][gc,phases      ] GC(106)   ResolvedMethodTable Weak       Min:  0.0, Avg:  0.0, Max:  0.0, Diff:  0.0, Sum:  0.1, Workers: 4
[38.799s][debug][gc,phases      ] GC(106)     Dead                           Min: 0, Avg:  0.0, Max: 0, Diff: 0, Sum: 0, Workers: 4
[38.799s][debug][gc,phases      ] GC(106)     Total                          Min: 1458, Avg: 1900.5, Max: 2304, Diff: 846, Sum: 7602, Workers: 4
[38.799s][debug][gc,phases      ] GC(106)   JNI Weak                       Min:  0.0, Avg:  0.0, Max:  0.0, Diff:  0.0, Sum:  0.0, Workers: 4
[38.799s][debug][gc,phases      ] GC(106)     Dead                           Min: 0, Avg:  0.0, Max: 0, Diff: 0, Sum: 0, Workers: 4
[38.799s][debug][gc,phases      ] GC(106)     Total                          Min: 0, Avg:  0.0, Max: 0, Diff: 0, Sum: 0, Workers: 4
[38.799s][debug][gc,phases      ] GC(106)   StringDedup Table Weak         Min:  0.0, Avg:  0.0, Max:  0.0, Diff:  0.0, Sum:  0.0, Workers: 4
[38.799s][debug][gc,phases      ] GC(106)     Dead                           Min: 0, Avg:  0.0, Max: 0, Diff: 0, Sum: 0, Workers: 4
[38.799s][debug][gc,phases      ] GC(106)     Total                          Min: 0, Avg:  0.0, Max: 0, Diff: 0, Sum: 0, Workers: 4
[38.799s][debug][gc,phases      ] GC(106)   StringDedup Requests0 Weak     Min:  0.0, Avg:  0.0, Max:  0.0, Diff:  0.0, Sum:  0.0, Workers: 4
[38.799s][debug][gc,phases      ] GC(106)     Dead                           Min: 0, Avg:  0.0, Max: 0, Diff: 0, Sum: 0, Workers: 4
[38.799s][debug][gc,phases      ] GC(106)     Total                          Min: 0, Avg:  0.0, Max: 0, Diff: 0, Sum: 0, Workers: 4
[38.799s][debug][gc,phases      ] GC(106)   StringDedup Requests1 Weak     Min:  0.0, Avg:  0.0, Max:  0.0, Diff:  0.0, Sum:  0.0, Workers: 4
[38.799s][debug][gc,phases      ] GC(106)     Dead                           Min: 0, Avg:  0.0, Max: 0, Diff: 0, Sum: 0, Workers: 4
[38.799s][debug][gc,phases      ] GC(106)     Total                          Min: 0, Avg:  0.0, Max: 0, Diff: 0, Sum: 0, Workers: 4
[38.799s][debug][gc,phases      ] GC(106)   Weak JFR Old Object Samples    Min:  0.0, Avg:  0.0, Max:  0.0, Diff:  0.0, Sum:  0.0, Workers: 4
[38.799s][debug][gc,phases      ] GC(106)     Dead                           Min: 0, Avg:  0.0, Max: 0, Diff: 0, Sum: 0, Workers: 4
[38.799s][debug][gc,phases      ] GC(106)     Total                          Min: 0, Avg:  0.0, Max: 0, Diff: 0, Sum: 0, Workers: 4
[38.799s][debug][gc,phases      ] GC(106) Weak Processing 0.247ms
[38.799s][debug][gc,age         ] GC(106) Desired survivor size 59244544 bytes, new threshold 15 (max threshold 15)
[38.799s][info ][gc,heap        ] GC(106) PSYoungGen: 1967072K(2027520K)->5344K(2039296K) Eden: 1961984K(1961984K)->0K(1977856K) From: 5088K(65536K)->5344K(61440K)
[38.799s][info ][gc,heap        ] GC(106) ParOldGen: 368064K(440832K)->368312K(440832K)
[38.799s][info ][gc,metaspace   ] GC(106) Metaspace: 72198K(72896K)->72198K(72896K) NonClass: 61829K(62208K)->61829K(62208K) Class: 10369K(10688K)->10369K(10688K)
[38.799s][info ][gc             ] GC(106) Pause Young (Allocation Failure) 2280M->364M(2422M) 2.843ms
[38.799s][info ][gc,cpu         ] GC(106) User=0.01s Sys=0.00s Real=0.00s
[38.799s][info ][safepoint      ] Safepoint "ParallelGCFailedAllocation", Time since last: 346667029 ns, Reaching safepoint: 81200 ns, At safepoint: 2930204 ns, Total: 3011404 ns
[39.147s][info ][gc,start       ] GC(107) Pause Young (Allocation Failure)
[39.150s][debug][gc,phases      ] GC(107) Scavenge 2.563ms
[39.150s][debug][gc,ref         ] GC(107) Skipped phase 1 of Reference Processing: no references
[39.150s][debug][gc,ref         ] GC(107) Skipped phase 2 of Reference Processing: no references
[39.150s][debug][gc,ref         ] GC(107) Skipped phase 3 of Reference Processing: no references
[39.150s][debug][gc,ref         ] GC(107) Skipped phase 4 of Reference Processing: no references
[39.150s][debug][gc,phases      ] GC(107) Reference Processing 0.018ms
[39.150s][debug][gc,phases      ] GC(107)   VM Weak                        Min:  0.0, Avg:  0.0, Max:  0.0, Diff:  0.0, Sum:  0.0, Workers: 4
[39.150s][debug][gc,phases      ] GC(107)     Dead                           Min: 0, Avg:  0.0, Max: 0, Diff: 0, Sum: 0, Workers: 4
[39.150s][debug][gc,phases      ] GC(107)     Total                          Min: 0, Avg: 153.0, Max: 384, Diff: 384, Sum: 612, Workers: 4
[39.150s][debug][gc,phases      ] GC(107)   ObjectSynchronizer Weak        Min:  0.0, Avg:  0.0, Max:  0.0, Diff:  0.0, Sum:  0.0, Workers: 4
[39.150s][debug][gc,phases      ] GC(107)     Dead                           Min: 0, Avg:  0.0, Max: 0, Diff: 0, Sum: 0, Workers: 4
[39.150s][debug][gc,phases      ] GC(107)     Total                          Min: 0, Avg: 90.0, Max: 232, Diff: 232, Sum: 360, Workers: 4
[39.150s][debug][gc,phases      ] GC(107)   JVMTI Tag Weak OopStorage      Min:  0.0, Avg:  0.0, Max:  0.0, Diff:  0.0, Sum:  0.0, Workers: 4
[39.150s][debug][gc,phases      ] GC(107)     Dead                           Min: 0, Avg:  0.0, Max: 0, Diff: 0, Sum: 0, Workers: 4
[39.150s][debug][gc,phases      ] GC(107)     Total                          Min: 0, Avg:  0.0, Max: 0, Diff: 0, Sum: 0, Workers: 4
[39.150s][debug][gc,phases      ] GC(107)   StringTable Weak               Min:  0.1, Avg:  0.1, Max:  0.1, Diff:  0.0, Sum:  0.3, Workers: 4
[39.150s][debug][gc,phases      ] GC(107)     Dead                           Min: 0, Avg:  0.0, Max: 0, Diff: 0, Sum: 0, Workers: 4
[39.150s][debug][gc,phases      ] GC(107)     Total                          Min: 8320, Avg: 10990.8, Max: 13952, Diff: 5632, Sum: 43963, Workers: 4
[39.150s][debug][gc,phases      ] GC(107)   ResolvedMethodTable Weak       Min:  0.0, Avg:  0.0, Max:  0.0, Diff:  0.0, Sum:  0.1, Workers: 4
[39.150s][debug][gc,phases      ] GC(107)     Dead                           Min: 0, Avg:  0.0, Max: 0, Diff: 0, Sum: 0, Workers: 4
[39.150s][debug][gc,phases      ] GC(107)     Total                          Min: 1472, Avg: 1900.5, Max: 2304, Diff: 832, Sum: 7602, Workers: 4
[39.150s][debug][gc,phases      ] GC(107)   JNI Weak                       Min:  0.0, Avg:  0.0, Max:  0.0, Diff:  0.0, Sum:  0.0, Workers: 4
[39.150s][debug][gc,phases      ] GC(107)     Dead                           Min: 0, Avg:  0.0, Max: 0, Diff: 0, Sum: 0, Workers: 4
[39.150s][debug][gc,phases      ] GC(107)     Total                          Min: 0, Avg:  0.0, Max: 0, Diff: 0, Sum: 0, Workers: 4
[39.150s][debug][gc,phases      ] GC(107)   StringDedup Table Weak         Min:  0.0, Avg:  0.0, Max:  0.0, Diff:  0.0, Sum:  0.0, Workers: 4
[39.150s][debug][gc,phases      ] GC(107)     Dead                           Min: 0, Avg:  0.0, Max: 0, Diff: 0, Sum: 0, Workers: 4
[39.150s][debug][gc,phases      ] GC(107)     Total                          Min: 0, Avg:  0.0, Max: 0, Diff: 0, Sum: 0, Workers: 4
[39.150s][debug][gc,phases      ] GC(107)   StringDedup Requests0 Weak     Min:  0.0, Avg:  0.0, Max:  0.0, Diff:  0.0, Sum:  0.0, Workers: 4
[39.150s][debug][gc,phases      ] GC(107)     Dead                           Min: 0, Avg:  0.0, Max: 0, Diff: 0, Sum: 0, Workers: 4
[39.150s][debug][gc,phases      ] GC(107)     Total                          Min: 0, Avg:  0.0, Max: 0, Diff: 0, Sum: 0, Workers: 4
[39.150s][debug][gc,phases      ] GC(107)   StringDedup Requests1 Weak     Min:  0.0, Avg:  0.0, Max:  0.0, Diff:  0.0, Sum:  0.0, Workers: 4
[39.150s][debug][gc,phases      ] GC(107)     Dead                           Min: 0, Avg:  0.0, Max: 0, Diff: 0, Sum: 0, Workers: 4
[39.150s][debug][gc,phases      ] GC(107)     Total                          Min: 0, Avg:  0.0, Max: 0, Diff: 0, Sum: 0, Workers: 4
[39.150s][debug][gc,phases      ] GC(107)   Weak JFR Old Object Samples    Min:  0.0, Avg:  0.0, Max:  0.0, Diff:  0.0, Sum:  0.0, Workers: 4
[39.150s][debug][gc,phases      ] GC(107)     Dead                           Min: 0, Avg:  0.0, Max: 0, Diff: 0, Sum: 0, Workers: 4
[39.150s][debug][gc,phases      ] GC(107)     Total                          Min: 0, Avg:  0.0, Max: 0, Diff: 0, Sum: 0, Workers: 4
[39.150s][debug][gc,phases      ] GC(107) Weak Processing 0.242ms
[39.150s][debug][gc,age         ] GC(107) Desired survivor size 55574528 bytes, new threshold 15 (max threshold 15)
[39.150s][info ][gc,heap        ] GC(107) PSYoungGen: 1983200K(2039296K)->5664K(2035712K) Eden: 1977856K(1977856K)->0K(1977856K) From: 5344K(61440K)->5664K(57856K)
[39.150s][info ][gc,heap        ] GC(107) ParOldGen: 368312K(440832K)->368608K(440832K)
[39.150s][info ][gc,metaspace   ] GC(107) Metaspace: 72229K(72960K)->72229K(72960K) NonClass: 61860K(62272K)->61860K(62272K) Class: 10369K(10688K)->10369K(10688K)
[39.150s][info ][gc             ] GC(107) Pause Young (Allocation Failure) 2296M->365M(2418M) 2.911ms
[39.150s][info ][gc,cpu         ] GC(107) User=0.01s Sys=0.01s Real=0.00s
[39.150s][info ][safepoint      ] Safepoint "ParallelGCFailedAllocation", Time since last: 347593930 ns, Reaching safepoint: 117600 ns, At safepoint: 2998204 ns, Total: 3115804 ns
[39.522s][info ][gc,start       ] GC(108) Pause Young (Allocation Failure)
[39.525s][debug][gc,phases      ] GC(108) Scavenge 2.910ms
[39.525s][debug][gc,ref         ] GC(108) Skipped phase 1 of Reference Processing: no references
[39.525s][debug][gc,ref         ] GC(108) Skipped phase 2 of Reference Processing: no references
[39.525s][debug][gc,ref         ] GC(108) Skipped phase 3 of Reference Processing: no references
[39.525s][debug][gc,ref         ] GC(108) ReferenceProcessor::execute queues: 1, RefProcThreadModel::Single, marks_oops_alive: false
[39.525s][debug][gc,phases      ] GC(108) Reference Processing 0.068ms
[39.525s][debug][gc,phases      ] GC(108)   VM Weak                        Min:  0.0, Avg:  0.0, Max:  0.0, Diff:  0.0, Sum:  0.0, Workers: 4
[39.525s][debug][gc,phases      ] GC(108)     Dead                           Min: 0, Avg:  0.0, Max: 0, Diff: 0, Sum: 0, Workers: 4
[39.525s][debug][gc,phases      ] GC(108)     Total                          Min: 0, Avg: 153.0, Max: 612, Diff: 612, Sum: 612, Workers: 4
[39.525s][debug][gc,phases      ] GC(108)   ObjectSynchronizer Weak        Min:  0.0, Avg:  0.0, Max:  0.0, Diff:  0.0, Sum:  0.0, Workers: 4
[39.525s][debug][gc,phases      ] GC(108)     Dead                           Min: 0, Avg:  0.0, Max: 0, Diff: 0, Sum: 0, Workers: 4
[39.525s][debug][gc,phases      ] GC(108)     Total                          Min: 0, Avg: 90.2, Max: 361, Diff: 361, Sum: 361, Workers: 4
[39.525s][debug][gc,phases      ] GC(108)   JVMTI Tag Weak OopStorage      Min:  0.0, Avg:  0.0, Max:  0.0, Diff:  0.0, Sum:  0.0, Workers: 4
[39.525s][debug][gc,phases      ] GC(108)     Dead                           Min: 0, Avg:  0.0, Max: 0, Diff: 0, Sum: 0, Workers: 4
[39.525s][debug][gc,phases      ] GC(108)     Total                          Min: 0, Avg:  0.0, Max: 0, Diff: 0, Sum: 0, Workers: 4
[39.525s][debug][gc,phases      ] GC(108)   StringTable Weak               Min:  0.1, Avg:  0.1, Max:  0.1, Diff:  0.0, Sum:  0.3, Workers: 4
[39.525s][debug][gc,phases      ] GC(108)     Dead                           Min: 0, Avg:  0.0, Max: 0, Diff: 0, Sum: 0, Workers: 4
[39.525s][debug][gc,phases      ] GC(108)     Total                          Min: 8960, Avg: 10992.2, Max: 13633, Diff: 4673, Sum: 43969, Workers: 4
[39.525s][debug][gc,phases      ] GC(108)   ResolvedMethodTable Weak       Min:  0.0, Avg:  0.0, Max:  0.0, Diff:  0.0, Sum:  0.1, Workers: 4
[39.525s][debug][gc,phases      ] GC(108)     Dead                           Min: 0, Avg:  0.0, Max: 0, Diff: 0, Sum: 0, Workers: 4
[39.525s][debug][gc,phases      ] GC(108)     Total                          Min: 1472, Avg: 1900.8, Max: 2240, Diff: 768, Sum: 7603, Workers: 4
[39.525s][debug][gc,phases      ] GC(108)   JNI Weak                       Min:  0.0, Avg:  0.0, Max:  0.0, Diff:  0.0, Sum:  0.0, Workers: 4
[39.525s][debug][gc,phases      ] GC(108)     Dead                           Min: 0, Avg:  0.0, Max: 0, Diff: 0, Sum: 0, Workers: 4
[39.525s][debug][gc,phases      ] GC(108)     Total                          Min: 0, Avg:  0.0, Max: 0, Diff: 0, Sum: 0, Workers: 4
[39.525s][debug][gc,phases      ] GC(108)   StringDedup Table Weak         Min:  0.0, Avg:  0.0, Max:  0.0, Diff:  0.0, Sum:  0.0, Workers: 4
[39.525s][debug][gc,phases      ] GC(108)     Dead                           Min: 0, Avg:  0.0, Max: 0, Diff: 0, Sum: 0, Workers: 4
[39.525s][debug][gc,phases      ] GC(108)     Total                          Min: 0, Avg:  0.0, Max: 0, Diff: 0, Sum: 0, Workers: 4
[39.525s][debug][gc,phases      ] GC(108)   StringDedup Requests0 Weak     Min:  0.0, Avg:  0.0, Max:  0.0, Diff:  0.0, Sum:  0.0, Workers: 4
[39.525s][debug][gc,phases      ] GC(108)     Dead                           Min: 0, Avg:  0.0, Max: 0, Diff: 0, Sum: 0, Workers: 4
[39.525s][debug][gc,phases      ] GC(108)     Total                          Min: 0, Avg:  0.0, Max: 0, Diff: 0, Sum: 0, Workers: 4
[39.525s][debug][gc,phases      ] GC(108)   StringDedup Requests1 Weak     Min:  0.0, Avg:  0.0, Max:  0.0, Diff:  0.0, Sum:  0.0, Workers: 4
[39.525s][debug][gc,phases      ] GC(108)     Dead                           Min: 0, Avg:  0.0, Max: 0, Diff: 0, Sum: 0, Workers: 4
[39.525s][debug][gc,phases      ] GC(108)     Total                          Min: 0, Avg:  0.0, Max: 0, Diff: 0, Sum: 0, Workers: 4
[39.526s][debug][gc,phases      ] GC(108)   Weak JFR Old Object Samples    Min:  0.0, Avg:  0.0, Max:  0.0, Diff:  0.0, Sum:  0.0, Workers: 4
[39.526s][debug][gc,phases      ] GC(108)     Dead                           Min: 0, Avg:  0.0, Max: 0, Diff: 0, Sum: 0, Workers: 4
[39.526s][debug][gc,phases      ] GC(108)     Total                          Min: 0, Avg:  0.0, Max: 0, Diff: 0, Sum: 0, Workers: 4
[39.526s][debug][gc,phases      ] GC(108) Weak Processing 0.240ms
[39.526s][debug][gc,age         ] GC(108) Desired survivor size 51904512 bytes, new threshold 15 (max threshold 15)
[39.526s][info ][gc,heap        ] GC(108) PSYoungGen: 1983520K(2035712K)->6176K(2046464K) Eden: 1977856K(1977856K)->0K(1992192K) From: 5664K(57856K)->6176K(54272K)
[39.526s][info ][gc,heap        ] GC(108) ParOldGen: 368608K(440832K)->368904K(440832K)
[39.526s][info ][gc,metaspace   ] GC(108) Metaspace: 72255K(72960K)->72255K(72960K) NonClass: 61882K(62272K)->61882K(62272K) Class: 10372K(10688K)->10372K(10688K)
[39.526s][info ][gc             ] GC(108) Pause Young (Allocation Failure) 2297M->366M(2429M) 3.296ms
[39.526s][info ][gc,cpu         ] GC(108) User=0.01s Sys=0.00s Real=0.00s
[39.526s][info ][safepoint      ] Safepoint "ParallelGCFailedAllocation", Time since last: 372132360 ns, Reaching safepoint: 123500 ns, At safepoint: 3386604 ns, Total: 3510104 ns
[40.871s][info ][safepoint      ] Safepoint "Cleanup", Time since last: 1345036263 ns, Reaching safepoint: 84700 ns, At safepoint: 12800 ns, Total: 97500 ns
[41.871s][info ][safepoint      ] Safepoint "Cleanup", Time since last: 1000095237 ns, Reaching safepoint: 70800 ns, At safepoint: 4600 ns, Total: 75400 ns
[42.871s][info ][safepoint      ] Safepoint "Cleanup", Time since last: 1000092036 ns, Reaching safepoint: 63400 ns, At safepoint: 8200 ns, Total: 71600 ns
[43.871s][info ][safepoint      ] Safepoint "Cleanup", Time since last: 1000097837 ns, Reaching safepoint: 61900 ns, At safepoint: 6000 ns, Total: 67900 ns
[44.871s][info ][safepoint      ] Safepoint "Cleanup", Time since last: 1000101736 ns, Reaching safepoint: 53400 ns, At safepoint: 12500 ns, Total: 65900 ns
[45.872s][info ][safepoint      ] Safepoint "Cleanup", Time since last: 1000070036 ns, Reaching safepoint: 35100 ns, At safepoint: 3300 ns, Total: 38400 ns
[46.872s][info ][safepoint      ] Safepoint "Cleanup", Time since last: 1000096636 ns, Reaching safepoint: 41100 ns, At safepoint: 3200 ns, Total: 44300 ns
[47.872s][info ][safepoint      ] Safepoint "Cleanup", Time since last: 1000116336 ns, Reaching safepoint: 47600 ns, At safepoint: 5200 ns, Total: 52800 ns
[48.872s][info ][safepoint      ] Safepoint "Cleanup", Time since last: 1000089636 ns, Reaching safepoint: 37800 ns, At safepoint: 2500 ns, Total: 40300 ns
[49.872s][info ][safepoint      ] Safepoint "Cleanup", Time since last: 1000094536 ns, Reaching safepoint: 45900 ns, At safepoint: 2600 ns, Total: 48500 ns
[50.872s][info ][safepoint      ] Safepoint "Cleanup", Time since last: 1000094235 ns, Reaching safepoint: 45800 ns, At safepoint: 2700 ns, Total: 48500 ns
[56.873s][info ][safepoint      ] Safepoint "Cleanup", Time since last: 6000425112 ns, Reaching safepoint: 50000 ns, At safepoint: 4100 ns, Total: 54100 ns
[57.873s][info ][safepoint      ] Safepoint "Cleanup", Time since last: 1000094035 ns, Reaching safepoint: 36900 ns, At safepoint: 2600 ns, Total: 39500 ns
[58.837s][info ][safepoint      ] Safepoint "ICBufferFull", Time since last: 964412191 ns, Reaching safepoint: 166700 ns, At safepoint: 2800 ns, Total: 169500 ns
[58.914s][info ][safepoint      ] Safepoint "ICBufferFull", Time since last: 76467395 ns, Reaching safepoint: 165800 ns, At safepoint: 8000 ns, Total: 173800 ns
[59.394s][info ][safepoint      ] Safepoint "ICBufferFull", Time since last: 479507892 ns, Reaching safepoint: 244100 ns, At safepoint: 15700 ns, Total: 259800 ns
[59.477s][info ][safepoint      ] Safepoint "ICBufferFull", Time since last: 82885703 ns, Reaching safepoint: 194900 ns, At safepoint: 5300 ns, Total: 200200 ns
[59.580s][info ][safepoint      ] Safepoint "ParallelGCFailedAllocation", Time since last: 102899727 ns, Reaching safepoint: 138800 ns, At safepoint: 9600 ns, Total: 148400 ns
[59.580s][info ][gc,start       ] GC(109) Pause Young (GCLocker Initiated GC)
[59.594s][debug][gc,phases      ] GC(109) Scavenge 13.542ms
[59.594s][debug][gc,ref         ] GC(109) Skipped phase 1 of Reference Processing: no references
[59.594s][debug][gc,ref         ] GC(109) ReferenceProcessor::execute queues: 1, RefProcThreadModel::Single, marks_oops_alive: false
[59.594s][debug][gc,ref         ] GC(109) Skipped phase 3 of Reference Processing: no references
[59.594s][debug][gc,ref         ] GC(109) ReferenceProcessor::execute queues: 1, RefProcThreadModel::Single, marks_oops_alive: false
[59.594s][debug][gc,phases      ] GC(109) Reference Processing 0.133ms
[59.594s][debug][gc,phases      ] GC(109)   VM Weak                        Min:  0.0, Avg:  0.0, Max:  0.0, Diff:  0.0, Sum:  0.0, Workers: 4
[59.594s][debug][gc,phases      ] GC(109)     Dead                           Min: 0, Avg:  0.0, Max: 0, Diff: 0, Sum: 0, Workers: 4
[59.594s][debug][gc,phases      ] GC(109)     Total                          Min: 0, Avg: 161.0, Max: 324, Diff: 324, Sum: 644, Workers: 4
[59.594s][debug][gc,phases      ] GC(109)   ObjectSynchronizer Weak        Min:  0.0, Avg:  0.0, Max:  0.0, Diff:  0.0, Sum:  0.0, Workers: 4
[59.594s][debug][gc,phases      ] GC(109)     Dead                           Min: 0, Avg:  0.2, Max: 1, Diff: 1, Sum: 1, Workers: 4
[59.594s][debug][gc,phases      ] GC(109)     Total                          Min: 0, Avg: 92.5, Max: 178, Diff: 178, Sum: 370, Workers: 4
[59.594s][debug][gc,phases      ] GC(109)   JVMTI Tag Weak OopStorage      Min:  0.0, Avg:  0.0, Max:  0.0, Diff:  0.0, Sum:  0.0, Workers: 4
[59.594s][debug][gc,phases      ] GC(109)     Dead                           Min: 0, Avg:  0.0, Max: 0, Diff: 0, Sum: 0, Workers: 4
[59.594s][debug][gc,phases      ] GC(109)     Total                          Min: 0, Avg:  0.0, Max: 0, Diff: 0, Sum: 0, Workers: 4
[59.594s][debug][gc,phases      ] GC(109)   StringTable Weak               Min:  0.1, Avg:  0.1, Max:  0.1, Diff:  0.0, Sum:  0.5, Workers: 4
[59.594s][debug][gc,phases      ] GC(109)     Dead                           Min: 0, Avg:  1.2, Max: 3, Diff: 3, Sum: 5, Workers: 4
[59.594s][debug][gc,phases      ] GC(109)     Total                          Min: 11584, Avg: 11719.8, Max: 11935, Diff: 351, Sum: 46879, Workers: 4
[59.594s][debug][gc,phases      ] GC(109)   ResolvedMethodTable Weak       Min:  0.0, Avg:  0.0, Max:  0.0, Diff:  0.0, Sum:  0.1, Workers: 4
[59.594s][debug][gc,phases      ] GC(109)     Dead                           Min: 9, Avg: 27.2, Max: 56, Diff: 47, Sum: 109, Workers: 4
[59.594s][debug][gc,phases      ] GC(109)     Total                          Min: 1408, Avg: 2032.0, Max: 2432, Diff: 1024, Sum: 8128, Workers: 4
[59.594s][debug][gc,phases      ] GC(109)   JNI Weak                       Min:  0.0, Avg:  0.0, Max:  0.0, Diff:  0.0, Sum:  0.0, Workers: 4
[59.594s][debug][gc,phases      ] GC(109)     Dead                           Min: 0, Avg:  0.0, Max: 0, Diff: 0, Sum: 0, Workers: 4
[59.594s][debug][gc,phases      ] GC(109)     Total                          Min: 0, Avg: 16.8, Max: 37, Diff: 37, Sum: 67, Workers: 4
[59.594s][debug][gc,phases      ] GC(109)   StringDedup Table Weak         Min:  0.0, Avg:  0.0, Max:  0.0, Diff:  0.0, Sum:  0.0, Workers: 4
[59.594s][debug][gc,phases      ] GC(109)     Dead                           Min: 0, Avg:  0.0, Max: 0, Diff: 0, Sum: 0, Workers: 4
[59.594s][debug][gc,phases      ] GC(109)     Total                          Min: 0, Avg:  0.0, Max: 0, Diff: 0, Sum: 0, Workers: 4
[59.594s][debug][gc,phases      ] GC(109)   StringDedup Requests0 Weak     Min:  0.0, Avg:  0.0, Max:  0.0, Diff:  0.0, Sum:  0.0, Workers: 4
[59.594s][debug][gc,phases      ] GC(109)     Dead                           Min: 0, Avg:  0.0, Max: 0, Diff: 0, Sum: 0, Workers: 4
[59.594s][debug][gc,phases      ] GC(109)     Total                          Min: 0, Avg:  0.0, Max: 0, Diff: 0, Sum: 0, Workers: 4
[59.594s][debug][gc,phases      ] GC(109)   StringDedup Requests1 Weak     Min:  0.0, Avg:  0.0, Max:  0.0, Diff:  0.0, Sum:  0.0, Workers: 4
[59.594s][debug][gc,phases      ] GC(109)     Dead                           Min: 0, Avg:  0.0, Max: 0, Diff: 0, Sum: 0, Workers: 4
[59.594s][debug][gc,phases      ] GC(109)     Total                          Min: 0, Avg:  0.0, Max: 0, Diff: 0, Sum: 0, Workers: 4
[59.594s][debug][gc,phases      ] GC(109)   Weak JFR Old Object Samples    Min:  0.0, Avg:  0.0, Max:  0.0, Diff:  0.0, Sum:  0.0, Workers: 4
[59.594s][debug][gc,phases      ] GC(109)     Dead                           Min: 0, Avg:  0.0, Max: 0, Diff: 0, Sum: 0, Workers: 4
[59.594s][debug][gc,phases      ] GC(109)     Total                          Min: 0, Avg:  0.0, Max: 0, Diff: 0, Sum: 0, Workers: 4
[59.594s][debug][gc,phases      ] GC(109) Weak Processing 0.307ms
[59.594s][debug][gc,age         ] GC(109) Desired survivor size 59244544 bytes, new threshold 15 (max threshold 15)
[59.594s][info ][gc,heap        ] GC(109) PSYoungGen: 1998368K(2046464K)->39998K(2025472K) Eden: 1992192K(1992192K)->0K(1985024K) From: 6176K(54272K)->39998K(40448K)
[59.594s][info ][gc,heap        ] GC(109) ParOldGen: 368930K(440832K)->369194K(440832K)
[59.594s][info ][gc,metaspace   ] GC(109) Metaspace: 80087K(80896K)->80087K(80896K) NonClass: 68610K(69056K)->68610K(69056K) Class: 11476K(11840K)->11476K(11840K)
[59.594s][info ][gc             ] GC(109) Pause Young (GCLocker Initiated GC) 2311M->399M(2408M) 14.074ms
[59.594s][info ][gc,cpu         ] GC(109) User=0.07s Sys=0.00s Real=0.02s
[59.594s][info ][safepoint      ] Safepoint "ParallelGCSystemGC", Time since last: 118600 ns, Reaching safepoint: 14400 ns, At safepoint: 14130418 ns, Total: 14144818 ns
[59.991s][info ][safepoint      ] Safepoint "ICBufferFull", Time since last: 396349989 ns, Reaching safepoint: 179900 ns, At safepoint: 8100 ns, Total: 188000 ns
[60.448s][info ][safepoint      ] Safepoint "ICBufferFull", Time since last: 457423165 ns, Reaching safepoint: 148300 ns, At safepoint: 3400 ns, Total: 151700 ns
[60.509s][info ][safepoint      ] Safepoint "ICBufferFull", Time since last: 60213174 ns, Reaching safepoint: 50601 ns, At safepoint: 5400 ns, Total: 56001 ns
[60.622s][info ][safepoint      ] Safepoint "ICBufferFull", Time since last: 113306039 ns, Reaching safepoint: 75101 ns, At safepoint: 2500 ns, Total: 77601 ns
[60.678s][info ][safepoint      ] Safepoint "ICBufferFull", Time since last: 55870569 ns, Reaching safepoint: 64900 ns, At safepoint: 2500 ns, Total: 67400 ns
[60.701s][info ][safepoint      ] Safepoint "ICBufferFull", Time since last: 23285528 ns, Reaching safepoint: 40500 ns, At safepoint: 3500 ns, Total: 44000 ns
[60.759s][info ][safepoint      ] Safepoint "ICBufferFull", Time since last: 58037872 ns, Reaching safepoint: 40800 ns, At safepoint: 2500 ns, Total: 43300 ns
[60.822s][info ][safepoint      ] Safepoint "ICBufferFull", Time since last: 62639677 ns, Reaching safepoint: 113501 ns, At safepoint: 7300 ns, Total: 120801 ns
[60.854s][info ][safepoint      ] Safepoint "ICBufferFull", Time since last: 31610939 ns, Reaching safepoint: 44200 ns, At safepoint: 2400 ns, Total: 46600 ns
[60.911s][info ][safepoint      ] Safepoint "ICBufferFull", Time since last: 57158470 ns, Reaching safepoint: 27800 ns, At safepoint: 3200 ns, Total: 31000 ns
[60.974s][info ][safepoint      ] Safepoint "ICBufferFull", Time since last: 62718478 ns, Reaching safepoint: 38900 ns, At safepoint: 4100 ns, Total: 43000 ns
[61.042s][info ][safepoint      ] Safepoint "ICBufferFull", Time since last: 68012184 ns, Reaching safepoint: 41600 ns, At safepoint: 3000 ns, Total: 44600 ns
[61.098s][info ][safepoint      ] Safepoint "ICBufferFull", Time since last: 55675869 ns, Reaching safepoint: 50800 ns, At safepoint: 4600 ns, Total: 55400 ns
[61.158s][info ][safepoint      ] Safepoint "ICBufferFull", Time since last: 60045374 ns, Reaching safepoint: 37600 ns, At safepoint: 3300 ns, Total: 40900 ns
[61.191s][info ][gc,start       ] GC(110) Pause Young (Allocation Failure)
[61.213s][debug][gc,phases      ] GC(110) Scavenge 22.558ms
[61.213s][debug][gc,ref         ] GC(110) Skipped phase 1 of Reference Processing: no references
[61.213s][debug][gc,ref         ] GC(110) ReferenceProcessor::execute queues: 1, RefProcThreadModel::Single, marks_oops_alive: false
[61.213s][debug][gc,ref         ] GC(110) Skipped phase 3 of Reference Processing: no references
[61.213s][debug][gc,ref         ] GC(110) ReferenceProcessor::execute queues: 1, RefProcThreadModel::Single, marks_oops_alive: false
[61.213s][debug][gc,phases      ] GC(110) Reference Processing 0.113ms
[61.214s][debug][gc,phases      ] GC(110)   VM Weak                        Min:  0.0, Avg:  0.0, Max:  0.0, Diff:  0.0, Sum:  0.0, Workers: 4
[61.214s][debug][gc,phases      ] GC(110)     Dead                           Min: 0, Avg:  0.0, Max: 0, Diff: 0, Sum: 0, Workers: 4
[61.214s][debug][gc,phases      ] GC(110)     Total                          Min: 0, Avg: 162.5, Max: 384, Diff: 384, Sum: 650, Workers: 4
[61.214s][debug][gc,phases      ] GC(110)   ObjectSynchronizer Weak        Min:  0.0, Avg:  0.0, Max:  0.0, Diff:  0.0, Sum:  0.0, Workers: 4
[61.214s][debug][gc,phases      ] GC(110)     Dead                           Min: 0, Avg:  0.0, Max: 0, Diff: 0, Sum: 0, Workers: 4
[61.214s][debug][gc,phases      ] GC(110)     Total                          Min: 0, Avg: 92.8, Max: 192, Diff: 192, Sum: 371, Workers: 4
[61.214s][debug][gc,phases      ] GC(110)   JVMTI Tag Weak OopStorage      Min:  0.0, Avg:  0.0, Max:  0.0, Diff:  0.0, Sum:  0.0, Workers: 4
[61.214s][debug][gc,phases      ] GC(110)     Dead                           Min: 0, Avg:  0.0, Max: 0, Diff: 0, Sum: 0, Workers: 4
[61.214s][debug][gc,phases      ] GC(110)     Total                          Min: 0, Avg:  0.0, Max: 0, Diff: 0, Sum: 0, Workers: 4
[61.214s][debug][gc,phases      ] GC(110)   StringTable Weak               Min:  0.1, Avg:  0.1, Max:  0.1, Diff:  0.0, Sum:  0.4, Workers: 4
[61.214s][debug][gc,phases      ] GC(110)     Dead                           Min: 0, Avg:  0.2, Max: 1, Diff: 1, Sum: 1, Workers: 4
[61.214s][debug][gc,phases      ] GC(110)     Total                          Min: 8896, Avg: 11739.8, Max: 12928, Diff: 4032, Sum: 46959, Workers: 4
[61.214s][debug][gc,phases      ] GC(110)   ResolvedMethodTable Weak       Min:  0.0, Avg:  0.0, Max:  0.0, Diff:  0.0, Sum:  0.1, Workers: 4
[61.214s][debug][gc,phases      ] GC(110)     Dead                           Min: 0, Avg:  4.5, Max: 10, Diff: 10, Sum: 18, Workers: 4
[61.214s][debug][gc,phases      ] GC(110)     Total                          Min: 1664, Avg: 2049.2, Max: 2619, Diff: 955, Sum: 8197, Workers: 4
[61.214s][debug][gc,phases      ] GC(110)   JNI Weak                       Min:  0.0, Avg:  0.0, Max:  0.0, Diff:  0.0, Sum:  0.0, Workers: 4
[61.214s][debug][gc,phases      ] GC(110)     Dead                           Min: 0, Avg:  0.0, Max: 0, Diff: 0, Sum: 0, Workers: 4
[61.214s][debug][gc,phases      ] GC(110)     Total                          Min: 0, Avg: 20.0, Max: 80, Diff: 80, Sum: 80, Workers: 4
[61.214s][debug][gc,phases      ] GC(110)   StringDedup Table Weak         Min:  0.0, Avg:  0.0, Max:  0.0, Diff:  0.0, Sum:  0.0, Workers: 4
[61.214s][debug][gc,phases      ] GC(110)     Dead                           Min: 0, Avg:  0.0, Max: 0, Diff: 0, Sum: 0, Workers: 4
[61.214s][debug][gc,phases      ] GC(110)     Total                          Min: 0, Avg:  0.0, Max: 0, Diff: 0, Sum: 0, Workers: 4
[61.214s][debug][gc,phases      ] GC(110)   StringDedup Requests0 Weak     Min:  0.0, Avg:  0.0, Max:  0.0, Diff:  0.0, Sum:  0.0, Workers: 4
[61.214s][debug][gc,phases      ] GC(110)     Dead                           Min: 0, Avg:  0.0, Max: 0, Diff: 0, Sum: 0, Workers: 4
[61.214s][debug][gc,phases      ] GC(110)     Total                          Min: 0, Avg:  0.0, Max: 0, Diff: 0, Sum: 0, Workers: 4
[61.214s][debug][gc,phases      ] GC(110)   StringDedup Requests1 Weak     Min:  0.0, Avg:  0.0, Max:  0.0, Diff:  0.0, Sum:  0.0, Workers: 4
[61.214s][debug][gc,phases      ] GC(110)     Dead                           Min: 0, Avg:  0.0, Max: 0, Diff: 0, Sum: 0, Workers: 4
[61.214s][debug][gc,phases      ] GC(110)     Total                          Min: 0, Avg:  0.0, Max: 0, Diff: 0, Sum: 0, Workers: 4
[61.214s][debug][gc,phases      ] GC(110)   Weak JFR Old Object Samples    Min:  0.0, Avg:  0.0, Max:  0.0, Diff:  0.0, Sum:  0.0, Workers: 4
[61.214s][debug][gc,phases      ] GC(110)     Dead                           Min: 0, Avg:  0.0, Max: 0, Diff: 0, Sum: 0, Workers: 4
[61.214s][debug][gc,phases      ] GC(110)     Total                          Min: 0, Avg:  0.0, Max: 0, Diff: 0, Sum: 0, Workers: 4
[61.214s][debug][gc,phases      ] GC(110) Weak Processing 0.282ms
[61.214s][debug][gc,age         ] GC(110) Desired survivor size 87031808 bytes, new threshold 14 (max threshold 15)
[61.214s][info ][gc,heap        ] GC(110) PSYoungGen: 2025022K(2025472K)->57850K(1985024K) Eden: 1985024K(1985024K)->0K(1927168K) From: 39998K(40448K)->57850K(57856K)
[61.214s][info ][gc,heap        ] GC(110) ParOldGen: 369201K(440832K)->410060K(440832K)
[61.214s][info ][gc,metaspace   ] GC(110) Metaspace: 80604K(81408K)->80604K(81408K) NonClass: 69098K(69504K)->69098K(69504K) Class: 11505K(11904K)->11505K(11904K)
[61.214s][info ][gc             ] GC(110) Pause Young (Allocation Failure) 2338M->456M(2369M) 23.056ms
[61.214s][info ][gc,cpu         ] GC(110) User=0.09s Sys=0.00s Real=0.02s
[61.214s][info ][safepoint      ] Safepoint "ParallelGCFailedAllocation", Time since last: 32956740 ns, Reaching safepoint: 31100 ns, At safepoint: 23141529 ns, Total: 23172629 ns
[61.274s][info ][safepoint      ] Safepoint "ICBufferFull", Time since last: 60649375 ns, Reaching safepoint: 41400 ns, At safepoint: 3200 ns, Total: 44600 ns
[61.312s][info ][safepoint      ] Safepoint "ICBufferFull", Time since last: 37571346 ns, Reaching safepoint: 39600 ns, At safepoint: 3000 ns, Total: 42600 ns
[61.365s][info ][safepoint      ] Safepoint "ICBufferFull", Time since last: 52718665 ns, Reaching safepoint: 70301 ns, At safepoint: 4900 ns, Total: 75201 ns
[61.391s][info ][safepoint      ] Safepoint "ICBufferFull", Time since last: 26020832 ns, Reaching safepoint: 30400 ns, At safepoint: 3000 ns, Total: 33400 ns
[61.441s][info ][safepoint      ] Safepoint "ICBufferFull", Time since last: 49808861 ns, Reaching safepoint: 53600 ns, At safepoint: 3300 ns, Total: 56900 ns
[61.495s][info ][safepoint      ] Safepoint "ICBufferFull", Time since last: 54480668 ns, Reaching safepoint: 49500 ns, At safepoint: 3000 ns, Total: 52500 ns
[61.548s][info ][safepoint      ] Safepoint "ICBufferFull", Time since last: 52200664 ns, Reaching safepoint: 35400 ns, At safepoint: 3100 ns, Total: 38500 ns
[61.596s][info ][safepoint      ] Safepoint "ICBufferFull", Time since last: 48488660 ns, Reaching safepoint: 37200 ns, At safepoint: 3100 ns, Total: 40300 ns
[61.641s][info ][safepoint      ] Safepoint "ICBufferFull", Time since last: 45299956 ns, Reaching safepoint: 46400 ns, At safepoint: 7900 ns, Total: 54300 ns
[61.711s][info ][safepoint      ] Safepoint "ICBufferFull", Time since last: 69947286 ns, Reaching safepoint: 56600 ns, At safepoint: 8000 ns, Total: 64600 ns
[61.787s][info ][safepoint      ] Safepoint "ICBufferFull", Time since last: 75713994 ns, Reaching safepoint: 55800 ns, At safepoint: 2800 ns, Total: 58600 ns
[61.829s][info ][safepoint      ] Safepoint "ICBufferFull", Time since last: 41663451 ns, Reaching safepoint: 36300 ns, At safepoint: 3000 ns, Total: 39300 ns
[61.886s][info ][safepoint      ] Safepoint "ICBufferFull", Time since last: 57360771 ns, Reaching safepoint: 42300 ns, At safepoint: 3900 ns, Total: 46200 ns
[61.928s][info ][safepoint      ] Safepoint "ICBufferFull", Time since last: 41207851 ns, Reaching safepoint: 39900 ns, At safepoint: 2600 ns, Total: 42500 ns
[61.951s][info ][safepoint      ] Safepoint "ICBufferFull", Time since last: 23652029 ns, Reaching safepoint: 32400 ns, At safepoint: 4900 ns, Total: 37300 ns
[61.964s][info ][safepoint      ] Safepoint "ICBufferFull", Time since last: 13178317 ns, Reaching safepoint: 78000 ns, At safepoint: 3400 ns, Total: 81400 ns
[61.965s][info ][safepoint      ] Safepoint "ICBufferFull", Time since last: 66300 ns, Reaching safepoint: 100200 ns, At safepoint: 6600 ns, Total: 106800 ns
[61.971s][info ][safepoint      ] Safepoint "ICBufferFull", Time since last: 5924707 ns, Reaching safepoint: 98601 ns, At safepoint: 7500 ns, Total: 106101 ns
[62.007s][info ][safepoint      ] Safepoint "ICBufferFull", Time since last: 36244044 ns, Reaching safepoint: 52100 ns, At safepoint: 2500 ns, Total: 54600 ns
[62.008s][info ][safepoint      ] Safepoint "ICBufferFull", Time since last: 757301 ns, Reaching safepoint: 35300 ns, At safepoint: 1900 ns, Total: 37200 ns
[62.009s][info ][safepoint      ] Safepoint "ICBufferFull", Time since last: 693301 ns, Reaching safepoint: 28200 ns, At safepoint: 1700 ns, Total: 29900 ns
[62.009s][info ][safepoint      ] Safepoint "ICBufferFull", Time since last: 765901 ns, Reaching safepoint: 21500 ns, At safepoint: 4800 ns, Total: 26300 ns
[62.020s][info ][safepoint      ] Safepoint "ICBufferFull", Time since last: 11134314 ns, Reaching safepoint: 33700 ns, At safepoint: 1900 ns, Total: 35600 ns
[62.021s][info ][safepoint      ] Safepoint "ICBufferFull", Time since last: 656001 ns, Reaching safepoint: 24200 ns, At safepoint: 1300 ns, Total: 25500 ns
[62.067s][info ][safepoint      ] Safepoint "ICBufferFull", Time since last: 45980157 ns, Reaching safepoint: 36300 ns, At safepoint: 2800 ns, Total: 39100 ns
[62.107s][info ][safepoint      ] Safepoint "ICBufferFull", Time since last: 39922349 ns, Reaching safepoint: 53200 ns, At safepoint: 3200 ns, Total: 56400 ns
[62.141s][info ][safepoint      ] Safepoint "ICBufferFull", Time since last: 34287942 ns, Reaching safepoint: 34700 ns, At safepoint: 7000 ns, Total: 41700 ns
[62.382s][info ][safepoint      ] Safepoint "ICBufferFull", Time since last: 240687197 ns, Reaching safepoint: 178701 ns, At safepoint: 5500 ns, Total: 184201 ns
[62.394s][info ][safepoint      ] Safepoint "ParallelGCFailedAllocation", Time since last: 11837214 ns, Reaching safepoint: 38900 ns, At safepoint: 12800 ns, Total: 51700 ns
[62.394s][info ][gc,start       ] GC(111) Pause Young (GCLocker Initiated GC)
[62.407s][debug][gc,phases      ] GC(111) Scavenge 12.241ms
[62.407s][debug][gc,ref         ] GC(111) Skipped phase 1 of Reference Processing: no references
[62.407s][debug][gc,ref         ] GC(111) ReferenceProcessor::execute queues: 1, RefProcThreadModel::Single, marks_oops_alive: false
[62.407s][debug][gc,ref         ] GC(111) Skipped phase 3 of Reference Processing: no references
[62.407s][debug][gc,ref         ] GC(111) ReferenceProcessor::execute queues: 1, RefProcThreadModel::Single, marks_oops_alive: false
[62.407s][debug][gc,phases      ] GC(111) Reference Processing 0.100ms
[62.407s][debug][gc,phases      ] GC(111)   VM Weak                        Min:  0.0, Avg:  0.0, Max:  0.0, Diff:  0.0, Sum:  0.0, Workers: 4
[62.407s][debug][gc,phases      ] GC(111)     Dead                           Min: 0, Avg:  0.0, Max: 0, Diff: 0, Sum: 0, Workers: 4
[62.407s][debug][gc,phases      ] GC(111)     Total                          Min: 0, Avg: 162.5, Max: 576, Diff: 576, Sum: 650, Workers: 4
[62.407s][debug][gc,phases      ] GC(111)   ObjectSynchronizer Weak        Min:  0.0, Avg:  0.0, Max:  0.0, Diff:  0.0, Sum:  0.0, Workers: 4
[62.407s][debug][gc,phases      ] GC(111)     Dead                           Min: 0, Avg:  0.0, Max: 0, Diff: 0, Sum: 0, Workers: 4
[62.407s][debug][gc,phases      ] GC(111)     Total                          Min: 0, Avg: 92.8, Max: 179, Diff: 179, Sum: 371, Workers: 4
[62.407s][debug][gc,phases      ] GC(111)   JVMTI Tag Weak OopStorage      Min:  0.0, Avg:  0.0, Max:  0.0, Diff:  0.0, Sum:  0.0, Workers: 4
[62.407s][debug][gc,phases      ] GC(111)     Dead                           Min: 0, Avg:  0.0, Max: 0, Diff: 0, Sum: 0, Workers: 4
[62.407s][debug][gc,phases      ] GC(111)     Total                          Min: 0, Avg:  0.0, Max: 0, Diff: 0, Sum: 0, Workers: 4
[62.407s][debug][gc,phases      ] GC(111)   StringTable Weak               Min:  0.1, Avg:  0.1, Max:  0.1, Diff:  0.0, Sum:  0.3, Workers: 4
[62.407s][debug][gc,phases      ] GC(111)     Dead                           Min: 0, Avg:  0.0, Max: 0, Diff: 0, Sum: 0, Workers: 4
[62.407s][debug][gc,phases      ] GC(111)     Total                          Min: 9152, Avg: 11751.8, Max: 13343, Diff: 4191, Sum: 47007, Workers: 4
[62.407s][debug][gc,phases      ] GC(111)   ResolvedMethodTable Weak       Min:  0.0, Avg:  0.0, Max:  0.0, Diff:  0.0, Sum:  0.1, Workers: 4
[62.407s][debug][gc,phases      ] GC(111)     Dead                           Min: 0, Avg:  0.0, Max: 0, Diff: 0, Sum: 0, Workers: 4
[62.407s][debug][gc,phases      ] GC(111)     Total                          Min: 1446, Avg: 1967.8, Max: 2190, Diff: 744, Sum: 7871, Workers: 4
[62.407s][debug][gc,phases      ] GC(111)   JNI Weak                       Min:  0.0, Avg:  0.0, Max:  0.0, Diff:  0.0, Sum:  0.0, Workers: 4
[62.407s][debug][gc,phases      ] GC(111)     Dead                           Min: 0, Avg:  0.0, Max: 0, Diff: 0, Sum: 0, Workers: 4
[62.407s][debug][gc,phases      ] GC(111)     Total                          Min: 0, Avg: 18.5, Max: 49, Diff: 49, Sum: 74, Workers: 4
[62.407s][debug][gc,phases      ] GC(111)   StringDedup Table Weak         Min:  0.0, Avg:  0.0, Max:  0.0, Diff:  0.0, Sum:  0.0, Workers: 4
[62.407s][debug][gc,phases      ] GC(111)     Dead                           Min: 0, Avg:  0.0, Max: 0, Diff: 0, Sum: 0, Workers: 4
[62.407s][debug][gc,phases      ] GC(111)     Total                          Min: 0, Avg:  0.0, Max: 0, Diff: 0, Sum: 0, Workers: 4
[62.407s][debug][gc,phases      ] GC(111)   StringDedup Requests0 Weak     Min:  0.0, Avg:  0.0, Max:  0.0, Diff:  0.0, Sum:  0.0, Workers: 4
[62.407s][debug][gc,phases      ] GC(111)     Dead                           Min: 0, Avg:  0.0, Max: 0, Diff: 0, Sum: 0, Workers: 4
[62.407s][debug][gc,phases      ] GC(111)     Total                          Min: 0, Avg:  0.0, Max: 0, Diff: 0, Sum: 0, Workers: 4
[62.407s][debug][gc,phases      ] GC(111)   StringDedup Requests1 Weak     Min:  0.0, Avg:  0.0, Max:  0.0, Diff:  0.0, Sum:  0.0, Workers: 4
[62.407s][debug][gc,phases      ] GC(111)     Dead                           Min: 0, Avg:  0.0, Max: 0, Diff: 0, Sum: 0, Workers: 4
[62.407s][debug][gc,phases      ] GC(111)     Total                          Min: 0, Avg:  0.0, Max: 0, Diff: 0, Sum: 0, Workers: 4
[62.407s][debug][gc,phases      ] GC(111)   Weak JFR Old Object Samples    Min:  0.0, Avg:  0.0, Max:  0.0, Diff:  0.0, Sum:  0.0, Workers: 4
[62.407s][debug][gc,phases      ] GC(111)     Dead                           Min: 0, Avg:  0.0, Max: 0, Diff: 0, Sum: 0, Workers: 4
[62.407s][debug][gc,phases      ] GC(111)     Total                          Min: 0, Avg:  0.0, Max: 0, Diff: 0, Sum: 0, Workers: 4
[62.407s][debug][gc,phases      ] GC(111) Weak Processing 0.257ms
[62.407s][debug][gc,age         ] GC(111) Desired survivor size 99614720 bytes, new threshold 15 (max threshold 15)
[62.407s][info ][gc,heap        ] GC(111) PSYoungGen: 1984998K(1985024K)->72410K(1999872K) Eden: 1927148K(1927168K)->0K(1927168K) From: 57850K(57856K)->72410K(72704K)
[62.407s][info ][gc,heap        ] GC(111) ParOldGen: 410188K(440832K)->410748K(440832K)
[62.407s][info ][gc,metaspace   ] GC(111) Metaspace: 80756K(81600K)->80756K(81600K) NonClass: 69245K(69696K)->69245K(69696K) Class: 11511K(11904K)->11511K(11904K)
[62.407s][info ][gc             ] GC(111) Pause Young (GCLocker Initiated GC) 2339M->471M(2383M) 12.680ms
[62.407s][info ][gc,cpu         ] GC(111) User=0.05s Sys=0.00s Real=0.01s
[62.407s][info ][safepoint      ] Safepoint "ParallelGCSystemGC", Time since last: 101901 ns, Reaching safepoint: 97300 ns, At safepoint: 12744815 ns, Total: 12842115 ns
[62.833s][info ][safepoint      ] Safepoint "ICBufferFull", Time since last: 425297325 ns, Reaching safepoint: 126400 ns, At safepoint: 2500 ns, Total: 128900 ns
[63.370s][info ][safepoint      ] Safepoint "ICBufferFull", Time since last: 537451864 ns, Reaching safepoint: 177500 ns, At safepoint: 6900 ns, Total: 184400 ns
[63.776s][info ][safepoint      ] Safepoint "ICBufferFull", Time since last: 405649301 ns, Reaching safepoint: 200100 ns, At safepoint: 12100 ns, Total: 212200 ns
[64.022s][info ][safepoint      ] Safepoint "ICBufferFull", Time since last: 245217503 ns, Reaching safepoint: 163400 ns, At safepoint: 7100 ns, Total: 170500 ns
[64.569s][info ][safepoint      ] Safepoint "ICBufferFull", Time since last: 547209975 ns, Reaching safepoint: 131301 ns, At safepoint: 8700 ns, Total: 140001 ns
[64.883s][info ][safepoint      ] Safepoint "ICBufferFull", Time since last: 313752587 ns, Reaching safepoint: 134700 ns, At safepoint: 7800 ns, Total: 142500 ns
[65.420s][info ][safepoint      ] Safepoint "ICBufferFull", Time since last: 536601862 ns, Reaching safepoint: 141700 ns, At safepoint: 11400 ns, Total: 153100 ns
[66.219s][info ][safepoint      ] Safepoint "ICBufferFull", Time since last: 799100987 ns, Reaching safepoint: 137900 ns, At safepoint: 8700 ns, Total: 146600 ns
[66.820s][info ][safepoint      ] Safepoint "ICBufferFull", Time since last: 600758241 ns, Reaching safepoint: 141400 ns, At safepoint: 5000 ns, Total: 146400 ns
[67.670s][info ][safepoint      ] Safepoint "ICBufferFull", Time since last: 849833749 ns, Reaching safepoint: 108300 ns, At safepoint: 5400 ns, Total: 113700 ns
[68.670s][info ][safepoint      ] Safepoint "Cleanup", Time since last: 1000103934 ns, Reaching safepoint: 178200 ns, At safepoint: 8600 ns, Total: 186800 ns
[69.767s][info ][safepoint      ] Safepoint "ICBufferFull", Time since last: 1096592753 ns, Reaching safepoint: 142601 ns, At safepoint: 8700 ns, Total: 151301 ns
[70.767s][info ][safepoint      ] Safepoint "Cleanup", Time since last: 1000092833 ns, Reaching safepoint: 171101 ns, At safepoint: 8900 ns, Total: 180001 ns
[71.673s][info ][safepoint      ] Safepoint "ICBufferFull", Time since last: 905482617 ns, Reaching safepoint: 151000 ns, At safepoint: 9800 ns, Total: 160800 ns
[72.673s][info ][safepoint      ] Safepoint "Cleanup", Time since last: 1000090334 ns, Reaching safepoint: 122600 ns, At safepoint: 8700 ns, Total: 131300 ns
[73.673s][info ][safepoint      ] Safepoint "Cleanup", Time since last: 1000086933 ns, Reaching safepoint: 91700 ns, At safepoint: 5400 ns, Total: 97100 ns
[74.673s][info ][safepoint      ] Safepoint "Cleanup", Time since last: 1000094034 ns, Reaching safepoint: 62900 ns, At safepoint: 19300 ns, Total: 82200 ns
[75.673s][info ][safepoint      ] Safepoint "Cleanup", Time since last: 1000092433 ns, Reaching safepoint: 90100 ns, At safepoint: 9700 ns, Total: 99800 ns
[76.673s][info ][safepoint      ] Safepoint "Cleanup", Time since last: 1000092734 ns, Reaching safepoint: 64100 ns, At safepoint: 6400 ns, Total: 70500 ns
[77.874s][info ][safepoint      ] Safepoint "Cleanup", Time since last: 1199859179 ns, Reaching safepoint: 234501 ns, At safepoint: 14400 ns, Total: 248901 ns
[78.874s][info ][safepoint      ] Safepoint "Cleanup", Time since last: 1000100433 ns, Reaching safepoint: 77700 ns, At safepoint: 12900 ns, Total: 90600 ns
[79.874s][info ][safepoint      ] Safepoint "Cleanup", Time since last: 1000095933 ns, Reaching safepoint: 110900 ns, At safepoint: 9700 ns, Total: 120600 ns
[80.874s][info ][safepoint      ] Safepoint "Cleanup", Time since last: 1000117533 ns, Reaching safepoint: 66700 ns, At safepoint: 6900 ns, Total: 73600 ns
[81.874s][info ][safepoint      ] Safepoint "Cleanup", Time since last: 1000098433 ns, Reaching safepoint: 76700 ns, At safepoint: 8800 ns, Total: 85500 ns
[82.875s][info ][safepoint      ] Safepoint "Cleanup", Time since last: 1000119733 ns, Reaching safepoint: 59000 ns, At safepoint: 9700 ns, Total: 68700 ns
[83.875s][info ][safepoint      ] Safepoint "Cleanup", Time since last: 1000108633 ns, Reaching safepoint: 72300 ns, At safepoint: 9500 ns, Total: 81800 ns
[84.875s][info ][safepoint      ] Safepoint "Cleanup", Time since last: 1000083632 ns, Reaching safepoint: 150801 ns, At safepoint: 7900 ns, Total: 158701 ns
[85.875s][info ][safepoint      ] Safepoint "Cleanup", Time since last: 1000075032 ns, Reaching safepoint: 89100 ns, At safepoint: 5100 ns, Total: 94200 ns
[86.875s][info ][safepoint      ] Safepoint "Cleanup", Time since last: 1000050433 ns, Reaching safepoint: 84000 ns, At safepoint: 4800 ns, Total: 88800 ns
[88.461s][info ][safepoint      ] Safepoint "Cleanup", Time since last: 1585283753 ns, Reaching safepoint: 142000 ns, At safepoint: 9200 ns, Total: 151200 ns
[89.610s][info ][safepoint      ] Safepoint "Cleanup", Time since last: 1149500217 ns, Reaching safepoint: 100600 ns, At safepoint: 8200 ns, Total: 108800 ns
[90.611s][info ][safepoint      ] Safepoint "Cleanup", Time since last: 1000101432 ns, Reaching safepoint: 124300 ns, At safepoint: 10500 ns, Total: 134800 ns
[91.611s][info ][safepoint      ] Safepoint "Cleanup", Time since last: 1000094732 ns, Reaching safepoint: 76000 ns, At safepoint: 5600 ns, Total: 81600 ns
[92.188s][info ][gc,start       ] GC(112) Pause Young (Allocation Failure)
[92.212s][debug][gc,phases      ] GC(112) Scavenge 24.655ms
[92.212s][debug][gc,ref         ] GC(112) Skipped phase 1 of Reference Processing: no references
[92.212s][debug][gc,ref         ] GC(112) ReferenceProcessor::execute queues: 1, RefProcThreadModel::Single, marks_oops_alive: false
[92.212s][debug][gc,ref         ] GC(112) Skipped phase 3 of Reference Processing: no references
[92.212s][debug][gc,ref         ] GC(112) ReferenceProcessor::execute queues: 1, RefProcThreadModel::Single, marks_oops_alive: false
[92.212s][debug][gc,phases      ] GC(112) Reference Processing 0.101ms
[92.213s][debug][gc,phases      ] GC(112)   VM Weak                        Min:  0.0, Avg:  0.0, Max:  0.0, Diff:  0.0, Sum:  0.0, Workers: 4
[92.213s][debug][gc,phases      ] GC(112)     Dead                           Min: 0, Avg:  0.0, Max: 0, Diff: 0, Sum: 0, Workers: 4
[92.213s][debug][gc,phases      ] GC(112)     Total                          Min: 0, Avg: 165.0, Max: 660, Diff: 660, Sum: 660, Workers: 4
[92.213s][debug][gc,phases      ] GC(112)   ObjectSynchronizer Weak        Min:  0.0, Avg:  0.0, Max:  0.0, Diff:  0.0, Sum:  0.0, Workers: 4
[92.213s][debug][gc,phases      ] GC(112)     Dead                           Min: 0, Avg:  2.0, Max: 8, Diff: 8, Sum: 8, Workers: 4
[92.213s][debug][gc,phases      ] GC(112)     Total                          Min: 0, Avg: 94.8, Max: 379, Diff: 379, Sum: 379, Workers: 4
[92.213s][debug][gc,phases      ] GC(112)   JVMTI Tag Weak OopStorage      Min:  0.0, Avg:  0.0, Max:  0.0, Diff:  0.0, Sum:  0.0, Workers: 4
[92.213s][debug][gc,phases      ] GC(112)     Dead                           Min: 0, Avg:  0.0, Max: 0, Diff: 0, Sum: 0, Workers: 4
[92.213s][debug][gc,phases      ] GC(112)     Total                          Min: 0, Avg:  0.0, Max: 0, Diff: 0, Sum: 0, Workers: 4
[92.213s][debug][gc,phases      ] GC(112)   StringTable Weak               Min:  0.1, Avg:  0.1, Max:  0.1, Diff:  0.0, Sum:  0.4, Workers: 4
[92.213s][debug][gc,phases      ] GC(112)     Dead                           Min: 0, Avg:  1.0, Max: 2, Diff: 2, Sum: 4, Workers: 4
[92.213s][debug][gc,phases      ] GC(112)     Total                          Min: 9152, Avg: 11918.8, Max: 14400, Diff: 5248, Sum: 47675, Workers: 4
[92.213s][debug][gc,phases      ] GC(112)   ResolvedMethodTable Weak       Min:  0.0, Avg:  0.0, Max:  0.0, Diff:  0.0, Sum:  0.1, Workers: 4
[92.213s][debug][gc,phases      ] GC(112)     Dead                           Min: 0, Avg:  0.0, Max: 0, Diff: 0, Sum: 0, Workers: 4
[92.213s][debug][gc,phases      ] GC(112)     Total                          Min: 1745, Avg: 2004.0, Max: 2327, Diff: 582, Sum: 8016, Workers: 4
[92.213s][debug][gc,phases      ] GC(112)   JNI Weak                       Min:  0.0, Avg:  0.0, Max:  0.0, Diff:  0.0, Sum:  0.0, Workers: 4
[92.213s][debug][gc,phases      ] GC(112)     Dead                           Min: 0, Avg:  0.0, Max: 0, Diff: 0, Sum: 0, Workers: 4
[92.213s][debug][gc,phases      ] GC(112)     Total                          Min: 0, Avg:  0.8, Max: 3, Diff: 3, Sum: 3, Workers: 4
[92.213s][debug][gc,phases      ] GC(112)   StringDedup Table Weak         Min:  0.0, Avg:  0.0, Max:  0.0, Diff:  0.0, Sum:  0.0, Workers: 4
[92.213s][debug][gc,phases      ] GC(112)     Dead                           Min: 0, Avg:  0.0, Max: 0, Diff: 0, Sum: 0, Workers: 4
[92.213s][debug][gc,phases      ] GC(112)     Total                          Min: 0, Avg:  0.0, Max: 0, Diff: 0, Sum: 0, Workers: 4
[92.213s][debug][gc,phases      ] GC(112)   StringDedup Requests0 Weak     Min:  0.0, Avg:  0.0, Max:  0.0, Diff:  0.0, Sum:  0.0, Workers: 4
[92.213s][debug][gc,phases      ] GC(112)     Dead                           Min: 0, Avg:  0.0, Max: 0, Diff: 0, Sum: 0, Workers: 4
[92.213s][debug][gc,phases      ] GC(112)     Total                          Min: 0, Avg:  0.0, Max: 0, Diff: 0, Sum: 0, Workers: 4
[92.213s][debug][gc,phases      ] GC(112)   StringDedup Requests1 Weak     Min:  0.0, Avg:  0.0, Max:  0.0, Diff:  0.0, Sum:  0.0, Workers: 4
[92.213s][debug][gc,phases      ] GC(112)     Dead                           Min: 0, Avg:  0.0, Max: 0, Diff: 0, Sum: 0, Workers: 4
[92.213s][debug][gc,phases      ] GC(112)     Total                          Min: 0, Avg:  0.0, Max: 0, Diff: 0, Sum: 0, Workers: 4
[92.213s][debug][gc,phases      ] GC(112)   Weak JFR Old Object Samples    Min:  0.0, Avg:  0.0, Max:  0.0, Diff:  0.0, Sum:  0.0, Workers: 4
[92.213s][debug][gc,phases      ] GC(112)     Dead                           Min: 0, Avg:  0.0, Max: 0, Diff: 0, Sum: 0, Workers: 4
[92.213s][debug][gc,phases      ] GC(112)     Total                          Min: 0, Avg:  0.0, Max: 0, Diff: 0, Sum: 0, Workers: 4
[92.213s][debug][gc,phases      ] GC(112) Weak Processing 0.283ms
[92.213s][debug][gc,age         ] GC(112) Desired survivor size 121634816 bytes, new threshold 14 (max threshold 15)
[92.213s][info ][gc,heap        ] GC(112) PSYoungGen: 1999578K(1999872K)->97274K(1956864K) Eden: 1927168K(1927168K)->0K(1859584K) From: 72410K(72704K)->97274K(97280K)
[92.213s][info ][gc,heap        ] GC(112) ParOldGen: 410758K(440832K)->417990K(440832K)
[92.213s][info ][gc,metaspace   ] GC(112) Metaspace: 81829K(82624K)->81829K(82624K) NonClass: 70236K(70656K)->70236K(70656K) Class: 11593K(11968K)->11593K(11968K)
[92.213s][info ][gc             ] GC(112) Pause Young (Allocation Failure) 2353M->503M(2341M) 25.141ms
[92.213s][info ][gc,cpu         ] GC(112) User=0.10s Sys=0.00s Real=0.02s
[92.213s][info ][safepoint      ] Safepoint "ParallelGCFailedAllocation", Time since last: 576825011 ns, Reaching safepoint: 50700 ns, At safepoint: 25213531 ns, Total: 25264231 ns
[93.213s][info ][safepoint      ] Safepoint "Cleanup", Time since last: 1000088932 ns, Reaching safepoint: 106100 ns, At safepoint: 11700 ns, Total: 117800 ns
[94.213s][info ][safepoint      ] Safepoint "Cleanup", Time since last: 1000100932 ns, Reaching safepoint: 59800 ns, At safepoint: 6500 ns, Total: 66300 ns
[95.213s][info ][safepoint      ] Safepoint "Cleanup", Time since last: 1000093932 ns, Reaching safepoint: 124300 ns, At safepoint: 8600 ns, Total: 132900 ns
[96.214s][info ][safepoint      ] Safepoint "Cleanup", Time since last: 1000044431 ns, Reaching safepoint: 91900 ns, At safepoint: 5000 ns, Total: 96900 ns
[97.214s][info ][safepoint      ] Safepoint "Cleanup", Time since last: 1000105032 ns, Reaching safepoint: 90900 ns, At safepoint: 9600 ns, Total: 100500 ns
[98.214s][info ][safepoint      ] Safepoint "Cleanup", Time since last: 1000100532 ns, Reaching safepoint: 60300 ns, At safepoint: 8000 ns, Total: 68300 ns
[99.832s][info ][safepoint      ] Safepoint "Cleanup", Time since last: 1617876492 ns, Reaching safepoint: 123000 ns, At safepoint: 10300 ns, Total: 133300 ns
[100.832s][info ][safepoint      ] Safepoint "Cleanup", Time since last: 1000095331 ns, Reaching safepoint: 50800 ns, At safepoint: 6100 ns, Total: 56900 ns
[102.019s][info ][safepoint      ] Safepoint "Cleanup", Time since last: 1186674561 ns, Reaching safepoint: 170000 ns, At safepoint: 7500 ns, Total: 177500 ns
[103.019s][info ][safepoint      ] Safepoint "Cleanup", Time since last: 1000095431 ns, Reaching safepoint: 115000 ns, At safepoint: 8100 ns, Total: 123100 ns
[104.019s][info ][safepoint      ] Safepoint "Cleanup", Time since last: 1000094631 ns, Reaching safepoint: 141801 ns, At safepoint: 11500 ns, Total: 153301 ns
[105.020s][info ][safepoint      ] Safepoint "Cleanup", Time since last: 1000090431 ns, Reaching safepoint: 116900 ns, At safepoint: 12500 ns, Total: 129400 ns
[106.020s][info ][safepoint      ] Safepoint "Cleanup", Time since last: 1000100831 ns, Reaching safepoint: 128800 ns, At safepoint: 13100 ns, Total: 141900 ns
[107.020s][info ][safepoint      ] Safepoint "Cleanup", Time since last: 1000090430 ns, Reaching safepoint: 123001 ns, At safepoint: 7900 ns, Total: 130901 ns
[108.020s][info ][safepoint      ] Safepoint "Cleanup", Time since last: 1000090230 ns, Reaching safepoint: 177300 ns, At safepoint: 9600 ns, Total: 186900 ns
[109.021s][info ][safepoint      ] Safepoint "Cleanup", Time since last: 1000101731 ns, Reaching safepoint: 117800 ns, At safepoint: 12000 ns, Total: 129800 ns
[110.021s][info ][safepoint      ] Safepoint "Cleanup", Time since last: 1000100031 ns, Reaching safepoint: 69500 ns, At safepoint: 7200 ns, Total: 76700 ns
[111.021s][info ][safepoint      ] Safepoint "Cleanup", Time since last: 1000095530 ns, Reaching safepoint: 126200 ns, At safepoint: 10300 ns, Total: 136500 ns
[111.418s][info ][safepoint      ] Safepoint "ICBufferFull", Time since last: 397253389 ns, Reaching safepoint: 83000 ns, At safepoint: 2300 ns, Total: 85300 ns
[111.474s][info ][safepoint      ] Safepoint "ICBufferFull", Time since last: 55673769 ns, Reaching safepoint: 36100 ns, At safepoint: 5600 ns, Total: 41700 ns
[111.571s][info ][safepoint      ] Safepoint "ICBufferFull", Time since last: 97055919 ns, Reaching safepoint: 111700 ns, At safepoint: 8500 ns, Total: 120200 ns
[111.628s][info ][safepoint      ] Safepoint "ICBufferFull", Time since last: 57068671 ns, Reaching safepoint: 37600 ns, At safepoint: 2300 ns, Total: 39900 ns
[111.679s][info ][safepoint      ] Safepoint "ICBufferFull", Time since last: 50930762 ns, Reaching safepoint: 36300 ns, At safepoint: 2600 ns, Total: 38900 ns
[111.712s][info ][gc,start       ] GC(113) Pause Young (Allocation Failure)
[111.739s][debug][gc,phases      ] GC(113) Scavenge 26.799ms
[111.739s][debug][gc,ref         ] GC(113) Skipped phase 1 of Reference Processing: no references
[111.739s][debug][gc,ref         ] GC(113) ReferenceProcessor::execute queues: 1, RefProcThreadModel::Single, marks_oops_alive: false
[111.739s][debug][gc,ref         ] GC(113) Skipped phase 3 of Reference Processing: no references
[111.739s][debug][gc,ref         ] GC(113) ReferenceProcessor::execute queues: 1, RefProcThreadModel::Single, marks_oops_alive: false
[111.739s][debug][gc,phases      ] GC(113) Reference Processing 0.107ms
[111.739s][debug][gc,phases      ] GC(113)   VM Weak                        Min:  0.0, Avg:  0.0, Max:  0.0, Diff:  0.0, Sum:  0.0, Workers: 4
[111.739s][debug][gc,phases      ] GC(113)     Dead                           Min: 0, Avg:  0.0, Max: 0, Diff: 0, Sum: 0, Workers: 4
[111.739s][debug][gc,phases      ] GC(113)     Total                          Min: 0, Avg: 166.2, Max: 345, Diff: 345, Sum: 665, Workers: 4
[111.739s][debug][gc,phases      ] GC(113)   ObjectSynchronizer Weak        Min:  0.0, Avg:  0.0, Max:  0.0, Diff:  0.0, Sum:  0.0, Workers: 4
[111.739s][debug][gc,phases      ] GC(113)     Dead                           Min: 0, Avg:  0.0, Max: 0, Diff: 0, Sum: 0, Workers: 4
[111.739s][debug][gc,phases      ] GC(113)     Total                          Min: 0, Avg: 94.8, Max: 251, Diff: 251, Sum: 379, Workers: 4
[111.739s][debug][gc,phases      ] GC(113)   JVMTI Tag Weak OopStorage      Min:  0.0, Avg:  0.0, Max:  0.0, Diff:  0.0, Sum:  0.0, Workers: 4
[111.739s][debug][gc,phases      ] GC(113)     Dead                           Min: 0, Avg:  0.0, Max: 0, Diff: 0, Sum: 0, Workers: 4
[111.739s][debug][gc,phases      ] GC(113)     Total                          Min: 0, Avg:  0.0, Max: 0, Diff: 0, Sum: 0, Workers: 4
[111.739s][debug][gc,phases      ] GC(113)   StringTable Weak               Min:  0.1, Avg:  0.1, Max:  0.1, Diff:  0.0, Sum:  0.4, Workers: 4
[111.739s][debug][gc,phases      ] GC(113)     Dead                           Min: 0, Avg:  0.2, Max: 1, Diff: 1, Sum: 1, Workers: 4
[111.739s][debug][gc,phases      ] GC(113)     Total                          Min: 8960, Avg: 11941.2, Max: 14976, Diff: 6016, Sum: 47765, Workers: 4
[111.739s][debug][gc,phases      ] GC(113)   ResolvedMethodTable Weak       Min:  0.0, Avg:  0.0, Max:  0.0, Diff:  0.0, Sum:  0.1, Workers: 4
[111.739s][debug][gc,phases      ] GC(113)     Dead                           Min: 0, Avg:  0.0, Max: 0, Diff: 0, Sum: 0, Workers: 4
[111.739s][debug][gc,phases      ] GC(113)     Total                          Min: 1271, Avg: 2014.5, Max: 2590, Diff: 1319, Sum: 8058, Workers: 4
[111.739s][debug][gc,phases      ] GC(113)   JNI Weak                       Min:  0.0, Avg:  0.0, Max:  0.0, Diff:  0.0, Sum:  0.0, Workers: 4
[111.739s][debug][gc,phases      ] GC(113)     Dead                           Min: 0, Avg:  0.0, Max: 0, Diff: 0, Sum: 0, Workers: 4
[111.739s][debug][gc,phases      ] GC(113)     Total                          Min: 0, Avg:  0.5, Max: 2, Diff: 2, Sum: 2, Workers: 4
[111.739s][debug][gc,phases      ] GC(113)   StringDedup Table Weak         Min:  0.0, Avg:  0.0, Max:  0.0, Diff:  0.0, Sum:  0.0, Workers: 4
[111.739s][debug][gc,phases      ] GC(113)     Dead                           Min: 0, Avg:  0.0, Max: 0, Diff: 0, Sum: 0, Workers: 4
[111.739s][debug][gc,phases      ] GC(113)     Total                          Min: 0, Avg:  0.0, Max: 0, Diff: 0, Sum: 0, Workers: 4
[111.739s][debug][gc,phases      ] GC(113)   StringDedup Requests0 Weak     Min:  0.0, Avg:  0.0, Max:  0.0, Diff:  0.0, Sum:  0.0, Workers: 4
[111.739s][debug][gc,phases      ] GC(113)     Dead                           Min: 0, Avg:  0.0, Max: 0, Diff: 0, Sum: 0, Workers: 4
[111.739s][debug][gc,phases      ] GC(113)     Total                          Min: 0, Avg:  0.0, Max: 0, Diff: 0, Sum: 0, Workers: 4
[111.739s][debug][gc,phases      ] GC(113)   StringDedup Requests1 Weak     Min:  0.0, Avg:  0.0, Max:  0.0, Diff:  0.0, Sum:  0.0, Workers: 4
[111.739s][debug][gc,phases      ] GC(113)     Dead                           Min: 0, Avg:  0.0, Max: 0, Diff: 0, Sum: 0, Workers: 4
[111.739s][debug][gc,phases      ] GC(113)     Total                          Min: 0, Avg:  0.0, Max: 0, Diff: 0, Sum: 0, Workers: 4
[111.739s][debug][gc,phases      ] GC(113)   Weak JFR Old Object Samples    Min:  0.0, Avg:  0.0, Max:  0.0, Diff:  0.0, Sum:  0.0, Workers: 4
[111.739s][debug][gc,phases      ] GC(113)     Dead                           Min: 0, Avg:  0.0, Max: 0, Diff: 0, Sum: 0, Workers: 4
[111.739s][debug][gc,phases      ] GC(113)     Total                          Min: 0, Avg:  0.0, Max: 0, Diff: 0, Sum: 0, Workers: 4
[111.739s][debug][gc,phases      ] GC(113) Weak Processing 0.275ms
[111.739s][debug][gc,age         ] GC(113) Desired survivor size 149946368 bytes, new threshold 13 (max threshold 15)
[111.739s][info ][gc,heap        ] GC(113) PSYoungGen: 1956858K(1956864K)->118754K(1978368K) Eden: 1859584K(1859584K)->0K(1859584K) From: 97274K(97280K)->118754K(118784K)
[111.739s][info ][gc,heap        ] GC(113) ParOldGen: 417990K(440832K)->431607K(440832K)
[111.739s][info ][gc,metaspace   ] GC(113) Metaspace: 82094K(82880K)->82094K(82880K) NonClass: 70474K(70912K)->70474K(70912K) Class: 11620K(11968K)->11620K(11968K)
[111.739s][info ][gc             ] GC(113) Pause Young (Allocation Failure) 2319M->537M(2362M) 27.293ms
[111.739s][info ][gc,cpu         ] GC(113) User=0.13s Sys=0.00s Real=0.03s
[111.739s][debug][gc,phases      ] GC(114) Pre Compact 0.009ms
[111.739s][info ][gc,start       ] GC(114) Pause Full (Ergonomics)
[111.739s][info ][gc,phases,start] GC(114) Marking Phase
[111.862s][debug][gc,phases      ] GC(114) Par Mark 123.118ms
[111.862s][debug][gc,ref         ] GC(114) Skipped phase 1 of Reference Processing: no references
[111.863s][debug][gc,ref         ] GC(114) ReferenceProcessor::execute queues: 4, RefProcThreadModel::Multi, marks_oops_alive: false
[111.863s][debug][gc,ref         ] GC(114) ReferenceProcessor::execute queues: 4, RefProcThreadModel::Multi, marks_oops_alive: true
[111.863s][debug][gc,ref         ] GC(114) ReferenceProcessor::execute queues: 1, RefProcThreadModel::Single, marks_oops_alive: false
[111.863s][debug][gc,phases      ] GC(114) Reference Processing 0.573ms
[111.863s][debug][gc,phases      ] GC(114)   VM Weak                        Min:  0.0, Avg:  0.0, Max:  0.0, Diff:  0.0, Sum:  0.0, Workers: 4
[111.863s][debug][gc,phases      ] GC(114)     Dead                           Min: 0, Avg:  0.0, Max: 0, Diff: 0, Sum: 0, Workers: 4
[111.863s][debug][gc,phases      ] GC(114)     Total                          Min: 0, Avg: 166.2, Max: 345, Diff: 345, Sum: 665, Workers: 4
[111.863s][debug][gc,phases      ] GC(114)   ObjectSynchronizer Weak        Min:  0.0, Avg:  0.0, Max:  0.0, Diff:  0.0, Sum:  0.0, Workers: 4
[111.863s][debug][gc,phases      ] GC(114)     Dead                           Min: 0, Avg:  0.2, Max: 1, Diff: 1, Sum: 1, Workers: 4
[111.863s][debug][gc,phases      ] GC(114)     Total                          Min: 59, Avg: 94.8, Max: 128, Diff: 69, Sum: 379, Workers: 4
[111.863s][debug][gc,phases      ] GC(114)   JVMTI Tag Weak OopStorage      Min:  0.0, Avg:  0.0, Max:  0.0, Diff:  0.0, Sum:  0.0, Workers: 4
[111.863s][debug][gc,phases      ] GC(114)     Dead                           Min: 0, Avg:  0.0, Max: 0, Diff: 0, Sum: 0, Workers: 4
[111.863s][debug][gc,phases      ] GC(114)     Total                          Min: 0, Avg:  0.0, Max: 0, Diff: 0, Sum: 0, Workers: 4
[111.863s][debug][gc,phases      ] GC(114)   StringTable Weak               Min:  0.1, Avg:  0.1, Max:  0.1, Diff:  0.0, Sum:  0.6, Workers: 4
[111.863s][debug][gc,phases      ] GC(114)     Dead                           Min: 0, Avg:  0.0, Max: 0, Diff: 0, Sum: 0, Workers: 4
[111.863s][debug][gc,phases      ] GC(114)     Total                          Min: 10240, Avg: 11941.2, Max: 12693, Diff: 2453, Sum: 47765, Workers: 4
[111.863s][debug][gc,phases      ] GC(114)   ResolvedMethodTable Weak       Min:  0.0, Avg:  0.0, Max:  0.0, Diff:  0.0, Sum:  0.1, Workers: 4
[111.863s][debug][gc,phases      ] GC(114)     Dead                           Min: 0, Avg:  0.0, Max: 0, Diff: 0, Sum: 0, Workers: 4
[111.863s][debug][gc,phases      ] GC(114)     Total                          Min: 1707, Avg: 2014.5, Max: 2222, Diff: 515, Sum: 8058, Workers: 4
[111.863s][debug][gc,phases      ] GC(114)   JNI Weak                       Min:  0.0, Avg:  0.0, Max:  0.0, Diff:  0.0, Sum:  0.0, Workers: 4
[111.863s][debug][gc,phases      ] GC(114)     Dead                           Min: 0, Avg:  0.0, Max: 0, Diff: 0, Sum: 0, Workers: 4
[111.863s][debug][gc,phases      ] GC(114)     Total                          Min: 0, Avg:  0.5, Max: 2, Diff: 2, Sum: 2, Workers: 4
[111.863s][debug][gc,phases      ] GC(114)   StringDedup Table Weak         Min:  0.0, Avg:  0.0, Max:  0.0, Diff:  0.0, Sum:  0.0, Workers: 4
[111.863s][debug][gc,phases      ] GC(114)     Dead                           Min: 0, Avg:  0.0, Max: 0, Diff: 0, Sum: 0, Workers: 4
[111.863s][debug][gc,phases      ] GC(114)     Total                          Min: 0, Avg:  0.0, Max: 0, Diff: 0, Sum: 0, Workers: 4
[111.863s][debug][gc,phases      ] GC(114)   StringDedup Requests0 Weak     Min:  0.0, Avg:  0.0, Max:  0.0, Diff:  0.0, Sum:  0.0, Workers: 4
[111.863s][debug][gc,phases      ] GC(114)     Dead                           Min: 0, Avg:  0.0, Max: 0, Diff: 0, Sum: 0, Workers: 4
[111.863s][debug][gc,phases      ] GC(114)     Total                          Min: 0, Avg:  0.0, Max: 0, Diff: 0, Sum: 0, Workers: 4
[111.863s][debug][gc,phases      ] GC(114)   StringDedup Requests1 Weak     Min:  0.0, Avg:  0.0, Max:  0.0, Diff:  0.0, Sum:  0.0, Workers: 4
[111.863s][debug][gc,phases      ] GC(114)     Dead                           Min: 0, Avg:  0.0, Max: 0, Diff: 0, Sum: 0, Workers: 4
[111.863s][debug][gc,phases      ] GC(114)     Total                          Min: 0, Avg:  0.0, Max: 0, Diff: 0, Sum: 0, Workers: 4
[111.863s][debug][gc,phases      ] GC(114)   Weak JFR Old Object Samples    Min:  0.0, Avg:  0.0, Max:  0.0, Diff:  0.0, Sum:  0.0, Workers: 4
[111.863s][debug][gc,phases      ] GC(114)     Dead                           Min: 0, Avg:  0.0, Max: 0, Diff: 0, Sum: 0, Workers: 4
[111.863s][debug][gc,phases      ] GC(114)     Total                          Min: 0, Avg:  0.0, Max: 0, Diff: 0, Sum: 0, Workers: 4
[111.863s][debug][gc,phases      ] GC(114) Weak Processing 0.324ms
[111.863s][debug][gc,phases      ] GC(114) ClassLoaderData 0.082ms
[111.863s][debug][gc,phases      ] GC(114) Trigger cleanups 0.000ms
[111.878s][debug][gc,phases      ] GC(114) Class Unloading 15.074ms
[111.878s][info ][gc,phases      ] GC(114) Marking Phase 139.213ms
[111.878s][info ][gc,phases,start] GC(114) Summary Phase
[111.878s][info ][gc,phases      ] GC(114) Summary Phase 0.009ms
[111.878s][info ][gc,phases,start] GC(114) Adjust Roots
[111.892s][info ][gc,phases      ] GC(114) Adjust Roots 13.447ms
[111.892s][info ][gc,phases,start] GC(114) Compaction Phase
[112.143s][info ][gc,phases      ] GC(114) Compaction Phase 251.164ms
[112.143s][info ][gc,phases,start] GC(114) Post Compact
[112.144s][info ][gc,phases      ] GC(114) Post Compact 1.296ms
[112.145s][info ][gc,heap        ] GC(114) PSYoungGen: 118754K(1978368K)->69175K(1929216K) Eden: 0K(1859584K)->0K(1859584K) From: 118754K(118784K)->69175K(69632K)
[112.145s][info ][gc,heap        ] GC(114) ParOldGen: 431607K(440832K)->440582K(542208K)
[112.145s][info ][gc,metaspace   ] GC(114) Metaspace: 82094K(82880K)->82094K(82880K) NonClass: 70474K(70912K)->70474K(70912K) Class: 11620K(11968K)->11620K(11968K)
[112.145s][info ][gc             ] GC(114) Pause Full (Ergonomics) 537M->497M(2413M) 405.359ms
[112.145s][info ][gc,cpu         ] GC(114) User=1.52s Sys=0.00s Real=0.41s
[112.145s][info ][safepoint      ] Safepoint "ParallelGCFailedAllocation", Time since last: 32453640 ns, Reaching safepoint: 45200 ns, At safepoint: 432774933 ns, Total: 432820133 ns
[112.190s][info ][safepoint      ] Safepoint "ICBufferFull", Time since last: 45528856 ns, Reaching safepoint: 42700 ns, At safepoint: 2900 ns, Total: 45600 ns
[113.275s][info ][safepoint      ] Safepoint "Cleanup", Time since last: 1084454334 ns, Reaching safepoint: 185900 ns, At safepoint: 11700 ns, Total: 197600 ns
[114.275s][info ][safepoint      ] Safepoint "Cleanup", Time since last: 1000092930 ns, Reaching safepoint: 71000 ns, At safepoint: 6000 ns, Total: 77000 ns
[115.275s][info ][safepoint      ] Safepoint "Cleanup", Time since last: 1000107730 ns, Reaching safepoint: 97000 ns, At safepoint: 12100 ns, Total: 109100 ns
[116.275s][info ][safepoint      ] Safepoint "Cleanup", Time since last: 1000097030 ns, Reaching safepoint: 52700 ns, At safepoint: 5100 ns, Total: 57800 ns
[117.276s][info ][safepoint      ] Safepoint "Cleanup", Time since last: 1000099030 ns, Reaching safepoint: 57300 ns, At safepoint: 5300 ns, Total: 62600 ns
[118.276s][info ][safepoint      ] Safepoint "Cleanup", Time since last: 1000096330 ns, Reaching safepoint: 35300 ns, At safepoint: 2700 ns, Total: 38000 ns
[119.276s][info ][safepoint      ] Safepoint "Cleanup", Time since last: 1000097230 ns, Reaching safepoint: 52500 ns, At safepoint: 5100 ns, Total: 57600 ns
[120.276s][info ][safepoint      ] Safepoint "Cleanup", Time since last: 1000095330 ns, Reaching safepoint: 55600 ns, At safepoint: 2600 ns, Total: 58200 ns
[121.276s][info ][safepoint      ] Safepoint "Cleanup", Time since last: 1000097430 ns, Reaching safepoint: 45800 ns, At safepoint: 5900 ns, Total: 51700 ns
[122.276s][info ][safepoint      ] Safepoint "Cleanup", Time since last: 1000093929 ns, Reaching safepoint: 76600 ns, At safepoint: 9300 ns, Total: 85900 ns
[123.277s][info ][safepoint      ] Safepoint "Cleanup", Time since last: 1000094630 ns, Reaching safepoint: 63900 ns, At safepoint: 5400 ns, Total: 69300 ns
[124.277s][info ][safepoint      ] Safepoint "Cleanup", Time since last: 1000105729 ns, Reaching safepoint: 45100 ns, At safepoint: 5800 ns, Total: 50900 ns
[125.277s][info ][safepoint      ] Safepoint "Cleanup", Time since last: 1000076029 ns, Reaching safepoint: 57700 ns, At safepoint: 10900 ns, Total: 68600 ns
[126.277s][info ][safepoint      ] Safepoint "Cleanup", Time since last: 1000092730 ns, Reaching safepoint: 45700 ns, At safepoint: 3900 ns, Total: 49600 ns
[127.277s][info ][safepoint      ] Safepoint "Cleanup", Time since last: 1000094229 ns, Reaching safepoint: 50200 ns, At safepoint: 6800 ns, Total: 57000 ns
[128.277s][info ][safepoint      ] Safepoint "Cleanup", Time since last: 1000122129 ns, Reaching safepoint: 38800 ns, At safepoint: 2200 ns, Total: 41000 ns
[129.277s][info ][safepoint      ] Safepoint "Cleanup", Time since last: 1000097829 ns, Reaching safepoint: 43600 ns, At safepoint: 4900 ns, Total: 48500 ns
[130.278s][info ][safepoint      ] Safepoint "Cleanup", Time since last: 1000094429 ns, Reaching safepoint: 42900 ns, At safepoint: 6400 ns, Total: 49300 ns
[131.278s][info ][safepoint      ] Safepoint "Cleanup", Time since last: 1000092229 ns, Reaching safepoint: 48500 ns, At safepoint: 10100 ns, Total: 58600 ns
[132.278s][info ][safepoint      ] Safepoint "Cleanup", Time since last: 1000096228 ns, Reaching safepoint: 54101 ns, At safepoint: 7900 ns, Total: 62001 ns
[133.278s][info ][safepoint      ] Safepoint "Cleanup", Time since last: 1000086528 ns, Reaching safepoint: 44700 ns, At safepoint: 3000 ns, Total: 47700 ns
[134.278s][info ][safepoint      ] Safepoint "Cleanup", Time since last: 1000094729 ns, Reaching safepoint: 133600 ns, At safepoint: 13800 ns, Total: 147400 ns
[136.201s][info ][safepoint      ] Safepoint "Cleanup", Time since last: 1922827562 ns, Reaching safepoint: 205000 ns, At safepoint: 7900 ns, Total: 212900 ns
[137.201s][info ][safepoint      ] Safepoint "Cleanup", Time since last: 1000092428 ns, Reaching safepoint: 89601 ns, At safepoint: 13300 ns, Total: 102901 ns
[137.467s][info ][safepoint      ] Safepoint "ICBufferFull", Time since last: 265461426 ns, Reaching safepoint: 116900 ns, At safepoint: 7000 ns, Total: 123900 ns
[137.468s][info ][safepoint      ] Safepoint "ICBufferFull", Time since last: 736801 ns, Reaching safepoint: 90400 ns, At safepoint: 3600 ns, Total: 94000 ns
[137.512s][info ][safepoint      ] Safepoint "ICBufferFull", Time since last: 44536854 ns, Reaching safepoint: 34100 ns, At safepoint: 3100 ns, Total: 37200 ns
[137.532s][info ][safepoint      ] Safepoint "ICBufferFull", Time since last: 19313424 ns, Reaching safepoint: 33800 ns, At safepoint: 2600 ns, Total: 36400 ns
[137.561s][info ][safepoint      ] Safepoint "ICBufferFull", Time since last: 29244836 ns, Reaching safepoint: 34600 ns, At safepoint: 2600 ns, Total: 37200 ns
[137.585s][info ][safepoint      ] Safepoint "ICBufferFull", Time since last: 23471129 ns, Reaching safepoint: 35800 ns, At safepoint: 2800 ns, Total: 38600 ns
[137.623s][info ][safepoint      ] Safepoint "ICBufferFull", Time since last: 37960347 ns, Reaching safepoint: 39900 ns, At safepoint: 2600 ns, Total: 42500 ns
[137.662s][info ][safepoint      ] Safepoint "ICBufferFull", Time since last: 39583148 ns, Reaching safepoint: 36100 ns, At safepoint: 2400 ns, Total: 38500 ns
[137.716s][info ][safepoint      ] Safepoint "ICBufferFull", Time since last: 53733866 ns, Reaching safepoint: 45600 ns, At safepoint: 7400 ns, Total: 53000 ns
[137.734s][info ][safepoint      ] Safepoint "ICBufferFull", Time since last: 18250623 ns, Reaching safepoint: 28400 ns, At safepoint: 2900 ns, Total: 31300 ns
[137.781s][info ][safepoint      ] Safepoint "ICBufferFull", Time since last: 46301557 ns, Reaching safepoint: 33800 ns, At safepoint: 2300 ns, Total: 36100 ns
[137.833s][info ][gc,start       ] GC(115) Pause Young (Allocation Failure)
[137.883s][debug][gc,phases      ] GC(115) Scavenge 50.367ms
[137.883s][debug][gc,ref         ] GC(115) Skipped phase 1 of Reference Processing: no references
[137.883s][debug][gc,ref         ] GC(115) ReferenceProcessor::execute queues: 1, RefProcThreadModel::Single, marks_oops_alive: false
[137.883s][debug][gc,ref         ] GC(115) Skipped phase 3 of Reference Processing: no references
[137.883s][debug][gc,ref         ] GC(115) ReferenceProcessor::execute queues: 1, RefProcThreadModel::Single, marks_oops_alive: false
[137.883s][debug][gc,phases      ] GC(115) Reference Processing 0.107ms
[137.883s][debug][gc,phases      ] GC(115)   VM Weak                        Min:  0.0, Avg:  0.0, Max:  0.0, Diff:  0.0, Sum:  0.0, Workers: 4
[137.883s][debug][gc,phases      ] GC(115)     Dead                           Min: 0, Avg:  0.0, Max: 0, Diff: 0, Sum: 0, Workers: 4
[137.883s][debug][gc,phases      ] GC(115)     Total                          Min: 0, Avg: 166.2, Max: 448, Diff: 448, Sum: 665, Workers: 4
[137.883s][debug][gc,phases      ] GC(115)   ObjectSynchronizer Weak        Min:  0.0, Avg:  0.0, Max:  0.0, Diff:  0.0, Sum:  0.0, Workers: 4
[137.883s][debug][gc,phases      ] GC(115)     Dead                           Min: 0, Avg:  0.0, Max: 0, Diff: 0, Sum: 0, Workers: 4
[137.883s][debug][gc,phases      ] GC(115)     Total                          Min: 0, Avg: 94.8, Max: 187, Diff: 187, Sum: 379, Workers: 4
[137.883s][debug][gc,phases      ] GC(115)   JVMTI Tag Weak OopStorage      Min:  0.0, Avg:  0.0, Max:  0.0, Diff:  0.0, Sum:  0.0, Workers: 4
[137.883s][debug][gc,phases      ] GC(115)     Dead                           Min: 0, Avg:  0.0, Max: 0, Diff: 0, Sum: 0, Workers: 4
[137.883s][debug][gc,phases      ] GC(115)     Total                          Min: 0, Avg:  0.0, Max: 0, Diff: 0, Sum: 0, Workers: 4
[137.883s][debug][gc,phases      ] GC(115)   StringTable Weak               Min:  0.1, Avg:  0.1, Max:  0.1, Diff:  0.0, Sum:  0.3, Workers: 4
[137.883s][debug][gc,phases      ] GC(115)     Dead                           Min: 0, Avg:  0.2, Max: 1, Diff: 1, Sum: 1, Workers: 4
[137.883s][debug][gc,phases      ] GC(115)     Total                          Min: 9230, Avg: 11971.5, Max: 14784, Diff: 5554, Sum: 47886, Workers: 4
[137.883s][debug][gc,phases      ] GC(115)   ResolvedMethodTable Weak       Min:  0.0, Avg:  0.0, Max:  0.0, Diff:  0.0, Sum:  0.1, Workers: 4
[137.883s][debug][gc,phases      ] GC(115)     Dead                           Min: 0, Avg:  7.0, Max: 25, Diff: 25, Sum: 28, Workers: 4
[137.883s][debug][gc,phases      ] GC(115)     Total                          Min: 1516, Avg: 2028.8, Max: 2549, Diff: 1033, Sum: 8115, Workers: 4
[137.883s][debug][gc,phases      ] GC(115)   JNI Weak                       Min:  0.0, Avg:  0.0, Max:  0.0, Diff:  0.0, Sum:  0.0, Workers: 4
[137.883s][debug][gc,phases      ] GC(115)     Dead                           Min: 0, Avg:  0.0, Max: 0, Diff: 0, Sum: 0, Workers: 4
[137.883s][debug][gc,phases      ] GC(115)     Total                          Min: 0, Avg:  0.8, Max: 3, Diff: 3, Sum: 3, Workers: 4
[137.883s][debug][gc,phases      ] GC(115)   StringDedup Table Weak         Min:  0.0, Avg:  0.0, Max:  0.0, Diff:  0.0, Sum:  0.0, Workers: 4
[137.883s][debug][gc,phases      ] GC(115)     Dead                           Min: 0, Avg:  0.0, Max: 0, Diff: 0, Sum: 0, Workers: 4
[137.883s][debug][gc,phases      ] GC(115)     Total                          Min: 0, Avg:  0.0, Max: 0, Diff: 0, Sum: 0, Workers: 4
[137.883s][debug][gc,phases      ] GC(115)   StringDedup Requests0 Weak     Min:  0.0, Avg:  0.0, Max:  0.0, Diff:  0.0, Sum:  0.0, Workers: 4
[137.883s][debug][gc,phases      ] GC(115)     Dead                           Min: 0, Avg:  0.0, Max: 0, Diff: 0, Sum: 0, Workers: 4
[137.883s][debug][gc,phases      ] GC(115)     Total                          Min: 0, Avg:  0.0, Max: 0, Diff: 0, Sum: 0, Workers: 4
[137.883s][debug][gc,phases      ] GC(115)   StringDedup Requests1 Weak     Min:  0.0, Avg:  0.0, Max:  0.0, Diff:  0.0, Sum:  0.0, Workers: 4
[137.883s][debug][gc,phases      ] GC(115)     Dead                           Min: 0, Avg:  0.0, Max: 0, Diff: 0, Sum: 0, Workers: 4
[137.883s][debug][gc,phases      ] GC(115)     Total                          Min: 0, Avg:  0.0, Max: 0, Diff: 0, Sum: 0, Workers: 4
[137.883s][debug][gc,phases      ] GC(115)   Weak JFR Old Object Samples    Min:  0.0, Avg:  0.0, Max:  0.0, Diff:  0.0, Sum:  0.0, Workers: 4
[137.883s][debug][gc,phases      ] GC(115)     Dead                           Min: 0, Avg:  0.0, Max: 0, Diff: 0, Sum: 0, Workers: 4
[137.883s][debug][gc,phases      ] GC(115)     Total                          Min: 0, Avg:  0.0, Max: 0, Diff: 0, Sum: 0, Workers: 4
[137.883s][debug][gc,phases      ] GC(115) Weak Processing 0.257ms
[137.883s][debug][gc,age         ] GC(115) Desired survivor size 155189248 bytes, new threshold 14 (max threshold 15)
[137.883s][info ][gc,heap        ] GC(115) PSYoungGen: 1928759K(1929216K)->85745K(1940480K) Eden: 1859584K(1859584K)->0K(1794048K) From: 69175K(69632K)->85745K(146432K)
[137.883s][info ][gc,heap        ] GC(115) ParOldGen: 440582K(542208K)->440638K(542208K)
[137.883s][info ][gc,metaspace   ] GC(115) Metaspace: 82482K(83328K)->82482K(83328K) NonClass: 70836K(71296K)->70836K(71296K) Class: 11645K(12032K)->11645K(12032K)
[137.883s][info ][gc             ] GC(115) Pause Young (Allocation Failure) 2313M->514M(2424M) 50.840ms
[137.883s][info ][gc,cpu         ] GC(115) User=0.20s Sys=0.00s Real=0.06s
[137.884s][info ][safepoint      ] Safepoint "ParallelGCFailedAllocation", Time since last: 51917464 ns, Reaching safepoint: 37500 ns, At safepoint: 50911862 ns, Total: 50949362 ns
[137.965s][info ][safepoint      ] Safepoint "ICBufferFull", Time since last: 81319400 ns, Reaching safepoint: 31000 ns, At safepoint: 10000 ns, Total: 41000 ns
[138.151s][info ][safepoint      ] Safepoint "ICBufferFull", Time since last: 185965028 ns, Reaching safepoint: 81801 ns, At safepoint: 6500 ns, Total: 88301 ns
[139.151s][info ][safepoint      ] Safepoint "Cleanup", Time since last: 1000094928 ns, Reaching safepoint: 38500 ns, At safepoint: 3700 ns, Total: 42200 ns
[140.151s][info ][safepoint      ] Safepoint "Cleanup", Time since last: 1000090228 ns, Reaching safepoint: 52000 ns, At safepoint: 2900 ns, Total: 54900 ns
[141.151s][info ][safepoint      ] Safepoint "Cleanup", Time since last: 1000089928 ns, Reaching safepoint: 46900 ns, At safepoint: 5400 ns, Total: 52300 ns
[142.151s][info ][safepoint      ] Safepoint "Cleanup", Time since last: 1000090428 ns, Reaching safepoint: 47900 ns, At safepoint: 5900 ns, Total: 53800 ns
[143.152s][info ][safepoint      ] Safepoint "Cleanup", Time since last: 1000044528 ns, Reaching safepoint: 59400 ns, At safepoint: 5700 ns, Total: 65100 ns
[144.152s][info ][safepoint      ] Safepoint "Cleanup", Time since last: 1000089028 ns, Reaching safepoint: 45800 ns, At safepoint: 2600 ns, Total: 48400 ns
[145.152s][info ][safepoint      ] Safepoint "Cleanup", Time since last: 1000093828 ns, Reaching safepoint: 111900 ns, At safepoint: 12300 ns, Total: 124200 ns
[146.152s][info ][safepoint      ] Safepoint "Cleanup", Time since last: 1000092527 ns, Reaching safepoint: 43300 ns, At safepoint: 5200 ns, Total: 48500 ns
[147.152s][info ][safepoint      ] Safepoint "Cleanup", Time since last: 1000087828 ns, Reaching safepoint: 52000 ns, At safepoint: 2400 ns, Total: 54400 ns
[148.152s][info ][safepoint      ] Safepoint "Cleanup", Time since last: 1000105127 ns, Reaching safepoint: 120001 ns, At safepoint: 10400 ns, Total: 130401 ns
[149.153s][info ][safepoint      ] Safepoint "Cleanup", Time since last: 1000088627 ns, Reaching safepoint: 51900 ns, At safepoint: 7100 ns, Total: 59000 ns
[150.153s][info ][safepoint      ] Safepoint "Cleanup", Time since last: 1000089827 ns, Reaching safepoint: 47901 ns, At safepoint: 5500 ns, Total: 53401 ns
[151.153s][info ][safepoint      ] Safepoint "Cleanup", Time since last: 1000089627 ns, Reaching safepoint: 60100 ns, At safepoint: 10500 ns, Total: 70600 ns
[152.153s][info ][safepoint      ] Safepoint "Cleanup", Time since last: 1000094027 ns, Reaching safepoint: 55200 ns, At safepoint: 8700 ns, Total: 63900 ns
[153.153s][info ][safepoint      ] Safepoint "Cleanup", Time since last: 1000088627 ns, Reaching safepoint: 48100 ns, At safepoint: 5800 ns, Total: 53900 ns
[154.153s][info ][safepoint      ] Safepoint "Cleanup", Time since last: 1000111227 ns, Reaching safepoint: 52200 ns, At safepoint: 6000 ns, Total: 58200 ns
[155.154s][info ][safepoint      ] Safepoint "Cleanup", Time since last: 1000123227 ns, Reaching safepoint: 60000 ns, At safepoint: 6600 ns, Total: 66600 ns
[156.978s][info ][safepoint      ] Safepoint "Cleanup", Time since last: 1824619839 ns, Reaching safepoint: 80900 ns, At safepoint: 6400 ns, Total: 87300 ns
[157.978s][info ][safepoint      ] Safepoint "Cleanup", Time since last: 1000098027 ns, Reaching safepoint: 42800 ns, At safepoint: 7100 ns, Total: 49900 ns
[159.968s][info ][safepoint      ] Safepoint "Cleanup", Time since last: 1989261240 ns, Reaching safepoint: 135400 ns, At safepoint: 5500 ns, Total: 140900 ns
[160.968s][info ][safepoint      ] Safepoint "Cleanup", Time since last: 1000096726 ns, Reaching safepoint: 116100 ns, At safepoint: 8200 ns, Total: 124300 ns
[161.968s][info ][safepoint      ] Safepoint "Cleanup", Time since last: 1000117627 ns, Reaching safepoint: 128800 ns, At safepoint: 8700 ns, Total: 137500 ns
[162.969s][info ][safepoint      ] Safepoint "Cleanup", Time since last: 1000096527 ns, Reaching safepoint: 133600 ns, At safepoint: 10800 ns, Total: 144400 ns
[163.969s][info ][safepoint      ] Safepoint "Cleanup", Time since last: 1000095326 ns, Reaching safepoint: 120600 ns, At safepoint: 9000 ns, Total: 129600 ns
[164.969s][info ][safepoint      ] Safepoint "Cleanup", Time since last: 1000098626 ns, Reaching safepoint: 147601 ns, At safepoint: 8600 ns, Total: 156201 ns
[165.969s][info ][safepoint      ] Safepoint "Cleanup", Time since last: 1000102726 ns, Reaching safepoint: 115500 ns, At safepoint: 9800 ns, Total: 125300 ns
[166.969s][info ][safepoint      ] Safepoint "Cleanup", Time since last: 1000092626 ns, Reaching safepoint: 116500 ns, At safepoint: 12700 ns, Total: 129200 ns
[168.970s][info ][safepoint      ] Safepoint "Cleanup", Time since last: 2000179152 ns, Reaching safepoint: 118100 ns, At safepoint: 5100 ns, Total: 123200 ns
[170.970s][info ][safepoint      ] Safepoint "Cleanup", Time since last: 2000162152 ns, Reaching safepoint: 114100 ns, At safepoint: 6000 ns, Total: 120100 ns
[171.070s][info ][gc,start       ] GC(116) Pause Young (Allocation Failure)
[171.084s][debug][gc,phases      ] GC(116) Scavenge 13.945ms
[171.084s][debug][gc,ref         ] GC(116) Skipped phase 1 of Reference Processing: no references
[171.084s][debug][gc,ref         ] GC(116) ReferenceProcessor::execute queues: 1, RefProcThreadModel::Single, marks_oops_alive: false
[171.084s][debug][gc,ref         ] GC(116) Skipped phase 3 of Reference Processing: no references
[171.084s][debug][gc,ref         ] GC(116) ReferenceProcessor::execute queues: 1, RefProcThreadModel::Single, marks_oops_alive: false
[171.084s][debug][gc,phases      ] GC(116) Reference Processing 0.084ms
[171.084s][debug][gc,phases      ] GC(116)   VM Weak                        Min:  0.0, Avg:  0.0, Max:  0.0, Diff:  0.0, Sum:  0.0, Workers: 4
[171.084s][debug][gc,phases      ] GC(116)     Dead                           Min: 0, Avg:  0.0, Max: 0, Diff: 0, Sum: 0, Workers: 4
[171.084s][debug][gc,phases      ] GC(116)     Total                          Min: 0, Avg: 166.2, Max: 384, Diff: 384, Sum: 665, Workers: 4
[171.084s][debug][gc,phases      ] GC(116)   ObjectSynchronizer Weak        Min:  0.0, Avg:  0.0, Max:  0.0, Diff:  0.0, Sum:  0.0, Workers: 4
[171.084s][debug][gc,phases      ] GC(116)     Dead                           Min: 0, Avg:  0.0, Max: 0, Diff: 0, Sum: 0, Workers: 4
[171.084s][debug][gc,phases      ] GC(116)     Total                          Min: 0, Avg: 94.8, Max: 251, Diff: 251, Sum: 379, Workers: 4
[171.084s][debug][gc,phases      ] GC(116)   JVMTI Tag Weak OopStorage      Min:  0.0, Avg:  0.0, Max:  0.0, Diff:  0.0, Sum:  0.0, Workers: 4
[171.084s][debug][gc,phases      ] GC(116)     Dead                           Min: 0, Avg:  0.0, Max: 0, Diff: 0, Sum: 0, Workers: 4
[171.084s][debug][gc,phases      ] GC(116)     Total                          Min: 0, Avg:  0.0, Max: 0, Diff: 0, Sum: 0, Workers: 4
[171.084s][debug][gc,phases      ] GC(116)   StringTable Weak               Min:  0.1, Avg:  0.1, Max:  0.1, Diff:  0.0, Sum:  0.3, Workers: 4
[171.084s][debug][gc,phases      ] GC(116)     Dead                           Min: 0, Avg:  0.0, Max: 0, Diff: 0, Sum: 0, Workers: 4
[171.084s][debug][gc,phases      ] GC(116)     Total                          Min: 10432, Avg: 11979.2, Max: 12800, Diff: 2368, Sum: 47917, Workers: 4
[171.084s][debug][gc,phases      ] GC(116)   ResolvedMethodTable Weak       Min:  0.0, Avg:  0.0, Max:  0.0, Diff:  0.0, Sum:  0.1, Workers: 4
[171.084s][debug][gc,phases      ] GC(116)     Dead                           Min: 0, Avg:  0.0, Max: 0, Diff: 0, Sum: 0, Workers: 4
[171.084s][debug][gc,phases      ] GC(116)     Total                          Min: 1966, Avg: 2029.2, Max: 2077, Diff: 111, Sum: 8117, Workers: 4
[171.084s][debug][gc,phases      ] GC(116)   JNI Weak                       Min:  0.0, Avg:  0.0, Max:  0.0, Diff:  0.0, Sum:  0.0, Workers: 4
[171.084s][debug][gc,phases      ] GC(116)     Dead                           Min: 0, Avg:  0.0, Max: 0, Diff: 0, Sum: 0, Workers: 4
[171.084s][debug][gc,phases      ] GC(116)     Total                          Min: 0, Avg:  0.0, Max: 0, Diff: 0, Sum: 0, Workers: 4
[171.084s][debug][gc,phases      ] GC(116)   StringDedup Table Weak         Min:  0.0, Avg:  0.0, Max:  0.0, Diff:  0.0, Sum:  0.0, Workers: 4
[171.084s][debug][gc,phases      ] GC(116)     Dead                           Min: 0, Avg:  0.0, Max: 0, Diff: 0, Sum: 0, Workers: 4
[171.084s][debug][gc,phases      ] GC(116)     Total                          Min: 0, Avg:  0.0, Max: 0, Diff: 0, Sum: 0, Workers: 4
[171.084s][debug][gc,phases      ] GC(116)   StringDedup Requests0 Weak     Min:  0.0, Avg:  0.0, Max:  0.0, Diff:  0.0, Sum:  0.0, Workers: 4
[171.084s][debug][gc,phases      ] GC(116)     Dead                           Min: 0, Avg:  0.0, Max: 0, Diff: 0, Sum: 0, Workers: 4
[171.084s][debug][gc,phases      ] GC(116)     Total                          Min: 0, Avg:  0.0, Max: 0, Diff: 0, Sum: 0, Workers: 4
[171.084s][debug][gc,phases      ] GC(116)   StringDedup Requests1 Weak     Min:  0.0, Avg:  0.0, Max:  0.0, Diff:  0.0, Sum:  0.0, Workers: 4
[171.084s][debug][gc,phases      ] GC(116)     Dead                           Min: 0, Avg:  0.0, Max: 0, Diff: 0, Sum: 0, Workers: 4
[171.084s][debug][gc,phases      ] GC(116)     Total                          Min: 0, Avg:  0.0, Max: 0, Diff: 0, Sum: 0, Workers: 4
[171.084s][debug][gc,phases      ] GC(116)   Weak JFR Old Object Samples    Min:  0.0, Avg:  0.0, Max:  0.0, Diff:  0.0, Sum:  0.0, Workers: 4
[171.084s][debug][gc,phases      ] GC(116)     Dead                           Min: 0, Avg:  0.0, Max: 0, Diff: 0, Sum: 0, Workers: 4
[171.084s][debug][gc,phases      ] GC(116)     Total                          Min: 0, Avg:  0.0, Max: 0, Diff: 0, Sum: 0, Workers: 4
[171.084s][debug][gc,phases      ] GC(116) Weak Processing 0.251ms
[171.084s][debug][gc,age         ] GC(116) Desired survivor size 160432128 bytes, new threshold 15 (max threshold 15)
[171.084s][info ][gc,heap        ] GC(116) PSYoungGen: 1879793K(1940480K)->89729K(1884160K) Eden: 1794048K(1794048K)->0K(1794048K) From: 85745K(146432K)->89729K(90112K)
[171.084s][info ][gc,heap        ] GC(116) ParOldGen: 440638K(542208K)->440646K(542208K)
[171.084s][info ][gc,metaspace   ] GC(116) Metaspace: 82618K(83456K)->82618K(83456K) NonClass: 70971K(71424K)->70971K(71424K) Class: 11647K(12032K)->11647K(12032K)
[171.084s][info ][gc             ] GC(116) Pause Young (Allocation Failure) 2266M->517M(2369M) 14.385ms
[171.084s][info ][gc,cpu         ] GC(116) User=0.05s Sys=0.00s Real=0.02s
[171.084s][info ][safepoint      ] Safepoint "ParallelGCFailedAllocation", Time since last: 99412622 ns, Reaching safepoint: 30200 ns, At safepoint: 14452318 ns, Total: 14482518 ns
[172.084s][info ][safepoint      ] Safepoint "Cleanup", Time since last: 1000077425 ns, Reaching safepoint: 40000 ns, At safepoint: 3500 ns, Total: 43500 ns
[173.084s][info ][safepoint      ] Safepoint "Cleanup", Time since last: 1000100926 ns, Reaching safepoint: 42300 ns, At safepoint: 2300 ns, Total: 44600 ns
[174.084s][info ][safepoint      ] Safepoint "Cleanup", Time since last: 1000087026 ns, Reaching safepoint: 45000 ns, At safepoint: 7100 ns, Total: 52100 ns
[175.085s][info ][safepoint      ] Safepoint "Cleanup", Time since last: 1000090325 ns, Reaching safepoint: 46300 ns, At safepoint: 2800 ns, Total: 49100 ns
[176.085s][info ][safepoint      ] Safepoint "Cleanup", Time since last: 1000089226 ns, Reaching safepoint: 45000 ns, At safepoint: 6500 ns, Total: 51500 ns
[176.684s][info ][safepoint      ] Safepoint "ICBufferFull", Time since last: 599537334 ns, Reaching safepoint: 40000 ns, At safepoint: 5800 ns, Total: 45800 ns
[176.865s][info ][safepoint      ] Safepoint "ICBufferFull", Time since last: 180839722 ns, Reaching safepoint: 40100 ns, At safepoint: 5500 ns, Total: 45600 ns
[176.948s][info ][safepoint      ] Safepoint "ICBufferFull", Time since last: 82464301 ns, Reaching safepoint: 27400 ns, At safepoint: 3600 ns, Total: 31000 ns
[177.028s][info ][safepoint      ] Safepoint "ICBufferFull", Time since last: 80763799 ns, Reaching safepoint: 26300 ns, At safepoint: 2900 ns, Total: 29200 ns
[178.029s][info ][safepoint      ] Safepoint "Cleanup", Time since last: 1000095725 ns, Reaching safepoint: 55100 ns, At safepoint: 5500 ns, Total: 60600 ns
[179.029s][info ][safepoint      ] Safepoint "Cleanup", Time since last: 1000096826 ns, Reaching safepoint: 45100 ns, At safepoint: 3400 ns, Total: 48500 ns
[180.029s][info ][safepoint      ] Safepoint "Cleanup", Time since last: 1000097025 ns, Reaching safepoint: 45700 ns, At safepoint: 5600 ns, Total: 51300 ns
[183.029s][info ][safepoint      ] Safepoint "Cleanup", Time since last: 3000259375 ns, Reaching safepoint: 50600 ns, At safepoint: 6300 ns, Total: 56900 ns
[184.029s][info ][safepoint      ] Safepoint "Cleanup", Time since last: 1000088125 ns, Reaching safepoint: 43400 ns, At safepoint: 3100 ns, Total: 46500 ns
[185.029s][info ][safepoint      ] Safepoint "Cleanup", Time since last: 1000098325 ns, Reaching safepoint: 44300 ns, At safepoint: 14200 ns, Total: 58500 ns
[186.030s][info ][safepoint      ] Safepoint "Cleanup", Time since last: 1000088224 ns, Reaching safepoint: 46300 ns, At safepoint: 3500 ns, Total: 49800 ns
[188.754s][info ][safepoint      ] Safepoint "ParallelGCFailedAllocation", Time since last: 2724074536 ns, Reaching safepoint: 44700 ns, At safepoint: 22700 ns, Total: 67400 ns
[188.754s][info ][gc,start       ] GC(117) Pause Young (GCLocker Initiated GC)
[188.775s][debug][gc,phases      ] GC(117) Scavenge 21.228ms
[188.775s][debug][gc,ref         ] GC(117) Skipped phase 1 of Reference Processing: no references
[188.775s][debug][gc,ref         ] GC(117) ReferenceProcessor::execute queues: 1, RefProcThreadModel::Single, marks_oops_alive: false
[188.775s][debug][gc,ref         ] GC(117) Skipped phase 3 of Reference Processing: no references
[188.775s][debug][gc,ref         ] GC(117) ReferenceProcessor::execute queues: 1, RefProcThreadModel::Single, marks_oops_alive: false
[188.775s][debug][gc,phases      ] GC(117) Reference Processing 0.110ms
[188.775s][debug][gc,phases      ] GC(117)   VM Weak                        Min:  0.0, Avg:  0.0, Max:  0.0, Diff:  0.0, Sum:  0.0, Workers: 4
[188.775s][debug][gc,phases      ] GC(117)     Dead                           Min: 0, Avg:  0.0, Max: 0, Diff: 0, Sum: 0, Workers: 4
[188.775s][debug][gc,phases      ] GC(117)     Total                          Min: 0, Avg: 166.2, Max: 665, Diff: 665, Sum: 665, Workers: 4
[188.775s][debug][gc,phases      ] GC(117)   ObjectSynchronizer Weak        Min:  0.0, Avg:  0.0, Max:  0.0, Diff:  0.0, Sum:  0.0, Workers: 4
[188.775s][debug][gc,phases      ] GC(117)     Dead                           Min: 0, Avg:  0.0, Max: 0, Diff: 0, Sum: 0, Workers: 4
[188.775s][debug][gc,phases      ] GC(117)     Total                          Min: 0, Avg: 94.8, Max: 192, Diff: 192, Sum: 379, Workers: 4
[188.776s][debug][gc,phases      ] GC(117)   JVMTI Tag Weak OopStorage      Min:  0.0, Avg:  0.0, Max:  0.0, Diff:  0.0, Sum:  0.0, Workers: 4
[188.776s][debug][gc,phases      ] GC(117)     Dead                           Min: 0, Avg:  0.0, Max: 0, Diff: 0, Sum: 0, Workers: 4
[188.776s][debug][gc,phases      ] GC(117)     Total                          Min: 0, Avg:  0.0, Max: 0, Diff: 0, Sum: 0, Workers: 4
[188.776s][debug][gc,phases      ] GC(117)   StringTable Weak               Min:  0.1, Avg:  0.1, Max:  0.1, Diff:  0.0, Sum:  0.3, Workers: 4
[188.776s][debug][gc,phases      ] GC(117)     Dead                           Min: 0, Avg:  0.0, Max: 0, Diff: 0, Sum: 0, Workers: 4
[188.776s][debug][gc,phases      ] GC(117)     Total                          Min: 9344, Avg: 11985.8, Max: 14663, Diff: 5319, Sum: 47943, Workers: 4
[188.776s][debug][gc,phases      ] GC(117)   ResolvedMethodTable Weak       Min:  0.0, Avg:  0.0, Max:  0.0, Diff:  0.0, Sum:  0.1, Workers: 4
[188.776s][debug][gc,phases      ] GC(117)     Dead                           Min: 0, Avg:  0.0, Max: 0, Diff: 0, Sum: 0, Workers: 4
[188.776s][debug][gc,phases      ] GC(117)     Total                          Min: 1581, Avg: 2029.2, Max: 2485, Diff: 904, Sum: 8117, Workers: 4
[188.776s][debug][gc,phases      ] GC(117)   JNI Weak                       Min:  0.0, Avg:  0.0, Max:  0.0, Diff:  0.0, Sum:  0.0, Workers: 4
[188.776s][debug][gc,phases      ] GC(117)     Dead                           Min: 0, Avg:  0.0, Max: 0, Diff: 0, Sum: 0, Workers: 4
[188.776s][debug][gc,phases      ] GC(117)     Total                          Min: 0, Avg:  0.0, Max: 0, Diff: 0, Sum: 0, Workers: 4
[188.776s][debug][gc,phases      ] GC(117)   StringDedup Table Weak         Min:  0.0, Avg:  0.0, Max:  0.0, Diff:  0.0, Sum:  0.0, Workers: 4
[188.776s][debug][gc,phases      ] GC(117)     Dead                           Min: 0, Avg:  0.0, Max: 0, Diff: 0, Sum: 0, Workers: 4
[188.776s][debug][gc,phases      ] GC(117)     Total                          Min: 0, Avg:  0.0, Max: 0, Diff: 0, Sum: 0, Workers: 4
[188.776s][debug][gc,phases      ] GC(117)   StringDedup Requests0 Weak     Min:  0.0, Avg:  0.0, Max:  0.0, Diff:  0.0, Sum:  0.0, Workers: 4
[188.776s][debug][gc,phases      ] GC(117)     Dead                           Min: 0, Avg:  0.0, Max: 0, Diff: 0, Sum: 0, Workers: 4
[188.776s][debug][gc,phases      ] GC(117)     Total                          Min: 0, Avg:  0.0, Max: 0, Diff: 0, Sum: 0, Workers: 4
[188.776s][debug][gc,phases      ] GC(117)   StringDedup Requests1 Weak     Min:  0.0, Avg:  0.0, Max:  0.0, Diff:  0.0, Sum:  0.0, Workers: 4
[188.776s][debug][gc,phases      ] GC(117)     Dead                           Min: 0, Avg:  0.0, Max: 0, Diff: 0, Sum: 0, Workers: 4
[188.776s][debug][gc,phases      ] GC(117)     Total                          Min: 0, Avg:  0.0, Max: 0, Diff: 0, Sum: 0, Workers: 4
[188.776s][debug][gc,phases      ] GC(117)   Weak JFR Old Object Samples    Min:  0.0, Avg:  0.0, Max:  0.0, Diff:  0.0, Sum:  0.0, Workers: 4
[188.776s][debug][gc,phases      ] GC(117)     Dead                           Min: 0, Avg:  0.0, Max: 0, Diff: 0, Sum: 0, Workers: 4
[188.776s][debug][gc,phases      ] GC(117)     Total                          Min: 0, Avg:  0.0, Max: 0, Diff: 0, Sum: 0, Workers: 4
[188.776s][debug][gc,phases      ] GC(117) Weak Processing 0.269ms
[188.776s][debug][gc,age         ] GC(117) Desired survivor size 170917888 bytes, new threshold 15 (max threshold 15)
[188.776s][info ][gc,heap        ] GC(117) PSYoungGen: 1883762K(1884160K)->108277K(1920000K) Eden: 1794032K(1794048K)->0K(1763328K) From: 89729K(90112K)->108277K(156672K)
[188.776s][info ][gc,heap        ] GC(117) ParOldGen: 440902K(542208K)->440910K(542208K)
[188.776s][info ][gc,metaspace   ] GC(117) Metaspace: 82663K(83520K)->82663K(83520K) NonClass: 71015K(71488K)->71015K(71488K) Class: 11647K(12032K)->11647K(12032K)
[188.776s][info ][gc             ] GC(117) Pause Young (GCLocker Initiated GC) 2270M->536M(2404M) 21.707ms
[188.776s][info ][gc,cpu         ] GC(117) User=0.08s Sys=0.00s Real=0.03s
[188.776s][info ][safepoint      ] Safepoint "ParallelGCSystemGC", Time since last: 65300 ns, Reaching safepoint: 90000 ns, At safepoint: 21781727 ns, Total: 21871727 ns
[191.776s][info ][safepoint      ] Safepoint "Cleanup", Time since last: 3000235773 ns, Reaching safepoint: 54000 ns, At safepoint: 8500 ns, Total: 62500 ns
[192.776s][info ][safepoint      ] Safepoint "Cleanup", Time since last: 1000093824 ns, Reaching safepoint: 38700 ns, At safepoint: 9400 ns, Total: 48100 ns
[193.776s][info ][safepoint      ] Safepoint "Cleanup", Time since last: 1000100025 ns, Reaching safepoint: 42000 ns, At safepoint: 3700 ns, Total: 45700 ns
[195.776s][info ][safepoint      ] Safepoint "Cleanup", Time since last: 2000145748 ns, Reaching safepoint: 45500 ns, At safepoint: 3700 ns, Total: 49200 ns
[196.777s][info ][safepoint      ] Safepoint "Cleanup", Time since last: 1000092924 ns, Reaching safepoint: 111100 ns, At safepoint: 10000 ns, Total: 121100 ns
[197.777s][info ][safepoint      ] Safepoint "Cleanup", Time since last: 1000094824 ns, Reaching safepoint: 66100 ns, At safepoint: 9300 ns, Total: 75400 ns
[199.173s][info ][safepoint      ] Safepoint "Cleanup", Time since last: 1396522209 ns, Reaching safepoint: 58500 ns, At safepoint: 8700 ns, Total: 67200 ns
[200.174s][info ][safepoint      ] Safepoint "Cleanup", Time since last: 1000099024 ns, Reaching safepoint: 51000 ns, At safepoint: 6600 ns, Total: 57600 ns
[201.174s][info ][safepoint      ] Safepoint "Cleanup", Time since last: 1000090823 ns, Reaching safepoint: 62700 ns, At safepoint: 7600 ns, Total: 70300 ns
[202.174s][info ][safepoint      ] Safepoint "Cleanup", Time since last: 1000089824 ns, Reaching safepoint: 39300 ns, At safepoint: 2300 ns, Total: 41600 ns
[203.174s][info ][safepoint      ] Safepoint "Cleanup", Time since last: 1000089024 ns, Reaching safepoint: 45500 ns, At safepoint: 2200 ns, Total: 47700 ns
[204.174s][info ][safepoint      ] Safepoint "Cleanup", Time since last: 1000087723 ns, Reaching safepoint: 57000 ns, At safepoint: 6300 ns, Total: 63300 ns
[205.932s][info ][safepoint      ] Safepoint "Cleanup", Time since last: 1757502050 ns, Reaching safepoint: 95700 ns, At safepoint: 8800 ns, Total: 104500 ns
[206.932s][info ][safepoint      ] Safepoint "Cleanup", Time since last: 1000068123 ns, Reaching safepoint: 39200 ns, At safepoint: 3100 ns, Total: 42300 ns
[207.932s][info ][safepoint      ] Safepoint "Cleanup", Time since last: 1000085624 ns, Reaching safepoint: 42100 ns, At safepoint: 7900 ns, Total: 50000 ns
[208.932s][info ][safepoint      ] Safepoint "Cleanup", Time since last: 1000098923 ns, Reaching safepoint: 51500 ns, At safepoint: 8700 ns, Total: 60200 ns
[209.932s][info ][safepoint      ] Safepoint "Cleanup", Time since last: 1000045923 ns, Reaching safepoint: 41200 ns, At safepoint: 2900 ns, Total: 44100 ns
[210.933s][info ][safepoint      ] Safepoint "Cleanup", Time since last: 1000097423 ns, Reaching safepoint: 160100 ns, At safepoint: 9400 ns, Total: 169500 ns
[210.984s][info ][gc,start       ] GC(118) Pause Young (Allocation Failure)
[211.010s][debug][gc,phases      ] GC(118) Scavenge 25.894ms
[211.010s][debug][gc,ref         ] GC(118) Skipped phase 1 of Reference Processing: no references
[211.010s][debug][gc,ref         ] GC(118) ReferenceProcessor::execute queues: 1, RefProcThreadModel::Single, marks_oops_alive: false
[211.010s][debug][gc,ref         ] GC(118) Skipped phase 3 of Reference Processing: no references
[211.010s][debug][gc,ref         ] GC(118) ReferenceProcessor::execute queues: 1, RefProcThreadModel::Single, marks_oops_alive: false
[211.010s][debug][gc,phases      ] GC(118) Reference Processing 0.099ms
[211.010s][debug][gc,phases      ] GC(118)   VM Weak                        Min:  0.0, Avg:  0.0, Max:  0.0, Diff:  0.0, Sum:  0.0, Workers: 4
[211.010s][debug][gc,phases      ] GC(118)     Dead                           Min: 0, Avg:  0.0, Max: 0, Diff: 0, Sum: 0, Workers: 4
[211.010s][debug][gc,phases      ] GC(118)     Total                          Min: 0, Avg: 167.2, Max: 384, Diff: 384, Sum: 669, Workers: 4
[211.010s][debug][gc,phases      ] GC(118)   ObjectSynchronizer Weak        Min:  0.0, Avg:  0.0, Max:  0.0, Diff:  0.0, Sum:  0.0, Workers: 4
[211.010s][debug][gc,phases      ] GC(118)     Dead                           Min: 0, Avg:  0.0, Max: 0, Diff: 0, Sum: 0, Workers: 4
[211.010s][debug][gc,phases      ] GC(118)     Total                          Min: 0, Avg: 94.8, Max: 187, Diff: 187, Sum: 379, Workers: 4
[211.010s][debug][gc,phases      ] GC(118)   JVMTI Tag Weak OopStorage      Min:  0.0, Avg:  0.0, Max:  0.0, Diff:  0.0, Sum:  0.0, Workers: 4
[211.010s][debug][gc,phases      ] GC(118)     Dead                           Min: 0, Avg:  0.0, Max: 0, Diff: 0, Sum: 0, Workers: 4
[211.010s][debug][gc,phases      ] GC(118)     Total                          Min: 0, Avg:  0.0, Max: 0, Diff: 0, Sum: 0, Workers: 4
[211.010s][debug][gc,phases      ] GC(118)   StringTable Weak               Min:  0.1, Avg:  0.1, Max:  0.1, Diff:  0.0, Sum:  0.4, Workers: 4
[211.010s][debug][gc,phases      ] GC(118)     Dead                           Min: 0, Avg:  0.2, Max: 1, Diff: 1, Sum: 1, Workers: 4
[211.010s][debug][gc,phases      ] GC(118)     Total                          Min: 9600, Avg: 11993.5, Max: 14694, Diff: 5094, Sum: 47974, Workers: 4
[211.010s][debug][gc,phases      ] GC(118)   ResolvedMethodTable Weak       Min:  0.0, Avg:  0.0, Max:  0.0, Diff:  0.0, Sum:  0.1, Workers: 4
[211.010s][debug][gc,phases      ] GC(118)     Dead                           Min: 0, Avg:  0.0, Max: 0, Diff: 0, Sum: 0, Workers: 4
[211.010s][debug][gc,phases      ] GC(118)     Total                          Min: 1657, Avg: 2034.2, Max: 2485, Diff: 828, Sum: 8137, Workers: 4
[211.010s][debug][gc,phases      ] GC(118)   JNI Weak                       Min:  0.0, Avg:  0.0, Max:  0.0, Diff:  0.0, Sum:  0.0, Workers: 4
[211.010s][debug][gc,phases      ] GC(118)     Dead                           Min: 0, Avg:  0.0, Max: 0, Diff: 0, Sum: 0, Workers: 4
[211.010s][debug][gc,phases      ] GC(118)     Total                          Min: 0, Avg:  0.8, Max: 3, Diff: 3, Sum: 3, Workers: 4
[211.010s][debug][gc,phases      ] GC(118)   StringDedup Table Weak         Min:  0.0, Avg:  0.0, Max:  0.0, Diff:  0.0, Sum:  0.0, Workers: 4
[211.010s][debug][gc,phases      ] GC(118)     Dead                           Min: 0, Avg:  0.0, Max: 0, Diff: 0, Sum: 0, Workers: 4
[211.010s][debug][gc,phases      ] GC(118)     Total                          Min: 0, Avg:  0.0, Max: 0, Diff: 0, Sum: 0, Workers: 4
[211.010s][debug][gc,phases      ] GC(118)   StringDedup Requests0 Weak     Min:  0.0, Avg:  0.0, Max:  0.0, Diff:  0.0, Sum:  0.0, Workers: 4
[211.010s][debug][gc,phases      ] GC(118)     Dead                           Min: 0, Avg:  0.0, Max: 0, Diff: 0, Sum: 0, Workers: 4
[211.010s][debug][gc,phases      ] GC(118)     Total                          Min: 0, Avg:  0.0, Max: 0, Diff: 0, Sum: 0, Workers: 4
[211.010s][debug][gc,phases      ] GC(118)   StringDedup Requests1 Weak     Min:  0.0, Avg:  0.0, Max:  0.0, Diff:  0.0, Sum:  0.0, Workers: 4
[211.010s][debug][gc,phases      ] GC(118)     Dead                           Min: 0, Avg:  0.0, Max: 0, Diff: 0, Sum: 0, Workers: 4
[211.010s][debug][gc,phases      ] GC(118)     Total                          Min: 0, Avg:  0.0, Max: 0, Diff: 0, Sum: 0, Workers: 4
[211.010s][debug][gc,phases      ] GC(118)   Weak JFR Old Object Samples    Min:  0.0, Avg:  0.0, Max:  0.0, Diff:  0.0, Sum:  0.0, Workers: 4
[211.010s][debug][gc,phases      ] GC(118)     Dead                           Min: 0, Avg:  0.0, Max: 0, Diff: 0, Sum: 0, Workers: 4
[211.010s][debug][gc,phases      ] GC(118)     Total                          Min: 0, Avg:  0.0, Max: 0, Diff: 0, Sum: 0, Workers: 4
[211.010s][debug][gc,phases      ] GC(118) Weak Processing 0.287ms
[211.010s][debug][gc,age         ] GC(118) Desired survivor size 188743680 bytes, new threshold 15 (max threshold 15)
[211.010s][info ][gc,heap        ] GC(118) PSYoungGen: 1871605K(1920000K)->135103K(1898496K) Eden: 1763328K(1763328K)->0K(1763328K) From: 108277K(156672K)->135103K(135168K)
[211.010s][info ][gc,heap        ] GC(118) ParOldGen: 440912K(542208K)->440952K(542208K)
[211.010s][info ][gc,metaspace   ] GC(118) Metaspace: 82768K(83584K)->82768K(83584K) NonClass: 71112K(71552K)->71112K(71552K) Class: 11656K(12032K)->11656K(12032K)
[211.010s][info ][gc             ] GC(118) Pause Young (Allocation Failure) 2258M->562M(2383M) 26.383ms
[211.010s][info ][gc,cpu         ] GC(118) User=0.11s Sys=0.00s Real=0.02s
[211.010s][info ][safepoint      ] Safepoint "ParallelGCFailedAllocation", Time since last: 51440563 ns, Reaching safepoint: 27200 ns, At safepoint: 26453232 ns, Total: 26480432 ns
[212.011s][info ][safepoint      ] Safepoint "Cleanup", Time since last: 1000076823 ns, Reaching safepoint: 122200 ns, At safepoint: 6500 ns, Total: 128700 ns
[213.011s][info ][safepoint      ] Safepoint "Cleanup", Time since last: 1000090223 ns, Reaching safepoint: 65600 ns, At safepoint: 5600 ns, Total: 71200 ns
[214.011s][info ][safepoint      ] Safepoint "Cleanup", Time since last: 1000092523 ns, Reaching safepoint: 95100 ns, At safepoint: 11800 ns, Total: 106900 ns
[215.011s][info ][safepoint      ] Safepoint "Cleanup", Time since last: 1000090923 ns, Reaching safepoint: 63700 ns, At safepoint: 5200 ns, Total: 68900 ns
[216.011s][info ][safepoint      ] Safepoint "Cleanup", Time since last: 1000117523 ns, Reaching safepoint: 59600 ns, At safepoint: 23100 ns, Total: 82700 ns
[218.012s][info ][safepoint      ] Safepoint "Cleanup", Time since last: 2000162245 ns, Reaching safepoint: 64300 ns, At safepoint: 13000 ns, Total: 77300 ns
[219.012s][info ][safepoint      ] Safepoint "Cleanup", Time since last: 1000118423 ns, Reaching safepoint: 84600 ns, At safepoint: 10100 ns, Total: 94700 ns
[221.012s][info ][safepoint      ] Safepoint "Cleanup", Time since last: 2000170044 ns, Reaching safepoint: 42900 ns, At safepoint: 3500 ns, Total: 46400 ns
[223.012s][info ][safepoint      ] Safepoint "Cleanup", Time since last: 2000175045 ns, Reaching safepoint: 41400 ns, At safepoint: 10000 ns, Total: 51400 ns
[225.013s][info ][safepoint      ] Safepoint "Cleanup", Time since last: 2000172844 ns, Reaching safepoint: 59100 ns, At safepoint: 11300 ns, Total: 70400 ns
[226.013s][info ][safepoint      ] Safepoint "Cleanup", Time since last: 1000102522 ns, Reaching safepoint: 45100 ns, At safepoint: 7500 ns, Total: 52600 ns
[227.013s][info ][safepoint      ] Safepoint "Cleanup", Time since last: 1000121322 ns, Reaching safepoint: 57800 ns, At safepoint: 4900 ns, Total: 62700 ns
[228.013s][info ][safepoint      ] Safepoint "Cleanup", Time since last: 1000088522 ns, Reaching safepoint: 45400 ns, At safepoint: 9200 ns, Total: 54600 ns
[229.013s][info ][safepoint      ] Safepoint "Cleanup", Time since last: 1000089722 ns, Reaching safepoint: 48100 ns, At safepoint: 5900 ns, Total: 54000 ns
[230.013s][info ][safepoint      ] Safepoint "Cleanup", Time since last: 1000099122 ns, Reaching safepoint: 47600 ns, At safepoint: 11600 ns, Total: 59200 ns
[231.013s][info ][safepoint      ] Safepoint "Cleanup", Time since last: 1000100622 ns, Reaching safepoint: 51000 ns, At safepoint: 2500 ns, Total: 53500 ns
[233.014s][info ][safepoint      ] Safepoint "Cleanup", Time since last: 2000152243 ns, Reaching safepoint: 49300 ns, At safepoint: 2500 ns, Total: 51800 ns
[234.978s][info ][safepoint      ] Safepoint "Cleanup", Time since last: 1964568899 ns, Reaching safepoint: 123200 ns, At safepoint: 14400 ns, Total: 137600 ns
[236.195s][info ][safepoint      ] Safepoint "Cleanup", Time since last: 1216566886 ns, Reaching safepoint: 69500 ns, At safepoint: 5100 ns, Total: 74600 ns
[237.195s][info ][safepoint      ] Safepoint "Cleanup", Time since last: 1000090622 ns, Reaching safepoint: 51100 ns, At safepoint: 9100 ns, Total: 60200 ns
[239.195s][info ][safepoint      ] Safepoint "Cleanup", Time since last: 2000125642 ns, Reaching safepoint: 57400 ns, At safepoint: 7900 ns, Total: 65300 ns
[239.557s][info ][gc,start       ] GC(119) Pause Young (Allocation Failure)
[239.587s][debug][gc,phases      ] GC(119) Scavenge 29.574ms
[239.587s][debug][gc,ref         ] GC(119) Skipped phase 1 of Reference Processing: no references
[239.587s][debug][gc,ref         ] GC(119) ReferenceProcessor::execute queues: 1, RefProcThreadModel::Single, marks_oops_alive: false
[239.587s][debug][gc,ref         ] GC(119) Skipped phase 3 of Reference Processing: no references
[239.587s][debug][gc,ref         ] GC(119) ReferenceProcessor::execute queues: 1, RefProcThreadModel::Single, marks_oops_alive: false
[239.587s][debug][gc,phases      ] GC(119) Reference Processing 0.112ms
[239.587s][debug][gc,phases      ] GC(119)   VM Weak                        Min:  0.0, Avg:  0.0, Max:  0.0, Diff:  0.0, Sum:  0.0, Workers: 4
[239.587s][debug][gc,phases      ] GC(119)     Dead                           Min: 0, Avg:  0.0, Max: 0, Diff: 0, Sum: 0, Workers: 4
[239.587s][debug][gc,phases      ] GC(119)     Total                          Min: 0, Avg: 168.5, Max: 610, Diff: 610, Sum: 674, Workers: 4
[239.587s][debug][gc,phases      ] GC(119)   ObjectSynchronizer Weak        Min:  0.0, Avg:  0.0, Max:  0.0, Diff:  0.0, Sum:  0.0, Workers: 4
[239.587s][debug][gc,phases      ] GC(119)     Dead                           Min: 0, Avg:  0.0, Max: 0, Diff: 0, Sum: 0, Workers: 4
[239.587s][debug][gc,phases      ] GC(119)     Total                          Min: 0, Avg: 94.8, Max: 128, Diff: 128, Sum: 379, Workers: 4
[239.587s][debug][gc,phases      ] GC(119)   JVMTI Tag Weak OopStorage      Min:  0.0, Avg:  0.0, Max:  0.0, Diff:  0.0, Sum:  0.0, Workers: 4
[239.587s][debug][gc,phases      ] GC(119)     Dead                           Min: 0, Avg:  0.0, Max: 0, Diff: 0, Sum: 0, Workers: 4
[239.587s][debug][gc,phases      ] GC(119)     Total                          Min: 0, Avg:  0.0, Max: 0, Diff: 0, Sum: 0, Workers: 4
[239.587s][debug][gc,phases      ] GC(119)   StringTable Weak               Min:  0.1, Avg:  0.1, Max:  0.1, Diff:  0.0, Sum:  0.3, Workers: 4
[239.587s][debug][gc,phases      ] GC(119)     Dead                           Min: 0, Avg:  0.5, Max: 2, Diff: 2, Sum: 2, Workers: 4
[239.587s][debug][gc,phases      ] GC(119)     Total                          Min: 11520, Avg: 12000.2, Max: 12800, Diff: 1280, Sum: 48001, Workers: 4
[239.587s][debug][gc,phases      ] GC(119)   ResolvedMethodTable Weak       Min:  0.0, Avg:  0.0, Max:  0.0, Diff:  0.0, Sum:  0.1, Workers: 4
[239.587s][debug][gc,phases      ] GC(119)     Dead                           Min: 0, Avg:  0.0, Max: 0, Diff: 0, Sum: 0, Workers: 4
[239.587s][debug][gc,phases      ] GC(119)     Total                          Min: 1905, Avg: 2042.2, Max: 2180, Diff: 275, Sum: 8169, Workers: 4
[239.587s][debug][gc,phases      ] GC(119)   JNI Weak                       Min:  0.0, Avg:  0.0, Max:  0.0, Diff:  0.0, Sum:  0.0, Workers: 4
[239.587s][debug][gc,phases      ] GC(119)     Dead                           Min: 0, Avg:  0.0, Max: 0, Diff: 0, Sum: 0, Workers: 4
[239.587s][debug][gc,phases      ] GC(119)     Total                          Min: 0, Avg:  0.2, Max: 1, Diff: 1, Sum: 1, Workers: 4
[239.587s][debug][gc,phases      ] GC(119)   StringDedup Table Weak         Min:  0.0, Avg:  0.0, Max:  0.0, Diff:  0.0, Sum:  0.0, Workers: 4
[239.587s][debug][gc,phases      ] GC(119)     Dead                           Min: 0, Avg:  0.0, Max: 0, Diff: 0, Sum: 0, Workers: 4
[239.587s][debug][gc,phases      ] GC(119)     Total                          Min: 0, Avg:  0.0, Max: 0, Diff: 0, Sum: 0, Workers: 4
[239.587s][debug][gc,phases      ] GC(119)   StringDedup Requests0 Weak     Min:  0.0, Avg:  0.0, Max:  0.0, Diff:  0.0, Sum:  0.0, Workers: 4
[239.587s][debug][gc,phases      ] GC(119)     Dead                           Min: 0, Avg:  0.0, Max: 0, Diff: 0, Sum: 0, Workers: 4
[239.587s][debug][gc,phases      ] GC(119)     Total                          Min: 0, Avg:  0.0, Max: 0, Diff: 0, Sum: 0, Workers: 4
[239.587s][debug][gc,phases      ] GC(119)   StringDedup Requests1 Weak     Min:  0.0, Avg:  0.0, Max:  0.0, Diff:  0.0, Sum:  0.0, Workers: 4
[239.587s][debug][gc,phases      ] GC(119)     Dead                           Min: 0, Avg:  0.0, Max: 0, Diff: 0, Sum: 0, Workers: 4
[239.587s][debug][gc,phases      ] GC(119)     Total                          Min: 0, Avg:  0.0, Max: 0, Diff: 0, Sum: 0, Workers: 4
[239.587s][debug][gc,phases      ] GC(119)   Weak JFR Old Object Samples    Min:  0.0, Avg:  0.0, Max:  0.0, Diff:  0.0, Sum:  0.0, Workers: 4
[239.587s][debug][gc,phases      ] GC(119)     Dead                           Min: 0, Avg:  0.0, Max: 0, Diff: 0, Sum: 0, Workers: 4
[239.587s][debug][gc,phases      ] GC(119)     Total                          Min: 0, Avg:  0.0, Max: 0, Diff: 0, Sum: 0, Workers: 4
[239.587s][debug][gc,phases      ] GC(119) Weak Processing 0.244ms
[239.587s][debug][gc,age         ] GC(119) Desired survivor size 205520896 bytes, new threshold 15 (max threshold 15)
[239.587s][info ][gc,heap        ] GC(119) PSYoungGen: 1898431K(1898496K)->142619K(1880064K) Eden: 1763328K(1763328K)->0K(1695744K) From: 135103K(135168K)->142619K(184320K)
[239.587s][info ][gc,heap        ] GC(119) ParOldGen: 440952K(542208K)->441000K(542208K)
[239.587s][info ][gc,metaspace   ] GC(119) Metaspace: 82854K(83648K)->82854K(83648K) NonClass: 71188K(71616K)->71188K(71616K) Class: 11666K(12032K)->11666K(12032K)
[239.587s][info ][gc             ] GC(119) Pause Young (Allocation Failure) 2284M->569M(2365M) 30.043ms
[239.587s][info ][gc,cpu         ] GC(119) User=0.13s Sys=0.00s Real=0.03s
[239.587s][info ][safepoint      ] Safepoint "ParallelGCFailedAllocation", Time since last: 361878442 ns, Reaching safepoint: 37900 ns, At safepoint: 30109837 ns, Total: 30147737 ns
[241.053s][info ][safepoint      ] Safepoint "Cleanup", Time since last: 1465644889 ns, Reaching safepoint: 88400 ns, At safepoint: 5700 ns, Total: 94100 ns
[242.053s][info ][safepoint      ] Safepoint "Cleanup", Time since last: 1000111421 ns, Reaching safepoint: 46500 ns, At safepoint: 6900 ns, Total: 53400 ns
[243.053s][info ][safepoint      ] Safepoint "Cleanup", Time since last: 1000093921 ns, Reaching safepoint: 30800 ns, At safepoint: 3000 ns, Total: 33800 ns
[244.054s][info ][safepoint      ] Safepoint "Cleanup", Time since last: 1000094421 ns, Reaching safepoint: 48300 ns, At safepoint: 2300 ns, Total: 50600 ns
[245.054s][info ][safepoint      ] Safepoint "Cleanup", Time since last: 1000114821 ns, Reaching safepoint: 46400 ns, At safepoint: 3000 ns, Total: 49400 ns
[246.054s][info ][safepoint      ] Safepoint "Cleanup", Time since last: 1000095121 ns, Reaching safepoint: 160600 ns, At safepoint: 9000 ns, Total: 169600 ns
[246.435s][info ][gc,start       ] GC(120) Pause Young (Allocation Failure)
[246.466s][debug][gc,phases      ] GC(120) Scavenge 31.439ms
[246.466s][debug][gc,ref         ] GC(120) Skipped phase 1 of Reference Processing: no references
[246.467s][debug][gc,ref         ] GC(120) ReferenceProcessor::execute queues: 1, RefProcThreadModel::Single, marks_oops_alive: false
[246.467s][debug][gc,ref         ] GC(120) Skipped phase 3 of Reference Processing: no references
[246.467s][debug][gc,ref         ] GC(120) ReferenceProcessor::execute queues: 1, RefProcThreadModel::Single, marks_oops_alive: false
[246.467s][debug][gc,phases      ] GC(120) Reference Processing 0.101ms
[246.467s][debug][gc,phases      ] GC(120)   VM Weak                        Min:  0.0, Avg:  0.0, Max:  0.0, Diff:  0.0, Sum:  0.0, Workers: 4
[246.467s][debug][gc,phases      ] GC(120)     Dead                           Min: 0, Avg:  0.0, Max: 0, Diff: 0, Sum: 0, Workers: 4
[246.467s][debug][gc,phases      ] GC(120)     Total                          Min: 0, Avg: 168.8, Max: 483, Diff: 483, Sum: 675, Workers: 4
[246.467s][debug][gc,phases      ] GC(120)   ObjectSynchronizer Weak        Min:  0.0, Avg:  0.0, Max:  0.0, Diff:  0.0, Sum:  0.0, Workers: 4
[246.467s][debug][gc,phases      ] GC(120)     Dead                           Min: 0, Avg:  0.0, Max: 0, Diff: 0, Sum: 0, Workers: 4
[246.467s][debug][gc,phases      ] GC(120)     Total                          Min: 0, Avg: 94.8, Max: 192, Diff: 192, Sum: 379, Workers: 4
[246.467s][debug][gc,phases      ] GC(120)   JVMTI Tag Weak OopStorage      Min:  0.0, Avg:  0.0, Max:  0.0, Diff:  0.0, Sum:  0.0, Workers: 4
[246.467s][debug][gc,phases      ] GC(120)     Dead                           Min: 0, Avg:  0.0, Max: 0, Diff: 0, Sum: 0, Workers: 4
[246.467s][debug][gc,phases      ] GC(120)     Total                          Min: 0, Avg:  0.0, Max: 0, Diff: 0, Sum: 0, Workers: 4
[246.467s][debug][gc,phases      ] GC(120)   StringTable Weak               Min:  0.1, Avg:  0.1, Max:  0.1, Diff:  0.0, Sum:  0.5, Workers: 4
[246.467s][debug][gc,phases      ] GC(120)     Dead                           Min: 0, Avg:  0.2, Max: 1, Diff: 1, Sum: 1, Workers: 4
[246.467s][debug][gc,phases      ] GC(120)     Total                          Min: 11796, Avg: 12005.0, Max: 12224, Diff: 428, Sum: 48020, Workers: 4
[246.467s][debug][gc,phases      ] GC(120)   ResolvedMethodTable Weak       Min:  0.0, Avg:  0.0, Max:  0.0, Diff:  0.0, Sum:  0.1, Workers: 4
[246.467s][debug][gc,phases      ] GC(120)     Dead                           Min: 0, Avg:  0.0, Max: 0, Diff: 0, Sum: 0, Workers: 4
[246.467s][debug][gc,phases      ] GC(120)     Total                          Min: 1915, Avg: 2043.8, Max: 2115, Diff: 200, Sum: 8175, Workers: 4
[246.467s][debug][gc,phases      ] GC(120)   JNI Weak                       Min:  0.0, Avg:  0.0, Max:  0.0, Diff:  0.0, Sum:  0.0, Workers: 4
[246.467s][debug][gc,phases      ] GC(120)     Dead                           Min: 0, Avg:  0.0, Max: 0, Diff: 0, Sum: 0, Workers: 4
[246.467s][debug][gc,phases      ] GC(120)     Total                          Min: 0, Avg:  0.0, Max: 0, Diff: 0, Sum: 0, Workers: 4
[246.467s][debug][gc,phases      ] GC(120)   StringDedup Table Weak         Min:  0.0, Avg:  0.0, Max:  0.0, Diff:  0.0, Sum:  0.0, Workers: 4
[246.467s][debug][gc,phases      ] GC(120)     Dead                           Min: 0, Avg:  0.0, Max: 0, Diff: 0, Sum: 0, Workers: 4
[246.467s][debug][gc,phases      ] GC(120)     Total                          Min: 0, Avg:  0.0, Max: 0, Diff: 0, Sum: 0, Workers: 4
[246.467s][debug][gc,phases      ] GC(120)   StringDedup Requests0 Weak     Min:  0.0, Avg:  0.0, Max:  0.0, Diff:  0.0, Sum:  0.0, Workers: 4
[246.467s][debug][gc,phases      ] GC(120)     Dead                           Min: 0, Avg:  0.0, Max: 0, Diff: 0, Sum: 0, Workers: 4
[246.467s][debug][gc,phases      ] GC(120)     Total                          Min: 0, Avg:  0.0, Max: 0, Diff: 0, Sum: 0, Workers: 4
[246.467s][debug][gc,phases      ] GC(120)   StringDedup Requests1 Weak     Min:  0.0, Avg:  0.0, Max:  0.0, Diff:  0.0, Sum:  0.0, Workers: 4
[246.467s][debug][gc,phases      ] GC(120)     Dead                           Min: 0, Avg:  0.0, Max: 0, Diff: 0, Sum: 0, Workers: 4
[246.467s][debug][gc,phases      ] GC(120)     Total                          Min: 0, Avg:  0.0, Max: 0, Diff: 0, Sum: 0, Workers: 4
[246.467s][debug][gc,phases      ] GC(120)   Weak JFR Old Object Samples    Min:  0.0, Avg:  0.0, Max:  0.0, Diff:  0.0, Sum:  0.0, Workers: 4
[246.467s][debug][gc,phases      ] GC(120)     Dead                           Min: 0, Avg:  0.0, Max: 0, Diff: 0, Sum: 0, Workers: 4
[246.467s][debug][gc,phases      ] GC(120)     Total                          Min: 0, Avg:  0.0, Max: 0, Diff: 0, Sum: 0, Workers: 4
[246.467s][debug][gc,phases      ] GC(120) Weak Processing 0.289ms
[246.467s][debug][gc,age         ] GC(120) Desired survivor size 230162432 bytes, new threshold 15 (max threshold 15)
[246.467s][info ][gc,heap        ] GC(120) PSYoungGen: 1838363K(1880064K)->172745K(1868800K) Eden: 1695744K(1695744K)->0K(1695744K) From: 142619K(184320K)->172745K(173056K)
[246.467s][info ][gc,heap        ] GC(120) ParOldGen: 441000K(542208K)->441032K(542208K)
[246.467s][info ][gc,metaspace   ] GC(120) Metaspace: 82907K(83712K)->82907K(83712K) NonClass: 71232K(71680K)->71232K(71680K) Class: 11674K(12032K)->11674K(12032K)
[246.467s][info ][gc             ] GC(120) Pause Young (Allocation Failure) 2225M->599M(2354M) 31.927ms
[246.467s][info ][gc,cpu         ] GC(120) User=0.13s Sys=0.00s Real=0.03s
[246.467s][info ][safepoint      ] Safepoint "ParallelGCFailedAllocation", Time since last: 380841565 ns, Reaching safepoint: 99200 ns, At safepoint: 31991339 ns, Total: 32090539 ns
[247.467s][info ][safepoint      ] Safepoint "Cleanup", Time since last: 1000081821 ns, Reaching safepoint: 126400 ns, At safepoint: 12500 ns, Total: 138900 ns
[248.467s][info ][safepoint      ] Safepoint "Cleanup", Time since last: 1000088120 ns, Reaching safepoint: 44900 ns, At safepoint: 11200 ns, Total: 56100 ns
[249.467s][info ][safepoint      ] Safepoint "Cleanup", Time since last: 1000092721 ns, Reaching safepoint: 108600 ns, At safepoint: 9500 ns, Total: 118100 ns
[252.468s][info ][safepoint      ] Safepoint "Cleanup", Time since last: 3000225261 ns, Reaching safepoint: 113800 ns, At safepoint: 6100 ns, Total: 119900 ns
[253.468s][info ][safepoint      ] Safepoint "Cleanup", Time since last: 1000094020 ns, Reaching safepoint: 118301 ns, At safepoint: 5600 ns, Total: 123901 ns
[255.468s][info ][safepoint      ] Safepoint "Cleanup", Time since last: 2000156640 ns, Reaching safepoint: 112900 ns, At safepoint: 5300 ns, Total: 118200 ns
[256.469s][info ][safepoint      ] Safepoint "Cleanup", Time since last: 1000102620 ns, Reaching safepoint: 113200 ns, At safepoint: 14100 ns, Total: 127300 ns
[257.469s][info ][safepoint      ] Safepoint "Cleanup", Time since last: 1000094220 ns, Reaching safepoint: 112800 ns, At safepoint: 5100 ns, Total: 117900 ns
[261.469s][info ][safepoint      ] Safepoint "Cleanup", Time since last: 4000291780 ns, Reaching safepoint: 112800 ns, At safepoint: 9600 ns, Total: 122400 ns
[262.469s][info ][safepoint      ] Safepoint "Cleanup", Time since last: 1000095120 ns, Reaching safepoint: 114100 ns, At safepoint: 9200 ns, Total: 123300 ns
[263.470s][info ][safepoint      ] Safepoint "Cleanup", Time since last: 1000099919 ns, Reaching safepoint: 120601 ns, At safepoint: 9000 ns, Total: 129601 ns
[264.470s][info ][safepoint      ] Safepoint "Cleanup", Time since last: 1000094519 ns, Reaching safepoint: 110500 ns, At safepoint: 5400 ns, Total: 115900 ns
[266.470s][info ][safepoint      ] Safepoint "Cleanup", Time since last: 2000162339 ns, Reaching safepoint: 88000 ns, At safepoint: 9500 ns, Total: 97500 ns
[267.470s][info ][safepoint      ] Safepoint "Cleanup", Time since last: 1000111520 ns, Reaching safepoint: 63500 ns, At safepoint: 5900 ns, Total: 69400 ns
[268.470s][info ][safepoint      ] Safepoint "Cleanup", Time since last: 1000101219 ns, Reaching safepoint: 49700 ns, At safepoint: 5400 ns, Total: 55100 ns
[269.471s][info ][safepoint      ] Safepoint "Cleanup", Time since last: 1000098720 ns, Reaching safepoint: 115300 ns, At safepoint: 9400 ns, Total: 124700 ns
[270.471s][info ][safepoint      ] Safepoint "Cleanup", Time since last: 1000089719 ns, Reaching safepoint: 41300 ns, At safepoint: 2800 ns, Total: 44100 ns
[271.471s][info ][safepoint      ] Safepoint "Cleanup", Time since last: 1000091619 ns, Reaching safepoint: 47500 ns, At safepoint: 6100 ns, Total: 53600 ns
[272.471s][info ][safepoint      ] Safepoint "Cleanup", Time since last: 1000080119 ns, Reaching safepoint: 47700 ns, At safepoint: 6700 ns, Total: 54400 ns
[273.837s][info ][gc,start       ] GC(121) Pause Young (Allocation Failure)
[273.874s][debug][gc,phases      ] GC(121) Scavenge 36.577ms
[273.874s][debug][gc,ref         ] GC(121) Skipped phase 1 of Reference Processing: no references
[273.874s][debug][gc,ref         ] GC(121) ReferenceProcessor::execute queues: 1, RefProcThreadModel::Single, marks_oops_alive: false
[273.874s][debug][gc,ref         ] GC(121) Skipped phase 3 of Reference Processing: no references
[273.874s][debug][gc,ref         ] GC(121) ReferenceProcessor::execute queues: 1, RefProcThreadModel::Single, marks_oops_alive: false
[273.874s][debug][gc,phases      ] GC(121) Reference Processing 0.126ms
[273.874s][debug][gc,phases      ] GC(121)   VM Weak                        Min:  0.0, Avg:  0.0, Max:  0.0, Diff:  0.0, Sum:  0.0, Workers: 4
[273.874s][debug][gc,phases      ] GC(121)     Dead                           Min: 0, Avg:  0.0, Max: 0, Diff: 0, Sum: 0, Workers: 4
[273.874s][debug][gc,phases      ] GC(121)     Total                          Min: 0, Avg: 169.8, Max: 679, Diff: 679, Sum: 679, Workers: 4
[273.874s][debug][gc,phases      ] GC(121)   ObjectSynchronizer Weak        Min:  0.0, Avg:  0.0, Max:  0.0, Diff:  0.0, Sum:  0.0, Workers: 4
[273.874s][debug][gc,phases      ] GC(121)     Dead                           Min: 0, Avg:  0.0, Max: 0, Diff: 0, Sum: 0, Workers: 4
[273.874s][debug][gc,phases      ] GC(121)     Total                          Min: 0, Avg: 94.8, Max: 251, Diff: 251, Sum: 379, Workers: 4
[273.874s][debug][gc,phases      ] GC(121)   JVMTI Tag Weak OopStorage      Min:  0.0, Avg:  0.0, Max:  0.0, Diff:  0.0, Sum:  0.0, Workers: 4
[273.874s][debug][gc,phases      ] GC(121)     Dead                           Min: 0, Avg:  0.0, Max: 0, Diff: 0, Sum: 0, Workers: 4
[273.874s][debug][gc,phases      ] GC(121)     Total                          Min: 0, Avg:  0.0, Max: 0, Diff: 0, Sum: 0, Workers: 4
[273.874s][debug][gc,phases      ] GC(121)   StringTable Weak               Min:  0.1, Avg:  0.1, Max:  0.1, Diff:  0.0, Sum:  0.4, Workers: 4
[273.874s][debug][gc,phases      ] GC(121)     Dead                           Min: 0, Avg:  0.0, Max: 0, Diff: 0, Sum: 0, Workers: 4
[273.874s][debug][gc,phases      ] GC(121)     Total                          Min: 9408, Avg: 12011.2, Max: 14656, Diff: 5248, Sum: 48045, Workers: 4
[273.874s][debug][gc,phases      ] GC(121)   ResolvedMethodTable Weak       Min:  0.0, Avg:  0.0, Max:  0.0, Diff:  0.0, Sum:  0.1, Workers: 4
[273.874s][debug][gc,phases      ] GC(121)     Dead                           Min: 0, Avg:  0.0, Max: 0, Diff: 0, Sum: 0, Workers: 4
[273.874s][debug][gc,phases      ] GC(121)     Total                          Min: 1664, Avg: 2046.2, Max: 2496, Diff: 832, Sum: 8185, Workers: 4
[273.874s][debug][gc,phases      ] GC(121)   JNI Weak                       Min:  0.0, Avg:  0.0, Max:  0.0, Diff:  0.0, Sum:  0.0, Workers: 4
[273.874s][debug][gc,phases      ] GC(121)     Dead                           Min: 0, Avg:  0.0, Max: 0, Diff: 0, Sum: 0, Workers: 4
[273.874s][debug][gc,phases      ] GC(121)     Total                          Min: 0, Avg:  0.0, Max: 0, Diff: 0, Sum: 0, Workers: 4
[273.874s][debug][gc,phases      ] GC(121)   StringDedup Table Weak         Min:  0.0, Avg:  0.0, Max:  0.0, Diff:  0.0, Sum:  0.0, Workers: 4
[273.874s][debug][gc,phases      ] GC(121)     Dead                           Min: 0, Avg:  0.0, Max: 0, Diff: 0, Sum: 0, Workers: 4
[273.874s][debug][gc,phases      ] GC(121)     Total                          Min: 0, Avg:  0.0, Max: 0, Diff: 0, Sum: 0, Workers: 4
[273.874s][debug][gc,phases      ] GC(121)   StringDedup Requests0 Weak     Min:  0.0, Avg:  0.0, Max:  0.0, Diff:  0.0, Sum:  0.0, Workers: 4
[273.874s][debug][gc,phases      ] GC(121)     Dead                           Min: 0, Avg:  0.0, Max: 0, Diff: 0, Sum: 0, Workers: 4
[273.874s][debug][gc,phases      ] GC(121)     Total                          Min: 0, Avg:  0.0, Max: 0, Diff: 0, Sum: 0, Workers: 4
[273.874s][debug][gc,phases      ] GC(121)   StringDedup Requests1 Weak     Min:  0.0, Avg:  0.0, Max:  0.0, Diff:  0.0, Sum:  0.0, Workers: 4
[273.874s][debug][gc,phases      ] GC(121)     Dead                           Min: 0, Avg:  0.0, Max: 0, Diff: 0, Sum: 0, Workers: 4
[273.875s][debug][gc,phases      ] GC(121)     Total                          Min: 0, Avg:  0.0, Max: 0, Diff: 0, Sum: 0, Workers: 4
[273.875s][debug][gc,phases      ] GC(121)   Weak JFR Old Object Samples    Min:  0.0, Avg:  0.0, Max:  0.0, Diff:  0.0, Sum:  0.0, Workers: 4
[273.875s][debug][gc,phases      ] GC(121)     Dead                           Min: 0, Avg:  0.0, Max: 0, Diff: 0, Sum: 0, Workers: 4
[273.875s][debug][gc,phases      ] GC(121)     Total                          Min: 0, Avg:  0.0, Max: 0, Diff: 0, Sum: 0, Workers: 4
[273.875s][debug][gc,phases      ] GC(121) Weak Processing 0.263ms
[273.875s][debug][gc,age         ] GC(121) Desired survivor size 254803968 bytes, new threshold 15 (max threshold 15)
[273.875s][info ][gc,heap        ] GC(121) PSYoungGen: 1868489K(1868800K)->185805K(1824256K) Eden: 1695744K(1695744K)->0K(1599488K) From: 172745K(173056K)->185805K(224768K)
[273.875s][info ][gc,heap        ] GC(121) ParOldGen: 441032K(542208K)->441064K(542208K)
[273.875s][info ][gc,metaspace   ] GC(121) Metaspace: 82951K(83776K)->82951K(83776K) NonClass: 71273K(71744K)->71273K(71744K) Class: 11677K(12032K)->11677K(12032K)
[273.875s][info ][gc             ] GC(121) Pause Young (Allocation Failure) 2255M->612M(2311M) 37.085ms
[273.875s][info ][gc,cpu         ] GC(121) User=0.14s Sys=0.00s Real=0.04s
[273.875s][info ][safepoint      ] Safepoint "ParallelGCFailedAllocation", Time since last: 1366322866 ns, Reaching safepoint: 40200 ns, At safepoint: 37162245 ns, Total: 37202445 ns
[274.875s][info ][safepoint      ] Safepoint "Cleanup", Time since last: 1000083519 ns, Reaching safepoint: 46100 ns, At safepoint: 2400 ns, Total: 48500 ns
[275.875s][info ][safepoint      ] Safepoint "Cleanup", Time since last: 1000091919 ns, Reaching safepoint: 114500 ns, At safepoint: 9600 ns, Total: 124100 ns
[278.875s][info ][safepoint      ] Safepoint "Cleanup", Time since last: 3000149556 ns, Reaching safepoint: 56100 ns, At safepoint: 3300 ns, Total: 59400 ns
[279.875s][info ][safepoint      ] Safepoint "Cleanup", Time since last: 1000111919 ns, Reaching safepoint: 40800 ns, At safepoint: 5500 ns, Total: 46300 ns
[280.875s][info ][safepoint      ] Safepoint "Cleanup", Time since last: 1000097219 ns, Reaching safepoint: 40500 ns, At safepoint: 3800 ns, Total: 44300 ns
[281.876s][info ][safepoint      ] Safepoint "Cleanup", Time since last: 1000095918 ns, Reaching safepoint: 42200 ns, At safepoint: 3300 ns, Total: 45500 ns
[285.876s][info ][safepoint      ] Safepoint "Cleanup", Time since last: 4000281674 ns, Reaching safepoint: 51300 ns, At safepoint: 6700 ns, Total: 58000 ns
[286.876s][info ][safepoint      ] Safepoint "Cleanup", Time since last: 1000096518 ns, Reaching safepoint: 44300 ns, At safepoint: 3200 ns, Total: 47500 ns
[287.876s][info ][safepoint      ] Safepoint "Cleanup", Time since last: 1000113719 ns, Reaching safepoint: 49300 ns, At safepoint: 3500 ns, Total: 52800 ns
[295.877s][info ][safepoint      ] Safepoint "Cleanup", Time since last: 8000557443 ns, Reaching safepoint: 40800 ns, At safepoint: 3400 ns, Total: 44200 ns
[298.877s][info ][safepoint      ] Safepoint "Cleanup", Time since last: 3000228853 ns, Reaching safepoint: 46400 ns, At safepoint: 2400 ns, Total: 48800 ns
[299.877s][info ][safepoint      ] Safepoint "Cleanup", Time since last: 1000100517 ns, Reaching safepoint: 48200 ns, At safepoint: 4900 ns, Total: 53100 ns
[300.877s][info ][safepoint      ] Safepoint "Cleanup", Time since last: 1000101818 ns, Reaching safepoint: 85800 ns, At safepoint: 9500 ns, Total: 95300 ns
[301.878s][info ][safepoint      ] Safepoint "Cleanup", Time since last: 1000095617 ns, Reaching safepoint: 64400 ns, At safepoint: 5900 ns, Total: 70300 ns
[302.878s][info ][safepoint      ] Safepoint "Cleanup", Time since last: 1000087018 ns, Reaching safepoint: 44700 ns, At safepoint: 2200 ns, Total: 46900 ns
[303.878s][info ][safepoint      ] Safepoint "Cleanup", Time since last: 1000118917 ns, Reaching safepoint: 39300 ns, At safepoint: 2600 ns, Total: 41900 ns
[304.878s][info ][safepoint      ] Safepoint "Cleanup", Time since last: 1000093717 ns, Reaching safepoint: 45101 ns, At safepoint: 2300 ns, Total: 47401 ns
[305.878s][info ][safepoint      ] Safepoint "Cleanup", Time since last: 1000087217 ns, Reaching safepoint: 44000 ns, At safepoint: 2900 ns, Total: 46900 ns
[306.878s][info ][safepoint      ] Safepoint "Cleanup", Time since last: 1000092617 ns, Reaching safepoint: 47000 ns, At safepoint: 2400 ns, Total: 49400 ns
[307.879s][info ][safepoint      ] Safepoint "Cleanup", Time since last: 1000091417 ns, Reaching safepoint: 40200 ns, At safepoint: 16300 ns, Total: 56500 ns
[309.611s][info ][safepoint      ] Safepoint "Cleanup", Time since last: 1732175108 ns, Reaching safepoint: 77700 ns, At safepoint: 5800 ns, Total: 83500 ns
[312.611s][info ][safepoint      ] Safepoint "Cleanup", Time since last: 3000252951 ns, Reaching safepoint: 44400 ns, At safepoint: 9400 ns, Total: 53800 ns
[313.611s][info ][safepoint      ] Safepoint "Cleanup", Time since last: 1000094016 ns, Reaching safepoint: 65800 ns, At safepoint: 10100 ns, Total: 75900 ns
[314.611s][info ][safepoint      ] Safepoint "Cleanup", Time since last: 1000103617 ns, Reaching safepoint: 116400 ns, At safepoint: 6300 ns, Total: 122700 ns
[317.612s][info ][safepoint      ] Safepoint "Cleanup", Time since last: 3000219950 ns, Reaching safepoint: 106500 ns, At safepoint: 6800 ns, Total: 113300 ns
[320.359s][info ][gc,start       ] GC(122) Pause Young (Allocation Failure)
[320.390s][debug][gc,phases      ] GC(122) Scavenge 31.175ms
[320.390s][debug][gc,ref         ] GC(122) Skipped phase 1 of Reference Processing: no references
[320.390s][debug][gc,ref         ] GC(122) ReferenceProcessor::execute queues: 1, RefProcThreadModel::Single, marks_oops_alive: false
[320.390s][debug][gc,ref         ] GC(122) Skipped phase 3 of Reference Processing: no references
[320.390s][debug][gc,ref         ] GC(122) ReferenceProcessor::execute queues: 1, RefProcThreadModel::Single, marks_oops_alive: false
[320.390s][debug][gc,phases      ] GC(122) Reference Processing 0.095ms
[320.390s][debug][gc,phases      ] GC(122)   VM Weak                        Min:  0.0, Avg:  0.0, Max:  0.0, Diff:  0.0, Sum:  0.0, Workers: 4
[320.390s][debug][gc,phases      ] GC(122)     Dead                           Min: 0, Avg:  0.0, Max: 0, Diff: 0, Sum: 0, Workers: 4
[320.390s][debug][gc,phases      ] GC(122)     Total                          Min: 0, Avg: 169.8, Max: 512, Diff: 512, Sum: 679, Workers: 4
[320.390s][debug][gc,phases      ] GC(122)   ObjectSynchronizer Weak        Min:  0.0, Avg:  0.0, Max:  0.0, Diff:  0.0, Sum:  0.0, Workers: 4
[320.390s][debug][gc,phases      ] GC(122)     Dead                           Min: 0, Avg:  0.0, Max: 0, Diff: 0, Sum: 0, Workers: 4
[320.390s][debug][gc,phases      ] GC(122)     Total                          Min: 0, Avg: 95.0, Max: 128, Diff: 128, Sum: 380, Workers: 4
[320.390s][debug][gc,phases      ] GC(122)   JVMTI Tag Weak OopStorage      Min:  0.0, Avg:  0.0, Max:  0.0, Diff:  0.0, Sum:  0.0, Workers: 4
[320.390s][debug][gc,phases      ] GC(122)     Dead                           Min: 0, Avg:  0.0, Max: 0, Diff: 0, Sum: 0, Workers: 4
[320.390s][debug][gc,phases      ] GC(122)     Total                          Min: 0, Avg:  0.0, Max: 0, Diff: 0, Sum: 0, Workers: 4
[320.390s][debug][gc,phases      ] GC(122)   StringTable Weak               Min:  0.1, Avg:  0.1, Max:  0.1, Diff:  0.0, Sum:  0.4, Workers: 4
[320.390s][debug][gc,phases      ] GC(122)     Dead                           Min: 0, Avg:  0.2, Max: 1, Diff: 1, Sum: 1, Workers: 4
[320.390s][debug][gc,phases      ] GC(122)     Total                          Min: 8448, Avg: 12025.5, Max: 14439, Diff: 5991, Sum: 48102, Workers: 4
[320.390s][debug][gc,phases      ] GC(122)   ResolvedMethodTable Weak       Min:  0.0, Avg:  0.0, Max:  0.0, Diff:  0.0, Sum:  0.1, Workers: 4
[320.390s][debug][gc,phases      ] GC(122)     Dead                           Min: 0, Avg:  0.2, Max: 1, Diff: 1, Sum: 1, Workers: 4
[320.390s][debug][gc,phases      ] GC(122)     Total                          Min: 1408, Avg: 2047.0, Max: 2361, Diff: 953, Sum: 8188, Workers: 4
[320.390s][debug][gc,phases      ] GC(122)   JNI Weak                       Min:  0.0, Avg:  0.0, Max:  0.0, Diff:  0.0, Sum:  0.0, Workers: 4
[320.390s][debug][gc,phases      ] GC(122)     Dead                           Min: 0, Avg:  0.0, Max: 0, Diff: 0, Sum: 0, Workers: 4
[320.390s][debug][gc,phases      ] GC(122)     Total                          Min: 0, Avg:  0.0, Max: 0, Diff: 0, Sum: 0, Workers: 4
[320.390s][debug][gc,phases      ] GC(122)   StringDedup Table Weak         Min:  0.0, Avg:  0.0, Max:  0.0, Diff:  0.0, Sum:  0.0, Workers: 4
[320.390s][debug][gc,phases      ] GC(122)     Dead                           Min: 0, Avg:  0.0, Max: 0, Diff: 0, Sum: 0, Workers: 4
[320.390s][debug][gc,phases      ] GC(122)     Total                          Min: 0, Avg:  0.0, Max: 0, Diff: 0, Sum: 0, Workers: 4
[320.390s][debug][gc,phases      ] GC(122)   StringDedup Requests0 Weak     Min:  0.0, Avg:  0.0, Max:  0.0, Diff:  0.0, Sum:  0.0, Workers: 4
[320.390s][debug][gc,phases      ] GC(122)     Dead                           Min: 0, Avg:  0.0, Max: 0, Diff: 0, Sum: 0, Workers: 4
[320.390s][debug][gc,phases      ] GC(122)     Total                          Min: 0, Avg:  0.0, Max: 0, Diff: 0, Sum: 0, Workers: 4
[320.390s][debug][gc,phases      ] GC(122)   StringDedup Requests1 Weak     Min:  0.0, Avg:  0.0, Max:  0.0, Diff:  0.0, Sum:  0.0, Workers: 4
[320.390s][debug][gc,phases      ] GC(122)     Dead                           Min: 0, Avg:  0.0, Max: 0, Diff: 0, Sum: 0, Workers: 4
[320.390s][debug][gc,phases      ] GC(122)     Total                          Min: 0, Avg:  0.0, Max: 0, Diff: 0, Sum: 0, Workers: 4
[320.390s][debug][gc,phases      ] GC(122)   Weak JFR Old Object Samples    Min:  0.0, Avg:  0.0, Max:  0.0, Diff:  0.0, Sum:  0.0, Workers: 4
[320.390s][debug][gc,phases      ] GC(122)     Dead                           Min: 0, Avg:  0.0, Max: 0, Diff: 0, Sum: 0, Workers: 4
[320.390s][debug][gc,phases      ] GC(122)     Total                          Min: 0, Avg:  0.0, Max: 0, Diff: 0, Sum: 0, Workers: 4
[320.390s][debug][gc,phases      ] GC(122) Weak Processing 0.279ms
[320.390s][debug][gc,age         ] GC(122) Desired survivor size 274202624 bytes, new threshold 15 (max threshold 15)
[320.390s][info ][gc,heap        ] GC(122) PSYoungGen: 1785293K(1824256K)->187798K(1787392K) Eden: 1599488K(1599488K)->0K(1599488K) From: 185805K(224768K)->187798K(187904K)
[320.390s][info ][gc,heap        ] GC(122) ParOldGen: 441064K(542208K)->441104K(542208K)
[320.390s][info ][gc,metaspace   ] GC(122) Metaspace: 83067K(83904K)->83067K(83904K) NonClass: 71385K(71872K)->71385K(71872K) Class: 11682K(12032K)->11682K(12032K)
[320.390s][info ][gc             ] GC(122) Pause Young (Allocation Failure) 2174M->614M(2275M) 31.649ms
[320.390s][info ][gc,cpu         ] GC(122) User=0.12s Sys=0.00s Real=0.03s
[320.390s][info ][safepoint      ] Safepoint "ParallelGCFailedAllocation", Time since last: 2746789241 ns, Reaching safepoint: 127100 ns, At safepoint: 31726539 ns, Total: 31853639 ns
[321.391s][info ][safepoint      ] Safepoint "Cleanup", Time since last: 1000079416 ns, Reaching safepoint: 85500 ns, At safepoint: 9200 ns, Total: 94700 ns
[322.391s][info ][safepoint      ] Safepoint "Cleanup", Time since last: 1000119617 ns, Reaching safepoint: 34100 ns, At safepoint: 3200 ns, Total: 37300 ns
[323.391s][info ][safepoint      ] Safepoint "Cleanup", Time since last: 1000057216 ns, Reaching safepoint: 31300 ns, At safepoint: 3400 ns, Total: 34700 ns
[327.391s][info ][safepoint      ] Safepoint "Cleanup", Time since last: 4000284764 ns, Reaching safepoint: 44900 ns, At safepoint: 12000 ns, Total: 56900 ns
[329.391s][info ][safepoint      ] Safepoint "Cleanup", Time since last: 2000155532 ns, Reaching safepoint: 37200 ns, At safepoint: 7200 ns, Total: 44400 ns
[358.393s][info ][safepoint      ] Safepoint "Cleanup", Time since last: 29001886837 ns, Reaching safepoint: 43700 ns, At safepoint: 3200 ns, Total: 46900 ns
[389.395s][info ][safepoint      ] Safepoint "Cleanup", Time since last: 31002083821 ns, Reaching safepoint: 27800 ns, At safepoint: 2600 ns, Total: 30400 ns
[403.396s][info ][safepoint      ] Safepoint "Cleanup", Time since last: 14000958675 ns, Reaching safepoint: 47100 ns, At safepoint: 3200 ns, Total: 50300 ns
[439.399s][info ][safepoint      ] Safepoint "Cleanup", Time since last: 36002385308 ns, Reaching safepoint: 46900 ns, At safepoint: 5100 ns, Total: 52000 ns
[480.402s][info ][safepoint      ] Safepoint "Cleanup", Time since last: 41002671798 ns, Reaching safepoint: 47100 ns, At safepoint: 3600 ns, Total: 50700 ns
[481.402s][info ][safepoint      ] Safepoint "Cleanup", Time since last: 1000081009 ns, Reaching safepoint: 27500 ns, At safepoint: 2700 ns, Total: 30200 ns
[483.402s][info ][safepoint      ] Safepoint "Cleanup", Time since last: 2000150918 ns, Reaching safepoint: 46900 ns, At safepoint: 3200 ns, Total: 50100 ns
[512.404s][info ][safepoint      ] Safepoint "Cleanup", Time since last: 29002024538 ns, Reaching safepoint: 58500 ns, At safepoint: 6400 ns, Total: 64900 ns
[523.405s][info ][safepoint      ] Safepoint "Cleanup", Time since last: 11000756781 ns, Reaching safepoint: 39600 ns, At safepoint: 3101 ns, Total: 42701 ns
[601.410s][info ][safepoint      ] Safepoint "Cleanup", Time since last: 78005021958 ns, Reaching safepoint: 37500 ns, At safepoint: 2300 ns, Total: 39800 ns
[629.412s][info ][safepoint      ] Safepoint "Cleanup", Time since last: 28001924817 ns, Reaching safepoint: 38900 ns, At safepoint: 1900 ns, Total: 40800 ns
[629.979s][info ][gc,heap,exit   ] Heap
[629.979s][info ][gc,heap,exit   ]  PSYoungGen      total 1787392K, used 1014164K [0x0000000780000000, 0x0000000800000000, 0x0000000800000000)
[629.979s][info ][gc,heap,exit   ]   eden space 1599488K, 51% used [0x0000000780000000,0x00000007b26ff8c8,0x00000007e1a00000)
[629.979s][info ][gc,heap,exit   ]   from space 187904K, 99% used [0x00000007e1a00000,0x00000007ed165960,0x00000007ed180000)
[629.979s][info ][gc,heap,exit   ]   to   space 267776K, 0% used [0x00000007efa80000,0x00000007efa80000,0x0000000800000000)
[629.979s][info ][gc,heap,exit   ]  ParOldGen       total 542208K, used 441104K [0x0000000740000000, 0x0000000761180000, 0x0000000780000000)
[629.979s][info ][gc,heap,exit   ]   object space 542208K, 81% used [0x0000000740000000,0x000000075aec4040,0x0000000761180000)
[629.979s][info ][gc,heap,exit   ]  Metaspace       used 83139K, committed 83968K, reserved 1122304K
[629.979s][info ][gc,heap,exit   ]   class space    used 11690K, committed 12096K, reserved 1048576K
