[0.003s][info][gc] Using Parallel
[0.004s][info][gc,init] Version: 17.0.2+8-LTS (release)
[0.004s][info][gc,init] CPUs: 8 total, 8 available
[0.004s][info][gc,init] Memory: 32112M
[0.004s][info][gc,init] Large Page Support: Disabled
[0.004s][info][gc,init] NUMA Support: Disabled
[0.004s][info][gc,init] Compressed Oops: Enabled (Zero based)
[0.004s][info][gc,init] Alignments: Space 512K, Generation 512K, Heap 2M
[0.004s][info][gc,init] Heap Min Capacity: 2054M
[0.004s][info][gc,init] Heap Initial Capacity: 2054M
[0.004s][info][gc,init] Heap Max Capacity: 3G
[0.004s][info][gc,init] Pre-touch: Disabled
[0.004s][info][gc,init] Parallel Workers: 4
[0.004s][info][gc,metaspace] CDS archive(s) not mapped
[0.004s][info][gc,metaspace] Compressed class space mapped at: 0x0000000800000000-0x0000000840000000, reserved size: 1073741824
[0.004s][info][gc,metaspace] Narrow klass base: 0x0000000800000000, Narrow klass shift: 0, Narrow klass range: 0x40000000
[0.682s][info][safepoint   ] Safepoint "ICBufferFull", Time since last: 661482621 ns, Reaching safepoint: 143602 ns, At safepoint: 4700 ns, Total: 148302 ns
[0.940s][info][safepoint   ] Safepoint "ICBufferFull", Time since last: 257907148 ns, Reaching safepoint: 213804 ns, At safepoint: 6400 ns, Total: 220204 ns
[1.126s][info][gc,start    ] GC(0) Pause Young (Metadata GC Threshold)
[1.136s][debug][gc,phases   ] GC(0) Scavenge 9.939ms
[1.136s][debug][gc,ref      ] GC(0) Skipped phase 1 of Reference Processing: no references
[1.136s][debug][gc,ref      ] GC(0) ReferenceProcessor::execute queues: 1, RefProcThreadModel::Single, marks_oops_alive: false
[1.136s][debug][gc,ref      ] GC(0) Skipped phase 3 of Reference Processing: no references
[1.136s][debug][gc,ref      ] GC(0) ReferenceProcessor::execute queues: 1, RefProcThreadModel::Single, marks_oops_alive: false
[1.136s][debug][gc,phases   ] GC(0) Reference Processing 0.125ms
[1.137s][debug][gc,phases   ] GC(0)   VM Weak                        Min:  0.0, Avg:  0.0, Max:  0.0, Diff:  0.0, Sum:  0.0, Workers: 4
[1.137s][debug][gc,phases   ] GC(0)     Dead                           Min: 0, Avg:  0.0, Max: 0, Diff: 0, Sum: 0, Workers: 4
[1.137s][debug][gc,phases   ] GC(0)     Total                          Min: 0, Avg: 24.0, Max: 64, Diff: 64, Sum: 96, Workers: 4
[1.137s][debug][gc,phases   ] GC(0)   ObjectSynchronizer Weak        Min:  0.0, Avg:  0.0, Max:  0.0, Diff:  0.0, Sum:  0.0, Workers: 4
[1.137s][debug][gc,phases   ] GC(0)     Dead                           Min: 0, Avg:  0.2, Max: 1, Diff: 1, Sum: 1, Workers: 4
[1.137s][debug][gc,phases   ] GC(0)     Total                          Min: 0, Avg:  1.0, Max: 4, Diff: 4, Sum: 4, Workers: 4
[1.137s][debug][gc,phases   ] GC(0)   JVMTI Tag Weak OopStorage      Min:  0.0, Avg:  0.0, Max:  0.0, Diff:  0.0, Sum:  0.0, Workers: 4
[1.137s][debug][gc,phases   ] GC(0)     Dead                           Min: 0, Avg:  0.0, Max: 0, Diff: 0, Sum: 0, Workers: 4
[1.137s][debug][gc,phases   ] GC(0)     Total                          Min: 0, Avg:  0.0, Max: 0, Diff: 0, Sum: 0, Workers: 4
[1.137s][debug][gc,phases   ] GC(0)   StringTable Weak               Min:  0.1, Avg:  0.1, Max:  0.1, Diff:  0.0, Sum:  0.4, Workers: 4
[1.137s][debug][gc,phases   ] GC(0)     Dead                           Min: 2, Avg:  7.0, Max: 18, Diff: 16, Sum: 28, Workers: 4
[1.137s][debug][gc,phases   ] GC(0)     Total                          Min: 1920, Avg: 2880.5, Max: 4098, Diff: 2178, Sum: 11522, Workers: 4
[1.137s][debug][gc,phases   ] GC(0)   ResolvedMethodTable Weak       Min:  0.0, Avg:  0.0, Max:  0.0, Diff:  0.0, Sum:  0.0, Workers: 4
[1.137s][debug][gc,phases   ] GC(0)     Dead                           Min: 1, Avg:  7.0, Max: 16, Diff: 15, Sum: 28, Workers: 4
[1.137s][debug][gc,phases   ] GC(0)     Total                          Min: 64, Avg: 141.2, Max: 192, Diff: 128, Sum: 565, Workers: 4
[1.137s][debug][gc,phases   ] GC(0)   JNI Weak                       Min:  0.0, Avg:  0.0, Max:  0.0, Diff:  0.0, Sum:  0.0, Workers: 4
[1.137s][debug][gc,phases   ] GC(0)     Dead                           Min: 0, Avg:  0.0, Max: 0, Diff: 0, Sum: 0, Workers: 4
[1.137s][debug][gc,phases   ] GC(0)     Total                          Min: 0, Avg:  0.0, Max: 0, Diff: 0, Sum: 0, Workers: 4
[1.137s][debug][gc,phases   ] GC(0)   StringDedup Table Weak         Min:  0.0, Avg:  0.0, Max:  0.0, Diff:  0.0, Sum:  0.0, Workers: 4
[1.137s][debug][gc,phases   ] GC(0)     Dead                           Min: 0, Avg:  0.0, Max: 0, Diff: 0, Sum: 0, Workers: 4
[1.137s][debug][gc,phases   ] GC(0)     Total                          Min: 0, Avg:  0.0, Max: 0, Diff: 0, Sum: 0, Workers: 4
[1.137s][debug][gc,phases   ] GC(0)   StringDedup Requests0 Weak     Min:  0.0, Avg:  0.0, Max:  0.0, Diff:  0.0, Sum:  0.0, Workers: 4
[1.137s][debug][gc,phases   ] GC(0)     Dead                           Min: 0, Avg:  0.0, Max: 0, Diff: 0, Sum: 0, Workers: 4
[1.137s][debug][gc,phases   ] GC(0)     Total                          Min: 0, Avg:  0.0, Max: 0, Diff: 0, Sum: 0, Workers: 4
[1.137s][debug][gc,phases   ] GC(0)   StringDedup Requests1 Weak     Min:  0.0, Avg:  0.0, Max:  0.0, Diff:  0.0, Sum:  0.0, Workers: 4
[1.137s][debug][gc,phases   ] GC(0)     Dead                           Min: 0, Avg:  0.0, Max: 0, Diff: 0, Sum: 0, Workers: 4
[1.137s][debug][gc,phases   ] GC(0)     Total                          Min: 0, Avg:  0.0, Max: 0, Diff: 0, Sum: 0, Workers: 4
[1.137s][debug][gc,phases   ] GC(0)   Weak JFR Old Object Samples    Min:  0.0, Avg:  0.0, Max:  0.0, Diff:  0.0, Sum:  0.0, Workers: 4
[1.137s][debug][gc,phases   ] GC(0)     Dead                           Min: 0, Avg:  0.0, Max: 0, Diff: 0, Sum: 0, Workers: 4
[1.137s][debug][gc,phases   ] GC(0)     Total                          Min: 0, Avg:  0.0, Max: 0, Diff: 0, Sum: 0, Workers: 4
[1.137s][debug][gc,phases   ] GC(0) Weak Processing 0.286ms
[1.137s][debug][gc,age      ] GC(0) Desired survivor size 536870912 bytes, new threshold 7 (max threshold 15)
[1.137s][info ][gc,heap     ] GC(0) PSYoungGen: 232583K(1572864K)->27137K(1572864K) Eden: 232583K(1048576K)->0K(1048576K) From: 0K(524288K)->27137K(524288K)
[1.137s][info ][gc,heap     ] GC(0) ParOldGen: 0K(6144K)->88K(6144K)
[1.137s][info ][gc,metaspace] GC(0) Metaspace: 21314K(21504K)->21314K(21504K) NonClass: 18856K(18944K)->18856K(18944K) Class: 2457K(2560K)->2457K(2560K)
[1.137s][info ][gc          ] GC(0) Pause Young (Metadata GC Threshold) 227M->26M(1542M) 10.732ms
[1.137s][info ][gc,cpu      ] GC(0) User=0.03s Sys=0.01s Real=0.02s
[1.137s][debug][gc,phases   ] GC(1) Pre Compact 0.011ms
[1.137s][info ][gc,start    ] GC(1) Pause Full (Metadata GC Threshold)
[1.137s][info ][gc,phases,start] GC(1) Marking Phase
[1.142s][debug][gc,phases      ] GC(1) Par Mark 4.793ms
[1.142s][debug][gc,ref         ] GC(1) Skipped phase 1 of Reference Processing: no references
[1.142s][debug][gc,ref         ] GC(1) ReferenceProcessor::execute queues: 1, RefProcThreadModel::Single, marks_oops_alive: false
[1.142s][debug][gc,ref         ] GC(1) Skipped phase 3 of Reference Processing: no references
[1.142s][debug][gc,ref         ] GC(1) ReferenceProcessor::execute queues: 1, RefProcThreadModel::Single, marks_oops_alive: false
[1.142s][debug][gc,phases      ] GC(1) Reference Processing 0.119ms
[1.142s][debug][gc,phases      ] GC(1)   VM Weak                        Min:  0.0, Avg:  0.0, Max:  0.0, Diff:  0.0, Sum:  0.0, Workers: 4
[1.142s][debug][gc,phases      ] GC(1)     Dead                           Min: 0, Avg:  0.0, Max: 0, Diff: 0, Sum: 0, Workers: 4
[1.142s][debug][gc,phases      ] GC(1)     Total                          Min: 0, Avg: 24.0, Max: 96, Diff: 96, Sum: 96, Workers: 4
[1.142s][debug][gc,phases      ] GC(1)   ObjectSynchronizer Weak        Min:  0.0, Avg:  0.0, Max:  0.0, Diff:  0.0, Sum:  0.0, Workers: 4
[1.142s][debug][gc,phases      ] GC(1)     Dead                           Min: 0, Avg:  0.0, Max: 0, Diff: 0, Sum: 0, Workers: 4
[1.142s][debug][gc,phases      ] GC(1)     Total                          Min: 0, Avg:  1.0, Max: 4, Diff: 4, Sum: 4, Workers: 4
[1.142s][debug][gc,phases      ] GC(1)   JVMTI Tag Weak OopStorage      Min:  0.0, Avg:  0.0, Max:  0.0, Diff:  0.0, Sum:  0.0, Workers: 4
[1.142s][debug][gc,phases      ] GC(1)     Dead                           Min: 0, Avg:  0.0, Max: 0, Diff: 0, Sum: 0, Workers: 4
[1.142s][debug][gc,phases      ] GC(1)     Total                          Min: 0, Avg:  0.0, Max: 0, Diff: 0, Sum: 0, Workers: 4
[1.142s][debug][gc,phases      ] GC(1)   StringTable Weak               Min:  0.0, Avg:  0.0, Max:  0.0, Diff:  0.0, Sum:  0.1, Workers: 4
[1.142s][debug][gc,phases      ] GC(1)     Dead                           Min: 0, Avg:  0.0, Max: 0, Diff: 0, Sum: 0, Workers: 4
[1.142s][debug][gc,phases      ] GC(1)     Total                          Min: 2496, Avg: 2880.5, Max: 3650, Diff: 1154, Sum: 11522, Workers: 4
[1.142s][debug][gc,phases      ] GC(1)   ResolvedMethodTable Weak       Min:  0.0, Avg:  0.0, Max:  0.0, Diff:  0.0, Sum:  0.0, Workers: 4
[1.142s][debug][gc,phases      ] GC(1)     Dead                           Min: 0, Avg:  0.0, Max: 0, Diff: 0, Sum: 0, Workers: 4
[1.142s][debug][gc,phases      ] GC(1)     Total                          Min: 117, Avg: 141.2, Max: 192, Diff: 75, Sum: 565, Workers: 4
[1.142s][debug][gc,phases      ] GC(1)   JNI Weak                       Min:  0.0, Avg:  0.0, Max:  0.0, Diff:  0.0, Sum:  0.0, Workers: 4
[1.142s][debug][gc,phases      ] GC(1)     Dead                           Min: 0, Avg:  0.0, Max: 0, Diff: 0, Sum: 0, Workers: 4
[1.142s][debug][gc,phases      ] GC(1)     Total                          Min: 0, Avg:  0.0, Max: 0, Diff: 0, Sum: 0, Workers: 4
[1.142s][debug][gc,phases      ] GC(1)   StringDedup Table Weak         Min:  0.0, Avg:  0.0, Max:  0.0, Diff:  0.0, Sum:  0.0, Workers: 4
[1.142s][debug][gc,phases      ] GC(1)     Dead                           Min: 0, Avg:  0.0, Max: 0, Diff: 0, Sum: 0, Workers: 4
[1.142s][debug][gc,phases      ] GC(1)     Total                          Min: 0, Avg:  0.0, Max: 0, Diff: 0, Sum: 0, Workers: 4
[1.142s][debug][gc,phases      ] GC(1)   StringDedup Requests0 Weak     Min:  0.0, Avg:  0.0, Max:  0.0, Diff:  0.0, Sum:  0.0, Workers: 4
[1.142s][debug][gc,phases      ] GC(1)     Dead                           Min: 0, Avg:  0.0, Max: 0, Diff: 0, Sum: 0, Workers: 4
[1.142s][debug][gc,phases      ] GC(1)     Total                          Min: 0, Avg:  0.0, Max: 0, Diff: 0, Sum: 0, Workers: 4
[1.142s][debug][gc,phases      ] GC(1)   StringDedup Requests1 Weak     Min:  0.0, Avg:  0.0, Max:  0.0, Diff:  0.0, Sum:  0.0, Workers: 4
[1.142s][debug][gc,phases      ] GC(1)     Dead                           Min: 0, Avg:  0.0, Max: 0, Diff: 0, Sum: 0, Workers: 4
[1.142s][debug][gc,phases      ] GC(1)     Total                          Min: 0, Avg:  0.0, Max: 0, Diff: 0, Sum: 0, Workers: 4
[1.142s][debug][gc,phases      ] GC(1)   Weak JFR Old Object Samples    Min:  0.0, Avg:  0.0, Max:  0.0, Diff:  0.0, Sum:  0.0, Workers: 4
[1.142s][debug][gc,phases      ] GC(1)     Dead                           Min: 0, Avg:  0.0, Max: 0, Diff: 0, Sum: 0, Workers: 4
[1.142s][debug][gc,phases      ] GC(1)     Total                          Min: 0, Avg:  0.0, Max: 0, Diff: 0, Sum: 0, Workers: 4
[1.142s][debug][gc,phases      ] GC(1) Weak Processing 0.217ms
[1.142s][debug][gc,phases      ] GC(1) ClassLoaderData 0.009ms
[1.142s][debug][gc,phases      ] GC(1) Trigger cleanups 0.000ms
[1.144s][debug][gc,phases      ] GC(1) Class Unloading 1.985ms
[1.144s][info ][gc,phases      ] GC(1) Marking Phase 7.184ms
[1.144s][info ][gc,phases,start] GC(1) Summary Phase
[1.144s][info ][gc,phases      ] GC(1) Summary Phase 0.006ms
[1.144s][info ][gc,phases,start] GC(1) Adjust Roots
[1.146s][info ][gc,phases      ] GC(1) Adjust Roots 2.379ms
[1.146s][info ][gc,phases,start] GC(1) Compaction Phase
[1.178s][info ][gc,phases      ] GC(1) Compaction Phase 31.310ms
[1.178s][info ][gc,phases,start] GC(1) Post Compact
[1.178s][info ][gc,phases      ] GC(1) Post Compact 0.456ms
[1.178s][info ][gc,heap        ] GC(1) PSYoungGen: 27137K(1572864K)->26967K(1572864K) Eden: 0K(1048576K)->0K(1048576K) From: 27137K(524288K)->26967K(524288K)
[1.178s][info ][gc,heap        ] GC(1) ParOldGen: 88K(6144K)->83K(6144K)
[1.178s][info ][gc,metaspace   ] GC(1) Metaspace: 21314K(21504K)->21314K(21504K) NonClass: 18856K(18944K)->18856K(18944K) Class: 2457K(2560K)->2457K(2560K)
[1.178s][info ][gc             ] GC(1) Pause Full (Metadata GC Threshold) 26M->26M(1542M) 41.450ms
[1.178s][info ][gc,cpu         ] GC(1) User=0.09s Sys=0.00s Real=0.04s
[1.178s][info ][safepoint      ] Safepoint "CollectForMetadataAllocation", Time since last: 185339640 ns, Reaching safepoint: 704813 ns, At safepoint: 52293942 ns, Total: 52998755 ns
[1.516s][info ][safepoint      ] Safepoint "ICBufferFull", Time since last: 337088274 ns, Reaching safepoint: 117002 ns, At safepoint: 10601 ns, Total: 127603 ns
[1.532s][info ][safepoint      ] Safepoint "ICBufferFull", Time since last: 16333994 ns, Reaching safepoint: 42601 ns, At safepoint: 4800 ns, Total: 47401 ns
[1.541s][info ][safepoint      ] Safepoint "ICBufferFull", Time since last: 9019662 ns, Reaching safepoint: 43801 ns, At safepoint: 1700 ns, Total: 45501 ns
[1.551s][info ][safepoint      ] Safepoint "ICBufferFull", Time since last: 9569473 ns, Reaching safepoint: 58501 ns, At safepoint: 6500 ns, Total: 65001 ns
[1.554s][info ][safepoint      ] Safepoint "ICBufferFull", Time since last: 3196357 ns, Reaching safepoint: 33601 ns, At safepoint: 900 ns, Total: 34501 ns
[1.556s][info ][safepoint      ] Safepoint "ICBufferFull", Time since last: 2547046 ns, Reaching safepoint: 107602 ns, At safepoint: 6000 ns, Total: 113602 ns
[1.560s][info ][safepoint      ] Safepoint "ICBufferFull", Time since last: 3219258 ns, Reaching safepoint: 44401 ns, At safepoint: 3700 ns, Total: 48101 ns
[1.563s][info ][safepoint      ] Safepoint "ICBufferFull", Time since last: 3031455 ns, Reaching safepoint: 37100 ns, At safepoint: 1800 ns, Total: 38900 ns
[1.565s][info ][safepoint      ] Safepoint "ICBufferFull", Time since last: 2379543 ns, Reaching safepoint: 103002 ns, At safepoint: 8000 ns, Total: 111002 ns
[1.572s][info ][safepoint      ] Safepoint "ICBufferFull", Time since last: 6595919 ns, Reaching safepoint: 38901 ns, At safepoint: 1600 ns, Total: 40501 ns
[1.573s][info ][safepoint      ] Safepoint "ICBufferFull", Time since last: 1487926 ns, Reaching safepoint: 31501 ns, At safepoint: 900 ns, Total: 32401 ns
[1.574s][info ][safepoint      ] Safepoint "ICBufferFull", Time since last: 517409 ns, Reaching safepoint: 96402 ns, At safepoint: 3800 ns, Total: 100202 ns
[1.598s][info ][safepoint      ] Safepoint "ICBufferFull", Time since last: 23335921 ns, Reaching safepoint: 68301 ns, At safepoint: 4500 ns, Total: 72801 ns
[1.643s][info ][safepoint      ] Safepoint "ICBufferFull", Time since last: 45725224 ns, Reaching safepoint: 76501 ns, At safepoint: 4700 ns, Total: 81201 ns
[1.645s][info ][safepoint      ] Safepoint "ICBufferFull", Time since last: 1536628 ns, Reaching safepoint: 36101 ns, At safepoint: 5100 ns, Total: 41201 ns
[1.646s][info ][safepoint      ] Safepoint "ICBufferFull", Time since last: 832015 ns, Reaching safepoint: 29300 ns, At safepoint: 3500 ns, Total: 32800 ns
[1.647s][info ][safepoint      ] Safepoint "ICBufferFull", Time since last: 1113521 ns, Reaching safepoint: 42100 ns, At safepoint: 1000 ns, Total: 43100 ns
[1.648s][info ][safepoint      ] Safepoint "ICBufferFull", Time since last: 827515 ns, Reaching safepoint: 37101 ns, At safepoint: 5300 ns, Total: 42401 ns
[1.649s][info ][safepoint      ] Safepoint "ICBufferFull", Time since last: 1074419 ns, Reaching safepoint: 22201 ns, At safepoint: 1100 ns, Total: 23301 ns
[1.650s][info ][safepoint      ] Safepoint "ICBufferFull", Time since last: 772714 ns, Reaching safepoint: 12600 ns, At safepoint: 900 ns, Total: 13500 ns
[1.651s][info ][safepoint      ] Safepoint "ICBufferFull", Time since last: 1090220 ns, Reaching safepoint: 15200 ns, At safepoint: 5700 ns, Total: 20900 ns
[1.652s][info ][safepoint      ] Safepoint "ICBufferFull", Time since last: 803614 ns, Reaching safepoint: 20101 ns, At safepoint: 8100 ns, Total: 28201 ns
[1.653s][info ][safepoint      ] Safepoint "ICBufferFull", Time since last: 1040819 ns, Reaching safepoint: 15200 ns, At safepoint: 900 ns, Total: 16100 ns
[1.653s][info ][safepoint      ] Safepoint "ICBufferFull", Time since last: 765614 ns, Reaching safepoint: 15700 ns, At safepoint: 1300 ns, Total: 17000 ns
[1.655s][info ][safepoint      ] Safepoint "ICBufferFull", Time since last: 1045719 ns, Reaching safepoint: 15400 ns, At safepoint: 1200 ns, Total: 16600 ns
[1.656s][info ][safepoint      ] Safepoint "ICBufferFull", Time since last: 1221822 ns, Reaching safepoint: 15901 ns, At safepoint: 1100 ns, Total: 17001 ns
[1.656s][info ][safepoint      ] Safepoint "ICBufferFull", Time since last: 493808 ns, Reaching safepoint: 15601 ns, At safepoint: 1200 ns, Total: 16801 ns
[1.659s][info ][safepoint      ] Safepoint "ICBufferFull", Time since last: 2552746 ns, Reaching safepoint: 33500 ns, At safepoint: 6801 ns, Total: 40301 ns
[1.665s][info ][safepoint      ] Safepoint "ICBufferFull", Time since last: 6314913 ns, Reaching safepoint: 116502 ns, At safepoint: 6801 ns, Total: 123303 ns
[1.667s][info ][safepoint      ] Safepoint "ICBufferFull", Time since last: 2118638 ns, Reaching safepoint: 30600 ns, At safepoint: 2000 ns, Total: 32600 ns
[1.695s][info ][safepoint      ] Safepoint "ICBufferFull", Time since last: 27529896 ns, Reaching safepoint: 48901 ns, At safepoint: 2300 ns, Total: 51201 ns
[1.706s][info ][safepoint      ] Safepoint "ICBufferFull", Time since last: 11360705 ns, Reaching safepoint: 49201 ns, At safepoint: 4500 ns, Total: 53701 ns
[1.740s][info ][safepoint      ] Safepoint "ICBufferFull", Time since last: 33628406 ns, Reaching safepoint: 55801 ns, At safepoint: 8800 ns, Total: 64601 ns
[1.744s][info ][safepoint      ] Safepoint "ICBufferFull", Time since last: 3491763 ns, Reaching safepoint: 43801 ns, At safepoint: 1700 ns, Total: 45501 ns
[1.746s][info ][safepoint      ] Safepoint "ICBufferFull", Time since last: 2183539 ns, Reaching safepoint: 27101 ns, At safepoint: 1400 ns, Total: 28501 ns
[1.786s][info ][safepoint      ] Safepoint "ICBufferFull", Time since last: 39795217 ns, Reaching safepoint: 77201 ns, At safepoint: 2300 ns, Total: 79501 ns
[1.790s][info ][safepoint      ] Safepoint "ICBufferFull", Time since last: 3954072 ns, Reaching safepoint: 33600 ns, At safepoint: 2000 ns, Total: 35600 ns
[1.792s][info ][safepoint      ] Safepoint "ICBufferFull", Time since last: 2464345 ns, Reaching safepoint: 28800 ns, At safepoint: 4100 ns, Total: 32900 ns
[1.794s][info ][safepoint      ] Safepoint "ICBufferFull", Time since last: 1576829 ns, Reaching safepoint: 27300 ns, At safepoint: 9400 ns, Total: 36700 ns
[1.796s][info ][safepoint      ] Safepoint "ICBufferFull", Time since last: 2614147 ns, Reaching safepoint: 22701 ns, At safepoint: 2800 ns, Total: 25501 ns
[1.798s][info ][safepoint      ] Safepoint "ICBufferFull", Time since last: 1837433 ns, Reaching safepoint: 30201 ns, At safepoint: 6300 ns, Total: 36501 ns
[1.801s][info ][safepoint      ] Safepoint "ICBufferFull", Time since last: 2852351 ns, Reaching safepoint: 37801 ns, At safepoint: 2200 ns, Total: 40001 ns
[1.802s][info ][safepoint      ] Safepoint "ICBufferFull", Time since last: 695412 ns, Reaching safepoint: 19301 ns, At safepoint: 1000 ns, Total: 20301 ns
[1.803s][info ][safepoint      ] Safepoint "ICBufferFull", Time since last: 1225922 ns, Reaching safepoint: 16800 ns, At safepoint: 1100 ns, Total: 17900 ns
[1.804s][info ][safepoint      ] Safepoint "ICBufferFull", Time since last: 666812 ns, Reaching safepoint: 16700 ns, At safepoint: 1200 ns, Total: 17900 ns
[1.807s][info ][safepoint      ] Safepoint "ICBufferFull", Time since last: 2911953 ns, Reaching safepoint: 27400 ns, At safepoint: 1400 ns, Total: 28800 ns
[1.808s][info ][safepoint      ] Safepoint "ICBufferFull", Time since last: 1145321 ns, Reaching safepoint: 27001 ns, At safepoint: 900 ns, Total: 27901 ns
[1.809s][info ][safepoint      ] Safepoint "ICBufferFull", Time since last: 1097219 ns, Reaching safepoint: 15401 ns, At safepoint: 900 ns, Total: 16301 ns
[1.810s][info ][safepoint      ] Safepoint "ICBufferFull", Time since last: 1068219 ns, Reaching safepoint: 14200 ns, At safepoint: 900 ns, Total: 15100 ns
[1.813s][info ][safepoint      ] Safepoint "ICBufferFull", Time since last: 2637948 ns, Reaching safepoint: 15500 ns, At safepoint: 800 ns, Total: 16300 ns
[1.815s][info ][safepoint      ] Safepoint "ICBufferFull", Time since last: 2432044 ns, Reaching safepoint: 19200 ns, At safepoint: 1600 ns, Total: 20800 ns
[1.817s][info ][safepoint      ] Safepoint "ICBufferFull", Time since last: 1653830 ns, Reaching safepoint: 18600 ns, At safepoint: 1700 ns, Total: 20300 ns
[1.818s][info ][safepoint      ] Safepoint "ICBufferFull", Time since last: 1088220 ns, Reaching safepoint: 16900 ns, At safepoint: 800 ns, Total: 17700 ns
[1.822s][info ][safepoint      ] Safepoint "ICBufferFull", Time since last: 3749168 ns, Reaching safepoint: 19300 ns, At safepoint: 1500 ns, Total: 20800 ns
[1.823s][info ][safepoint      ] Safepoint "ICBufferFull", Time since last: 1427526 ns, Reaching safepoint: 17600 ns, At safepoint: 1400 ns, Total: 19000 ns
[1.834s][info ][safepoint      ] Safepoint "ICBufferFull", Time since last: 10749794 ns, Reaching safepoint: 63001 ns, At safepoint: 1900 ns, Total: 64901 ns
[1.836s][info ][safepoint      ] Safepoint "ICBufferFull", Time since last: 2019737 ns, Reaching safepoint: 18400 ns, At safepoint: 900 ns, Total: 19300 ns
[1.840s][info ][safepoint      ] Safepoint "ICBufferFull", Time since last: 3625765 ns, Reaching safepoint: 16601 ns, At safepoint: 900 ns, Total: 17501 ns
[1.842s][info ][safepoint      ] Safepoint "ICBufferFull", Time since last: 2111438 ns, Reaching safepoint: 16800 ns, At safepoint: 900 ns, Total: 17700 ns
[1.844s][info ][safepoint      ] Safepoint "ICBufferFull", Time since last: 1898334 ns, Reaching safepoint: 94602 ns, At safepoint: 5600 ns, Total: 100202 ns
[1.846s][info ][safepoint      ] Safepoint "ICBufferFull", Time since last: 1598829 ns, Reaching safepoint: 21700 ns, At safepoint: 1400 ns, Total: 23100 ns
[1.847s][info ][safepoint      ] Safepoint "ICBufferFull", Time since last: 1528128 ns, Reaching safepoint: 18600 ns, At safepoint: 1500 ns, Total: 20100 ns
[1.849s][info ][safepoint      ] Safepoint "ICBufferFull", Time since last: 1519127 ns, Reaching safepoint: 19601 ns, At safepoint: 1500 ns, Total: 21101 ns
[1.851s][info ][safepoint      ] Safepoint "ICBufferFull", Time since last: 2614747 ns, Reaching safepoint: 32200 ns, At safepoint: 1201 ns, Total: 33401 ns
[1.853s][info ][safepoint      ] Safepoint "ICBufferFull", Time since last: 1473926 ns, Reaching safepoint: 20800 ns, At safepoint: 1400 ns, Total: 22200 ns
[1.854s][info ][safepoint      ] Safepoint "ICBufferFull", Time since last: 1471727 ns, Reaching safepoint: 29401 ns, At safepoint: 1000 ns, Total: 30401 ns
[1.856s][info ][safepoint      ] Safepoint "ICBufferFull", Time since last: 1512027 ns, Reaching safepoint: 20000 ns, At safepoint: 5800 ns, Total: 25800 ns
[1.857s][info ][safepoint      ] Safepoint "ICBufferFull", Time since last: 1435826 ns, Reaching safepoint: 35401 ns, At safepoint: 4700 ns, Total: 40101 ns
[1.858s][info ][safepoint      ] Safepoint "ICBufferFull", Time since last: 663312 ns, Reaching safepoint: 33100 ns, At safepoint: 1300 ns, Total: 34400 ns
[1.861s][info ][safepoint      ] Safepoint "ICBufferFull", Time since last: 2821851 ns, Reaching safepoint: 110502 ns, At safepoint: 5800 ns, Total: 116302 ns
[1.863s][info ][safepoint      ] Safepoint "ICBufferFull", Time since last: 2229141 ns, Reaching safepoint: 33000 ns, At safepoint: 4200 ns, Total: 37200 ns
[1.864s][info ][safepoint      ] Safepoint "ICBufferFull", Time since last: 509109 ns, Reaching safepoint: 13201 ns, At safepoint: 3500 ns, Total: 16701 ns
[1.873s][info ][safepoint      ] Safepoint "ICBufferFull", Time since last: 8968561 ns, Reaching safepoint: 37401 ns, At safepoint: 1600 ns, Total: 39001 ns
[1.873s][info ][safepoint      ] Safepoint "ICBufferFull", Time since last: 512109 ns, Reaching safepoint: 54301 ns, At safepoint: 600 ns, Total: 54901 ns
[1.875s][info ][safepoint      ] Safepoint "ICBufferFull", Time since last: 1423826 ns, Reaching safepoint: 88601 ns, At safepoint: 3501 ns, Total: 92102 ns
[1.877s][info ][safepoint      ] Safepoint "ICBufferFull", Time since last: 1748331 ns, Reaching safepoint: 26100 ns, At safepoint: 1101 ns, Total: 27201 ns
[1.880s][info ][safepoint      ] Safepoint "ICBufferFull", Time since last: 3514463 ns, Reaching safepoint: 22700 ns, At safepoint: 4800 ns, Total: 27500 ns
[1.881s][info ][safepoint      ] Safepoint "ICBufferFull", Time since last: 525610 ns, Reaching safepoint: 16300 ns, At safepoint: 1200 ns, Total: 17500 ns
[1.886s][info ][safepoint      ] Safepoint "ICBufferFull", Time since last: 5362197 ns, Reaching safepoint: 29100 ns, At safepoint: 1700 ns, Total: 30800 ns
[1.892s][info ][safepoint      ] Safepoint "ICBufferFull", Time since last: 5908507 ns, Reaching safepoint: 45501 ns, At safepoint: 1600 ns, Total: 47101 ns
[1.893s][info ][safepoint      ] Safepoint "ICBufferFull", Time since last: 755613 ns, Reaching safepoint: 18801 ns, At safepoint: 1300 ns, Total: 20101 ns
[1.896s][info ][safepoint      ] Safepoint "ICBufferFull", Time since last: 2869251 ns, Reaching safepoint: 35501 ns, At safepoint: 2100 ns, Total: 37601 ns
[1.897s][info ][safepoint      ] Safepoint "ICBufferFull", Time since last: 859515 ns, Reaching safepoint: 25301 ns, At safepoint: 1800 ns, Total: 27101 ns
[1.898s][info ][safepoint      ] Safepoint "ICBufferFull", Time since last: 913616 ns, Reaching safepoint: 17001 ns, At safepoint: 1300 ns, Total: 18301 ns
[1.901s][info ][safepoint      ] Safepoint "ICBufferFull", Time since last: 3000854 ns, Reaching safepoint: 23400 ns, At safepoint: 4500 ns, Total: 27900 ns
[1.903s][info ][safepoint      ] Safepoint "ICBufferFull", Time since last: 2222540 ns, Reaching safepoint: 27901 ns, At safepoint: 1000 ns, Total: 28901 ns
[1.903s][info ][safepoint      ] Safepoint "ICBufferFull", Time since last: 521809 ns, Reaching safepoint: 13301 ns, At safepoint: 900 ns, Total: 14201 ns
[1.906s][info ][safepoint      ] Safepoint "ICBufferFull", Time since last: 2185439 ns, Reaching safepoint: 9800 ns, At safepoint: 500 ns, Total: 10300 ns
[1.909s][info ][safepoint      ] Safepoint "ICBufferFull", Time since last: 2911453 ns, Reaching safepoint: 95101 ns, At safepoint: 2100 ns, Total: 97201 ns
[1.910s][info ][safepoint      ] Safepoint "ICBufferFull", Time since last: 1783933 ns, Reaching safepoint: 15700 ns, At safepoint: 700 ns, Total: 16400 ns
[1.929s][info ][safepoint      ] Safepoint "ICBufferFull", Time since last: 18281629 ns, Reaching safepoint: 47301 ns, At safepoint: 2000 ns, Total: 49301 ns
[1.948s][info ][safepoint      ] Safepoint "ICBufferFull", Time since last: 19716055 ns, Reaching safepoint: 29801 ns, At safepoint: 2700 ns, Total: 32501 ns
[1.949s][info ][safepoint      ] Safepoint "ICBufferFull", Time since last: 940217 ns, Reaching safepoint: 32601 ns, At safepoint: 1300 ns, Total: 33901 ns
[1.950s][info ][safepoint      ] Safepoint "ICBufferFull", Time since last: 981617 ns, Reaching safepoint: 15801 ns, At safepoint: 800 ns, Total: 16601 ns
[1.952s][info ][safepoint      ] Safepoint "ICBufferFull", Time since last: 1381924 ns, Reaching safepoint: 21501 ns, At safepoint: 1800 ns, Total: 23301 ns
[1.953s][info ][safepoint      ] Safepoint "ICBufferFull", Time since last: 1127420 ns, Reaching safepoint: 16900 ns, At safepoint: 901 ns, Total: 17801 ns
[1.955s][info ][safepoint      ] Safepoint "ICBufferFull", Time since last: 2361742 ns, Reaching safepoint: 118302 ns, At safepoint: 5200 ns, Total: 123502 ns
[1.957s][info ][safepoint      ] Safepoint "ICBufferFull", Time since last: 1920735 ns, Reaching safepoint: 23400 ns, At safepoint: 1100 ns, Total: 24500 ns
[1.959s][info ][safepoint      ] Safepoint "ICBufferFull", Time since last: 1458227 ns, Reaching safepoint: 34500 ns, At safepoint: 4500 ns, Total: 39000 ns
[1.960s][info ][safepoint      ] Safepoint "ICBufferFull", Time since last: 1076620 ns, Reaching safepoint: 14700 ns, At safepoint: 1000 ns, Total: 15700 ns
[1.963s][info ][safepoint      ] Safepoint "ICBufferFull", Time since last: 3194358 ns, Reaching safepoint: 20000 ns, At safepoint: 1300 ns, Total: 21300 ns
[1.964s][info ][safepoint      ] Safepoint "ICBufferFull", Time since last: 1196922 ns, Reaching safepoint: 17700 ns, At safepoint: 1100 ns, Total: 18800 ns
[1.967s][info ][safepoint      ] Safepoint "ICBufferFull", Time since last: 2136238 ns, Reaching safepoint: 21501 ns, At safepoint: 1200 ns, Total: 22701 ns
[1.968s][info ][safepoint      ] Safepoint "ICBufferFull", Time since last: 960417 ns, Reaching safepoint: 16700 ns, At safepoint: 1400 ns, Total: 18100 ns
[1.972s][info ][safepoint      ] Safepoint "ICBufferFull", Time since last: 4695785 ns, Reaching safepoint: 29701 ns, At safepoint: 1000 ns, Total: 30701 ns
[1.973s][info ][safepoint      ] Safepoint "ICBufferFull", Time since last: 489408 ns, Reaching safepoint: 12301 ns, At safepoint: 3800 ns, Total: 16101 ns
[1.974s][info ][safepoint      ] Safepoint "ICBufferFull", Time since last: 1413125 ns, Reaching safepoint: 15900 ns, At safepoint: 1000 ns, Total: 16900 ns
[1.975s][info ][safepoint      ] Safepoint "ICBufferFull", Time since last: 1004319 ns, Reaching safepoint: 21900 ns, At safepoint: 6000 ns, Total: 27900 ns
[1.976s][info ][safepoint      ] Safepoint "ICBufferFull", Time since last: 1089520 ns, Reaching safepoint: 43700 ns, At safepoint: 4401 ns, Total: 48101 ns
[1.978s][info ][safepoint      ] Safepoint "ICBufferFull", Time since last: 1312023 ns, Reaching safepoint: 35501 ns, At safepoint: 1100 ns, Total: 36601 ns
[1.979s][info ][safepoint      ] Safepoint "ICBufferFull", Time since last: 1262023 ns, Reaching safepoint: 15200 ns, At safepoint: 1100 ns, Total: 16300 ns
[1.980s][info ][safepoint      ] Safepoint "ICBufferFull", Time since last: 1239822 ns, Reaching safepoint: 15201 ns, At safepoint: 1000 ns, Total: 16201 ns
[1.982s][info ][safepoint      ] Safepoint "ICBufferFull", Time since last: 1264422 ns, Reaching safepoint: 19201 ns, At safepoint: 1800 ns, Total: 21001 ns
[1.984s][info ][safepoint      ] Safepoint "ICBufferFull", Time since last: 2546646 ns, Reaching safepoint: 96301 ns, At safepoint: 5200 ns, Total: 101501 ns
[1.986s][info ][safepoint      ] Safepoint "ICBufferFull", Time since last: 1296724 ns, Reaching safepoint: 27300 ns, At safepoint: 2000 ns, Total: 29300 ns
[1.987s][info ][safepoint      ] Safepoint "ICBufferFull", Time since last: 1285023 ns, Reaching safepoint: 31601 ns, At safepoint: 7800 ns, Total: 39401 ns
[1.988s][info ][safepoint      ] Safepoint "ICBufferFull", Time since last: 1266523 ns, Reaching safepoint: 41801 ns, At safepoint: 2800 ns, Total: 44601 ns
[2.050s][info ][safepoint      ] Safepoint "ICBufferFull", Time since last: 61974517 ns, Reaching safepoint: 135002 ns, At safepoint: 9800 ns, Total: 144802 ns
[2.166s][info ][safepoint      ] Safepoint "ICBufferFull", Time since last: 115278977 ns, Reaching safepoint: 161403 ns, At safepoint: 2500 ns, Total: 163903 ns
[2.395s][info ][gc,start       ] GC(2) Pause Young (Metadata GC Threshold)
[2.426s][debug][gc,phases      ] GC(2) Scavenge 30.123ms
[2.426s][debug][gc,ref         ] GC(2) Skipped phase 1 of Reference Processing: no references
[2.426s][debug][gc,ref         ] GC(2) ReferenceProcessor::execute queues: 3, RefProcThreadModel::Multi, marks_oops_alive: false
[2.426s][debug][gc,ref         ] GC(2) Skipped phase 3 of Reference Processing: no references
[2.426s][debug][gc,ref         ] GC(2) ReferenceProcessor::execute queues: 1, RefProcThreadModel::Single, marks_oops_alive: false
[2.426s][debug][gc,phases      ] GC(2) Reference Processing 0.279ms
[2.426s][debug][gc,phases      ] GC(2)   VM Weak                        Min:  0.0, Avg:  0.0, Max:  0.0, Diff:  0.0, Sum:  0.0, Workers: 4
[2.426s][debug][gc,phases      ] GC(2)     Dead                           Min: 0, Avg:  0.0, Max: 0, Diff: 0, Sum: 0, Workers: 4
[2.426s][debug][gc,phases      ] GC(2)     Total                          Min: 17, Avg: 68.2, Max: 128, Diff: 111, Sum: 273, Workers: 4
[2.426s][debug][gc,phases      ] GC(2)   ObjectSynchronizer Weak        Min:  0.0, Avg:  0.0, Max:  0.0, Diff:  0.0, Sum:  0.0, Workers: 4
[2.426s][debug][gc,phases      ] GC(2)     Dead                           Min: 0, Avg:  0.2, Max: 1, Diff: 1, Sum: 1, Workers: 4
[2.426s][debug][gc,phases      ] GC(2)     Total                          Min: 0, Avg:  2.5, Max: 10, Diff: 10, Sum: 10, Workers: 4
[2.426s][debug][gc,phases      ] GC(2)   JVMTI Tag Weak OopStorage      Min:  0.0, Avg:  0.0, Max:  0.0, Diff:  0.0, Sum:  0.0, Workers: 4
[2.426s][debug][gc,phases      ] GC(2)     Dead                           Min: 0, Avg:  0.0, Max: 0, Diff: 0, Sum: 0, Workers: 4
[2.426s][debug][gc,phases      ] GC(2)     Total                          Min: 0, Avg:  0.0, Max: 0, Diff: 0, Sum: 0, Workers: 4
[2.426s][debug][gc,phases      ] GC(2)   StringTable Weak               Min:  0.2, Avg:  0.2, Max:  0.2, Diff:  0.0, Sum:  0.6, Workers: 4
[2.426s][debug][gc,phases      ] GC(2)     Dead                           Min: 2, Avg:  6.2, Max: 14, Diff: 12, Sum: 25, Workers: 4
[2.426s][debug][gc,phases      ] GC(2)     Total                          Min: 3520, Avg: 4941.2, Max: 6528, Diff: 3008, Sum: 19765, Workers: 4
[2.426s][debug][gc,phases      ] GC(2)   ResolvedMethodTable Weak       Min:  0.0, Avg:  0.0, Max:  0.0, Diff:  0.0, Sum:  0.1, Workers: 4
[2.426s][debug][gc,phases      ] GC(2)     Dead                           Min: 5, Avg: 18.0, Max: 39, Diff: 34, Sum: 72, Workers: 4
[2.426s][debug][gc,phases      ] GC(2)     Total                          Min: 293, Avg: 473.2, Max: 704, Diff: 411, Sum: 1893, Workers: 4
[2.426s][debug][gc,phases      ] GC(2)   JNI Weak                       Min:  0.0, Avg:  0.0, Max:  0.0, Diff:  0.0, Sum:  0.0, Workers: 4
[2.426s][debug][gc,phases      ] GC(2)     Dead                           Min: 0, Avg:  0.0, Max: 0, Diff: 0, Sum: 0, Workers: 4
[2.426s][debug][gc,phases      ] GC(2)     Total                          Min: 0, Avg:  0.0, Max: 0, Diff: 0, Sum: 0, Workers: 4
[2.426s][debug][gc,phases      ] GC(2)   StringDedup Table Weak         Min:  0.0, Avg:  0.0, Max:  0.0, Diff:  0.0, Sum:  0.0, Workers: 4
[2.426s][debug][gc,phases      ] GC(2)     Dead                           Min: 0, Avg:  0.0, Max: 0, Diff: 0, Sum: 0, Workers: 4
[2.426s][debug][gc,phases      ] GC(2)     Total                          Min: 0, Avg:  0.0, Max: 0, Diff: 0, Sum: 0, Workers: 4
[2.426s][debug][gc,phases      ] GC(2)   StringDedup Requests0 Weak     Min:  0.0, Avg:  0.0, Max:  0.0, Diff:  0.0, Sum:  0.0, Workers: 4
[2.426s][debug][gc,phases      ] GC(2)     Dead                           Min: 0, Avg:  0.0, Max: 0, Diff: 0, Sum: 0, Workers: 4
[2.426s][debug][gc,phases      ] GC(2)     Total                          Min: 0, Avg:  0.0, Max: 0, Diff: 0, Sum: 0, Workers: 4
[2.426s][debug][gc,phases      ] GC(2)   StringDedup Requests1 Weak     Min:  0.0, Avg:  0.0, Max:  0.0, Diff:  0.0, Sum:  0.0, Workers: 4
[2.426s][debug][gc,phases      ] GC(2)     Dead                           Min: 0, Avg:  0.0, Max: 0, Diff: 0, Sum: 0, Workers: 4
[2.426s][debug][gc,phases      ] GC(2)     Total                          Min: 0, Avg:  0.0, Max: 0, Diff: 0, Sum: 0, Workers: 4
[2.426s][debug][gc,phases      ] GC(2)   Weak JFR Old Object Samples    Min:  0.0, Avg:  0.0, Max:  0.0, Diff:  0.0, Sum:  0.0, Workers: 4
[2.426s][debug][gc,phases      ] GC(2)     Dead                           Min: 0, Avg:  0.0, Max: 0, Diff: 0, Sum: 0, Workers: 4
[2.426s][debug][gc,phases      ] GC(2)     Total                          Min: 0, Avg:  0.0, Max: 0, Diff: 0, Sum: 0, Workers: 4
[2.426s][debug][gc,phases      ] GC(2) Weak Processing 0.366ms
[2.426s][debug][gc,age         ] GC(2) Desired survivor size 536870912 bytes, new threshold 7 (max threshold 15)
[2.426s][info ][gc,heap        ] GC(2) PSYoungGen: 472616K(1572864K)->62160K(1572864K) Eden: 445649K(1048576K)->0K(1048576K) From: 26967K(524288K)->62160K(524288K)
[2.426s][info ][gc,heap        ] GC(2) ParOldGen: 83K(6144K)->107K(6144K)
[2.426s][info ][gc,metaspace   ] GC(2) Metaspace: 35441K(35840K)->35441K(35840K) NonClass: 30971K(31168K)->30971K(31168K) Class: 4470K(4672K)->4470K(4672K)
[2.426s][info ][gc             ] GC(2) Pause Young (Metadata GC Threshold) 461M->60M(1542M) 30.902ms
[2.426s][info ][gc,cpu         ] GC(2) User=0.11s Sys=0.01s Real=0.02s
[2.426s][debug][gc,phases      ] GC(3) Pre Compact 0.008ms
[2.426s][info ][gc,start       ] GC(3) Pause Full (Metadata GC Threshold)
[2.426s][info ][gc,phases,start] GC(3) Marking Phase
[2.442s][debug][gc,phases      ] GC(3) Par Mark 15.489ms
[2.442s][debug][gc,ref         ] GC(3) Skipped phase 1 of Reference Processing: no references
[2.442s][debug][gc,ref         ] GC(3) ReferenceProcessor::execute queues: 2, RefProcThreadModel::Multi, marks_oops_alive: false
[2.442s][debug][gc,ref         ] GC(3) Skipped phase 3 of Reference Processing: no references
[2.442s][debug][gc,ref         ] GC(3) ReferenceProcessor::execute queues: 1, RefProcThreadModel::Single, marks_oops_alive: false
[2.442s][debug][gc,phases      ] GC(3) Reference Processing 0.084ms
[2.442s][debug][gc,phases      ] GC(3)   VM Weak                        Min:  0.0, Avg:  0.0, Max:  0.0, Diff:  0.0, Sum:  0.0, Workers: 4
[2.442s][debug][gc,phases      ] GC(3)     Dead                           Min: 0, Avg:  0.0, Max: 0, Diff: 0, Sum: 0, Workers: 4
[2.442s][debug][gc,phases      ] GC(3)     Total                          Min: 0, Avg: 68.2, Max: 192, Diff: 192, Sum: 273, Workers: 4
[2.442s][debug][gc,phases      ] GC(3)   ObjectSynchronizer Weak        Min:  0.0, Avg:  0.0, Max:  0.0, Diff:  0.0, Sum:  0.0, Workers: 4
[2.442s][debug][gc,phases      ] GC(3)     Dead                           Min: 0, Avg:  0.0, Max: 0, Diff: 0, Sum: 0, Workers: 4
[2.442s][debug][gc,phases      ] GC(3)     Total                          Min: 0, Avg:  2.5, Max: 10, Diff: 10, Sum: 10, Workers: 4
[2.442s][debug][gc,phases      ] GC(3)   JVMTI Tag Weak OopStorage      Min:  0.0, Avg:  0.0, Max:  0.0, Diff:  0.0, Sum:  0.0, Workers: 4
[2.442s][debug][gc,phases      ] GC(3)     Dead                           Min: 0, Avg:  0.0, Max: 0, Diff: 0, Sum: 0, Workers: 4
[2.442s][debug][gc,phases      ] GC(3)     Total                          Min: 0, Avg:  0.0, Max: 0, Diff: 0, Sum: 0, Workers: 4
[2.442s][debug][gc,phases      ] GC(3)   StringTable Weak               Min:  0.1, Avg:  0.1, Max:  0.1, Diff:  0.0, Sum:  0.2, Workers: 4
[2.442s][debug][gc,phases      ] GC(3)     Dead                           Min: 0, Avg:  0.0, Max: 0, Diff: 0, Sum: 0, Workers: 4
[2.442s][debug][gc,phases      ] GC(3)     Total                          Min: 4480, Avg: 4941.2, Max: 5312, Diff: 832, Sum: 19765, Workers: 4
[2.442s][debug][gc,phases      ] GC(3)   ResolvedMethodTable Weak       Min:  0.0, Avg:  0.0, Max:  0.0, Diff:  0.0, Sum:  0.0, Workers: 4
[2.442s][debug][gc,phases      ] GC(3)     Dead                           Min: 0, Avg:  0.0, Max: 0, Diff: 0, Sum: 0, Workers: 4
[2.442s][debug][gc,phases      ] GC(3)     Total                          Min: 384, Avg: 473.2, Max: 512, Diff: 128, Sum: 1893, Workers: 4
[2.442s][debug][gc,phases      ] GC(3)   JNI Weak                       Min:  0.0, Avg:  0.0, Max:  0.0, Diff:  0.0, Sum:  0.0, Workers: 4
[2.442s][debug][gc,phases      ] GC(3)     Dead                           Min: 0, Avg:  0.0, Max: 0, Diff: 0, Sum: 0, Workers: 4
[2.442s][debug][gc,phases      ] GC(3)     Total                          Min: 0, Avg:  0.0, Max: 0, Diff: 0, Sum: 0, Workers: 4
[2.442s][debug][gc,phases      ] GC(3)   StringDedup Table Weak         Min:  0.0, Avg:  0.0, Max:  0.0, Diff:  0.0, Sum:  0.0, Workers: 4
[2.442s][debug][gc,phases      ] GC(3)     Dead                           Min: 0, Avg:  0.0, Max: 0, Diff: 0, Sum: 0, Workers: 4
[2.442s][debug][gc,phases      ] GC(3)     Total                          Min: 0, Avg:  0.0, Max: 0, Diff: 0, Sum: 0, Workers: 4
[2.442s][debug][gc,phases      ] GC(3)   StringDedup Requests0 Weak     Min:  0.0, Avg:  0.0, Max:  0.0, Diff:  0.0, Sum:  0.0, Workers: 4
[2.442s][debug][gc,phases      ] GC(3)     Dead                           Min: 0, Avg:  0.0, Max: 0, Diff: 0, Sum: 0, Workers: 4
[2.442s][debug][gc,phases      ] GC(3)     Total                          Min: 0, Avg:  0.0, Max: 0, Diff: 0, Sum: 0, Workers: 4
[2.442s][debug][gc,phases      ] GC(3)   StringDedup Requests1 Weak     Min:  0.0, Avg:  0.0, Max:  0.0, Diff:  0.0, Sum:  0.0, Workers: 4
[2.442s][debug][gc,phases      ] GC(3)     Dead                           Min: 0, Avg:  0.0, Max: 0, Diff: 0, Sum: 0, Workers: 4
[2.442s][debug][gc,phases      ] GC(3)     Total                          Min: 0, Avg:  0.0, Max: 0, Diff: 0, Sum: 0, Workers: 4
[2.442s][debug][gc,phases      ] GC(3)   Weak JFR Old Object Samples    Min:  0.0, Avg:  0.0, Max:  0.0, Diff:  0.0, Sum:  0.0, Workers: 4
[2.442s][debug][gc,phases      ] GC(3)     Dead                           Min: 0, Avg:  0.0, Max: 0, Diff: 0, Sum: 0, Workers: 4
[2.442s][debug][gc,phases      ] GC(3)     Total                          Min: 0, Avg:  0.0, Max: 0, Diff: 0, Sum: 0, Workers: 4
[2.442s][debug][gc,phases      ] GC(3) Weak Processing 0.252ms
[2.442s][debug][gc,phases      ] GC(3) ClassLoaderData 0.032ms
[2.442s][debug][gc,phases      ] GC(3) Trigger cleanups 0.000ms
[2.446s][debug][gc,phases      ] GC(3) Class Unloading 3.620ms
[2.446s][info ][gc,phases      ] GC(3) Marking Phase 19.553ms
[2.446s][info ][gc,phases,start] GC(3) Summary Phase
[2.446s][info ][gc,phases      ] GC(3) Summary Phase 0.006ms
[2.446s][info ][gc,phases,start] GC(3) Adjust Roots
[2.449s][info ][gc,phases      ] GC(3) Adjust Roots 3.559ms
[2.449s][info ][gc,phases,start] GC(3) Compaction Phase
[2.519s][info ][gc,phases      ] GC(3) Compaction Phase 69.329ms
[2.519s][info ][gc,phases,start] GC(3) Post Compact
[2.519s][info ][gc,phases      ] GC(3) Post Compact 0.514ms
[2.519s][info ][gc,heap        ] GC(3) PSYoungGen: 62160K(1572864K)->56192K(1572864K) Eden: 0K(1048576K)->0K(1048576K) From: 62160K(524288K)->56192K(524288K)
[2.519s][info ][gc,heap        ] GC(3) ParOldGen: 107K(6144K)->5844K(6144K)
[2.519s][info ][gc,metaspace   ] GC(3) Metaspace: 35441K(35840K)->35441K(35840K) NonClass: 30971K(31168K)->30971K(31168K) Class: 4470K(4672K)->4470K(4672K)
[2.519s][info ][gc             ] GC(3) Pause Full (Metadata GC Threshold) 60M->60M(1542M) 93.062ms
[2.519s][info ][gc,cpu         ] GC(3) User=0.35s Sys=0.00s Real=0.10s
[2.519s][info ][safepoint      ] Safepoint "CollectForMetadataAllocation", Time since last: 229507036 ns, Reaching safepoint: 140903 ns, At safepoint: 124075335 ns, Total: 124216238 ns
[2.738s][info ][safepoint      ] Safepoint "ICBufferFull", Time since last: 218617640 ns, Reaching safepoint: 129602 ns, At safepoint: 10100 ns, Total: 139702 ns
[2.825s][info ][safepoint      ] Safepoint "ICBufferFull", Time since last: 86257754 ns, Reaching safepoint: 351907 ns, At safepoint: 11300 ns, Total: 363207 ns
[3.015s][info ][safepoint      ] Safepoint "ICBufferFull", Time since last: 190335530 ns, Reaching safepoint: 202103 ns, At safepoint: 21801 ns, Total: 223904 ns
[3.068s][info ][safepoint      ] Safepoint "ICBufferFull", Time since last: 52016737 ns, Reaching safepoint: 196104 ns, At safepoint: 22700 ns, Total: 218804 ns
[3.068s][info ][safepoint      ] Safepoint "ICBufferFull", Time since last: 205204 ns, Reaching safepoint: 98902 ns, At safepoint: 24600 ns, Total: 123502 ns
[3.269s][info ][safepoint      ] Safepoint "ICBufferFull", Time since last: 201011022 ns, Reaching safepoint: 242404 ns, At safepoint: 16701 ns, Total: 259105 ns
[3.402s][info ][safepoint      ] Safepoint "ICBufferFull", Time since last: 132298283 ns, Reaching safepoint: 197604 ns, At safepoint: 25400 ns, Total: 223004 ns
[3.668s][info ][safepoint      ] Safepoint "ICBufferFull", Time since last: 265630487 ns, Reaching safepoint: 210903 ns, At safepoint: 20801 ns, Total: 231704 ns
[3.753s][info ][safepoint      ] Safepoint "ICBufferFull", Time since last: 85169834 ns, Reaching safepoint: 194804 ns, At safepoint: 30001 ns, Total: 224805 ns
[3.756s][info ][safepoint      ] Safepoint "ICBufferFull", Time since last: 2594146 ns, Reaching safepoint: 117902 ns, At safepoint: 23901 ns, Total: 141803 ns
[3.760s][info ][safepoint      ] Safepoint "ICBufferFull", Time since last: 4091574 ns, Reaching safepoint: 122702 ns, At safepoint: 29900 ns, Total: 152602 ns
[3.762s][info ][safepoint      ] Safepoint "ICBufferFull", Time since last: 2386443 ns, Reaching safepoint: 112002 ns, At safepoint: 23001 ns, Total: 135003 ns
[3.778s][info ][safepoint      ] Safepoint "ICBufferFull", Time since last: 15063871 ns, Reaching safepoint: 121702 ns, At safepoint: 34701 ns, Total: 156403 ns
[3.788s][info ][safepoint      ] Safepoint "ICBufferFull", Time since last: 6032209 ns, Reaching safepoint: 4233676 ns, At safepoint: 25300 ns, Total: 4258976 ns
[3.791s][info ][safepoint      ] Safepoint "ICBufferFull", Time since last: 2661348 ns, Reaching safepoint: 115802 ns, At safepoint: 26101 ns, Total: 141903 ns
[3.793s][info ][safepoint      ] Safepoint "ICBufferFull", Time since last: 2469644 ns, Reaching safepoint: 96802 ns, At safepoint: 24701 ns, Total: 121503 ns
[3.797s][info ][safepoint      ] Safepoint "ICBufferFull", Time since last: 3229258 ns, Reaching safepoint: 118402 ns, At safepoint: 25400 ns, Total: 143802 ns
[3.804s][info ][safepoint      ] Safepoint "ICBufferFull", Time since last: 6995426 ns, Reaching safepoint: 104402 ns, At safepoint: 26801 ns, Total: 131203 ns
[3.814s][info ][safepoint      ] Safepoint "ICBufferFull", Time since last: 9518971 ns, Reaching safepoint: 186004 ns, At safepoint: 27200 ns, Total: 213204 ns
[3.818s][info ][safepoint      ] Safepoint "ICBufferFull", Time since last: 4208176 ns, Reaching safepoint: 118702 ns, At safepoint: 25801 ns, Total: 144503 ns
[3.822s][info ][safepoint      ] Safepoint "ICBufferFull", Time since last: 3533563 ns, Reaching safepoint: 191204 ns, At safepoint: 21700 ns, Total: 212904 ns
[3.824s][info ][safepoint      ] Safepoint "ICBufferFull", Time since last: 2358143 ns, Reaching safepoint: 99701 ns, At safepoint: 30301 ns, Total: 130002 ns
[3.826s][info ][safepoint      ] Safepoint "ICBufferFull", Time since last: 1902434 ns, Reaching safepoint: 109702 ns, At safepoint: 22101 ns, Total: 131803 ns
[3.828s][info ][safepoint      ] Safepoint "ICBufferFull", Time since last: 1698030 ns, Reaching safepoint: 101102 ns, At safepoint: 22500 ns, Total: 123602 ns
[3.830s][info ][safepoint      ] Safepoint "ICBufferFull", Time since last: 1889134 ns, Reaching safepoint: 107002 ns, At safepoint: 24101 ns, Total: 131103 ns
[3.835s][info ][safepoint      ] Safepoint "ICBufferFull", Time since last: 1981436 ns, Reaching safepoint: 3215057 ns, At safepoint: 28101 ns, Total: 3243158 ns
[3.839s][info ][safepoint      ] Safepoint "ICBufferFull", Time since last: 4002072 ns, Reaching safepoint: 113002 ns, At safepoint: 16900 ns, Total: 129902 ns
[3.841s][info ][safepoint      ] Safepoint "ICBufferFull", Time since last: 1652430 ns, Reaching safepoint: 104602 ns, At safepoint: 22500 ns, Total: 127102 ns
[3.843s][info ][safepoint      ] Safepoint "ICBufferFull", Time since last: 2118239 ns, Reaching safepoint: 92901 ns, At safepoint: 16301 ns, Total: 109202 ns
[3.846s][info ][safepoint      ] Safepoint "ICBufferFull", Time since last: 1989835 ns, Reaching safepoint: 111102 ns, At safepoint: 24001 ns, Total: 135103 ns
[3.849s][info ][safepoint      ] Safepoint "ICBufferFull", Time since last: 3666966 ns, Reaching safepoint: 104302 ns, At safepoint: 21700 ns, Total: 126002 ns
[3.854s][info ][safepoint      ] Safepoint "ICBufferFull", Time since last: 4039273 ns, Reaching safepoint: 109802 ns, At safepoint: 23900 ns, Total: 133702 ns
[3.858s][info ][safepoint      ] Safepoint "ICBufferFull", Time since last: 4126375 ns, Reaching safepoint: 107502 ns, At safepoint: 22400 ns, Total: 129902 ns
[3.862s][info ][safepoint      ] Safepoint "ICBufferFull", Time since last: 3592865 ns, Reaching safepoint: 106602 ns, At safepoint: 30800 ns, Total: 137402 ns
[3.863s][info ][safepoint      ] Safepoint "ICBufferFull", Time since last: 1553928 ns, Reaching safepoint: 104502 ns, At safepoint: 17601 ns, Total: 122103 ns
[3.865s][info ][safepoint      ] Safepoint "ICBufferFull", Time since last: 1752931 ns, Reaching safepoint: 103702 ns, At safepoint: 21500 ns, Total: 125202 ns
[3.867s][info ][safepoint      ] Safepoint "ICBufferFull", Time since last: 1682031 ns, Reaching safepoint: 91301 ns, At safepoint: 38701 ns, Total: 130002 ns
[3.876s][info ][safepoint      ] Safepoint "ICBufferFull", Time since last: 9133165 ns, Reaching safepoint: 162903 ns, At safepoint: 36400 ns, Total: 199303 ns
[3.880s][info ][safepoint      ] Safepoint "ICBufferFull", Time since last: 3455862 ns, Reaching safepoint: 136903 ns, At safepoint: 27300 ns, Total: 164203 ns
[3.892s][info ][safepoint      ] Safepoint "ICBufferFull", Time since last: 11736412 ns, Reaching safepoint: 114402 ns, At safepoint: 16100 ns, Total: 130502 ns
[3.896s][info ][safepoint      ] Safepoint "ICBufferFull", Time since last: 4515082 ns, Reaching safepoint: 113602 ns, At safepoint: 22600 ns, Total: 136202 ns
[3.903s][info ][safepoint      ] Safepoint "ICBufferFull", Time since last: 6919825 ns, Reaching safepoint: 116302 ns, At safepoint: 22600 ns, Total: 138902 ns
[3.905s][info ][safepoint      ] Safepoint "ICBufferFull", Time since last: 1190622 ns, Reaching safepoint: 100001 ns, At safepoint: 16301 ns, Total: 116302 ns
[3.906s][info ][safepoint      ] Safepoint "ICBufferFull", Time since last: 1507627 ns, Reaching safepoint: 92302 ns, At safepoint: 17700 ns, Total: 110002 ns
[3.908s][info ][safepoint      ] Safepoint "ICBufferFull", Time since last: 1386925 ns, Reaching safepoint: 161003 ns, At safepoint: 17900 ns, Total: 178903 ns
[3.913s][info ][safepoint      ] Safepoint "ICBufferFull", Time since last: 5311596 ns, Reaching safepoint: 109502 ns, At safepoint: 25300 ns, Total: 134802 ns
[3.920s][info ][safepoint      ] Safepoint "ICBufferFull", Time since last: 6616319 ns, Reaching safepoint: 119503 ns, At safepoint: 22100 ns, Total: 141603 ns
[3.923s][info ][safepoint      ] Safepoint "ICBufferFull", Time since last: 2802651 ns, Reaching safepoint: 105701 ns, At safepoint: 22501 ns, Total: 128202 ns
[3.935s][info ][safepoint      ] Safepoint "ICBufferFull", Time since last: 12203020 ns, Reaching safepoint: 117602 ns, At safepoint: 21600 ns, Total: 139202 ns
[3.939s][info ][safepoint      ] Safepoint "ICBufferFull", Time since last: 3254359 ns, Reaching safepoint: 127602 ns, At safepoint: 19601 ns, Total: 147203 ns
[3.941s][info ][safepoint      ] Safepoint "ICBufferFull", Time since last: 2025036 ns, Reaching safepoint: 102802 ns, At safepoint: 20500 ns, Total: 123302 ns
[3.944s][info ][safepoint      ] Safepoint "ICBufferFull", Time since last: 2594147 ns, Reaching safepoint: 109402 ns, At safepoint: 18600 ns, Total: 128002 ns
[3.957s][info ][safepoint      ] Safepoint "ICBufferFull", Time since last: 12973634 ns, Reaching safepoint: 121002 ns, At safepoint: 26001 ns, Total: 147003 ns
[3.959s][info ][safepoint      ] Safepoint "ICBufferFull", Time since last: 2183339 ns, Reaching safepoint: 94802 ns, At safepoint: 28000 ns, Total: 122802 ns
[3.961s][info ][safepoint      ] Safepoint "ICBufferFull", Time since last: 1848734 ns, Reaching safepoint: 235404 ns, At safepoint: 27200 ns, Total: 262604 ns
[3.977s][info ][safepoint      ] Safepoint "ICBufferFull", Time since last: 15654982 ns, Reaching safepoint: 141403 ns, At safepoint: 25400 ns, Total: 166803 ns
[3.979s][info ][safepoint      ] Safepoint "ICBufferFull", Time since last: 2256841 ns, Reaching safepoint: 101402 ns, At safepoint: 22300 ns, Total: 123702 ns
[3.987s][info ][safepoint      ] Safepoint "ICBufferFull", Time since last: 3680267 ns, Reaching safepoint: 4243876 ns, At safepoint: 28901 ns, Total: 4272777 ns
[3.989s][info ][safepoint      ] Safepoint "ICBufferFull", Time since last: 1436325 ns, Reaching safepoint: 95602 ns, At safepoint: 21401 ns, Total: 117003 ns
[3.991s][info ][safepoint      ] Safepoint "ICBufferFull", Time since last: 2286041 ns, Reaching safepoint: 108102 ns, At safepoint: 25000 ns, Total: 133102 ns
[3.993s][info ][safepoint      ] Safepoint "ICBufferFull", Time since last: 1655430 ns, Reaching safepoint: 89002 ns, At safepoint: 23800 ns, Total: 112802 ns
[3.995s][info ][safepoint      ] Safepoint "ICBufferFull", Time since last: 2089438 ns, Reaching safepoint: 116102 ns, At safepoint: 28100 ns, Total: 144202 ns
[3.997s][info ][safepoint      ] Safepoint "ICBufferFull", Time since last: 1286523 ns, Reaching safepoint: 109002 ns, At safepoint: 27301 ns, Total: 136303 ns
[4.004s][info ][safepoint      ] Safepoint "ICBufferFull", Time since last: 6713721 ns, Reaching safepoint: 121302 ns, At safepoint: 23600 ns, Total: 144902 ns
[4.005s][info ][safepoint      ] Safepoint "ICBufferFull", Time since last: 1275123 ns, Reaching safepoint: 92502 ns, At safepoint: 21001 ns, Total: 113503 ns
[4.006s][info ][safepoint      ] Safepoint "ICBufferFull", Time since last: 1261822 ns, Reaching safepoint: 113302 ns, At safepoint: 26001 ns, Total: 139303 ns
[4.008s][info ][safepoint      ] Safepoint "ICBufferFull", Time since last: 1193221 ns, Reaching safepoint: 98902 ns, At safepoint: 26101 ns, Total: 125003 ns
[4.009s][info ][safepoint      ] Safepoint "ICBufferFull", Time since last: 1422725 ns, Reaching safepoint: 89202 ns, At safepoint: 24400 ns, Total: 113602 ns
[4.017s][info ][safepoint      ] Safepoint "ICBufferFull", Time since last: 7716239 ns, Reaching safepoint: 333406 ns, At safepoint: 23301 ns, Total: 356707 ns
[4.025s][info ][safepoint      ] Safepoint "ICBufferFull", Time since last: 7467334 ns, Reaching safepoint: 122202 ns, At safepoint: 28101 ns, Total: 150303 ns
[4.041s][info ][safepoint      ] Safepoint "ICBufferFull", Time since last: 15577081 ns, Reaching safepoint: 123902 ns, At safepoint: 29400 ns, Total: 153302 ns
[4.043s][info ][safepoint      ] Safepoint "ICBufferFull", Time since last: 1294224 ns, Reaching safepoint: 685712 ns, At safepoint: 27501 ns, Total: 713213 ns
[4.044s][info ][safepoint      ] Safepoint "ICBufferFull", Time since last: 1256522 ns, Reaching safepoint: 102502 ns, At safepoint: 24800 ns, Total: 127302 ns
[4.045s][info ][safepoint      ] Safepoint "ICBufferFull", Time since last: 1244423 ns, Reaching safepoint: 92602 ns, At safepoint: 24700 ns, Total: 117302 ns
[4.047s][info ][safepoint      ] Safepoint "ICBufferFull", Time since last: 1538828 ns, Reaching safepoint: 91001 ns, At safepoint: 24601 ns, Total: 115602 ns
[4.048s][info ][safepoint      ] Safepoint "ICBufferFull", Time since last: 1157521 ns, Reaching safepoint: 88801 ns, At safepoint: 22401 ns, Total: 111202 ns
[4.050s][info ][safepoint      ] Safepoint "ICBufferFull", Time since last: 1144220 ns, Reaching safepoint: 91302 ns, At safepoint: 25600 ns, Total: 116902 ns
[4.058s][info ][safepoint      ] Safepoint "ICBufferFull", Time since last: 7734840 ns, Reaching safepoint: 111002 ns, At safepoint: 29000 ns, Total: 140002 ns
[4.073s][info ][safepoint      ] Safepoint "ICBufferFull", Time since last: 14937769 ns, Reaching safepoint: 119703 ns, At safepoint: 23900 ns, Total: 143603 ns
[4.074s][info ][safepoint      ] Safepoint "ICBufferFull", Time since last: 1281423 ns, Reaching safepoint: 94002 ns, At safepoint: 25200 ns, Total: 119202 ns
[4.075s][info ][safepoint      ] Safepoint "ICBufferFull", Time since last: 1200222 ns, Reaching safepoint: 108102 ns, At safepoint: 23500 ns, Total: 131602 ns
[4.077s][info ][safepoint      ] Safepoint "ICBufferFull", Time since last: 1376425 ns, Reaching safepoint: 162503 ns, At safepoint: 27900 ns, Total: 190403 ns
[4.078s][info ][safepoint      ] Safepoint "ICBufferFull", Time since last: 1139721 ns, Reaching safepoint: 93902 ns, At safepoint: 21400 ns, Total: 115302 ns
[4.079s][info ][safepoint      ] Safepoint "ICBufferFull", Time since last: 1239222 ns, Reaching safepoint: 94102 ns, At safepoint: 25001 ns, Total: 119103 ns
[4.081s][info ][safepoint      ] Safepoint "ICBufferFull", Time since last: 1177421 ns, Reaching safepoint: 93701 ns, At safepoint: 25101 ns, Total: 118802 ns
[4.083s][info ][safepoint      ] Safepoint "ICBufferFull", Time since last: 1124920 ns, Reaching safepoint: 1047519 ns, At safepoint: 22300 ns, Total: 1069819 ns
[4.092s][info ][safepoint      ] Safepoint "ICBufferFull", Time since last: 8962662 ns, Reaching safepoint: 122502 ns, At safepoint: 27501 ns, Total: 150003 ns
[4.094s][info ][safepoint      ] Safepoint "ICBufferFull", Time since last: 2146038 ns, Reaching safepoint: 102002 ns, At safepoint: 21801 ns, Total: 123803 ns
[4.098s][info ][safepoint      ] Safepoint "ICBufferFull", Time since last: 3028654 ns, Reaching safepoint: 108302 ns, At safepoint: 26601 ns, Total: 134903 ns
[4.100s][info ][safepoint      ] Safepoint "ICBufferFull", Time since last: 2709648 ns, Reaching safepoint: 107002 ns, At safepoint: 24201 ns, Total: 131203 ns
[4.153s][info ][gc,start       ] GC(4) Pause Young (Allocation Failure)
[4.263s][debug][gc,phases      ] GC(4) Scavenge 110.563ms
[4.263s][debug][gc,ref         ] GC(4) Skipped phase 1 of Reference Processing: no references
[4.263s][debug][gc,ref         ] GC(4) ReferenceProcessor::execute queues: 4, RefProcThreadModel::Multi, marks_oops_alive: false
[4.264s][debug][gc,ref         ] GC(4) Skipped phase 3 of Reference Processing: no references
[4.264s][debug][gc,ref         ] GC(4) ReferenceProcessor::execute queues: 3, RefProcThreadModel::Multi, marks_oops_alive: false
[4.264s][debug][gc,phases      ] GC(4) Reference Processing 0.399ms
[4.264s][debug][gc,phases      ] GC(4)   VM Weak                        Min:  0.0, Avg:  0.0, Max:  0.0, Diff:  0.0, Sum:  0.0, Workers: 4
[4.264s][debug][gc,phases      ] GC(4)     Dead                           Min: 0, Avg:  0.0, Max: 0, Diff: 0, Sum: 0, Workers: 4
[4.264s][debug][gc,phases      ] GC(4)     Total                          Min: 0, Avg: 107.2, Max: 256, Diff: 256, Sum: 429, Workers: 4
[4.264s][debug][gc,phases      ] GC(4)   ObjectSynchronizer Weak        Min:  0.0, Avg:  0.0, Max:  0.0, Diff:  0.0, Sum:  0.0, Workers: 4
[4.264s][debug][gc,phases      ] GC(4)     Dead                           Min: 0, Avg: 82.5, Max: 143, Diff: 143, Sum: 330, Workers: 4
[4.264s][debug][gc,phases      ] GC(4)     Total                          Min: 0, Avg: 97.5, Max: 192, Diff: 192, Sum: 390, Workers: 4
[4.264s][debug][gc,phases      ] GC(4)   JVMTI Tag Weak OopStorage      Min:  0.0, Avg:  0.0, Max:  0.0, Diff:  0.0, Sum:  0.0, Workers: 4
[4.264s][debug][gc,phases      ] GC(4)     Dead                           Min: 0, Avg:  0.0, Max: 0, Diff: 0, Sum: 0, Workers: 4
[4.264s][debug][gc,phases      ] GC(4)     Total                          Min: 0, Avg:  0.0, Max: 0, Diff: 0, Sum: 0, Workers: 4
[4.264s][debug][gc,phases      ] GC(4)   StringTable Weak               Min:  0.3, Avg:  0.3, Max:  0.3, Diff:  0.0, Sum:  1.3, Workers: 4
[4.264s][debug][gc,phases      ] GC(4)     Dead                           Min: 1, Avg:  6.5, Max: 18, Diff: 17, Sum: 26, Workers: 4
[4.264s][debug][gc,phases      ] GC(4)     Total                          Min: 7552, Avg: 9568.5, Max: 11520, Diff: 3968, Sum: 38274, Workers: 4
[4.264s][debug][gc,phases      ] GC(4)   ResolvedMethodTable Weak       Min:  0.0, Avg:  0.0, Max:  0.1, Diff:  0.0, Sum:  0.2, Workers: 4
[4.264s][debug][gc,phases      ] GC(4)     Dead                           Min: 14, Avg: 43.2, Max: 95, Diff: 81, Sum: 173, Workers: 4
[4.264s][debug][gc,phases      ] GC(4)     Total                          Min: 704, Avg: 1259.2, Max: 1709, Diff: 1005, Sum: 5037, Workers: 4
[4.264s][debug][gc,phases      ] GC(4)   JNI Weak                       Min:  0.0, Avg:  0.0, Max:  0.0, Diff:  0.0, Sum:  0.0, Workers: 4
[4.264s][debug][gc,phases      ] GC(4)     Dead                           Min: 0, Avg:  0.0, Max: 0, Diff: 0, Sum: 0, Workers: 4
[4.264s][debug][gc,phases      ] GC(4)     Total                          Min: 0, Avg:  1.5, Max: 6, Diff: 6, Sum: 6, Workers: 4
[4.264s][debug][gc,phases      ] GC(4)   StringDedup Table Weak         Min:  0.0, Avg:  0.0, Max:  0.0, Diff:  0.0, Sum:  0.0, Workers: 4
[4.264s][debug][gc,phases      ] GC(4)     Dead                           Min: 0, Avg:  0.0, Max: 0, Diff: 0, Sum: 0, Workers: 4
[4.264s][debug][gc,phases      ] GC(4)     Total                          Min: 0, Avg:  0.0, Max: 0, Diff: 0, Sum: 0, Workers: 4
[4.264s][debug][gc,phases      ] GC(4)   StringDedup Requests0 Weak     Min:  0.0, Avg:  0.0, Max:  0.0, Diff:  0.0, Sum:  0.0, Workers: 4
[4.264s][debug][gc,phases      ] GC(4)     Dead                           Min: 0, Avg:  0.0, Max: 0, Diff: 0, Sum: 0, Workers: 4
[4.264s][debug][gc,phases      ] GC(4)     Total                          Min: 0, Avg:  0.0, Max: 0, Diff: 0, Sum: 0, Workers: 4
[4.264s][debug][gc,phases      ] GC(4)   StringDedup Requests1 Weak     Min:  0.0, Avg:  0.0, Max:  0.0, Diff:  0.0, Sum:  0.0, Workers: 4
[4.264s][debug][gc,phases      ] GC(4)     Dead                           Min: 0, Avg:  0.0, Max: 0, Diff: 0, Sum: 0, Workers: 4
[4.264s][debug][gc,phases      ] GC(4)     Total                          Min: 0, Avg:  0.0, Max: 0, Diff: 0, Sum: 0, Workers: 4
[4.264s][debug][gc,phases      ] GC(4)   Weak JFR Old Object Samples    Min:  0.0, Avg:  0.0, Max:  0.0, Diff:  0.0, Sum:  0.0, Workers: 4
[4.264s][debug][gc,phases      ] GC(4)     Dead                           Min: 0, Avg:  0.0, Max: 0, Diff: 0, Sum: 0, Workers: 4
[4.264s][debug][gc,phases      ] GC(4)     Total                          Min: 0, Avg:  0.0, Max: 0, Diff: 0, Sum: 0, Workers: 4
[4.264s][debug][gc,phases      ] GC(4) Weak Processing 0.562ms
[4.264s][debug][gc,age         ] GC(4) Desired survivor size 536870912 bytes, new threshold 7 (max threshold 15)
[4.264s][info ][gc,heap        ] GC(4) PSYoungGen: 1104768K(1572864K)->169743K(1572864K) Eden: 1048576K(1048576K)->0K(1048576K) From: 56192K(524288K)->169743K(524288K)
[4.264s][info ][gc,heap        ] GC(4) ParOldGen: 5844K(6144K)->5860K(6144K)
[4.264s][info ][gc,metaspace   ] GC(4) Metaspace: 53902K(54528K)->53902K(54528K) NonClass: 45932K(46272K)->45932K(46272K) Class: 7969K(8256K)->7969K(8256K)
[4.264s][info ][gc             ] GC(4) Pause Young (Allocation Failure) 1084M->171M(1542M) 111.660ms
[4.264s][info ][gc,cpu         ] GC(4) User=0.40s Sys=0.04s Real=0.11s
[4.264s][info ][safepoint      ] Safepoint "ParallelGCFailedAllocation", Time since last: 52097738 ns, Reaching safepoint: 199104 ns, At safepoint: 111759214 ns, Total: 111958318 ns
[4.309s][info ][safepoint      ] Safepoint "ICBufferFull", Time since last: 44529702 ns, Reaching safepoint: 167403 ns, At safepoint: 20700 ns, Total: 188103 ns
[4.318s][info ][safepoint      ] Safepoint "ICBufferFull", Time since last: 8316350 ns, Reaching safepoint: 135403 ns, At safepoint: 29600 ns, Total: 165003 ns
[4.336s][info ][safepoint      ] Safepoint "ICBufferFull", Time since last: 18608936 ns, Reaching safepoint: 156702 ns, At safepoint: 24901 ns, Total: 181603 ns
[4.347s][info ][safepoint      ] Safepoint "ICBufferFull", Time since last: 8612755 ns, Reaching safepoint: 2159639 ns, At safepoint: 28700 ns, Total: 2188339 ns
[4.357s][info ][safepoint      ] Safepoint "ICBufferFull", Time since last: 9626374 ns, Reaching safepoint: 119502 ns, At safepoint: 33601 ns, Total: 153103 ns
[4.371s][info ][safepoint      ] Safepoint "ICBufferFull", Time since last: 13794248 ns, Reaching safepoint: 131503 ns, At safepoint: 34000 ns, Total: 165503 ns
[4.380s][info ][safepoint      ] Safepoint "ICBufferFull", Time since last: 9079564 ns, Reaching safepoint: 137002 ns, At safepoint: 28801 ns, Total: 165803 ns
[4.394s][info ][safepoint      ] Safepoint "ICBufferFull", Time since last: 13254639 ns, Reaching safepoint: 132402 ns, At safepoint: 28100 ns, Total: 160502 ns
[4.398s][info ][safepoint      ] Safepoint "ICBufferFull", Time since last: 4592883 ns, Reaching safepoint: 107902 ns, At safepoint: 27501 ns, Total: 135403 ns
[4.406s][info ][safepoint      ] Safepoint "ICBufferFull", Time since last: 7920942 ns, Reaching safepoint: 132603 ns, At safepoint: 28600 ns, Total: 161203 ns
[4.412s][info ][safepoint      ] Safepoint "ICBufferFull", Time since last: 4994090 ns, Reaching safepoint: 120002 ns, At safepoint: 27301 ns, Total: 147303 ns
[4.416s][info ][safepoint      ] Safepoint "ICBufferFull", Time since last: 4760686 ns, Reaching safepoint: 119202 ns, At safepoint: 26400 ns, Total: 145602 ns
[4.426s][info ][safepoint      ] Safepoint "ICBufferFull", Time since last: 9810777 ns, Reaching safepoint: 125802 ns, At safepoint: 31301 ns, Total: 157103 ns
[4.452s][info ][safepoint      ] Safepoint "ICBufferFull", Time since last: 25725563 ns, Reaching safepoint: 136003 ns, At safepoint: 27000 ns, Total: 163003 ns
[4.463s][info ][safepoint      ] Safepoint "ICBufferFull", Time since last: 10131983 ns, Reaching safepoint: 201103 ns, At safepoint: 23501 ns, Total: 224604 ns
[4.471s][info ][safepoint      ] Safepoint "ICBufferFull", Time since last: 8513053 ns, Reaching safepoint: 117102 ns, At safepoint: 25601 ns, Total: 142703 ns
[4.489s][info ][safepoint      ] Safepoint "ICBufferFull", Time since last: 12054017 ns, Reaching safepoint: 5377597 ns, At safepoint: 27700 ns, Total: 5405297 ns
[4.495s][info ][gc,start       ] GC(5) Pause Young (Allocation Failure)
[4.577s][debug][gc,phases      ] GC(5) Scavenge 82.034ms
[4.578s][debug][gc,ref         ] GC(5) Skipped phase 1 of Reference Processing: no references
[4.578s][debug][gc,ref         ] GC(5) ReferenceProcessor::execute queues: 4, RefProcThreadModel::Multi, marks_oops_alive: false
[4.578s][debug][gc,ref         ] GC(5) Skipped phase 3 of Reference Processing: no references
[4.578s][debug][gc,ref         ] GC(5) ReferenceProcessor::execute queues: 1, RefProcThreadModel::Single, marks_oops_alive: false
[4.578s][debug][gc,phases      ] GC(5) Reference Processing 0.254ms
[4.578s][debug][gc,phases      ] GC(5)   VM Weak                        Min:  0.0, Avg:  0.0, Max:  0.0, Diff:  0.0, Sum:  0.0, Workers: 4
[4.578s][debug][gc,phases      ] GC(5)     Dead                           Min: 0, Avg:  0.0, Max: 0, Diff: 0, Sum: 0, Workers: 4
[4.578s][debug][gc,phases      ] GC(5)     Total                          Min: 0, Avg: 110.8, Max: 320, Diff: 320, Sum: 443, Workers: 4
[4.578s][debug][gc,phases      ] GC(5)   ObjectSynchronizer Weak        Min:  0.0, Avg:  0.0, Max:  0.0, Diff:  0.0, Sum:  0.0, Workers: 4
[4.578s][debug][gc,phases      ] GC(5)     Dead                           Min: 0, Avg:  4.5, Max: 18, Diff: 18, Sum: 18, Workers: 4
[4.578s][debug][gc,phases      ] GC(5)     Total                          Min: 0, Avg: 101.8, Max: 256, Diff: 256, Sum: 407, Workers: 4
[4.578s][debug][gc,phases      ] GC(5)   JVMTI Tag Weak OopStorage      Min:  0.0, Avg:  0.0, Max:  0.0, Diff:  0.0, Sum:  0.0, Workers: 4
[4.578s][debug][gc,phases      ] GC(5)     Dead                           Min: 0, Avg:  0.0, Max: 0, Diff: 0, Sum: 0, Workers: 4
[4.578s][debug][gc,phases      ] GC(5)     Total                          Min: 0, Avg:  0.0, Max: 0, Diff: 0, Sum: 0, Workers: 4
[4.578s][debug][gc,phases      ] GC(5)   StringTable Weak               Min:  0.3, Avg:  0.3, Max:  0.3, Diff:  0.0, Sum:  1.1, Workers: 4
[4.578s][debug][gc,phases      ] GC(5)     Dead                           Min: 0, Avg:  3.5, Max: 13, Diff: 13, Sum: 14, Workers: 4
[4.578s][debug][gc,phases      ] GC(5)     Total                          Min: 8947, Avg: 9592.0, Max: 10221, Diff: 1274, Sum: 38368, Workers: 4
[4.578s][debug][gc,phases      ] GC(5)   ResolvedMethodTable Weak       Min:  0.0, Avg:  0.0, Max:  0.0, Diff:  0.0, Sum:  0.2, Workers: 4
[4.578s][debug][gc,phases      ] GC(5)     Dead                           Min: 0, Avg:  0.0, Max: 0, Diff: 0, Sum: 0, Workers: 4
[4.578s][debug][gc,phases      ] GC(5)     Total                          Min: 1150, Avg: 1230.0, Max: 1333, Diff: 183, Sum: 4920, Workers: 4
[4.578s][debug][gc,phases      ] GC(5)   JNI Weak                       Min:  0.0, Avg:  0.0, Max:  0.0, Diff:  0.0, Sum:  0.0, Workers: 4
[4.578s][debug][gc,phases      ] GC(5)     Dead                           Min: 0, Avg:  0.0, Max: 0, Diff: 0, Sum: 0, Workers: 4
[4.578s][debug][gc,phases      ] GC(5)     Total                          Min: 0, Avg:  0.2, Max: 1, Diff: 1, Sum: 1, Workers: 4
[4.578s][debug][gc,phases      ] GC(5)   StringDedup Table Weak         Min:  0.0, Avg:  0.0, Max:  0.0, Diff:  0.0, Sum:  0.0, Workers: 4
[4.578s][debug][gc,phases      ] GC(5)     Dead                           Min: 0, Avg:  0.0, Max: 0, Diff: 0, Sum: 0, Workers: 4
[4.578s][debug][gc,phases      ] GC(5)     Total                          Min: 0, Avg:  0.0, Max: 0, Diff: 0, Sum: 0, Workers: 4
[4.578s][debug][gc,phases      ] GC(5)   StringDedup Requests0 Weak     Min:  0.0, Avg:  0.0, Max:  0.0, Diff:  0.0, Sum:  0.0, Workers: 4
[4.578s][debug][gc,phases      ] GC(5)     Dead                           Min: 0, Avg:  0.0, Max: 0, Diff: 0, Sum: 0, Workers: 4
[4.578s][debug][gc,phases      ] GC(5)     Total                          Min: 0, Avg:  0.0, Max: 0, Diff: 0, Sum: 0, Workers: 4
[4.578s][debug][gc,phases      ] GC(5)   StringDedup Requests1 Weak     Min:  0.0, Avg:  0.0, Max:  0.0, Diff:  0.0, Sum:  0.0, Workers: 4
[4.578s][debug][gc,phases      ] GC(5)     Dead                           Min: 0, Avg:  0.0, Max: 0, Diff: 0, Sum: 0, Workers: 4
[4.578s][debug][gc,phases      ] GC(5)     Total                          Min: 0, Avg:  0.0, Max: 0, Diff: 0, Sum: 0, Workers: 4
[4.578s][debug][gc,phases      ] GC(5)   Weak JFR Old Object Samples    Min:  0.0, Avg:  0.0, Max:  0.0, Diff:  0.0, Sum:  0.0, Workers: 4
[4.578s][debug][gc,phases      ] GC(5)     Dead                           Min: 0, Avg:  0.0, Max: 0, Diff: 0, Sum: 0, Workers: 4
[4.578s][debug][gc,phases      ] GC(5)     Total                          Min: 0, Avg:  0.0, Max: 0, Diff: 0, Sum: 0, Workers: 4
[4.578s][debug][gc,phases      ] GC(5) Weak Processing 0.511ms
[4.578s][debug][gc,age         ] GC(5) Desired survivor size 536870912 bytes, new threshold 7 (max threshold 15)
[4.578s][info ][gc,heap        ] GC(5) PSYoungGen: 1218319K(1572864K)->178992K(1572864K) Eden: 1048576K(1048576K)->0K(1048576K) From: 169743K(524288K)->178992K(524288K)
[4.578s][info ][gc,heap        ] GC(5) ParOldGen: 5860K(6144K)->5868K(6144K)
[4.578s][info ][gc,metaspace   ] GC(5) Metaspace: 54231K(54784K)->54231K(54784K) NonClass: 46221K(46528K)->46221K(46528K) Class: 8009K(8256K)->8009K(8256K)
[4.578s][info ][gc             ] GC(5) Pause Young (Allocation Failure) 1195M->180M(1542M) 82.931ms
[4.578s][info ][gc,cpu         ] GC(5) User=0.29s Sys=0.03s Real=0.08s
[4.578s][info ][safepoint      ] Safepoint "ParallelGCFailedAllocation", Time since last: 6412216 ns, Reaching safepoint: 139903 ns, At safepoint: 83035496 ns, Total: 83175399 ns
[4.584s][info ][safepoint      ] Safepoint "ICBufferFull", Time since last: 4989990 ns, Reaching safepoint: 114602 ns, At safepoint: 24300 ns, Total: 138902 ns
[4.603s][info ][safepoint      ] Safepoint "ICBufferFull", Time since last: 19224246 ns, Reaching safepoint: 132103 ns, At safepoint: 22100 ns, Total: 154203 ns
[4.607s][info ][safepoint      ] Safepoint "ICBufferFull", Time since last: 4361879 ns, Reaching safepoint: 130402 ns, At safepoint: 30701 ns, Total: 161103 ns
[4.611s][info ][safepoint      ] Safepoint "ICBufferFull", Time since last: 3399461 ns, Reaching safepoint: 108402 ns, At safepoint: 27800 ns, Total: 136202 ns
[4.614s][info ][safepoint      ] Safepoint "ICBufferFull", Time since last: 3003855 ns, Reaching safepoint: 93801 ns, At safepoint: 28801 ns, Total: 122602 ns
[4.616s][info ][safepoint      ] Safepoint "ICBufferFull", Time since last: 2247140 ns, Reaching safepoint: 100002 ns, At safepoint: 22300 ns, Total: 122302 ns
[4.624s][info ][safepoint      ] Safepoint "ICBufferFull", Time since last: 7419934 ns, Reaching safepoint: 98702 ns, At safepoint: 24500 ns, Total: 123202 ns
[4.625s][info ][safepoint      ] Safepoint "ICBufferFull", Time since last: 977618 ns, Reaching safepoint: 95702 ns, At safepoint: 21000 ns, Total: 116702 ns
[4.634s][info ][safepoint      ] Safepoint "ICBufferFull", Time since last: 8933861 ns, Reaching safepoint: 120402 ns, At safepoint: 22601 ns, Total: 143003 ns
[4.640s][info ][safepoint      ] Safepoint "ICBufferFull", Time since last: 5651101 ns, Reaching safepoint: 112202 ns, At safepoint: 17001 ns, Total: 129203 ns
[4.640s][info ][safepoint      ] Safepoint "ICBufferFull", Time since last: 69001 ns, Reaching safepoint: 83101 ns, At safepoint: 23801 ns, Total: 106902 ns
[4.640s][info ][safepoint      ] Safepoint "ICBufferFull", Time since last: 42601 ns, Reaching safepoint: 88801 ns, At safepoint: 25901 ns, Total: 114702 ns
[4.643s][info ][safepoint      ] Safepoint "ICBufferFull", Time since last: 3057155 ns, Reaching safepoint: 109802 ns, At safepoint: 25400 ns, Total: 135202 ns
[4.644s][info ][safepoint      ] Safepoint "ICBufferFull", Time since last: 43901 ns, Reaching safepoint: 96302 ns, At safepoint: 27000 ns, Total: 123302 ns
[4.649s][info ][safepoint      ] Safepoint "ICBufferFull", Time since last: 5602501 ns, Reaching safepoint: 121802 ns, At safepoint: 29001 ns, Total: 150803 ns
[4.655s][info ][safepoint      ] Safepoint "ICBufferFull", Time since last: 5786304 ns, Reaching safepoint: 97102 ns, At safepoint: 25800 ns, Total: 122902 ns
[4.658s][info ][safepoint      ] Safepoint "ICBufferFull", Time since last: 2323642 ns, Reaching safepoint: 96602 ns, At safepoint: 23100 ns, Total: 119702 ns
[4.667s][info ][safepoint      ] Safepoint "ICBufferFull", Time since last: 9295468 ns, Reaching safepoint: 105702 ns, At safepoint: 25200 ns, Total: 130902 ns
[4.669s][info ][safepoint      ] Safepoint "ICBufferFull", Time since last: 2164139 ns, Reaching safepoint: 104102 ns, At safepoint: 21501 ns, Total: 125603 ns
[4.691s][info ][safepoint      ] Safepoint "ICBufferFull", Time since last: 20691772 ns, Reaching safepoint: 852116 ns, At safepoint: 27600 ns, Total: 879716 ns
[4.718s][info ][safepoint      ] Safepoint "ICBufferFull", Time since last: 26739082 ns, Reaching safepoint: 127302 ns, At safepoint: 25501 ns, Total: 152803 ns
[4.727s][info ][safepoint      ] Safepoint "ICBufferFull", Time since last: 9290467 ns, Reaching safepoint: 122802 ns, At safepoint: 27401 ns, Total: 150203 ns
[4.739s][info ][safepoint      ] Safepoint "ICBufferFull", Time since last: 8406151 ns, Reaching safepoint: 3196358 ns, At safepoint: 26100 ns, Total: 3222458 ns
[4.785s][info ][gc,start       ] GC(6) Pause Young (Allocation Failure)
[4.851s][debug][gc,phases      ] GC(6) Scavenge 65.661ms
[4.851s][debug][gc,ref         ] GC(6) Skipped phase 1 of Reference Processing: no references
[4.851s][debug][gc,ref         ] GC(6) ReferenceProcessor::execute queues: 4, RefProcThreadModel::Multi, marks_oops_alive: false
[4.851s][debug][gc,ref         ] GC(6) Skipped phase 3 of Reference Processing: no references
[4.851s][debug][gc,ref         ] GC(6) ReferenceProcessor::execute queues: 1, RefProcThreadModel::Single, marks_oops_alive: false
[4.851s][debug][gc,phases      ] GC(6) Reference Processing 0.316ms
[4.852s][debug][gc,phases      ] GC(6)   VM Weak                        Min:  0.0, Avg:  0.0, Max:  0.0, Diff:  0.0, Sum:  0.0, Workers: 4
[4.852s][debug][gc,phases      ] GC(6)     Dead                           Min: 0, Avg:  0.0, Max: 0, Diff: 0, Sum: 0, Workers: 4
[4.852s][debug][gc,phases      ] GC(6)     Total                          Min: 0, Avg: 111.2, Max: 320, Diff: 320, Sum: 445, Workers: 4
[4.852s][debug][gc,phases      ] GC(6)   ObjectSynchronizer Weak        Min:  0.0, Avg:  0.0, Max:  0.0, Diff:  0.0, Sum:  0.0, Workers: 4
[4.852s][debug][gc,phases      ] GC(6)     Dead                           Min: 0, Avg:  0.0, Max: 0, Diff: 0, Sum: 0, Workers: 4
[4.852s][debug][gc,phases      ] GC(6)     Total                          Min: 0, Avg: 101.8, Max: 151, Diff: 151, Sum: 407, Workers: 4
[4.852s][debug][gc,phases      ] GC(6)   JVMTI Tag Weak OopStorage      Min:  0.0, Avg:  0.0, Max:  0.0, Diff:  0.0, Sum:  0.0, Workers: 4
[4.852s][debug][gc,phases      ] GC(6)     Dead                           Min: 0, Avg:  0.0, Max: 0, Diff: 0, Sum: 0, Workers: 4
[4.852s][debug][gc,phases      ] GC(6)     Total                          Min: 0, Avg:  0.0, Max: 0, Diff: 0, Sum: 0, Workers: 4
[4.852s][debug][gc,phases      ] GC(6)   StringTable Weak               Min:  0.3, Avg:  0.3, Max:  0.4, Diff:  0.1, Sum:  1.3, Workers: 4
[4.852s][debug][gc,phases      ] GC(6)     Dead                           Min: 0, Avg:  0.2, Max: 1, Diff: 1, Sum: 1, Workers: 4
[4.852s][debug][gc,phases      ] GC(6)     Total                          Min: 9408, Avg: 9608.8, Max: 10020, Diff: 612, Sum: 38435, Workers: 4
[4.852s][debug][gc,phases      ] GC(6)   ResolvedMethodTable Weak       Min:  0.0, Avg:  0.0, Max:  0.1, Diff:  0.1, Sum:  0.2, Workers: 4
[4.852s][debug][gc,phases      ] GC(6)     Dead                           Min: 0, Avg:  3.5, Max: 13, Diff: 13, Sum: 14, Workers: 4
[4.852s][debug][gc,phases      ] GC(6)     Total                          Min: 0, Avg: 1246.8, Max: 1718, Diff: 1718, Sum: 4987, Workers: 4
[4.852s][debug][gc,phases      ] GC(6)   JNI Weak                       Min:  0.0, Avg:  0.0, Max:  0.0, Diff:  0.0, Sum:  0.0, Workers: 4
[4.852s][debug][gc,phases      ] GC(6)     Dead                           Min: 0, Avg:  0.0, Max: 0, Diff: 0, Sum: 0, Workers: 4
[4.852s][debug][gc,phases      ] GC(6)     Total                          Min: 0, Avg:  2.5, Max: 10, Diff: 10, Sum: 10, Workers: 4
[4.852s][debug][gc,phases      ] GC(6)   StringDedup Table Weak         Min:  0.0, Avg:  0.0, Max:  0.0, Diff:  0.0, Sum:  0.0, Workers: 4
[4.852s][debug][gc,phases      ] GC(6)     Dead                           Min: 0, Avg:  0.0, Max: 0, Diff: 0, Sum: 0, Workers: 4
[4.852s][debug][gc,phases      ] GC(6)     Total                          Min: 0, Avg:  0.0, Max: 0, Diff: 0, Sum: 0, Workers: 4
[4.852s][debug][gc,phases      ] GC(6)   StringDedup Requests0 Weak     Min:  0.0, Avg:  0.0, Max:  0.0, Diff:  0.0, Sum:  0.0, Workers: 4
[4.852s][debug][gc,phases      ] GC(6)     Dead                           Min: 0, Avg:  0.0, Max: 0, Diff: 0, Sum: 0, Workers: 4
[4.852s][debug][gc,phases      ] GC(6)     Total                          Min: 0, Avg:  0.0, Max: 0, Diff: 0, Sum: 0, Workers: 4
[4.852s][debug][gc,phases      ] GC(6)   StringDedup Requests1 Weak     Min:  0.0, Avg:  0.0, Max:  0.0, Diff:  0.0, Sum:  0.0, Workers: 4
[4.852s][debug][gc,phases      ] GC(6)     Dead                           Min: 0, Avg:  0.0, Max: 0, Diff: 0, Sum: 0, Workers: 4
[4.852s][debug][gc,phases      ] GC(6)     Total                          Min: 0, Avg:  0.0, Max: 0, Diff: 0, Sum: 0, Workers: 4
[4.852s][debug][gc,phases      ] GC(6)   Weak JFR Old Object Samples    Min:  0.0, Avg:  0.0, Max:  0.0, Diff:  0.0, Sum:  0.0, Workers: 4
[4.852s][debug][gc,phases      ] GC(6)     Dead                           Min: 0, Avg:  0.0, Max: 0, Diff: 0, Sum: 0, Workers: 4
[4.852s][debug][gc,phases      ] GC(6)     Total                          Min: 0, Avg:  0.0, Max: 0, Diff: 0, Sum: 0, Workers: 4
[4.852s][debug][gc,phases      ] GC(6) Weak Processing 0.558ms
[4.852s][debug][gc,age         ] GC(6) Desired survivor size 264765440 bytes, new threshold 6 (max threshold 15)
[4.852s][info ][gc,heap        ] GC(6) PSYoungGen: 1227568K(1572864K)->177971K(1572864K) Eden: 1048576K(1048576K)->0K(1048576K) From: 178992K(524288K)->177971K(524288K)
[4.852s][info ][gc,heap        ] GC(6) ParOldGen: 5868K(6144K)->5876K(6144K)
[4.852s][info ][gc,metaspace   ] GC(6) Metaspace: 54600K(55232K)->54600K(55232K) NonClass: 46547K(46912K)->46547K(46912K) Class: 8052K(8320K)->8052K(8320K)
[4.852s][info ][gc             ] GC(6) Pause Young (Allocation Failure) 1204M->179M(1542M) 66.672ms
[4.852s][info ][gc,cpu         ] GC(6) User=0.26s Sys=0.00s Real=0.07s
[4.852s][info ][safepoint      ] Safepoint "ParallelGCFailedAllocation", Time since last: 45846626 ns, Reaching safepoint: 161503 ns, At safepoint: 66779204 ns, Total: 66940707 ns
[4.865s][info ][safepoint      ] Safepoint "ICBufferFull", Time since last: 12705528 ns, Reaching safepoint: 118903 ns, At safepoint: 26800 ns, Total: 145703 ns
[4.866s][info ][safepoint      ] Safepoint "ICBufferFull", Time since last: 728913 ns, Reaching safepoint: 110102 ns, At safepoint: 24401 ns, Total: 134503 ns
[4.867s][info ][safepoint      ] Safepoint "ICBufferFull", Time since last: 892316 ns, Reaching safepoint: 170703 ns, At safepoint: 21600 ns, Total: 192303 ns
[4.867s][info ][safepoint      ] Safepoint "ICBufferFull", Time since last: 737113 ns, Reaching safepoint: 88302 ns, At safepoint: 20600 ns, Total: 108902 ns
[4.868s][info ][safepoint      ] Safepoint "ICBufferFull", Time since last: 757014 ns, Reaching safepoint: 80301 ns, At safepoint: 28501 ns, Total: 108802 ns
[4.869s][info ][safepoint      ] Safepoint "ICBufferFull", Time since last: 866416 ns, Reaching safepoint: 86201 ns, At safepoint: 22401 ns, Total: 108602 ns
[4.870s][info ][safepoint      ] Safepoint "ICBufferFull", Time since last: 856715 ns, Reaching safepoint: 99002 ns, At safepoint: 23500 ns, Total: 122502 ns
[4.871s][info ][safepoint      ] Safepoint "ICBufferFull", Time since last: 1005018 ns, Reaching safepoint: 86802 ns, At safepoint: 19300 ns, Total: 106102 ns
[4.873s][info ][safepoint      ] Safepoint "ICBufferFull", Time since last: 1353025 ns, Reaching safepoint: 88201 ns, At safepoint: 21001 ns, Total: 109202 ns
[4.874s][info ][safepoint      ] Safepoint "ICBufferFull", Time since last: 1517927 ns, Reaching safepoint: 86701 ns, At safepoint: 25801 ns, Total: 112502 ns
[4.879s][info ][safepoint      ] Safepoint "ICBufferFull", Time since last: 1668330 ns, Reaching safepoint: 3153057 ns, At safepoint: 25200 ns, Total: 3178257 ns
[4.884s][info ][safepoint      ] Safepoint "ICBufferFull", Time since last: 4477981 ns, Reaching safepoint: 264305 ns, At safepoint: 24000 ns, Total: 288305 ns
[4.885s][info ][safepoint      ] Safepoint "ICBufferFull", Time since last: 741514 ns, Reaching safepoint: 96201 ns, At safepoint: 22201 ns, Total: 118402 ns
[4.886s][info ][safepoint      ] Safepoint "ICBufferFull", Time since last: 705812 ns, Reaching safepoint: 93902 ns, At safepoint: 22800 ns, Total: 116702 ns
[4.887s][info ][safepoint      ] Safepoint "ICBufferFull", Time since last: 1558429 ns, Reaching safepoint: 100301 ns, At safepoint: 24401 ns, Total: 124702 ns
[4.903s][info ][safepoint      ] Safepoint "ICBufferFull", Time since last: 15478979 ns, Reaching safepoint: 108002 ns, At safepoint: 27300 ns, Total: 135302 ns
[4.903s][info ][safepoint      ] Safepoint "ICBufferFull", Time since last: 85602 ns, Reaching safepoint: 95801 ns, At safepoint: 17401 ns, Total: 113202 ns
[4.903s][info ][safepoint      ] Safepoint "ICBufferFull", Time since last: 39400 ns, Reaching safepoint: 92202 ns, At safepoint: 21200 ns, Total: 113402 ns
[4.907s][info ][safepoint      ] Safepoint "ICBufferFull", Time since last: 3516964 ns, Reaching safepoint: 106402 ns, At safepoint: 21100 ns, Total: 127502 ns
[4.908s][info ][safepoint      ] Safepoint "ICBufferFull", Time since last: 686512 ns, Reaching safepoint: 100702 ns, At safepoint: 21801 ns, Total: 122503 ns
[4.909s][info ][safepoint      ] Safepoint "ICBufferFull", Time since last: 666312 ns, Reaching safepoint: 96201 ns, At safepoint: 28601 ns, Total: 124802 ns
[4.909s][info ][safepoint      ] Safepoint "ICBufferFull", Time since last: 683412 ns, Reaching safepoint: 100802 ns, At safepoint: 24601 ns, Total: 125403 ns
[4.910s][info ][safepoint      ] Safepoint "ICBufferFull", Time since last: 683512 ns, Reaching safepoint: 100102 ns, At safepoint: 25500 ns, Total: 125602 ns
[4.911s][info ][safepoint      ] Safepoint "ICBufferFull", Time since last: 704813 ns, Reaching safepoint: 87401 ns, At safepoint: 23001 ns, Total: 110402 ns
[4.912s][info ][safepoint      ] Safepoint "ICBufferFull", Time since last: 682612 ns, Reaching safepoint: 94102 ns, At safepoint: 25100 ns, Total: 119202 ns
[4.913s][info ][safepoint      ] Safepoint "ICBufferFull", Time since last: 697413 ns, Reaching safepoint: 91101 ns, At safepoint: 18201 ns, Total: 109302 ns
[4.913s][info ][safepoint      ] Safepoint "ICBufferFull", Time since last: 672312 ns, Reaching safepoint: 87301 ns, At safepoint: 22801 ns, Total: 110102 ns
[4.914s][info ][safepoint      ] Safepoint "ICBufferFull", Time since last: 669412 ns, Reaching safepoint: 94602 ns, At safepoint: 21600 ns, Total: 116202 ns
[4.915s][info ][safepoint      ] Safepoint "ICBufferFull", Time since last: 682812 ns, Reaching safepoint: 52401 ns, At safepoint: 24001 ns, Total: 76402 ns
[4.916s][info ][safepoint      ] Safepoint "ICBufferFull", Time since last: 696212 ns, Reaching safepoint: 99802 ns, At safepoint: 18700 ns, Total: 118502 ns
[4.917s][info ][safepoint      ] Safepoint "ICBufferFull", Time since last: 687513 ns, Reaching safepoint: 97102 ns, At safepoint: 22000 ns, Total: 119102 ns
[4.917s][info ][safepoint      ] Safepoint "ICBufferFull", Time since last: 676212 ns, Reaching safepoint: 101302 ns, At safepoint: 18600 ns, Total: 119902 ns
[4.918s][info ][safepoint      ] Safepoint "ICBufferFull", Time since last: 662212 ns, Reaching safepoint: 87502 ns, At safepoint: 29500 ns, Total: 117002 ns
[4.919s][info ][safepoint      ] Safepoint "ICBufferFull", Time since last: 684513 ns, Reaching safepoint: 89901 ns, At safepoint: 24001 ns, Total: 113902 ns
[4.925s][info ][safepoint      ] Safepoint "ICBufferFull", Time since last: 5776204 ns, Reaching safepoint: 114902 ns, At safepoint: 25900 ns, Total: 140802 ns
[4.926s][info ][safepoint      ] Safepoint "ICBufferFull", Time since last: 720813 ns, Reaching safepoint: 87202 ns, At safepoint: 22200 ns, Total: 109402 ns
[4.927s][info ][safepoint      ] Safepoint "ICBufferFull", Time since last: 698913 ns, Reaching safepoint: 87601 ns, At safepoint: 23701 ns, Total: 111302 ns
[4.927s][info ][safepoint      ] Safepoint "ICBufferFull", Time since last: 719113 ns, Reaching safepoint: 91601 ns, At safepoint: 23801 ns, Total: 115402 ns
[4.928s][info ][safepoint      ] Safepoint "ICBufferFull", Time since last: 700813 ns, Reaching safepoint: 92401 ns, At safepoint: 19901 ns, Total: 112302 ns
[4.929s][info ][safepoint      ] Safepoint "ICBufferFull", Time since last: 700312 ns, Reaching safepoint: 90502 ns, At safepoint: 22500 ns, Total: 113002 ns
[4.930s][info ][safepoint      ] Safepoint "ICBufferFull", Time since last: 731913 ns, Reaching safepoint: 83702 ns, At safepoint: 23800 ns, Total: 107502 ns
[4.931s][info ][safepoint      ] Safepoint "ICBufferFull", Time since last: 671012 ns, Reaching safepoint: 99802 ns, At safepoint: 22901 ns, Total: 122703 ns
[4.936s][info ][safepoint      ] Safepoint "ICBufferFull", Time since last: 683512 ns, Reaching safepoint: 4226176 ns, At safepoint: 27101 ns, Total: 4253277 ns
[4.950s][info ][safepoint      ] Safepoint "ICBufferFull", Time since last: 12062617 ns, Reaching safepoint: 2122338 ns, At safepoint: 25401 ns, Total: 2147739 ns
[4.951s][info ][safepoint      ] Safepoint "ICBufferFull", Time since last: 795214 ns, Reaching safepoint: 383907 ns, At safepoint: 26100 ns, Total: 410007 ns
[4.952s][info ][safepoint      ] Safepoint "ICBufferFull", Time since last: 691713 ns, Reaching safepoint: 102102 ns, At safepoint: 26500 ns, Total: 128602 ns
[4.953s][info ][safepoint      ] Safepoint "ICBufferFull", Time since last: 677112 ns, Reaching safepoint: 95702 ns, At safepoint: 20000 ns, Total: 115702 ns
[4.953s][info ][safepoint      ] Safepoint "ICBufferFull", Time since last: 678813 ns, Reaching safepoint: 94801 ns, At safepoint: 21401 ns, Total: 116202 ns
[4.954s][info ][safepoint      ] Safepoint "ICBufferFull", Time since last: 669412 ns, Reaching safepoint: 95802 ns, At safepoint: 23200 ns, Total: 119002 ns
[4.955s][info ][safepoint      ] Safepoint "ICBufferFull", Time since last: 683912 ns, Reaching safepoint: 93702 ns, At safepoint: 24900 ns, Total: 118602 ns
[4.956s][info ][safepoint      ] Safepoint "ICBufferFull", Time since last: 670912 ns, Reaching safepoint: 94702 ns, At safepoint: 22401 ns, Total: 117103 ns
[4.957s][info ][safepoint      ] Safepoint "ICBufferFull", Time since last: 674112 ns, Reaching safepoint: 96001 ns, At safepoint: 26701 ns, Total: 122702 ns
[4.957s][info ][safepoint      ] Safepoint "ICBufferFull", Time since last: 673312 ns, Reaching safepoint: 99902 ns, At safepoint: 26200 ns, Total: 126102 ns
[4.959s][info ][safepoint      ] Safepoint "ICBufferFull", Time since last: 669112 ns, Reaching safepoint: 546810 ns, At safepoint: 27501 ns, Total: 574311 ns
[4.959s][info ][safepoint      ] Safepoint "ICBufferFull", Time since last: 719913 ns, Reaching safepoint: 92001 ns, At safepoint: 23701 ns, Total: 115702 ns
[4.960s][info ][safepoint      ] Safepoint "ICBufferFull", Time since last: 682412 ns, Reaching safepoint: 89802 ns, At safepoint: 26300 ns, Total: 116102 ns
[4.961s][info ][safepoint      ] Safepoint "ICBufferFull", Time since last: 677012 ns, Reaching safepoint: 88002 ns, At safepoint: 22000 ns, Total: 110002 ns
[4.962s][info ][safepoint      ] Safepoint "ICBufferFull", Time since last: 719413 ns, Reaching safepoint: 221304 ns, At safepoint: 21401 ns, Total: 242705 ns
[4.963s][info ][safepoint      ] Safepoint "ICBufferFull", Time since last: 751913 ns, Reaching safepoint: 89202 ns, At safepoint: 36601 ns, Total: 125803 ns
[4.964s][info ][safepoint      ] Safepoint "ICBufferFull", Time since last: 736313 ns, Reaching safepoint: 125302 ns, At safepoint: 25300 ns, Total: 150602 ns
[4.965s][info ][safepoint      ] Safepoint "ICBufferFull", Time since last: 731014 ns, Reaching safepoint: 88201 ns, At safepoint: 22001 ns, Total: 110202 ns
[4.965s][info ][safepoint      ] Safepoint "ICBufferFull", Time since last: 682512 ns, Reaching safepoint: 87502 ns, At safepoint: 24900 ns, Total: 112402 ns
[4.967s][info ][safepoint      ] Safepoint "ICBufferFull", Time since last: 1035119 ns, Reaching safepoint: 90801 ns, At safepoint: 21701 ns, Total: 112502 ns
[4.967s][info ][safepoint      ] Safepoint "ICBufferFull", Time since last: 695012 ns, Reaching safepoint: 175803 ns, At safepoint: 23001 ns, Total: 198804 ns
[4.968s][info ][safepoint      ] Safepoint "ICBufferFull", Time since last: 684812 ns, Reaching safepoint: 87202 ns, At safepoint: 21200 ns, Total: 108402 ns
[4.969s][info ][safepoint      ] Safepoint "ICBufferFull", Time since last: 674212 ns, Reaching safepoint: 86402 ns, At safepoint: 24400 ns, Total: 110802 ns
[4.975s][info ][safepoint      ] Safepoint "ICBufferFull", Time since last: 5414898 ns, Reaching safepoint: 94501 ns, At safepoint: 20601 ns, Total: 115102 ns
[4.975s][info ][safepoint      ] Safepoint "ICBufferFull", Time since last: 769414 ns, Reaching safepoint: 55801 ns, At safepoint: 24100 ns, Total: 79901 ns
[4.976s][info ][safepoint      ] Safepoint "ICBufferFull", Time since last: 869116 ns, Reaching safepoint: 87401 ns, At safepoint: 31501 ns, Total: 118902 ns
[4.978s][info ][safepoint      ] Safepoint "ICBufferFull", Time since last: 1002518 ns, Reaching safepoint: 87502 ns, At safepoint: 20100 ns, Total: 107602 ns
[4.978s][info ][safepoint      ] Safepoint "ICBufferFull", Time since last: 795114 ns, Reaching safepoint: 86902 ns, At safepoint: 26100 ns, Total: 113002 ns
[4.979s][info ][safepoint      ] Safepoint "ICBufferFull", Time since last: 887216 ns, Reaching safepoint: 86402 ns, At safepoint: 23500 ns, Total: 109902 ns
[4.980s][info ][safepoint      ] Safepoint "ICBufferFull", Time since last: 885516 ns, Reaching safepoint: 85202 ns, At safepoint: 22200 ns, Total: 107402 ns
[4.987s][info ][safepoint      ] Safepoint "ICBufferFull", Time since last: 6602119 ns, Reaching safepoint: 105702 ns, At safepoint: 17000 ns, Total: 122702 ns
[4.988s][info ][safepoint      ] Safepoint "ICBufferFull", Time since last: 682113 ns, Reaching safepoint: 103101 ns, At safepoint: 23201 ns, Total: 126302 ns
[4.989s][info ][safepoint      ] Safepoint "ICBufferFull", Time since last: 690812 ns, Reaching safepoint: 89302 ns, At safepoint: 21600 ns, Total: 110902 ns
[4.990s][info ][safepoint      ] Safepoint "ICBufferFull", Time since last: 690113 ns, Reaching safepoint: 100702 ns, At safepoint: 23300 ns, Total: 124002 ns
[4.990s][info ][safepoint      ] Safepoint "ICBufferFull", Time since last: 683812 ns, Reaching safepoint: 95102 ns, At safepoint: 22300 ns, Total: 117402 ns
[4.991s][info ][safepoint      ] Safepoint "ICBufferFull", Time since last: 720713 ns, Reaching safepoint: 106202 ns, At safepoint: 23501 ns, Total: 129703 ns
[4.992s][info ][safepoint      ] Safepoint "ICBufferFull", Time since last: 676712 ns, Reaching safepoint: 101102 ns, At safepoint: 23500 ns, Total: 124602 ns
[4.993s][info ][safepoint      ] Safepoint "ICBufferFull", Time since last: 654812 ns, Reaching safepoint: 94102 ns, At safepoint: 24300 ns, Total: 118402 ns
[4.999s][info ][safepoint      ] Safepoint "ICBufferFull", Time since last: 5894906 ns, Reaching safepoint: 102002 ns, At safepoint: 19201 ns, Total: 121203 ns
[5.000s][info ][safepoint      ] Safepoint "ICBufferFull", Time since last: 774013 ns, Reaching safepoint: 96802 ns, At safepoint: 22101 ns, Total: 118903 ns
[5.000s][info ][safepoint      ] Safepoint "ICBufferFull", Time since last: 657211 ns, Reaching safepoint: 94002 ns, At safepoint: 18000 ns, Total: 112002 ns
[5.001s][info ][safepoint      ] Safepoint "ICBufferFull", Time since last: 663412 ns, Reaching safepoint: 96902 ns, At safepoint: 21901 ns, Total: 118803 ns
[5.002s][info ][safepoint      ] Safepoint "ICBufferFull", Time since last: 669912 ns, Reaching safepoint: 154002 ns, At safepoint: 27001 ns, Total: 181003 ns
[5.003s][info ][safepoint      ] Safepoint "ICBufferFull", Time since last: 707813 ns, Reaching safepoint: 98101 ns, At safepoint: 26101 ns, Total: 124202 ns
[5.004s][info ][safepoint      ] Safepoint "ICBufferFull", Time since last: 709413 ns, Reaching safepoint: 86601 ns, At safepoint: 27101 ns, Total: 113702 ns
[5.008s][info ][safepoint      ] Safepoint "ICBufferFull", Time since last: 3824669 ns, Reaching safepoint: 88701 ns, At safepoint: 21901 ns, Total: 110602 ns
[5.009s][info ][safepoint      ] Safepoint "ICBufferFull", Time since last: 794014 ns, Reaching safepoint: 90802 ns, At safepoint: 22000 ns, Total: 112802 ns
[5.009s][info ][safepoint      ] Safepoint "ICBufferFull", Time since last: 685112 ns, Reaching safepoint: 107002 ns, At safepoint: 24901 ns, Total: 131903 ns
[5.010s][info ][safepoint      ] Safepoint "ICBufferFull", Time since last: 709612 ns, Reaching safepoint: 99902 ns, At safepoint: 23101 ns, Total: 123003 ns
[5.011s][info ][safepoint      ] Safepoint "ICBufferFull", Time since last: 725213 ns, Reaching safepoint: 99202 ns, At safepoint: 21700 ns, Total: 120902 ns
[5.014s][info ][safepoint      ] Safepoint "ICBufferFull", Time since last: 689312 ns, Reaching safepoint: 2141739 ns, At safepoint: 20400 ns, Total: 2162139 ns
[5.015s][info ][safepoint      ] Safepoint "ICBufferFull", Time since last: 726613 ns, Reaching safepoint: 96502 ns, At safepoint: 21001 ns, Total: 117503 ns
[5.016s][info ][safepoint      ] Safepoint "ICBufferFull", Time since last: 730113 ns, Reaching safepoint: 90401 ns, At safepoint: 21601 ns, Total: 112002 ns
[5.016s][info ][safepoint      ] Safepoint "ICBufferFull", Time since last: 694012 ns, Reaching safepoint: 99102 ns, At safepoint: 20800 ns, Total: 119902 ns
[5.017s][info ][safepoint      ] Safepoint "ICBufferFull", Time since last: 675413 ns, Reaching safepoint: 88001 ns, At safepoint: 22201 ns, Total: 110202 ns
[5.018s][info ][safepoint      ] Safepoint "ICBufferFull", Time since last: 679512 ns, Reaching safepoint: 99402 ns, At safepoint: 18800 ns, Total: 118202 ns
[5.019s][info ][safepoint      ] Safepoint "ICBufferFull", Time since last: 697812 ns, Reaching safepoint: 90902 ns, At safepoint: 24901 ns, Total: 115803 ns
[5.020s][info ][safepoint      ] Safepoint "ICBufferFull", Time since last: 696012 ns, Reaching safepoint: 89002 ns, At safepoint: 24300 ns, Total: 113302 ns
[5.020s][info ][safepoint      ] Safepoint "ICBufferFull", Time since last: 675112 ns, Reaching safepoint: 88702 ns, At safepoint: 24700 ns, Total: 113402 ns
[5.021s][info ][safepoint      ] Safepoint "ICBufferFull", Time since last: 696113 ns, Reaching safepoint: 231204 ns, At safepoint: 21400 ns, Total: 252604 ns
[5.022s][info ][safepoint      ] Safepoint "ICBufferFull", Time since last: 677613 ns, Reaching safepoint: 88301 ns, At safepoint: 22801 ns, Total: 111102 ns
[5.023s][info ][safepoint      ] Safepoint "ICBufferFull", Time since last: 666612 ns, Reaching safepoint: 58701 ns, At safepoint: 22700 ns, Total: 81401 ns
[5.024s][info ][safepoint      ] Safepoint "ICBufferFull", Time since last: 696613 ns, Reaching safepoint: 89101 ns, At safepoint: 18801 ns, Total: 107902 ns
[5.025s][info ][safepoint      ] Safepoint "ICBufferFull", Time since last: 676412 ns, Reaching safepoint: 222204 ns, At safepoint: 20300 ns, Total: 242504 ns
[5.026s][info ][safepoint      ] Safepoint "ICBufferFull", Time since last: 690613 ns, Reaching safepoint: 563410 ns, At safepoint: 25800 ns, Total: 589210 ns
[5.027s][info ][safepoint      ] Safepoint "ICBufferFull", Time since last: 709213 ns, Reaching safepoint: 91102 ns, At safepoint: 21300 ns, Total: 112402 ns
[5.028s][info ][safepoint      ] Safepoint "ICBufferFull", Time since last: 709813 ns, Reaching safepoint: 77101 ns, At safepoint: 25201 ns, Total: 102302 ns
[5.028s][info ][safepoint      ] Safepoint "ICBufferFull", Time since last: 673612 ns, Reaching safepoint: 89901 ns, At safepoint: 22401 ns, Total: 112302 ns
[5.044s][info ][safepoint      ] Safepoint "ICBufferFull", Time since last: 15254875 ns, Reaching safepoint: 98201 ns, At safepoint: 27001 ns, Total: 125202 ns
[5.045s][info ][safepoint      ] Safepoint "ICBufferFull", Time since last: 725613 ns, Reaching safepoint: 363307 ns, At safepoint: 25400 ns, Total: 388707 ns
[5.046s][info ][safepoint      ] Safepoint "ICBufferFull", Time since last: 684712 ns, Reaching safepoint: 77202 ns, At safepoint: 23000 ns, Total: 100202 ns
[5.046s][info ][safepoint      ] Safepoint "ICBufferFull", Time since last: 665012 ns, Reaching safepoint: 100002 ns, At safepoint: 25200 ns, Total: 125202 ns
[5.047s][info ][safepoint      ] Safepoint "ICBufferFull", Time since last: 698913 ns, Reaching safepoint: 101102 ns, At safepoint: 24000 ns, Total: 125102 ns
[5.048s][info ][safepoint      ] Safepoint "ICBufferFull", Time since last: 688213 ns, Reaching safepoint: 98201 ns, At safepoint: 21901 ns, Total: 120102 ns
[5.049s][info ][safepoint      ] Safepoint "ICBufferFull", Time since last: 684212 ns, Reaching safepoint: 100902 ns, At safepoint: 22800 ns, Total: 123702 ns
[5.050s][info ][safepoint      ] Safepoint "ICBufferFull", Time since last: 696113 ns, Reaching safepoint: 90502 ns, At safepoint: 24900 ns, Total: 115402 ns
[5.050s][info ][safepoint      ] Safepoint "ICBufferFull", Time since last: 698913 ns, Reaching safepoint: 91301 ns, At safepoint: 22601 ns, Total: 113902 ns
[5.051s][info ][safepoint      ] Safepoint "ICBufferFull", Time since last: 721413 ns, Reaching safepoint: 97101 ns, At safepoint: 26001 ns, Total: 123102 ns
[5.052s][info ][safepoint      ] Safepoint "ICBufferFull", Time since last: 701812 ns, Reaching safepoint: 99702 ns, At safepoint: 18701 ns, Total: 118403 ns
[5.053s][info ][safepoint      ] Safepoint "ICBufferFull", Time since last: 694712 ns, Reaching safepoint: 87402 ns, At safepoint: 19400 ns, Total: 106802 ns
[5.054s][info ][safepoint      ] Safepoint "ICBufferFull", Time since last: 682512 ns, Reaching safepoint: 88602 ns, At safepoint: 26500 ns, Total: 115102 ns
[5.055s][info ][safepoint      ] Safepoint "ICBufferFull", Time since last: 1070520 ns, Reaching safepoint: 94601 ns, At safepoint: 25401 ns, Total: 120002 ns
[5.056s][info ][safepoint      ] Safepoint "ICBufferFull", Time since last: 698912 ns, Reaching safepoint: 92602 ns, At safepoint: 20101 ns, Total: 112703 ns
[5.057s][info ][safepoint      ] Safepoint "ICBufferFull", Time since last: 690812 ns, Reaching safepoint: 99202 ns, At safepoint: 22500 ns, Total: 121702 ns
[5.057s][info ][safepoint      ] Safepoint "ICBufferFull", Time since last: 685513 ns, Reaching safepoint: 89601 ns, At safepoint: 15800 ns, Total: 105401 ns
[5.058s][info ][safepoint      ] Safepoint "ICBufferFull", Time since last: 697713 ns, Reaching safepoint: 88302 ns, At safepoint: 17800 ns, Total: 106102 ns
[5.059s][info ][safepoint      ] Safepoint "ICBufferFull", Time since last: 724313 ns, Reaching safepoint: 88102 ns, At safepoint: 20200 ns, Total: 108302 ns
[5.060s][info ][safepoint      ] Safepoint "ICBufferFull", Time since last: 696512 ns, Reaching safepoint: 88202 ns, At safepoint: 24900 ns, Total: 113102 ns
[5.061s][info ][safepoint      ] Safepoint "ICBufferFull", Time since last: 697213 ns, Reaching safepoint: 88202 ns, At safepoint: 20500 ns, Total: 108702 ns
[5.061s][info ][safepoint      ] Safepoint "ICBufferFull", Time since last: 693512 ns, Reaching safepoint: 87702 ns, At safepoint: 20100 ns, Total: 107802 ns
[5.062s][info ][safepoint      ] Safepoint "ICBufferFull", Time since last: 708613 ns, Reaching safepoint: 95202 ns, At safepoint: 24700 ns, Total: 119902 ns
[5.063s][info ][safepoint      ] Safepoint "ICBufferFull", Time since last: 691113 ns, Reaching safepoint: 85801 ns, At safepoint: 23801 ns, Total: 109602 ns
[5.064s][info ][safepoint      ] Safepoint "ICBufferFull", Time since last: 681812 ns, Reaching safepoint: 98202 ns, At safepoint: 20900 ns, Total: 119102 ns
[5.071s][info ][safepoint      ] Safepoint "ICBufferFull", Time since last: 672512 ns, Reaching safepoint: 6395616 ns, At safepoint: 29100 ns, Total: 6424716 ns
[5.072s][info ][safepoint      ] Safepoint "ICBufferFull", Time since last: 779914 ns, Reaching safepoint: 109802 ns, At safepoint: 27301 ns, Total: 137103 ns
[5.073s][info ][safepoint      ] Safepoint "ICBufferFull", Time since last: 727013 ns, Reaching safepoint: 99302 ns, At safepoint: 23500 ns, Total: 122802 ns
[5.074s][info ][safepoint      ] Safepoint "ICBufferFull", Time since last: 744813 ns, Reaching safepoint: 99702 ns, At safepoint: 25301 ns, Total: 125003 ns
[5.074s][info ][safepoint      ] Safepoint "ICBufferFull", Time since last: 732413 ns, Reaching safepoint: 99602 ns, At safepoint: 28400 ns, Total: 128002 ns
[5.075s][info ][safepoint      ] Safepoint "ICBufferFull", Time since last: 761014 ns, Reaching safepoint: 98802 ns, At safepoint: 27900 ns, Total: 126702 ns
[5.076s][info ][safepoint      ] Safepoint "ICBufferFull", Time since last: 734313 ns, Reaching safepoint: 107002 ns, At safepoint: 27501 ns, Total: 134503 ns
[5.077s][info ][safepoint      ] Safepoint "ICBufferFull", Time since last: 748613 ns, Reaching safepoint: 107702 ns, At safepoint: 28201 ns, Total: 135903 ns
[5.078s][info ][safepoint      ] Safepoint "ICBufferFull", Time since last: 725013 ns, Reaching safepoint: 97702 ns, At safepoint: 25400 ns, Total: 123102 ns
[5.087s][info ][safepoint      ] Safepoint "ICBufferFull", Time since last: 8257649 ns, Reaching safepoint: 802014 ns, At safepoint: 23601 ns, Total: 825615 ns
[5.088s][info ][safepoint      ] Safepoint "ICBufferFull", Time since last: 753713 ns, Reaching safepoint: 241105 ns, At safepoint: 21300 ns, Total: 262405 ns
[5.093s][info ][safepoint      ] Safepoint "ICBufferFull", Time since last: 715613 ns, Reaching safepoint: 4281577 ns, At safepoint: 29201 ns, Total: 4310778 ns
[5.094s][info ][safepoint      ] Safepoint "ICBufferFull", Time since last: 755513 ns, Reaching safepoint: 103702 ns, At safepoint: 27000 ns, Total: 130702 ns
[5.095s][info ][safepoint      ] Safepoint "ICBufferFull", Time since last: 693613 ns, Reaching safepoint: 94202 ns, At safepoint: 25000 ns, Total: 119202 ns
[5.096s][info ][safepoint      ] Safepoint "ICBufferFull", Time since last: 705613 ns, Reaching safepoint: 93402 ns, At safepoint: 25900 ns, Total: 119302 ns
[5.096s][info ][safepoint      ] Safepoint "ICBufferFull", Time since last: 702713 ns, Reaching safepoint: 91101 ns, At safepoint: 26401 ns, Total: 117502 ns
[5.097s][info ][safepoint      ] Safepoint "ICBufferFull", Time since last: 698412 ns, Reaching safepoint: 89802 ns, At safepoint: 23700 ns, Total: 113502 ns
[5.098s][info ][safepoint      ] Safepoint "ICBufferFull", Time since last: 686413 ns, Reaching safepoint: 90801 ns, At safepoint: 24101 ns, Total: 114902 ns
[5.099s][info ][safepoint      ] Safepoint "ICBufferFull", Time since last: 669212 ns, Reaching safepoint: 91302 ns, At safepoint: 23000 ns, Total: 114302 ns
[5.100s][info ][safepoint      ] Safepoint "ICBufferFull", Time since last: 690012 ns, Reaching safepoint: 93902 ns, At safepoint: 28401 ns, Total: 122303 ns
[5.100s][info ][safepoint      ] Safepoint "ICBufferFull", Time since last: 695312 ns, Reaching safepoint: 94002 ns, At safepoint: 23800 ns, Total: 117802 ns
[5.101s][info ][safepoint      ] Safepoint "ICBufferFull", Time since last: 664412 ns, Reaching safepoint: 303806 ns, At safepoint: 26500 ns, Total: 330306 ns
[5.260s][info ][gc,start       ] GC(7) Pause Young (Allocation Failure)
[5.348s][debug][gc,phases      ] GC(7) Scavenge 88.552ms
[5.348s][debug][gc,ref         ] GC(7) Skipped phase 1 of Reference Processing: no references
[5.348s][debug][gc,ref         ] GC(7) ReferenceProcessor::execute queues: 4, RefProcThreadModel::Multi, marks_oops_alive: false
[5.349s][debug][gc,ref         ] GC(7) Skipped phase 3 of Reference Processing: no references
[5.349s][debug][gc,ref         ] GC(7) ReferenceProcessor::execute queues: 1, RefProcThreadModel::Single, marks_oops_alive: false
[5.349s][debug][gc,phases      ] GC(7) Reference Processing 0.254ms
[5.349s][debug][gc,phases      ] GC(7)   VM Weak                        Min:  0.0, Avg:  0.0, Max:  0.0, Diff:  0.0, Sum:  0.0, Workers: 4
[5.349s][debug][gc,phases      ] GC(7)     Dead                           Min: 0, Avg:  0.0, Max: 0, Diff: 0, Sum: 0, Workers: 4
[5.349s][debug][gc,phases      ] GC(7)     Total                          Min: 0, Avg: 111.8, Max: 320, Diff: 320, Sum: 447, Workers: 4
[5.349s][debug][gc,phases      ] GC(7)   ObjectSynchronizer Weak        Min:  0.0, Avg:  0.0, Max:  0.0, Diff:  0.0, Sum:  0.0, Workers: 4
[5.349s][debug][gc,phases      ] GC(7)     Dead                           Min: 0, Avg:  0.2, Max: 1, Diff: 1, Sum: 1, Workers: 4
[5.349s][debug][gc,phases      ] GC(7)     Total                          Min: 0, Avg: 101.8, Max: 215, Diff: 215, Sum: 407, Workers: 4
[5.349s][debug][gc,phases      ] GC(7)   JVMTI Tag Weak OopStorage      Min:  0.0, Avg:  0.0, Max:  0.0, Diff:  0.0, Sum:  0.0, Workers: 4
[5.349s][debug][gc,phases      ] GC(7)     Dead                           Min: 0, Avg:  0.0, Max: 0, Diff: 0, Sum: 0, Workers: 4
[5.349s][debug][gc,phases      ] GC(7)     Total                          Min: 0, Avg:  0.0, Max: 0, Diff: 0, Sum: 0, Workers: 4
[5.349s][debug][gc,phases      ] GC(7)   StringTable Weak               Min:  0.3, Avg:  0.3, Max:  0.3, Diff:  0.0, Sum:  1.2, Workers: 4
[5.349s][debug][gc,phases      ] GC(7)     Dead                           Min: 0, Avg:  3.5, Max: 14, Diff: 14, Sum: 14, Workers: 4
[5.349s][debug][gc,phases      ] GC(7)     Total                          Min: 7698, Avg: 9620.5, Max: 10560, Diff: 2862, Sum: 38482, Workers: 4
[5.349s][debug][gc,phases      ] GC(7)   ResolvedMethodTable Weak       Min:  0.0, Avg:  0.0, Max:  0.0, Diff:  0.0, Sum:  0.2, Workers: 4
[5.349s][debug][gc,phases      ] GC(7)     Dead                           Min: 0, Avg:  0.0, Max: 0, Diff: 0, Sum: 0, Workers: 4
[5.349s][debug][gc,phases      ] GC(7)     Total                          Min: 1146, Avg: 1249.0, Max: 1344, Diff: 198, Sum: 4996, Workers: 4
[5.349s][debug][gc,phases      ] GC(7)   JNI Weak                       Min:  0.0, Avg:  0.0, Max:  0.0, Diff:  0.0, Sum:  0.0, Workers: 4
[5.349s][debug][gc,phases      ] GC(7)     Dead                           Min: 0, Avg:  0.0, Max: 0, Diff: 0, Sum: 0, Workers: 4
[5.349s][debug][gc,phases      ] GC(7)     Total                          Min: 0, Avg:  0.0, Max: 0, Diff: 0, Sum: 0, Workers: 4
[5.349s][debug][gc,phases      ] GC(7)   StringDedup Table Weak         Min:  0.0, Avg:  0.0, Max:  0.0, Diff:  0.0, Sum:  0.0, Workers: 4
[5.349s][debug][gc,phases      ] GC(7)     Dead                           Min: 0, Avg:  0.0, Max: 0, Diff: 0, Sum: 0, Workers: 4
[5.349s][debug][gc,phases      ] GC(7)     Total                          Min: 0, Avg:  0.0, Max: 0, Diff: 0, Sum: 0, Workers: 4
[5.349s][debug][gc,phases      ] GC(7)   StringDedup Requests0 Weak     Min:  0.0, Avg:  0.0, Max:  0.0, Diff:  0.0, Sum:  0.0, Workers: 4
[5.349s][debug][gc,phases      ] GC(7)     Dead                           Min: 0, Avg:  0.0, Max: 0, Diff: 0, Sum: 0, Workers: 4
[5.349s][debug][gc,phases      ] GC(7)     Total                          Min: 0, Avg:  0.0, Max: 0, Diff: 0, Sum: 0, Workers: 4
[5.349s][debug][gc,phases      ] GC(7)   StringDedup Requests1 Weak     Min:  0.0, Avg:  0.0, Max:  0.0, Diff:  0.0, Sum:  0.0, Workers: 4
[5.349s][debug][gc,phases      ] GC(7)     Dead                           Min: 0, Avg:  0.0, Max: 0, Diff: 0, Sum: 0, Workers: 4
[5.349s][debug][gc,phases      ] GC(7)     Total                          Min: 0, Avg:  0.0, Max: 0, Diff: 0, Sum: 0, Workers: 4
[5.349s][debug][gc,phases      ] GC(7)   Weak JFR Old Object Samples    Min:  0.0, Avg:  0.0, Max:  0.0, Diff:  0.0, Sum:  0.0, Workers: 4
[5.349s][debug][gc,phases      ] GC(7)     Dead                           Min: 0, Avg:  0.0, Max: 0, Diff: 0, Sum: 0, Workers: 4
[5.349s][debug][gc,phases      ] GC(7)     Total                          Min: 0, Avg:  0.0, Max: 0, Diff: 0, Sum: 0, Workers: 4
[5.349s][debug][gc,phases      ] GC(7) Weak Processing 0.547ms
[5.349s][debug][gc,age         ] GC(7) Desired survivor size 275775488 bytes, new threshold 5 (max threshold 15)
[5.349s][info ][gc,heap        ] GC(7) PSYoungGen: 1226547K(1572864K)->180328K(1817088K) Eden: 1048576K(1048576K)->0K(1558528K) From: 177971K(524288K)->180328K(258560K)
[5.349s][info ][gc,heap        ] GC(7) ParOldGen: 5876K(6144K)->5884K(6144K)
[5.349s][info ][gc,metaspace   ] GC(7) Metaspace: 54632K(55232K)->54632K(55232K) NonClass: 46575K(46912K)->46575K(46912K) Class: 8056K(8320K)->8056K(8320K)
[5.349s][info ][gc             ] GC(7) Pause Young (Allocation Failure) 1203M->181M(1780M) 89.497ms
[5.349s][info ][gc,cpu         ] GC(7) User=0.28s Sys=0.09s Real=0.09s
[5.349s][info ][safepoint      ] Safepoint "ParallelGCFailedAllocation", Time since last: 156088012 ns, Reaching safepoint: 2135639 ns, At safepoint: 89616714 ns, Total: 91752353 ns
[5.757s][info ][gc,start       ] GC(8) Pause Young (Allocation Failure)
[5.835s][debug][gc,phases      ] GC(8) Scavenge 77.896ms
[5.835s][debug][gc,ref         ] GC(8) Skipped phase 1 of Reference Processing: no references
[5.835s][debug][gc,ref         ] GC(8) ReferenceProcessor::execute queues: 4, RefProcThreadModel::Multi, marks_oops_alive: false
[5.835s][debug][gc,ref         ] GC(8) Skipped phase 3 of Reference Processing: no references
[5.835s][debug][gc,ref         ] GC(8) ReferenceProcessor::execute queues: 1, RefProcThreadModel::Single, marks_oops_alive: false
[5.835s][debug][gc,phases      ] GC(8) Reference Processing 0.288ms
[5.836s][debug][gc,phases      ] GC(8)   VM Weak                        Min:  0.0, Avg:  0.0, Max:  0.0, Diff:  0.0, Sum:  0.0, Workers: 4
[5.836s][debug][gc,phases      ] GC(8)     Dead                           Min: 0, Avg:  0.0, Max: 0, Diff: 0, Sum: 0, Workers: 4
[5.836s][debug][gc,phases      ] GC(8)     Total                          Min: 0, Avg: 128.8, Max: 448, Diff: 448, Sum: 515, Workers: 4
[5.836s][debug][gc,phases      ] GC(8)   ObjectSynchronizer Weak        Min:  0.0, Avg:  0.0, Max:  0.0, Diff:  0.0, Sum:  0.0, Workers: 4
[5.836s][debug][gc,phases      ] GC(8)     Dead                           Min: 0, Avg:  0.0, Max: 0, Diff: 0, Sum: 0, Workers: 4
[5.836s][debug][gc,phases      ] GC(8)     Total                          Min: 0, Avg: 101.8, Max: 151, Diff: 151, Sum: 407, Workers: 4
[5.836s][debug][gc,phases      ] GC(8)   JVMTI Tag Weak OopStorage      Min:  0.0, Avg:  0.0, Max:  0.0, Diff:  0.0, Sum:  0.0, Workers: 4
[5.836s][debug][gc,phases      ] GC(8)     Dead                           Min: 0, Avg:  0.0, Max: 0, Diff: 0, Sum: 0, Workers: 4
[5.836s][debug][gc,phases      ] GC(8)     Total                          Min: 0, Avg:  0.0, Max: 0, Diff: 0, Sum: 0, Workers: 4
[5.836s][debug][gc,phases      ] GC(8)   StringTable Weak               Min:  0.3, Avg:  0.3, Max:  0.3, Diff:  0.0, Sum:  1.3, Workers: 4
[5.836s][debug][gc,phases      ] GC(8)     Dead                           Min: 0, Avg:  4.0, Max: 14, Diff: 14, Sum: 16, Workers: 4
[5.836s][debug][gc,phases      ] GC(8)     Total                          Min: 7104, Avg: 9689.0, Max: 12160, Diff: 5056, Sum: 38756, Workers: 4
[5.836s][debug][gc,phases      ] GC(8)   ResolvedMethodTable Weak       Min:  0.0, Avg:  0.1, Max:  0.1, Diff:  0.0, Sum:  0.2, Workers: 4
[5.836s][debug][gc,phases      ] GC(8)     Dead                           Min: 0, Avg:  7.5, Max: 25, Diff: 25, Sum: 30, Workers: 4
[5.836s][debug][gc,phases      ] GC(8)     Total                          Min: 960, Avg: 1310.8, Max: 1659, Diff: 699, Sum: 5243, Workers: 4
[5.836s][debug][gc,phases      ] GC(8)   JNI Weak                       Min:  0.0, Avg:  0.0, Max:  0.0, Diff:  0.0, Sum:  0.0, Workers: 4
[5.836s][debug][gc,phases      ] GC(8)     Dead                           Min: 0, Avg:  0.0, Max: 0, Diff: 0, Sum: 0, Workers: 4
[5.836s][debug][gc,phases      ] GC(8)     Total                          Min: 0, Avg:  0.0, Max: 0, Diff: 0, Sum: 0, Workers: 4
[5.836s][debug][gc,phases      ] GC(8)   StringDedup Table Weak         Min:  0.0, Avg:  0.0, Max:  0.0, Diff:  0.0, Sum:  0.0, Workers: 4
[5.836s][debug][gc,phases      ] GC(8)     Dead                           Min: 0, Avg:  0.0, Max: 0, Diff: 0, Sum: 0, Workers: 4
[5.836s][debug][gc,phases      ] GC(8)     Total                          Min: 0, Avg:  0.0, Max: 0, Diff: 0, Sum: 0, Workers: 4
[5.836s][debug][gc,phases      ] GC(8)   StringDedup Requests0 Weak     Min:  0.0, Avg:  0.0, Max:  0.0, Diff:  0.0, Sum:  0.0, Workers: 4
[5.836s][debug][gc,phases      ] GC(8)     Dead                           Min: 0, Avg:  0.0, Max: 0, Diff: 0, Sum: 0, Workers: 4
[5.836s][debug][gc,phases      ] GC(8)     Total                          Min: 0, Avg:  0.0, Max: 0, Diff: 0, Sum: 0, Workers: 4
[5.836s][debug][gc,phases      ] GC(8)   StringDedup Requests1 Weak     Min:  0.0, Avg:  0.0, Max:  0.0, Diff:  0.0, Sum:  0.0, Workers: 4
[5.836s][debug][gc,phases      ] GC(8)     Dead                           Min: 0, Avg:  0.0, Max: 0, Diff: 0, Sum: 0, Workers: 4
[5.836s][debug][gc,phases      ] GC(8)     Total                          Min: 0, Avg:  0.0, Max: 0, Diff: 0, Sum: 0, Workers: 4
[5.836s][debug][gc,phases      ] GC(8)   Weak JFR Old Object Samples    Min:  0.0, Avg:  0.0, Max:  0.0, Diff:  0.0, Sum:  0.0, Workers: 4
[5.836s][debug][gc,phases      ] GC(8)     Dead                           Min: 0, Avg:  0.0, Max: 0, Diff: 0, Sum: 0, Workers: 4
[5.836s][debug][gc,phases      ] GC(8)     Total                          Min: 0, Avg:  0.0, Max: 0, Diff: 0, Sum: 0, Workers: 4
[5.836s][debug][gc,phases      ] GC(8) Weak Processing 0.586ms
[5.836s][debug][gc,age         ] GC(8) Desired survivor size 256901120 bytes, new threshold 4 (max threshold 15)
[5.836s][info ][gc,heap        ] GC(8) PSYoungGen: 1738856K(1817088K)->126938K(1827840K) Eden: 1558528K(1558528K)->0K(1558528K) From: 180328K(258560K)->126938K(269312K)
[5.836s][info ][gc,heap        ] GC(8) ParOldGen: 5884K(6144K)->62018K(62464K)
[5.836s][info ][gc,metaspace   ] GC(8) Metaspace: 55695K(56448K)->55695K(56448K) NonClass: 47478K(47872K)->47478K(47872K) Class: 8216K(8576K)->8216K(8576K)
[5.836s][info ][gc             ] GC(8) Pause Young (Allocation Failure) 1703M->184M(1846M) 78.907ms
[5.836s][info ][gc,cpu         ] GC(8) User=0.30s Sys=0.02s Real=0.08s
[5.836s][debug][gc,phases      ] GC(9) Pre Compact 0.011ms
[5.836s][info ][gc,start       ] GC(9) Pause Full (Ergonomics)
[5.836s][info ][gc,phases,start] GC(9) Marking Phase
[5.906s][debug][gc,phases      ] GC(9) Par Mark 69.496ms
[5.906s][debug][gc,ref         ] GC(9) Skipped phase 1 of Reference Processing: no references
[5.906s][debug][gc,ref         ] GC(9) ReferenceProcessor::execute queues: 4, RefProcThreadModel::Multi, marks_oops_alive: false
[5.906s][debug][gc,ref         ] GC(9) Skipped phase 3 of Reference Processing: no references
[5.906s][debug][gc,ref         ] GC(9) ReferenceProcessor::execute queues: 1, RefProcThreadModel::Single, marks_oops_alive: false
[5.906s][debug][gc,phases      ] GC(9) Reference Processing 0.294ms
[5.906s][debug][gc,phases      ] GC(9)   VM Weak                        Min:  0.0, Avg:  0.0, Max:  0.0, Diff:  0.0, Sum:  0.0, Workers: 4
[5.906s][debug][gc,phases      ] GC(9)     Dead                           Min: 0, Avg:  1.8, Max: 7, Diff: 7, Sum: 7, Workers: 4
[5.906s][debug][gc,phases      ] GC(9)     Total                          Min: 0, Avg: 128.8, Max: 256, Diff: 256, Sum: 515, Workers: 4
[5.906s][debug][gc,phases      ] GC(9)   ObjectSynchronizer Weak        Min:  0.0, Avg:  0.0, Max:  0.0, Diff:  0.0, Sum:  0.0, Workers: 4
[5.906s][debug][gc,phases      ] GC(9)     Dead                           Min: 0, Avg:  0.0, Max: 0, Diff: 0, Sum: 0, Workers: 4
[5.906s][debug][gc,phases      ] GC(9)     Total                          Min: 0, Avg: 101.8, Max: 151, Diff: 151, Sum: 407, Workers: 4
[5.906s][debug][gc,phases      ] GC(9)   JVMTI Tag Weak OopStorage      Min:  0.0, Avg:  0.0, Max:  0.0, Diff:  0.0, Sum:  0.0, Workers: 4
[5.906s][debug][gc,phases      ] GC(9)     Dead                           Min: 0, Avg:  0.0, Max: 0, Diff: 0, Sum: 0, Workers: 4
[5.906s][debug][gc,phases      ] GC(9)     Total                          Min: 0, Avg:  0.0, Max: 0, Diff: 0, Sum: 0, Workers: 4
[5.906s][debug][gc,phases      ] GC(9)   StringTable Weak               Min:  0.1, Avg:  0.1, Max:  0.1, Diff:  0.0, Sum:  0.5, Workers: 4
[5.906s][debug][gc,phases      ] GC(9)     Dead                           Min: 0, Avg:  0.0, Max: 0, Diff: 0, Sum: 0, Workers: 4
[5.906s][debug][gc,phases      ] GC(9)     Total                          Min: 9316, Avg: 9689.0, Max: 10432, Diff: 1116, Sum: 38756, Workers: 4
[5.906s][debug][gc,phases      ] GC(9)   ResolvedMethodTable Weak       Min:  0.0, Avg:  0.0, Max:  0.0, Diff:  0.0, Sum:  0.1, Workers: 4
[5.906s][debug][gc,phases      ] GC(9)     Dead                           Min: 0, Avg:  1.8, Max: 7, Diff: 7, Sum: 7, Workers: 4
[5.906s][debug][gc,phases      ] GC(9)     Total                          Min: 1216, Avg: 1310.8, Max: 1472, Diff: 256, Sum: 5243, Workers: 4
[5.906s][debug][gc,phases      ] GC(9)   JNI Weak                       Min:  0.0, Avg:  0.0, Max:  0.0, Diff:  0.0, Sum:  0.0, Workers: 4
[5.906s][debug][gc,phases      ] GC(9)     Dead                           Min: 0, Avg:  0.0, Max: 0, Diff: 0, Sum: 0, Workers: 4
[5.906s][debug][gc,phases      ] GC(9)     Total                          Min: 0, Avg:  0.0, Max: 0, Diff: 0, Sum: 0, Workers: 4
[5.906s][debug][gc,phases      ] GC(9)   StringDedup Table Weak         Min:  0.0, Avg:  0.0, Max:  0.0, Diff:  0.0, Sum:  0.0, Workers: 4
[5.906s][debug][gc,phases      ] GC(9)     Dead                           Min: 0, Avg:  0.0, Max: 0, Diff: 0, Sum: 0, Workers: 4
[5.906s][debug][gc,phases      ] GC(9)     Total                          Min: 0, Avg:  0.0, Max: 0, Diff: 0, Sum: 0, Workers: 4
[5.906s][debug][gc,phases      ] GC(9)   StringDedup Requests0 Weak     Min:  0.0, Avg:  0.0, Max:  0.0, Diff:  0.0, Sum:  0.0, Workers: 4
[5.906s][debug][gc,phases      ] GC(9)     Dead                           Min: 0, Avg:  0.0, Max: 0, Diff: 0, Sum: 0, Workers: 4
[5.906s][debug][gc,phases      ] GC(9)     Total                          Min: 0, Avg:  0.0, Max: 0, Diff: 0, Sum: 0, Workers: 4
[5.906s][debug][gc,phases      ] GC(9)   StringDedup Requests1 Weak     Min:  0.0, Avg:  0.0, Max:  0.0, Diff:  0.0, Sum:  0.0, Workers: 4
[5.906s][debug][gc,phases      ] GC(9)     Dead                           Min: 0, Avg:  0.0, Max: 0, Diff: 0, Sum: 0, Workers: 4
[5.906s][debug][gc,phases      ] GC(9)     Total                          Min: 0, Avg:  0.0, Max: 0, Diff: 0, Sum: 0, Workers: 4
[5.906s][debug][gc,phases      ] GC(9)   Weak JFR Old Object Samples    Min:  0.0, Avg:  0.0, Max:  0.0, Diff:  0.0, Sum:  0.0, Workers: 4
[5.906s][debug][gc,phases      ] GC(9)     Dead                           Min: 0, Avg:  0.0, Max: 0, Diff: 0, Sum: 0, Workers: 4
[5.906s][debug][gc,phases      ] GC(9)     Total                          Min: 0, Avg:  0.0, Max: 0, Diff: 0, Sum: 0, Workers: 4
[5.906s][debug][gc,phases      ] GC(9) Weak Processing 0.320ms
[5.906s][debug][gc,phases      ] GC(9) ClassLoaderData 0.182ms
[5.906s][debug][gc,phases      ] GC(9) Trigger cleanups 0.008ms
[5.917s][debug][gc,phases      ] GC(9) Class Unloading 10.459ms
[5.917s][info ][gc,phases      ] GC(9) Marking Phase 80.745ms
[5.917s][info ][gc,phases,start] GC(9) Summary Phase
[5.917s][info ][gc,phases      ] GC(9) Summary Phase 0.009ms
[5.917s][info ][gc,phases,start] GC(9) Adjust Roots
[5.925s][info ][gc,phases      ] GC(9) Adjust Roots 7.996ms
[5.925s][info ][gc,phases,start] GC(9) Compaction Phase
[6.600s][info ][gc,phases      ] GC(9) Compaction Phase 674.818ms
[6.600s][info ][gc,phases,start] GC(9) Post Compact
[6.601s][info ][gc,phases      ] GC(9) Post Compact 1.014ms
[6.601s][info ][gc,heap        ] GC(9) PSYoungGen: 126938K(1827840K)->126167K(1827840K) Eden: 0K(1558528K)->0K(1558528K) From: 126938K(269312K)->126167K(269312K)
[6.601s][info ][gc,heap        ] GC(9) ParOldGen: 62018K(62464K)->62124K(100352K)
[6.601s][info ][gc,metaspace   ] GC(9) Metaspace: 55695K(56448K)->55682K(56448K) NonClass: 47478K(47872K)->47470K(47872K) Class: 8216K(8576K)->8212K(8576K)
[6.601s][info ][gc             ] GC(9) Pause Full (Ergonomics) 184M->183M(1883M) 764.771ms
[6.601s][info ][gc,cpu         ] GC(9) User=1.82s Sys=0.00s Real=0.76s
[6.601s][info ][safepoint      ] Safepoint "ParallelGCFailedAllocation", Time since last: 407511943 ns, Reaching safepoint: 222404 ns, At safepoint: 843990205 ns, Total: 844212609 ns
[6.957s][info ][gc,start       ] GC(10) Pause Young (Allocation Failure)
[7.065s][debug][gc,phases      ] GC(10) Scavenge 107.202ms
[7.065s][debug][gc,ref         ] GC(10) Skipped phase 1 of Reference Processing: no references
[7.065s][debug][gc,ref         ] GC(10) ReferenceProcessor::execute queues: 1, RefProcThreadModel::Single, marks_oops_alive: false
[7.065s][debug][gc,ref         ] GC(10) Skipped phase 3 of Reference Processing: no references
[7.065s][debug][gc,ref         ] GC(10) ReferenceProcessor::execute queues: 1, RefProcThreadModel::Single, marks_oops_alive: false
[7.065s][debug][gc,phases      ] GC(10) Reference Processing 0.163ms
[7.065s][debug][gc,phases      ] GC(10)   VM Weak                        Min:  0.0, Avg:  0.0, Max:  0.0, Diff:  0.0, Sum:  0.0, Workers: 4
[7.065s][debug][gc,phases      ] GC(10)     Dead                           Min: 0, Avg:  0.0, Max: 0, Diff: 0, Sum: 0, Workers: 4
[7.065s][debug][gc,phases      ] GC(10)     Total                          Min: 0, Avg: 130.8, Max: 267, Diff: 267, Sum: 523, Workers: 4
[7.065s][debug][gc,phases      ] GC(10)   ObjectSynchronizer Weak        Min:  0.0, Avg:  0.0, Max:  0.0, Diff:  0.0, Sum:  0.0, Workers: 4
[7.065s][debug][gc,phases      ] GC(10)     Dead                           Min: 0, Avg:  0.2, Max: 1, Diff: 1, Sum: 1, Workers: 4
[7.065s][debug][gc,phases      ] GC(10)     Total                          Min: 0, Avg: 101.8, Max: 215, Diff: 215, Sum: 407, Workers: 4
[7.065s][debug][gc,phases      ] GC(10)   JVMTI Tag Weak OopStorage      Min:  0.0, Avg:  0.0, Max:  0.0, Diff:  0.0, Sum:  0.0, Workers: 4
[7.065s][debug][gc,phases      ] GC(10)     Dead                           Min: 0, Avg:  0.0, Max: 0, Diff: 0, Sum: 0, Workers: 4
[7.065s][debug][gc,phases      ] GC(10)     Total                          Min: 0, Avg:  0.0, Max: 0, Diff: 0, Sum: 0, Workers: 4
[7.065s][debug][gc,phases      ] GC(10)   StringTable Weak               Min:  0.2, Avg:  0.2, Max:  0.2, Diff:  0.0, Sum:  0.8, Workers: 4
[7.065s][debug][gc,phases      ] GC(10)     Dead                           Min: 0, Avg:  4.0, Max: 13, Diff: 13, Sum: 16, Workers: 4
[7.065s][debug][gc,phases      ] GC(10)     Total                          Min: 8384, Avg: 9891.2, Max: 11200, Diff: 2816, Sum: 39565, Workers: 4
[7.065s][debug][gc,phases      ] GC(10)   ResolvedMethodTable Weak       Min:  0.0, Avg:  0.1, Max:  0.1, Diff:  0.0, Sum:  0.2, Workers: 4
[7.065s][debug][gc,phases      ] GC(10)     Dead                           Min: 1, Avg:  7.5, Max: 14, Diff: 13, Sum: 30, Workers: 4
[7.065s][debug][gc,phases      ] GC(10)     Total                          Min: 896, Avg: 1473.2, Max: 1925, Diff: 1029, Sum: 5893, Workers: 4
[7.065s][debug][gc,phases      ] GC(10)   JNI Weak                       Min:  0.0, Avg:  0.0, Max:  0.0, Diff:  0.0, Sum:  0.0, Workers: 4
[7.065s][debug][gc,phases      ] GC(10)     Dead                           Min: 0, Avg:  0.0, Max: 0, Diff: 0, Sum: 0, Workers: 4
[7.065s][debug][gc,phases      ] GC(10)     Total                          Min: 0, Avg:  1.0, Max: 4, Diff: 4, Sum: 4, Workers: 4
[7.065s][debug][gc,phases      ] GC(10)   StringDedup Table Weak         Min:  0.0, Avg:  0.0, Max:  0.0, Diff:  0.0, Sum:  0.0, Workers: 4
[7.065s][debug][gc,phases      ] GC(10)     Dead                           Min: 0, Avg:  0.0, Max: 0, Diff: 0, Sum: 0, Workers: 4
[7.065s][debug][gc,phases      ] GC(10)     Total                          Min: 0, Avg:  0.0, Max: 0, Diff: 0, Sum: 0, Workers: 4
[7.065s][debug][gc,phases      ] GC(10)   StringDedup Requests0 Weak     Min:  0.0, Avg:  0.0, Max:  0.0, Diff:  0.0, Sum:  0.0, Workers: 4
[7.065s][debug][gc,phases      ] GC(10)     Dead                           Min: 0, Avg:  0.0, Max: 0, Diff: 0, Sum: 0, Workers: 4
[7.065s][debug][gc,phases      ] GC(10)     Total                          Min: 0, Avg:  0.0, Max: 0, Diff: 0, Sum: 0, Workers: 4
[7.065s][debug][gc,phases      ] GC(10)   StringDedup Requests1 Weak     Min:  0.0, Avg:  0.0, Max:  0.0, Diff:  0.0, Sum:  0.0, Workers: 4
[7.065s][debug][gc,phases      ] GC(10)     Dead                           Min: 0, Avg:  0.0, Max: 0, Diff: 0, Sum: 0, Workers: 4
[7.065s][debug][gc,phases      ] GC(10)     Total                          Min: 0, Avg:  0.0, Max: 0, Diff: 0, Sum: 0, Workers: 4
[7.065s][debug][gc,phases      ] GC(10)   Weak JFR Old Object Samples    Min:  0.0, Avg:  0.0, Max:  0.0, Diff:  0.0, Sum:  0.0, Workers: 4
[7.065s][debug][gc,phases      ] GC(10)     Dead                           Min: 0, Avg:  0.0, Max: 0, Diff: 0, Sum: 0, Workers: 4
[7.065s][debug][gc,phases      ] GC(10)     Total                          Min: 0, Avg:  0.0, Max: 0, Diff: 0, Sum: 0, Workers: 4
[7.065s][debug][gc,phases      ] GC(10) Weak Processing 0.448ms
[7.065s][debug][gc,age         ] GC(10) Desired survivor size 266338304 bytes, new threshold 5 (max threshold 15)
[7.065s][info ][gc,heap        ] GC(10) PSYoungGen: 1684695K(1827840K)->12564K(1827840K) Eden: 1558528K(1558528K)->0K(1576960K) From: 126167K(269312K)->12564K(250880K)
[7.065s][info ][gc,heap        ] GC(10) ParOldGen: 62124K(100352K)->180248K(180736K)
[7.065s][info ][gc,metaspace   ] GC(10) Metaspace: 57902K(58624K)->57902K(58624K) NonClass: 49244K(49600K)->49244K(49600K) Class: 8657K(9024K)->8657K(9024K)
[7.065s][info ][gc             ] GC(10) Pause Young (Allocation Failure) 1705M->188M(1961M) 107.939ms
[7.065s][info ][gc,cpu         ] GC(10) User=0.49s Sys=0.02s Real=0.10s
[7.065s][debug][gc,phases      ] GC(11) Pre Compact 0.009ms
[7.065s][info ][gc,start       ] GC(11) Pause Full (Ergonomics)
[7.065s][info ][gc,phases,start] GC(11) Marking Phase
[7.141s][debug][gc,phases      ] GC(11) Par Mark 75.883ms
[7.141s][debug][gc,ref         ] GC(11) Skipped phase 1 of Reference Processing: no references
[7.142s][debug][gc,ref         ] GC(11) ReferenceProcessor::execute queues: 4, RefProcThreadModel::Multi, marks_oops_alive: false
[7.142s][debug][gc,ref         ] GC(11) Skipped phase 3 of Reference Processing: no references
[7.142s][debug][gc,ref         ] GC(11) ReferenceProcessor::execute queues: 1, RefProcThreadModel::Single, marks_oops_alive: false
[7.142s][debug][gc,phases      ] GC(11) Reference Processing 0.283ms
[7.142s][debug][gc,phases      ] GC(11)   VM Weak                        Min:  0.0, Avg:  0.0, Max:  0.0, Diff:  0.0, Sum:  0.0, Workers: 4
[7.142s][debug][gc,phases      ] GC(11)     Dead                           Min: 0, Avg:  0.0, Max: 0, Diff: 0, Sum: 0, Workers: 4
[7.142s][debug][gc,phases      ] GC(11)     Total                          Min: 0, Avg: 130.8, Max: 192, Diff: 192, Sum: 523, Workers: 4
[7.142s][debug][gc,phases      ] GC(11)   ObjectSynchronizer Weak        Min:  0.0, Avg:  0.0, Max:  0.0, Diff:  0.0, Sum:  0.0, Workers: 4
[7.142s][debug][gc,phases      ] GC(11)     Dead                           Min: 0, Avg:  0.0, Max: 0, Diff: 0, Sum: 0, Workers: 4
[7.142s][debug][gc,phases      ] GC(11)     Total                          Min: 64, Avg: 101.8, Max: 128, Diff: 64, Sum: 407, Workers: 4
[7.142s][debug][gc,phases      ] GC(11)   JVMTI Tag Weak OopStorage      Min:  0.0, Avg:  0.0, Max:  0.0, Diff:  0.0, Sum:  0.0, Workers: 4
[7.142s][debug][gc,phases      ] GC(11)     Dead                           Min: 0, Avg:  0.0, Max: 0, Diff: 0, Sum: 0, Workers: 4
[7.142s][debug][gc,phases      ] GC(11)     Total                          Min: 0, Avg:  0.0, Max: 0, Diff: 0, Sum: 0, Workers: 4
[7.142s][debug][gc,phases      ] GC(11)   StringTable Weak               Min:  0.1, Avg:  0.1, Max:  0.1, Diff:  0.0, Sum:  0.5, Workers: 4
[7.142s][debug][gc,phases      ] GC(11)     Dead                           Min: 0, Avg:  0.0, Max: 0, Diff: 0, Sum: 0, Workers: 4
[7.142s][debug][gc,phases      ] GC(11)     Total                          Min: 8384, Avg: 9891.2, Max: 11469, Diff: 3085, Sum: 39565, Workers: 4
[7.142s][debug][gc,phases      ] GC(11)   ResolvedMethodTable Weak       Min:  0.0, Avg:  0.0, Max:  0.0, Diff:  0.0, Sum:  0.1, Workers: 4
[7.142s][debug][gc,phases      ] GC(11)     Dead                           Min: 0, Avg:  0.0, Max: 0, Diff: 0, Sum: 0, Workers: 4
[7.142s][debug][gc,phases      ] GC(11)     Total                          Min: 1152, Avg: 1473.2, Max: 1797, Diff: 645, Sum: 5893, Workers: 4
[7.142s][debug][gc,phases      ] GC(11)   JNI Weak                       Min:  0.0, Avg:  0.0, Max:  0.0, Diff:  0.0, Sum:  0.0, Workers: 4
[7.142s][debug][gc,phases      ] GC(11)     Dead                           Min: 0, Avg:  0.0, Max: 0, Diff: 0, Sum: 0, Workers: 4
[7.142s][debug][gc,phases      ] GC(11)     Total                          Min: 0, Avg:  1.0, Max: 4, Diff: 4, Sum: 4, Workers: 4
[7.142s][debug][gc,phases      ] GC(11)   StringDedup Table Weak         Min:  0.0, Avg:  0.0, Max:  0.0, Diff:  0.0, Sum:  0.0, Workers: 4
[7.142s][debug][gc,phases      ] GC(11)     Dead                           Min: 0, Avg:  0.0, Max: 0, Diff: 0, Sum: 0, Workers: 4
[7.142s][debug][gc,phases      ] GC(11)     Total                          Min: 0, Avg:  0.0, Max: 0, Diff: 0, Sum: 0, Workers: 4
[7.142s][debug][gc,phases      ] GC(11)   StringDedup Requests0 Weak     Min:  0.0, Avg:  0.0, Max:  0.0, Diff:  0.0, Sum:  0.0, Workers: 4
[7.142s][debug][gc,phases      ] GC(11)     Dead                           Min: 0, Avg:  0.0, Max: 0, Diff: 0, Sum: 0, Workers: 4
[7.142s][debug][gc,phases      ] GC(11)     Total                          Min: 0, Avg:  0.0, Max: 0, Diff: 0, Sum: 0, Workers: 4
[7.142s][debug][gc,phases      ] GC(11)   StringDedup Requests1 Weak     Min:  0.0, Avg:  0.0, Max:  0.0, Diff:  0.0, Sum:  0.0, Workers: 4
[7.142s][debug][gc,phases      ] GC(11)     Dead                           Min: 0, Avg:  0.0, Max: 0, Diff: 0, Sum: 0, Workers: 4
[7.142s][debug][gc,phases      ] GC(11)     Total                          Min: 0, Avg:  0.0, Max: 0, Diff: 0, Sum: 0, Workers: 4
[7.142s][debug][gc,phases      ] GC(11)   Weak JFR Old Object Samples    Min:  0.0, Avg:  0.0, Max:  0.0, Diff:  0.0, Sum:  0.0, Workers: 4
[7.142s][debug][gc,phases      ] GC(11)     Dead                           Min: 0, Avg:  0.0, Max: 0, Diff: 0, Sum: 0, Workers: 4
[7.142s][debug][gc,phases      ] GC(11)     Total                          Min: 0, Avg:  0.0, Max: 0, Diff: 0, Sum: 0, Workers: 4
[7.142s][debug][gc,phases      ] GC(11) Weak Processing 0.311ms
[7.142s][debug][gc,phases      ] GC(11) ClassLoaderData 0.070ms
[7.142s][debug][gc,phases      ] GC(11) Trigger cleanups 0.000ms
[7.148s][debug][gc,phases      ] GC(11) Class Unloading 6.047ms
[7.148s][info ][gc,phases      ] GC(11) Marking Phase 82.668ms
[7.148s][info ][gc,phases,start] GC(11) Summary Phase
[7.148s][info ][gc,phases      ] GC(11) Summary Phase 0.006ms
[7.148s][info ][gc,phases,start] GC(11) Adjust Roots
[7.154s][info ][gc,phases      ] GC(11) Adjust Roots 6.326ms
[7.154s][info ][gc,phases,start] GC(11) Compaction Phase
[7.424s][info ][gc,phases      ] GC(11) Compaction Phase 269.631ms
[7.424s][info ][gc,phases,start] GC(11) Post Compact
[7.425s][info ][gc,phases      ] GC(11) Post Compact 0.558ms
[7.425s][info ][gc,heap        ] GC(11) PSYoungGen: 12564K(1827840K)->11990K(1827840K) Eden: 0K(1576960K)->0K(1576960K) From: 12564K(250880K)->11990K(250880K)
[7.425s][info ][gc,heap        ] GC(11) ParOldGen: 180248K(180736K)->180326K(271360K)
[7.425s][info ][gc,metaspace   ] GC(11) Metaspace: 57902K(58624K)->57902K(58624K) NonClass: 49244K(49600K)->49244K(49600K) Class: 8657K(9024K)->8657K(9024K)
[7.425s][info ][gc             ] GC(11) Pause Full (Ergonomics) 188M->187M(2050M) 359.425ms
[7.425s][info ][gc,cpu         ] GC(11) User=1.22s Sys=0.01s Real=0.36s
[7.425s][info ][safepoint      ] Safepoint "ParallelGCFailedAllocation", Time since last: 356240918 ns, Reaching safepoint: 200104 ns, At safepoint: 467514323 ns, Total: 467714427 ns
[7.846s][info ][gc,start       ] GC(12) Pause Young (Allocation Failure)
[7.874s][debug][gc,phases      ] GC(12) Scavenge 27.038ms
[7.874s][debug][gc,ref         ] GC(12) Skipped phase 1 of Reference Processing: no references
[7.874s][debug][gc,ref         ] GC(12) ReferenceProcessor::execute queues: 1, RefProcThreadModel::Single, marks_oops_alive: false
[7.874s][debug][gc,ref         ] GC(12) Skipped phase 3 of Reference Processing: no references
[7.874s][debug][gc,ref         ] GC(12) ReferenceProcessor::execute queues: 1, RefProcThreadModel::Single, marks_oops_alive: false
[7.874s][debug][gc,phases      ] GC(12) Reference Processing 0.151ms
[7.874s][debug][gc,phases      ] GC(12)   VM Weak                        Min:  0.0, Avg:  0.0, Max:  0.0, Diff:  0.0, Sum:  0.0, Workers: 4
[7.874s][debug][gc,phases      ] GC(12)     Dead                           Min: 0, Avg:  0.0, Max: 0, Diff: 0, Sum: 0, Workers: 4
[7.874s][debug][gc,phases      ] GC(12)     Total                          Min: 0, Avg: 131.0, Max: 524, Diff: 524, Sum: 524, Workers: 4
[7.874s][debug][gc,phases      ] GC(12)   ObjectSynchronizer Weak        Min:  0.0, Avg:  0.0, Max:  0.0, Diff:  0.0, Sum:  0.0, Workers: 4
[7.874s][debug][gc,phases      ] GC(12)     Dead                           Min: 0, Avg:  0.2, Max: 1, Diff: 1, Sum: 1, Workers: 4
[7.874s][debug][gc,phases      ] GC(12)     Total                          Min: 0, Avg: 107.2, Max: 320, Diff: 320, Sum: 429, Workers: 4
[7.874s][debug][gc,phases      ] GC(12)   JVMTI Tag Weak OopStorage      Min:  0.0, Avg:  0.0, Max:  0.0, Diff:  0.0, Sum:  0.0, Workers: 4
[7.874s][debug][gc,phases      ] GC(12)     Dead                           Min: 0, Avg:  0.0, Max: 0, Diff: 0, Sum: 0, Workers: 4
[7.874s][debug][gc,phases      ] GC(12)     Total                          Min: 0, Avg:  0.0, Max: 0, Diff: 0, Sum: 0, Workers: 4
[7.874s][debug][gc,phases      ] GC(12)   StringTable Weak               Min:  0.1, Avg:  0.1, Max:  0.1, Diff:  0.0, Sum:  0.4, Workers: 4
[7.874s][debug][gc,phases      ] GC(12)     Dead                           Min: 0, Avg:  3.5, Max: 13, Diff: 13, Sum: 14, Workers: 4
[7.874s][debug][gc,phases      ] GC(12)     Total                          Min: 9340, Avg: 9951.0, Max: 10560, Diff: 1220, Sum: 39804, Workers: 4
[7.874s][debug][gc,phases      ] GC(12)   ResolvedMethodTable Weak       Min:  0.0, Avg:  0.0, Max:  0.0, Diff:  0.0, Sum:  0.1, Workers: 4
[7.874s][debug][gc,phases      ] GC(12)     Dead                           Min: 0, Avg:  4.0, Max: 15, Diff: 15, Sum: 16, Workers: 4
[7.874s][debug][gc,phases      ] GC(12)     Total                          Min: 1293, Avg: 1507.0, Max: 1664, Diff: 371, Sum: 6028, Workers: 4
[7.874s][debug][gc,phases      ] GC(12)   JNI Weak                       Min:  0.0, Avg:  0.0, Max:  0.0, Diff:  0.0, Sum:  0.0, Workers: 4
[7.874s][debug][gc,phases      ] GC(12)     Dead                           Min: 0, Avg:  0.0, Max: 0, Diff: 0, Sum: 0, Workers: 4
[7.874s][debug][gc,phases      ] GC(12)     Total                          Min: 0, Avg:  0.2, Max: 1, Diff: 1, Sum: 1, Workers: 4
[7.874s][debug][gc,phases      ] GC(12)   StringDedup Table Weak         Min:  0.0, Avg:  0.0, Max:  0.0, Diff:  0.0, Sum:  0.0, Workers: 4
[7.874s][debug][gc,phases      ] GC(12)     Dead                           Min: 0, Avg:  0.0, Max: 0, Diff: 0, Sum: 0, Workers: 4
[7.874s][debug][gc,phases      ] GC(12)     Total                          Min: 0, Avg:  0.0, Max: 0, Diff: 0, Sum: 0, Workers: 4
[7.874s][debug][gc,phases      ] GC(12)   StringDedup Requests0 Weak     Min:  0.0, Avg:  0.0, Max:  0.0, Diff:  0.0, Sum:  0.0, Workers: 4
[7.874s][debug][gc,phases      ] GC(12)     Dead                           Min: 0, Avg:  0.0, Max: 0, Diff: 0, Sum: 0, Workers: 4
[7.874s][debug][gc,phases      ] GC(12)     Total                          Min: 0, Avg:  0.0, Max: 0, Diff: 0, Sum: 0, Workers: 4
[7.874s][debug][gc,phases      ] GC(12)   StringDedup Requests1 Weak     Min:  0.0, Avg:  0.0, Max:  0.0, Diff:  0.0, Sum:  0.0, Workers: 4
[7.874s][debug][gc,phases      ] GC(12)     Dead                           Min: 0, Avg:  0.0, Max: 0, Diff: 0, Sum: 0, Workers: 4
[7.874s][debug][gc,phases      ] GC(12)     Total                          Min: 0, Avg:  0.0, Max: 0, Diff: 0, Sum: 0, Workers: 4
[7.874s][debug][gc,phases      ] GC(12)   Weak JFR Old Object Samples    Min:  0.0, Avg:  0.0, Max:  0.0, Diff:  0.0, Sum:  0.0, Workers: 4
[7.874s][debug][gc,phases      ] GC(12)     Dead                           Min: 0, Avg:  0.0, Max: 0, Diff: 0, Sum: 0, Workers: 4
[7.874s][debug][gc,phases      ] GC(12)     Total                          Min: 0, Avg:  0.0, Max: 0, Diff: 0, Sum: 0, Workers: 4
[7.874s][debug][gc,phases      ] GC(12) Weak Processing 0.295ms
[7.874s][debug][gc,age         ] GC(12) Desired survivor size 268959744 bytes, new threshold 6 (max threshold 15)
[7.874s][info ][gc,heap        ] GC(12) PSYoungGen: 1588950K(1827840K)->18493K(1595904K) Eden: 1576960K(1576960K)->0K(1576960K) From: 11990K(250880K)->18493K(18944K)
[7.874s][info ][gc,heap        ] GC(12) ParOldGen: 180326K(271360K)->180334K(271360K)
[7.874s][info ][gc,metaspace   ] GC(12) Metaspace: 58654K(59328K)->58654K(59328K) NonClass: 49910K(50240K)->49910K(50240K) Class: 8743K(9088K)->8743K(9088K)
[7.874s][info ][gc             ] GC(12) Pause Young (Allocation Failure) 1727M->194M(1823M) 27.616ms
[7.874s][info ][gc,cpu         ] GC(12) User=0.12s Sys=0.00s Real=0.03s
[7.874s][info ][safepoint      ] Safepoint "ParallelGCFailedAllocation", Time since last: 420844581 ns, Reaching safepoint: 613511 ns, At safepoint: 27729200 ns, Total: 28342711 ns
[8.140s][info ][gc,start       ] GC(13) Pause Young (Allocation Failure)
[8.153s][debug][gc,phases      ] GC(13) Scavenge 12.397ms
[8.153s][debug][gc,ref         ] GC(13) Skipped phase 1 of Reference Processing: no references
[8.153s][debug][gc,ref         ] GC(13) ReferenceProcessor::execute queues: 1, RefProcThreadModel::Single, marks_oops_alive: false
[8.153s][debug][gc,ref         ] GC(13) Skipped phase 3 of Reference Processing: no references
[8.153s][debug][gc,ref         ] GC(13) ReferenceProcessor::execute queues: 1, RefProcThreadModel::Single, marks_oops_alive: false
[8.153s][debug][gc,phases      ] GC(13) Reference Processing 0.143ms
[8.153s][debug][gc,phases      ] GC(13)   VM Weak                        Min:  0.0, Avg:  0.0, Max:  0.0, Diff:  0.0, Sum:  0.0, Workers: 4
[8.153s][debug][gc,phases      ] GC(13)     Dead                           Min: 0, Avg:  0.0, Max: 0, Diff: 0, Sum: 0, Workers: 4
[8.153s][debug][gc,phases      ] GC(13)     Total                          Min: 0, Avg: 131.0, Max: 512, Diff: 512, Sum: 524, Workers: 4
[8.153s][debug][gc,phases      ] GC(13)   ObjectSynchronizer Weak        Min:  0.0, Avg:  0.0, Max:  0.0, Diff:  0.0, Sum:  0.0, Workers: 4
[8.153s][debug][gc,phases      ] GC(13)     Dead                           Min: 0, Avg:  0.2, Max: 1, Diff: 1, Sum: 1, Workers: 4
[8.153s][debug][gc,phases      ] GC(13)     Total                          Min: 64, Avg: 108.8, Max: 128, Diff: 64, Sum: 435, Workers: 4
[8.153s][debug][gc,phases      ] GC(13)   JVMTI Tag Weak OopStorage      Min:  0.0, Avg:  0.0, Max:  0.0, Diff:  0.0, Sum:  0.0, Workers: 4
[8.153s][debug][gc,phases      ] GC(13)     Dead                           Min: 0, Avg:  0.0, Max: 0, Diff: 0, Sum: 0, Workers: 4
[8.153s][debug][gc,phases      ] GC(13)     Total                          Min: 0, Avg:  0.0, Max: 0, Diff: 0, Sum: 0, Workers: 4
[8.153s][debug][gc,phases      ] GC(13)   StringTable Weak               Min:  0.1, Avg:  0.1, Max:  0.1, Diff:  0.0, Sum:  0.5, Workers: 4
[8.153s][debug][gc,phases      ] GC(13)     Dead                           Min: 0, Avg:  3.5, Max: 14, Diff: 14, Sum: 14, Workers: 4
[8.153s][debug][gc,phases      ] GC(13)     Total                          Min: 9280, Avg: 9974.2, Max: 11225, Diff: 1945, Sum: 39897, Workers: 4
[8.153s][debug][gc,phases      ] GC(13)   ResolvedMethodTable Weak       Min:  0.0, Avg:  0.0, Max:  0.0, Diff:  0.0, Sum:  0.1, Workers: 4
[8.153s][debug][gc,phases      ] GC(13)     Dead                           Min: 0, Avg:  0.0, Max: 0, Diff: 0, Sum: 0, Workers: 4
[8.153s][debug][gc,phases      ] GC(13)     Total                          Min: 1330, Avg: 1516.5, Max: 1664, Diff: 334, Sum: 6066, Workers: 4
[8.153s][debug][gc,phases      ] GC(13)   JNI Weak                       Min:  0.0, Avg:  0.0, Max:  0.0, Diff:  0.0, Sum:  0.0, Workers: 4
[8.153s][debug][gc,phases      ] GC(13)     Dead                           Min: 0, Avg:  0.0, Max: 0, Diff: 0, Sum: 0, Workers: 4
[8.153s][debug][gc,phases      ] GC(13)     Total                          Min: 0, Avg:  1.8, Max: 7, Diff: 7, Sum: 7, Workers: 4
[8.153s][debug][gc,phases      ] GC(13)   StringDedup Table Weak         Min:  0.0, Avg:  0.0, Max:  0.0, Diff:  0.0, Sum:  0.0, Workers: 4
[8.153s][debug][gc,phases      ] GC(13)     Dead                           Min: 0, Avg:  0.0, Max: 0, Diff: 0, Sum: 0, Workers: 4
[8.153s][debug][gc,phases      ] GC(13)     Total                          Min: 0, Avg:  0.0, Max: 0, Diff: 0, Sum: 0, Workers: 4
[8.153s][debug][gc,phases      ] GC(13)   StringDedup Requests0 Weak     Min:  0.0, Avg:  0.0, Max:  0.0, Diff:  0.0, Sum:  0.0, Workers: 4
[8.153s][debug][gc,phases      ] GC(13)     Dead                           Min: 0, Avg:  0.0, Max: 0, Diff: 0, Sum: 0, Workers: 4
[8.153s][debug][gc,phases      ] GC(13)     Total                          Min: 0, Avg:  0.0, Max: 0, Diff: 0, Sum: 0, Workers: 4
[8.153s][debug][gc,phases      ] GC(13)   StringDedup Requests1 Weak     Min:  0.0, Avg:  0.0, Max:  0.0, Diff:  0.0, Sum:  0.0, Workers: 4
[8.153s][debug][gc,phases      ] GC(13)     Dead                           Min: 0, Avg:  0.0, Max: 0, Diff: 0, Sum: 0, Workers: 4
[8.153s][debug][gc,phases      ] GC(13)     Total                          Min: 0, Avg:  0.0, Max: 0, Diff: 0, Sum: 0, Workers: 4
[8.153s][debug][gc,phases      ] GC(13)   Weak JFR Old Object Samples    Min:  0.0, Avg:  0.0, Max:  0.0, Diff:  0.0, Sum:  0.0, Workers: 4
[8.153s][debug][gc,phases      ] GC(13)     Dead                           Min: 0, Avg:  0.0, Max: 0, Diff: 0, Sum: 0, Workers: 4
[8.153s][debug][gc,phases      ] GC(13)     Total                          Min: 0, Avg:  0.0, Max: 0, Diff: 0, Sum: 0, Workers: 4
[8.153s][debug][gc,phases      ] GC(13) Weak Processing 0.339ms
[8.153s][debug][gc,age         ] GC(13) Desired survivor size 266862592 bytes, new threshold 7 (max threshold 15)
[8.153s][info ][gc,heap        ] GC(13) PSYoungGen: 1595453K(1595904K)->26045K(1836544K) Eden: 1576960K(1576960K)->0K(1573888K) From: 18493K(18944K)->26045K(262656K)
[8.153s][info ][gc,heap        ] GC(13) ParOldGen: 180334K(271360K)->180342K(271360K)
[8.153s][info ][gc,metaspace   ] GC(13) Metaspace: 58829K(59520K)->58829K(59520K) NonClass: 50055K(50432K)->50055K(50432K) Class: 8773K(9088K)->8773K(9088K)
[8.153s][info ][gc             ] GC(13) Pause Young (Allocation Failure) 1734M->201M(2058M) 13.029ms
[8.153s][info ][gc,cpu         ] GC(13) User=0.06s Sys=0.00s Real=0.01s
[8.153s][info ][safepoint      ] Safepoint "ParallelGCFailedAllocation", Time since last: 265867789 ns, Reaching safepoint: 157803 ns, At safepoint: 13128837 ns, Total: 13286640 ns
[8.526s][info ][safepoint      ] Safepoint "ParallelGCFailedAllocation", Time since last: 372628712 ns, Reaching safepoint: 257805 ns, At safepoint: 39001 ns, Total: 296806 ns
[8.530s][info ][gc,start       ] GC(14) Pause Young (GCLocker Initiated GC)
[8.541s][debug][gc,phases      ] GC(14) Scavenge 11.214ms
[8.541s][debug][gc,ref         ] GC(14) Skipped phase 1 of Reference Processing: no references
[8.541s][debug][gc,ref         ] GC(14) ReferenceProcessor::execute queues: 1, RefProcThreadModel::Single, marks_oops_alive: false
[8.541s][debug][gc,ref         ] GC(14) Skipped phase 3 of Reference Processing: no references
[8.541s][debug][gc,ref         ] GC(14) ReferenceProcessor::execute queues: 1, RefProcThreadModel::Single, marks_oops_alive: false
[8.541s][debug][gc,phases      ] GC(14) Reference Processing 0.156ms
[8.541s][debug][gc,phases      ] GC(14)   VM Weak                        Min:  0.0, Avg:  0.0, Max:  0.0, Diff:  0.0, Sum:  0.0, Workers: 4
[8.541s][debug][gc,phases      ] GC(14)     Dead                           Min: 0, Avg:  0.0, Max: 0, Diff: 0, Sum: 0, Workers: 4
[8.541s][debug][gc,phases      ] GC(14)     Total                          Min: 0, Avg: 131.8, Max: 512, Diff: 512, Sum: 527, Workers: 4
[8.541s][debug][gc,phases      ] GC(14)   ObjectSynchronizer Weak        Min:  0.0, Avg:  0.0, Max:  0.0, Diff:  0.0, Sum:  0.0, Workers: 4
[8.541s][debug][gc,phases      ] GC(14)     Dead                           Min: 0, Avg:  0.0, Max: 0, Diff: 0, Sum: 0, Workers: 4
[8.541s][debug][gc,phases      ] GC(14)     Total                          Min: 0, Avg: 108.8, Max: 243, Diff: 243, Sum: 435, Workers: 4
[8.541s][debug][gc,phases      ] GC(14)   JVMTI Tag Weak OopStorage      Min:  0.0, Avg:  0.0, Max:  0.0, Diff:  0.0, Sum:  0.0, Workers: 4
[8.541s][debug][gc,phases      ] GC(14)     Dead                           Min: 0, Avg:  0.0, Max: 0, Diff: 0, Sum: 0, Workers: 4
[8.541s][debug][gc,phases      ] GC(14)     Total                          Min: 0, Avg:  0.0, Max: 0, Diff: 0, Sum: 0, Workers: 4
[8.542s][debug][gc,phases      ] GC(14)   StringTable Weak               Min:  0.1, Avg:  0.1, Max:  0.1, Diff:  0.0, Sum:  0.4, Workers: 4
[8.542s][debug][gc,phases      ] GC(14)     Dead                           Min: 0, Avg:  3.8, Max: 13, Diff: 13, Sum: 15, Workers: 4
[8.542s][debug][gc,phases      ] GC(14)     Total                          Min: 9344, Avg: 10090.0, Max: 10816, Diff: 1472, Sum: 40360, Workers: 4
[8.542s][debug][gc,phases      ] GC(14)   ResolvedMethodTable Weak       Min:  0.0, Avg:  0.0, Max:  0.0, Diff:  0.0, Sum:  0.1, Workers: 4
[8.542s][debug][gc,phases      ] GC(14)     Dead                           Min: 1, Avg: 12.8, Max: 26, Diff: 25, Sum: 51, Workers: 4
[8.542s][debug][gc,phases      ] GC(14)     Total                          Min: 1408, Avg: 1557.5, Max: 1687, Diff: 279, Sum: 6230, Workers: 4
[8.542s][debug][gc,phases      ] GC(14)   JNI Weak                       Min:  0.0, Avg:  0.0, Max:  0.0, Diff:  0.0, Sum:  0.0, Workers: 4
[8.542s][debug][gc,phases      ] GC(14)     Dead                           Min: 0, Avg:  0.0, Max: 0, Diff: 0, Sum: 0, Workers: 4
[8.542s][debug][gc,phases      ] GC(14)     Total                          Min: 0, Avg:  2.5, Max: 10, Diff: 10, Sum: 10, Workers: 4
[8.542s][debug][gc,phases      ] GC(14)   StringDedup Table Weak         Min:  0.0, Avg:  0.0, Max:  0.0, Diff:  0.0, Sum:  0.0, Workers: 4
[8.542s][debug][gc,phases      ] GC(14)     Dead                           Min: 0, Avg:  0.0, Max: 0, Diff: 0, Sum: 0, Workers: 4
[8.542s][debug][gc,phases      ] GC(14)     Total                          Min: 0, Avg:  0.0, Max: 0, Diff: 0, Sum: 0, Workers: 4
[8.542s][debug][gc,phases      ] GC(14)   StringDedup Requests0 Weak     Min:  0.0, Avg:  0.0, Max:  0.0, Diff:  0.0, Sum:  0.0, Workers: 4
[8.542s][debug][gc,phases      ] GC(14)     Dead                           Min: 0, Avg:  0.0, Max: 0, Diff: 0, Sum: 0, Workers: 4
[8.542s][debug][gc,phases      ] GC(14)     Total                          Min: 0, Avg:  0.0, Max: 0, Diff: 0, Sum: 0, Workers: 4
[8.542s][debug][gc,phases      ] GC(14)   StringDedup Requests1 Weak     Min:  0.0, Avg:  0.0, Max:  0.0, Diff:  0.0, Sum:  0.0, Workers: 4
[8.542s][debug][gc,phases      ] GC(14)     Dead                           Min: 0, Avg:  0.0, Max: 0, Diff: 0, Sum: 0, Workers: 4
[8.542s][debug][gc,phases      ] GC(14)     Total                          Min: 0, Avg:  0.0, Max: 0, Diff: 0, Sum: 0, Workers: 4
[8.542s][debug][gc,phases      ] GC(14)   Weak JFR Old Object Samples    Min:  0.0, Avg:  0.0, Max:  0.0, Diff:  0.0, Sum:  0.0, Workers: 4
[8.542s][debug][gc,phases      ] GC(14)     Dead                           Min: 0, Avg:  0.0, Max: 0, Diff: 0, Sum: 0, Workers: 4
[8.542s][debug][gc,phases      ] GC(14)     Total                          Min: 0, Avg:  0.0, Max: 0, Diff: 0, Sum: 0, Workers: 4
[8.542s][debug][gc,phases      ] GC(14) Weak Processing 0.324ms
[8.542s][debug][gc,age         ] GC(14) Desired survivor size 263192576 bytes, new threshold 8 (max threshold 15)
[8.542s][info ][gc,heap        ] GC(14) PSYoungGen: 1599933K(1836544K)->22877K(1834496K) Eden: 1573888K(1573888K)->0K(1573888K) From: 26045K(262656K)->22877K(260608K)
[8.542s][info ][gc,heap        ] GC(14) ParOldGen: 180342K(271360K)->180350K(271360K)
[8.542s][info ][gc,metaspace   ] GC(14) Metaspace: 60066K(60800K)->60066K(60800K) NonClass: 51125K(51520K)->51125K(51520K) Class: 8941K(9280K)->8941K(9280K)
[8.542s][info ][gc             ] GC(14) Pause Young (GCLocker Initiated GC) 1738M->198M(2056M) 11.818ms
[8.542s][info ][gc,cpu         ] GC(14) User=0.05s Sys=0.00s Real=0.01s
[8.542s][info ][safepoint      ] Safepoint "ParallelGCSystemGC", Time since last: 3492063 ns, Reaching safepoint: 93601 ns, At safepoint: 11897215 ns, Total: 11990816 ns
[8.757s][info ][safepoint      ] Safepoint "ICBufferFull", Time since last: 215063274 ns, Reaching safepoint: 226704 ns, At safepoint: 23801 ns, Total: 250505 ns
[8.817s][info ][gc,start       ] GC(15) Pause Young (Allocation Failure)
[8.827s][debug][gc,phases      ] GC(15) Scavenge 10.103ms
[8.827s][debug][gc,ref         ] GC(15) Skipped phase 1 of Reference Processing: no references
[8.827s][debug][gc,ref         ] GC(15) ReferenceProcessor::execute queues: 1, RefProcThreadModel::Single, marks_oops_alive: false
[8.827s][debug][gc,ref         ] GC(15) Skipped phase 3 of Reference Processing: no references
[8.827s][debug][gc,ref         ] GC(15) ReferenceProcessor::execute queues: 1, RefProcThreadModel::Single, marks_oops_alive: false
[8.827s][debug][gc,phases      ] GC(15) Reference Processing 0.149ms
[8.827s][debug][gc,phases      ] GC(15)   VM Weak                        Min:  0.0, Avg:  0.0, Max:  0.0, Diff:  0.0, Sum:  0.0, Workers: 4
[8.827s][debug][gc,phases      ] GC(15)     Dead                           Min: 0, Avg:  0.0, Max: 0, Diff: 0, Sum: 0, Workers: 4
[8.827s][debug][gc,phases      ] GC(15)     Total                          Min: 0, Avg: 135.2, Max: 384, Diff: 384, Sum: 541, Workers: 4
[8.827s][debug][gc,phases      ] GC(15)   ObjectSynchronizer Weak        Min:  0.0, Avg:  0.0, Max:  0.0, Diff:  0.0, Sum:  0.0, Workers: 4
[8.827s][debug][gc,phases      ] GC(15)     Dead                           Min: 0, Avg:  0.0, Max: 0, Diff: 0, Sum: 0, Workers: 4
[8.827s][debug][gc,phases      ] GC(15)     Total                          Min: 0, Avg: 108.8, Max: 192, Diff: 192, Sum: 435, Workers: 4
[8.827s][debug][gc,phases      ] GC(15)   JVMTI Tag Weak OopStorage      Min:  0.0, Avg:  0.0, Max:  0.0, Diff:  0.0, Sum:  0.0, Workers: 4
[8.827s][debug][gc,phases      ] GC(15)     Dead                           Min: 0, Avg:  0.0, Max: 0, Diff: 0, Sum: 0, Workers: 4
[8.827s][debug][gc,phases      ] GC(15)     Total                          Min: 0, Avg:  0.0, Max: 0, Diff: 0, Sum: 0, Workers: 4
[8.827s][debug][gc,phases      ] GC(15)   StringTable Weak               Min:  0.1, Avg:  0.1, Max:  0.1, Diff:  0.0, Sum:  0.4, Workers: 4
[8.827s][debug][gc,phases      ] GC(15)     Dead                           Min: 0, Avg:  0.0, Max: 0, Diff: 0, Sum: 0, Workers: 4
[8.827s][debug][gc,phases      ] GC(15)     Total                          Min: 9408, Avg: 10113.8, Max: 11463, Diff: 2055, Sum: 40455, Workers: 4
[8.827s][debug][gc,phases      ] GC(15)   ResolvedMethodTable Weak       Min:  0.0, Avg:  0.0, Max:  0.0, Diff:  0.0, Sum:  0.1, Workers: 4
[8.827s][debug][gc,phases      ] GC(15)     Dead                           Min: 0, Avg:  0.5, Max: 2, Diff: 2, Sum: 2, Workers: 4
[8.827s][debug][gc,phases      ] GC(15)     Total                          Min: 1343, Avg: 1571.8, Max: 1728, Diff: 385, Sum: 6287, Workers: 4
[8.827s][debug][gc,phases      ] GC(15)   JNI Weak                       Min:  0.0, Avg:  0.0, Max:  0.0, Diff:  0.0, Sum:  0.0, Workers: 4
[8.827s][debug][gc,phases      ] GC(15)     Dead                           Min: 0, Avg:  0.0, Max: 0, Diff: 0, Sum: 0, Workers: 4
[8.827s][debug][gc,phases      ] GC(15)     Total                          Min: 0, Avg:  1.2, Max: 5, Diff: 5, Sum: 5, Workers: 4
[8.827s][debug][gc,phases      ] GC(15)   StringDedup Table Weak         Min:  0.0, Avg:  0.0, Max:  0.0, Diff:  0.0, Sum:  0.0, Workers: 4
[8.827s][debug][gc,phases      ] GC(15)     Dead                           Min: 0, Avg:  0.0, Max: 0, Diff: 0, Sum: 0, Workers: 4
[8.827s][debug][gc,phases      ] GC(15)     Total                          Min: 0, Avg:  0.0, Max: 0, Diff: 0, Sum: 0, Workers: 4
[8.827s][debug][gc,phases      ] GC(15)   StringDedup Requests0 Weak     Min:  0.0, Avg:  0.0, Max:  0.0, Diff:  0.0, Sum:  0.0, Workers: 4
[8.827s][debug][gc,phases      ] GC(15)     Dead                           Min: 0, Avg:  0.0, Max: 0, Diff: 0, Sum: 0, Workers: 4
[8.827s][debug][gc,phases      ] GC(15)     Total                          Min: 0, Avg:  0.0, Max: 0, Diff: 0, Sum: 0, Workers: 4
[8.827s][debug][gc,phases      ] GC(15)   StringDedup Requests1 Weak     Min:  0.0, Avg:  0.0, Max:  0.0, Diff:  0.0, Sum:  0.0, Workers: 4
[8.827s][debug][gc,phases      ] GC(15)     Dead                           Min: 0, Avg:  0.0, Max: 0, Diff: 0, Sum: 0, Workers: 4
[8.827s][debug][gc,phases      ] GC(15)     Total                          Min: 0, Avg:  0.0, Max: 0, Diff: 0, Sum: 0, Workers: 4
[8.827s][debug][gc,phases      ] GC(15)   Weak JFR Old Object Samples    Min:  0.0, Avg:  0.0, Max:  0.0, Diff:  0.0, Sum:  0.0, Workers: 4
[8.827s][debug][gc,phases      ] GC(15)     Dead                           Min: 0, Avg:  0.0, Max: 0, Diff: 0, Sum: 0, Workers: 4
[8.827s][debug][gc,phases      ] GC(15)     Total                          Min: 0, Avg:  0.0, Max: 0, Diff: 0, Sum: 0, Workers: 4
[8.827s][debug][gc,phases      ] GC(15) Weak Processing 0.338ms
[8.827s][debug][gc,age         ] GC(15) Desired survivor size 258998272 bytes, new threshold 9 (max threshold 15)
[8.827s][info ][gc,heap        ] GC(15) PSYoungGen: 1596765K(1834496K)->19301K(1844224K) Eden: 1573888K(1573888K)->0K(1587200K) From: 22877K(260608K)->19301K(257024K)
[8.827s][info ][gc,heap        ] GC(15) ParOldGen: 180351K(271360K)->180359K(271360K)
[8.827s][info ][gc,metaspace   ] GC(15) Metaspace: 60461K(61184K)->60461K(61184K) NonClass: 51469K(51840K)->51469K(51840K) Class: 8992K(9344K)->8992K(9344K)
[8.827s][info ][gc             ] GC(15) Pause Young (Allocation Failure) 1735M->194M(2066M) 10.721ms
[8.827s][info ][gc,cpu         ] GC(15) User=0.04s Sys=0.00s Real=0.01s
[8.827s][info ][safepoint      ] Safepoint "ParallelGCFailedAllocation", Time since last: 59297668 ns, Reaching safepoint: 201003 ns, At safepoint: 10814095 ns, Total: 11015098 ns
[9.154s][info ][safepoint      ] Safepoint "ICBufferFull", Time since last: 326244377 ns, Reaching safepoint: 269205 ns, At safepoint: 34301 ns, Total: 303506 ns
[9.167s][info ][gc,start       ] GC(16) Pause Young (Allocation Failure)
[9.176s][debug][gc,phases      ] GC(16) Scavenge 9.203ms
[9.176s][debug][gc,ref         ] GC(16) Skipped phase 1 of Reference Processing: no references
[9.176s][debug][gc,ref         ] GC(16) ReferenceProcessor::execute queues: 1, RefProcThreadModel::Single, marks_oops_alive: false
[9.176s][debug][gc,ref         ] GC(16) Skipped phase 3 of Reference Processing: no references
[9.176s][debug][gc,ref         ] GC(16) ReferenceProcessor::execute queues: 1, RefProcThreadModel::Single, marks_oops_alive: false
[9.176s][debug][gc,phases      ] GC(16) Reference Processing 0.156ms
[9.176s][debug][gc,phases      ] GC(16)   VM Weak                        Min:  0.0, Avg:  0.0, Max:  0.0, Diff:  0.0, Sum:  0.0, Workers: 4
[9.176s][debug][gc,phases      ] GC(16)     Dead                           Min: 0, Avg:  0.0, Max: 0, Diff: 0, Sum: 0, Workers: 4
[9.176s][debug][gc,phases      ] GC(16)     Total                          Min: 0, Avg: 135.2, Max: 477, Diff: 477, Sum: 541, Workers: 4
[9.176s][debug][gc,phases      ] GC(16)   ObjectSynchronizer Weak        Min:  0.0, Avg:  0.0, Max:  0.0, Diff:  0.0, Sum:  0.0, Workers: 4
[9.176s][debug][gc,phases      ] GC(16)     Dead                           Min: 0, Avg:  0.0, Max: 0, Diff: 0, Sum: 0, Workers: 4
[9.176s][debug][gc,phases      ] GC(16)     Total                          Min: 0, Avg: 108.8, Max: 256, Diff: 256, Sum: 435, Workers: 4
[9.176s][debug][gc,phases      ] GC(16)   JVMTI Tag Weak OopStorage      Min:  0.0, Avg:  0.0, Max:  0.0, Diff:  0.0, Sum:  0.0, Workers: 4
[9.176s][debug][gc,phases      ] GC(16)     Dead                           Min: 0, Avg:  0.0, Max: 0, Diff: 0, Sum: 0, Workers: 4
[9.176s][debug][gc,phases      ] GC(16)     Total                          Min: 0, Avg:  0.0, Max: 0, Diff: 0, Sum: 0, Workers: 4
[9.176s][debug][gc,phases      ] GC(16)   StringTable Weak               Min:  0.1, Avg:  0.1, Max:  0.1, Diff:  0.0, Sum:  0.4, Workers: 4
[9.176s][debug][gc,phases      ] GC(16)     Dead                           Min: 0, Avg:  3.0, Max: 12, Diff: 12, Sum: 12, Workers: 4
[9.176s][debug][gc,phases      ] GC(16)     Total                          Min: 8929, Avg: 10152.2, Max: 11328, Diff: 2399, Sum: 40609, Workers: 4
[9.176s][debug][gc,phases      ] GC(16)   ResolvedMethodTable Weak       Min:  0.0, Avg:  0.0, Max:  0.0, Diff:  0.0, Sum:  0.1, Workers: 4
[9.176s][debug][gc,phases      ] GC(16)     Dead                           Min: 0, Avg:  0.0, Max: 0, Diff: 0, Sum: 0, Workers: 4
[9.176s][debug][gc,phases      ] GC(16)     Total                          Min: 1407, Avg: 1574.2, Max: 1691, Diff: 284, Sum: 6297, Workers: 4
[9.176s][debug][gc,phases      ] GC(16)   JNI Weak                       Min:  0.0, Avg:  0.0, Max:  0.0, Diff:  0.0, Sum:  0.0, Workers: 4
[9.176s][debug][gc,phases      ] GC(16)     Dead                           Min: 0, Avg:  0.0, Max: 0, Diff: 0, Sum: 0, Workers: 4
[9.176s][debug][gc,phases      ] GC(16)     Total                          Min: 0, Avg:  2.2, Max: 9, Diff: 9, Sum: 9, Workers: 4
[9.176s][debug][gc,phases      ] GC(16)   StringDedup Table Weak         Min:  0.0, Avg:  0.0, Max:  0.0, Diff:  0.0, Sum:  0.0, Workers: 4
[9.176s][debug][gc,phases      ] GC(16)     Dead                           Min: 0, Avg:  0.0, Max: 0, Diff: 0, Sum: 0, Workers: 4
[9.176s][debug][gc,phases      ] GC(16)     Total                          Min: 0, Avg:  0.0, Max: 0, Diff: 0, Sum: 0, Workers: 4
[9.176s][debug][gc,phases      ] GC(16)   StringDedup Requests0 Weak     Min:  0.0, Avg:  0.0, Max:  0.0, Diff:  0.0, Sum:  0.0, Workers: 4
[9.176s][debug][gc,phases      ] GC(16)     Dead                           Min: 0, Avg:  0.0, Max: 0, Diff: 0, Sum: 0, Workers: 4
[9.176s][debug][gc,phases      ] GC(16)     Total                          Min: 0, Avg:  0.0, Max: 0, Diff: 0, Sum: 0, Workers: 4
[9.176s][debug][gc,phases      ] GC(16)   StringDedup Requests1 Weak     Min:  0.0, Avg:  0.0, Max:  0.0, Diff:  0.0, Sum:  0.0, Workers: 4
[9.176s][debug][gc,phases      ] GC(16)     Dead                           Min: 0, Avg:  0.0, Max: 0, Diff: 0, Sum: 0, Workers: 4
[9.176s][debug][gc,phases      ] GC(16)     Total                          Min: 0, Avg:  0.0, Max: 0, Diff: 0, Sum: 0, Workers: 4
[9.176s][debug][gc,phases      ] GC(16)   Weak JFR Old Object Samples    Min:  0.0, Avg:  0.0, Max:  0.0, Diff:  0.0, Sum:  0.0, Workers: 4
[9.176s][debug][gc,phases      ] GC(16)     Dead                           Min: 0, Avg:  0.0, Max: 0, Diff: 0, Sum: 0, Workers: 4
[9.176s][debug][gc,phases      ] GC(16)     Total                          Min: 0, Avg:  0.0, Max: 0, Diff: 0, Sum: 0, Workers: 4
[9.176s][debug][gc,phases      ] GC(16) Weak Processing 0.304ms
[9.176s][debug][gc,age         ] GC(16) Desired survivor size 252706816 bytes, new threshold 10 (max threshold 15)
[9.176s][info ][gc,heap        ] GC(16) PSYoungGen: 1606501K(1844224K)->20165K(1840128K) Eden: 1587200K(1587200K)->0K(1587200K) From: 19301K(257024K)->20165K(252928K)
[9.176s][info ][gc,heap        ] GC(16) ParOldGen: 180359K(271360K)->180367K(271360K)
[9.176s][info ][gc,metaspace   ] GC(16) Metaspace: 60777K(61440K)->60777K(61440K) NonClass: 51751K(52096K)->51751K(52096K) Class: 9025K(9344K)->9025K(9344K)
[9.176s][info ][gc             ] GC(16) Pause Young (Allocation Failure) 1744M->195M(2062M) 9.792ms
[9.176s][info ][gc,cpu         ] GC(16) User=0.04s Sys=0.00s Real=0.02s
[9.176s][info ][safepoint      ] Safepoint "ParallelGCFailedAllocation", Time since last: 12559026 ns, Reaching safepoint: 131702 ns, At safepoint: 9893179 ns, Total: 10024881 ns
[9.311s][info ][safepoint      ] Safepoint "ICBufferFull", Time since last: 133850811 ns, Reaching safepoint: 260904 ns, At safepoint: 27801 ns, Total: 288705 ns
[9.461s][info ][gc,start       ] GC(17) Pause Young (Allocation Failure)
[9.472s][debug][gc,phases      ] GC(17) Scavenge 11.488ms
[9.472s][debug][gc,ref         ] GC(17) Skipped phase 1 of Reference Processing: no references
[9.472s][debug][gc,ref         ] GC(17) ReferenceProcessor::execute queues: 2, RefProcThreadModel::Multi, marks_oops_alive: false
[9.472s][debug][gc,ref         ] GC(17) Skipped phase 3 of Reference Processing: no references
[9.472s][debug][gc,ref         ] GC(17) ReferenceProcessor::execute queues: 1, RefProcThreadModel::Single, marks_oops_alive: false
[9.472s][debug][gc,phases      ] GC(17) Reference Processing 0.188ms
[9.473s][debug][gc,phases      ] GC(17)   VM Weak                        Min:  0.0, Avg:  0.0, Max:  0.0, Diff:  0.0, Sum:  0.0, Workers: 4
[9.473s][debug][gc,phases      ] GC(17)     Dead                           Min: 0, Avg:  0.0, Max: 0, Diff: 0, Sum: 0, Workers: 4
[9.473s][debug][gc,phases      ] GC(17)     Total                          Min: 0, Avg: 135.2, Max: 349, Diff: 349, Sum: 541, Workers: 4
[9.473s][debug][gc,phases      ] GC(17)   ObjectSynchronizer Weak        Min:  0.0, Avg:  0.0, Max:  0.0, Diff:  0.0, Sum:  0.0, Workers: 4
[9.473s][debug][gc,phases      ] GC(17)     Dead                           Min: 0, Avg:  0.0, Max: 0, Diff: 0, Sum: 0, Workers: 4
[9.473s][debug][gc,phases      ] GC(17)     Total                          Min: 51, Avg: 108.8, Max: 192, Diff: 141, Sum: 435, Workers: 4
[9.473s][debug][gc,phases      ] GC(17)   JVMTI Tag Weak OopStorage      Min:  0.0, Avg:  0.0, Max:  0.0, Diff:  0.0, Sum:  0.0, Workers: 4
[9.473s][debug][gc,phases      ] GC(17)     Dead                           Min: 0, Avg:  0.0, Max: 0, Diff: 0, Sum: 0, Workers: 4
[9.473s][debug][gc,phases      ] GC(17)     Total                          Min: 0, Avg:  0.0, Max: 0, Diff: 0, Sum: 0, Workers: 4
[9.473s][debug][gc,phases      ] GC(17)   StringTable Weak               Min:  0.1, Avg:  0.1, Max:  0.1, Diff:  0.0, Sum:  0.4, Workers: 4
[9.473s][debug][gc,phases      ] GC(17)     Dead                           Min: 0, Avg:  3.0, Max: 12, Diff: 12, Sum: 12, Workers: 4
[9.473s][debug][gc,phases      ] GC(17)     Total                          Min: 9536, Avg: 10154.5, Max: 10880, Diff: 1344, Sum: 40618, Workers: 4
[9.473s][debug][gc,phases      ] GC(17)   ResolvedMethodTable Weak       Min:  0.0, Avg:  0.0, Max:  0.0, Diff:  0.0, Sum:  0.1, Workers: 4
[9.473s][debug][gc,phases      ] GC(17)     Dead                           Min: 0, Avg:  0.0, Max: 0, Diff: 0, Sum: 0, Workers: 4
[9.473s][debug][gc,phases      ] GC(17)     Total                          Min: 1344, Avg: 1574.2, Max: 1728, Diff: 384, Sum: 6297, Workers: 4
[9.473s][debug][gc,phases      ] GC(17)   JNI Weak                       Min:  0.0, Avg:  0.0, Max:  0.0, Diff:  0.0, Sum:  0.0, Workers: 4
[9.473s][debug][gc,phases      ] GC(17)     Dead                           Min: 0, Avg:  0.0, Max: 0, Diff: 0, Sum: 0, Workers: 4
[9.473s][debug][gc,phases      ] GC(17)     Total                          Min: 0, Avg:  1.0, Max: 4, Diff: 4, Sum: 4, Workers: 4
[9.473s][debug][gc,phases      ] GC(17)   StringDedup Table Weak         Min:  0.0, Avg:  0.0, Max:  0.0, Diff:  0.0, Sum:  0.0, Workers: 4
[9.473s][debug][gc,phases      ] GC(17)     Dead                           Min: 0, Avg:  0.0, Max: 0, Diff: 0, Sum: 0, Workers: 4
[9.473s][debug][gc,phases      ] GC(17)     Total                          Min: 0, Avg:  0.0, Max: 0, Diff: 0, Sum: 0, Workers: 4
[9.473s][debug][gc,phases      ] GC(17)   StringDedup Requests0 Weak     Min:  0.0, Avg:  0.0, Max:  0.0, Diff:  0.0, Sum:  0.0, Workers: 4
[9.473s][debug][gc,phases      ] GC(17)     Dead                           Min: 0, Avg:  0.0, Max: 0, Diff: 0, Sum: 0, Workers: 4
[9.473s][debug][gc,phases      ] GC(17)     Total                          Min: 0, Avg:  0.0, Max: 0, Diff: 0, Sum: 0, Workers: 4
[9.473s][debug][gc,phases      ] GC(17)   StringDedup Requests1 Weak     Min:  0.0, Avg:  0.0, Max:  0.0, Diff:  0.0, Sum:  0.0, Workers: 4
[9.473s][debug][gc,phases      ] GC(17)     Dead                           Min: 0, Avg:  0.0, Max: 0, Diff: 0, Sum: 0, Workers: 4
[9.473s][debug][gc,phases      ] GC(17)     Total                          Min: 0, Avg:  0.0, Max: 0, Diff: 0, Sum: 0, Workers: 4
[9.473s][debug][gc,phases      ] GC(17)   Weak JFR Old Object Samples    Min:  0.0, Avg:  0.0, Max:  0.0, Diff:  0.0, Sum:  0.0, Workers: 4
[9.473s][debug][gc,phases      ] GC(17)     Dead                           Min: 0, Avg:  0.0, Max: 0, Diff: 0, Sum: 0, Workers: 4
[9.473s][debug][gc,phases      ] GC(17)     Total                          Min: 0, Avg:  0.0, Max: 0, Diff: 0, Sum: 0, Workers: 4
[9.473s][debug][gc,phases      ] GC(17) Weak Processing 0.308ms
[9.473s][debug][gc,age         ] GC(17) Desired survivor size 244842496 bytes, new threshold 11 (max threshold 15)
[9.473s][info ][gc,heap        ] GC(17) PSYoungGen: 1607365K(1840128K)->21861K(1858048K) Eden: 1587200K(1587200K)->0K(1611264K) From: 20165K(252928K)->21861K(246784K)
[9.473s][info ][gc,heap        ] GC(17) ParOldGen: 180367K(271360K)->180375K(271360K)
[9.473s][info ][gc,metaspace   ] GC(17) Metaspace: 60802K(61504K)->60802K(61504K) NonClass: 51775K(52160K)->51775K(52160K) Class: 9026K(9344K)->9026K(9344K)
[9.473s][info ][gc             ] GC(17) Pause Young (Allocation Failure) 1745M->197M(2079M) 12.129ms
[9.473s][info ][gc,cpu         ] GC(17) User=0.04s Sys=0.00s Real=0.01s
[9.473s][info ][safepoint      ] Safepoint "ParallelGCFailedAllocation", Time since last: 149807698 ns, Reaching safepoint: 195604 ns, At safepoint: 12241821 ns, Total: 12437425 ns
[9.836s][info ][gc,start       ] GC(18) Pause Young (Allocation Failure)
[9.849s][debug][gc,phases      ] GC(18) Scavenge 13.108ms
[9.849s][debug][gc,ref         ] GC(18) Skipped phase 1 of Reference Processing: no references
[9.849s][debug][gc,ref         ] GC(18) ReferenceProcessor::execute queues: 1, RefProcThreadModel::Single, marks_oops_alive: false
[9.849s][debug][gc,ref         ] GC(18) Skipped phase 3 of Reference Processing: no references
[9.849s][debug][gc,ref         ] GC(18) ReferenceProcessor::execute queues: 1, RefProcThreadModel::Single, marks_oops_alive: false
[9.849s][debug][gc,phases      ] GC(18) Reference Processing 0.149ms
[9.849s][debug][gc,phases      ] GC(18)   VM Weak                        Min:  0.0, Avg:  0.0, Max:  0.0, Diff:  0.0, Sum:  0.0, Workers: 4
[9.849s][debug][gc,phases      ] GC(18)     Dead                           Min: 0, Avg:  0.0, Max: 0, Diff: 0, Sum: 0, Workers: 4
[9.849s][debug][gc,phases      ] GC(18)     Total                          Min: 0, Avg: 135.2, Max: 512, Diff: 512, Sum: 541, Workers: 4
[9.849s][debug][gc,phases      ] GC(18)   ObjectSynchronizer Weak        Min:  0.0, Avg:  0.0, Max:  0.0, Diff:  0.0, Sum:  0.0, Workers: 4
[9.849s][debug][gc,phases      ] GC(18)     Dead                           Min: 0, Avg:  0.0, Max: 0, Diff: 0, Sum: 0, Workers: 4
[9.849s][debug][gc,phases      ] GC(18)     Total                          Min: 0, Avg: 108.8, Max: 192, Diff: 192, Sum: 435, Workers: 4
[9.849s][debug][gc,phases      ] GC(18)   JVMTI Tag Weak OopStorage      Min:  0.0, Avg:  0.0, Max:  0.0, Diff:  0.0, Sum:  0.0, Workers: 4
[9.849s][debug][gc,phases      ] GC(18)     Dead                           Min: 0, Avg:  0.0, Max: 0, Diff: 0, Sum: 0, Workers: 4
[9.849s][debug][gc,phases      ] GC(18)     Total                          Min: 0, Avg:  0.0, Max: 0, Diff: 0, Sum: 0, Workers: 4
[9.849s][debug][gc,phases      ] GC(18)   StringTable Weak               Min:  0.1, Avg:  0.1, Max:  0.1, Diff:  0.0, Sum:  0.4, Workers: 4
[9.849s][debug][gc,phases      ] GC(18)     Dead                           Min: 0, Avg:  0.0, Max: 0, Diff: 0, Sum: 0, Workers: 4
[9.849s][debug][gc,phases      ] GC(18)     Total                          Min: 9600, Avg: 10163.2, Max: 11200, Diff: 1600, Sum: 40653, Workers: 4
[9.849s][debug][gc,phases      ] GC(18)   ResolvedMethodTable Weak       Min:  0.0, Avg:  0.0, Max:  0.0, Diff:  0.0, Sum:  0.1, Workers: 4
[9.849s][debug][gc,phases      ] GC(18)     Dead                           Min: 0, Avg:  0.0, Max: 0, Diff: 0, Sum: 0, Workers: 4
[9.849s][debug][gc,phases      ] GC(18)     Total                          Min: 960, Avg: 1574.2, Max: 1983, Diff: 1023, Sum: 6297, Workers: 4
[9.849s][debug][gc,phases      ] GC(18)   JNI Weak                       Min:  0.0, Avg:  0.0, Max:  0.0, Diff:  0.0, Sum:  0.0, Workers: 4
[9.849s][debug][gc,phases      ] GC(18)     Dead                           Min: 0, Avg:  0.0, Max: 0, Diff: 0, Sum: 0, Workers: 4
[9.849s][debug][gc,phases      ] GC(18)     Total                          Min: 0, Avg:  1.2, Max: 5, Diff: 5, Sum: 5, Workers: 4
[9.849s][debug][gc,phases      ] GC(18)   StringDedup Table Weak         Min:  0.0, Avg:  0.0, Max:  0.0, Diff:  0.0, Sum:  0.0, Workers: 4
[9.849s][debug][gc,phases      ] GC(18)     Dead                           Min: 0, Avg:  0.0, Max: 0, Diff: 0, Sum: 0, Workers: 4
[9.849s][debug][gc,phases      ] GC(18)     Total                          Min: 0, Avg:  0.0, Max: 0, Diff: 0, Sum: 0, Workers: 4
[9.849s][debug][gc,phases      ] GC(18)   StringDedup Requests0 Weak     Min:  0.0, Avg:  0.0, Max:  0.0, Diff:  0.0, Sum:  0.0, Workers: 4
[9.849s][debug][gc,phases      ] GC(18)     Dead                           Min: 0, Avg:  0.0, Max: 0, Diff: 0, Sum: 0, Workers: 4
[9.849s][debug][gc,phases      ] GC(18)     Total                          Min: 0, Avg:  0.0, Max: 0, Diff: 0, Sum: 0, Workers: 4
[9.849s][debug][gc,phases      ] GC(18)   StringDedup Requests1 Weak     Min:  0.0, Avg:  0.0, Max:  0.0, Diff:  0.0, Sum:  0.0, Workers: 4
[9.849s][debug][gc,phases      ] GC(18)     Dead                           Min: 0, Avg:  0.0, Max: 0, Diff: 0, Sum: 0, Workers: 4
[9.849s][debug][gc,phases      ] GC(18)     Total                          Min: 0, Avg:  0.0, Max: 0, Diff: 0, Sum: 0, Workers: 4
[9.849s][debug][gc,phases      ] GC(18)   Weak JFR Old Object Samples    Min:  0.0, Avg:  0.0, Max:  0.0, Diff:  0.0, Sum:  0.0, Workers: 4
[9.849s][debug][gc,phases      ] GC(18)     Dead                           Min: 0, Avg:  0.0, Max: 0, Diff: 0, Sum: 0, Workers: 4
[9.849s][debug][gc,phases      ] GC(18)     Total                          Min: 0, Avg:  0.0, Max: 0, Diff: 0, Sum: 0, Workers: 4
[9.849s][debug][gc,phases      ] GC(18) Weak Processing 0.316ms
[9.849s][debug][gc,age         ] GC(18) Desired survivor size 235929600 bytes, new threshold 12 (max threshold 15)
[9.849s][info ][gc,heap        ] GC(18) PSYoungGen: 1633125K(1858048K)->25461K(1850368K) Eden: 1611264K(1611264K)->0K(1611264K) From: 21861K(246784K)->25461K(239104K)
[9.849s][info ][gc,heap        ] GC(18) ParOldGen: 180375K(271360K)->180383K(271360K)
[9.849s][info ][gc,metaspace   ] GC(18) Metaspace: 60804K(61568K)->60804K(61568K) NonClass: 51778K(52224K)->51778K(52224K) Class: 9026K(9344K)->9026K(9344K)
[9.849s][info ][gc             ] GC(18) Pause Young (Allocation Failure) 1770M->201M(2072M) 13.702ms
[9.849s][info ][gc,cpu         ] GC(18) User=0.06s Sys=0.00s Real=0.01s
[9.849s][info ][safepoint      ] Safepoint "ParallelGCFailedAllocation", Time since last: 362512830 ns, Reaching safepoint: 232004 ns, At safepoint: 13804749 ns, Total: 14036753 ns
[10.126s][info ][gc,start       ] GC(19) Pause Young (Allocation Failure)
[10.140s][debug][gc,phases      ] GC(19) Scavenge 13.932ms
[10.140s][debug][gc,ref         ] GC(19) Skipped phase 1 of Reference Processing: no references
[10.140s][debug][gc,ref         ] GC(19) ReferenceProcessor::execute queues: 1, RefProcThreadModel::Single, marks_oops_alive: false
[10.140s][debug][gc,ref         ] GC(19) Skipped phase 3 of Reference Processing: no references
[10.140s][debug][gc,ref         ] GC(19) ReferenceProcessor::execute queues: 1, RefProcThreadModel::Single, marks_oops_alive: false
[10.140s][debug][gc,phases      ] GC(19) Reference Processing 0.159ms
[10.140s][debug][gc,phases      ] GC(19)   VM Weak                        Min:  0.0, Avg:  0.0, Max:  0.0, Diff:  0.0, Sum:  0.0, Workers: 4
[10.140s][debug][gc,phases      ] GC(19)     Dead                           Min: 0, Avg:  0.0, Max: 0, Diff: 0, Sum: 0, Workers: 4
[10.140s][debug][gc,phases      ] GC(19)     Total                          Min: 0, Avg: 136.0, Max: 544, Diff: 544, Sum: 544, Workers: 4
[10.140s][debug][gc,phases      ] GC(19)   ObjectSynchronizer Weak        Min:  0.0, Avg:  0.0, Max:  0.0, Diff:  0.0, Sum:  0.0, Workers: 4
[10.140s][debug][gc,phases      ] GC(19)     Dead                           Min: 0, Avg:  0.0, Max: 0, Diff: 0, Sum: 0, Workers: 4
[10.140s][debug][gc,phases      ] GC(19)     Total                          Min: 0, Avg: 108.8, Max: 307, Diff: 307, Sum: 435, Workers: 4
[10.140s][debug][gc,phases      ] GC(19)   JVMTI Tag Weak OopStorage      Min:  0.0, Avg:  0.0, Max:  0.0, Diff:  0.0, Sum:  0.0, Workers: 4
[10.140s][debug][gc,phases      ] GC(19)     Dead                           Min: 0, Avg:  0.0, Max: 0, Diff: 0, Sum: 0, Workers: 4
[10.140s][debug][gc,phases      ] GC(19)     Total                          Min: 0, Avg:  0.0, Max: 0, Diff: 0, Sum: 0, Workers: 4
[10.140s][debug][gc,phases      ] GC(19)   StringTable Weak               Min:  0.1, Avg:  0.1, Max:  0.1, Diff:  0.0, Sum:  0.4, Workers: 4
[10.140s][debug][gc,phases      ] GC(19)     Dead                           Min: 0, Avg:  3.0, Max: 12, Diff: 12, Sum: 12, Workers: 4
[10.140s][debug][gc,phases      ] GC(19)     Total                          Min: 9408, Avg: 10165.2, Max: 10932, Diff: 1524, Sum: 40661, Workers: 4
[10.140s][debug][gc,phases      ] GC(19)   ResolvedMethodTable Weak       Min:  0.0, Avg:  0.0, Max:  0.0, Diff:  0.0, Sum:  0.1, Workers: 4
[10.140s][debug][gc,phases      ] GC(19)     Dead                           Min: 0, Avg:  0.0, Max: 0, Diff: 0, Sum: 0, Workers: 4
[10.140s][debug][gc,phases      ] GC(19)     Total                          Min: 1278, Avg: 1574.2, Max: 1728, Diff: 450, Sum: 6297, Workers: 4
[10.140s][debug][gc,phases      ] GC(19)   JNI Weak                       Min:  0.0, Avg:  0.0, Max:  0.0, Diff:  0.0, Sum:  0.0, Workers: 4
[10.140s][debug][gc,phases      ] GC(19)     Dead                           Min: 0, Avg:  0.0, Max: 0, Diff: 0, Sum: 0, Workers: 4
[10.140s][debug][gc,phases      ] GC(19)     Total                          Min: 0, Avg:  1.2, Max: 5, Diff: 5, Sum: 5, Workers: 4
[10.140s][debug][gc,phases      ] GC(19)   StringDedup Table Weak         Min:  0.0, Avg:  0.0, Max:  0.0, Diff:  0.0, Sum:  0.0, Workers: 4
[10.140s][debug][gc,phases      ] GC(19)     Dead                           Min: 0, Avg:  0.0, Max: 0, Diff: 0, Sum: 0, Workers: 4
[10.140s][debug][gc,phases      ] GC(19)     Total                          Min: 0, Avg:  0.0, Max: 0, Diff: 0, Sum: 0, Workers: 4
[10.140s][debug][gc,phases      ] GC(19)   StringDedup Requests0 Weak     Min:  0.0, Avg:  0.0, Max:  0.0, Diff:  0.0, Sum:  0.0, Workers: 4
[10.140s][debug][gc,phases      ] GC(19)     Dead                           Min: 0, Avg:  0.0, Max: 0, Diff: 0, Sum: 0, Workers: 4
[10.140s][debug][gc,phases      ] GC(19)     Total                          Min: 0, Avg:  0.0, Max: 0, Diff: 0, Sum: 0, Workers: 4
[10.140s][debug][gc,phases      ] GC(19)   StringDedup Requests1 Weak     Min:  0.0, Avg:  0.0, Max:  0.0, Diff:  0.0, Sum:  0.0, Workers: 4
[10.140s][debug][gc,phases      ] GC(19)     Dead                           Min: 0, Avg:  0.0, Max: 0, Diff: 0, Sum: 0, Workers: 4
[10.140s][debug][gc,phases      ] GC(19)     Total                          Min: 0, Avg:  0.0, Max: 0, Diff: 0, Sum: 0, Workers: 4
[10.140s][debug][gc,phases      ] GC(19)   Weak JFR Old Object Samples    Min:  0.0, Avg:  0.0, Max:  0.0, Diff:  0.0, Sum:  0.0, Workers: 4
[10.140s][debug][gc,phases      ] GC(19)     Dead                           Min: 0, Avg:  0.0, Max: 0, Diff: 0, Sum: 0, Workers: 4
[10.140s][debug][gc,phases      ] GC(19)     Total                          Min: 0, Avg:  0.0, Max: 0, Diff: 0, Sum: 0, Workers: 4
[10.140s][debug][gc,phases      ] GC(19) Weak Processing 0.321ms
[10.140s][debug][gc,age         ] GC(19) Desired survivor size 225443840 bytes, new threshold 13 (max threshold 15)
[10.140s][info ][gc,heap        ] GC(19) PSYoungGen: 1636725K(1850368K)->30663K(1876992K) Eden: 1611264K(1611264K)->0K(1646592K) From: 25461K(239104K)->30663K(230400K)
[10.140s][info ][gc,heap        ] GC(19) ParOldGen: 180383K(271360K)->180383K(271360K)
[10.140s][info ][gc,metaspace   ] GC(19) Metaspace: 60843K(61568K)->60843K(61568K) NonClass: 51813K(52224K)->51813K(52224K) Class: 9030K(9344K)->9030K(9344K)
[10.140s][info ][gc             ] GC(19) Pause Young (Allocation Failure) 1774M->206M(2098M) 14.553ms
[10.140s][info ][gc,cpu         ] GC(19) User=0.06s Sys=0.00s Real=0.02s
[10.140s][info ][safepoint      ] Safepoint "ParallelGCFailedAllocation", Time since last: 276221975 ns, Reaching safepoint: 182904 ns, At safepoint: 14661964 ns, Total: 14844868 ns
[10.518s][info ][gc,start       ] GC(20) Pause Young (Allocation Failure)
[10.531s][debug][gc,phases      ] GC(20) Scavenge 13.663ms
[10.531s][debug][gc,ref         ] GC(20) Skipped phase 1 of Reference Processing: no references
[10.531s][debug][gc,ref         ] GC(20) ReferenceProcessor::execute queues: 1, RefProcThreadModel::Single, marks_oops_alive: false
[10.531s][debug][gc,ref         ] GC(20) Skipped phase 3 of Reference Processing: no references
[10.532s][debug][gc,ref         ] GC(20) ReferenceProcessor::execute queues: 1, RefProcThreadModel::Single, marks_oops_alive: false
[10.532s][debug][gc,phases      ] GC(20) Reference Processing 0.153ms
[10.532s][debug][gc,phases      ] GC(20)   VM Weak                        Min:  0.0, Avg:  0.0, Max:  0.0, Diff:  0.0, Sum:  0.0, Workers: 4
[10.532s][debug][gc,phases      ] GC(20)     Dead                           Min: 0, Avg:  0.0, Max: 0, Diff: 0, Sum: 0, Workers: 4
[10.532s][debug][gc,phases      ] GC(20)     Total                          Min: 0, Avg: 137.2, Max: 549, Diff: 549, Sum: 549, Workers: 4
[10.532s][debug][gc,phases      ] GC(20)   ObjectSynchronizer Weak        Min:  0.0, Avg:  0.0, Max:  0.0, Diff:  0.0, Sum:  0.0, Workers: 4
[10.532s][debug][gc,phases      ] GC(20)     Dead                           Min: 0, Avg:  0.0, Max: 0, Diff: 0, Sum: 0, Workers: 4
[10.532s][debug][gc,phases      ] GC(20)     Total                          Min: 0, Avg: 108.8, Max: 371, Diff: 371, Sum: 435, Workers: 4
[10.532s][debug][gc,phases      ] GC(20)   JVMTI Tag Weak OopStorage      Min:  0.0, Avg:  0.0, Max:  0.0, Diff:  0.0, Sum:  0.0, Workers: 4
[10.532s][debug][gc,phases      ] GC(20)     Dead                           Min: 0, Avg:  0.0, Max: 0, Diff: 0, Sum: 0, Workers: 4
[10.532s][debug][gc,phases      ] GC(20)     Total                          Min: 0, Avg:  0.0, Max: 0, Diff: 0, Sum: 0, Workers: 4
[10.532s][debug][gc,phases      ] GC(20)   StringTable Weak               Min:  0.1, Avg:  0.1, Max:  0.1, Diff:  0.0, Sum:  0.4, Workers: 4
[10.532s][debug][gc,phases      ] GC(20)     Dead                           Min: 0, Avg:  4.2, Max: 11, Diff: 11, Sum: 17, Workers: 4
[10.532s][debug][gc,phases      ] GC(20)     Total                          Min: 9589, Avg: 10194.0, Max: 10899, Diff: 1310, Sum: 40776, Workers: 4
[10.532s][debug][gc,phases      ] GC(20)   ResolvedMethodTable Weak       Min:  0.0, Avg:  0.0, Max:  0.0, Diff:  0.0, Sum:  0.1, Workers: 4
[10.532s][debug][gc,phases      ] GC(20)     Dead                           Min: 0, Avg:  6.2, Max: 22, Diff: 22, Sum: 25, Workers: 4
[10.532s][debug][gc,phases      ] GC(20)     Total                          Min: 1024, Avg: 1591.8, Max: 2079, Diff: 1055, Sum: 6367, Workers: 4
[10.532s][debug][gc,phases      ] GC(20)   JNI Weak                       Min:  0.0, Avg:  0.0, Max:  0.0, Diff:  0.0, Sum:  0.0, Workers: 4
[10.532s][debug][gc,phases      ] GC(20)     Dead                           Min: 0, Avg:  0.0, Max: 0, Diff: 0, Sum: 0, Workers: 4
[10.532s][debug][gc,phases      ] GC(20)     Total                          Min: 0, Avg:  0.2, Max: 1, Diff: 1, Sum: 1, Workers: 4
[10.532s][debug][gc,phases      ] GC(20)   StringDedup Table Weak         Min:  0.0, Avg:  0.0, Max:  0.0, Diff:  0.0, Sum:  0.0, Workers: 4
[10.532s][debug][gc,phases      ] GC(20)     Dead                           Min: 0, Avg:  0.0, Max: 0, Diff: 0, Sum: 0, Workers: 4
[10.532s][debug][gc,phases      ] GC(20)     Total                          Min: 0, Avg:  0.0, Max: 0, Diff: 0, Sum: 0, Workers: 4
[10.532s][debug][gc,phases      ] GC(20)   StringDedup Requests0 Weak     Min:  0.0, Avg:  0.0, Max:  0.0, Diff:  0.0, Sum:  0.0, Workers: 4
[10.532s][debug][gc,phases      ] GC(20)     Dead                           Min: 0, Avg:  0.0, Max: 0, Diff: 0, Sum: 0, Workers: 4
[10.532s][debug][gc,phases      ] GC(20)     Total                          Min: 0, Avg:  0.0, Max: 0, Diff: 0, Sum: 0, Workers: 4
[10.532s][debug][gc,phases      ] GC(20)   StringDedup Requests1 Weak     Min:  0.0, Avg:  0.0, Max:  0.0, Diff:  0.0, Sum:  0.0, Workers: 4
[10.532s][debug][gc,phases      ] GC(20)     Dead                           Min: 0, Avg:  0.0, Max: 0, Diff: 0, Sum: 0, Workers: 4
[10.532s][debug][gc,phases      ] GC(20)     Total                          Min: 0, Avg:  0.0, Max: 0, Diff: 0, Sum: 0, Workers: 4
[10.532s][debug][gc,phases      ] GC(20)   Weak JFR Old Object Samples    Min:  0.0, Avg:  0.0, Max:  0.0, Diff:  0.0, Sum:  0.0, Workers: 4
[10.532s][debug][gc,phases      ] GC(20)     Dead                           Min: 0, Avg:  0.0, Max: 0, Diff: 0, Sum: 0, Workers: 4
[10.532s][debug][gc,phases      ] GC(20)     Total                          Min: 0, Avg:  0.0, Max: 0, Diff: 0, Sum: 0, Workers: 4
[10.532s][debug][gc,phases      ] GC(20) Weak Processing 0.313ms
[10.532s][debug][gc,age         ] GC(20) Desired survivor size 214958080 bytes, new threshold 14 (max threshold 15)
[10.532s][info ][gc,heap        ] GC(20) PSYoungGen: 1677255K(1876992K)->31237K(1866752K) Eden: 1646592K(1646592K)->0K(1646592K) From: 30663K(230400K)->31237K(220160K)
[10.532s][info ][gc,heap        ] GC(20) ParOldGen: 180383K(271360K)->180383K(271360K)
[10.532s][info ][gc,metaspace   ] GC(20) Metaspace: 61404K(62144K)->61404K(62144K) NonClass: 52307K(52736K)->52307K(52736K) Class: 9096K(9408K)->9096K(9408K)
[10.532s][info ][gc             ] GC(20) Pause Young (Allocation Failure) 1814M->206M(2088M) 14.259ms
[10.532s][info ][gc,cpu         ] GC(20) User=0.06s Sys=0.00s Real=0.01s
[10.532s][info ][safepoint      ] Safepoint "ParallelGCFailedAllocation", Time since last: 376946990 ns, Reaching safepoint: 198203 ns, At safepoint: 14359059 ns, Total: 14557262 ns
[10.845s][info ][gc,start       ] GC(21) Pause Young (Allocation Failure)
[10.863s][debug][gc,phases      ] GC(21) Scavenge 17.418ms
[10.863s][debug][gc,ref         ] GC(21) Skipped phase 1 of Reference Processing: no references
[10.863s][debug][gc,ref         ] GC(21) ReferenceProcessor::execute queues: 1, RefProcThreadModel::Single, marks_oops_alive: false
[10.863s][debug][gc,ref         ] GC(21) Skipped phase 3 of Reference Processing: no references
[10.863s][debug][gc,ref         ] GC(21) ReferenceProcessor::execute queues: 1, RefProcThreadModel::Single, marks_oops_alive: false
[10.863s][debug][gc,phases      ] GC(21) Reference Processing 0.154ms
[10.863s][debug][gc,phases      ] GC(21)   VM Weak                        Min:  0.0, Avg:  0.0, Max:  0.0, Diff:  0.0, Sum:  0.0, Workers: 4
[10.863s][debug][gc,phases      ] GC(21)     Dead                           Min: 0, Avg:  0.0, Max: 0, Diff: 0, Sum: 0, Workers: 4
[10.863s][debug][gc,phases      ] GC(21)     Total                          Min: 0, Avg: 137.2, Max: 293, Diff: 293, Sum: 549, Workers: 4
[10.863s][debug][gc,phases      ] GC(21)   ObjectSynchronizer Weak        Min:  0.0, Avg:  0.0, Max:  0.0, Diff:  0.0, Sum:  0.0, Workers: 4
[10.863s][debug][gc,phases      ] GC(21)     Dead                           Min: 0, Avg:  0.0, Max: 0, Diff: 0, Sum: 0, Workers: 4
[10.863s][debug][gc,phases      ] GC(21)     Total                          Min: 0, Avg: 109.0, Max: 192, Diff: 192, Sum: 436, Workers: 4
[10.863s][debug][gc,phases      ] GC(21)   JVMTI Tag Weak OopStorage      Min:  0.0, Avg:  0.0, Max:  0.0, Diff:  0.0, Sum:  0.0, Workers: 4
[10.863s][debug][gc,phases      ] GC(21)     Dead                           Min: 0, Avg:  0.0, Max: 0, Diff: 0, Sum: 0, Workers: 4
[10.863s][debug][gc,phases      ] GC(21)     Total                          Min: 0, Avg:  0.0, Max: 0, Diff: 0, Sum: 0, Workers: 4
[10.863s][debug][gc,phases      ] GC(21)   StringTable Weak               Min:  0.1, Avg:  0.1, Max:  0.1, Diff:  0.0, Sum:  0.6, Workers: 4
[10.863s][debug][gc,phases      ] GC(21)     Dead                           Min: 0, Avg:  0.2, Max: 1, Diff: 1, Sum: 1, Workers: 4
[10.863s][debug][gc,phases      ] GC(21)     Total                          Min: 10112, Avg: 10477.8, Max: 11063, Diff: 951, Sum: 41911, Workers: 4
[10.863s][debug][gc,phases      ] GC(21)   ResolvedMethodTable Weak       Min:  0.0, Avg:  0.0, Max:  0.0, Diff:  0.0, Sum:  0.1, Workers: 4
[10.863s][debug][gc,phases      ] GC(21)     Dead                           Min: 0, Avg: 26.8, Max: 68, Diff: 68, Sum: 107, Workers: 4
[10.863s][debug][gc,phases      ] GC(21)     Total                          Min: 1472, Avg: 1616.8, Max: 1856, Diff: 384, Sum: 6467, Workers: 4
[10.863s][debug][gc,phases      ] GC(21)   JNI Weak                       Min:  0.0, Avg:  0.0, Max:  0.0, Diff:  0.0, Sum:  0.0, Workers: 4
[10.863s][debug][gc,phases      ] GC(21)     Dead                           Min: 0, Avg:  0.0, Max: 0, Diff: 0, Sum: 0, Workers: 4
[10.863s][debug][gc,phases      ] GC(21)     Total                          Min: 0, Avg:  0.0, Max: 0, Diff: 0, Sum: 0, Workers: 4
[10.863s][debug][gc,phases      ] GC(21)   StringDedup Table Weak         Min:  0.0, Avg:  0.0, Max:  0.0, Diff:  0.0, Sum:  0.0, Workers: 4
[10.863s][debug][gc,phases      ] GC(21)     Dead                           Min: 0, Avg:  0.0, Max: 0, Diff: 0, Sum: 0, Workers: 4
[10.863s][debug][gc,phases      ] GC(21)     Total                          Min: 0, Avg:  0.0, Max: 0, Diff: 0, Sum: 0, Workers: 4
[10.863s][debug][gc,phases      ] GC(21)   StringDedup Requests0 Weak     Min:  0.0, Avg:  0.0, Max:  0.0, Diff:  0.0, Sum:  0.0, Workers: 4
[10.863s][debug][gc,phases      ] GC(21)     Dead                           Min: 0, Avg:  0.0, Max: 0, Diff: 0, Sum: 0, Workers: 4
[10.863s][debug][gc,phases      ] GC(21)     Total                          Min: 0, Avg:  0.0, Max: 0, Diff: 0, Sum: 0, Workers: 4
[10.863s][debug][gc,phases      ] GC(21)   StringDedup Requests1 Weak     Min:  0.0, Avg:  0.0, Max:  0.0, Diff:  0.0, Sum:  0.0, Workers: 4
[10.863s][debug][gc,phases      ] GC(21)     Dead                           Min: 0, Avg:  0.0, Max: 0, Diff: 0, Sum: 0, Workers: 4
[10.863s][debug][gc,phases      ] GC(21)     Total                          Min: 0, Avg:  0.0, Max: 0, Diff: 0, Sum: 0, Workers: 4
[10.863s][debug][gc,phases      ] GC(21)   Weak JFR Old Object Samples    Min:  0.0, Avg:  0.0, Max:  0.0, Diff:  0.0, Sum:  0.0, Workers: 4
[10.863s][debug][gc,phases      ] GC(21)     Dead                           Min: 0, Avg:  0.0, Max: 0, Diff: 0, Sum: 0, Workers: 4
[10.863s][debug][gc,phases      ] GC(21)     Total                          Min: 0, Avg:  0.0, Max: 0, Diff: 0, Sum: 0, Workers: 4
[10.863s][debug][gc,phases      ] GC(21) Weak Processing 0.348ms
[10.863s][debug][gc,age         ] GC(21) Desired survivor size 204472320 bytes, new threshold 15 (max threshold 15)
[10.863s][info ][gc,heap        ] GC(21) PSYoungGen: 1677829K(1866752K)->32710K(1897472K) Eden: 1646592K(1646592K)->0K(1687552K) From: 31237K(220160K)->32710K(209920K)
[10.863s][info ][gc,heap        ] GC(21) ParOldGen: 180383K(271360K)->180391K(271360K)
[10.863s][info ][gc,metaspace   ] GC(21) Metaspace: 64349K(65088K)->64349K(65088K) NonClass: 54888K(55296K)->54888K(55296K) Class: 9461K(9792K)->9461K(9792K)
[10.863s][info ][gc             ] GC(21) Pause Young (Allocation Failure) 1814M->208M(2118M) 18.047ms
[10.863s][info ][gc,cpu         ] GC(21) User=0.07s Sys=0.00s Real=0.02s
[10.863s][info ][safepoint      ] Safepoint "ParallelGCFailedAllocation", Time since last: 312978438 ns, Reaching safepoint: 165403 ns, At safepoint: 18152526 ns, Total: 18317929 ns
[11.059s][info ][safepoint      ] Safepoint "ICBufferFull", Time since last: 195864529 ns, Reaching safepoint: 225704 ns, At safepoint: 25900 ns, Total: 251604 ns
[11.238s][info ][gc,start       ] GC(22) Pause Young (Allocation Failure)
[11.263s][debug][gc,phases      ] GC(22) Scavenge 24.685ms
[11.263s][debug][gc,ref         ] GC(22) Skipped phase 1 of Reference Processing: no references
[11.263s][debug][gc,ref         ] GC(22) ReferenceProcessor::execute queues: 1, RefProcThreadModel::Single, marks_oops_alive: false
[11.263s][debug][gc,ref         ] GC(22) Skipped phase 3 of Reference Processing: no references
[11.263s][debug][gc,ref         ] GC(22) ReferenceProcessor::execute queues: 1, RefProcThreadModel::Single, marks_oops_alive: false
[11.263s][debug][gc,phases      ] GC(22) Reference Processing 0.194ms
[11.264s][debug][gc,phases      ] GC(22)   VM Weak                        Min:  0.0, Avg:  0.0, Max:  0.0, Diff:  0.0, Sum:  0.0, Workers: 4
[11.264s][debug][gc,phases      ] GC(22)     Dead                           Min: 0, Avg:  0.0, Max: 0, Diff: 0, Sum: 0, Workers: 4
[11.264s][debug][gc,phases      ] GC(22)     Total                          Min: 0, Avg: 140.5, Max: 562, Diff: 562, Sum: 562, Workers: 4
[11.264s][debug][gc,phases      ] GC(22)   ObjectSynchronizer Weak        Min:  0.0, Avg:  0.0, Max:  0.0, Diff:  0.0, Sum:  0.0, Workers: 4
[11.264s][debug][gc,phases      ] GC(22)     Dead                           Min: 0, Avg:  0.0, Max: 0, Diff: 0, Sum: 0, Workers: 4
[11.264s][debug][gc,phases      ] GC(22)     Total                          Min: 0, Avg: 109.0, Max: 308, Diff: 308, Sum: 436, Workers: 4
[11.264s][debug][gc,phases      ] GC(22)   JVMTI Tag Weak OopStorage      Min:  0.0, Avg:  0.0, Max:  0.0, Diff:  0.0, Sum:  0.0, Workers: 4
[11.264s][debug][gc,phases      ] GC(22)     Dead                           Min: 0, Avg:  0.0, Max: 0, Diff: 0, Sum: 0, Workers: 4
[11.264s][debug][gc,phases      ] GC(22)     Total                          Min: 0, Avg:  0.0, Max: 0, Diff: 0, Sum: 0, Workers: 4
[11.264s][debug][gc,phases      ] GC(22)   StringTable Weak               Min:  0.1, Avg:  0.1, Max:  0.1, Diff:  0.0, Sum:  0.4, Workers: 4
[11.264s][debug][gc,phases      ] GC(22)     Dead                           Min: 0, Avg:  3.5, Max: 12, Diff: 12, Sum: 14, Workers: 4
[11.264s][debug][gc,phases      ] GC(22)     Total                          Min: 9216, Avg: 10568.2, Max: 11297, Diff: 2081, Sum: 42273, Workers: 4
[11.264s][debug][gc,phases      ] GC(22)   ResolvedMethodTable Weak       Min:  0.0, Avg:  0.0, Max:  0.0, Diff:  0.0, Sum:  0.1, Workers: 4
[11.264s][debug][gc,phases      ] GC(22)     Dead                           Min: 0, Avg:  9.0, Max: 23, Diff: 23, Sum: 36, Workers: 4
[11.264s][debug][gc,phases      ] GC(22)     Total                          Min: 1536, Avg: 1655.8, Max: 1728, Diff: 192, Sum: 6623, Workers: 4
[11.264s][debug][gc,phases      ] GC(22)   JNI Weak                       Min:  0.0, Avg:  0.0, Max:  0.0, Diff:  0.0, Sum:  0.0, Workers: 4
[11.264s][debug][gc,phases      ] GC(22)     Dead                           Min: 0, Avg:  0.0, Max: 0, Diff: 0, Sum: 0, Workers: 4
[11.264s][debug][gc,phases      ] GC(22)     Total                          Min: 0, Avg:  1.8, Max: 7, Diff: 7, Sum: 7, Workers: 4
[11.264s][debug][gc,phases      ] GC(22)   StringDedup Table Weak         Min:  0.0, Avg:  0.0, Max:  0.0, Diff:  0.0, Sum:  0.0, Workers: 4
[11.264s][debug][gc,phases      ] GC(22)     Dead                           Min: 0, Avg:  0.0, Max: 0, Diff: 0, Sum: 0, Workers: 4
[11.264s][debug][gc,phases      ] GC(22)     Total                          Min: 0, Avg:  0.0, Max: 0, Diff: 0, Sum: 0, Workers: 4
[11.264s][debug][gc,phases      ] GC(22)   StringDedup Requests0 Weak     Min:  0.0, Avg:  0.0, Max:  0.0, Diff:  0.0, Sum:  0.0, Workers: 4
[11.264s][debug][gc,phases      ] GC(22)     Dead                           Min: 0, Avg:  0.0, Max: 0, Diff: 0, Sum: 0, Workers: 4
[11.264s][debug][gc,phases      ] GC(22)     Total                          Min: 0, Avg:  0.0, Max: 0, Diff: 0, Sum: 0, Workers: 4
[11.264s][debug][gc,phases      ] GC(22)   StringDedup Requests1 Weak     Min:  0.0, Avg:  0.0, Max:  0.0, Diff:  0.0, Sum:  0.0, Workers: 4
[11.264s][debug][gc,phases      ] GC(22)     Dead                           Min: 0, Avg:  0.0, Max: 0, Diff: 0, Sum: 0, Workers: 4
[11.264s][debug][gc,phases      ] GC(22)     Total                          Min: 0, Avg:  0.0, Max: 0, Diff: 0, Sum: 0, Workers: 4
[11.264s][debug][gc,phases      ] GC(22)   Weak JFR Old Object Samples    Min:  0.0, Avg:  0.0, Max:  0.0, Diff:  0.0, Sum:  0.0, Workers: 4
[11.264s][debug][gc,phases      ] GC(22)     Dead                           Min: 0, Avg:  0.0, Max: 0, Diff: 0, Sum: 0, Workers: 4
[11.264s][debug][gc,phases      ] GC(22)     Total                          Min: 0, Avg:  0.0, Max: 0, Diff: 0, Sum: 0, Workers: 4
[11.264s][debug][gc,phases      ] GC(22) Weak Processing 0.310ms
[11.264s][debug][gc,age         ] GC(22) Desired survivor size 190840832 bytes, new threshold 15 (max threshold 15)
[11.264s][info ][gc,heap        ] GC(22) PSYoungGen: 1720262K(1897472K)->52227K(1887232K) Eden: 1687552K(1687552K)->0K(1687552K) From: 32710K(209920K)->52227K(199680K)
[11.264s][info ][gc,heap        ] GC(22) ParOldGen: 180391K(271360K)->180399K(271360K)
[11.264s][info ][gc,metaspace   ] GC(22) Metaspace: 66176K(66944K)->66176K(66944K) NonClass: 56498K(56896K)->56498K(56896K) Class: 9678K(10048K)->9678K(10048K)
[11.264s][info ][gc             ] GC(22) Pause Young (Allocation Failure) 1856M->227M(2108M) 25.322ms
[11.264s][info ][gc,cpu         ] GC(22) User=0.09s Sys=0.00s Real=0.02s
[11.264s][info ][safepoint      ] Safepoint "ParallelGCFailedAllocation", Time since last: 178899223 ns, Reaching safepoint: 172603 ns, At safepoint: 25436058 ns, Total: 25608661 ns
[11.610s][info ][gc,start       ] GC(23) Pause Young (Allocation Failure)
[11.666s][debug][gc,phases      ] GC(23) Scavenge 55.848ms
[11.666s][debug][gc,ref         ] GC(23) Skipped phase 1 of Reference Processing: no references
[11.666s][debug][gc,ref         ] GC(23) ReferenceProcessor::execute queues: 1, RefProcThreadModel::Single, marks_oops_alive: false
[11.666s][debug][gc,ref         ] GC(23) Skipped phase 3 of Reference Processing: no references
[11.666s][debug][gc,ref         ] GC(23) ReferenceProcessor::execute queues: 1, RefProcThreadModel::Single, marks_oops_alive: false
[11.666s][debug][gc,phases      ] GC(23) Reference Processing 0.176ms
[11.667s][debug][gc,phases      ] GC(23)   VM Weak                        Min:  0.0, Avg:  0.0, Max:  0.0, Diff:  0.0, Sum:  0.0, Workers: 4
[11.667s][debug][gc,phases      ] GC(23)     Dead                           Min: 0, Avg:  0.0, Max: 0, Diff: 0, Sum: 0, Workers: 4
[11.667s][debug][gc,phases      ] GC(23)     Total                          Min: 0, Avg: 142.8, Max: 507, Diff: 507, Sum: 571, Workers: 4
[11.667s][debug][gc,phases      ] GC(23)   ObjectSynchronizer Weak        Min:  0.0, Avg:  0.0, Max:  0.0, Diff:  0.0, Sum:  0.0, Workers: 4
[11.667s][debug][gc,phases      ] GC(23)     Dead                           Min: 0, Avg:  0.0, Max: 0, Diff: 0, Sum: 0, Workers: 4
[11.667s][debug][gc,phases      ] GC(23)     Total                          Min: 0, Avg: 109.0, Max: 180, Diff: 180, Sum: 436, Workers: 4
[11.667s][debug][gc,phases      ] GC(23)   JVMTI Tag Weak OopStorage      Min:  0.0, Avg:  0.0, Max:  0.0, Diff:  0.0, Sum:  0.0, Workers: 4
[11.667s][debug][gc,phases      ] GC(23)     Dead                           Min: 0, Avg:  0.0, Max: 0, Diff: 0, Sum: 0, Workers: 4
[11.667s][debug][gc,phases      ] GC(23)     Total                          Min: 0, Avg:  0.0, Max: 0, Diff: 0, Sum: 0, Workers: 4
[11.667s][debug][gc,phases      ] GC(23)   StringTable Weak               Min:  0.1, Avg:  0.1, Max:  0.1, Diff:  0.0, Sum:  0.5, Workers: 4
[11.667s][debug][gc,phases      ] GC(23)     Dead                           Min: 0, Avg:  3.0, Max: 12, Diff: 12, Sum: 12, Workers: 4
[11.667s][debug][gc,phases      ] GC(23)     Total                          Min: 9600, Avg: 10571.5, Max: 11392, Diff: 1792, Sum: 42286, Workers: 4
[11.667s][debug][gc,phases      ] GC(23)   ResolvedMethodTable Weak       Min:  0.0, Avg:  0.0, Max:  0.0, Diff:  0.0, Sum:  0.1, Workers: 4
[11.667s][debug][gc,phases      ] GC(23)     Dead                           Min: 0, Avg:  0.2, Max: 1, Diff: 1, Sum: 1, Workers: 4
[11.667s][debug][gc,phases      ] GC(23)     Total                          Min: 1600, Avg: 1664.5, Max: 1728, Diff: 128, Sum: 6658, Workers: 4
[11.667s][debug][gc,phases      ] GC(23)   JNI Weak                       Min:  0.0, Avg:  0.0, Max:  0.0, Diff:  0.0, Sum:  0.0, Workers: 4
[11.667s][debug][gc,phases      ] GC(23)     Dead                           Min: 0, Avg:  0.0, Max: 0, Diff: 0, Sum: 0, Workers: 4
[11.667s][debug][gc,phases      ] GC(23)     Total                          Min: 0, Avg:  1.5, Max: 6, Diff: 6, Sum: 6, Workers: 4
[11.667s][debug][gc,phases      ] GC(23)   StringDedup Table Weak         Min:  0.0, Avg:  0.0, Max:  0.0, Diff:  0.0, Sum:  0.0, Workers: 4
[11.667s][debug][gc,phases      ] GC(23)     Dead                           Min: 0, Avg:  0.0, Max: 0, Diff: 0, Sum: 0, Workers: 4
[11.667s][debug][gc,phases      ] GC(23)     Total                          Min: 0, Avg:  0.0, Max: 0, Diff: 0, Sum: 0, Workers: 4
[11.667s][debug][gc,phases      ] GC(23)   StringDedup Requests0 Weak     Min:  0.0, Avg:  0.0, Max:  0.0, Diff:  0.0, Sum:  0.0, Workers: 4
[11.667s][debug][gc,phases      ] GC(23)     Dead                           Min: 0, Avg:  0.0, Max: 0, Diff: 0, Sum: 0, Workers: 4
[11.667s][debug][gc,phases      ] GC(23)     Total                          Min: 0, Avg:  0.0, Max: 0, Diff: 0, Sum: 0, Workers: 4
[11.667s][debug][gc,phases      ] GC(23)   StringDedup Requests1 Weak     Min:  0.0, Avg:  0.0, Max:  0.0, Diff:  0.0, Sum:  0.0, Workers: 4
[11.667s][debug][gc,phases      ] GC(23)     Dead                           Min: 0, Avg:  0.0, Max: 0, Diff: 0, Sum: 0, Workers: 4
[11.667s][debug][gc,phases      ] GC(23)     Total                          Min: 0, Avg:  0.0, Max: 0, Diff: 0, Sum: 0, Workers: 4
[11.667s][debug][gc,phases      ] GC(23)   Weak JFR Old Object Samples    Min:  0.0, Avg:  0.0, Max:  0.0, Diff:  0.0, Sum:  0.0, Workers: 4
[11.667s][debug][gc,phases      ] GC(23)     Dead                           Min: 0, Avg:  0.0, Max: 0, Diff: 0, Sum: 0, Workers: 4
[11.667s][debug][gc,phases      ] GC(23)     Total                          Min: 0, Avg:  0.0, Max: 0, Diff: 0, Sum: 0, Workers: 4
[11.667s][debug][gc,phases      ] GC(23) Weak Processing 0.331ms
[11.667s][debug][gc,age         ] GC(23) Desired survivor size 193462272 bytes, new threshold 15 (max threshold 15)
[11.667s][info ][gc,heap        ] GC(23) PSYoungGen: 1739779K(1887232K)->98662K(1905664K) Eden: 1687552K(1687552K)->0K(1719296K) From: 52227K(199680K)->98662K(186368K)
[11.667s][info ][gc,heap        ] GC(23) ParOldGen: 180399K(271360K)->183645K(271360K)
[11.667s][info ][gc,metaspace   ] GC(23) Metaspace: 66213K(66944K)->66213K(66944K) NonClass: 56523K(56896K)->56523K(56896K) Class: 9689K(10048K)->9689K(10048K)
[11.667s][info ][gc             ] GC(23) Pause Young (Allocation Failure) 1875M->275M(2126M) 56.495ms
[11.667s][info ][gc,cpu         ] GC(23) User=0.27s Sys=0.01s Real=0.05s
[11.667s][info ][safepoint      ] Safepoint "ParallelGCFailedAllocation", Time since last: 346237736 ns, Reaching safepoint: 132103 ns, At safepoint: 56607619 ns, Total: 56739722 ns
[12.004s][info ][gc,start       ] GC(24) Pause Young (Allocation Failure)
[12.101s][debug][gc,phases      ] GC(24) Scavenge 97.294ms
[12.101s][debug][gc,ref         ] GC(24) Skipped phase 1 of Reference Processing: no references
[12.101s][debug][gc,ref         ] GC(24) ReferenceProcessor::execute queues: 1, RefProcThreadModel::Single, marks_oops_alive: false
[12.101s][debug][gc,ref         ] GC(24) Skipped phase 3 of Reference Processing: no references
[12.101s][debug][gc,ref         ] GC(24) ReferenceProcessor::execute queues: 1, RefProcThreadModel::Single, marks_oops_alive: false
[12.101s][debug][gc,phases      ] GC(24) Reference Processing 0.171ms
[12.101s][debug][gc,phases      ] GC(24)   VM Weak                        Min:  0.0, Avg:  0.0, Max:  0.0, Diff:  0.0, Sum:  0.0, Workers: 4
[12.101s][debug][gc,phases      ] GC(24)     Dead                           Min: 0, Avg:  0.0, Max: 0, Diff: 0, Sum: 0, Workers: 4
[12.101s][debug][gc,phases      ] GC(24)     Total                          Min: 0, Avg: 142.8, Max: 507, Diff: 507, Sum: 571, Workers: 4
[12.101s][debug][gc,phases      ] GC(24)   ObjectSynchronizer Weak        Min:  0.0, Avg:  0.0, Max:  0.0, Diff:  0.0, Sum:  0.0, Workers: 4
[12.101s][debug][gc,phases      ] GC(24)     Dead                           Min: 0, Avg:  0.0, Max: 0, Diff: 0, Sum: 0, Workers: 4
[12.101s][debug][gc,phases      ] GC(24)     Total                          Min: 64, Avg: 109.0, Max: 128, Diff: 64, Sum: 436, Workers: 4
[12.101s][debug][gc,phases      ] GC(24)   JVMTI Tag Weak OopStorage      Min:  0.0, Avg:  0.0, Max:  0.0, Diff:  0.0, Sum:  0.0, Workers: 4
[12.101s][debug][gc,phases      ] GC(24)     Dead                           Min: 0, Avg:  0.0, Max: 0, Diff: 0, Sum: 0, Workers: 4
[12.101s][debug][gc,phases      ] GC(24)     Total                          Min: 0, Avg:  0.0, Max: 0, Diff: 0, Sum: 0, Workers: 4
[12.101s][debug][gc,phases      ] GC(24)   StringTable Weak               Min:  0.1, Avg:  0.1, Max:  0.1, Diff:  0.0, Sum:  0.5, Workers: 4
[12.101s][debug][gc,phases      ] GC(24)     Dead                           Min: 0, Avg:  2.8, Max: 11, Diff: 11, Sum: 11, Workers: 4
[12.101s][debug][gc,phases      ] GC(24)     Total                          Min: 9792, Avg: 10571.5, Max: 11641, Diff: 1849, Sum: 42286, Workers: 4
[12.101s][debug][gc,phases      ] GC(24)   ResolvedMethodTable Weak       Min:  0.0, Avg:  0.0, Max:  0.0, Diff:  0.0, Sum:  0.1, Workers: 4
[12.101s][debug][gc,phases      ] GC(24)     Dead                           Min: 0, Avg:  0.0, Max: 0, Diff: 0, Sum: 0, Workers: 4
[12.101s][debug][gc,phases      ] GC(24)     Total                          Min: 1536, Avg: 1664.5, Max: 1858, Diff: 322, Sum: 6658, Workers: 4
[12.101s][debug][gc,phases      ] GC(24)   JNI Weak                       Min:  0.0, Avg:  0.0, Max:  0.0, Diff:  0.0, Sum:  0.0, Workers: 4
[12.101s][debug][gc,phases      ] GC(24)     Dead                           Min: 0, Avg:  0.0, Max: 0, Diff: 0, Sum: 0, Workers: 4
[12.101s][debug][gc,phases      ] GC(24)     Total                          Min: 0, Avg:  3.2, Max: 13, Diff: 13, Sum: 13, Workers: 4
[12.101s][debug][gc,phases      ] GC(24)   StringDedup Table Weak         Min:  0.0, Avg:  0.0, Max:  0.0, Diff:  0.0, Sum:  0.0, Workers: 4
[12.101s][debug][gc,phases      ] GC(24)     Dead                           Min: 0, Avg:  0.0, Max: 0, Diff: 0, Sum: 0, Workers: 4
[12.101s][debug][gc,phases      ] GC(24)     Total                          Min: 0, Avg:  0.0, Max: 0, Diff: 0, Sum: 0, Workers: 4
[12.101s][debug][gc,phases      ] GC(24)   StringDedup Requests0 Weak     Min:  0.0, Avg:  0.0, Max:  0.0, Diff:  0.0, Sum:  0.0, Workers: 4
[12.101s][debug][gc,phases      ] GC(24)     Dead                           Min: 0, Avg:  0.0, Max: 0, Diff: 0, Sum: 0, Workers: 4
[12.101s][debug][gc,phases      ] GC(24)     Total                          Min: 0, Avg:  0.0, Max: 0, Diff: 0, Sum: 0, Workers: 4
[12.101s][debug][gc,phases      ] GC(24)   StringDedup Requests1 Weak     Min:  0.0, Avg:  0.0, Max:  0.0, Diff:  0.0, Sum:  0.0, Workers: 4
[12.101s][debug][gc,phases      ] GC(24)     Dead                           Min: 0, Avg:  0.0, Max: 0, Diff: 0, Sum: 0, Workers: 4
[12.101s][debug][gc,phases      ] GC(24)     Total                          Min: 0, Avg:  0.0, Max: 0, Diff: 0, Sum: 0, Workers: 4
[12.101s][debug][gc,phases      ] GC(24)   Weak JFR Old Object Samples    Min:  0.0, Avg:  0.0, Max:  0.0, Diff:  0.0, Sum:  0.0, Workers: 4
[12.101s][debug][gc,phases      ] GC(24)     Dead                           Min: 0, Avg:  0.0, Max: 0, Diff: 0, Sum: 0, Workers: 4
[12.101s][debug][gc,phases      ] GC(24)     Total                          Min: 0, Avg:  0.0, Max: 0, Diff: 0, Sum: 0, Workers: 4
[12.101s][debug][gc,phases      ] GC(24) Weak Processing 0.341ms
[12.101s][debug][gc,age         ] GC(24) Desired survivor size 220725248 bytes, new threshold 15 (max threshold 15)
[12.101s][info ][gc,heap        ] GC(24) PSYoungGen: 1817958K(1905664K)->167894K(1887232K) Eden: 1719296K(1719296K)->0K(1719296K) From: 98662K(186368K)->167894K(167936K)
[12.102s][info ][gc,heap        ] GC(24) ParOldGen: 183645K(271360K)->185949K(271360K)
[12.102s][info ][gc,metaspace   ] GC(24) Metaspace: 66218K(66944K)->66218K(66944K) NonClass: 56528K(56896K)->56528K(56896K) Class: 9689K(10048K)->9689K(10048K)
[12.102s][info ][gc             ] GC(24) Pause Young (Allocation Failure) 1954M->345M(2108M) 97.944ms
[12.102s][info ][gc,cpu         ] GC(24) User=0.43s Sys=0.05s Real=0.10s
[12.102s][info ][safepoint      ] Safepoint "ParallelGCFailedAllocation", Time since last: 336504361 ns, Reaching safepoint: 200304 ns, At safepoint: 98051666 ns, Total: 98251970 ns
[12.511s][info ][gc,start       ] GC(25) Pause Young (Allocation Failure)
[12.639s][debug][gc,phases      ] GC(25) Scavenge 127.756ms
[12.639s][debug][gc,ref         ] GC(25) Skipped phase 1 of Reference Processing: no references
[12.639s][debug][gc,ref         ] GC(25) ReferenceProcessor::execute queues: 1, RefProcThreadModel::Single, marks_oops_alive: false
[12.639s][debug][gc,ref         ] GC(25) Skipped phase 3 of Reference Processing: no references
[12.639s][debug][gc,ref         ] GC(25) ReferenceProcessor::execute queues: 1, RefProcThreadModel::Single, marks_oops_alive: false
[12.639s][debug][gc,phases      ] GC(25) Reference Processing 0.166ms
[12.639s][debug][gc,phases      ] GC(25)   VM Weak                        Min:  0.0, Avg:  0.0, Max:  0.0, Diff:  0.0, Sum:  0.0, Workers: 4
[12.639s][debug][gc,phases      ] GC(25)     Dead                           Min: 0, Avg:  0.0, Max: 0, Diff: 0, Sum: 0, Workers: 4
[12.639s][debug][gc,phases      ] GC(25)     Total                          Min: 0, Avg: 142.8, Max: 571, Diff: 571, Sum: 571, Workers: 4
[12.639s][debug][gc,phases      ] GC(25)   ObjectSynchronizer Weak        Min:  0.0, Avg:  0.0, Max:  0.0, Diff:  0.0, Sum:  0.0, Workers: 4
[12.639s][debug][gc,phases      ] GC(25)     Dead                           Min: 0, Avg:  0.0, Max: 0, Diff: 0, Sum: 0, Workers: 4
[12.639s][debug][gc,phases      ] GC(25)     Total                          Min: 0, Avg: 109.0, Max: 372, Diff: 372, Sum: 436, Workers: 4
[12.639s][debug][gc,phases      ] GC(25)   JVMTI Tag Weak OopStorage      Min:  0.0, Avg:  0.0, Max:  0.0, Diff:  0.0, Sum:  0.0, Workers: 4
[12.639s][debug][gc,phases      ] GC(25)     Dead                           Min: 0, Avg:  0.0, Max: 0, Diff: 0, Sum: 0, Workers: 4
[12.639s][debug][gc,phases      ] GC(25)     Total                          Min: 0, Avg:  0.0, Max: 0, Diff: 0, Sum: 0, Workers: 4
[12.639s][debug][gc,phases      ] GC(25)   StringTable Weak               Min:  0.1, Avg:  0.1, Max:  0.1, Diff:  0.0, Sum:  0.5, Workers: 4
[12.639s][debug][gc,phases      ] GC(25)     Dead                           Min: 0, Avg:  2.8, Max: 11, Diff: 11, Sum: 11, Workers: 4
[12.639s][debug][gc,phases      ] GC(25)     Total                          Min: 9152, Avg: 10571.5, Max: 12857, Diff: 3705, Sum: 42286, Workers: 4
[12.640s][debug][gc,phases      ] GC(25)   ResolvedMethodTable Weak       Min:  0.0, Avg:  0.0, Max:  0.0, Diff:  0.0, Sum:  0.1, Workers: 4
[12.640s][debug][gc,phases      ] GC(25)     Dead                           Min: 0, Avg:  0.0, Max: 0, Diff: 0, Sum: 0, Workers: 4
[12.640s][debug][gc,phases      ] GC(25)     Total                          Min: 1474, Avg: 1664.5, Max: 1920, Diff: 446, Sum: 6658, Workers: 4
[12.640s][debug][gc,phases      ] GC(25)   JNI Weak                       Min:  0.0, Avg:  0.0, Max:  0.0, Diff:  0.0, Sum:  0.0, Workers: 4
[12.640s][debug][gc,phases      ] GC(25)     Dead                           Min: 0, Avg:  0.0, Max: 0, Diff: 0, Sum: 0, Workers: 4
[12.640s][debug][gc,phases      ] GC(25)     Total                          Min: 0, Avg:  3.2, Max: 13, Diff: 13, Sum: 13, Workers: 4
[12.640s][debug][gc,phases      ] GC(25)   StringDedup Table Weak         Min:  0.0, Avg:  0.0, Max:  0.0, Diff:  0.0, Sum:  0.0, Workers: 4
[12.640s][debug][gc,phases      ] GC(25)     Dead                           Min: 0, Avg:  0.0, Max: 0, Diff: 0, Sum: 0, Workers: 4
[12.640s][debug][gc,phases      ] GC(25)     Total                          Min: 0, Avg:  0.0, Max: 0, Diff: 0, Sum: 0, Workers: 4
[12.640s][debug][gc,phases      ] GC(25)   StringDedup Requests0 Weak     Min:  0.0, Avg:  0.0, Max:  0.0, Diff:  0.0, Sum:  0.0, Workers: 4
[12.640s][debug][gc,phases      ] GC(25)     Dead                           Min: 0, Avg:  0.0, Max: 0, Diff: 0, Sum: 0, Workers: 4
[12.640s][debug][gc,phases      ] GC(25)     Total                          Min: 0, Avg:  0.0, Max: 0, Diff: 0, Sum: 0, Workers: 4
[12.640s][debug][gc,phases      ] GC(25)   StringDedup Requests1 Weak     Min:  0.0, Avg:  0.0, Max:  0.0, Diff:  0.0, Sum:  0.0, Workers: 4
[12.640s][debug][gc,phases      ] GC(25)     Dead                           Min: 0, Avg:  0.0, Max: 0, Diff: 0, Sum: 0, Workers: 4
[12.640s][debug][gc,phases      ] GC(25)     Total                          Min: 0, Avg:  0.0, Max: 0, Diff: 0, Sum: 0, Workers: 4
[12.640s][debug][gc,phases      ] GC(25)   Weak JFR Old Object Samples    Min:  0.0, Avg:  0.0, Max:  0.0, Diff:  0.0, Sum:  0.0, Workers: 4
[12.640s][debug][gc,phases      ] GC(25)     Dead                           Min: 0, Avg:  0.0, Max: 0, Diff: 0, Sum: 0, Workers: 4
[12.640s][debug][gc,phases      ] GC(25)     Total                          Min: 0, Avg:  0.0, Max: 0, Diff: 0, Sum: 0, Workers: 4
[12.640s][debug][gc,phases      ] GC(25) Weak Processing 0.334ms
[12.640s][debug][gc,age         ] GC(25) Desired survivor size 269484032 bytes, new threshold 14 (max threshold 15)
[12.640s][info ][gc,heap        ] GC(25) PSYoungGen: 1887190K(1887232K)->209910K(1780736K) Eden: 1719296K(1719296K)->0K(1570816K) From: 167894K(167936K)->209910K(209920K)
[12.640s][info ][gc,heap        ] GC(25) ParOldGen: 185949K(271360K)->214653K(271360K)
[12.640s][info ][gc,metaspace   ] GC(25) Metaspace: 66233K(66944K)->66233K(66944K) NonClass: 56544K(56896K)->56544K(56896K) Class: 9689K(10048K)->9689K(10048K)
[12.640s][info ][gc             ] GC(25) Pause Young (Allocation Failure) 2024M->414M(2004M) 128.394ms
[12.640s][info ][gc,cpu         ] GC(25) User=0.45s Sys=0.08s Real=0.13s
[12.640s][info ][safepoint      ] Safepoint "ParallelGCFailedAllocation", Time since last: 406379620 ns, Reaching safepoint: 3223558 ns, At safepoint: 128498214 ns, Total: 131721772 ns
[12.892s][info ][gc,start       ] GC(26) Pause Young (Allocation Failure)
[13.074s][debug][gc,phases      ] GC(26) Scavenge 182.235ms
[13.075s][debug][gc,ref         ] GC(26) Skipped phase 1 of Reference Processing: no references
[13.075s][debug][gc,ref         ] GC(26) ReferenceProcessor::execute queues: 1, RefProcThreadModel::Single, marks_oops_alive: false
[13.075s][debug][gc,ref         ] GC(26) Skipped phase 3 of Reference Processing: no references
[13.075s][debug][gc,ref         ] GC(26) ReferenceProcessor::execute queues: 1, RefProcThreadModel::Single, marks_oops_alive: false
[13.075s][debug][gc,phases      ] GC(26) Reference Processing 0.134ms
[13.075s][debug][gc,phases      ] GC(26)   VM Weak                        Min:  0.0, Avg:  0.0, Max:  0.0, Diff:  0.0, Sum:  0.0, Workers: 4
[13.075s][debug][gc,phases      ] GC(26)     Dead                           Min: 0, Avg:  0.0, Max: 0, Diff: 0, Sum: 0, Workers: 4
[13.075s][debug][gc,phases      ] GC(26)     Total                          Min: 0, Avg: 142.8, Max: 512, Diff: 512, Sum: 571, Workers: 4
[13.075s][debug][gc,phases      ] GC(26)   ObjectSynchronizer Weak        Min:  0.0, Avg:  0.0, Max:  0.0, Diff:  0.0, Sum:  0.0, Workers: 4
[13.075s][debug][gc,phases      ] GC(26)     Dead                           Min: 0, Avg:  0.0, Max: 0, Diff: 0, Sum: 0, Workers: 4
[13.075s][debug][gc,phases      ] GC(26)     Total                          Min: 0, Avg: 109.0, Max: 256, Diff: 256, Sum: 436, Workers: 4
[13.075s][debug][gc,phases      ] GC(26)   JVMTI Tag Weak OopStorage      Min:  0.0, Avg:  0.0, Max:  0.0, Diff:  0.0, Sum:  0.0, Workers: 4
[13.075s][debug][gc,phases      ] GC(26)     Dead                           Min: 0, Avg:  0.0, Max: 0, Diff: 0, Sum: 0, Workers: 4
[13.075s][debug][gc,phases      ] GC(26)     Total                          Min: 0, Avg:  0.0, Max: 0, Diff: 0, Sum: 0, Workers: 4
[13.075s][debug][gc,phases      ] GC(26)   StringTable Weak               Min:  0.1, Avg:  0.1, Max:  0.1, Diff:  0.0, Sum:  0.5, Workers: 4
[13.075s][debug][gc,phases      ] GC(26)     Dead                           Min: 0, Avg:  0.0, Max: 0, Diff: 0, Sum: 0, Workers: 4
[13.075s][debug][gc,phases      ] GC(26)     Total                          Min: 9077, Avg: 10573.2, Max: 11328, Diff: 2251, Sum: 42293, Workers: 4
[13.075s][debug][gc,phases      ] GC(26)   ResolvedMethodTable Weak       Min:  0.0, Avg:  0.0, Max:  0.0, Diff:  0.0, Sum:  0.1, Workers: 4
[13.075s][debug][gc,phases      ] GC(26)     Dead                           Min: 0, Avg:  0.0, Max: 0, Diff: 0, Sum: 0, Workers: 4
[13.075s][debug][gc,phases      ] GC(26)     Total                          Min: 1408, Avg: 1664.5, Max: 1922, Diff: 514, Sum: 6658, Workers: 4
[13.075s][debug][gc,phases      ] GC(26)   JNI Weak                       Min:  0.0, Avg:  0.0, Max:  0.0, Diff:  0.0, Sum:  0.0, Workers: 4
[13.075s][debug][gc,phases      ] GC(26)     Dead                           Min: 0, Avg:  0.0, Max: 0, Diff: 0, Sum: 0, Workers: 4
[13.075s][debug][gc,phases      ] GC(26)     Total                          Min: 0, Avg:  5.2, Max: 21, Diff: 21, Sum: 21, Workers: 4
[13.075s][debug][gc,phases      ] GC(26)   StringDedup Table Weak         Min:  0.0, Avg:  0.0, Max:  0.0, Diff:  0.0, Sum:  0.0, Workers: 4
[13.075s][debug][gc,phases      ] GC(26)     Dead                           Min: 0, Avg:  0.0, Max: 0, Diff: 0, Sum: 0, Workers: 4
[13.075s][debug][gc,phases      ] GC(26)     Total                          Min: 0, Avg:  0.0, Max: 0, Diff: 0, Sum: 0, Workers: 4
[13.075s][debug][gc,phases      ] GC(26)   StringDedup Requests0 Weak     Min:  0.0, Avg:  0.0, Max:  0.0, Diff:  0.0, Sum:  0.0, Workers: 4
[13.075s][debug][gc,phases      ] GC(26)     Dead                           Min: 0, Avg:  0.0, Max: 0, Diff: 0, Sum: 0, Workers: 4
[13.075s][debug][gc,phases      ] GC(26)     Total                          Min: 0, Avg:  0.0, Max: 0, Diff: 0, Sum: 0, Workers: 4
[13.075s][debug][gc,phases      ] GC(26)   StringDedup Requests1 Weak     Min:  0.0, Avg:  0.0, Max:  0.0, Diff:  0.0, Sum:  0.0, Workers: 4
[13.075s][debug][gc,phases      ] GC(26)     Dead                           Min: 0, Avg:  0.0, Max: 0, Diff: 0, Sum: 0, Workers: 4
[13.075s][debug][gc,phases      ] GC(26)     Total                          Min: 0, Avg:  0.0, Max: 0, Diff: 0, Sum: 0, Workers: 4
[13.075s][debug][gc,phases      ] GC(26)   Weak JFR Old Object Samples    Min:  0.0, Avg:  0.0, Max:  0.0, Diff:  0.0, Sum:  0.0, Workers: 4
[13.075s][debug][gc,phases      ] GC(26)     Dead                           Min: 0, Avg:  0.0, Max: 0, Diff: 0, Sum: 0, Workers: 4
[13.075s][debug][gc,phases      ] GC(26)     Total                          Min: 0, Avg:  0.0, Max: 0, Diff: 0, Sum: 0, Workers: 4
[13.075s][debug][gc,phases      ] GC(26) Weak Processing 0.358ms
[13.075s][debug][gc,age         ] GC(26) Desired survivor size 336592896 bytes, new threshold 13 (max threshold 15)
[13.075s][info ][gc,heap        ] GC(26) PSYoungGen: 1780726K(1780736K)->263142K(1833984K) Eden: 1570816K(1570816K)->0K(1570816K) From: 209910K(209920K)->263142K(263168K)
[13.075s][info ][gc,heap        ] GC(26) ParOldGen: 214653K(271360K)->264817K(271360K)
[13.075s][info ][gc,metaspace   ] GC(26) Metaspace: 66276K(67072K)->66276K(67072K) NonClass: 56587K(57024K)->56587K(57024K) Class: 9689K(10048K)->9689K(10048K)
[13.075s][info ][gc             ] GC(26) Pause Young (Allocation Failure) 1948M->515M(2056M) 182.866ms
[13.075s][info ][gc,cpu         ] GC(26) User=0.70s Sys=0.04s Real=0.19s
[13.075s][debug][gc,phases      ] GC(27) Pre Compact 0.010ms
[13.075s][info ][gc,start       ] GC(27) Pause Full (Ergonomics)
[13.075s][info ][gc,phases,start] GC(27) Marking Phase
[13.267s][debug][gc,phases      ] GC(27) Par Mark 191.971ms
[13.267s][debug][gc,ref         ] GC(27) Skipped phase 1 of Reference Processing: no references
[13.267s][debug][gc,ref         ] GC(27) ReferenceProcessor::execute queues: 4, RefProcThreadModel::Multi, marks_oops_alive: false
[13.268s][debug][gc,ref         ] GC(27) Skipped phase 3 of Reference Processing: no references
[13.268s][debug][gc,ref         ] GC(27) ReferenceProcessor::execute queues: 1, RefProcThreadModel::Single, marks_oops_alive: false
[13.268s][debug][gc,phases      ] GC(27) Reference Processing 0.384ms
[13.268s][debug][gc,phases      ] GC(27)   VM Weak                        Min:  0.0, Avg:  0.0, Max:  0.0, Diff:  0.0, Sum:  0.0, Workers: 4
[13.268s][debug][gc,phases      ] GC(27)     Dead                           Min: 0, Avg:  0.0, Max: 0, Diff: 0, Sum: 0, Workers: 4
[13.268s][debug][gc,phases      ] GC(27)     Total                          Min: 0, Avg: 142.8, Max: 320, Diff: 320, Sum: 571, Workers: 4
[13.268s][debug][gc,phases      ] GC(27)   ObjectSynchronizer Weak        Min:  0.0, Avg:  0.0, Max:  0.0, Diff:  0.0, Sum:  0.0, Workers: 4
[13.268s][debug][gc,phases      ] GC(27)     Dead                           Min: 0, Avg:  0.0, Max: 0, Diff: 0, Sum: 0, Workers: 4
[13.268s][debug][gc,phases      ] GC(27)     Total                          Min: 0, Avg: 109.0, Max: 180, Diff: 180, Sum: 436, Workers: 4
[13.268s][debug][gc,phases      ] GC(27)   JVMTI Tag Weak OopStorage      Min:  0.0, Avg:  0.0, Max:  0.0, Diff:  0.0, Sum:  0.0, Workers: 4
[13.268s][debug][gc,phases      ] GC(27)     Dead                           Min: 0, Avg:  0.0, Max: 0, Diff: 0, Sum: 0, Workers: 4
[13.268s][debug][gc,phases      ] GC(27)     Total                          Min: 0, Avg:  0.0, Max: 0, Diff: 0, Sum: 0, Workers: 4
[13.268s][debug][gc,phases      ] GC(27)   StringTable Weak               Min:  0.1, Avg:  0.1, Max:  0.1, Diff:  0.0, Sum:  0.6, Workers: 4
[13.268s][debug][gc,phases      ] GC(27)     Dead                           Min: 0, Avg:  0.0, Max: 0, Diff: 0, Sum: 0, Workers: 4
[13.268s][debug][gc,phases      ] GC(27)     Total                          Min: 9717, Avg: 10573.2, Max: 12160, Diff: 2443, Sum: 42293, Workers: 4
[13.268s][debug][gc,phases      ] GC(27)   ResolvedMethodTable Weak       Min:  0.0, Avg:  0.0, Max:  0.0, Diff:  0.0, Sum:  0.1, Workers: 4
[13.268s][debug][gc,phases      ] GC(27)     Dead                           Min: 0, Avg:  0.2, Max: 1, Diff: 1, Sum: 1, Workers: 4
[13.268s][debug][gc,phases      ] GC(27)     Total                          Min: 1344, Avg: 1664.5, Max: 1984, Diff: 640, Sum: 6658, Workers: 4
[13.268s][debug][gc,phases      ] GC(27)   JNI Weak                       Min:  0.0, Avg:  0.0, Max:  0.0, Diff:  0.0, Sum:  0.0, Workers: 4
[13.268s][debug][gc,phases      ] GC(27)     Dead                           Min: 0, Avg:  0.0, Max: 0, Diff: 0, Sum: 0, Workers: 4
[13.268s][debug][gc,phases      ] GC(27)     Total                          Min: 0, Avg:  5.2, Max: 21, Diff: 21, Sum: 21, Workers: 4
[13.268s][debug][gc,phases      ] GC(27)   StringDedup Table Weak         Min:  0.0, Avg:  0.0, Max:  0.0, Diff:  0.0, Sum:  0.0, Workers: 4
[13.268s][debug][gc,phases      ] GC(27)     Dead                           Min: 0, Avg:  0.0, Max: 0, Diff: 0, Sum: 0, Workers: 4
[13.268s][debug][gc,phases      ] GC(27)     Total                          Min: 0, Avg:  0.0, Max: 0, Diff: 0, Sum: 0, Workers: 4
[13.268s][debug][gc,phases      ] GC(27)   StringDedup Requests0 Weak     Min:  0.0, Avg:  0.0, Max:  0.0, Diff:  0.0, Sum:  0.0, Workers: 4
[13.268s][debug][gc,phases      ] GC(27)     Dead                           Min: 0, Avg:  0.0, Max: 0, Diff: 0, Sum: 0, Workers: 4
[13.268s][debug][gc,phases      ] GC(27)     Total                          Min: 0, Avg:  0.0, Max: 0, Diff: 0, Sum: 0, Workers: 4
[13.268s][debug][gc,phases      ] GC(27)   StringDedup Requests1 Weak     Min:  0.0, Avg:  0.0, Max:  0.0, Diff:  0.0, Sum:  0.0, Workers: 4
[13.268s][debug][gc,phases      ] GC(27)     Dead                           Min: 0, Avg:  0.0, Max: 0, Diff: 0, Sum: 0, Workers: 4
[13.268s][debug][gc,phases      ] GC(27)     Total                          Min: 0, Avg:  0.0, Max: 0, Diff: 0, Sum: 0, Workers: 4
[13.268s][debug][gc,phases      ] GC(27)   Weak JFR Old Object Samples    Min:  0.0, Avg:  0.0, Max:  0.0, Diff:  0.0, Sum:  0.0, Workers: 4
[13.268s][debug][gc,phases      ] GC(27)     Dead                           Min: 0, Avg:  0.0, Max: 0, Diff: 0, Sum: 0, Workers: 4
[13.268s][debug][gc,phases      ] GC(27)     Total                          Min: 0, Avg:  0.0, Max: 0, Diff: 0, Sum: 0, Workers: 4
[13.268s][debug][gc,phases      ] GC(27) Weak Processing 0.338ms
[13.268s][debug][gc,phases      ] GC(27) ClassLoaderData 0.083ms
[13.268s][debug][gc,phases      ] GC(27) Trigger cleanups 0.000ms
[13.276s][debug][gc,phases      ] GC(27) Class Unloading 7.660ms
[13.276s][info ][gc,phases      ] GC(27) Marking Phase 200.514ms
[13.276s][info ][gc,phases,start] GC(27) Summary Phase
[13.276s][info ][gc,phases      ] GC(27) Summary Phase 0.013ms
[13.276s][info ][gc,phases,start] GC(27) Adjust Roots
[13.285s][info ][gc,phases      ] GC(27) Adjust Roots 9.161ms
[13.285s][info ][gc,phases,start] GC(27) Compaction Phase
[13.868s][info ][gc,phases      ] GC(27) Compaction Phase 583.254ms
[13.868s][info ][gc,phases,start] GC(27) Post Compact
[13.870s][info ][gc,phases      ] GC(27) Post Compact 1.597ms
[13.870s][info ][gc,heap        ] GC(27) PSYoungGen: 263142K(1833984K)->254959K(1825792K) Eden: 0K(1570816K)->0K(1570816K) From: 263142K(263168K)->254959K(254976K)
[13.870s][info ][gc,heap        ] GC(27) ParOldGen: 264817K(271360K)->271089K(351744K)
[13.870s][info ][gc,metaspace   ] GC(27) Metaspace: 66276K(67072K)->66276K(67072K) NonClass: 56587K(57024K)->56587K(57024K) Class: 9689K(10048K)->9689K(10048K)
[13.870s][info ][gc             ] GC(27) Pause Full (Ergonomics) 515M->513M(2126M) 794.820ms
[13.870s][info ][gc,cpu         ] GC(27) User=3.11s Sys=0.00s Real=0.79s
[13.870s][info ][safepoint      ] Safepoint "ParallelGCFailedAllocation", Time since last: 252305744 ns, Reaching safepoint: 154003 ns, At safepoint: 977870012 ns, Total: 978024015 ns
[14.046s][info ][safepoint      ] Safepoint "ICBufferFull", Time since last: 175634864 ns, Reaching safepoint: 178103 ns, At safepoint: 27900 ns, Total: 206003 ns
[14.111s][info ][safepoint      ] Safepoint "ICBufferFull", Time since last: 65376578 ns, Reaching safepoint: 153603 ns, At safepoint: 30600 ns, Total: 184203 ns
[14.128s][info ][safepoint      ] Safepoint "ICBufferFull", Time since last: 16734001 ns, Reaching safepoint: 124003 ns, At safepoint: 36600 ns, Total: 160603 ns
[14.153s][info ][safepoint      ] Safepoint "ICBufferFull", Time since last: 24266637 ns, Reaching safepoint: 144803 ns, At safepoint: 34301 ns, Total: 179104 ns
[14.174s][info ][safepoint      ] Safepoint "ICBufferFull", Time since last: 20987978 ns, Reaching safepoint: 139802 ns, At safepoint: 27701 ns, Total: 167503 ns
[14.202s][info ][safepoint      ] Safepoint "ICBufferFull", Time since last: 27928003 ns, Reaching safepoint: 121402 ns, At safepoint: 25800 ns, Total: 147202 ns
[14.235s][info ][safepoint      ] Safepoint "ICBufferFull", Time since last: 10729293 ns, Reaching safepoint: 22606108 ns, At safepoint: 31600 ns, Total: 22637708 ns
[14.244s][info ][safepoint      ] Safepoint "ICBufferFull", Time since last: 8311750 ns, Reaching safepoint: 128602 ns, At safepoint: 31201 ns, Total: 159803 ns
[14.258s][info ][safepoint      ] Safepoint "ICBufferFull", Time since last: 13093336 ns, Reaching safepoint: 1046118 ns, At safepoint: 28401 ns, Total: 1074519 ns
[14.267s][info ][safepoint      ] Safepoint "ICBufferFull", Time since last: 8879060 ns, Reaching safepoint: 99102 ns, At safepoint: 31700 ns, Total: 130802 ns
[14.283s][info ][gc,start       ] GC(28) Pause Young (Allocation Failure)
[14.411s][debug][gc,phases      ] GC(28) Scavenge 128.324ms
[14.411s][debug][gc,ref         ] GC(28) Skipped phase 1 of Reference Processing: no references
[14.412s][debug][gc,ref         ] GC(28) ReferenceProcessor::execute queues: 2, RefProcThreadModel::Multi, marks_oops_alive: false
[14.412s][debug][gc,ref         ] GC(28) Skipped phase 3 of Reference Processing: no references
[14.412s][debug][gc,ref         ] GC(28) ReferenceProcessor::execute queues: 1, RefProcThreadModel::Single, marks_oops_alive: false
[14.412s][debug][gc,phases      ] GC(28) Reference Processing 0.177ms
[14.412s][debug][gc,phases      ] GC(28)   VM Weak                        Min:  0.0, Avg:  0.0, Max:  0.0, Diff:  0.0, Sum:  0.0, Workers: 4
[14.412s][debug][gc,phases      ] GC(28)     Dead                           Min: 0, Avg:  0.0, Max: 0, Diff: 0, Sum: 0, Workers: 4
[14.412s][debug][gc,phases      ] GC(28)     Total                          Min: 0, Avg: 145.2, Max: 261, Diff: 261, Sum: 581, Workers: 4
[14.412s][debug][gc,phases      ] GC(28)   ObjectSynchronizer Weak        Min:  0.0, Avg:  0.0, Max:  0.0, Diff:  0.0, Sum:  0.0, Workers: 4
[14.412s][debug][gc,phases      ] GC(28)     Dead                           Min: 0, Avg:  0.0, Max: 0, Diff: 0, Sum: 0, Workers: 4
[14.412s][debug][gc,phases      ] GC(28)     Total                          Min: 0, Avg: 109.0, Max: 192, Diff: 192, Sum: 436, Workers: 4
[14.412s][debug][gc,phases      ] GC(28)   JVMTI Tag Weak OopStorage      Min:  0.0, Avg:  0.0, Max:  0.0, Diff:  0.0, Sum:  0.0, Workers: 4
[14.412s][debug][gc,phases      ] GC(28)     Dead                           Min: 0, Avg:  0.0, Max: 0, Diff: 0, Sum: 0, Workers: 4
[14.412s][debug][gc,phases      ] GC(28)     Total                          Min: 0, Avg:  0.0, Max: 0, Diff: 0, Sum: 0, Workers: 4
[14.412s][debug][gc,phases      ] GC(28)   StringTable Weak               Min:  0.1, Avg:  0.1, Max:  0.1, Diff:  0.0, Sum:  0.4, Workers: 4
[14.412s][debug][gc,phases      ] GC(28)     Dead                           Min: 0, Avg:  4.0, Max: 11, Diff: 11, Sum: 16, Workers: 4
[14.412s][debug][gc,phases      ] GC(28)     Total                          Min: 10048, Avg: 10623.5, Max: 11008, Diff: 960, Sum: 42494, Workers: 4
[14.412s][debug][gc,phases      ] GC(28)   ResolvedMethodTable Weak       Min:  0.0, Avg:  0.0, Max:  0.0, Diff:  0.0, Sum:  0.1, Workers: 4
[14.412s][debug][gc,phases      ] GC(28)     Dead                           Min: 0, Avg:  9.0, Max: 24, Diff: 24, Sum: 36, Workers: 4
[14.412s][debug][gc,phases      ] GC(28)     Total                          Min: 1471, Avg: 1706.8, Max: 1919, Diff: 448, Sum: 6827, Workers: 4
[14.412s][debug][gc,phases      ] GC(28)   JNI Weak                       Min:  0.0, Avg:  0.0, Max:  0.0, Diff:  0.0, Sum:  0.0, Workers: 4
[14.412s][debug][gc,phases      ] GC(28)     Dead                           Min: 0, Avg:  0.0, Max: 0, Diff: 0, Sum: 0, Workers: 4
[14.412s][debug][gc,phases      ] GC(28)     Total                          Min: 0, Avg:  0.5, Max: 2, Diff: 2, Sum: 2, Workers: 4
[14.412s][debug][gc,phases      ] GC(28)   StringDedup Table Weak         Min:  0.0, Avg:  0.0, Max:  0.0, Diff:  0.0, Sum:  0.0, Workers: 4
[14.412s][debug][gc,phases      ] GC(28)     Dead                           Min: 0, Avg:  0.0, Max: 0, Diff: 0, Sum: 0, Workers: 4
[14.412s][debug][gc,phases      ] GC(28)     Total                          Min: 0, Avg:  0.0, Max: 0, Diff: 0, Sum: 0, Workers: 4
[14.412s][debug][gc,phases      ] GC(28)   StringDedup Requests0 Weak     Min:  0.0, Avg:  0.0, Max:  0.0, Diff:  0.0, Sum:  0.0, Workers: 4
[14.412s][debug][gc,phases      ] GC(28)     Dead                           Min: 0, Avg:  0.0, Max: 0, Diff: 0, Sum: 0, Workers: 4
[14.412s][debug][gc,phases      ] GC(28)     Total                          Min: 0, Avg:  0.0, Max: 0, Diff: 0, Sum: 0, Workers: 4
[14.412s][debug][gc,phases      ] GC(28)   StringDedup Requests1 Weak     Min:  0.0, Avg:  0.0, Max:  0.0, Diff:  0.0, Sum:  0.0, Workers: 4
[14.412s][debug][gc,phases      ] GC(28)     Dead                           Min: 0, Avg:  0.0, Max: 0, Diff: 0, Sum: 0, Workers: 4
[14.412s][debug][gc,phases      ] GC(28)     Total                          Min: 0, Avg:  0.0, Max: 0, Diff: 0, Sum: 0, Workers: 4
[14.412s][debug][gc,phases      ] GC(28)   Weak JFR Old Object Samples    Min:  0.0, Avg:  0.0, Max:  0.0, Diff:  0.0, Sum:  0.0, Workers: 4
[14.412s][debug][gc,phases      ] GC(28)     Dead                           Min: 0, Avg:  0.0, Max: 0, Diff: 0, Sum: 0, Workers: 4
[14.412s][debug][gc,phases      ] GC(28)     Total                          Min: 0, Avg:  0.0, Max: 0, Diff: 0, Sum: 0, Workers: 4
[14.412s][debug][gc,phases      ] GC(28) Weak Processing 0.309ms
[14.412s][debug][gc,age         ] GC(28) Desired survivor size 369098752 bytes, new threshold 14 (max threshold 15)
[14.412s][info ][gc,heap        ] GC(28) PSYoungGen: 1825775K(1825792K)->255134K(1647616K) Eden: 1570816K(1570816K)->0K(1376256K) From: 254959K(254976K)->255134K(271360K)
[14.412s][info ][gc,heap        ] GC(28) ParOldGen: 271089K(351744K)->274105K(351744K)
[14.412s][info ][gc,metaspace   ] GC(28) Metaspace: 67114K(67904K)->67114K(67904K) NonClass: 57297K(57728K)->57297K(57728K) Class: 9816K(10176K)->9816K(10176K)
[14.412s][info ][gc             ] GC(28) Pause Young (Allocation Failure) 2047M->516M(1952M) 128.937ms
[14.412s][info ][gc,cpu         ] GC(28) User=0.51s Sys=0.00s Real=0.13s
[14.412s][info ][safepoint      ] Safepoint "ParallelGCFailedAllocation", Time since last: 15898386 ns, Reaching safepoint: 98402 ns, At safepoint: 129047624 ns, Total: 129146026 ns
[14.421s][info ][safepoint      ] Safepoint "ICBufferFull", Time since last: 9063564 ns, Reaching safepoint: 100001 ns, At safepoint: 28901 ns, Total: 128902 ns
[14.442s][info ][safepoint      ] Safepoint "ICBufferFull", Time since last: 20437068 ns, Reaching safepoint: 115302 ns, At safepoint: 34301 ns, Total: 149603 ns
[14.524s][info ][safepoint      ] Safepoint "ICBufferFull", Time since last: 81950276 ns, Reaching safepoint: 174303 ns, At safepoint: 31900 ns, Total: 206203 ns
[14.547s][info ][safepoint      ] Safepoint "ICBufferFull", Time since last: 22958914 ns, Reaching safepoint: 133402 ns, At safepoint: 30801 ns, Total: 164203 ns
[14.566s][info ][safepoint      ] Safepoint "ICBufferFull", Time since last: 18417931 ns, Reaching safepoint: 113502 ns, At safepoint: 38601 ns, Total: 152103 ns
[14.574s][info ][safepoint      ] Safepoint "ICBufferFull", Time since last: 7661338 ns, Reaching safepoint: 121802 ns, At safepoint: 27801 ns, Total: 149603 ns
[14.598s][info ][safepoint      ] Safepoint "ICBufferFull", Time since last: 24670344 ns, Reaching safepoint: 119902 ns, At safepoint: 47901 ns, Total: 167803 ns
[14.616s][info ][safepoint      ] Safepoint "ICBufferFull", Time since last: 17048107 ns, Reaching safepoint: 116202 ns, At safepoint: 43501 ns, Total: 159703 ns
[14.622s][info ][safepoint      ] Safepoint "ICBufferFull", Time since last: 6343814 ns, Reaching safepoint: 83102 ns, At safepoint: 26600 ns, Total: 109702 ns
[14.636s][info ][safepoint      ] Safepoint "ICBufferFull", Time since last: 11671210 ns, Reaching safepoint: 2117539 ns, At safepoint: 29900 ns, Total: 2147439 ns
[14.650s][info ][safepoint      ] Safepoint "ICBufferFull", Time since last: 14118554 ns, Reaching safepoint: 113002 ns, At safepoint: 47501 ns, Total: 160503 ns
[14.669s][info ][safepoint      ] Safepoint "ICBufferFull", Time since last: 18606835 ns, Reaching safepoint: 108802 ns, At safepoint: 30601 ns, Total: 139403 ns
[14.674s][info ][safepoint      ] Safepoint "ICBufferFull", Time since last: 5035491 ns, Reaching safepoint: 100601 ns, At safepoint: 31001 ns, Total: 131602 ns
[14.678s][info ][gc,start       ] GC(29) Pause Young (Allocation Failure)
[14.793s][debug][gc,phases      ] GC(29) Scavenge 114.560ms
[14.793s][debug][gc,ref         ] GC(29) Skipped phase 1 of Reference Processing: no references
[14.793s][debug][gc,ref         ] GC(29) ReferenceProcessor::execute queues: 2, RefProcThreadModel::Multi, marks_oops_alive: false
[14.793s][debug][gc,ref         ] GC(29) Skipped phase 3 of Reference Processing: no references
[14.793s][debug][gc,ref         ] GC(29) ReferenceProcessor::execute queues: 1, RefProcThreadModel::Single, marks_oops_alive: false
[14.793s][debug][gc,phases      ] GC(29) Reference Processing 0.191ms
[14.793s][debug][gc,phases      ] GC(29)   VM Weak                        Min:  0.0, Avg:  0.0, Max:  0.0, Diff:  0.0, Sum:  0.0, Workers: 4
[14.793s][debug][gc,phases      ] GC(29)     Dead                           Min: 0, Avg:  0.0, Max: 0, Diff: 0, Sum: 0, Workers: 4
[14.793s][debug][gc,phases      ] GC(29)     Total                          Min: 0, Avg: 145.5, Max: 512, Diff: 512, Sum: 582, Workers: 4
[14.793s][debug][gc,phases      ] GC(29)   ObjectSynchronizer Weak        Min:  0.0, Avg:  0.0, Max:  0.0, Diff:  0.0, Sum:  0.0, Workers: 4
[14.793s][debug][gc,phases      ] GC(29)     Dead                           Min: 0, Avg:  0.0, Max: 0, Diff: 0, Sum: 0, Workers: 4
[14.793s][debug][gc,phases      ] GC(29)     Total                          Min: 0, Avg: 109.0, Max: 244, Diff: 244, Sum: 436, Workers: 4
[14.793s][debug][gc,phases      ] GC(29)   JVMTI Tag Weak OopStorage      Min:  0.0, Avg:  0.0, Max:  0.0, Diff:  0.0, Sum:  0.0, Workers: 4
[14.793s][debug][gc,phases      ] GC(29)     Dead                           Min: 0, Avg:  0.0, Max: 0, Diff: 0, Sum: 0, Workers: 4
[14.793s][debug][gc,phases      ] GC(29)     Total                          Min: 0, Avg:  0.0, Max: 0, Diff: 0, Sum: 0, Workers: 4
[14.793s][debug][gc,phases      ] GC(29)   StringTable Weak               Min:  0.1, Avg:  0.1, Max:  0.1, Diff:  0.0, Sum:  0.4, Workers: 4
[14.793s][debug][gc,phases      ] GC(29)     Dead                           Min: 0, Avg:  3.0, Max: 9, Diff: 9, Sum: 12, Workers: 4
[14.793s][debug][gc,phases      ] GC(29)     Total                          Min: 10048, Avg: 10647.8, Max: 11008, Diff: 960, Sum: 42591, Workers: 4
[14.793s][debug][gc,phases      ] GC(29)   ResolvedMethodTable Weak       Min:  0.0, Avg:  0.0, Max:  0.0, Diff:  0.0, Sum:  0.1, Workers: 4
[14.793s][debug][gc,phases      ] GC(29)     Dead                           Min: 0, Avg:  0.0, Max: 0, Diff: 0, Sum: 0, Workers: 4
[14.793s][debug][gc,phases      ] GC(29)     Total                          Min: 1472, Avg: 1739.2, Max: 2047, Diff: 575, Sum: 6957, Workers: 4
[14.793s][debug][gc,phases      ] GC(29)   JNI Weak                       Min:  0.0, Avg:  0.0, Max:  0.0, Diff:  0.0, Sum:  0.0, Workers: 4
[14.793s][debug][gc,phases      ] GC(29)     Dead                           Min: 0, Avg:  0.0, Max: 0, Diff: 0, Sum: 0, Workers: 4
[14.793s][debug][gc,phases      ] GC(29)     Total                          Min: 0, Avg:  1.5, Max: 6, Diff: 6, Sum: 6, Workers: 4
[14.793s][debug][gc,phases      ] GC(29)   StringDedup Table Weak         Min:  0.0, Avg:  0.0, Max:  0.0, Diff:  0.0, Sum:  0.0, Workers: 4
[14.793s][debug][gc,phases      ] GC(29)     Dead                           Min: 0, Avg:  0.0, Max: 0, Diff: 0, Sum: 0, Workers: 4
[14.793s][debug][gc,phases      ] GC(29)     Total                          Min: 0, Avg:  0.0, Max: 0, Diff: 0, Sum: 0, Workers: 4
[14.793s][debug][gc,phases      ] GC(29)   StringDedup Requests0 Weak     Min:  0.0, Avg:  0.0, Max:  0.0, Diff:  0.0, Sum:  0.0, Workers: 4
[14.793s][debug][gc,phases      ] GC(29)     Dead                           Min: 0, Avg:  0.0, Max: 0, Diff: 0, Sum: 0, Workers: 4
[14.793s][debug][gc,phases      ] GC(29)     Total                          Min: 0, Avg:  0.0, Max: 0, Diff: 0, Sum: 0, Workers: 4
[14.793s][debug][gc,phases      ] GC(29)   StringDedup Requests1 Weak     Min:  0.0, Avg:  0.0, Max:  0.0, Diff:  0.0, Sum:  0.0, Workers: 4
[14.793s][debug][gc,phases      ] GC(29)     Dead                           Min: 0, Avg:  0.0, Max: 0, Diff: 0, Sum: 0, Workers: 4
[14.793s][debug][gc,phases      ] GC(29)     Total                          Min: 0, Avg:  0.0, Max: 0, Diff: 0, Sum: 0, Workers: 4
[14.793s][debug][gc,phases      ] GC(29)   Weak JFR Old Object Samples    Min:  0.0, Avg:  0.0, Max:  0.0, Diff:  0.0, Sum:  0.0, Workers: 4
[14.793s][debug][gc,phases      ] GC(29)     Dead                           Min: 0, Avg:  0.0, Max: 0, Diff: 0, Sum: 0, Workers: 4
[14.793s][debug][gc,phases      ] GC(29)     Total                          Min: 0, Avg:  0.0, Max: 0, Diff: 0, Sum: 0, Workers: 4
[14.793s][debug][gc,phases      ] GC(29) Weak Processing 0.283ms
[14.794s][debug][gc,age         ] GC(29) Desired survivor size 394264576 bytes, new threshold 15 (max threshold 15)
[14.794s][info ][gc,heap        ] GC(29) PSYoungGen: 1631390K(1647616K)->255070K(1631744K) Eden: 1376256K(1376256K)->0K(1376256K) From: 255134K(271360K)->255070K(255488K)
[14.794s][info ][gc,heap        ] GC(29) ParOldGen: 274105K(351744K)->274113K(351744K)
[14.794s][info ][gc,metaspace   ] GC(29) Metaspace: 67408K(68160K)->67408K(68160K) NonClass: 57535K(57920K)->57535K(57920K) Class: 9872K(10240K)->9872K(10240K)
[14.794s][info ][gc             ] GC(29) Pause Young (Allocation Failure) 1860M->516M(1937M) 115.158ms
[14.794s][info ][gc,cpu         ] GC(29) User=0.46s Sys=0.00s Real=0.11s
[14.794s][info ][safepoint      ] Safepoint "ParallelGCFailedAllocation", Time since last: 4263677 ns, Reaching safepoint: 77901 ns, At safepoint: 115262376 ns, Total: 115340277 ns
[14.809s][info ][safepoint      ] Safepoint "ICBufferFull", Time since last: 15255675 ns, Reaching safepoint: 116502 ns, At safepoint: 27800 ns, Total: 144302 ns
[14.825s][info ][safepoint      ] Safepoint "ICBufferFull", Time since last: 15445079 ns, Reaching safepoint: 116302 ns, At safepoint: 25400 ns, Total: 141702 ns
[14.908s][info ][safepoint      ] Safepoint "ICBufferFull", Time since last: 82915693 ns, Reaching safepoint: 150403 ns, At safepoint: 27601 ns, Total: 178004 ns
[14.922s][info ][safepoint      ] Safepoint "ICBufferFull", Time since last: 14362358 ns, Reaching safepoint: 123802 ns, At safepoint: 30601 ns, Total: 154403 ns
[14.937s][info ][safepoint      ] Safepoint "ICBufferFull", Time since last: 14276957 ns, Reaching safepoint: 216704 ns, At safepoint: 32601 ns, Total: 249305 ns
[14.953s][info ][safepoint      ] Safepoint "ICBufferFull", Time since last: 15963687 ns, Reaching safepoint: 130403 ns, At safepoint: 24100 ns, Total: 154503 ns
[14.963s][info ][safepoint      ] Safepoint "ICBufferFull", Time since last: 9689974 ns, Reaching safepoint: 123203 ns, At safepoint: 29600 ns, Total: 152803 ns
[14.970s][info ][safepoint      ] Safepoint "ICBufferFull", Time since last: 7632538 ns, Reaching safepoint: 123102 ns, At safepoint: 23200 ns, Total: 146302 ns
[14.989s][info ][safepoint      ] Safepoint "ICBufferFull", Time since last: 17792521 ns, Reaching safepoint: 944517 ns, At safepoint: 31300 ns, Total: 975817 ns
[15.016s][info ][safepoint      ] Safepoint "ICBufferFull", Time since last: 27067988 ns, Reaching safepoint: 127202 ns, At safepoint: 21500 ns, Total: 148702 ns
[15.028s][info ][safepoint      ] Safepoint "ICBufferFull", Time since last: 11239003 ns, Reaching safepoint: 118702 ns, At safepoint: 27301 ns, Total: 146003 ns
[15.043s][info ][safepoint      ] Safepoint "ICBufferFull", Time since last: 14706064 ns, Reaching safepoint: 425108 ns, At safepoint: 22600 ns, Total: 447708 ns
[15.048s][info ][safepoint      ] Safepoint "ICBufferFull", Time since last: 4749686 ns, Reaching safepoint: 112202 ns, At safepoint: 21800 ns, Total: 134002 ns
[15.062s][info ][safepoint      ] Safepoint "ICBufferFull", Time since last: 14248157 ns, Reaching safepoint: 127602 ns, At safepoint: 29501 ns, Total: 157103 ns
[15.195s][info ][gc,start       ] GC(30) Pause Young (Allocation Failure)
[15.321s][debug][gc,phases      ] GC(30) Scavenge 126.092ms
[15.322s][debug][gc,ref         ] GC(30) Skipped phase 1 of Reference Processing: no references
[15.322s][debug][gc,ref         ] GC(30) ReferenceProcessor::execute queues: 2, RefProcThreadModel::Multi, marks_oops_alive: false
[15.322s][debug][gc,ref         ] GC(30) Skipped phase 3 of Reference Processing: no references
[15.322s][debug][gc,ref         ] GC(30) ReferenceProcessor::execute queues: 1, RefProcThreadModel::Single, marks_oops_alive: false
[15.322s][debug][gc,phases      ] GC(30) Reference Processing 0.206ms
[15.322s][debug][gc,phases      ] GC(30)   VM Weak                        Min:  0.0, Avg:  0.0, Max:  0.0, Diff:  0.0, Sum:  0.0, Workers: 4
[15.322s][debug][gc,phases      ] GC(30)     Dead                           Min: 0, Avg:  0.0, Max: 0, Diff: 0, Sum: 0, Workers: 4
[15.322s][debug][gc,phases      ] GC(30)     Total                          Min: 0, Avg: 146.8, Max: 448, Diff: 448, Sum: 587, Workers: 4
[15.322s][debug][gc,phases      ] GC(30)   ObjectSynchronizer Weak        Min:  0.0, Avg:  0.0, Max:  0.0, Diff:  0.0, Sum:  0.0, Workers: 4
[15.322s][debug][gc,phases      ] GC(30)     Dead                           Min: 0, Avg:  0.0, Max: 0, Diff: 0, Sum: 0, Workers: 4
[15.322s][debug][gc,phases      ] GC(30)     Total                          Min: 52, Avg: 109.0, Max: 128, Diff: 76, Sum: 436, Workers: 4
[15.322s][debug][gc,phases      ] GC(30)   JVMTI Tag Weak OopStorage      Min:  0.0, Avg:  0.0, Max:  0.0, Diff:  0.0, Sum:  0.0, Workers: 4
[15.322s][debug][gc,phases      ] GC(30)     Dead                           Min: 0, Avg:  0.0, Max: 0, Diff: 0, Sum: 0, Workers: 4
[15.322s][debug][gc,phases      ] GC(30)     Total                          Min: 0, Avg:  0.0, Max: 0, Diff: 0, Sum: 0, Workers: 4
[15.322s][debug][gc,phases      ] GC(30)   StringTable Weak               Min:  0.1, Avg:  0.1, Max:  0.1, Diff:  0.0, Sum:  0.4, Workers: 4
[15.322s][debug][gc,phases      ] GC(30)     Dead                           Min: 0, Avg:  2.8, Max: 11, Diff: 11, Sum: 11, Workers: 4
[15.322s][debug][gc,phases      ] GC(30)     Total                          Min: 9984, Avg: 10671.5, Max: 11070, Diff: 1086, Sum: 42686, Workers: 4
[15.322s][debug][gc,phases      ] GC(30)   ResolvedMethodTable Weak       Min:  0.0, Avg:  0.0, Max:  0.0, Diff:  0.0, Sum:  0.1, Workers: 4
[15.322s][debug][gc,phases      ] GC(30)     Dead                           Min: 0, Avg:  7.5, Max: 18, Diff: 18, Sum: 30, Workers: 4
[15.322s][debug][gc,phases      ] GC(30)     Total                          Min: 1280, Avg: 1764.8, Max: 2176, Diff: 896, Sum: 7059, Workers: 4
[15.322s][debug][gc,phases      ] GC(30)   JNI Weak                       Min:  0.0, Avg:  0.0, Max:  0.0, Diff:  0.0, Sum:  0.0, Workers: 4
[15.322s][debug][gc,phases      ] GC(30)     Dead                           Min: 0, Avg:  0.0, Max: 0, Diff: 0, Sum: 0, Workers: 4
[15.322s][debug][gc,phases      ] GC(30)     Total                          Min: 0, Avg:  0.8, Max: 3, Diff: 3, Sum: 3, Workers: 4
[15.322s][debug][gc,phases      ] GC(30)   StringDedup Table Weak         Min:  0.0, Avg:  0.0, Max:  0.0, Diff:  0.0, Sum:  0.0, Workers: 4
[15.322s][debug][gc,phases      ] GC(30)     Dead                           Min: 0, Avg:  0.0, Max: 0, Diff: 0, Sum: 0, Workers: 4
[15.322s][debug][gc,phases      ] GC(30)     Total                          Min: 0, Avg:  0.0, Max: 0, Diff: 0, Sum: 0, Workers: 4
[15.322s][debug][gc,phases      ] GC(30)   StringDedup Requests0 Weak     Min:  0.0, Avg:  0.0, Max:  0.0, Diff:  0.0, Sum:  0.0, Workers: 4
[15.322s][debug][gc,phases      ] GC(30)     Dead                           Min: 0, Avg:  0.0, Max: 0, Diff: 0, Sum: 0, Workers: 4
[15.322s][debug][gc,phases      ] GC(30)     Total                          Min: 0, Avg:  0.0, Max: 0, Diff: 0, Sum: 0, Workers: 4
[15.322s][debug][gc,phases      ] GC(30)   StringDedup Requests1 Weak     Min:  0.0, Avg:  0.0, Max:  0.0, Diff:  0.0, Sum:  0.0, Workers: 4
[15.322s][debug][gc,phases      ] GC(30)     Dead                           Min: 0, Avg:  0.0, Max: 0, Diff: 0, Sum: 0, Workers: 4
[15.322s][debug][gc,phases      ] GC(30)     Total                          Min: 0, Avg:  0.0, Max: 0, Diff: 0, Sum: 0, Workers: 4
[15.322s][debug][gc,phases      ] GC(30)   Weak JFR Old Object Samples    Min:  0.0, Avg:  0.0, Max:  0.0, Diff:  0.0, Sum:  0.0, Workers: 4
[15.322s][debug][gc,phases      ] GC(30)     Dead                           Min: 0, Avg:  0.0, Max: 0, Diff: 0, Sum: 0, Workers: 4
[15.322s][debug][gc,phases      ] GC(30)     Total                          Min: 0, Avg:  0.0, Max: 0, Diff: 0, Sum: 0, Workers: 4
[15.322s][debug][gc,phases      ] GC(30) Weak Processing 0.305ms
[15.322s][debug][gc,age         ] GC(30) Desired survivor size 413663232 bytes, new threshold 15 (max threshold 15)
[15.322s][info ][gc,heap        ] GC(30) PSYoungGen: 1631326K(1631744K)->255982K(1674240K) Eden: 1376256K(1376256K)->0K(1289216K) From: 255070K(255488K)->255982K(385024K)
[15.322s][info ][gc,heap        ] GC(30) ParOldGen: 274113K(351744K)->274121K(351744K)
[15.322s][info ][gc,metaspace   ] GC(30) Metaspace: 67693K(68480K)->67693K(68480K) NonClass: 57775K(58240K)->57775K(58240K) Class: 9917K(10240K)->9917K(10240K)
[15.322s][info ][gc             ] GC(30) Pause Young (Allocation Failure) 1860M->517M(1978M) 126.741ms
[15.322s][info ][gc,cpu         ] GC(30) User=0.52s Sys=0.00s Real=0.12s
[15.322s][info ][safepoint      ] Safepoint "ParallelGCFailedAllocation", Time since last: 129771837 ns, Reaching safepoint: 3233858 ns, At safepoint: 126851885 ns, Total: 130085743 ns
[15.396s][info ][safepoint      ] Safepoint "ICBufferFull", Time since last: 73427022 ns, Reaching safepoint: 146103 ns, At safepoint: 26900 ns, Total: 173003 ns
[15.534s][info ][gc,start       ] GC(31) Pause Young (Allocation Failure)
[15.664s][debug][gc,phases      ] GC(31) Scavenge 129.954ms
[15.664s][debug][gc,ref         ] GC(31) Skipped phase 1 of Reference Processing: no references
[15.664s][debug][gc,ref         ] GC(31) ReferenceProcessor::execute queues: 2, RefProcThreadModel::Multi, marks_oops_alive: false
[15.664s][debug][gc,ref         ] GC(31) Skipped phase 3 of Reference Processing: no references
[15.664s][debug][gc,ref         ] GC(31) ReferenceProcessor::execute queues: 1, RefProcThreadModel::Single, marks_oops_alive: false
[15.664s][debug][gc,phases      ] GC(31) Reference Processing 0.191ms
[15.664s][debug][gc,phases      ] GC(31)   VM Weak                        Min:  0.0, Avg:  0.0, Max:  0.0, Diff:  0.0, Sum:  0.0, Workers: 4
[15.664s][debug][gc,phases      ] GC(31)     Dead                           Min: 0, Avg:  0.0, Max: 0, Diff: 0, Sum: 0, Workers: 4
[15.664s][debug][gc,phases      ] GC(31)     Total                          Min: 0, Avg: 146.8, Max: 256, Diff: 256, Sum: 587, Workers: 4
[15.664s][debug][gc,phases      ] GC(31)   ObjectSynchronizer Weak        Min:  0.0, Avg:  0.0, Max:  0.0, Diff:  0.0, Sum:  0.0, Workers: 4
[15.664s][debug][gc,phases      ] GC(31)     Dead                           Min: 0, Avg:  0.0, Max: 0, Diff: 0, Sum: 0, Workers: 4
[15.664s][debug][gc,phases      ] GC(31)     Total                          Min: 0, Avg: 109.0, Max: 192, Diff: 192, Sum: 436, Workers: 4
[15.664s][debug][gc,phases      ] GC(31)   JVMTI Tag Weak OopStorage      Min:  0.0, Avg:  0.0, Max:  0.0, Diff:  0.0, Sum:  0.0, Workers: 4
[15.664s][debug][gc,phases      ] GC(31)     Dead                           Min: 0, Avg:  0.0, Max: 0, Diff: 0, Sum: 0, Workers: 4
[15.664s][debug][gc,phases      ] GC(31)     Total                          Min: 0, Avg:  0.0, Max: 0, Diff: 0, Sum: 0, Workers: 4
[15.664s][debug][gc,phases      ] GC(31)   StringTable Weak               Min:  0.1, Avg:  0.1, Max:  0.1, Diff:  0.0, Sum:  0.4, Workers: 4
[15.664s][debug][gc,phases      ] GC(31)     Dead                           Min: 0, Avg:  3.0, Max: 12, Diff: 12, Sum: 12, Workers: 4
[15.664s][debug][gc,phases      ] GC(31)     Total                          Min: 9984, Avg: 10677.2, Max: 10996, Diff: 1012, Sum: 42709, Workers: 4
[15.664s][debug][gc,phases      ] GC(31)   ResolvedMethodTable Weak       Min:  0.0, Avg:  0.0, Max:  0.0, Diff:  0.0, Sum:  0.1, Workers: 4
[15.664s][debug][gc,phases      ] GC(31)     Dead                           Min: 0, Avg:  0.0, Max: 0, Diff: 0, Sum: 0, Workers: 4
[15.664s][debug][gc,phases      ] GC(31)     Total                          Min: 1536, Avg: 1773.5, Max: 1976, Diff: 440, Sum: 7094, Workers: 4
[15.664s][debug][gc,phases      ] GC(31)   JNI Weak                       Min:  0.0, Avg:  0.0, Max:  0.0, Diff:  0.0, Sum:  0.0, Workers: 4
[15.664s][debug][gc,phases      ] GC(31)     Dead                           Min: 0, Avg:  0.0, Max: 0, Diff: 0, Sum: 0, Workers: 4
[15.664s][debug][gc,phases      ] GC(31)     Total                          Min: 0, Avg:  1.0, Max: 4, Diff: 4, Sum: 4, Workers: 4
[15.664s][debug][gc,phases      ] GC(31)   StringDedup Table Weak         Min:  0.0, Avg:  0.0, Max:  0.0, Diff:  0.0, Sum:  0.0, Workers: 4
[15.664s][debug][gc,phases      ] GC(31)     Dead                           Min: 0, Avg:  0.0, Max: 0, Diff: 0, Sum: 0, Workers: 4
[15.665s][debug][gc,phases      ] GC(31)     Total                          Min: 0, Avg:  0.0, Max: 0, Diff: 0, Sum: 0, Workers: 4
[15.665s][debug][gc,phases      ] GC(31)   StringDedup Requests0 Weak     Min:  0.0, Avg:  0.0, Max:  0.0, Diff:  0.0, Sum:  0.0, Workers: 4
[15.665s][debug][gc,phases      ] GC(31)     Dead                           Min: 0, Avg:  0.0, Max: 0, Diff: 0, Sum: 0, Workers: 4
[15.665s][debug][gc,phases      ] GC(31)     Total                          Min: 0, Avg:  0.0, Max: 0, Diff: 0, Sum: 0, Workers: 4
[15.665s][debug][gc,phases      ] GC(31)   StringDedup Requests1 Weak     Min:  0.0, Avg:  0.0, Max:  0.0, Diff:  0.0, Sum:  0.0, Workers: 4
[15.665s][debug][gc,phases      ] GC(31)     Dead                           Min: 0, Avg:  0.0, Max: 0, Diff: 0, Sum: 0, Workers: 4
[15.665s][debug][gc,phases      ] GC(31)     Total                          Min: 0, Avg:  0.0, Max: 0, Diff: 0, Sum: 0, Workers: 4
[15.665s][debug][gc,phases      ] GC(31)   Weak JFR Old Object Samples    Min:  0.0, Avg:  0.0, Max:  0.0, Diff:  0.0, Sum:  0.0, Workers: 4
[15.665s][debug][gc,phases      ] GC(31)     Dead                           Min: 0, Avg:  0.0, Max: 0, Diff: 0, Sum: 0, Workers: 4
[15.665s][debug][gc,phases      ] GC(31)     Total                          Min: 0, Avg:  0.0, Max: 0, Diff: 0, Sum: 0, Workers: 4
[15.665s][debug][gc,phases      ] GC(31) Weak Processing 0.302ms
[15.665s][debug][gc,age         ] GC(31) Desired survivor size 427294720 bytes, new threshold 15 (max threshold 15)
[15.665s][info ][gc,heap        ] GC(31) PSYoungGen: 1545198K(1674240K)->254862K(1544192K) Eden: 1289216K(1289216K)->0K(1289216K) From: 255982K(385024K)->254862K(254976K)
[15.665s][info ][gc,heap        ] GC(31) ParOldGen: 274121K(351744K)->275049K(351744K)
[15.665s][info ][gc,metaspace   ] GC(31) Metaspace: 67800K(68608K)->67800K(68608K) NonClass: 57864K(58304K)->57864K(58304K) Class: 9935K(10304K)->9935K(10304K)
[15.665s][info ][gc             ] GC(31) Pause Young (Allocation Failure) 1776M->517M(1851M) 130.583ms
[15.665s][info ][gc,cpu         ] GC(31) User=0.52s Sys=0.00s Real=0.13s
[15.665s][info ][safepoint      ] Safepoint "ParallelGCFailedAllocation", Time since last: 138042086 ns, Reaching safepoint: 182603 ns, At safepoint: 130698654 ns, Total: 130881257 ns
[15.948s][info ][gc,start       ] GC(32) Pause Young (Allocation Failure)
[16.085s][debug][gc,phases      ] GC(32) Scavenge 137.466ms
[16.085s][debug][gc,ref         ] GC(32) Skipped phase 1 of Reference Processing: no references
[16.085s][debug][gc,ref         ] GC(32) ReferenceProcessor::execute queues: 2, RefProcThreadModel::Multi, marks_oops_alive: false
[16.086s][debug][gc,ref         ] GC(32) Skipped phase 3 of Reference Processing: no references
[16.086s][debug][gc,ref         ] GC(32) ReferenceProcessor::execute queues: 1, RefProcThreadModel::Single, marks_oops_alive: false
[16.086s][debug][gc,phases      ] GC(32) Reference Processing 0.204ms
[16.086s][debug][gc,phases      ] GC(32)   VM Weak                        Min:  0.0, Avg:  0.0, Max:  0.0, Diff:  0.0, Sum:  0.0, Workers: 4
[16.086s][debug][gc,phases      ] GC(32)     Dead                           Min: 0, Avg:  0.0, Max: 0, Diff: 0, Sum: 0, Workers: 4
[16.086s][debug][gc,phases      ] GC(32)     Total                          Min: 0, Avg: 146.8, Max: 320, Diff: 320, Sum: 587, Workers: 4
[16.086s][debug][gc,phases      ] GC(32)   ObjectSynchronizer Weak        Min:  0.0, Avg:  0.0, Max:  0.0, Diff:  0.0, Sum:  0.0, Workers: 4
[16.086s][debug][gc,phases      ] GC(32)     Dead                           Min: 0, Avg:  0.0, Max: 0, Diff: 0, Sum: 0, Workers: 4
[16.086s][debug][gc,phases      ] GC(32)     Total                          Min: 0, Avg: 109.0, Max: 180, Diff: 180, Sum: 436, Workers: 4
[16.086s][debug][gc,phases      ] GC(32)   JVMTI Tag Weak OopStorage      Min:  0.0, Avg:  0.0, Max:  0.0, Diff:  0.0, Sum:  0.0, Workers: 4
[16.086s][debug][gc,phases      ] GC(32)     Dead                           Min: 0, Avg:  0.0, Max: 0, Diff: 0, Sum: 0, Workers: 4
[16.086s][debug][gc,phases      ] GC(32)     Total                          Min: 0, Avg:  0.0, Max: 0, Diff: 0, Sum: 0, Workers: 4
[16.086s][debug][gc,phases      ] GC(32)   StringTable Weak               Min:  0.1, Avg:  0.1, Max:  0.1, Diff:  0.0, Sum:  0.4, Workers: 4
[16.086s][debug][gc,phases      ] GC(32)     Dead                           Min: 0, Avg:  2.8, Max: 11, Diff: 11, Sum: 11, Workers: 4
[16.086s][debug][gc,phases      ] GC(32)     Total                          Min: 10240, Avg: 10678.0, Max: 10968, Diff: 728, Sum: 42712, Workers: 4
[16.086s][debug][gc,phases      ] GC(32)   ResolvedMethodTable Weak       Min:  0.0, Avg:  0.0, Max:  0.0, Diff:  0.0, Sum:  0.1, Workers: 4
[16.086s][debug][gc,phases      ] GC(32)     Dead                           Min: 0, Avg:  0.0, Max: 0, Diff: 0, Sum: 0, Workers: 4
[16.086s][debug][gc,phases      ] GC(32)     Total                          Min: 1536, Avg: 1773.5, Max: 2040, Diff: 504, Sum: 7094, Workers: 4
[16.086s][debug][gc,phases      ] GC(32)   JNI Weak                       Min:  0.0, Avg:  0.0, Max:  0.0, Diff:  0.0, Sum:  0.0, Workers: 4
[16.086s][debug][gc,phases      ] GC(32)     Dead                           Min: 0, Avg:  0.0, Max: 0, Diff: 0, Sum: 0, Workers: 4
[16.086s][debug][gc,phases      ] GC(32)     Total                          Min: 0, Avg:  2.0, Max: 8, Diff: 8, Sum: 8, Workers: 4
[16.086s][debug][gc,phases      ] GC(32)   StringDedup Table Weak         Min:  0.0, Avg:  0.0, Max:  0.0, Diff:  0.0, Sum:  0.0, Workers: 4
[16.086s][debug][gc,phases      ] GC(32)     Dead                           Min: 0, Avg:  0.0, Max: 0, Diff: 0, Sum: 0, Workers: 4
[16.086s][debug][gc,phases      ] GC(32)     Total                          Min: 0, Avg:  0.0, Max: 0, Diff: 0, Sum: 0, Workers: 4
[16.086s][debug][gc,phases      ] GC(32)   StringDedup Requests0 Weak     Min:  0.0, Avg:  0.0, Max:  0.0, Diff:  0.0, Sum:  0.0, Workers: 4
[16.086s][debug][gc,phases      ] GC(32)     Dead                           Min: 0, Avg:  0.0, Max: 0, Diff: 0, Sum: 0, Workers: 4
[16.086s][debug][gc,phases      ] GC(32)     Total                          Min: 0, Avg:  0.0, Max: 0, Diff: 0, Sum: 0, Workers: 4
[16.086s][debug][gc,phases      ] GC(32)   StringDedup Requests1 Weak     Min:  0.0, Avg:  0.0, Max:  0.0, Diff:  0.0, Sum:  0.0, Workers: 4
[16.086s][debug][gc,phases      ] GC(32)     Dead                           Min: 0, Avg:  0.0, Max: 0, Diff: 0, Sum: 0, Workers: 4
[16.086s][debug][gc,phases      ] GC(32)     Total                          Min: 0, Avg:  0.0, Max: 0, Diff: 0, Sum: 0, Workers: 4
[16.086s][debug][gc,phases      ] GC(32)   Weak JFR Old Object Samples    Min:  0.0, Avg:  0.0, Max:  0.0, Diff:  0.0, Sum:  0.0, Workers: 4
[16.086s][debug][gc,phases      ] GC(32)     Dead                           Min: 0, Avg:  0.0, Max: 0, Diff: 0, Sum: 0, Workers: 4
[16.086s][debug][gc,phases      ] GC(32)     Total                          Min: 0, Avg:  0.0, Max: 0, Diff: 0, Sum: 0, Workers: 4
[16.086s][debug][gc,phases      ] GC(32) Weak Processing 0.312ms
[16.086s][debug][gc,age         ] GC(32) Desired survivor size 436207616 bytes, new threshold 14 (max threshold 15)
[16.086s][info ][gc,heap        ] GC(32) PSYoungGen: 1544078K(1544192K)->252926K(1662464K) Eden: 1289216K(1289216K)->0K(1245184K) From: 254862K(254976K)->252926K(417280K)
[16.086s][info ][gc,heap        ] GC(32) ParOldGen: 275049K(351744K)->275417K(351744K)
[16.086s][info ][gc,metaspace   ] GC(32) Metaspace: 67840K(68608K)->67840K(68608K) NonClass: 57905K(58304K)->57905K(58304K) Class: 9935K(10304K)->9935K(10304K)
[16.086s][info ][gc             ] GC(32) Pause Young (Allocation Failure) 1776M->515M(1967M) 138.114ms
[16.086s][info ][gc,cpu         ] GC(32) User=0.55s Sys=0.00s Real=0.13s
[16.086s][info ][safepoint      ] Safepoint "ParallelGCFailedAllocation", Time since last: 282922395 ns, Reaching safepoint: 161803 ns, At safepoint: 138226089 ns, Total: 138387892 ns
[16.304s][info ][gc,start       ] GC(33) Pause Young (Allocation Failure)
[16.441s][debug][gc,phases      ] GC(33) Scavenge 137.381ms
[16.441s][debug][gc,ref         ] GC(33) Skipped phase 1 of Reference Processing: no references
[16.441s][debug][gc,ref         ] GC(33) ReferenceProcessor::execute queues: 2, RefProcThreadModel::Multi, marks_oops_alive: false
[16.441s][debug][gc,ref         ] GC(33) Skipped phase 3 of Reference Processing: no references
[16.441s][debug][gc,ref         ] GC(33) ReferenceProcessor::execute queues: 1, RefProcThreadModel::Single, marks_oops_alive: false
[16.441s][debug][gc,phases      ] GC(33) Reference Processing 0.176ms
[16.442s][debug][gc,phases      ] GC(33)   VM Weak                        Min:  0.0, Avg:  0.0, Max:  0.0, Diff:  0.0, Sum:  0.0, Workers: 4
[16.442s][debug][gc,phases      ] GC(33)     Dead                           Min: 0, Avg:  0.0, Max: 0, Diff: 0, Sum: 0, Workers: 4
[16.442s][debug][gc,phases      ] GC(33)     Total                          Min: 0, Avg: 146.8, Max: 384, Diff: 384, Sum: 587, Workers: 4
[16.442s][debug][gc,phases      ] GC(33)   ObjectSynchronizer Weak        Min:  0.0, Avg:  0.0, Max:  0.0, Diff:  0.0, Sum:  0.0, Workers: 4
[16.442s][debug][gc,phases      ] GC(33)     Dead                           Min: 0, Avg:  0.0, Max: 0, Diff: 0, Sum: 0, Workers: 4
[16.442s][debug][gc,phases      ] GC(33)     Total                          Min: 0, Avg: 109.0, Max: 192, Diff: 192, Sum: 436, Workers: 4
[16.442s][debug][gc,phases      ] GC(33)   JVMTI Tag Weak OopStorage      Min:  0.0, Avg:  0.0, Max:  0.0, Diff:  0.0, Sum:  0.0, Workers: 4
[16.442s][debug][gc,phases      ] GC(33)     Dead                           Min: 0, Avg:  0.0, Max: 0, Diff: 0, Sum: 0, Workers: 4
[16.442s][debug][gc,phases      ] GC(33)     Total                          Min: 0, Avg:  0.0, Max: 0, Diff: 0, Sum: 0, Workers: 4
[16.442s][debug][gc,phases      ] GC(33)   StringTable Weak               Min:  0.1, Avg:  0.1, Max:  0.1, Diff:  0.0, Sum:  0.4, Workers: 4
[16.442s][debug][gc,phases      ] GC(33)     Dead                           Min: 0, Avg:  0.0, Max: 0, Diff: 0, Sum: 0, Workers: 4
[16.442s][debug][gc,phases      ] GC(33)     Total                          Min: 9344, Avg: 10681.2, Max: 11648, Diff: 2304, Sum: 42725, Workers: 4
[16.442s][debug][gc,phases      ] GC(33)   ResolvedMethodTable Weak       Min:  0.0, Avg:  0.0, Max:  0.0, Diff:  0.0, Sum:  0.1, Workers: 4
[16.442s][debug][gc,phases      ] GC(33)     Dead                           Min: 0, Avg:  0.0, Max: 0, Diff: 0, Sum: 0, Workers: 4
[16.442s][debug][gc,phases      ] GC(33)     Total                          Min: 1408, Avg: 1773.5, Max: 2112, Diff: 704, Sum: 7094, Workers: 4
[16.442s][debug][gc,phases      ] GC(33)   JNI Weak                       Min:  0.0, Avg:  0.0, Max:  0.0, Diff:  0.0, Sum:  0.0, Workers: 4
[16.442s][debug][gc,phases      ] GC(33)     Dead                           Min: 0, Avg:  0.0, Max: 0, Diff: 0, Sum: 0, Workers: 4
[16.442s][debug][gc,phases      ] GC(33)     Total                          Min: 0, Avg:  1.5, Max: 6, Diff: 6, Sum: 6, Workers: 4
[16.442s][debug][gc,phases      ] GC(33)   StringDedup Table Weak         Min:  0.0, Avg:  0.0, Max:  0.0, Diff:  0.0, Sum:  0.0, Workers: 4
[16.442s][debug][gc,phases      ] GC(33)     Dead                           Min: 0, Avg:  0.0, Max: 0, Diff: 0, Sum: 0, Workers: 4
[16.442s][debug][gc,phases      ] GC(33)     Total                          Min: 0, Avg:  0.0, Max: 0, Diff: 0, Sum: 0, Workers: 4
[16.442s][debug][gc,phases      ] GC(33)   StringDedup Requests0 Weak     Min:  0.0, Avg:  0.0, Max:  0.0, Diff:  0.0, Sum:  0.0, Workers: 4
[16.442s][debug][gc,phases      ] GC(33)     Dead                           Min: 0, Avg:  0.0, Max: 0, Diff: 0, Sum: 0, Workers: 4
[16.442s][debug][gc,phases      ] GC(33)     Total                          Min: 0, Avg:  0.0, Max: 0, Diff: 0, Sum: 0, Workers: 4
[16.442s][debug][gc,phases      ] GC(33)   StringDedup Requests1 Weak     Min:  0.0, Avg:  0.0, Max:  0.0, Diff:  0.0, Sum:  0.0, Workers: 4
[16.442s][debug][gc,phases      ] GC(33)     Dead                           Min: 0, Avg:  0.0, Max: 0, Diff: 0, Sum: 0, Workers: 4
[16.442s][debug][gc,phases      ] GC(33)     Total                          Min: 0, Avg:  0.0, Max: 0, Diff: 0, Sum: 0, Workers: 4
[16.442s][debug][gc,phases      ] GC(33)   Weak JFR Old Object Samples    Min:  0.0, Avg:  0.0, Max:  0.0, Diff:  0.0, Sum:  0.0, Workers: 4
[16.442s][debug][gc,phases      ] GC(33)     Dead                           Min: 0, Avg:  0.0, Max: 0, Diff: 0, Sum: 0, Workers: 4
[16.442s][debug][gc,phases      ] GC(33)     Total                          Min: 0, Avg:  0.0, Max: 0, Diff: 0, Sum: 0, Workers: 4
[16.442s][debug][gc,phases      ] GC(33) Weak Processing 0.291ms
[16.442s][debug][gc,age         ] GC(33) Desired survivor size 440401920 bytes, new threshold 13 (max threshold 15)
[16.442s][info ][gc,heap        ] GC(33) PSYoungGen: 1498110K(1662464K)->250062K(1495552K) Eden: 1245184K(1245184K)->0K(1245184K) From: 252926K(417280K)->250062K(250368K)
[16.442s][info ][gc,heap        ] GC(33) ParOldGen: 275417K(351744K)->277089K(351744K)
[16.442s][info ][gc,metaspace   ] GC(33) Metaspace: 67903K(68672K)->67903K(68672K) NonClass: 57968K(58368K)->57968K(58368K) Class: 9935K(10304K)->9935K(10304K)
[16.442s][info ][gc             ] GC(33) Pause Young (Allocation Failure) 1731M->514M(1804M) 138.004ms
[16.442s][info ][gc,cpu         ] GC(33) User=0.56s Sys=0.00s Real=0.14s
[16.442s][info ][safepoint      ] Safepoint "ParallelGCFailedAllocation", Time since last: 217568918 ns, Reaching safepoint: 180804 ns, At safepoint: 138120487 ns, Total: 138301291 ns
[16.641s][info ][safepoint      ] Safepoint "ICBufferFull", Time since last: 198982183 ns, Reaching safepoint: 161803 ns, At safepoint: 36701 ns, Total: 198504 ns
[16.773s][info ][gc,start       ] GC(34) Pause Young (Allocation Failure)
[16.888s][debug][gc,phases      ] GC(34) Scavenge 115.192ms
[16.888s][debug][gc,ref         ] GC(34) Skipped phase 1 of Reference Processing: no references
[16.888s][debug][gc,ref         ] GC(34) ReferenceProcessor::execute queues: 1, RefProcThreadModel::Single, marks_oops_alive: false
[16.888s][debug][gc,ref         ] GC(34) Skipped phase 3 of Reference Processing: no references
[16.888s][debug][gc,ref         ] GC(34) ReferenceProcessor::execute queues: 1, RefProcThreadModel::Single, marks_oops_alive: false
[16.889s][debug][gc,phases      ] GC(34) Reference Processing 0.143ms
[16.889s][debug][gc,phases      ] GC(34)   VM Weak                        Min:  0.0, Avg:  0.0, Max:  0.0, Diff:  0.0, Sum:  0.0, Workers: 4
[16.889s][debug][gc,phases      ] GC(34)     Dead                           Min: 0, Avg:  0.0, Max: 0, Diff: 0, Sum: 0, Workers: 4
[16.889s][debug][gc,phases      ] GC(34)     Total                          Min: 0, Avg: 146.8, Max: 331, Diff: 331, Sum: 587, Workers: 4
[16.889s][debug][gc,phases      ] GC(34)   ObjectSynchronizer Weak        Min:  0.0, Avg:  0.0, Max:  0.0, Diff:  0.0, Sum:  0.0, Workers: 4
[16.889s][debug][gc,phases      ] GC(34)     Dead                           Min: 0, Avg:  0.0, Max: 0, Diff: 0, Sum: 0, Workers: 4
[16.889s][debug][gc,phases      ] GC(34)     Total                          Min: 0, Avg: 109.0, Max: 244, Diff: 244, Sum: 436, Workers: 4
[16.889s][debug][gc,phases      ] GC(34)   JVMTI Tag Weak OopStorage      Min:  0.0, Avg:  0.0, Max:  0.0, Diff:  0.0, Sum:  0.0, Workers: 4
[16.889s][debug][gc,phases      ] GC(34)     Dead                           Min: 0, Avg:  0.0, Max: 0, Diff: 0, Sum: 0, Workers: 4
[16.889s][debug][gc,phases      ] GC(34)     Total                          Min: 0, Avg:  0.0, Max: 0, Diff: 0, Sum: 0, Workers: 4
[16.889s][debug][gc,phases      ] GC(34)   StringTable Weak               Min:  0.1, Avg:  0.1, Max:  0.1, Diff:  0.0, Sum:  0.4, Workers: 4
[16.889s][debug][gc,phases      ] GC(34)     Dead                           Min: 0, Avg:  2.8, Max: 11, Diff: 11, Sum: 11, Workers: 4
[16.889s][debug][gc,phases      ] GC(34)     Total                          Min: 9280, Avg: 10682.5, Max: 11818, Diff: 2538, Sum: 42730, Workers: 4
[16.889s][debug][gc,phases      ] GC(34)   ResolvedMethodTable Weak       Min:  0.0, Avg:  0.0, Max:  0.0, Diff:  0.0, Sum:  0.1, Workers: 4
[16.889s][debug][gc,phases      ] GC(34)     Dead                           Min: 0, Avg:  0.0, Max: 0, Diff: 0, Sum: 0, Workers: 4
[16.889s][debug][gc,phases      ] GC(34)     Total                          Min: 1536, Avg: 1773.5, Max: 1976, Diff: 440, Sum: 7094, Workers: 4
[16.889s][debug][gc,phases      ] GC(34)   JNI Weak                       Min:  0.0, Avg:  0.0, Max:  0.0, Diff:  0.0, Sum:  0.0, Workers: 4
[16.889s][debug][gc,phases      ] GC(34)     Dead                           Min: 0, Avg:  0.0, Max: 0, Diff: 0, Sum: 0, Workers: 4
[16.889s][debug][gc,phases      ] GC(34)     Total                          Min: 0, Avg:  1.5, Max: 6, Diff: 6, Sum: 6, Workers: 4
[16.889s][debug][gc,phases      ] GC(34)   StringDedup Table Weak         Min:  0.0, Avg:  0.0, Max:  0.0, Diff:  0.0, Sum:  0.0, Workers: 4
[16.889s][debug][gc,phases      ] GC(34)     Dead                           Min: 0, Avg:  0.0, Max: 0, Diff: 0, Sum: 0, Workers: 4
[16.889s][debug][gc,phases      ] GC(34)     Total                          Min: 0, Avg:  0.0, Max: 0, Diff: 0, Sum: 0, Workers: 4
[16.889s][debug][gc,phases      ] GC(34)   StringDedup Requests0 Weak     Min:  0.0, Avg:  0.0, Max:  0.0, Diff:  0.0, Sum:  0.0, Workers: 4
[16.889s][debug][gc,phases      ] GC(34)     Dead                           Min: 0, Avg:  0.0, Max: 0, Diff: 0, Sum: 0, Workers: 4
[16.889s][debug][gc,phases      ] GC(34)     Total                          Min: 0, Avg:  0.0, Max: 0, Diff: 0, Sum: 0, Workers: 4
[16.889s][debug][gc,phases      ] GC(34)   StringDedup Requests1 Weak     Min:  0.0, Avg:  0.0, Max:  0.0, Diff:  0.0, Sum:  0.0, Workers: 4
[16.889s][debug][gc,phases      ] GC(34)     Dead                           Min: 0, Avg:  0.0, Max: 0, Diff: 0, Sum: 0, Workers: 4
[16.889s][debug][gc,phases      ] GC(34)     Total                          Min: 0, Avg:  0.0, Max: 0, Diff: 0, Sum: 0, Workers: 4
[16.889s][debug][gc,phases      ] GC(34)   Weak JFR Old Object Samples    Min:  0.0, Avg:  0.0, Max:  0.0, Diff:  0.0, Sum:  0.0, Workers: 4
[16.889s][debug][gc,phases      ] GC(34)     Dead                           Min: 0, Avg:  0.0, Max: 0, Diff: 0, Sum: 0, Workers: 4
[16.889s][debug][gc,phases      ] GC(34)     Total                          Min: 0, Avg:  0.0, Max: 0, Diff: 0, Sum: 0, Workers: 4
[16.889s][debug][gc,phases      ] GC(34) Weak Processing 0.300ms
[16.889s][debug][gc,age         ] GC(34) Desired survivor size 439877632 bytes, new threshold 12 (max threshold 15)
[16.889s][info ][gc,heap        ] GC(34) PSYoungGen: 1495246K(1495552K)->244448K(1667584K) Eden: 1245184K(1245184K)->0K(1237504K) From: 250062K(250368K)->244448K(430080K)
[16.889s][info ][gc,heap        ] GC(34) ParOldGen: 277089K(351744K)->279655K(351744K)
[16.889s][info ][gc,metaspace   ] GC(34) Metaspace: 68005K(68800K)->68005K(68800K) NonClass: 58069K(58496K)->58069K(58496K) Class: 9935K(10304K)->9935K(10304K)
[16.889s][info ][gc             ] GC(34) Pause Young (Allocation Failure) 1730M->511M(1972M) 115.766ms
[16.889s][info ][gc,cpu         ] GC(34) User=0.46s Sys=0.00s Real=0.12s
[16.889s][info ][safepoint      ] Safepoint "ParallelGCFailedAllocation", Time since last: 131859174 ns, Reaching safepoint: 149903 ns, At safepoint: 115877587 ns, Total: 116027490 ns
[17.161s][info ][safepoint      ] Safepoint "ICBufferFull", Time since last: 271696793 ns, Reaching safepoint: 138602 ns, At safepoint: 29301 ns, Total: 167903 ns
[17.166s][info ][gc,start       ] GC(35) Pause Young (Allocation Failure)
[17.307s][debug][gc,phases      ] GC(35) Scavenge 140.872ms
[17.307s][debug][gc,ref         ] GC(35) Skipped phase 1 of Reference Processing: no references
[17.307s][debug][gc,ref         ] GC(35) ReferenceProcessor::execute queues: 1, RefProcThreadModel::Single, marks_oops_alive: false
[17.307s][debug][gc,ref         ] GC(35) Skipped phase 3 of Reference Processing: no references
[17.307s][debug][gc,ref         ] GC(35) ReferenceProcessor::execute queues: 1, RefProcThreadModel::Single, marks_oops_alive: false
[17.307s][debug][gc,phases      ] GC(35) Reference Processing 0.166ms
[17.307s][debug][gc,phases      ] GC(35)   VM Weak                        Min:  0.0, Avg:  0.0, Max:  0.0, Diff:  0.0, Sum:  0.0, Workers: 4
[17.307s][debug][gc,phases      ] GC(35)     Dead                           Min: 0, Avg:  0.0, Max: 0, Diff: 0, Sum: 0, Workers: 4
[17.307s][debug][gc,phases      ] GC(35)     Total                          Min: 0, Avg: 146.8, Max: 448, Diff: 448, Sum: 587, Workers: 4
[17.307s][debug][gc,phases      ] GC(35)   ObjectSynchronizer Weak        Min:  0.0, Avg:  0.0, Max:  0.0, Diff:  0.0, Sum:  0.0, Workers: 4
[17.307s][debug][gc,phases      ] GC(35)     Dead                           Min: 0, Avg:  0.0, Max: 0, Diff: 0, Sum: 0, Workers: 4
[17.307s][debug][gc,phases      ] GC(35)     Total                          Min: 0, Avg: 109.0, Max: 436, Diff: 436, Sum: 436, Workers: 4
[17.307s][debug][gc,phases      ] GC(35)   JVMTI Tag Weak OopStorage      Min:  0.0, Avg:  0.0, Max:  0.0, Diff:  0.0, Sum:  0.0, Workers: 4
[17.307s][debug][gc,phases      ] GC(35)     Dead                           Min: 0, Avg:  0.0, Max: 0, Diff: 0, Sum: 0, Workers: 4
[17.307s][debug][gc,phases      ] GC(35)     Total                          Min: 0, Avg:  0.0, Max: 0, Diff: 0, Sum: 0, Workers: 4
[17.307s][debug][gc,phases      ] GC(35)   StringTable Weak               Min:  0.1, Avg:  0.1, Max:  0.1, Diff:  0.0, Sum:  0.5, Workers: 4
[17.307s][debug][gc,phases      ] GC(35)     Dead                           Min: 0, Avg:  2.8, Max: 11, Diff: 11, Sum: 11, Workers: 4
[17.307s][debug][gc,phases      ] GC(35)     Total                          Min: 9856, Avg: 10683.5, Max: 12078, Diff: 2222, Sum: 42734, Workers: 4
[17.307s][debug][gc,phases      ] GC(35)   ResolvedMethodTable Weak       Min:  0.0, Avg:  0.0, Max:  0.0, Diff:  0.0, Sum:  0.1, Workers: 4
[17.307s][debug][gc,phases      ] GC(35)     Dead                           Min: 0, Avg:  0.0, Max: 0, Diff: 0, Sum: 0, Workers: 4
[17.307s][debug][gc,phases      ] GC(35)     Total                          Min: 1592, Avg: 1773.5, Max: 1984, Diff: 392, Sum: 7094, Workers: 4
[17.307s][debug][gc,phases      ] GC(35)   JNI Weak                       Min:  0.0, Avg:  0.0, Max:  0.0, Diff:  0.0, Sum:  0.0, Workers: 4
[17.307s][debug][gc,phases      ] GC(35)     Dead                           Min: 0, Avg:  0.0, Max: 0, Diff: 0, Sum: 0, Workers: 4
[17.307s][debug][gc,phases      ] GC(35)     Total                          Min: 0, Avg:  1.5, Max: 6, Diff: 6, Sum: 6, Workers: 4
[17.307s][debug][gc,phases      ] GC(35)   StringDedup Table Weak         Min:  0.0, Avg:  0.0, Max:  0.0, Diff:  0.0, Sum:  0.0, Workers: 4
[17.307s][debug][gc,phases      ] GC(35)     Dead                           Min: 0, Avg:  0.0, Max: 0, Diff: 0, Sum: 0, Workers: 4
[17.307s][debug][gc,phases      ] GC(35)     Total                          Min: 0, Avg:  0.0, Max: 0, Diff: 0, Sum: 0, Workers: 4
[17.307s][debug][gc,phases      ] GC(35)   StringDedup Requests0 Weak     Min:  0.0, Avg:  0.0, Max:  0.0, Diff:  0.0, Sum:  0.0, Workers: 4
[17.307s][debug][gc,phases      ] GC(35)     Dead                           Min: 0, Avg:  0.0, Max: 0, Diff: 0, Sum: 0, Workers: 4
[17.307s][debug][gc,phases      ] GC(35)     Total                          Min: 0, Avg:  0.0, Max: 0, Diff: 0, Sum: 0, Workers: 4
[17.307s][debug][gc,phases      ] GC(35)   StringDedup Requests1 Weak     Min:  0.0, Avg:  0.0, Max:  0.0, Diff:  0.0, Sum:  0.0, Workers: 4
[17.307s][debug][gc,phases      ] GC(35)     Dead                           Min: 0, Avg:  0.0, Max: 0, Diff: 0, Sum: 0, Workers: 4
[17.307s][debug][gc,phases      ] GC(35)     Total                          Min: 0, Avg:  0.0, Max: 0, Diff: 0, Sum: 0, Workers: 4
[17.307s][debug][gc,phases      ] GC(35)   Weak JFR Old Object Samples    Min:  0.0, Avg:  0.0, Max:  0.0, Diff:  0.0, Sum:  0.0, Workers: 4
[17.307s][debug][gc,phases      ] GC(35)     Dead                           Min: 0, Avg:  0.0, Max: 0, Diff: 0, Sum: 0, Workers: 4
[17.307s][debug][gc,phases      ] GC(35)     Total                          Min: 0, Avg:  0.0, Max: 0, Diff: 0, Sum: 0, Workers: 4
[17.307s][debug][gc,phases      ] GC(35) Weak Processing 0.340ms
[17.307s][debug][gc,age         ] GC(35) Desired survivor size 432013312 bytes, new threshold 11 (max threshold 15)
[17.307s][info ][gc,heap        ] GC(35) PSYoungGen: 1481952K(1667584K)->230144K(1667072K) Eden: 1237504K(1237504K)->0K(1237504K) From: 244448K(430080K)->230144K(429568K)
[17.307s][info ][gc,heap        ] GC(35) ParOldGen: 279655K(351744K)->292235K(351744K)
[17.307s][info ][gc,metaspace   ] GC(35) Metaspace: 68075K(68864K)->68075K(68864K) NonClass: 58139K(58560K)->58139K(58560K) Class: 9935K(10304K)->9935K(10304K)
[17.307s][info ][gc             ] GC(35) Pause Young (Allocation Failure) 1720M->510M(1971M) 141.516ms
[17.307s][info ][gc,cpu         ] GC(35) User=0.57s Sys=0.00s Real=0.15s
[17.307s][info ][safepoint      ] Safepoint "ParallelGCFailedAllocation", Time since last: 4686484 ns, Reaching safepoint: 109402 ns, At safepoint: 141627250 ns, Total: 141736652 ns
[17.381s][info ][safepoint      ] Safepoint "ICBufferFull", Time since last: 73749928 ns, Reaching safepoint: 130103 ns, At safepoint: 26300 ns, Total: 156403 ns
[17.455s][info ][safepoint      ] Safepoint "ICBufferFull", Time since last: 73241019 ns, Reaching safepoint: 132402 ns, At safepoint: 27601 ns, Total: 160003 ns
[17.550s][info ][safepoint      ] Safepoint "ICBufferFull", Time since last: 94872808 ns, Reaching safepoint: 111302 ns, At safepoint: 27201 ns, Total: 138503 ns
[17.592s][info ][gc,start       ] GC(36) Pause Young (Allocation Failure)
[17.702s][debug][gc,phases      ] GC(36) Scavenge 109.762ms
[17.702s][debug][gc,ref         ] GC(36) Skipped phase 1 of Reference Processing: no references
[17.702s][debug][gc,ref         ] GC(36) ReferenceProcessor::execute queues: 1, RefProcThreadModel::Single, marks_oops_alive: false
[17.702s][debug][gc,ref         ] GC(36) Skipped phase 3 of Reference Processing: no references
[17.702s][debug][gc,ref         ] GC(36) ReferenceProcessor::execute queues: 1, RefProcThreadModel::Single, marks_oops_alive: false
[17.702s][debug][gc,phases      ] GC(36) Reference Processing 0.142ms
[17.702s][debug][gc,phases      ] GC(36)   VM Weak                        Min:  0.0, Avg:  0.0, Max:  0.0, Diff:  0.0, Sum:  0.0, Workers: 4
[17.702s][debug][gc,phases      ] GC(36)     Dead                           Min: 0, Avg:  0.0, Max: 0, Diff: 0, Sum: 0, Workers: 4
[17.702s][debug][gc,phases      ] GC(36)     Total                          Min: 0, Avg: 146.8, Max: 512, Diff: 512, Sum: 587, Workers: 4
[17.702s][debug][gc,phases      ] GC(36)   ObjectSynchronizer Weak        Min:  0.0, Avg:  0.0, Max:  0.0, Diff:  0.0, Sum:  0.0, Workers: 4
[17.702s][debug][gc,phases      ] GC(36)     Dead                           Min: 0, Avg:  0.0, Max: 0, Diff: 0, Sum: 0, Workers: 4
[17.702s][debug][gc,phases      ] GC(36)     Total                          Min: 0, Avg: 109.0, Max: 244, Diff: 244, Sum: 436, Workers: 4
[17.702s][debug][gc,phases      ] GC(36)   JVMTI Tag Weak OopStorage      Min:  0.0, Avg:  0.0, Max:  0.0, Diff:  0.0, Sum:  0.0, Workers: 4
[17.702s][debug][gc,phases      ] GC(36)     Dead                           Min: 0, Avg:  0.0, Max: 0, Diff: 0, Sum: 0, Workers: 4
[17.702s][debug][gc,phases      ] GC(36)     Total                          Min: 0, Avg:  0.0, Max: 0, Diff: 0, Sum: 0, Workers: 4
[17.702s][debug][gc,phases      ] GC(36)   StringTable Weak               Min:  0.1, Avg:  0.1, Max:  0.1, Diff:  0.0, Sum:  0.4, Workers: 4
[17.702s][debug][gc,phases      ] GC(36)     Dead                           Min: 0, Avg:  2.8, Max: 7, Diff: 7, Sum: 11, Workers: 4
[17.702s][debug][gc,phases      ] GC(36)     Total                          Min: 9408, Avg: 10684.2, Max: 11520, Diff: 2112, Sum: 42737, Workers: 4
[17.702s][debug][gc,phases      ] GC(36)   ResolvedMethodTable Weak       Min:  0.0, Avg:  0.0, Max:  0.0, Diff:  0.0, Sum:  0.1, Workers: 4
[17.702s][debug][gc,phases      ] GC(36)     Dead                           Min: 0, Avg:  0.2, Max: 1, Diff: 1, Sum: 1, Workers: 4
[17.702s][debug][gc,phases      ] GC(36)     Total                          Min: 1472, Avg: 1773.5, Max: 2112, Diff: 640, Sum: 7094, Workers: 4
[17.702s][debug][gc,phases      ] GC(36)   JNI Weak                       Min:  0.0, Avg:  0.0, Max:  0.0, Diff:  0.0, Sum:  0.0, Workers: 4
[17.702s][debug][gc,phases      ] GC(36)     Dead                           Min: 0, Avg:  0.0, Max: 0, Diff: 0, Sum: 0, Workers: 4
[17.702s][debug][gc,phases      ] GC(36)     Total                          Min: 0, Avg:  1.2, Max: 5, Diff: 5, Sum: 5, Workers: 4
[17.702s][debug][gc,phases      ] GC(36)   StringDedup Table Weak         Min:  0.0, Avg:  0.0, Max:  0.0, Diff:  0.0, Sum:  0.0, Workers: 4
[17.702s][debug][gc,phases      ] GC(36)     Dead                           Min: 0, Avg:  0.0, Max: 0, Diff: 0, Sum: 0, Workers: 4
[17.702s][debug][gc,phases      ] GC(36)     Total                          Min: 0, Avg:  0.0, Max: 0, Diff: 0, Sum: 0, Workers: 4
[17.702s][debug][gc,phases      ] GC(36)   StringDedup Requests0 Weak     Min:  0.0, Avg:  0.0, Max:  0.0, Diff:  0.0, Sum:  0.0, Workers: 4
[17.702s][debug][gc,phases      ] GC(36)     Dead                           Min: 0, Avg:  0.0, Max: 0, Diff: 0, Sum: 0, Workers: 4
[17.702s][debug][gc,phases      ] GC(36)     Total                          Min: 0, Avg:  0.0, Max: 0, Diff: 0, Sum: 0, Workers: 4
[17.702s][debug][gc,phases      ] GC(36)   StringDedup Requests1 Weak     Min:  0.0, Avg:  0.0, Max:  0.0, Diff:  0.0, Sum:  0.0, Workers: 4
[17.702s][debug][gc,phases      ] GC(36)     Dead                           Min: 0, Avg:  0.0, Max: 0, Diff: 0, Sum: 0, Workers: 4
[17.702s][debug][gc,phases      ] GC(36)     Total                          Min: 0, Avg:  0.0, Max: 0, Diff: 0, Sum: 0, Workers: 4
[17.702s][debug][gc,phases      ] GC(36)   Weak JFR Old Object Samples    Min:  0.0, Avg:  0.0, Max:  0.0, Diff:  0.0, Sum:  0.0, Workers: 4
[17.702s][debug][gc,phases      ] GC(36)     Dead                           Min: 0, Avg:  0.0, Max: 0, Diff: 0, Sum: 0, Workers: 4
[17.702s][debug][gc,phases      ] GC(36)     Total                          Min: 0, Avg:  0.0, Max: 0, Diff: 0, Sum: 0, Workers: 4
[17.702s][debug][gc,phases      ] GC(36) Weak Processing 0.291ms
[17.702s][debug][gc,age         ] GC(36) Desired survivor size 413663232 bytes, new threshold 10 (max threshold 15)
[17.702s][info ][gc,heap        ] GC(36) PSYoungGen: 1467648K(1667072K)->157712K(1693184K) Eden: 1237504K(1237504K)->0K(1271296K) From: 230144K(429568K)->157712K(421888K)
[17.702s][info ][gc,heap        ] GC(36) ParOldGen: 292235K(351744K)->363355K(363520K)
[17.702s][info ][gc,metaspace   ] GC(36) Metaspace: 68103K(68864K)->68103K(68864K) NonClass: 58167K(58560K)->58167K(58560K) Class: 9935K(10304K)->9935K(10304K)
[17.702s][info ][gc             ] GC(36) Pause Young (Allocation Failure) 1718M->508M(2008M) 110.326ms
[17.702s][info ][gc,cpu         ] GC(36) User=0.41s Sys=0.05s Real=0.11s
[17.702s][debug][gc,phases      ] GC(37) Pre Compact 0.009ms
[17.702s][info ][gc,start       ] GC(37) Pause Full (Ergonomics)
[17.702s][info ][gc,phases,start] GC(37) Marking Phase
[17.878s][debug][gc,phases      ] GC(37) Par Mark 175.479ms
[17.878s][debug][gc,ref         ] GC(37) Skipped phase 1 of Reference Processing: no references
[17.878s][debug][gc,ref         ] GC(37) ReferenceProcessor::execute queues: 4, RefProcThreadModel::Multi, marks_oops_alive: false
[17.879s][debug][gc,ref         ] GC(37) Skipped phase 3 of Reference Processing: no references
[17.879s][debug][gc,ref         ] GC(37) ReferenceProcessor::execute queues: 1, RefProcThreadModel::Single, marks_oops_alive: false
[17.879s][debug][gc,phases      ] GC(37) Reference Processing 0.469ms
[17.879s][debug][gc,phases      ] GC(37)   VM Weak                        Min:  0.0, Avg:  0.0, Max:  0.0, Diff:  0.0, Sum:  0.0, Workers: 4
[17.879s][debug][gc,phases      ] GC(37)     Dead                           Min: 0, Avg:  0.0, Max: 0, Diff: 0, Sum: 0, Workers: 4
[17.879s][debug][gc,phases      ] GC(37)     Total                          Min: 0, Avg: 146.8, Max: 512, Diff: 512, Sum: 587, Workers: 4
[17.879s][debug][gc,phases      ] GC(37)   ObjectSynchronizer Weak        Min:  0.0, Avg:  0.0, Max:  0.0, Diff:  0.0, Sum:  0.0, Workers: 4
[17.879s][debug][gc,phases      ] GC(37)     Dead                           Min: 0, Avg:  2.0, Max: 4, Diff: 4, Sum: 8, Workers: 4
[17.879s][debug][gc,phases      ] GC(37)     Total                          Min: 0, Avg: 109.0, Max: 180, Diff: 180, Sum: 436, Workers: 4
[17.879s][debug][gc,phases      ] GC(37)   JVMTI Tag Weak OopStorage      Min:  0.0, Avg:  0.0, Max:  0.0, Diff:  0.0, Sum:  0.0, Workers: 4
[17.879s][debug][gc,phases      ] GC(37)     Dead                           Min: 0, Avg:  0.0, Max: 0, Diff: 0, Sum: 0, Workers: 4
[17.879s][debug][gc,phases      ] GC(37)     Total                          Min: 0, Avg:  0.0, Max: 0, Diff: 0, Sum: 0, Workers: 4
[17.879s][debug][gc,phases      ] GC(37)   StringTable Weak               Min:  0.2, Avg:  0.2, Max:  0.2, Diff:  0.0, Sum:  0.6, Workers: 4
[17.879s][debug][gc,phases      ] GC(37)     Dead                           Min: 0, Avg:  0.0, Max: 0, Diff: 0, Sum: 0, Workers: 4
[17.879s][debug][gc,phases      ] GC(37)     Total                          Min: 9457, Avg: 10684.2, Max: 11904, Diff: 2447, Sum: 42737, Workers: 4
[17.879s][debug][gc,phases      ] GC(37)   ResolvedMethodTable Weak       Min:  0.0, Avg:  0.0, Max:  0.0, Diff:  0.0, Sum:  0.1, Workers: 4
[17.879s][debug][gc,phases      ] GC(37)     Dead                           Min: 0, Avg:  0.0, Max: 0, Diff: 0, Sum: 0, Workers: 4
[17.879s][debug][gc,phases      ] GC(37)     Total                          Min: 1662, Avg: 1773.5, Max: 1984, Diff: 322, Sum: 7094, Workers: 4
[17.879s][debug][gc,phases      ] GC(37)   JNI Weak                       Min:  0.0, Avg:  0.0, Max:  0.0, Diff:  0.0, Sum:  0.0, Workers: 4
[17.879s][debug][gc,phases      ] GC(37)     Dead                           Min: 0, Avg:  0.0, Max: 0, Diff: 0, Sum: 0, Workers: 4
[17.879s][debug][gc,phases      ] GC(37)     Total                          Min: 0, Avg:  1.2, Max: 5, Diff: 5, Sum: 5, Workers: 4
[17.879s][debug][gc,phases      ] GC(37)   StringDedup Table Weak         Min:  0.0, Avg:  0.0, Max:  0.0, Diff:  0.0, Sum:  0.0, Workers: 4
[17.879s][debug][gc,phases      ] GC(37)     Dead                           Min: 0, Avg:  0.0, Max: 0, Diff: 0, Sum: 0, Workers: 4
[17.879s][debug][gc,phases      ] GC(37)     Total                          Min: 0, Avg:  0.0, Max: 0, Diff: 0, Sum: 0, Workers: 4
[17.879s][debug][gc,phases      ] GC(37)   StringDedup Requests0 Weak     Min:  0.0, Avg:  0.0, Max:  0.0, Diff:  0.0, Sum:  0.0, Workers: 4
[17.879s][debug][gc,phases      ] GC(37)     Dead                           Min: 0, Avg:  0.0, Max: 0, Diff: 0, Sum: 0, Workers: 4
[17.879s][debug][gc,phases      ] GC(37)     Total                          Min: 0, Avg:  0.0, Max: 0, Diff: 0, Sum: 0, Workers: 4
[17.879s][debug][gc,phases      ] GC(37)   StringDedup Requests1 Weak     Min:  0.0, Avg:  0.0, Max:  0.0, Diff:  0.0, Sum:  0.0, Workers: 4
[17.879s][debug][gc,phases      ] GC(37)     Dead                           Min: 0, Avg:  0.0, Max: 0, Diff: 0, Sum: 0, Workers: 4
[17.879s][debug][gc,phases      ] GC(37)     Total                          Min: 0, Avg:  0.0, Max: 0, Diff: 0, Sum: 0, Workers: 4
[17.879s][debug][gc,phases      ] GC(37)   Weak JFR Old Object Samples    Min:  0.0, Avg:  0.0, Max:  0.0, Diff:  0.0, Sum:  0.0, Workers: 4
[17.879s][debug][gc,phases      ] GC(37)     Dead                           Min: 0, Avg:  0.0, Max: 0, Diff: 0, Sum: 0, Workers: 4
[17.879s][debug][gc,phases      ] GC(37)     Total                          Min: 0, Avg:  0.0, Max: 0, Diff: 0, Sum: 0, Workers: 4
[17.879s][debug][gc,phases      ] GC(37) Weak Processing 0.385ms
[17.879s][debug][gc,phases      ] GC(37) ClassLoaderData 0.084ms
[17.879s][debug][gc,phases      ] GC(37) Trigger cleanups 0.000ms
[17.888s][debug][gc,phases      ] GC(37) Class Unloading 9.313ms
[17.888s][info ][gc,phases      ] GC(37) Marking Phase 185.815ms
[17.888s][info ][gc,phases,start] GC(37) Summary Phase
[17.888s][info ][gc,phases      ] GC(37) Summary Phase 0.012ms
[17.888s][info ][gc,phases,start] GC(37) Adjust Roots
[17.898s][info ][gc,phases      ] GC(37) Adjust Roots 9.663ms
[17.898s][info ][gc,phases,start] GC(37) Compaction Phase
[18.405s][info ][gc,phases      ] GC(37) Compaction Phase 507.088ms
[18.405s][info ][gc,phases,start] GC(37) Post Compact
[18.407s][info ][gc,phases      ] GC(37) Post Compact 1.649ms
[18.407s][info ][gc,heap        ] GC(37) PSYoungGen: 157712K(1693184K)->152211K(1693184K) Eden: 0K(1271296K)->0K(1271296K) From: 157712K(421888K)->152211K(421888K)
[18.407s][info ][gc,heap        ] GC(37) ParOldGen: 363355K(363520K)->363451K(451072K)
[18.407s][info ][gc,metaspace   ] GC(37) Metaspace: 68103K(68864K)->68103K(68864K) NonClass: 58167K(58560K)->58167K(58560K) Class: 9935K(10304K)->9935K(10304K)
[18.407s][info ][gc             ] GC(37) Pause Full (Ergonomics) 508M->503M(2094M) 704.547ms
[18.407s][info ][gc,cpu         ] GC(37) User=2.74s Sys=0.00s Real=0.71s
[18.407s][info ][safepoint      ] Safepoint "ParallelGCFailedAllocation", Time since last: 42423764 ns, Reaching safepoint: 126702 ns, At safepoint: 815054177 ns, Total: 815180879 ns
[18.522s][info ][safepoint      ] Safepoint "ICBufferFull", Time since last: 114268957 ns, Reaching safepoint: 140503 ns, At safepoint: 23500 ns, Total: 164003 ns
[18.570s][info ][safepoint      ] Safepoint "ICBufferFull", Time since last: 48381072 ns, Reaching safepoint: 128002 ns, At safepoint: 33800 ns, Total: 161802 ns
[18.630s][info ][safepoint      ] Safepoint "ICBufferFull", Time since last: 59912479 ns, Reaching safepoint: 125202 ns, At safepoint: 27501 ns, Total: 152703 ns
[18.657s][info ][safepoint      ] Safepoint "ICBufferFull", Time since last: 26197872 ns, Reaching safepoint: 140002 ns, At safepoint: 26001 ns, Total: 166003 ns
[18.658s][info ][safepoint      ] Safepoint "ICBufferFull", Time since last: 1039118 ns, Reaching safepoint: 106702 ns, At safepoint: 26601 ns, Total: 133303 ns
[18.659s][info ][safepoint      ] Safepoint "ICBufferFull", Time since last: 888916 ns, Reaching safepoint: 172003 ns, At safepoint: 26000 ns, Total: 198003 ns
[18.663s][info ][safepoint      ] Safepoint "ICBufferFull", Time since last: 4482281 ns, Reaching safepoint: 111002 ns, At safepoint: 27401 ns, Total: 138403 ns
[18.664s][info ][safepoint      ] Safepoint "ICBufferFull", Time since last: 899416 ns, Reaching safepoint: 107702 ns, At safepoint: 27000 ns, Total: 134702 ns
[18.726s][info ][gc,start       ] GC(38) Pause Young (Allocation Failure)
[18.857s][debug][gc,phases      ] GC(38) Scavenge 131.147ms
[18.857s][debug][gc,ref         ] GC(38) Skipped phase 1 of Reference Processing: no references
[18.857s][debug][gc,ref         ] GC(38) ReferenceProcessor::execute queues: 1, RefProcThreadModel::Single, marks_oops_alive: false
[18.857s][debug][gc,ref         ] GC(38) Skipped phase 3 of Reference Processing: no references
[18.857s][debug][gc,ref         ] GC(38) ReferenceProcessor::execute queues: 1, RefProcThreadModel::Single, marks_oops_alive: false
[18.857s][debug][gc,phases      ] GC(38) Reference Processing 0.109ms
[18.857s][debug][gc,phases      ] GC(38)   VM Weak                        Min:  0.0, Avg:  0.0, Max:  0.0, Diff:  0.0, Sum:  0.0, Workers: 4
[18.857s][debug][gc,phases      ] GC(38)     Dead                           Min: 0, Avg:  0.0, Max: 0, Diff: 0, Sum: 0, Workers: 4
[18.857s][debug][gc,phases      ] GC(38)     Total                          Min: 0, Avg: 146.8, Max: 587, Diff: 587, Sum: 587, Workers: 4
[18.857s][debug][gc,phases      ] GC(38)   ObjectSynchronizer Weak        Min:  0.0, Avg:  0.0, Max:  0.0, Diff:  0.0, Sum:  0.0, Workers: 4
[18.857s][debug][gc,phases      ] GC(38)     Dead                           Min: 0, Avg:  0.0, Max: 0, Diff: 0, Sum: 0, Workers: 4
[18.857s][debug][gc,phases      ] GC(38)     Total                          Min: 0, Avg: 109.0, Max: 436, Diff: 436, Sum: 436, Workers: 4
[18.857s][debug][gc,phases      ] GC(38)   JVMTI Tag Weak OopStorage      Min:  0.0, Avg:  0.0, Max:  0.0, Diff:  0.0, Sum:  0.0, Workers: 4
[18.857s][debug][gc,phases      ] GC(38)     Dead                           Min: 0, Avg:  0.0, Max: 0, Diff: 0, Sum: 0, Workers: 4
[18.857s][debug][gc,phases      ] GC(38)     Total                          Min: 0, Avg:  0.0, Max: 0, Diff: 0, Sum: 0, Workers: 4
[18.857s][debug][gc,phases      ] GC(38)   StringTable Weak               Min:  0.1, Avg:  0.1, Max:  0.1, Diff:  0.0, Sum:  0.4, Workers: 4
[18.857s][debug][gc,phases      ] GC(38)     Dead                           Min: 0, Avg:  2.8, Max: 11, Diff: 11, Sum: 11, Workers: 4
[18.857s][debug][gc,phases      ] GC(38)     Total                          Min: 8768, Avg: 10686.2, Max: 12544, Diff: 3776, Sum: 42745, Workers: 4
[18.857s][debug][gc,phases      ] GC(38)   ResolvedMethodTable Weak       Min:  0.0, Avg:  0.0, Max:  0.0, Diff:  0.0, Sum:  0.1, Workers: 4
[18.857s][debug][gc,phases      ] GC(38)     Dead                           Min: 0, Avg:  0.0, Max: 0, Diff: 0, Sum: 0, Workers: 4
[18.857s][debug][gc,phases      ] GC(38)     Total                          Min: 1656, Avg: 1773.5, Max: 1856, Diff: 200, Sum: 7094, Workers: 4
[18.857s][debug][gc,phases      ] GC(38)   JNI Weak                       Min:  0.0, Avg:  0.0, Max:  0.0, Diff:  0.0, Sum:  0.0, Workers: 4
[18.857s][debug][gc,phases      ] GC(38)     Dead                           Min: 0, Avg:  0.0, Max: 0, Diff: 0, Sum: 0, Workers: 4
[18.857s][debug][gc,phases      ] GC(38)     Total                          Min: 0, Avg:  1.2, Max: 5, Diff: 5, Sum: 5, Workers: 4
[18.857s][debug][gc,phases      ] GC(38)   StringDedup Table Weak         Min:  0.0, Avg:  0.0, Max:  0.0, Diff:  0.0, Sum:  0.0, Workers: 4
[18.857s][debug][gc,phases      ] GC(38)     Dead                           Min: 0, Avg:  0.0, Max: 0, Diff: 0, Sum: 0, Workers: 4
[18.857s][debug][gc,phases      ] GC(38)     Total                          Min: 0, Avg:  0.0, Max: 0, Diff: 0, Sum: 0, Workers: 4
[18.857s][debug][gc,phases      ] GC(38)   StringDedup Requests0 Weak     Min:  0.0, Avg:  0.0, Max:  0.0, Diff:  0.0, Sum:  0.0, Workers: 4
[18.857s][debug][gc,phases      ] GC(38)     Dead                           Min: 0, Avg:  0.0, Max: 0, Diff: 0, Sum: 0, Workers: 4
[18.857s][debug][gc,phases      ] GC(38)     Total                          Min: 0, Avg:  0.0, Max: 0, Diff: 0, Sum: 0, Workers: 4
[18.857s][debug][gc,phases      ] GC(38)   StringDedup Requests1 Weak     Min:  0.0, Avg:  0.0, Max:  0.0, Diff:  0.0, Sum:  0.0, Workers: 4
[18.857s][debug][gc,phases      ] GC(38)     Dead                           Min: 0, Avg:  0.0, Max: 0, Diff: 0, Sum: 0, Workers: 4
[18.857s][debug][gc,phases      ] GC(38)     Total                          Min: 0, Avg:  0.0, Max: 0, Diff: 0, Sum: 0, Workers: 4
[18.857s][debug][gc,phases      ] GC(38)   Weak JFR Old Object Samples    Min:  0.0, Avg:  0.0, Max:  0.0, Diff:  0.0, Sum:  0.0, Workers: 4
[18.857s][debug][gc,phases      ] GC(38)     Dead                           Min: 0, Avg:  0.0, Max: 0, Diff: 0, Sum: 0, Workers: 4
[18.857s][debug][gc,phases      ] GC(38)     Total                          Min: 0, Avg:  0.0, Max: 0, Diff: 0, Sum: 0, Workers: 4
[18.857s][debug][gc,phases      ] GC(38) Weak Processing 0.304ms
[18.857s][debug][gc,age         ] GC(38) Desired survivor size 418381824 bytes, new threshold 9 (max threshold 15)
[18.857s][info ][gc,heap        ] GC(38) PSYoungGen: 1423507K(1693184K)->29680K(1675264K) Eden: 1271296K(1271296K)->0K(1271296K) From: 152211K(421888K)->29680K(403968K)
[18.857s][info ][gc,heap        ] GC(38) ParOldGen: 363451K(451072K)->488083K(488448K)
[18.857s][info ][gc,metaspace   ] GC(38) Metaspace: 68121K(68928K)->68121K(68928K) NonClass: 58186K(58624K)->58186K(58624K) Class: 9935K(10304K)->9935K(10304K)
[18.857s][info ][gc             ] GC(38) Pause Young (Allocation Failure) 1745M->505M(2113M) 131.694ms
[18.857s][info ][gc,cpu         ] GC(38) User=0.45s Sys=0.07s Real=0.14s
[18.857s][debug][gc,phases      ] GC(39) Pre Compact 0.010ms
[18.857s][info ][gc,start       ] GC(39) Pause Full (Ergonomics)
[18.857s][info ][gc,phases,start] GC(39) Marking Phase
[19.040s][debug][gc,phases      ] GC(39) Par Mark 182.799ms
[19.040s][debug][gc,ref         ] GC(39) Skipped phase 1 of Reference Processing: no references
[19.040s][debug][gc,ref         ] GC(39) ReferenceProcessor::execute queues: 4, RefProcThreadModel::Multi, marks_oops_alive: false
[19.041s][debug][gc,ref         ] GC(39) Skipped phase 3 of Reference Processing: no references
[19.041s][debug][gc,ref         ] GC(39) ReferenceProcessor::execute queues: 1, RefProcThreadModel::Single, marks_oops_alive: false
[19.041s][debug][gc,phases      ] GC(39) Reference Processing 0.389ms
[19.041s][debug][gc,phases      ] GC(39)   VM Weak                        Min:  0.0, Avg:  0.0, Max:  0.0, Diff:  0.0, Sum:  0.0, Workers: 4
[19.041s][debug][gc,phases      ] GC(39)     Dead                           Min: 0, Avg:  0.0, Max: 0, Diff: 0, Sum: 0, Workers: 4
[19.041s][debug][gc,phases      ] GC(39)     Total                          Min: 11, Avg: 146.8, Max: 256, Diff: 245, Sum: 587, Workers: 4
[19.041s][debug][gc,phases      ] GC(39)   ObjectSynchronizer Weak        Min:  0.0, Avg:  0.0, Max:  0.0, Diff:  0.0, Sum:  0.0, Workers: 4
[19.041s][debug][gc,phases      ] GC(39)     Dead                           Min: 0, Avg:  0.0, Max: 0, Diff: 0, Sum: 0, Workers: 4
[19.041s][debug][gc,phases      ] GC(39)     Total                          Min: 64, Avg: 109.0, Max: 128, Diff: 64, Sum: 436, Workers: 4
[19.041s][debug][gc,phases      ] GC(39)   JVMTI Tag Weak OopStorage      Min:  0.0, Avg:  0.0, Max:  0.0, Diff:  0.0, Sum:  0.0, Workers: 4
[19.041s][debug][gc,phases      ] GC(39)     Dead                           Min: 0, Avg:  0.0, Max: 0, Diff: 0, Sum: 0, Workers: 4
[19.041s][debug][gc,phases      ] GC(39)     Total                          Min: 0, Avg:  0.0, Max: 0, Diff: 0, Sum: 0, Workers: 4
[19.041s][debug][gc,phases      ] GC(39)   StringTable Weak               Min:  0.1, Avg:  0.1, Max:  0.1, Diff:  0.0, Sum:  0.6, Workers: 4
[19.041s][debug][gc,phases      ] GC(39)     Dead                           Min: 0, Avg:  0.0, Max: 0, Diff: 0, Sum: 0, Workers: 4
[19.041s][debug][gc,phases      ] GC(39)     Total                          Min: 9280, Avg: 10686.2, Max: 11904, Diff: 2624, Sum: 42745, Workers: 4
[19.041s][debug][gc,phases      ] GC(39)   ResolvedMethodTable Weak       Min:  0.0, Avg:  0.0, Max:  0.0, Diff:  0.0, Sum:  0.1, Workers: 4
[19.041s][debug][gc,phases      ] GC(39)     Dead                           Min: 0, Avg:  0.0, Max: 0, Diff: 0, Sum: 0, Workers: 4
[19.041s][debug][gc,phases      ] GC(39)     Total                          Min: 1472, Avg: 1773.5, Max: 1984, Diff: 512, Sum: 7094, Workers: 4
[19.041s][debug][gc,phases      ] GC(39)   JNI Weak                       Min:  0.0, Avg:  0.0, Max:  0.0, Diff:  0.0, Sum:  0.0, Workers: 4
[19.041s][debug][gc,phases      ] GC(39)     Dead                           Min: 0, Avg:  0.0, Max: 0, Diff: 0, Sum: 0, Workers: 4
[19.041s][debug][gc,phases      ] GC(39)     Total                          Min: 0, Avg:  1.2, Max: 5, Diff: 5, Sum: 5, Workers: 4
[19.041s][debug][gc,phases      ] GC(39)   StringDedup Table Weak         Min:  0.0, Avg:  0.0, Max:  0.0, Diff:  0.0, Sum:  0.0, Workers: 4
[19.041s][debug][gc,phases      ] GC(39)     Dead                           Min: 0, Avg:  0.0, Max: 0, Diff: 0, Sum: 0, Workers: 4
[19.041s][debug][gc,phases      ] GC(39)     Total                          Min: 0, Avg:  0.0, Max: 0, Diff: 0, Sum: 0, Workers: 4
[19.041s][debug][gc,phases      ] GC(39)   StringDedup Requests0 Weak     Min:  0.0, Avg:  0.0, Max:  0.0, Diff:  0.0, Sum:  0.0, Workers: 4
[19.041s][debug][gc,phases      ] GC(39)     Dead                           Min: 0, Avg:  0.0, Max: 0, Diff: 0, Sum: 0, Workers: 4
[19.041s][debug][gc,phases      ] GC(39)     Total                          Min: 0, Avg:  0.0, Max: 0, Diff: 0, Sum: 0, Workers: 4
[19.041s][debug][gc,phases      ] GC(39)   StringDedup Requests1 Weak     Min:  0.0, Avg:  0.0, Max:  0.0, Diff:  0.0, Sum:  0.0, Workers: 4
[19.041s][debug][gc,phases      ] GC(39)     Dead                           Min: 0, Avg:  0.0, Max: 0, Diff: 0, Sum: 0, Workers: 4
[19.041s][debug][gc,phases      ] GC(39)     Total                          Min: 0, Avg:  0.0, Max: 0, Diff: 0, Sum: 0, Workers: 4
[19.041s][debug][gc,phases      ] GC(39)   Weak JFR Old Object Samples    Min:  0.0, Avg:  0.0, Max:  0.0, Diff:  0.0, Sum:  0.0, Workers: 4
[19.041s][debug][gc,phases      ] GC(39)     Dead                           Min: 0, Avg:  0.0, Max: 0, Diff: 0, Sum: 0, Workers: 4
[19.041s][debug][gc,phases      ] GC(39)     Total                          Min: 0, Avg:  0.0, Max: 0, Diff: 0, Sum: 0, Workers: 4
[19.041s][debug][gc,phases      ] GC(39) Weak Processing 0.366ms
[19.041s][debug][gc,phases      ] GC(39) ClassLoaderData 0.079ms
[19.041s][debug][gc,phases      ] GC(39) Trigger cleanups 0.000ms
[19.050s][debug][gc,phases      ] GC(39) Class Unloading 9.073ms
[19.050s][info ][gc,phases      ] GC(39) Marking Phase 192.759ms
[19.050s][info ][gc,phases,start] GC(39) Summary Phase
[19.050s][info ][gc,phases      ] GC(39) Summary Phase 0.010ms
[19.050s][info ][gc,phases,start] GC(39) Adjust Roots
[19.057s][info ][gc,phases      ] GC(39) Adjust Roots 6.757ms
[19.057s][info ][gc,phases,start] GC(39) Compaction Phase
[19.457s][info ][gc,phases      ] GC(39) Compaction Phase 400.088ms
[19.457s][info ][gc,phases,start] GC(39) Post Compact
[19.458s][info ][gc,phases      ] GC(39) Post Compact 1.404ms
[19.459s][info ][gc,heap        ] GC(39) PSYoungGen: 29680K(1675264K)->23374K(1675264K) Eden: 0K(1271296K)->0K(1271296K) From: 29680K(403968K)->23374K(403968K)
[19.459s][info ][gc,heap        ] GC(39) ParOldGen: 488083K(488448K)->488342K(619520K)
[19.459s][info ][gc,metaspace   ] GC(39) Metaspace: 68121K(68928K)->68121K(68928K) NonClass: 58186K(58624K)->58186K(58624K) Class: 9935K(10304K)->9935K(10304K)
[19.459s][info ][gc             ] GC(39) Pause Full (Ergonomics) 505M->499M(2241M) 601.362ms
[19.459s][info ][gc,cpu         ] GC(39) User=2.35s Sys=0.01s Real=0.60s
[19.459s][info ][safepoint      ] Safepoint "ParallelGCFailedAllocation", Time since last: 60960498 ns, Reaching safepoint: 131202 ns, At safepoint: 733262504 ns, Total: 733393706 ns
[19.556s][info ][safepoint      ] Safepoint "ICBufferFull", Time since last: 96981746 ns, Reaching safepoint: 131802 ns, At safepoint: 28101 ns, Total: 159903 ns
[19.627s][info ][safepoint      ] Safepoint "ICBufferFull", Time since last: 71217582 ns, Reaching safepoint: 127102 ns, At safepoint: 29801 ns, Total: 156903 ns
[19.638s][info ][gc,start       ] GC(40) Pause Young (Allocation Failure)
[19.690s][debug][gc,phases      ] GC(40) Scavenge 52.377ms
[19.690s][debug][gc,ref         ] GC(40) Skipped phase 1 of Reference Processing: no references
[19.691s][debug][gc,ref         ] GC(40) ReferenceProcessor::execute queues: 1, RefProcThreadModel::Single, marks_oops_alive: false
[19.691s][debug][gc,ref         ] GC(40) Skipped phase 3 of Reference Processing: no references
[19.691s][debug][gc,ref         ] GC(40) ReferenceProcessor::execute queues: 1, RefProcThreadModel::Single, marks_oops_alive: false
[19.691s][debug][gc,phases      ] GC(40) Reference Processing 0.104ms
[19.691s][debug][gc,phases      ] GC(40)   VM Weak                        Min:  0.0, Avg:  0.0, Max:  0.0, Diff:  0.0, Sum:  0.0, Workers: 4
[19.691s][debug][gc,phases      ] GC(40)     Dead                           Min: 0, Avg:  0.0, Max: 0, Diff: 0, Sum: 0, Workers: 4
[19.691s][debug][gc,phases      ] GC(40)     Total                          Min: 0, Avg: 146.8, Max: 587, Diff: 587, Sum: 587, Workers: 4
[19.691s][debug][gc,phases      ] GC(40)   ObjectSynchronizer Weak        Min:  0.0, Avg:  0.0, Max:  0.0, Diff:  0.0, Sum:  0.0, Workers: 4
[19.691s][debug][gc,phases      ] GC(40)     Dead                           Min: 0, Avg:  0.0, Max: 0, Diff: 0, Sum: 0, Workers: 4
[19.691s][debug][gc,phases      ] GC(40)     Total                          Min: 0, Avg: 109.0, Max: 436, Diff: 436, Sum: 436, Workers: 4
[19.691s][debug][gc,phases      ] GC(40)   JVMTI Tag Weak OopStorage      Min:  0.0, Avg:  0.0, Max:  0.0, Diff:  0.0, Sum:  0.0, Workers: 4
[19.691s][debug][gc,phases      ] GC(40)     Dead                           Min: 0, Avg:  0.0, Max: 0, Diff: 0, Sum: 0, Workers: 4
[19.691s][debug][gc,phases      ] GC(40)     Total                          Min: 0, Avg:  0.0, Max: 0, Diff: 0, Sum: 0, Workers: 4
[19.691s][debug][gc,phases      ] GC(40)   StringTable Weak               Min:  0.1, Avg:  0.1, Max:  0.1, Diff:  0.0, Sum:  0.4, Workers: 4
[19.691s][debug][gc,phases      ] GC(40)     Dead                           Min: 0, Avg:  3.2, Max: 7, Diff: 7, Sum: 13, Workers: 4
[19.691s][debug][gc,phases      ] GC(40)     Total                          Min: 9663, Avg: 10691.2, Max: 11263, Diff: 1600, Sum: 42765, Workers: 4
[19.691s][debug][gc,phases      ] GC(40)   ResolvedMethodTable Weak       Min:  0.0, Avg:  0.0, Max:  0.0, Diff:  0.0, Sum:  0.1, Workers: 4
[19.691s][debug][gc,phases      ] GC(40)     Dead                           Min: 0, Avg:  4.2, Max: 8, Diff: 8, Sum: 17, Workers: 4
[19.691s][debug][gc,phases      ] GC(40)     Total                          Min: 1600, Avg: 1775.8, Max: 1920, Diff: 320, Sum: 7103, Workers: 4
[19.691s][debug][gc,phases      ] GC(40)   JNI Weak                       Min:  0.0, Avg:  0.0, Max:  0.0, Diff:  0.0, Sum:  0.0, Workers: 4
[19.691s][debug][gc,phases      ] GC(40)     Dead                           Min: 0, Avg:  0.0, Max: 0, Diff: 0, Sum: 0, Workers: 4
[19.691s][debug][gc,phases      ] GC(40)     Total                          Min: 0, Avg:  0.2, Max: 1, Diff: 1, Sum: 1, Workers: 4
[19.691s][debug][gc,phases      ] GC(40)   StringDedup Table Weak         Min:  0.0, Avg:  0.0, Max:  0.0, Diff:  0.0, Sum:  0.0, Workers: 4
[19.691s][debug][gc,phases      ] GC(40)     Dead                           Min: 0, Avg:  0.0, Max: 0, Diff: 0, Sum: 0, Workers: 4
[19.691s][debug][gc,phases      ] GC(40)     Total                          Min: 0, Avg:  0.0, Max: 0, Diff: 0, Sum: 0, Workers: 4
[19.691s][debug][gc,phases      ] GC(40)   StringDedup Requests0 Weak     Min:  0.0, Avg:  0.0, Max:  0.0, Diff:  0.0, Sum:  0.0, Workers: 4
[19.691s][debug][gc,phases      ] GC(40)     Dead                           Min: 0, Avg:  0.0, Max: 0, Diff: 0, Sum: 0, Workers: 4
[19.691s][debug][gc,phases      ] GC(40)     Total                          Min: 0, Avg:  0.0, Max: 0, Diff: 0, Sum: 0, Workers: 4
[19.691s][debug][gc,phases      ] GC(40)   StringDedup Requests1 Weak     Min:  0.0, Avg:  0.0, Max:  0.0, Diff:  0.0, Sum:  0.0, Workers: 4
[19.691s][debug][gc,phases      ] GC(40)     Dead                           Min: 0, Avg:  0.0, Max: 0, Diff: 0, Sum: 0, Workers: 4
[19.691s][debug][gc,phases      ] GC(40)     Total                          Min: 0, Avg:  0.0, Max: 0, Diff: 0, Sum: 0, Workers: 4
[19.691s][debug][gc,phases      ] GC(40)   Weak JFR Old Object Samples    Min:  0.0, Avg:  0.0, Max:  0.0, Diff:  0.0, Sum:  0.0, Workers: 4
[19.691s][debug][gc,phases      ] GC(40)     Dead                           Min: 0, Avg:  0.0, Max: 0, Diff: 0, Sum: 0, Workers: 4
[19.691s][debug][gc,phases      ] GC(40)     Total                          Min: 0, Avg:  0.0, Max: 0, Diff: 0, Sum: 0, Workers: 4
[19.691s][debug][gc,phases      ] GC(40) Weak Processing 0.292ms
[19.691s][debug][gc,age         ] GC(40) Desired survivor size 419430400 bytes, new threshold 10 (max threshold 15)
[19.691s][info ][gc,heap        ] GC(40) PSYoungGen: 1294670K(1675264K)->23703K(1686528K) Eden: 1271296K(1271296K)->0K(1277952K) From: 23374K(403968K)->23703K(408576K)
[19.691s][info ][gc,heap        ] GC(40) ParOldGen: 488342K(619520K)->490838K(619520K)
[19.691s][info ][gc,metaspace   ] GC(40) Metaspace: 68214K(68992K)->68214K(68992K) NonClass: 58272K(58688K)->58272K(58688K) Class: 9942K(10304K)->9942K(10304K)
[19.691s][info ][gc             ] GC(40) Pause Young (Allocation Failure) 1741M->502M(2252M) 52.897ms
[19.691s][info ][gc,cpu         ] GC(40) User=0.21s Sys=0.00s Real=0.05s
[19.691s][info ][safepoint      ] Safepoint "ParallelGCFailedAllocation", Time since last: 10478288 ns, Reaching safepoint: 135203 ns, At safepoint: 53026255 ns, Total: 53161458 ns
[19.753s][info ][safepoint      ] Safepoint "ICBufferFull", Time since last: 61425506 ns, Reaching safepoint: 123102 ns, At safepoint: 30700 ns, Total: 153802 ns
[19.805s][info ][safepoint      ] Safepoint "ICBufferFull", Time since last: 52744050 ns, Reaching safepoint: 157103 ns, At safepoint: 32501 ns, Total: 189604 ns
[19.846s][info ][safepoint      ] Safepoint "ICBufferFull", Time since last: 40325526 ns, Reaching safepoint: 138602 ns, At safepoint: 29601 ns, Total: 168203 ns
[19.895s][info ][safepoint      ] Safepoint "ICBufferFull", Time since last: 49122684 ns, Reaching safepoint: 122102 ns, At safepoint: 28701 ns, Total: 150803 ns
[19.954s][info ][safepoint      ] Safepoint "ICBufferFull", Time since last: 58468653 ns, Reaching safepoint: 147602 ns, At safepoint: 30401 ns, Total: 178003 ns
[19.999s][info ][safepoint      ] Safepoint "ICBufferFull", Time since last: 41926355 ns, Reaching safepoint: 3248358 ns, At safepoint: 38001 ns, Total: 3286359 ns
[20.020s][info ][gc,start       ] GC(41) Pause Young (Allocation Failure)
[20.029s][debug][gc,phases      ] GC(41) Scavenge 9.801ms
[20.030s][debug][gc,ref         ] GC(41) Skipped phase 1 of Reference Processing: no references
[20.030s][debug][gc,ref         ] GC(41) ReferenceProcessor::execute queues: 1, RefProcThreadModel::Single, marks_oops_alive: false
[20.030s][debug][gc,ref         ] GC(41) Skipped phase 3 of Reference Processing: no references
[20.030s][debug][gc,ref         ] GC(41) ReferenceProcessor::execute queues: 1, RefProcThreadModel::Single, marks_oops_alive: false
[20.030s][debug][gc,phases      ] GC(41) Reference Processing 0.127ms
[20.030s][debug][gc,phases      ] GC(41)   VM Weak                        Min:  0.0, Avg:  0.0, Max:  0.0, Diff:  0.0, Sum:  0.0, Workers: 4
[20.030s][debug][gc,phases      ] GC(41)     Dead                           Min: 0, Avg:  0.0, Max: 0, Diff: 0, Sum: 0, Workers: 4
[20.030s][debug][gc,phases      ] GC(41)     Total                          Min: 0, Avg: 146.8, Max: 320, Diff: 320, Sum: 587, Workers: 4
[20.030s][debug][gc,phases      ] GC(41)   ObjectSynchronizer Weak        Min:  0.0, Avg:  0.0, Max:  0.0, Diff:  0.0, Sum:  0.0, Workers: 4
[20.030s][debug][gc,phases      ] GC(41)     Dead                           Min: 0, Avg:  0.0, Max: 0, Diff: 0, Sum: 0, Workers: 4
[20.030s][debug][gc,phases      ] GC(41)     Total                          Min: 0, Avg: 109.0, Max: 256, Diff: 256, Sum: 436, Workers: 4
[20.030s][debug][gc,phases      ] GC(41)   JVMTI Tag Weak OopStorage      Min:  0.0, Avg:  0.0, Max:  0.0, Diff:  0.0, Sum:  0.0, Workers: 4
[20.030s][debug][gc,phases      ] GC(41)     Dead                           Min: 0, Avg:  0.0, Max: 0, Diff: 0, Sum: 0, Workers: 4
[20.030s][debug][gc,phases      ] GC(41)     Total                          Min: 0, Avg:  0.0, Max: 0, Diff: 0, Sum: 0, Workers: 4
[20.030s][debug][gc,phases      ] GC(41)   StringTable Weak               Min:  0.1, Avg:  0.1, Max:  0.1, Diff:  0.0, Sum:  0.4, Workers: 4
[20.030s][debug][gc,phases      ] GC(41)     Dead                           Min: 0, Avg:  2.8, Max: 11, Diff: 11, Sum: 11, Workers: 4
[20.030s][debug][gc,phases      ] GC(41)     Total                          Min: 10104, Avg: 10693.8, Max: 11771, Diff: 1667, Sum: 42775, Workers: 4
[20.030s][debug][gc,phases      ] GC(41)   ResolvedMethodTable Weak       Min:  0.0, Avg:  0.0, Max:  0.0, Diff:  0.0, Sum:  0.1, Workers: 4
[20.030s][debug][gc,phases      ] GC(41)     Dead                           Min: 0, Avg:  0.0, Max: 0, Diff: 0, Sum: 0, Workers: 4
[20.030s][debug][gc,phases      ] GC(41)     Total                          Min: 1600, Avg: 1776.2, Max: 1920, Diff: 320, Sum: 7105, Workers: 4
[20.030s][debug][gc,phases      ] GC(41)   JNI Weak                       Min:  0.0, Avg:  0.0, Max:  0.0, Diff:  0.0, Sum:  0.0, Workers: 4
[20.030s][debug][gc,phases      ] GC(41)     Dead                           Min: 0, Avg:  0.0, Max: 0, Diff: 0, Sum: 0, Workers: 4
[20.030s][debug][gc,phases      ] GC(41)     Total                          Min: 0, Avg:  0.8, Max: 3, Diff: 3, Sum: 3, Workers: 4
[20.030s][debug][gc,phases      ] GC(41)   StringDedup Table Weak         Min:  0.0, Avg:  0.0, Max:  0.0, Diff:  0.0, Sum:  0.0, Workers: 4
[20.030s][debug][gc,phases      ] GC(41)     Dead                           Min: 0, Avg:  0.0, Max: 0, Diff: 0, Sum: 0, Workers: 4
[20.030s][debug][gc,phases      ] GC(41)     Total                          Min: 0, Avg:  0.0, Max: 0, Diff: 0, Sum: 0, Workers: 4
[20.030s][debug][gc,phases      ] GC(41)   StringDedup Requests0 Weak     Min:  0.0, Avg:  0.0, Max:  0.0, Diff:  0.0, Sum:  0.0, Workers: 4
[20.030s][debug][gc,phases      ] GC(41)     Dead                           Min: 0, Avg:  0.0, Max: 0, Diff: 0, Sum: 0, Workers: 4
[20.030s][debug][gc,phases      ] GC(41)     Total                          Min: 0, Avg:  0.0, Max: 0, Diff: 0, Sum: 0, Workers: 4
[20.030s][debug][gc,phases      ] GC(41)   StringDedup Requests1 Weak     Min:  0.0, Avg:  0.0, Max:  0.0, Diff:  0.0, Sum:  0.0, Workers: 4
[20.030s][debug][gc,phases      ] GC(41)     Dead                           Min: 0, Avg:  0.0, Max: 0, Diff: 0, Sum: 0, Workers: 4
[20.030s][debug][gc,phases      ] GC(41)     Total                          Min: 0, Avg:  0.0, Max: 0, Diff: 0, Sum: 0, Workers: 4
[20.030s][debug][gc,phases      ] GC(41)   Weak JFR Old Object Samples    Min:  0.0, Avg:  0.0, Max:  0.0, Diff:  0.0, Sum:  0.0, Workers: 4
[20.030s][debug][gc,phases      ] GC(41)     Dead                           Min: 0, Avg:  0.0, Max: 0, Diff: 0, Sum: 0, Workers: 4
[20.030s][debug][gc,phases      ] GC(41)     Total                          Min: 0, Avg:  0.0, Max: 0, Diff: 0, Sum: 0, Workers: 4
[20.030s][debug][gc,phases      ] GC(41) Weak Processing 0.310ms
[20.030s][debug][gc,age         ] GC(41) Desired survivor size 416284672 bytes, new threshold 11 (max threshold 15)
[20.030s][info ][gc,heap        ] GC(41) PSYoungGen: 1301655K(1686528K)->25104K(1687552K) Eden: 1277952K(1277952K)->0K(1277952K) From: 23703K(408576K)->25104K(409600K)
[20.030s][info ][gc,heap        ] GC(41) ParOldGen: 490838K(619520K)->490846K(619520K)
[20.030s][info ][gc,metaspace   ] GC(41) Metaspace: 68230K(68992K)->68230K(68992K) NonClass: 58287K(58688K)->58287K(58688K) Class: 9942K(10304K)->9942K(10304K)
[20.030s][info ][gc             ] GC(41) Pause Young (Allocation Failure) 1750M->503M(2253M) 10.355ms
[20.030s][info ][gc,cpu         ] GC(41) User=0.04s Sys=0.00s Real=0.01s
[20.030s][info ][safepoint      ] Safepoint "ParallelGCFailedAllocation", Time since last: 20373467 ns, Reaching safepoint: 114802 ns, At safepoint: 10463788 ns, Total: 10578590 ns
[20.068s][info ][safepoint      ] Safepoint "ICBufferFull", Time since last: 37923583 ns, Reaching safepoint: 127202 ns, At safepoint: 23101 ns, Total: 150303 ns
[20.133s][info ][safepoint      ] Safepoint "ICBufferFull", Time since last: 65129573 ns, Reaching safepoint: 158502 ns, At safepoint: 23901 ns, Total: 182403 ns
[20.226s][info ][safepoint      ] Safepoint "ICBufferFull", Time since last: 92198260 ns, Reaching safepoint: 134702 ns, At safepoint: 26401 ns, Total: 161103 ns
[20.274s][info ][gc,start       ] GC(42) Pause Young (Allocation Failure)
[20.285s][debug][gc,phases      ] GC(42) Scavenge 10.552ms
[20.285s][debug][gc,ref         ] GC(42) Skipped phase 1 of Reference Processing: no references
[20.285s][debug][gc,ref         ] GC(42) ReferenceProcessor::execute queues: 1, RefProcThreadModel::Single, marks_oops_alive: false
[20.285s][debug][gc,ref         ] GC(42) Skipped phase 3 of Reference Processing: no references
[20.285s][debug][gc,ref         ] GC(42) ReferenceProcessor::execute queues: 1, RefProcThreadModel::Single, marks_oops_alive: false
[20.285s][debug][gc,phases      ] GC(42) Reference Processing 0.106ms
[20.285s][debug][gc,phases      ] GC(42)   VM Weak                        Min:  0.0, Avg:  0.0, Max:  0.0, Diff:  0.0, Sum:  0.0, Workers: 4
[20.285s][debug][gc,phases      ] GC(42)     Dead                           Min: 0, Avg:  0.0, Max: 0, Diff: 0, Sum: 0, Workers: 4
[20.285s][debug][gc,phases      ] GC(42)     Total                          Min: 0, Avg: 146.8, Max: 523, Diff: 523, Sum: 587, Workers: 4
[20.285s][debug][gc,phases      ] GC(42)   ObjectSynchronizer Weak        Min:  0.0, Avg:  0.0, Max:  0.0, Diff:  0.0, Sum:  0.0, Workers: 4
[20.285s][debug][gc,phases      ] GC(42)     Dead                           Min: 0, Avg:  0.0, Max: 0, Diff: 0, Sum: 0, Workers: 4
[20.285s][debug][gc,phases      ] GC(42)     Total                          Min: 0, Avg: 109.0, Max: 256, Diff: 256, Sum: 436, Workers: 4
[20.285s][debug][gc,phases      ] GC(42)   JVMTI Tag Weak OopStorage      Min:  0.0, Avg:  0.0, Max:  0.0, Diff:  0.0, Sum:  0.0, Workers: 4
[20.285s][debug][gc,phases      ] GC(42)     Dead                           Min: 0, Avg:  0.0, Max: 0, Diff: 0, Sum: 0, Workers: 4
[20.285s][debug][gc,phases      ] GC(42)     Total                          Min: 0, Avg:  0.0, Max: 0, Diff: 0, Sum: 0, Workers: 4
[20.285s][debug][gc,phases      ] GC(42)   StringTable Weak               Min:  0.1, Avg:  0.1, Max:  0.1, Diff:  0.0, Sum:  0.4, Workers: 4
[20.285s][debug][gc,phases      ] GC(42)     Dead                           Min: 0, Avg:  0.0, Max: 0, Diff: 0, Sum: 0, Workers: 4
[20.285s][debug][gc,phases      ] GC(42)     Total                          Min: 10048, Avg: 10695.5, Max: 11678, Diff: 1630, Sum: 42782, Workers: 4
[20.285s][debug][gc,phases      ] GC(42)   ResolvedMethodTable Weak       Min:  0.0, Avg:  0.0, Max:  0.0, Diff:  0.0, Sum:  0.1, Workers: 4
[20.285s][debug][gc,phases      ] GC(42)     Dead                           Min: 0, Avg:  0.0, Max: 0, Diff: 0, Sum: 0, Workers: 4
[20.285s][debug][gc,phases      ] GC(42)     Total                          Min: 1600, Avg: 1776.2, Max: 1920, Diff: 320, Sum: 7105, Workers: 4
[20.285s][debug][gc,phases      ] GC(42)   JNI Weak                       Min:  0.0, Avg:  0.0, Max:  0.0, Diff:  0.0, Sum:  0.0, Workers: 4
[20.285s][debug][gc,phases      ] GC(42)     Dead                           Min: 0, Avg:  0.0, Max: 0, Diff: 0, Sum: 0, Workers: 4
[20.285s][debug][gc,phases      ] GC(42)     Total                          Min: 0, Avg:  0.0, Max: 0, Diff: 0, Sum: 0, Workers: 4
[20.285s][debug][gc,phases      ] GC(42)   StringDedup Table Weak         Min:  0.0, Avg:  0.0, Max:  0.0, Diff:  0.0, Sum:  0.0, Workers: 4
[20.285s][debug][gc,phases      ] GC(42)     Dead                           Min: 0, Avg:  0.0, Max: 0, Diff: 0, Sum: 0, Workers: 4
[20.285s][debug][gc,phases      ] GC(42)     Total                          Min: 0, Avg:  0.0, Max: 0, Diff: 0, Sum: 0, Workers: 4
[20.285s][debug][gc,phases      ] GC(42)   StringDedup Requests0 Weak     Min:  0.0, Avg:  0.0, Max:  0.0, Diff:  0.0, Sum:  0.0, Workers: 4
[20.285s][debug][gc,phases      ] GC(42)     Dead                           Min: 0, Avg:  0.0, Max: 0, Diff: 0, Sum: 0, Workers: 4
[20.285s][debug][gc,phases      ] GC(42)     Total                          Min: 0, Avg:  0.0, Max: 0, Diff: 0, Sum: 0, Workers: 4
[20.285s][debug][gc,phases      ] GC(42)   StringDedup Requests1 Weak     Min:  0.0, Avg:  0.0, Max:  0.0, Diff:  0.0, Sum:  0.0, Workers: 4
[20.285s][debug][gc,phases      ] GC(42)     Dead                           Min: 0, Avg:  0.0, Max: 0, Diff: 0, Sum: 0, Workers: 4
[20.285s][debug][gc,phases      ] GC(42)     Total                          Min: 0, Avg:  0.0, Max: 0, Diff: 0, Sum: 0, Workers: 4
[20.285s][debug][gc,phases      ] GC(42)   Weak JFR Old Object Samples    Min:  0.0, Avg:  0.0, Max:  0.0, Diff:  0.0, Sum:  0.0, Workers: 4
[20.285s][debug][gc,phases      ] GC(42)     Dead                           Min: 0, Avg:  0.0, Max: 0, Diff: 0, Sum: 0, Workers: 4
[20.285s][debug][gc,phases      ] GC(42)     Total                          Min: 0, Avg:  0.0, Max: 0, Diff: 0, Sum: 0, Workers: 4
[20.285s][debug][gc,phases      ] GC(42) Weak Processing 0.290ms
[20.285s][debug][gc,age         ] GC(42) Desired survivor size 409468928 bytes, new threshold 12 (max threshold 15)
[20.285s][info ][gc,heap        ] GC(42) PSYoungGen: 1303056K(1687552K)->28160K(1697280K) Eden: 1277952K(1277952K)->0K(1290752K) From: 25104K(409600K)->28160K(406528K)
[20.285s][info ][gc,heap        ] GC(42) ParOldGen: 490846K(619520K)->490846K(619520K)
[20.285s][info ][gc,metaspace   ] GC(42) Metaspace: 68252K(69056K)->68252K(69056K) NonClass: 58309K(58752K)->58309K(58752K) Class: 9942K(10304K)->9942K(10304K)
[20.285s][info ][gc             ] GC(42) Pause Young (Allocation Failure) 1751M->506M(2262M) 11.071ms
[20.285s][info ][gc,cpu         ] GC(42) User=0.04s Sys=0.00s Real=0.01s
[20.285s][info ][safepoint      ] Safepoint "ParallelGCFailedAllocation", Time since last: 48097966 ns, Reaching safepoint: 118202 ns, At safepoint: 11174201 ns, Total: 11292403 ns
[20.313s][info ][safepoint      ] Safepoint "ICBufferFull", Time since last: 27353793 ns, Reaching safepoint: 125902 ns, At safepoint: 26500 ns, Total: 152402 ns
[20.384s][info ][safepoint      ] Safepoint "ICBufferFull", Time since last: 71024879 ns, Reaching safepoint: 152203 ns, At safepoint: 26300 ns, Total: 178503 ns
[20.430s][info ][safepoint      ] Safepoint "ICBufferFull", Time since last: 45680923 ns, Reaching safepoint: 124302 ns, At safepoint: 24501 ns, Total: 148803 ns
[20.457s][info ][safepoint      ] Safepoint "ICBufferFull", Time since last: 26456376 ns, Reaching safepoint: 783114 ns, At safepoint: 26400 ns, Total: 809514 ns
[20.480s][info ][safepoint      ] Safepoint "ICBufferFull", Time since last: 22400304 ns, Reaching safepoint: 125502 ns, At safepoint: 29501 ns, Total: 155003 ns
[20.481s][info ][safepoint      ] Safepoint "ICBufferFull", Time since last: 1047218 ns, Reaching safepoint: 105902 ns, At safepoint: 26701 ns, Total: 132603 ns
[20.482s][info ][safepoint      ] Safepoint "ICBufferFull", Time since last: 723413 ns, Reaching safepoint: 844615 ns, At safepoint: 27301 ns, Total: 871916 ns
[20.493s][info ][safepoint      ] Safepoint "ICBufferFull", Time since last: 10755093 ns, Reaching safepoint: 122502 ns, At safepoint: 26801 ns, Total: 149303 ns
[20.495s][info ][safepoint      ] Safepoint "ICBufferFull", Time since last: 1687230 ns, Reaching safepoint: 100502 ns, At safepoint: 25200 ns, Total: 125702 ns
[20.540s][info ][safepoint      ] Safepoint "ICBufferFull", Time since last: 44379700 ns, Reaching safepoint: 152002 ns, At safepoint: 25201 ns, Total: 177203 ns
[20.557s][info ][safepoint      ] Safepoint "ICBufferFull", Time since last: 17250210 ns, Reaching safepoint: 202704 ns, At safepoint: 25300 ns, Total: 228004 ns
[20.597s][info ][gc,start       ] GC(43) Pause Young (Allocation Failure)
[20.610s][debug][gc,phases      ] GC(43) Scavenge 12.545ms
[20.610s][debug][gc,ref         ] GC(43) Skipped phase 1 of Reference Processing: no references
[20.610s][debug][gc,ref         ] GC(43) ReferenceProcessor::execute queues: 1, RefProcThreadModel::Single, marks_oops_alive: false
[20.610s][debug][gc,ref         ] GC(43) Skipped phase 3 of Reference Processing: no references
[20.610s][debug][gc,ref         ] GC(43) ReferenceProcessor::execute queues: 1, RefProcThreadModel::Single, marks_oops_alive: false
[20.610s][debug][gc,phases      ] GC(43) Reference Processing 0.113ms
[20.610s][debug][gc,phases      ] GC(43)   VM Weak                        Min:  0.0, Avg:  0.0, Max:  0.0, Diff:  0.0, Sum:  0.0, Workers: 4
[20.610s][debug][gc,phases      ] GC(43)     Dead                           Min: 0, Avg:  0.0, Max: 0, Diff: 0, Sum: 0, Workers: 4
[20.610s][debug][gc,phases      ] GC(43)     Total                          Min: 0, Avg: 146.8, Max: 587, Diff: 587, Sum: 587, Workers: 4
[20.610s][debug][gc,phases      ] GC(43)   ObjectSynchronizer Weak        Min:  0.0, Avg:  0.0, Max:  0.0, Diff:  0.0, Sum:  0.0, Workers: 4
[20.610s][debug][gc,phases      ] GC(43)     Dead                           Min: 0, Avg:  0.0, Max: 0, Diff: 0, Sum: 0, Workers: 4
[20.610s][debug][gc,phases      ] GC(43)     Total                          Min: 0, Avg: 109.0, Max: 436, Diff: 436, Sum: 436, Workers: 4
[20.610s][debug][gc,phases      ] GC(43)   JVMTI Tag Weak OopStorage      Min:  0.0, Avg:  0.0, Max:  0.0, Diff:  0.0, Sum:  0.0, Workers: 4
[20.610s][debug][gc,phases      ] GC(43)     Dead                           Min: 0, Avg:  0.0, Max: 0, Diff: 0, Sum: 0, Workers: 4
[20.610s][debug][gc,phases      ] GC(43)     Total                          Min: 0, Avg:  0.0, Max: 0, Diff: 0, Sum: 0, Workers: 4
[20.610s][debug][gc,phases      ] GC(43)   StringTable Weak               Min:  0.1, Avg:  0.1, Max:  0.1, Diff:  0.0, Sum:  0.4, Workers: 4
[20.610s][debug][gc,phases      ] GC(43)     Dead                           Min: 0, Avg:  3.0, Max: 12, Diff: 12, Sum: 12, Workers: 4
[20.610s][debug][gc,phases      ] GC(43)     Total                          Min: 10101, Avg: 10701.0, Max: 11584, Diff: 1483, Sum: 42804, Workers: 4
[20.610s][debug][gc,phases      ] GC(43)   ResolvedMethodTable Weak       Min:  0.0, Avg:  0.0, Max:  0.0, Diff:  0.0, Sum:  0.1, Workers: 4
[20.610s][debug][gc,phases      ] GC(43)     Dead                           Min: 0, Avg:  0.0, Max: 0, Diff: 0, Sum: 0, Workers: 4
[20.610s][debug][gc,phases      ] GC(43)     Total                          Min: 1535, Avg: 1781.5, Max: 1920, Diff: 385, Sum: 7126, Workers: 4
[20.610s][debug][gc,phases      ] GC(43)   JNI Weak                       Min:  0.0, Avg:  0.0, Max:  0.0, Diff:  0.0, Sum:  0.0, Workers: 4
[20.610s][debug][gc,phases      ] GC(43)     Dead                           Min: 0, Avg:  0.0, Max: 0, Diff: 0, Sum: 0, Workers: 4
[20.610s][debug][gc,phases      ] GC(43)     Total                          Min: 0, Avg:  0.0, Max: 0, Diff: 0, Sum: 0, Workers: 4
[20.610s][debug][gc,phases      ] GC(43)   StringDedup Table Weak         Min:  0.0, Avg:  0.0, Max:  0.0, Diff:  0.0, Sum:  0.0, Workers: 4
[20.610s][debug][gc,phases      ] GC(43)     Dead                           Min: 0, Avg:  0.0, Max: 0, Diff: 0, Sum: 0, Workers: 4
[20.610s][debug][gc,phases      ] GC(43)     Total                          Min: 0, Avg:  0.0, Max: 0, Diff: 0, Sum: 0, Workers: 4
[20.610s][debug][gc,phases      ] GC(43)   StringDedup Requests0 Weak     Min:  0.0, Avg:  0.0, Max:  0.0, Diff:  0.0, Sum:  0.0, Workers: 4
[20.610s][debug][gc,phases      ] GC(43)     Dead                           Min: 0, Avg:  0.0, Max: 0, Diff: 0, Sum: 0, Workers: 4
[20.610s][debug][gc,phases      ] GC(43)     Total                          Min: 0, Avg:  0.0, Max: 0, Diff: 0, Sum: 0, Workers: 4
[20.610s][debug][gc,phases      ] GC(43)   StringDedup Requests1 Weak     Min:  0.0, Avg:  0.0, Max:  0.0, Diff:  0.0, Sum:  0.0, Workers: 4
[20.610s][debug][gc,phases      ] GC(43)     Dead                           Min: 0, Avg:  0.0, Max: 0, Diff: 0, Sum: 0, Workers: 4
[20.610s][debug][gc,phases      ] GC(43)     Total                          Min: 0, Avg:  0.0, Max: 0, Diff: 0, Sum: 0, Workers: 4
[20.610s][debug][gc,phases      ] GC(43)   Weak JFR Old Object Samples    Min:  0.0, Avg:  0.0, Max:  0.0, Diff:  0.0, Sum:  0.0, Workers: 4
[20.610s][debug][gc,phases      ] GC(43)     Dead                           Min: 0, Avg:  0.0, Max: 0, Diff: 0, Sum: 0, Workers: 4
[20.610s][debug][gc,phases      ] GC(43)     Total                          Min: 0, Avg:  0.0, Max: 0, Diff: 0, Sum: 0, Workers: 4
[20.611s][debug][gc,phases      ] GC(43) Weak Processing 0.297ms
[20.611s][debug][gc,age         ] GC(43) Desired survivor size 398983168 bytes, new threshold 13 (max threshold 15)
[20.611s][info ][gc,heap        ] GC(43) PSYoungGen: 1318912K(1697280K)->32158K(1690624K) Eden: 1290752K(1290752K)->0K(1290752K) From: 28160K(406528K)->32158K(399872K)
[20.611s][info ][gc,heap        ] GC(43) ParOldGen: 490846K(619520K)->490854K(619520K)
[20.611s][info ][gc,metaspace   ] GC(43) Metaspace: 68314K(69056K)->68314K(69056K) NonClass: 58363K(58752K)->58363K(58752K) Class: 9950K(10304K)->9950K(10304K)
[20.611s][info ][gc             ] GC(43) Pause Young (Allocation Failure) 1767M->510M(2256M) 13.084ms
[20.611s][info ][gc,cpu         ] GC(43) User=0.05s Sys=0.00s Real=0.01s
[20.611s][info ][safepoint      ] Safepoint "ParallelGCFailedAllocation", Time since last: 40210824 ns, Reaching safepoint: 140503 ns, At safepoint: 13192437 ns, Total: 13332940 ns
[20.665s][info ][safepoint      ] Safepoint "ICBufferFull", Time since last: 54446781 ns, Reaching safepoint: 140802 ns, At safepoint: 28801 ns, Total: 169603 ns
[20.704s][info ][safepoint      ] Safepoint "ICBufferFull", Time since last: 38224288 ns, Reaching safepoint: 143203 ns, At safepoint: 26600 ns, Total: 169803 ns
[20.730s][info ][safepoint      ] Safepoint "ICBufferFull", Time since last: 26196972 ns, Reaching safepoint: 111602 ns, At safepoint: 25900 ns, Total: 137502 ns
[20.752s][info ][safepoint      ] Safepoint "ICBufferFull", Time since last: 21431886 ns, Reaching safepoint: 122302 ns, At safepoint: 34201 ns, Total: 156503 ns
[20.809s][info ][safepoint      ] Safepoint "ICBufferFull", Time since last: 56867424 ns, Reaching safepoint: 157003 ns, At safepoint: 33100 ns, Total: 190103 ns
[20.843s][info ][gc,start       ] GC(44) Pause Young (Allocation Failure)
[20.855s][debug][gc,phases      ] GC(44) Scavenge 11.864ms
[20.855s][debug][gc,ref         ] GC(44) Skipped phase 1 of Reference Processing: no references
[20.855s][debug][gc,ref         ] GC(44) ReferenceProcessor::execute queues: 1, RefProcThreadModel::Single, marks_oops_alive: false
[20.855s][debug][gc,ref         ] GC(44) Skipped phase 3 of Reference Processing: no references
[20.855s][debug][gc,ref         ] GC(44) ReferenceProcessor::execute queues: 1, RefProcThreadModel::Single, marks_oops_alive: false
[20.855s][debug][gc,phases      ] GC(44) Reference Processing 0.083ms
[20.856s][debug][gc,phases      ] GC(44)   VM Weak                        Min:  0.0, Avg:  0.0, Max:  0.0, Diff:  0.0, Sum:  0.0, Workers: 4
[20.856s][debug][gc,phases      ] GC(44)     Dead                           Min: 0, Avg:  0.0, Max: 0, Diff: 0, Sum: 0, Workers: 4
[20.856s][debug][gc,phases      ] GC(44)     Total                          Min: 0, Avg: 146.8, Max: 587, Diff: 587, Sum: 587, Workers: 4
[20.856s][debug][gc,phases      ] GC(44)   ObjectSynchronizer Weak        Min:  0.0, Avg:  0.0, Max:  0.0, Diff:  0.0, Sum:  0.0, Workers: 4
[20.856s][debug][gc,phases      ] GC(44)     Dead                           Min: 0, Avg:  0.0, Max: 0, Diff: 0, Sum: 0, Workers: 4
[20.856s][debug][gc,phases      ] GC(44)     Total                          Min: 0, Avg: 109.0, Max: 436, Diff: 436, Sum: 436, Workers: 4
[20.856s][debug][gc,phases      ] GC(44)   JVMTI Tag Weak OopStorage      Min:  0.0, Avg:  0.0, Max:  0.0, Diff:  0.0, Sum:  0.0, Workers: 4
[20.856s][debug][gc,phases      ] GC(44)     Dead                           Min: 0, Avg:  0.0, Max: 0, Diff: 0, Sum: 0, Workers: 4
[20.856s][debug][gc,phases      ] GC(44)     Total                          Min: 0, Avg:  0.0, Max: 0, Diff: 0, Sum: 0, Workers: 4
[20.856s][debug][gc,phases      ] GC(44)   StringTable Weak               Min:  0.1, Avg:  0.1, Max:  0.1, Diff:  0.0, Sum:  0.4, Workers: 4
[20.856s][debug][gc,phases      ] GC(44)     Dead                           Min: 0, Avg:  0.0, Max: 0, Diff: 0, Sum: 0, Workers: 4
[20.856s][debug][gc,phases      ] GC(44)     Total                          Min: 9856, Avg: 10702.8, Max: 12160, Diff: 2304, Sum: 42811, Workers: 4
[20.856s][debug][gc,phases      ] GC(44)   ResolvedMethodTable Weak       Min:  0.0, Avg:  0.0, Max:  0.0, Diff:  0.0, Sum:  0.1, Workers: 4
[20.856s][debug][gc,phases      ] GC(44)     Dead                           Min: 0, Avg:  0.0, Max: 0, Diff: 0, Sum: 0, Workers: 4
[20.856s][debug][gc,phases      ] GC(44)     Total                          Min: 1535, Avg: 1781.5, Max: 2304, Diff: 769, Sum: 7126, Workers: 4
[20.856s][debug][gc,phases      ] GC(44)   JNI Weak                       Min:  0.0, Avg:  0.0, Max:  0.0, Diff:  0.0, Sum:  0.0, Workers: 4
[20.856s][debug][gc,phases      ] GC(44)     Dead                           Min: 0, Avg:  0.0, Max: 0, Diff: 0, Sum: 0, Workers: 4
[20.856s][debug][gc,phases      ] GC(44)     Total                          Min: 0, Avg:  1.0, Max: 4, Diff: 4, Sum: 4, Workers: 4
[20.856s][debug][gc,phases      ] GC(44)   StringDedup Table Weak         Min:  0.0, Avg:  0.0, Max:  0.0, Diff:  0.0, Sum:  0.0, Workers: 4
[20.856s][debug][gc,phases      ] GC(44)     Dead                           Min: 0, Avg:  0.0, Max: 0, Diff: 0, Sum: 0, Workers: 4
[20.856s][debug][gc,phases      ] GC(44)     Total                          Min: 0, Avg:  0.0, Max: 0, Diff: 0, Sum: 0, Workers: 4
[20.856s][debug][gc,phases      ] GC(44)   StringDedup Requests0 Weak     Min:  0.0, Avg:  0.0, Max:  0.0, Diff:  0.0, Sum:  0.0, Workers: 4
[20.856s][debug][gc,phases      ] GC(44)     Dead                           Min: 0, Avg:  0.0, Max: 0, Diff: 0, Sum: 0, Workers: 4
[20.856s][debug][gc,phases      ] GC(44)     Total                          Min: 0, Avg:  0.0, Max: 0, Diff: 0, Sum: 0, Workers: 4
[20.856s][debug][gc,phases      ] GC(44)   StringDedup Requests1 Weak     Min:  0.0, Avg:  0.0, Max:  0.0, Diff:  0.0, Sum:  0.0, Workers: 4
[20.856s][debug][gc,phases      ] GC(44)     Dead                           Min: 0, Avg:  0.0, Max: 0, Diff: 0, Sum: 0, Workers: 4
[20.856s][debug][gc,phases      ] GC(44)     Total                          Min: 0, Avg:  0.0, Max: 0, Diff: 0, Sum: 0, Workers: 4
[20.856s][debug][gc,phases      ] GC(44)   Weak JFR Old Object Samples    Min:  0.0, Avg:  0.0, Max:  0.0, Diff:  0.0, Sum:  0.0, Workers: 4
[20.856s][debug][gc,phases      ] GC(44)     Dead                           Min: 0, Avg:  0.0, Max: 0, Diff: 0, Sum: 0, Workers: 4
[20.856s][debug][gc,phases      ] GC(44)     Total                          Min: 0, Avg:  0.0, Max: 0, Diff: 0, Sum: 0, Workers: 4
[20.856s][debug][gc,phases      ] GC(44) Weak Processing 0.286ms
[20.856s][debug][gc,age         ] GC(44) Desired survivor size 386924544 bytes, new threshold 14 (max threshold 15)
[20.856s][info ][gc,heap        ] GC(44) PSYoungGen: 1322910K(1690624K)->33936K(1719296K) Eden: 1290752K(1290752K)->0K(1329664K) From: 32158K(399872K)->33936K(389632K)
[20.856s][info ][gc,heap        ] GC(44) ParOldGen: 490854K(619520K)->490862K(619520K)
[20.856s][info ][gc,metaspace   ] GC(44) Metaspace: 68325K(69120K)->68325K(69120K) NonClass: 58374K(58816K)->58374K(58816K) Class: 9950K(10304K)->9950K(10304K)
[20.856s][info ][gc             ] GC(44) Pause Young (Allocation Failure) 1771M->512M(2284M) 12.365ms
[20.856s][info ][gc,cpu         ] GC(44) User=0.05s Sys=0.00s Real=0.02s
[20.856s][info ][safepoint      ] Safepoint "ParallelGCFailedAllocation", Time since last: 32645088 ns, Reaching safepoint: 2133338 ns, At safepoint: 12468725 ns, Total: 14602063 ns
[20.877s][info ][safepoint      ] Safepoint "ICBufferFull", Time since last: 21128680 ns, Reaching safepoint: 124203 ns, At safepoint: 27000 ns, Total: 151203 ns
[20.903s][info ][safepoint      ] Safepoint "ICBufferFull", Time since last: 26143971 ns, Reaching safepoint: 124902 ns, At safepoint: 31601 ns, Total: 156503 ns
[20.929s][info ][safepoint      ] Safepoint "ICBufferFull", Time since last: 25165253 ns, Reaching safepoint: 141102 ns, At safepoint: 39401 ns, Total: 180503 ns
[20.953s][info ][safepoint      ] Safepoint "ICBufferFull", Time since last: 24364839 ns, Reaching safepoint: 139502 ns, At safepoint: 31901 ns, Total: 171403 ns
[20.991s][info ][safepoint      ] Safepoint "ICBufferFull", Time since last: 38001784 ns, Reaching safepoint: 144903 ns, At safepoint: 31600 ns, Total: 176503 ns
[21.016s][info ][safepoint      ] Safepoint "ICBufferFull", Time since last: 24083434 ns, Reaching safepoint: 137902 ns, At safepoint: 28801 ns, Total: 166703 ns
[21.045s][info ][safepoint      ] Safepoint "ICBufferFull", Time since last: 29399129 ns, Reaching safepoint: 128702 ns, At safepoint: 27801 ns, Total: 156503 ns
[21.060s][info ][safepoint      ] Safepoint "ICBufferFull", Time since last: 14079253 ns, Reaching safepoint: 130503 ns, At safepoint: 31100 ns, Total: 161603 ns
[21.100s][info ][safepoint      ] Safepoint "ICBufferFull", Time since last: 37547976 ns, Reaching safepoint: 3176958 ns, At safepoint: 33000 ns, Total: 3209958 ns
[21.107s][info ][safepoint      ] Safepoint "ICBufferFull", Time since last: 6674820 ns, Reaching safepoint: 116202 ns, At safepoint: 28501 ns, Total: 144703 ns
[21.108s][info ][safepoint      ] Safepoint "ICBufferFull", Time since last: 945017 ns, Reaching safepoint: 102302 ns, At safepoint: 21900 ns, Total: 124202 ns
[21.109s][info ][safepoint      ] Safepoint "ICBufferFull", Time since last: 819715 ns, Reaching safepoint: 107402 ns, At safepoint: 25900 ns, Total: 133302 ns
[21.111s][info ][safepoint      ] Safepoint "ICBufferFull", Time since last: 1641330 ns, Reaching safepoint: 103802 ns, At safepoint: 26900 ns, Total: 130702 ns
[21.113s][info ][safepoint      ] Safepoint "ICBufferFull", Time since last: 2210540 ns, Reaching safepoint: 110502 ns, At safepoint: 22701 ns, Total: 133203 ns
[21.115s][info ][safepoint      ] Safepoint "ICBufferFull", Time since last: 1147820 ns, Reaching safepoint: 105102 ns, At safepoint: 27201 ns, Total: 132303 ns
[21.116s][info ][safepoint      ] Safepoint "ICBufferFull", Time since last: 1219222 ns, Reaching safepoint: 112502 ns, At safepoint: 26700 ns, Total: 139202 ns
[21.118s][info ][safepoint      ] Safepoint "ICBufferFull", Time since last: 1642230 ns, Reaching safepoint: 110002 ns, At safepoint: 30100 ns, Total: 140102 ns
[21.151s][info ][gc,start       ] GC(45) Pause Young (Allocation Failure)
[21.162s][debug][gc,phases      ] GC(45) Scavenge 10.769ms
[21.162s][debug][gc,ref         ] GC(45) Skipped phase 1 of Reference Processing: no references
[21.162s][debug][gc,ref         ] GC(45) ReferenceProcessor::execute queues: 1, RefProcThreadModel::Single, marks_oops_alive: false
[21.162s][debug][gc,ref         ] GC(45) Skipped phase 3 of Reference Processing: no references
[21.162s][debug][gc,ref         ] GC(45) ReferenceProcessor::execute queues: 1, RefProcThreadModel::Single, marks_oops_alive: false
[21.162s][debug][gc,phases      ] GC(45) Reference Processing 0.122ms
[21.162s][debug][gc,phases      ] GC(45)   VM Weak                        Min:  0.0, Avg:  0.0, Max:  0.0, Diff:  0.0, Sum:  0.0, Workers: 4
[21.162s][debug][gc,phases      ] GC(45)     Dead                           Min: 0, Avg:  0.0, Max: 0, Diff: 0, Sum: 0, Workers: 4
[21.162s][debug][gc,phases      ] GC(45)     Total                          Min: 0, Avg: 146.8, Max: 395, Diff: 395, Sum: 587, Workers: 4
[21.162s][debug][gc,phases      ] GC(45)   ObjectSynchronizer Weak        Min:  0.0, Avg:  0.0, Max:  0.0, Diff:  0.0, Sum:  0.0, Workers: 4
[21.162s][debug][gc,phases      ] GC(45)     Dead                           Min: 0, Avg:  0.0, Max: 0, Diff: 0, Sum: 0, Workers: 4
[21.162s][debug][gc,phases      ] GC(45)     Total                          Min: 0, Avg: 109.0, Max: 244, Diff: 244, Sum: 436, Workers: 4
[21.162s][debug][gc,phases      ] GC(45)   JVMTI Tag Weak OopStorage      Min:  0.0, Avg:  0.0, Max:  0.0, Diff:  0.0, Sum:  0.0, Workers: 4
[21.162s][debug][gc,phases      ] GC(45)     Dead                           Min: 0, Avg:  0.0, Max: 0, Diff: 0, Sum: 0, Workers: 4
[21.162s][debug][gc,phases      ] GC(45)     Total                          Min: 0, Avg:  0.0, Max: 0, Diff: 0, Sum: 0, Workers: 4
[21.162s][debug][gc,phases      ] GC(45)   StringTable Weak               Min:  0.1, Avg:  0.1, Max:  0.1, Diff:  0.0, Sum:  0.4, Workers: 4
[21.162s][debug][gc,phases      ] GC(45)     Dead                           Min: 0, Avg:  2.8, Max: 11, Diff: 11, Sum: 11, Workers: 4
[21.162s][debug][gc,phases      ] GC(45)     Total                          Min: 9920, Avg: 10704.5, Max: 11394, Diff: 1474, Sum: 42818, Workers: 4
[21.162s][debug][gc,phases      ] GC(45)   ResolvedMethodTable Weak       Min:  0.0, Avg:  0.0, Max:  0.0, Diff:  0.0, Sum:  0.1, Workers: 4
[21.162s][debug][gc,phases      ] GC(45)     Dead                           Min: 0, Avg:  0.0, Max: 0, Diff: 0, Sum: 0, Workers: 4
[21.162s][debug][gc,phases      ] GC(45)     Total                          Min: 1600, Avg: 1783.5, Max: 2048, Diff: 448, Sum: 7134, Workers: 4
[21.162s][debug][gc,phases      ] GC(45)   JNI Weak                       Min:  0.0, Avg:  0.0, Max:  0.0, Diff:  0.0, Sum:  0.0, Workers: 4
[21.162s][debug][gc,phases      ] GC(45)     Dead                           Min: 0, Avg:  0.0, Max: 0, Diff: 0, Sum: 0, Workers: 4
[21.162s][debug][gc,phases      ] GC(45)     Total                          Min: 0, Avg:  0.2, Max: 1, Diff: 1, Sum: 1, Workers: 4
[21.162s][debug][gc,phases      ] GC(45)   StringDedup Table Weak         Min:  0.0, Avg:  0.0, Max:  0.0, Diff:  0.0, Sum:  0.0, Workers: 4
[21.162s][debug][gc,phases      ] GC(45)     Dead                           Min: 0, Avg:  0.0, Max: 0, Diff: 0, Sum: 0, Workers: 4
[21.162s][debug][gc,phases      ] GC(45)     Total                          Min: 0, Avg:  0.0, Max: 0, Diff: 0, Sum: 0, Workers: 4
[21.162s][debug][gc,phases      ] GC(45)   StringDedup Requests0 Weak     Min:  0.0, Avg:  0.0, Max:  0.0, Diff:  0.0, Sum:  0.0, Workers: 4
[21.162s][debug][gc,phases      ] GC(45)     Dead                           Min: 0, Avg:  0.0, Max: 0, Diff: 0, Sum: 0, Workers: 4
[21.162s][debug][gc,phases      ] GC(45)     Total                          Min: 0, Avg:  0.0, Max: 0, Diff: 0, Sum: 0, Workers: 4
[21.162s][debug][gc,phases      ] GC(45)   StringDedup Requests1 Weak     Min:  0.0, Avg:  0.0, Max:  0.0, Diff:  0.0, Sum:  0.0, Workers: 4
[21.162s][debug][gc,phases      ] GC(45)     Dead                           Min: 0, Avg:  0.0, Max: 0, Diff: 0, Sum: 0, Workers: 4
[21.162s][debug][gc,phases      ] GC(45)     Total                          Min: 0, Avg:  0.0, Max: 0, Diff: 0, Sum: 0, Workers: 4
[21.162s][debug][gc,phases      ] GC(45)   Weak JFR Old Object Samples    Min:  0.0, Avg:  0.0, Max:  0.0, Diff:  0.0, Sum:  0.0, Workers: 4
[21.162s][debug][gc,phases      ] GC(45)     Dead                           Min: 0, Avg:  0.0, Max: 0, Diff: 0, Sum: 0, Workers: 4
[21.162s][debug][gc,phases      ] GC(45)     Total                          Min: 0, Avg:  0.0, Max: 0, Diff: 0, Sum: 0, Workers: 4
[21.162s][debug][gc,phases      ] GC(45) Weak Processing 0.287ms
[21.162s][debug][gc,age         ] GC(45) Desired survivor size 372768768 bytes, new threshold 15 (max threshold 15)
[21.162s][info ][gc,heap        ] GC(45) PSYoungGen: 1363600K(1719296K)->36448K(1707520K) Eden: 1329664K(1329664K)->0K(1329664K) From: 33936K(389632K)->36448K(377856K)
[21.162s][info ][gc,heap        ] GC(45) ParOldGen: 490862K(619520K)->490862K(619520K)
[21.162s][info ][gc,metaspace   ] GC(45) Metaspace: 68362K(69120K)->68362K(69120K) NonClass: 58407K(58816K)->58407K(58816K) Class: 9954K(10304K)->9954K(10304K)
[21.162s][info ][gc             ] GC(45) Pause Young (Allocation Failure) 1810M->514M(2272M) 11.296ms
[21.162s][info ][gc,cpu         ] GC(45) User=0.04s Sys=0.00s Real=0.01s
[21.162s][info ][safepoint      ] Safepoint "ParallelGCFailedAllocation", Time since last: 32928793 ns, Reaching safepoint: 145603 ns, At safepoint: 11409305 ns, Total: 11554908 ns
[21.167s][info ][safepoint      ] Safepoint "ICBufferFull", Time since last: 5168293 ns, Reaching safepoint: 105202 ns, At safepoint: 23500 ns, Total: 128702 ns
[21.271s][info ][safepoint      ] Safepoint "ICBufferFull", Time since last: 103226059 ns, Reaching safepoint: 133302 ns, At safepoint: 28401 ns, Total: 161703 ns
[21.273s][info ][safepoint      ] Safepoint "ICBufferFull", Time since last: 1733231 ns, Reaching safepoint: 109002 ns, At safepoint: 27200 ns, Total: 136202 ns
[21.427s][info ][gc,start       ] GC(46) Pause Young (Allocation Failure)
[21.442s][debug][gc,phases      ] GC(46) Scavenge 15.076ms
[21.443s][debug][gc,ref         ] GC(46) Skipped phase 1 of Reference Processing: no references
[21.443s][debug][gc,ref         ] GC(46) ReferenceProcessor::execute queues: 1, RefProcThreadModel::Single, marks_oops_alive: false
[21.443s][debug][gc,ref         ] GC(46) Skipped phase 3 of Reference Processing: no references
[21.443s][debug][gc,ref         ] GC(46) ReferenceProcessor::execute queues: 1, RefProcThreadModel::Single, marks_oops_alive: false
[21.443s][debug][gc,phases      ] GC(46) Reference Processing 0.120ms
[21.443s][debug][gc,phases      ] GC(46)   VM Weak                        Min:  0.0, Avg:  0.0, Max:  0.0, Diff:  0.0, Sum:  0.0, Workers: 4
[21.443s][debug][gc,phases      ] GC(46)     Dead                           Min: 0, Avg:  0.0, Max: 0, Diff: 0, Sum: 0, Workers: 4
[21.443s][debug][gc,phases      ] GC(46)     Total                          Min: 0, Avg: 146.8, Max: 587, Diff: 587, Sum: 587, Workers: 4
[21.443s][debug][gc,phases      ] GC(46)   ObjectSynchronizer Weak        Min:  0.0, Avg:  0.0, Max:  0.0, Diff:  0.0, Sum:  0.0, Workers: 4
[21.443s][debug][gc,phases      ] GC(46)     Dead                           Min: 0, Avg:  0.0, Max: 0, Diff: 0, Sum: 0, Workers: 4
[21.443s][debug][gc,phases      ] GC(46)     Total                          Min: 0, Avg: 109.0, Max: 372, Diff: 372, Sum: 436, Workers: 4
[21.443s][debug][gc,phases      ] GC(46)   JVMTI Tag Weak OopStorage      Min:  0.0, Avg:  0.0, Max:  0.0, Diff:  0.0, Sum:  0.0, Workers: 4
[21.443s][debug][gc,phases      ] GC(46)     Dead                           Min: 0, Avg:  0.0, Max: 0, Diff: 0, Sum: 0, Workers: 4
[21.443s][debug][gc,phases      ] GC(46)     Total                          Min: 0, Avg:  0.0, Max: 0, Diff: 0, Sum: 0, Workers: 4
[21.443s][debug][gc,phases      ] GC(46)   StringTable Weak               Min:  0.1, Avg:  0.1, Max:  0.1, Diff:  0.0, Sum:  0.4, Workers: 4
[21.443s][debug][gc,phases      ] GC(46)     Dead                           Min: 0, Avg:  0.0, Max: 0, Diff: 0, Sum: 0, Workers: 4
[21.443s][debug][gc,phases      ] GC(46)     Total                          Min: 9728, Avg: 10705.0, Max: 12096, Diff: 2368, Sum: 42820, Workers: 4
[21.443s][debug][gc,phases      ] GC(46)   ResolvedMethodTable Weak       Min:  0.0, Avg:  0.0, Max:  0.0, Diff:  0.0, Sum:  0.1, Workers: 4
[21.443s][debug][gc,phases      ] GC(46)     Dead                           Min: 0, Avg:  0.0, Max: 0, Diff: 0, Sum: 0, Workers: 4
[21.443s][debug][gc,phases      ] GC(46)     Total                          Min: 1536, Avg: 1783.5, Max: 2112, Diff: 576, Sum: 7134, Workers: 4
[21.443s][debug][gc,phases      ] GC(46)   JNI Weak                       Min:  0.0, Avg:  0.0, Max:  0.0, Diff:  0.0, Sum:  0.0, Workers: 4
[21.443s][debug][gc,phases      ] GC(46)     Dead                           Min: 0, Avg:  0.0, Max: 0, Diff: 0, Sum: 0, Workers: 4
[21.443s][debug][gc,phases      ] GC(46)     Total                          Min: 0, Avg:  0.5, Max: 2, Diff: 2, Sum: 2, Workers: 4
[21.443s][debug][gc,phases      ] GC(46)   StringDedup Table Weak         Min:  0.0, Avg:  0.0, Max:  0.0, Diff:  0.0, Sum:  0.0, Workers: 4
[21.443s][debug][gc,phases      ] GC(46)     Dead                           Min: 0, Avg:  0.0, Max: 0, Diff: 0, Sum: 0, Workers: 4
[21.443s][debug][gc,phases      ] GC(46)     Total                          Min: 0, Avg:  0.0, Max: 0, Diff: 0, Sum: 0, Workers: 4
[21.443s][debug][gc,phases      ] GC(46)   StringDedup Requests0 Weak     Min:  0.0, Avg:  0.0, Max:  0.0, Diff:  0.0, Sum:  0.0, Workers: 4
[21.443s][debug][gc,phases      ] GC(46)     Dead                           Min: 0, Avg:  0.0, Max: 0, Diff: 0, Sum: 0, Workers: 4
[21.443s][debug][gc,phases      ] GC(46)     Total                          Min: 0, Avg:  0.0, Max: 0, Diff: 0, Sum: 0, Workers: 4
[21.443s][debug][gc,phases      ] GC(46)   StringDedup Requests1 Weak     Min:  0.0, Avg:  0.0, Max:  0.0, Diff:  0.0, Sum:  0.0, Workers: 4
[21.443s][debug][gc,phases      ] GC(46)     Dead                           Min: 0, Avg:  0.0, Max: 0, Diff: 0, Sum: 0, Workers: 4
[21.443s][debug][gc,phases      ] GC(46)     Total                          Min: 0, Avg:  0.0, Max: 0, Diff: 0, Sum: 0, Workers: 4
[21.443s][debug][gc,phases      ] GC(46)   Weak JFR Old Object Samples    Min:  0.0, Avg:  0.0, Max:  0.0, Diff:  0.0, Sum:  0.0, Workers: 4
[21.443s][debug][gc,phases      ] GC(46)     Dead                           Min: 0, Avg:  0.0, Max: 0, Diff: 0, Sum: 0, Workers: 4
[21.443s][debug][gc,phases      ] GC(46)     Total                          Min: 0, Avg:  0.0, Max: 0, Diff: 0, Sum: 0, Workers: 4
[21.443s][debug][gc,phases      ] GC(46) Weak Processing 0.322ms
[21.443s][debug][gc,age         ] GC(46) Desired survivor size 358088704 bytes, new threshold 15 (max threshold 15)
[21.443s][info ][gc,heap        ] GC(46) PSYoungGen: 1366112K(1707520K)->38944K(1747456K) Eden: 1329664K(1329664K)->0K(1383424K) From: 36448K(377856K)->38944K(364032K)
[21.443s][info ][gc,heap        ] GC(46) ParOldGen: 490862K(619520K)->490870K(619520K)
[21.443s][info ][gc,metaspace   ] GC(46) Metaspace: 68373K(69120K)->68373K(69120K) NonClass: 58419K(58816K)->58419K(58816K) Class: 9954K(10304K)->9954K(10304K)
[21.443s][info ][gc             ] GC(46) Pause Young (Allocation Failure) 1813M->517M(2311M) 15.648ms
[21.443s][info ][gc,cpu         ] GC(46) User=0.06s Sys=0.00s Real=0.01s
[21.443s][info ][safepoint      ] Safepoint "ParallelGCFailedAllocation", Time since last: 154455681 ns, Reaching safepoint: 155203 ns, At safepoint: 15756484 ns, Total: 15911687 ns
[21.452s][info ][safepoint      ] Safepoint "ICBufferFull", Time since last: 8831459 ns, Reaching safepoint: 123702 ns, At safepoint: 29601 ns, Total: 153303 ns
[21.494s][info ][safepoint      ] Safepoint "ICBufferFull", Time since last: 41887154 ns, Reaching safepoint: 142202 ns, At safepoint: 28201 ns, Total: 170403 ns
[21.496s][info ][safepoint      ] Safepoint "ICBufferFull", Time since last: 1279123 ns, Reaching safepoint: 171503 ns, At safepoint: 26700 ns, Total: 198203 ns
[21.550s][info ][safepoint      ] Safepoint "ICBufferFull", Time since last: 54389380 ns, Reaching safepoint: 133002 ns, At safepoint: 33601 ns, Total: 166603 ns
[21.571s][info ][safepoint      ] Safepoint "ICBufferFull", Time since last: 21134680 ns, Reaching safepoint: 122102 ns, At safepoint: 29801 ns, Total: 151903 ns
[21.646s][info ][safepoint      ] Safepoint "ICBufferFull", Time since last: 74127934 ns, Reaching safepoint: 130203 ns, At safepoint: 30000 ns, Total: 160203 ns
[21.651s][info ][safepoint      ] Safepoint "ICBufferFull", Time since last: 5130593 ns, Reaching safepoint: 131702 ns, At safepoint: 24601 ns, Total: 156303 ns
[21.674s][info ][safepoint      ] Safepoint "ICBufferFull", Time since last: 23121016 ns, Reaching safepoint: 132202 ns, At safepoint: 26201 ns, Total: 158403 ns
[21.771s][info ][gc,start       ] GC(47) Pause Young (Allocation Failure)
[21.784s][debug][gc,phases      ] GC(47) Scavenge 13.130ms
[21.784s][debug][gc,ref         ] GC(47) Skipped phase 1 of Reference Processing: no references
[21.784s][debug][gc,ref         ] GC(47) ReferenceProcessor::execute queues: 1, RefProcThreadModel::Single, marks_oops_alive: false
[21.784s][debug][gc,ref         ] GC(47) Skipped phase 3 of Reference Processing: no references
[21.784s][debug][gc,ref         ] GC(47) ReferenceProcessor::execute queues: 1, RefProcThreadModel::Single, marks_oops_alive: false
[21.784s][debug][gc,phases      ] GC(47) Reference Processing 0.108ms
[21.784s][debug][gc,phases      ] GC(47)   VM Weak                        Min:  0.0, Avg:  0.0, Max:  0.0, Diff:  0.0, Sum:  0.0, Workers: 4
[21.784s][debug][gc,phases      ] GC(47)     Dead                           Min: 0, Avg:  0.0, Max: 0, Diff: 0, Sum: 0, Workers: 4
[21.784s][debug][gc,phases      ] GC(47)     Total                          Min: 0, Avg: 146.8, Max: 587, Diff: 587, Sum: 587, Workers: 4
[21.784s][debug][gc,phases      ] GC(47)   ObjectSynchronizer Weak        Min:  0.0, Avg:  0.0, Max:  0.0, Diff:  0.0, Sum:  0.0, Workers: 4
[21.784s][debug][gc,phases      ] GC(47)     Dead                           Min: 0, Avg:  0.0, Max: 0, Diff: 0, Sum: 0, Workers: 4
[21.784s][debug][gc,phases      ] GC(47)     Total                          Min: 0, Avg: 109.0, Max: 308, Diff: 308, Sum: 436, Workers: 4
[21.784s][debug][gc,phases      ] GC(47)   JVMTI Tag Weak OopStorage      Min:  0.0, Avg:  0.0, Max:  0.0, Diff:  0.0, Sum:  0.0, Workers: 4
[21.784s][debug][gc,phases      ] GC(47)     Dead                           Min: 0, Avg:  0.0, Max: 0, Diff: 0, Sum: 0, Workers: 4
[21.784s][debug][gc,phases      ] GC(47)     Total                          Min: 0, Avg:  0.0, Max: 0, Diff: 0, Sum: 0, Workers: 4
[21.784s][debug][gc,phases      ] GC(47)   StringTable Weak               Min:  0.1, Avg:  0.1, Max:  0.1, Diff:  0.0, Sum:  0.4, Workers: 4
[21.784s][debug][gc,phases      ] GC(47)     Dead                           Min: 0, Avg:  2.8, Max: 11, Diff: 11, Sum: 11, Workers: 4
[21.784s][debug][gc,phases      ] GC(47)     Total                          Min: 10129, Avg: 10706.2, Max: 11520, Diff: 1391, Sum: 42825, Workers: 4
[21.784s][debug][gc,phases      ] GC(47)   ResolvedMethodTable Weak       Min:  0.0, Avg:  0.0, Max:  0.0, Diff:  0.0, Sum:  0.1, Workers: 4
[21.784s][debug][gc,phases      ] GC(47)     Dead                           Min: 0, Avg:  0.0, Max: 0, Diff: 0, Sum: 0, Workers: 4
[21.784s][debug][gc,phases      ] GC(47)     Total                          Min: 1566, Avg: 1783.5, Max: 2112, Diff: 546, Sum: 7134, Workers: 4
[21.784s][debug][gc,phases      ] GC(47)   JNI Weak                       Min:  0.0, Avg:  0.0, Max:  0.0, Diff:  0.0, Sum:  0.0, Workers: 4
[21.784s][debug][gc,phases      ] GC(47)     Dead                           Min: 0, Avg:  0.0, Max: 0, Diff: 0, Sum: 0, Workers: 4
[21.784s][debug][gc,phases      ] GC(47)     Total                          Min: 0, Avg:  1.0, Max: 4, Diff: 4, Sum: 4, Workers: 4
[21.784s][debug][gc,phases      ] GC(47)   StringDedup Table Weak         Min:  0.0, Avg:  0.0, Max:  0.0, Diff:  0.0, Sum:  0.0, Workers: 4
[21.784s][debug][gc,phases      ] GC(47)     Dead                           Min: 0, Avg:  0.0, Max: 0, Diff: 0, Sum: 0, Workers: 4
[21.784s][debug][gc,phases      ] GC(47)     Total                          Min: 0, Avg:  0.0, Max: 0, Diff: 0, Sum: 0, Workers: 4
[21.784s][debug][gc,phases      ] GC(47)   StringDedup Requests0 Weak     Min:  0.0, Avg:  0.0, Max:  0.0, Diff:  0.0, Sum:  0.0, Workers: 4
[21.784s][debug][gc,phases      ] GC(47)     Dead                           Min: 0, Avg:  0.0, Max: 0, Diff: 0, Sum: 0, Workers: 4
[21.784s][debug][gc,phases      ] GC(47)     Total                          Min: 0, Avg:  0.0, Max: 0, Diff: 0, Sum: 0, Workers: 4
[21.784s][debug][gc,phases      ] GC(47)   StringDedup Requests1 Weak     Min:  0.0, Avg:  0.0, Max:  0.0, Diff:  0.0, Sum:  0.0, Workers: 4
[21.784s][debug][gc,phases      ] GC(47)     Dead                           Min: 0, Avg:  0.0, Max: 0, Diff: 0, Sum: 0, Workers: 4
[21.784s][debug][gc,phases      ] GC(47)     Total                          Min: 0, Avg:  0.0, Max: 0, Diff: 0, Sum: 0, Workers: 4
[21.784s][debug][gc,phases      ] GC(47)   Weak JFR Old Object Samples    Min:  0.0, Avg:  0.0, Max:  0.0, Diff:  0.0, Sum:  0.0, Workers: 4
[21.784s][debug][gc,phases      ] GC(47)     Dead                           Min: 0, Avg:  0.0, Max: 0, Diff: 0, Sum: 0, Workers: 4
[21.784s][debug][gc,phases      ] GC(47)     Total                          Min: 0, Avg:  0.0, Max: 0, Diff: 0, Sum: 0, Workers: 4
[21.784s][debug][gc,phases      ] GC(47) Weak Processing 0.302ms
[21.784s][debug][gc,age         ] GC(47) Desired survivor size 342360064 bytes, new threshold 15 (max threshold 15)
[21.784s][info ][gc,heap        ] GC(47) PSYoungGen: 1422368K(1747456K)->40480K(1733120K) Eden: 1383424K(1383424K)->0K(1383424K) From: 38944K(364032K)->40480K(349696K)
[21.784s][info ][gc,heap        ] GC(47) ParOldGen: 490870K(619520K)->492298K(619520K)
[21.784s][info ][gc,metaspace   ] GC(47) Metaspace: 68401K(69120K)->68401K(69120K) NonClass: 58447K(58816K)->58447K(58816K) Class: 9954K(10304K)->9954K(10304K)
[21.784s][info ][gc             ] GC(47) Pause Young (Allocation Failure) 1868M->520M(2297M) 13.662ms
[21.784s][info ][gc,cpu         ] GC(47) User=0.06s Sys=0.00s Real=0.01s
[21.785s][info ][safepoint      ] Safepoint "ParallelGCFailedAllocation", Time since last: 96315534 ns, Reaching safepoint: 144302 ns, At safepoint: 13772448 ns, Total: 13916750 ns
[21.896s][info ][safepoint      ] Safepoint "ICBufferFull", Time since last: 110872996 ns, Reaching safepoint: 134703 ns, At safepoint: 37901 ns, Total: 172604 ns
[22.013s][info ][gc,start       ] GC(48) Pause Young (Allocation Failure)
[22.031s][debug][gc,phases      ] GC(48) Scavenge 17.241ms
[22.031s][debug][gc,ref         ] GC(48) Skipped phase 1 of Reference Processing: no references
[22.031s][debug][gc,ref         ] GC(48) ReferenceProcessor::execute queues: 1, RefProcThreadModel::Single, marks_oops_alive: false
[22.031s][debug][gc,ref         ] GC(48) Skipped phase 3 of Reference Processing: no references
[22.031s][debug][gc,ref         ] GC(48) ReferenceProcessor::execute queues: 1, RefProcThreadModel::Single, marks_oops_alive: false
[22.031s][debug][gc,phases      ] GC(48) Reference Processing 0.108ms
[22.031s][debug][gc,phases      ] GC(48)   VM Weak                        Min:  0.0, Avg:  0.0, Max:  0.0, Diff:  0.0, Sum:  0.0, Workers: 4
[22.031s][debug][gc,phases      ] GC(48)     Dead                           Min: 0, Avg:  0.0, Max: 0, Diff: 0, Sum: 0, Workers: 4
[22.031s][debug][gc,phases      ] GC(48)     Total                          Min: 0, Avg: 146.8, Max: 523, Diff: 523, Sum: 587, Workers: 4
[22.031s][debug][gc,phases      ] GC(48)   ObjectSynchronizer Weak        Min:  0.0, Avg:  0.0, Max:  0.0, Diff:  0.0, Sum:  0.0, Workers: 4
[22.031s][debug][gc,phases      ] GC(48)     Dead                           Min: 0, Avg:  0.0, Max: 0, Diff: 0, Sum: 0, Workers: 4
[22.031s][debug][gc,phases      ] GC(48)     Total                          Min: 0, Avg: 109.0, Max: 244, Diff: 244, Sum: 436, Workers: 4
[22.031s][debug][gc,phases      ] GC(48)   JVMTI Tag Weak OopStorage      Min:  0.0, Avg:  0.0, Max:  0.0, Diff:  0.0, Sum:  0.0, Workers: 4
[22.031s][debug][gc,phases      ] GC(48)     Dead                           Min: 0, Avg:  0.0, Max: 0, Diff: 0, Sum: 0, Workers: 4
[22.031s][debug][gc,phases      ] GC(48)     Total                          Min: 0, Avg:  0.0, Max: 0, Diff: 0, Sum: 0, Workers: 4
[22.031s][debug][gc,phases      ] GC(48)   StringTable Weak               Min:  0.1, Avg:  0.1, Max:  0.1, Diff:  0.0, Sum:  0.4, Workers: 4
[22.031s][debug][gc,phases      ] GC(48)     Dead                           Min: 0, Avg:  2.8, Max: 6, Diff: 6, Sum: 11, Workers: 4
[22.031s][debug][gc,phases      ] GC(48)     Total                          Min: 9228, Avg: 10707.0, Max: 11392, Diff: 2164, Sum: 42828, Workers: 4
[22.031s][debug][gc,phases      ] GC(48)   ResolvedMethodTable Weak       Min:  0.0, Avg:  0.0, Max:  0.0, Diff:  0.0, Sum:  0.1, Workers: 4
[22.031s][debug][gc,phases      ] GC(48)     Dead                           Min: 0, Avg:  0.0, Max: 0, Diff: 0, Sum: 0, Workers: 4
[22.031s][debug][gc,phases      ] GC(48)     Total                          Min: 1536, Avg: 1783.5, Max: 1984, Diff: 448, Sum: 7134, Workers: 4
[22.031s][debug][gc,phases      ] GC(48)   JNI Weak                       Min:  0.0, Avg:  0.0, Max:  0.0, Diff:  0.0, Sum:  0.0, Workers: 4
[22.031s][debug][gc,phases      ] GC(48)     Dead                           Min: 0, Avg:  0.0, Max: 0, Diff: 0, Sum: 0, Workers: 4
[22.031s][debug][gc,phases      ] GC(48)     Total                          Min: 0, Avg:  1.0, Max: 4, Diff: 4, Sum: 4, Workers: 4
[22.031s][debug][gc,phases      ] GC(48)   StringDedup Table Weak         Min:  0.0, Avg:  0.0, Max:  0.0, Diff:  0.0, Sum:  0.0, Workers: 4
[22.031s][debug][gc,phases      ] GC(48)     Dead                           Min: 0, Avg:  0.0, Max: 0, Diff: 0, Sum: 0, Workers: 4
[22.031s][debug][gc,phases      ] GC(48)     Total                          Min: 0, Avg:  0.0, Max: 0, Diff: 0, Sum: 0, Workers: 4
[22.031s][debug][gc,phases      ] GC(48)   StringDedup Requests0 Weak     Min:  0.0, Avg:  0.0, Max:  0.0, Diff:  0.0, Sum:  0.0, Workers: 4
[22.031s][debug][gc,phases      ] GC(48)     Dead                           Min: 0, Avg:  0.0, Max: 0, Diff: 0, Sum: 0, Workers: 4
[22.031s][debug][gc,phases      ] GC(48)     Total                          Min: 0, Avg:  0.0, Max: 0, Diff: 0, Sum: 0, Workers: 4
[22.031s][debug][gc,phases      ] GC(48)   StringDedup Requests1 Weak     Min:  0.0, Avg:  0.0, Max:  0.0, Diff:  0.0, Sum:  0.0, Workers: 4
[22.031s][debug][gc,phases      ] GC(48)     Dead                           Min: 0, Avg:  0.0, Max: 0, Diff: 0, Sum: 0, Workers: 4
[22.031s][debug][gc,phases      ] GC(48)     Total                          Min: 0, Avg:  0.0, Max: 0, Diff: 0, Sum: 0, Workers: 4
[22.031s][debug][gc,phases      ] GC(48)   Weak JFR Old Object Samples    Min:  0.0, Avg:  0.0, Max:  0.0, Diff:  0.0, Sum:  0.0, Workers: 4
[22.031s][debug][gc,phases      ] GC(48)     Dead                           Min: 0, Avg:  0.0, Max: 0, Diff: 0, Sum: 0, Workers: 4
[22.031s][debug][gc,phases      ] GC(48)     Total                          Min: 0, Avg:  0.0, Max: 0, Diff: 0, Sum: 0, Workers: 4
[22.031s][debug][gc,phases      ] GC(48) Weak Processing 0.339ms
[22.031s][debug][gc,age         ] GC(48) Desired survivor size 326107136 bytes, new threshold 15 (max threshold 15)
[22.031s][info ][gc,heap        ] GC(48) PSYoungGen: 1423904K(1733120K)->44032K(1778688K) Eden: 1383424K(1383424K)->0K(1444352K) From: 40480K(349696K)->44032K(334336K)
[22.031s][info ][gc,heap        ] GC(48) ParOldGen: 492298K(619520K)->493770K(619520K)
[22.031s][info ][gc,metaspace   ] GC(48) Metaspace: 68402K(69120K)->68402K(69120K) NonClass: 58447K(58816K)->58447K(58816K) Class: 9954K(10304K)->9954K(10304K)
[22.031s][info ][gc             ] GC(48) Pause Young (Allocation Failure) 1871M->525M(2342M) 17.818ms
[22.031s][info ][gc,cpu         ] GC(48) User=0.09s Sys=0.00s Real=0.02s
[22.031s][info ][safepoint      ] Safepoint "ParallelGCFailedAllocation", Time since last: 117464914 ns, Reaching safepoint: 131803 ns, At safepoint: 17925723 ns, Total: 18057526 ns
[22.048s][info ][safepoint      ] Safepoint "ICBufferFull", Time since last: 17163109 ns, Reaching safepoint: 119902 ns, At safepoint: 34700 ns, Total: 154602 ns
[22.240s][info ][safepoint      ] Safepoint "ICBufferFull", Time since last: 191391246 ns, Reaching safepoint: 136203 ns, At safepoint: 40800 ns, Total: 177003 ns
[22.401s][info ][gc,start       ] GC(49) Pause Young (Allocation Failure)
[22.423s][debug][gc,phases      ] GC(49) Scavenge 21.585ms
[22.423s][debug][gc,ref         ] GC(49) Skipped phase 1 of Reference Processing: no references
[22.423s][debug][gc,ref         ] GC(49) ReferenceProcessor::execute queues: 1, RefProcThreadModel::Single, marks_oops_alive: false
[22.423s][debug][gc,ref         ] GC(49) Skipped phase 3 of Reference Processing: no references
[22.423s][debug][gc,ref         ] GC(49) ReferenceProcessor::execute queues: 1, RefProcThreadModel::Single, marks_oops_alive: false
[22.423s][debug][gc,phases      ] GC(49) Reference Processing 0.140ms
[22.423s][debug][gc,phases      ] GC(49)   VM Weak                        Min:  0.0, Avg:  0.0, Max:  0.0, Diff:  0.0, Sum:  0.0, Workers: 4
[22.423s][debug][gc,phases      ] GC(49)     Dead                           Min: 0, Avg:  0.0, Max: 0, Diff: 0, Sum: 0, Workers: 4
[22.423s][debug][gc,phases      ] GC(49)     Total                          Min: 0, Avg: 147.5, Max: 398, Diff: 398, Sum: 590, Workers: 4
[22.423s][debug][gc,phases      ] GC(49)   ObjectSynchronizer Weak        Min:  0.0, Avg:  0.0, Max:  0.0, Diff:  0.0, Sum:  0.0, Workers: 4
[22.423s][debug][gc,phases      ] GC(49)     Dead                           Min: 0, Avg:  0.0, Max: 0, Diff: 0, Sum: 0, Workers: 4
[22.423s][debug][gc,phases      ] GC(49)     Total                          Min: 0, Avg: 109.0, Max: 180, Diff: 180, Sum: 436, Workers: 4
[22.423s][debug][gc,phases      ] GC(49)   JVMTI Tag Weak OopStorage      Min:  0.0, Avg:  0.0, Max:  0.0, Diff:  0.0, Sum:  0.0, Workers: 4
[22.423s][debug][gc,phases      ] GC(49)     Dead                           Min: 0, Avg:  0.0, Max: 0, Diff: 0, Sum: 0, Workers: 4
[22.423s][debug][gc,phases      ] GC(49)     Total                          Min: 0, Avg:  0.0, Max: 0, Diff: 0, Sum: 0, Workers: 4
[22.423s][debug][gc,phases      ] GC(49)   StringTable Weak               Min:  0.1, Avg:  0.1, Max:  0.1, Diff:  0.0, Sum:  0.4, Workers: 4
[22.423s][debug][gc,phases      ] GC(49)     Dead                           Min: 0, Avg:  0.0, Max: 0, Diff: 0, Sum: 0, Workers: 4
[22.423s][debug][gc,phases      ] GC(49)     Total                          Min: 10048, Avg: 10712.5, Max: 11554, Diff: 1506, Sum: 42850, Workers: 4
[22.423s][debug][gc,phases      ] GC(49)   ResolvedMethodTable Weak       Min:  0.0, Avg:  0.0, Max:  0.0, Diff:  0.0, Sum:  0.1, Workers: 4
[22.423s][debug][gc,phases      ] GC(49)     Dead                           Min: 0, Avg:  0.0, Max: 0, Diff: 0, Sum: 0, Workers: 4
[22.423s][debug][gc,phases      ] GC(49)     Total                          Min: 1599, Avg: 1785.8, Max: 1920, Diff: 321, Sum: 7143, Workers: 4
[22.423s][debug][gc,phases      ] GC(49)   JNI Weak                       Min:  0.0, Avg:  0.0, Max:  0.0, Diff:  0.0, Sum:  0.0, Workers: 4
[22.423s][debug][gc,phases      ] GC(49)     Dead                           Min: 0, Avg:  0.0, Max: 0, Diff: 0, Sum: 0, Workers: 4
[22.423s][debug][gc,phases      ] GC(49)     Total                          Min: 0, Avg:  1.2, Max: 5, Diff: 5, Sum: 5, Workers: 4
[22.423s][debug][gc,phases      ] GC(49)   StringDedup Table Weak         Min:  0.0, Avg:  0.0, Max:  0.0, Diff:  0.0, Sum:  0.0, Workers: 4
[22.423s][debug][gc,phases      ] GC(49)     Dead                           Min: 0, Avg:  0.0, Max: 0, Diff: 0, Sum: 0, Workers: 4
[22.423s][debug][gc,phases      ] GC(49)     Total                          Min: 0, Avg:  0.0, Max: 0, Diff: 0, Sum: 0, Workers: 4
[22.423s][debug][gc,phases      ] GC(49)   StringDedup Requests0 Weak     Min:  0.0, Avg:  0.0, Max:  0.0, Diff:  0.0, Sum:  0.0, Workers: 4
[22.423s][debug][gc,phases      ] GC(49)     Dead                           Min: 0, Avg:  0.0, Max: 0, Diff: 0, Sum: 0, Workers: 4
[22.423s][debug][gc,phases      ] GC(49)     Total                          Min: 0, Avg:  0.0, Max: 0, Diff: 0, Sum: 0, Workers: 4
[22.423s][debug][gc,phases      ] GC(49)   StringDedup Requests1 Weak     Min:  0.0, Avg:  0.0, Max:  0.0, Diff:  0.0, Sum:  0.0, Workers: 4
[22.423s][debug][gc,phases      ] GC(49)     Dead                           Min: 0, Avg:  0.0, Max: 0, Diff: 0, Sum: 0, Workers: 4
[22.423s][debug][gc,phases      ] GC(49)     Total                          Min: 0, Avg:  0.0, Max: 0, Diff: 0, Sum: 0, Workers: 4
[22.423s][debug][gc,phases      ] GC(49)   Weak JFR Old Object Samples    Min:  0.0, Avg:  0.0, Max:  0.0, Diff:  0.0, Sum:  0.0, Workers: 4
[22.423s][debug][gc,phases      ] GC(49)     Dead                           Min: 0, Avg:  0.0, Max: 0, Diff: 0, Sum: 0, Workers: 4
[22.423s][debug][gc,phases      ] GC(49)     Total                          Min: 0, Avg:  0.0, Max: 0, Diff: 0, Sum: 0, Workers: 4
[22.423s][debug][gc,phases      ] GC(49) Weak Processing 0.297ms
[22.423s][debug][gc,age         ] GC(49) Desired survivor size 309329920 bytes, new threshold 15 (max threshold 15)
[22.423s][info ][gc,heap        ] GC(49) PSYoungGen: 1488384K(1778688K)->47488K(1762816K) Eden: 1444352K(1444352K)->0K(1444352K) From: 44032K(334336K)->47488K(318464K)
[22.423s][info ][gc,heap        ] GC(49) ParOldGen: 493770K(619520K)->497042K(619520K)
[22.423s][info ][gc,metaspace   ] GC(49) Metaspace: 68565K(69312K)->68565K(69312K) NonClass: 58594K(59008K)->58594K(59008K) Class: 9971K(10304K)->9971K(10304K)
[22.423s][info ][gc             ] GC(49) Pause Young (Allocation Failure) 1935M->531M(2326M) 22.154ms
[22.423s][info ][gc,cpu         ] GC(49) User=0.09s Sys=0.00s Real=0.02s
[22.423s][info ][safepoint      ] Safepoint "ParallelGCFailedAllocation", Time since last: 160922797 ns, Reaching safepoint: 140003 ns, At safepoint: 22264201 ns, Total: 22404204 ns
[22.576s][info ][safepoint      ] Safepoint "ICBufferFull", Time since last: 152686149 ns, Reaching safepoint: 133602 ns, At safepoint: 38201 ns, Total: 171803 ns
[22.641s][info ][safepoint      ] Safepoint "ICBufferFull", Time since last: 64276457 ns, Reaching safepoint: 130502 ns, At safepoint: 29401 ns, Total: 159903 ns
[22.642s][info ][safepoint      ] Safepoint "ICBufferFull", Time since last: 1519327 ns, Reaching safepoint: 108202 ns, At safepoint: 30001 ns, Total: 138203 ns
[22.669s][info ][gc,start       ] GC(50) Pause Young (Allocation Failure)
[22.690s][debug][gc,phases      ] GC(50) Scavenge 20.251ms
[22.690s][debug][gc,ref         ] GC(50) Skipped phase 1 of Reference Processing: no references
[22.690s][debug][gc,ref         ] GC(50) ReferenceProcessor::execute queues: 1, RefProcThreadModel::Single, marks_oops_alive: false
[22.690s][debug][gc,ref         ] GC(50) Skipped phase 3 of Reference Processing: no references
[22.690s][debug][gc,ref         ] GC(50) ReferenceProcessor::execute queues: 1, RefProcThreadModel::Single, marks_oops_alive: false
[22.690s][debug][gc,phases      ] GC(50) Reference Processing 0.107ms
[22.690s][debug][gc,phases      ] GC(50)   VM Weak                        Min:  0.0, Avg:  0.0, Max:  0.0, Diff:  0.0, Sum:  0.0, Workers: 4
[22.690s][debug][gc,phases      ] GC(50)     Dead                           Min: 0, Avg:  0.0, Max: 0, Diff: 0, Sum: 0, Workers: 4
[22.690s][debug][gc,phases      ] GC(50)     Total                          Min: 0, Avg: 147.5, Max: 334, Diff: 334, Sum: 590, Workers: 4
[22.690s][debug][gc,phases      ] GC(50)   ObjectSynchronizer Weak        Min:  0.0, Avg:  0.0, Max:  0.0, Diff:  0.0, Sum:  0.0, Workers: 4
[22.690s][debug][gc,phases      ] GC(50)     Dead                           Min: 0, Avg:  0.0, Max: 0, Diff: 0, Sum: 0, Workers: 4
[22.690s][debug][gc,phases      ] GC(50)     Total                          Min: 0, Avg: 109.0, Max: 244, Diff: 244, Sum: 436, Workers: 4
[22.690s][debug][gc,phases      ] GC(50)   JVMTI Tag Weak OopStorage      Min:  0.0, Avg:  0.0, Max:  0.0, Diff:  0.0, Sum:  0.0, Workers: 4
[22.690s][debug][gc,phases      ] GC(50)     Dead                           Min: 0, Avg:  0.0, Max: 0, Diff: 0, Sum: 0, Workers: 4
[22.690s][debug][gc,phases      ] GC(50)     Total                          Min: 0, Avg:  0.0, Max: 0, Diff: 0, Sum: 0, Workers: 4
[22.690s][debug][gc,phases      ] GC(50)   StringTable Weak               Min:  0.1, Avg:  0.1, Max:  0.1, Diff:  0.0, Sum:  0.4, Workers: 4
[22.690s][debug][gc,phases      ] GC(50)     Dead                           Min: 0, Avg:  2.8, Max: 11, Diff: 11, Sum: 11, Workers: 4
[22.690s][debug][gc,phases      ] GC(50)     Total                          Min: 9979, Avg: 10716.0, Max: 11520, Diff: 1541, Sum: 42864, Workers: 4
[22.690s][debug][gc,phases      ] GC(50)   ResolvedMethodTable Weak       Min:  0.0, Avg:  0.0, Max:  0.0, Diff:  0.0, Sum:  0.1, Workers: 4
[22.690s][debug][gc,phases      ] GC(50)     Dead                           Min: 0, Avg:  0.0, Max: 0, Diff: 0, Sum: 0, Workers: 4
[22.690s][debug][gc,phases      ] GC(50)     Total                          Min: 1536, Avg: 1785.8, Max: 2048, Diff: 512, Sum: 7143, Workers: 4
[22.690s][debug][gc,phases      ] GC(50)   JNI Weak                       Min:  0.0, Avg:  0.0, Max:  0.0, Diff:  0.0, Sum:  0.0, Workers: 4
[22.690s][debug][gc,phases      ] GC(50)     Dead                           Min: 0, Avg:  0.0, Max: 0, Diff: 0, Sum: 0, Workers: 4
[22.690s][debug][gc,phases      ] GC(50)     Total                          Min: 0, Avg:  0.0, Max: 0, Diff: 0, Sum: 0, Workers: 4
[22.690s][debug][gc,phases      ] GC(50)   StringDedup Table Weak         Min:  0.0, Avg:  0.0, Max:  0.0, Diff:  0.0, Sum:  0.0, Workers: 4
[22.690s][debug][gc,phases      ] GC(50)     Dead                           Min: 0, Avg:  0.0, Max: 0, Diff: 0, Sum: 0, Workers: 4
[22.690s][debug][gc,phases      ] GC(50)     Total                          Min: 0, Avg:  0.0, Max: 0, Diff: 0, Sum: 0, Workers: 4
[22.690s][debug][gc,phases      ] GC(50)   StringDedup Requests0 Weak     Min:  0.0, Avg:  0.0, Max:  0.0, Diff:  0.0, Sum:  0.0, Workers: 4
[22.690s][debug][gc,phases      ] GC(50)     Dead                           Min: 0, Avg:  0.0, Max: 0, Diff: 0, Sum: 0, Workers: 4
[22.690s][debug][gc,phases      ] GC(50)     Total                          Min: 0, Avg:  0.0, Max: 0, Diff: 0, Sum: 0, Workers: 4
[22.690s][debug][gc,phases      ] GC(50)   StringDedup Requests1 Weak     Min:  0.0, Avg:  0.0, Max:  0.0, Diff:  0.0, Sum:  0.0, Workers: 4
[22.690s][debug][gc,phases      ] GC(50)     Dead                           Min: 0, Avg:  0.0, Max: 0, Diff: 0, Sum: 0, Workers: 4
[22.690s][debug][gc,phases      ] GC(50)     Total                          Min: 0, Avg:  0.0, Max: 0, Diff: 0, Sum: 0, Workers: 4
[22.690s][debug][gc,phases      ] GC(50)   Weak JFR Old Object Samples    Min:  0.0, Avg:  0.0, Max:  0.0, Diff:  0.0, Sum:  0.0, Workers: 4
[22.690s][debug][gc,phases      ] GC(50)     Dead                           Min: 0, Avg:  0.0, Max: 0, Diff: 0, Sum: 0, Workers: 4
[22.690s][debug][gc,phases      ] GC(50)     Total                          Min: 0, Avg:  0.0, Max: 0, Diff: 0, Sum: 0, Workers: 4
[22.690s][debug][gc,phases      ] GC(50) Weak Processing 0.301ms
[22.690s][debug][gc,age         ] GC(50) Desired survivor size 293076992 bytes, new threshold 15 (max threshold 15)
[22.690s][info ][gc,heap        ] GC(50) PSYoungGen: 1491840K(1762816K)->48848K(1810944K) Eden: 1444352K(1444352K)->0K(1508864K) From: 47488K(318464K)->48848K(302080K)
[22.690s][info ][gc,heap        ] GC(50) ParOldGen: 497042K(619520K)->499690K(619520K)
[22.690s][info ][gc,metaspace   ] GC(50) Metaspace: 68567K(69312K)->68567K(69312K) NonClass: 58595K(59008K)->58595K(59008K) Class: 9971K(10304K)->9971K(10304K)
[22.690s][info ][gc             ] GC(50) Pause Young (Allocation Failure) 1942M->535M(2373M) 20.789ms
[22.690s][info ][gc,cpu         ] GC(50) User=0.09s Sys=0.00s Real=0.02s
[22.690s][info ][safepoint      ] Safepoint "ParallelGCFailedAllocation", Time since last: 26829183 ns, Reaching safepoint: 124902 ns, At safepoint: 20901676 ns, Total: 21026578 ns
[22.768s][info ][safepoint      ] Safepoint "ICBufferFull", Time since last: 77519396 ns, Reaching safepoint: 127202 ns, At safepoint: 29101 ns, Total: 156303 ns
[22.845s][info ][safepoint      ] Safepoint "ICBufferFull", Time since last: 76859983 ns, Reaching safepoint: 130503 ns, At safepoint: 28400 ns, Total: 158903 ns
[22.926s][info ][safepoint      ] Safepoint "ICBufferFull", Time since last: 80974158 ns, Reaching safepoint: 128402 ns, At safepoint: 28001 ns, Total: 156403 ns
[22.946s][info ][safepoint      ] Safepoint "ICBufferFull", Time since last: 20008660 ns, Reaching safepoint: 123802 ns, At safepoint: 40201 ns, Total: 164003 ns
[22.948s][info ][safepoint      ] Safepoint "ICBufferFull", Time since last: 1434726 ns, Reaching safepoint: 73301 ns, At safepoint: 26801 ns, Total: 100102 ns
[23.012s][info ][safepoint      ] Safepoint "ICBufferFull", Time since last: 64339058 ns, Reaching safepoint: 119102 ns, At safepoint: 26001 ns, Total: 145103 ns
[23.048s][info ][gc,start       ] GC(51) Pause Young (Allocation Failure)
[23.066s][debug][gc,phases      ] GC(51) Scavenge 18.072ms
[23.066s][debug][gc,ref         ] GC(51) Skipped phase 1 of Reference Processing: no references
[23.066s][debug][gc,ref         ] GC(51) ReferenceProcessor::execute queues: 1, RefProcThreadModel::Single, marks_oops_alive: false
[23.066s][debug][gc,ref         ] GC(51) Skipped phase 3 of Reference Processing: no references
[23.066s][debug][gc,ref         ] GC(51) ReferenceProcessor::execute queues: 1, RefProcThreadModel::Single, marks_oops_alive: false
[23.066s][debug][gc,phases      ] GC(51) Reference Processing 0.118ms
[23.066s][debug][gc,phases      ] GC(51)   VM Weak                        Min:  0.0, Avg:  0.0, Max:  0.0, Diff:  0.0, Sum:  0.0, Workers: 4
[23.066s][debug][gc,phases      ] GC(51)     Dead                           Min: 0, Avg:  0.0, Max: 0, Diff: 0, Sum: 0, Workers: 4
[23.066s][debug][gc,phases      ] GC(51)     Total                          Min: 0, Avg: 147.5, Max: 462, Diff: 462, Sum: 590, Workers: 4
[23.066s][debug][gc,phases      ] GC(51)   ObjectSynchronizer Weak        Min:  0.0, Avg:  0.0, Max:  0.0, Diff:  0.0, Sum:  0.0, Workers: 4
[23.066s][debug][gc,phases      ] GC(51)     Dead                           Min: 0, Avg:  0.0, Max: 0, Diff: 0, Sum: 0, Workers: 4
[23.066s][debug][gc,phases      ] GC(51)     Total                          Min: 0, Avg: 109.0, Max: 256, Diff: 256, Sum: 436, Workers: 4
[23.066s][debug][gc,phases      ] GC(51)   JVMTI Tag Weak OopStorage      Min:  0.0, Avg:  0.0, Max:  0.0, Diff:  0.0, Sum:  0.0, Workers: 4
[23.066s][debug][gc,phases      ] GC(51)     Dead                           Min: 0, Avg:  0.0, Max: 0, Diff: 0, Sum: 0, Workers: 4
[23.066s][debug][gc,phases      ] GC(51)     Total                          Min: 0, Avg:  0.0, Max: 0, Diff: 0, Sum: 0, Workers: 4
[23.066s][debug][gc,phases      ] GC(51)   StringTable Weak               Min:  0.1, Avg:  0.1, Max:  0.1, Diff:  0.0, Sum:  0.4, Workers: 4
[23.067s][debug][gc,phases      ] GC(51)     Dead                           Min: 0, Avg:  2.8, Max: 6, Diff: 6, Sum: 11, Workers: 4
[23.067s][debug][gc,phases      ] GC(51)     Total                          Min: 8896, Avg: 10717.0, Max: 13120, Diff: 4224, Sum: 42868, Workers: 4
[23.067s][debug][gc,phases      ] GC(51)   ResolvedMethodTable Weak       Min:  0.0, Avg:  0.0, Max:  0.0, Diff:  0.0, Sum:  0.1, Workers: 4
[23.067s][debug][gc,phases      ] GC(51)     Dead                           Min: 0, Avg:  0.0, Max: 0, Diff: 0, Sum: 0, Workers: 4
[23.067s][debug][gc,phases      ] GC(51)     Total                          Min: 1536, Avg: 1785.8, Max: 2024, Diff: 488, Sum: 7143, Workers: 4
[23.067s][debug][gc,phases      ] GC(51)   JNI Weak                       Min:  0.0, Avg:  0.0, Max:  0.0, Diff:  0.0, Sum:  0.0, Workers: 4
[23.067s][debug][gc,phases      ] GC(51)     Dead                           Min: 0, Avg:  0.0, Max: 0, Diff: 0, Sum: 0, Workers: 4
[23.067s][debug][gc,phases      ] GC(51)     Total                          Min: 0, Avg:  0.2, Max: 1, Diff: 1, Sum: 1, Workers: 4
[23.067s][debug][gc,phases      ] GC(51)   StringDedup Table Weak         Min:  0.0, Avg:  0.0, Max:  0.0, Diff:  0.0, Sum:  0.0, Workers: 4
[23.067s][debug][gc,phases      ] GC(51)     Dead                           Min: 0, Avg:  0.0, Max: 0, Diff: 0, Sum: 0, Workers: 4
[23.067s][debug][gc,phases      ] GC(51)     Total                          Min: 0, Avg:  0.0, Max: 0, Diff: 0, Sum: 0, Workers: 4
[23.067s][debug][gc,phases      ] GC(51)   StringDedup Requests0 Weak     Min:  0.0, Avg:  0.0, Max:  0.0, Diff:  0.0, Sum:  0.0, Workers: 4
[23.067s][debug][gc,phases      ] GC(51)     Dead                           Min: 0, Avg:  0.0, Max: 0, Diff: 0, Sum: 0, Workers: 4
[23.067s][debug][gc,phases      ] GC(51)     Total                          Min: 0, Avg:  0.0, Max: 0, Diff: 0, Sum: 0, Workers: 4
[23.067s][debug][gc,phases      ] GC(51)   StringDedup Requests1 Weak     Min:  0.0, Avg:  0.0, Max:  0.0, Diff:  0.0, Sum:  0.0, Workers: 4
[23.067s][debug][gc,phases      ] GC(51)     Dead                           Min: 0, Avg:  0.0, Max: 0, Diff: 0, Sum: 0, Workers: 4
[23.067s][debug][gc,phases      ] GC(51)     Total                          Min: 0, Avg:  0.0, Max: 0, Diff: 0, Sum: 0, Workers: 4
[23.067s][debug][gc,phases      ] GC(51)   Weak JFR Old Object Samples    Min:  0.0, Avg:  0.0, Max:  0.0, Diff:  0.0, Sum:  0.0, Workers: 4
[23.067s][debug][gc,phases      ] GC(51)     Dead                           Min: 0, Avg:  0.0, Max: 0, Diff: 0, Sum: 0, Workers: 4
[23.067s][debug][gc,phases      ] GC(51)     Total                          Min: 0, Avg:  0.0, Max: 0, Diff: 0, Sum: 0, Workers: 4
[23.067s][debug][gc,phases      ] GC(51) Weak Processing 0.309ms
[23.067s][debug][gc,age         ] GC(51) Desired survivor size 277348352 bytes, new threshold 15 (max threshold 15)
[23.067s][info ][gc,heap        ] GC(51) PSYoungGen: 1557712K(1810944K)->48768K(1795072K) Eden: 1508864K(1508864K)->0K(1508864K) From: 48848K(302080K)->48768K(286208K)
[23.067s][info ][gc,heap        ] GC(51) ParOldGen: 499690K(619520K)->503602K(619520K)
[23.067s][info ][gc,metaspace   ] GC(51) Metaspace: 68569K(69312K)->68569K(69312K) NonClass: 58598K(59008K)->58598K(59008K) Class: 9971K(10304K)->9971K(10304K)
[23.067s][info ][gc             ] GC(51) Pause Young (Allocation Failure) 2009M->539M(2358M) 18.631ms
[23.067s][info ][gc,cpu         ] GC(51) User=0.08s Sys=0.00s Real=0.01s
[23.067s][info ][safepoint      ] Safepoint "ParallelGCFailedAllocation", Time since last: 35714943 ns, Reaching safepoint: 119802 ns, At safepoint: 18744437 ns, Total: 18864239 ns
[23.081s][info ][safepoint      ] Safepoint "ICBufferFull", Time since last: 14282357 ns, Reaching safepoint: 116403 ns, At safepoint: 27800 ns, Total: 144203 ns
[23.091s][info ][safepoint      ] Safepoint "ICBufferFull", Time since last: 9919579 ns, Reaching safepoint: 117002 ns, At safepoint: 31300 ns, Total: 148302 ns
[23.093s][info ][safepoint      ] Safepoint "ICBufferFull", Time since last: 1325624 ns, Reaching safepoint: 104702 ns, At safepoint: 24500 ns, Total: 129202 ns
[23.094s][info ][safepoint      ] Safepoint "ICBufferFull", Time since last: 1206422 ns, Reaching safepoint: 108502 ns, At safepoint: 23101 ns, Total: 131603 ns
[23.095s][info ][safepoint      ] Safepoint "ICBufferFull", Time since last: 970317 ns, Reaching safepoint: 102302 ns, At safepoint: 23800 ns, Total: 126102 ns
[23.096s][info ][safepoint      ] Safepoint "ICBufferFull", Time since last: 967718 ns, Reaching safepoint: 69701 ns, At safepoint: 27000 ns, Total: 96701 ns
[23.098s][info ][safepoint      ] Safepoint "ICBufferFull", Time since last: 2126339 ns, Reaching safepoint: 107202 ns, At safepoint: 25200 ns, Total: 132402 ns
[23.100s][info ][safepoint      ] Safepoint "ICBufferFull", Time since last: 1004518 ns, Reaching safepoint: 108102 ns, At safepoint: 28501 ns, Total: 136603 ns
[23.104s][info ][safepoint      ] Safepoint "ICBufferFull", Time since last: 4704384 ns, Reaching safepoint: 113802 ns, At safepoint: 29901 ns, Total: 143703 ns
[23.106s][info ][safepoint      ] Safepoint "ICBufferFull", Time since last: 967717 ns, Reaching safepoint: 101302 ns, At safepoint: 21701 ns, Total: 123003 ns
[23.107s][info ][safepoint      ] Safepoint "ICBufferFull", Time since last: 980217 ns, Reaching safepoint: 100802 ns, At safepoint: 19900 ns, Total: 120702 ns
[23.108s][info ][safepoint      ] Safepoint "ICBufferFull", Time since last: 961518 ns, Reaching safepoint: 98201 ns, At safepoint: 23801 ns, Total: 122002 ns
[23.215s][info ][safepoint      ] Safepoint "ICBufferFull", Time since last: 106488717 ns, Reaching safepoint: 506009 ns, At safepoint: 26101 ns, Total: 532110 ns
[23.249s][info ][safepoint      ] Safepoint "ICBufferFull", Time since last: 34159215 ns, Reaching safepoint: 120302 ns, At safepoint: 24000 ns, Total: 144302 ns
[23.252s][info ][safepoint      ] Safepoint "ICBufferFull", Time since last: 3055055 ns, Reaching safepoint: 96302 ns, At safepoint: 29400 ns, Total: 125702 ns
[23.255s][info ][safepoint      ] Safepoint "ICBufferFull", Time since last: 3043655 ns, Reaching safepoint: 103002 ns, At safepoint: 45101 ns, Total: 148103 ns
[23.260s][info ][safepoint      ] Safepoint "ICBufferFull", Time since last: 4342278 ns, Reaching safepoint: 64701 ns, At safepoint: 25301 ns, Total: 90002 ns
[23.261s][info ][safepoint      ] Safepoint "ICBufferFull", Time since last: 1070919 ns, Reaching safepoint: 92002 ns, At safepoint: 23700 ns, Total: 115702 ns
[23.262s][info ][safepoint      ] Safepoint "ICBufferFull", Time since last: 1027919 ns, Reaching safepoint: 92501 ns, At safepoint: 20201 ns, Total: 112702 ns
[23.263s][info ][safepoint      ] Safepoint "ICBufferFull", Time since last: 983117 ns, Reaching safepoint: 108402 ns, At safepoint: 25301 ns, Total: 133703 ns
[23.295s][info ][safepoint      ] Safepoint "ICBufferFull", Time since last: 31099660 ns, Reaching safepoint: 126902 ns, At safepoint: 27300 ns, Total: 154202 ns
[23.300s][info ][safepoint      ] Safepoint "ICBufferFull", Time since last: 5336196 ns, Reaching safepoint: 101502 ns, At safepoint: 19901 ns, Total: 121403 ns
[23.321s][info ][gc,start       ] GC(52) Pause Young (Allocation Failure)
[23.341s][debug][gc,phases      ] GC(52) Scavenge 20.686ms
[23.341s][debug][gc,ref         ] GC(52) Skipped phase 1 of Reference Processing: no references
[23.341s][debug][gc,ref         ] GC(52) ReferenceProcessor::execute queues: 1, RefProcThreadModel::Single, marks_oops_alive: false
[23.341s][debug][gc,ref         ] GC(52) Skipped phase 3 of Reference Processing: no references
[23.341s][debug][gc,ref         ] GC(52) ReferenceProcessor::execute queues: 1, RefProcThreadModel::Single, marks_oops_alive: false
[23.341s][debug][gc,phases      ] GC(52) Reference Processing 0.106ms
[23.342s][debug][gc,phases      ] GC(52)   VM Weak                        Min:  0.0, Avg:  0.0, Max:  0.0, Diff:  0.0, Sum:  0.0, Workers: 4
[23.342s][debug][gc,phases      ] GC(52)     Dead                           Min: 0, Avg:  0.0, Max: 0, Diff: 0, Sum: 0, Workers: 4
[23.342s][debug][gc,phases      ] GC(52)     Total                          Min: 0, Avg: 147.5, Max: 590, Diff: 590, Sum: 590, Workers: 4
[23.342s][debug][gc,phases      ] GC(52)   ObjectSynchronizer Weak        Min:  0.0, Avg:  0.0, Max:  0.0, Diff:  0.0, Sum:  0.0, Workers: 4
[23.342s][debug][gc,phases      ] GC(52)     Dead                           Min: 0, Avg:  0.0, Max: 0, Diff: 0, Sum: 0, Workers: 4
[23.342s][debug][gc,phases      ] GC(52)     Total                          Min: 0, Avg: 109.0, Max: 436, Diff: 436, Sum: 436, Workers: 4
[23.342s][debug][gc,phases      ] GC(52)   JVMTI Tag Weak OopStorage      Min:  0.0, Avg:  0.0, Max:  0.0, Diff:  0.0, Sum:  0.0, Workers: 4
[23.342s][debug][gc,phases      ] GC(52)     Dead                           Min: 0, Avg:  0.0, Max: 0, Diff: 0, Sum: 0, Workers: 4
[23.342s][debug][gc,phases      ] GC(52)     Total                          Min: 0, Avg:  0.0, Max: 0, Diff: 0, Sum: 0, Workers: 4
[23.342s][debug][gc,phases      ] GC(52)   StringTable Weak               Min:  0.1, Avg:  0.1, Max:  0.1, Diff:  0.0, Sum:  0.4, Workers: 4
[23.342s][debug][gc,phases      ] GC(52)     Dead                           Min: 0, Avg:  0.0, Max: 0, Diff: 0, Sum: 0, Workers: 4
[23.342s][debug][gc,phases      ] GC(52)     Total                          Min: 10048, Avg: 10717.8, Max: 11520, Diff: 1472, Sum: 42871, Workers: 4
[23.342s][debug][gc,phases      ] GC(52)   ResolvedMethodTable Weak       Min:  0.0, Avg:  0.0, Max:  0.0, Diff:  0.0, Sum:  0.1, Workers: 4
[23.342s][debug][gc,phases      ] GC(52)     Dead                           Min: 0, Avg:  0.0, Max: 0, Diff: 0, Sum: 0, Workers: 4
[23.342s][debug][gc,phases      ] GC(52)     Total                          Min: 1599, Avg: 1785.8, Max: 1920, Diff: 321, Sum: 7143, Workers: 4
[23.342s][debug][gc,phases      ] GC(52)   JNI Weak                       Min:  0.0, Avg:  0.0, Max:  0.0, Diff:  0.0, Sum:  0.0, Workers: 4
[23.342s][debug][gc,phases      ] GC(52)     Dead                           Min: 0, Avg:  0.0, Max: 0, Diff: 0, Sum: 0, Workers: 4
[23.342s][debug][gc,phases      ] GC(52)     Total                          Min: 0, Avg:  0.0, Max: 0, Diff: 0, Sum: 0, Workers: 4
[23.342s][debug][gc,phases      ] GC(52)   StringDedup Table Weak         Min:  0.0, Avg:  0.0, Max:  0.0, Diff:  0.0, Sum:  0.0, Workers: 4
[23.342s][debug][gc,phases      ] GC(52)     Dead                           Min: 0, Avg:  0.0, Max: 0, Diff: 0, Sum: 0, Workers: 4
[23.342s][debug][gc,phases      ] GC(52)     Total                          Min: 0, Avg:  0.0, Max: 0, Diff: 0, Sum: 0, Workers: 4
[23.342s][debug][gc,phases      ] GC(52)   StringDedup Requests0 Weak     Min:  0.0, Avg:  0.0, Max:  0.0, Diff:  0.0, Sum:  0.0, Workers: 4
[23.342s][debug][gc,phases      ] GC(52)     Dead                           Min: 0, Avg:  0.0, Max: 0, Diff: 0, Sum: 0, Workers: 4
[23.342s][debug][gc,phases      ] GC(52)     Total                          Min: 0, Avg:  0.0, Max: 0, Diff: 0, Sum: 0, Workers: 4
[23.342s][debug][gc,phases      ] GC(52)   StringDedup Requests1 Weak     Min:  0.0, Avg:  0.0, Max:  0.0, Diff:  0.0, Sum:  0.0, Workers: 4
[23.342s][debug][gc,phases      ] GC(52)     Dead                           Min: 0, Avg:  0.0, Max: 0, Diff: 0, Sum: 0, Workers: 4
[23.342s][debug][gc,phases      ] GC(52)     Total                          Min: 0, Avg:  0.0, Max: 0, Diff: 0, Sum: 0, Workers: 4
[23.342s][debug][gc,phases      ] GC(52)   Weak JFR Old Object Samples    Min:  0.0, Avg:  0.0, Max:  0.0, Diff:  0.0, Sum:  0.0, Workers: 4
[23.342s][debug][gc,phases      ] GC(52)     Dead                           Min: 0, Avg:  0.0, Max: 0, Diff: 0, Sum: 0, Workers: 4
[23.342s][debug][gc,phases      ] GC(52)     Total                          Min: 0, Avg:  0.0, Max: 0, Diff: 0, Sum: 0, Workers: 4
[23.342s][debug][gc,phases      ] GC(52) Weak Processing 0.292ms
[23.342s][debug][gc,age         ] GC(52) Desired survivor size 262668288 bytes, new threshold 15 (max threshold 15)
[23.342s][info ][gc,heap        ] GC(52) PSYoungGen: 1557632K(1795072K)->49233K(1840640K) Eden: 1508864K(1508864K)->0K(1569792K) From: 48768K(286208K)->49233K(270848K)
[23.342s][info ][gc,heap        ] GC(52) ParOldGen: 503602K(619520K)->506442K(619520K)
[23.342s][info ][gc,metaspace   ] GC(52) Metaspace: 68580K(69312K)->68580K(69312K) NonClass: 58608K(59008K)->58608K(59008K) Class: 9971K(10304K)->9971K(10304K)
[23.342s][info ][gc             ] GC(52) Pause Young (Allocation Failure) 2012M->542M(2402M) 21.212ms
[23.342s][info ][gc,cpu         ] GC(52) User=0.07s Sys=0.01s Real=0.02s
[23.342s][info ][safepoint      ] Safepoint "ParallelGCFailedAllocation", Time since last: 20396767 ns, Reaching safepoint: 123102 ns, At safepoint: 21309984 ns, Total: 21433086 ns
[23.444s][info ][safepoint      ] Safepoint "ICBufferFull", Time since last: 101749431 ns, Reaching safepoint: 115902 ns, At safepoint: 25001 ns, Total: 140903 ns
[23.471s][info ][safepoint      ] Safepoint "ICBufferFull", Time since last: 27587997 ns, Reaching safepoint: 124302 ns, At safepoint: 24400 ns, Total: 148702 ns
[23.476s][info ][safepoint      ] Safepoint "ICBufferFull", Time since last: 4619183 ns, Reaching safepoint: 113302 ns, At safepoint: 26101 ns, Total: 139403 ns
[23.568s][info ][safepoint      ] Safepoint "ICBufferFull", Time since last: 91350744 ns, Reaching safepoint: 134703 ns, At safepoint: 24500 ns, Total: 159203 ns
[23.575s][info ][safepoint      ] Safepoint "ICBufferFull", Time since last: 7598137 ns, Reaching safepoint: 100002 ns, At safepoint: 26500 ns, Total: 126502 ns
[23.577s][info ][safepoint      ] Safepoint "ICBufferFull", Time since last: 1100420 ns, Reaching safepoint: 101502 ns, At safepoint: 22200 ns, Total: 123702 ns
[23.641s][info ][gc,start       ] GC(53) Pause Young (Allocation Failure)
[23.660s][debug][gc,phases      ] GC(53) Scavenge 18.769ms
[23.660s][debug][gc,ref         ] GC(53) Skipped phase 1 of Reference Processing: no references
[23.660s][debug][gc,ref         ] GC(53) ReferenceProcessor::execute queues: 1, RefProcThreadModel::Single, marks_oops_alive: false
[23.660s][debug][gc,ref         ] GC(53) Skipped phase 3 of Reference Processing: no references
[23.660s][debug][gc,ref         ] GC(53) ReferenceProcessor::execute queues: 1, RefProcThreadModel::Single, marks_oops_alive: false
[23.660s][debug][gc,phases      ] GC(53) Reference Processing 0.110ms
[23.660s][debug][gc,phases      ] GC(53)   VM Weak                        Min:  0.0, Avg:  0.0, Max:  0.0, Diff:  0.0, Sum:  0.0, Workers: 4
[23.660s][debug][gc,phases      ] GC(53)     Dead                           Min: 0, Avg:  0.0, Max: 0, Diff: 0, Sum: 0, Workers: 4
[23.660s][debug][gc,phases      ] GC(53)     Total                          Min: 0, Avg: 147.5, Max: 448, Diff: 448, Sum: 590, Workers: 4
[23.660s][debug][gc,phases      ] GC(53)   ObjectSynchronizer Weak        Min:  0.0, Avg:  0.0, Max:  0.0, Diff:  0.0, Sum:  0.0, Workers: 4
[23.660s][debug][gc,phases      ] GC(53)     Dead                           Min: 0, Avg:  0.0, Max: 0, Diff: 0, Sum: 0, Workers: 4
[23.660s][debug][gc,phases      ] GC(53)     Total                          Min: 0, Avg: 109.0, Max: 180, Diff: 180, Sum: 436, Workers: 4
[23.660s][debug][gc,phases      ] GC(53)   JVMTI Tag Weak OopStorage      Min:  0.0, Avg:  0.0, Max:  0.0, Diff:  0.0, Sum:  0.0, Workers: 4
[23.660s][debug][gc,phases      ] GC(53)     Dead                           Min: 0, Avg:  0.0, Max: 0, Diff: 0, Sum: 0, Workers: 4
[23.660s][debug][gc,phases      ] GC(53)     Total                          Min: 0, Avg:  0.0, Max: 0, Diff: 0, Sum: 0, Workers: 4
[23.660s][debug][gc,phases      ] GC(53)   StringTable Weak               Min:  0.1, Avg:  0.1, Max:  0.1, Diff:  0.0, Sum:  0.4, Workers: 4
[23.660s][debug][gc,phases      ] GC(53)     Dead                           Min: 0, Avg:  2.8, Max: 11, Diff: 11, Sum: 11, Workers: 4
[23.660s][debug][gc,phases      ] GC(53)     Total                          Min: 9339, Avg: 10718.5, Max: 11328, Diff: 1989, Sum: 42874, Workers: 4
[23.660s][debug][gc,phases      ] GC(53)   ResolvedMethodTable Weak       Min:  0.0, Avg:  0.0, Max:  0.0, Diff:  0.0, Sum:  0.1, Workers: 4
[23.660s][debug][gc,phases      ] GC(53)     Dead                           Min: 0, Avg:  0.0, Max: 0, Diff: 0, Sum: 0, Workers: 4
[23.660s][debug][gc,phases      ] GC(53)     Total                          Min: 1535, Avg: 1785.8, Max: 1984, Diff: 449, Sum: 7143, Workers: 4
[23.660s][debug][gc,phases      ] GC(53)   JNI Weak                       Min:  0.0, Avg:  0.0, Max:  0.0, Diff:  0.0, Sum:  0.0, Workers: 4
[23.660s][debug][gc,phases      ] GC(53)     Dead                           Min: 0, Avg:  0.0, Max: 0, Diff: 0, Sum: 0, Workers: 4
[23.660s][debug][gc,phases      ] GC(53)     Total                          Min: 0, Avg:  1.2, Max: 5, Diff: 5, Sum: 5, Workers: 4
[23.660s][debug][gc,phases      ] GC(53)   StringDedup Table Weak         Min:  0.0, Avg:  0.0, Max:  0.0, Diff:  0.0, Sum:  0.0, Workers: 4
[23.660s][debug][gc,phases      ] GC(53)     Dead                           Min: 0, Avg:  0.0, Max: 0, Diff: 0, Sum: 0, Workers: 4
[23.660s][debug][gc,phases      ] GC(53)     Total                          Min: 0, Avg:  0.0, Max: 0, Diff: 0, Sum: 0, Workers: 4
[23.660s][debug][gc,phases      ] GC(53)   StringDedup Requests0 Weak     Min:  0.0, Avg:  0.0, Max:  0.0, Diff:  0.0, Sum:  0.0, Workers: 4
[23.660s][debug][gc,phases      ] GC(53)     Dead                           Min: 0, Avg:  0.0, Max: 0, Diff: 0, Sum: 0, Workers: 4
[23.660s][debug][gc,phases      ] GC(53)     Total                          Min: 0, Avg:  0.0, Max: 0, Diff: 0, Sum: 0, Workers: 4
[23.660s][debug][gc,phases      ] GC(53)   StringDedup Requests1 Weak     Min:  0.0, Avg:  0.0, Max:  0.0, Diff:  0.0, Sum:  0.0, Workers: 4
[23.660s][debug][gc,phases      ] GC(53)     Dead                           Min: 0, Avg:  0.0, Max: 0, Diff: 0, Sum: 0, Workers: 4
[23.660s][debug][gc,phases      ] GC(53)     Total                          Min: 0, Avg:  0.0, Max: 0, Diff: 0, Sum: 0, Workers: 4
[23.660s][debug][gc,phases      ] GC(53)   Weak JFR Old Object Samples    Min:  0.0, Avg:  0.0, Max:  0.0, Diff:  0.0, Sum:  0.0, Workers: 4
[23.660s][debug][gc,phases      ] GC(53)     Dead                           Min: 0, Avg:  0.0, Max: 0, Diff: 0, Sum: 0, Workers: 4
[23.660s][debug][gc,phases      ] GC(53)     Total                          Min: 0, Avg:  0.0, Max: 0, Diff: 0, Sum: 0, Workers: 4
[23.660s][debug][gc,phases      ] GC(53) Weak Processing 0.309ms
[23.660s][debug][gc,age         ] GC(53) Desired survivor size 248512512 bytes, new threshold 15 (max threshold 15)
[23.660s][info ][gc,heap        ] GC(53) PSYoungGen: 1619025K(1840640K)->48000K(1826304K) Eden: 1569792K(1569792K)->0K(1569792K) From: 49233K(270848K)->48000K(256512K)
[23.660s][info ][gc,heap        ] GC(53) ParOldGen: 506442K(619520K)->511042K(619520K)
[23.660s][info ][gc,metaspace   ] GC(53) Metaspace: 68591K(69312K)->68591K(69312K) NonClass: 58619K(59008K)->58619K(59008K) Class: 9971K(10304K)->9971K(10304K)
[23.660s][info ][gc             ] GC(53) Pause Young (Allocation Failure) 2075M->545M(2388M) 19.331ms
[23.660s][info ][gc,cpu         ] GC(53) User=0.10s Sys=0.00s Real=0.02s
[23.660s][info ][safepoint      ] Safepoint "ParallelGCFailedAllocation", Time since last: 64091754 ns, Reaching safepoint: 142203 ns, At safepoint: 19438750 ns, Total: 19580953 ns
[23.714s][info ][safepoint      ] Safepoint "ICBufferFull", Time since last: 53230258 ns, Reaching safepoint: 130602 ns, At safepoint: 24401 ns, Total: 155003 ns
[23.780s][info ][safepoint      ] Safepoint "ICBufferFull", Time since last: 66096390 ns, Reaching safepoint: 129602 ns, At safepoint: 29501 ns, Total: 159103 ns
[23.924s][info ][safepoint      ] Safepoint "ICBufferFull", Time since last: 144087994 ns, Reaching safepoint: 126602 ns, At safepoint: 30200 ns, Total: 156802 ns
[23.961s][info ][gc,start       ] GC(54) Pause Young (Allocation Failure)
[23.982s][debug][gc,phases      ] GC(54) Scavenge 20.890ms
[23.982s][debug][gc,ref         ] GC(54) Skipped phase 1 of Reference Processing: no references
[23.982s][debug][gc,ref         ] GC(54) ReferenceProcessor::execute queues: 1, RefProcThreadModel::Single, marks_oops_alive: false
[23.982s][debug][gc,ref         ] GC(54) Skipped phase 3 of Reference Processing: no references
[23.982s][debug][gc,ref         ] GC(54) ReferenceProcessor::execute queues: 1, RefProcThreadModel::Single, marks_oops_alive: false
[23.983s][debug][gc,phases      ] GC(54) Reference Processing 0.111ms
[23.983s][debug][gc,phases      ] GC(54)   VM Weak                        Min:  0.0, Avg:  0.0, Max:  0.0, Diff:  0.0, Sum:  0.0, Workers: 4
[23.983s][debug][gc,phases      ] GC(54)     Dead                           Min: 0, Avg:  0.0, Max: 0, Diff: 0, Sum: 0, Workers: 4
[23.983s][debug][gc,phases      ] GC(54)     Total                          Min: 0, Avg: 147.5, Max: 590, Diff: 590, Sum: 590, Workers: 4
[23.983s][debug][gc,phases      ] GC(54)   ObjectSynchronizer Weak        Min:  0.0, Avg:  0.0, Max:  0.0, Diff:  0.0, Sum:  0.0, Workers: 4
[23.983s][debug][gc,phases      ] GC(54)     Dead                           Min: 0, Avg:  0.0, Max: 0, Diff: 0, Sum: 0, Workers: 4
[23.983s][debug][gc,phases      ] GC(54)     Total                          Min: 0, Avg: 109.0, Max: 308, Diff: 308, Sum: 436, Workers: 4
[23.983s][debug][gc,phases      ] GC(54)   JVMTI Tag Weak OopStorage      Min:  0.0, Avg:  0.0, Max:  0.0, Diff:  0.0, Sum:  0.0, Workers: 4
[23.983s][debug][gc,phases      ] GC(54)     Dead                           Min: 0, Avg:  0.0, Max: 0, Diff: 0, Sum: 0, Workers: 4
[23.983s][debug][gc,phases      ] GC(54)     Total                          Min: 0, Avg:  0.0, Max: 0, Diff: 0, Sum: 0, Workers: 4
[23.983s][debug][gc,phases      ] GC(54)   StringTable Weak               Min:  0.1, Avg:  0.1, Max:  0.1, Diff:  0.0, Sum:  0.4, Workers: 4
[23.983s][debug][gc,phases      ] GC(54)     Dead                           Min: 0, Avg:  0.0, Max: 0, Diff: 0, Sum: 0, Workers: 4
[23.983s][debug][gc,phases      ] GC(54)     Total                          Min: 10048, Avg: 10718.5, Max: 11967, Diff: 1919, Sum: 42874, Workers: 4
[23.983s][debug][gc,phases      ] GC(54)   ResolvedMethodTable Weak       Min:  0.0, Avg:  0.0, Max:  0.0, Diff:  0.0, Sum:  0.1, Workers: 4
[23.983s][debug][gc,phases      ] GC(54)     Dead                           Min: 0, Avg:  0.0, Max: 0, Diff: 0, Sum: 0, Workers: 4
[23.983s][debug][gc,phases      ] GC(54)     Total                          Min: 1575, Avg: 1785.8, Max: 2048, Diff: 473, Sum: 7143, Workers: 4
[23.983s][debug][gc,phases      ] GC(54)   JNI Weak                       Min:  0.0, Avg:  0.0, Max:  0.0, Diff:  0.0, Sum:  0.0, Workers: 4
[23.983s][debug][gc,phases      ] GC(54)     Dead                           Min: 0, Avg:  0.0, Max: 0, Diff: 0, Sum: 0, Workers: 4
[23.983s][debug][gc,phases      ] GC(54)     Total                          Min: 0, Avg:  2.0, Max: 8, Diff: 8, Sum: 8, Workers: 4
[23.983s][debug][gc,phases      ] GC(54)   StringDedup Table Weak         Min:  0.0, Avg:  0.0, Max:  0.0, Diff:  0.0, Sum:  0.0, Workers: 4
[23.983s][debug][gc,phases      ] GC(54)     Dead                           Min: 0, Avg:  0.0, Max: 0, Diff: 0, Sum: 0, Workers: 4
[23.983s][debug][gc,phases      ] GC(54)     Total                          Min: 0, Avg:  0.0, Max: 0, Diff: 0, Sum: 0, Workers: 4
[23.983s][debug][gc,phases      ] GC(54)   StringDedup Requests0 Weak     Min:  0.0, Avg:  0.0, Max:  0.0, Diff:  0.0, Sum:  0.0, Workers: 4
[23.983s][debug][gc,phases      ] GC(54)     Dead                           Min: 0, Avg:  0.0, Max: 0, Diff: 0, Sum: 0, Workers: 4
[23.983s][debug][gc,phases      ] GC(54)     Total                          Min: 0, Avg:  0.0, Max: 0, Diff: 0, Sum: 0, Workers: 4
[23.983s][debug][gc,phases      ] GC(54)   StringDedup Requests1 Weak     Min:  0.0, Avg:  0.0, Max:  0.0, Diff:  0.0, Sum:  0.0, Workers: 4
[23.983s][debug][gc,phases      ] GC(54)     Dead                           Min: 0, Avg:  0.0, Max: 0, Diff: 0, Sum: 0, Workers: 4
[23.983s][debug][gc,phases      ] GC(54)     Total                          Min: 0, Avg:  0.0, Max: 0, Diff: 0, Sum: 0, Workers: 4
[23.983s][debug][gc,phases      ] GC(54)   Weak JFR Old Object Samples    Min:  0.0, Avg:  0.0, Max:  0.0, Diff:  0.0, Sum:  0.0, Workers: 4
[23.983s][debug][gc,phases      ] GC(54)     Dead                           Min: 0, Avg:  0.0, Max: 0, Diff: 0, Sum: 0, Workers: 4
[23.983s][debug][gc,phases      ] GC(54)     Total                          Min: 0, Avg:  0.0, Max: 0, Diff: 0, Sum: 0, Workers: 4
[23.983s][debug][gc,phases      ] GC(54) Weak Processing 0.292ms
[23.983s][debug][gc,age         ] GC(54) Desired survivor size 234881024 bytes, new threshold 15 (max threshold 15)
[23.983s][info ][gc,heap        ] GC(54) PSYoungGen: 1617792K(1826304K)->50332K(1867776K) Eden: 1569792K(1569792K)->0K(1625088K) From: 48000K(256512K)->50332K(242688K)
[23.983s][info ][gc,heap        ] GC(54) ParOldGen: 511042K(619520K)->513674K(619520K)
[23.983s][info ][gc,metaspace   ] GC(54) Metaspace: 68591K(69312K)->68591K(69312K) NonClass: 58619K(59008K)->58619K(59008K) Class: 9971K(10304K)->9971K(10304K)
[23.983s][info ][gc             ] GC(54) Pause Young (Allocation Failure) 2078M->550M(2429M) 21.427ms
[23.983s][info ][gc,cpu         ] GC(54) User=0.08s Sys=0.00s Real=0.02s
[23.983s][info ][safepoint      ] Safepoint "ParallelGCFailedAllocation", Time since last: 37060068 ns, Reaching safepoint: 106601 ns, At safepoint: 21553089 ns, Total: 21659690 ns
[24.028s][info ][safepoint      ] Safepoint "ICBufferFull", Time since last: 44818506 ns, Reaching safepoint: 134503 ns, At safepoint: 25200 ns, Total: 159703 ns
[24.052s][info ][safepoint      ] Safepoint "ICBufferFull", Time since last: 24298238 ns, Reaching safepoint: 126702 ns, At safepoint: 26000 ns, Total: 152702 ns
[24.110s][info ][safepoint      ] Safepoint "ICBufferFull", Time since last: 57049227 ns, Reaching safepoint: 218504 ns, At safepoint: 25001 ns, Total: 243505 ns
[24.111s][info ][safepoint      ] Safepoint "ICBufferFull", Time since last: 1071319 ns, Reaching safepoint: 61601 ns, At safepoint: 25901 ns, Total: 87502 ns
[24.215s][info ][safepoint      ] Safepoint "ICBufferFull", Time since last: 103869970 ns, Reaching safepoint: 125502 ns, At safepoint: 20600 ns, Total: 146102 ns
[24.216s][info ][safepoint      ] Safepoint "ICBufferFull", Time since last: 1331224 ns, Reaching safepoint: 94902 ns, At safepoint: 28400 ns, Total: 123302 ns
[24.252s][info ][gc,start       ] GC(55) Pause Young (Allocation Failure)
[24.272s][debug][gc,phases      ] GC(55) Scavenge 19.934ms
[24.272s][debug][gc,ref         ] GC(55) Skipped phase 1 of Reference Processing: no references
[24.272s][debug][gc,ref         ] GC(55) ReferenceProcessor::execute queues: 1, RefProcThreadModel::Single, marks_oops_alive: false
[24.272s][debug][gc,ref         ] GC(55) Skipped phase 3 of Reference Processing: no references
[24.272s][debug][gc,ref         ] GC(55) ReferenceProcessor::execute queues: 1, RefProcThreadModel::Single, marks_oops_alive: false
[24.272s][debug][gc,phases      ] GC(55) Reference Processing 0.102ms
[24.272s][debug][gc,phases      ] GC(55)   VM Weak                        Min:  0.0, Avg:  0.0, Max:  0.0, Diff:  0.0, Sum:  0.0, Workers: 4
[24.272s][debug][gc,phases      ] GC(55)     Dead                           Min: 0, Avg:  0.0, Max: 0, Diff: 0, Sum: 0, Workers: 4
[24.272s][debug][gc,phases      ] GC(55)     Total                          Min: 0, Avg: 147.8, Max: 591, Diff: 591, Sum: 591, Workers: 4
[24.272s][debug][gc,phases      ] GC(55)   ObjectSynchronizer Weak        Min:  0.0, Avg:  0.0, Max:  0.0, Diff:  0.0, Sum:  0.0, Workers: 4
[24.272s][debug][gc,phases      ] GC(55)     Dead                           Min: 0, Avg:  0.0, Max: 0, Diff: 0, Sum: 0, Workers: 4
[24.272s][debug][gc,phases      ] GC(55)     Total                          Min: 0, Avg: 109.0, Max: 372, Diff: 372, Sum: 436, Workers: 4
[24.272s][debug][gc,phases      ] GC(55)   JVMTI Tag Weak OopStorage      Min:  0.0, Avg:  0.0, Max:  0.0, Diff:  0.0, Sum:  0.0, Workers: 4
[24.272s][debug][gc,phases      ] GC(55)     Dead                           Min: 0, Avg:  0.0, Max: 0, Diff: 0, Sum: 0, Workers: 4
[24.272s][debug][gc,phases      ] GC(55)     Total                          Min: 0, Avg:  0.0, Max: 0, Diff: 0, Sum: 0, Workers: 4
[24.272s][debug][gc,phases      ] GC(55)   StringTable Weak               Min:  0.1, Avg:  0.1, Max:  0.1, Diff:  0.0, Sum:  0.4, Workers: 4
[24.272s][debug][gc,phases      ] GC(55)     Dead                           Min: 0, Avg:  2.8, Max: 6, Diff: 6, Sum: 11, Workers: 4
[24.272s][debug][gc,phases      ] GC(55)     Total                          Min: 9664, Avg: 10727.0, Max: 12096, Diff: 2432, Sum: 42908, Workers: 4
[24.272s][debug][gc,phases      ] GC(55)   ResolvedMethodTable Weak       Min:  0.0, Avg:  0.0, Max:  0.0, Diff:  0.0, Sum:  0.1, Workers: 4
[24.272s][debug][gc,phases      ] GC(55)     Dead                           Min: 0, Avg:  4.2, Max: 17, Diff: 17, Sum: 17, Workers: 4
[24.272s][debug][gc,phases      ] GC(55)     Total                          Min: 1536, Avg: 1790.0, Max: 2176, Diff: 640, Sum: 7160, Workers: 4
[24.272s][debug][gc,phases      ] GC(55)   JNI Weak                       Min:  0.0, Avg:  0.0, Max:  0.0, Diff:  0.0, Sum:  0.0, Workers: 4
[24.272s][debug][gc,phases      ] GC(55)     Dead                           Min: 0, Avg:  0.0, Max: 0, Diff: 0, Sum: 0, Workers: 4
[24.272s][debug][gc,phases      ] GC(55)     Total                          Min: 0, Avg:  0.2, Max: 1, Diff: 1, Sum: 1, Workers: 4
[24.272s][debug][gc,phases      ] GC(55)   StringDedup Table Weak         Min:  0.0, Avg:  0.0, Max:  0.0, Diff:  0.0, Sum:  0.0, Workers: 4
[24.272s][debug][gc,phases      ] GC(55)     Dead                           Min: 0, Avg:  0.0, Max: 0, Diff: 0, Sum: 0, Workers: 4
[24.272s][debug][gc,phases      ] GC(55)     Total                          Min: 0, Avg:  0.0, Max: 0, Diff: 0, Sum: 0, Workers: 4
[24.272s][debug][gc,phases      ] GC(55)   StringDedup Requests0 Weak     Min:  0.0, Avg:  0.0, Max:  0.0, Diff:  0.0, Sum:  0.0, Workers: 4
[24.272s][debug][gc,phases      ] GC(55)     Dead                           Min: 0, Avg:  0.0, Max: 0, Diff: 0, Sum: 0, Workers: 4
[24.272s][debug][gc,phases      ] GC(55)     Total                          Min: 0, Avg:  0.0, Max: 0, Diff: 0, Sum: 0, Workers: 4
[24.272s][debug][gc,phases      ] GC(55)   StringDedup Requests1 Weak     Min:  0.0, Avg:  0.0, Max:  0.0, Diff:  0.0, Sum:  0.0, Workers: 4
[24.272s][debug][gc,phases      ] GC(55)     Dead                           Min: 0, Avg:  0.0, Max: 0, Diff: 0, Sum: 0, Workers: 4
[24.272s][debug][gc,phases      ] GC(55)     Total                          Min: 0, Avg:  0.0, Max: 0, Diff: 0, Sum: 0, Workers: 4
[24.272s][debug][gc,phases      ] GC(55)   Weak JFR Old Object Samples    Min:  0.0, Avg:  0.0, Max:  0.0, Diff:  0.0, Sum:  0.0, Workers: 4
[24.272s][debug][gc,phases      ] GC(55)     Dead                           Min: 0, Avg:  0.0, Max: 0, Diff: 0, Sum: 0, Workers: 4
[24.272s][debug][gc,phases      ] GC(55)     Total                          Min: 0, Avg:  0.0, Max: 0, Diff: 0, Sum: 0, Workers: 4
[24.272s][debug][gc,phases      ] GC(55) Weak Processing 0.329ms
[24.272s][debug][gc,age         ] GC(55) Desired survivor size 221249536 bytes, new threshold 15 (max threshold 15)
[24.272s][info ][gc,heap        ] GC(55) PSYoungGen: 1675420K(1867776K)->51568K(1854464K) Eden: 1625088K(1625088K)->0K(1625088K) From: 50332K(242688K)->51568K(229376K)
[24.272s][info ][gc,heap        ] GC(55) ParOldGen: 513674K(619520K)->515626K(619520K)
[24.272s][info ][gc,metaspace   ] GC(55) Metaspace: 68649K(69376K)->68649K(69376K) NonClass: 58666K(59072K)->58666K(59072K) Class: 9982K(10304K)->9982K(10304K)
[24.272s][info ][gc             ] GC(55) Pause Young (Allocation Failure) 2137M->553M(2416M) 20.496ms
[24.272s][info ][gc,cpu         ] GC(55) User=0.08s Sys=0.00s Real=0.02s
[24.272s][info ][safepoint      ] Safepoint "ParallelGCFailedAllocation", Time since last: 35262135 ns, Reaching safepoint: 115902 ns, At safepoint: 20592571 ns, Total: 20708473 ns
[24.403s][info ][safepoint      ] Safepoint "ICBufferFull", Time since last: 131018959 ns, Reaching safepoint: 139702 ns, At safepoint: 28201 ns, Total: 167903 ns
[24.549s][info ][safepoint      ] Safepoint "ICBufferFull", Time since last: 144970909 ns, Reaching safepoint: 165703 ns, At safepoint: 40001 ns, Total: 205704 ns
[24.553s][info ][gc,start       ] GC(56) Pause Young (Allocation Failure)
[24.575s][debug][gc,phases      ] GC(56) Scavenge 21.393ms
[24.575s][debug][gc,ref         ] GC(56) Skipped phase 1 of Reference Processing: no references
[24.575s][debug][gc,ref         ] GC(56) ReferenceProcessor::execute queues: 1, RefProcThreadModel::Single, marks_oops_alive: false
[24.575s][debug][gc,ref         ] GC(56) Skipped phase 3 of Reference Processing: no references
[24.575s][debug][gc,ref         ] GC(56) ReferenceProcessor::execute queues: 1, RefProcThreadModel::Single, marks_oops_alive: false
[24.575s][debug][gc,phases      ] GC(56) Reference Processing 0.102ms
[24.575s][debug][gc,phases      ] GC(56)   VM Weak                        Min:  0.0, Avg:  0.0, Max:  0.0, Diff:  0.0, Sum:  0.0, Workers: 4
[24.575s][debug][gc,phases      ] GC(56)     Dead                           Min: 0, Avg:  0.0, Max: 0, Diff: 0, Sum: 0, Workers: 4
[24.575s][debug][gc,phases      ] GC(56)     Total                          Min: 0, Avg: 147.8, Max: 448, Diff: 448, Sum: 591, Workers: 4
[24.575s][debug][gc,phases      ] GC(56)   ObjectSynchronizer Weak        Min:  0.0, Avg:  0.0, Max:  0.0, Diff:  0.0, Sum:  0.0, Workers: 4
[24.575s][debug][gc,phases      ] GC(56)     Dead                           Min: 0, Avg:  0.0, Max: 0, Diff: 0, Sum: 0, Workers: 4
[24.575s][debug][gc,phases      ] GC(56)     Total                          Min: 0, Avg: 109.0, Max: 244, Diff: 244, Sum: 436, Workers: 4
[24.575s][debug][gc,phases      ] GC(56)   JVMTI Tag Weak OopStorage      Min:  0.0, Avg:  0.0, Max:  0.0, Diff:  0.0, Sum:  0.0, Workers: 4
[24.575s][debug][gc,phases      ] GC(56)     Dead                           Min: 0, Avg:  0.0, Max: 0, Diff: 0, Sum: 0, Workers: 4
[24.575s][debug][gc,phases      ] GC(56)     Total                          Min: 0, Avg:  0.0, Max: 0, Diff: 0, Sum: 0, Workers: 4
[24.575s][debug][gc,phases      ] GC(56)   StringTable Weak               Min:  0.1, Avg:  0.1, Max:  0.1, Diff:  0.0, Sum:  0.4, Workers: 4
[24.575s][debug][gc,phases      ] GC(56)     Dead                           Min: 0, Avg:  2.8, Max: 11, Diff: 11, Sum: 11, Workers: 4
[24.575s][debug][gc,phases      ] GC(56)     Total                          Min: 9659, Avg: 10727.0, Max: 11431, Diff: 1772, Sum: 42908, Workers: 4
[24.575s][debug][gc,phases      ] GC(56)   ResolvedMethodTable Weak       Min:  0.0, Avg:  0.0, Max:  0.0, Diff:  0.0, Sum:  0.1, Workers: 4
[24.575s][debug][gc,phases      ] GC(56)     Dead                           Min: 0, Avg:  0.0, Max: 0, Diff: 0, Sum: 0, Workers: 4
[24.575s][debug][gc,phases      ] GC(56)     Total                          Min: 1599, Avg: 1790.0, Max: 2048, Diff: 449, Sum: 7160, Workers: 4
[24.575s][debug][gc,phases      ] GC(56)   JNI Weak                       Min:  0.0, Avg:  0.0, Max:  0.0, Diff:  0.0, Sum:  0.0, Workers: 4
[24.575s][debug][gc,phases      ] GC(56)     Dead                           Min: 0, Avg:  0.0, Max: 0, Diff: 0, Sum: 0, Workers: 4
[24.575s][debug][gc,phases      ] GC(56)     Total                          Min: 0, Avg:  0.5, Max: 2, Diff: 2, Sum: 2, Workers: 4
[24.575s][debug][gc,phases      ] GC(56)   StringDedup Table Weak         Min:  0.0, Avg:  0.0, Max:  0.0, Diff:  0.0, Sum:  0.0, Workers: 4
[24.575s][debug][gc,phases      ] GC(56)     Dead                           Min: 0, Avg:  0.0, Max: 0, Diff: 0, Sum: 0, Workers: 4
[24.575s][debug][gc,phases      ] GC(56)     Total                          Min: 0, Avg:  0.0, Max: 0, Diff: 0, Sum: 0, Workers: 4
[24.575s][debug][gc,phases      ] GC(56)   StringDedup Requests0 Weak     Min:  0.0, Avg:  0.0, Max:  0.0, Diff:  0.0, Sum:  0.0, Workers: 4
[24.575s][debug][gc,phases      ] GC(56)     Dead                           Min: 0, Avg:  0.0, Max: 0, Diff: 0, Sum: 0, Workers: 4
[24.575s][debug][gc,phases      ] GC(56)     Total                          Min: 0, Avg:  0.0, Max: 0, Diff: 0, Sum: 0, Workers: 4
[24.575s][debug][gc,phases      ] GC(56)   StringDedup Requests1 Weak     Min:  0.0, Avg:  0.0, Max:  0.0, Diff:  0.0, Sum:  0.0, Workers: 4
[24.575s][debug][gc,phases      ] GC(56)     Dead                           Min: 0, Avg:  0.0, Max: 0, Diff: 0, Sum: 0, Workers: 4
[24.575s][debug][gc,phases      ] GC(56)     Total                          Min: 0, Avg:  0.0, Max: 0, Diff: 0, Sum: 0, Workers: 4
[24.575s][debug][gc,phases      ] GC(56)   Weak JFR Old Object Samples    Min:  0.0, Avg:  0.0, Max:  0.0, Diff:  0.0, Sum:  0.0, Workers: 4
[24.575s][debug][gc,phases      ] GC(56)     Dead                           Min: 0, Avg:  0.0, Max: 0, Diff: 0, Sum: 0, Workers: 4
[24.575s][debug][gc,phases      ] GC(56)     Total                          Min: 0, Avg:  0.0, Max: 0, Diff: 0, Sum: 0, Workers: 4
[24.575s][debug][gc,phases      ] GC(56) Weak Processing 0.300ms
[24.575s][debug][gc,age         ] GC(56) Desired survivor size 208666624 bytes, new threshold 15 (max threshold 15)
[24.575s][info ][gc,heap        ] GC(56) PSYoungGen: 1676656K(1854464K)->53040K(1893376K) Eden: 1625088K(1625088K)->0K(1677312K) From: 51568K(229376K)->53040K(216064K)
[24.575s][info ][gc,heap        ] GC(56) ParOldGen: 515626K(619520K)->517258K(619520K)
[24.575s][info ][gc,metaspace   ] GC(56) Metaspace: 68655K(69376K)->68655K(69376K) NonClass: 58672K(59072K)->58672K(59072K) Class: 9982K(10304K)->9982K(10304K)
[24.575s][info ][gc             ] GC(56) Pause Young (Allocation Failure) 2140M->556M(2454M) 21.924ms
[24.575s][info ][gc,cpu         ] GC(56) User=0.08s Sys=0.00s Real=0.03s
[24.575s][info ][safepoint      ] Safepoint "ParallelGCFailedAllocation", Time since last: 4349078 ns, Reaching safepoint: 110302 ns, At safepoint: 22028297 ns, Total: 22138599 ns
[24.636s][info ][safepoint      ] Safepoint "ICBufferFull", Time since last: 60039481 ns, Reaching safepoint: 1015718 ns, At safepoint: 27800 ns, Total: 1043518 ns
[24.761s][info ][safepoint      ] Safepoint "ICBufferFull", Time since last: 124195136 ns, Reaching safepoint: 125202 ns, At safepoint: 36101 ns, Total: 161303 ns
[24.869s][info ][safepoint      ] Safepoint "ICBufferFull", Time since last: 108462753 ns, Reaching safepoint: 182103 ns, At safepoint: 25100 ns, Total: 207203 ns
[24.877s][info ][gc,start       ] GC(57) Pause Young (Allocation Failure)
[24.895s][debug][gc,phases      ] GC(57) Scavenge 18.171ms
[24.895s][debug][gc,ref         ] GC(57) Skipped phase 1 of Reference Processing: no references
[24.896s][debug][gc,ref         ] GC(57) ReferenceProcessor::execute queues: 1, RefProcThreadModel::Single, marks_oops_alive: false
[24.896s][debug][gc,ref         ] GC(57) Skipped phase 3 of Reference Processing: no references
[24.896s][debug][gc,ref         ] GC(57) ReferenceProcessor::execute queues: 1, RefProcThreadModel::Single, marks_oops_alive: false
[24.896s][debug][gc,phases      ] GC(57) Reference Processing 0.105ms
[24.896s][debug][gc,phases      ] GC(57)   VM Weak                        Min:  0.0, Avg:  0.0, Max:  0.0, Diff:  0.0, Sum:  0.0, Workers: 4
[24.896s][debug][gc,phases      ] GC(57)     Dead                           Min: 0, Avg:  0.0, Max: 0, Diff: 0, Sum: 0, Workers: 4
[24.896s][debug][gc,phases      ] GC(57)     Total                          Min: 0, Avg: 147.8, Max: 591, Diff: 591, Sum: 591, Workers: 4
[24.896s][debug][gc,phases      ] GC(57)   ObjectSynchronizer Weak        Min:  0.0, Avg:  0.0, Max:  0.0, Diff:  0.0, Sum:  0.0, Workers: 4
[24.896s][debug][gc,phases      ] GC(57)     Dead                           Min: 0, Avg:  0.0, Max: 0, Diff: 0, Sum: 0, Workers: 4
[24.896s][debug][gc,phases      ] GC(57)     Total                          Min: 0, Avg: 109.0, Max: 256, Diff: 256, Sum: 436, Workers: 4
[24.896s][debug][gc,phases      ] GC(57)   JVMTI Tag Weak OopStorage      Min:  0.0, Avg:  0.0, Max:  0.0, Diff:  0.0, Sum:  0.0, Workers: 4
[24.896s][debug][gc,phases      ] GC(57)     Dead                           Min: 0, Avg:  0.0, Max: 0, Diff: 0, Sum: 0, Workers: 4
[24.896s][debug][gc,phases      ] GC(57)     Total                          Min: 0, Avg:  0.0, Max: 0, Diff: 0, Sum: 0, Workers: 4
[24.896s][debug][gc,phases      ] GC(57)   StringTable Weak               Min:  0.1, Avg:  0.1, Max:  0.1, Diff:  0.0, Sum:  0.4, Workers: 4
[24.896s][debug][gc,phases      ] GC(57)     Dead                           Min: 0, Avg:  0.0, Max: 0, Diff: 0, Sum: 0, Workers: 4
[24.896s][debug][gc,phases      ] GC(57)     Total                          Min: 9383, Avg: 10728.8, Max: 11776, Diff: 2393, Sum: 42915, Workers: 4
[24.896s][debug][gc,phases      ] GC(57)   ResolvedMethodTable Weak       Min:  0.0, Avg:  0.0, Max:  0.0, Diff:  0.0, Sum:  0.1, Workers: 4
[24.896s][debug][gc,phases      ] GC(57)     Dead                           Min: 0, Avg:  0.0, Max: 0, Diff: 0, Sum: 0, Workers: 4
[24.896s][debug][gc,phases      ] GC(57)     Total                          Min: 1536, Avg: 1790.0, Max: 1920, Diff: 384, Sum: 7160, Workers: 4
[24.896s][debug][gc,phases      ] GC(57)   JNI Weak                       Min:  0.0, Avg:  0.0, Max:  0.0, Diff:  0.0, Sum:  0.0, Workers: 4
[24.896s][debug][gc,phases      ] GC(57)     Dead                           Min: 0, Avg:  0.0, Max: 0, Diff: 0, Sum: 0, Workers: 4
[24.896s][debug][gc,phases      ] GC(57)     Total                          Min: 0, Avg:  0.0, Max: 0, Diff: 0, Sum: 0, Workers: 4
[24.896s][debug][gc,phases      ] GC(57)   StringDedup Table Weak         Min:  0.0, Avg:  0.0, Max:  0.0, Diff:  0.0, Sum:  0.0, Workers: 4
[24.896s][debug][gc,phases      ] GC(57)     Dead                           Min: 0, Avg:  0.0, Max: 0, Diff: 0, Sum: 0, Workers: 4
[24.896s][debug][gc,phases      ] GC(57)     Total                          Min: 0, Avg:  0.0, Max: 0, Diff: 0, Sum: 0, Workers: 4
[24.896s][debug][gc,phases      ] GC(57)   StringDedup Requests0 Weak     Min:  0.0, Avg:  0.0, Max:  0.0, Diff:  0.0, Sum:  0.0, Workers: 4
[24.896s][debug][gc,phases      ] GC(57)     Dead                           Min: 0, Avg:  0.0, Max: 0, Diff: 0, Sum: 0, Workers: 4
[24.896s][debug][gc,phases      ] GC(57)     Total                          Min: 0, Avg:  0.0, Max: 0, Diff: 0, Sum: 0, Workers: 4
[24.896s][debug][gc,phases      ] GC(57)   StringDedup Requests1 Weak     Min:  0.0, Avg:  0.0, Max:  0.0, Diff:  0.0, Sum:  0.0, Workers: 4
[24.896s][debug][gc,phases      ] GC(57)     Dead                           Min: 0, Avg:  0.0, Max: 0, Diff: 0, Sum: 0, Workers: 4
[24.896s][debug][gc,phases      ] GC(57)     Total                          Min: 0, Avg:  0.0, Max: 0, Diff: 0, Sum: 0, Workers: 4
[24.896s][debug][gc,phases      ] GC(57)   Weak JFR Old Object Samples    Min:  0.0, Avg:  0.0, Max:  0.0, Diff:  0.0, Sum:  0.0, Workers: 4
[24.896s][debug][gc,phases      ] GC(57)     Dead                           Min: 0, Avg:  0.0, Max: 0, Diff: 0, Sum: 0, Workers: 4
[24.896s][debug][gc,phases      ] GC(57)     Total                          Min: 0, Avg:  0.0, Max: 0, Diff: 0, Sum: 0, Workers: 4
[24.896s][debug][gc,phases      ] GC(57) Weak Processing 0.291ms
[24.896s][debug][gc,age         ] GC(57) Desired survivor size 196608000 bytes, new threshold 15 (max threshold 15)
[24.896s][info ][gc,heap        ] GC(57) PSYoungGen: 1730352K(1893376K)->54736K(1881088K) Eden: 1677312K(1677312K)->0K(1677312K) From: 53040K(216064K)->54736K(203776K)
[24.896s][info ][gc,heap        ] GC(57) ParOldGen: 517258K(619520K)->520330K(619520K)
[24.896s][info ][gc,metaspace   ] GC(57) Metaspace: 68656K(69376K)->68656K(69376K) NonClass: 58673K(59072K)->58673K(59072K) Class: 9982K(10304K)->9982K(10304K)
[24.896s][info ][gc             ] GC(57) Pause Young (Allocation Failure) 2194M->561M(2442M) 18.691ms
[24.896s][info ][gc,cpu         ] GC(57) User=0.07s Sys=0.00s Real=0.02s
[24.896s][info ][safepoint      ] Safepoint "ParallelGCFailedAllocation", Time since last: 7829341 ns, Reaching safepoint: 124703 ns, At safepoint: 18792338 ns, Total: 18917041 ns
[25.063s][info ][safepoint      ] Safepoint "ICBufferFull", Time since last: 166390295 ns, Reaching safepoint: 128102 ns, At safepoint: 24201 ns, Total: 152303 ns
[25.064s][info ][safepoint      ] Safepoint "ICBufferFull", Time since last: 1148121 ns, Reaching safepoint: 101601 ns, At safepoint: 21401 ns, Total: 123002 ns
[25.104s][info ][safepoint      ] Safepoint "ICBufferFull", Time since last: 40122022 ns, Reaching safepoint: 124902 ns, At safepoint: 23501 ns, Total: 148403 ns
[25.126s][info ][safepoint      ] Safepoint "ICBufferFull", Time since last: 21748691 ns, Reaching safepoint: 127603 ns, At safepoint: 24200 ns, Total: 151803 ns
[25.163s][info ][safepoint      ] Safepoint "ICBufferFull", Time since last: 37330372 ns, Reaching safepoint: 127602 ns, At safepoint: 24801 ns, Total: 152403 ns
[25.165s][info ][safepoint      ] Safepoint "ICBufferFull", Time since last: 1148720 ns, Reaching safepoint: 108102 ns, At safepoint: 23901 ns, Total: 132003 ns
[25.191s][info ][gc,start       ] GC(58) Pause Young (Allocation Failure)
[25.213s][debug][gc,phases      ] GC(58) Scavenge 22.013ms
[25.213s][debug][gc,ref         ] GC(58) Skipped phase 1 of Reference Processing: no references
[25.213s][debug][gc,ref         ] GC(58) ReferenceProcessor::execute queues: 1, RefProcThreadModel::Single, marks_oops_alive: false
[25.213s][debug][gc,ref         ] GC(58) Skipped phase 3 of Reference Processing: no references
[25.213s][debug][gc,ref         ] GC(58) ReferenceProcessor::execute queues: 1, RefProcThreadModel::Single, marks_oops_alive: false
[25.213s][debug][gc,phases      ] GC(58) Reference Processing 0.133ms
[25.213s][debug][gc,phases      ] GC(58)   VM Weak                        Min:  0.0, Avg:  0.0, Max:  0.0, Diff:  0.0, Sum:  0.0, Workers: 4
[25.213s][debug][gc,phases      ] GC(58)     Dead                           Min: 0, Avg:  0.0, Max: 0, Diff: 0, Sum: 0, Workers: 4
[25.213s][debug][gc,phases      ] GC(58)     Total                          Min: 0, Avg: 147.8, Max: 591, Diff: 591, Sum: 591, Workers: 4
[25.213s][debug][gc,phases      ] GC(58)   ObjectSynchronizer Weak        Min:  0.0, Avg:  0.0, Max:  0.0, Diff:  0.0, Sum:  0.0, Workers: 4
[25.213s][debug][gc,phases      ] GC(58)     Dead                           Min: 0, Avg:  0.0, Max: 0, Diff: 0, Sum: 0, Workers: 4
[25.213s][debug][gc,phases      ] GC(58)     Total                          Min: 0, Avg: 109.0, Max: 320, Diff: 320, Sum: 436, Workers: 4
[25.213s][debug][gc,phases      ] GC(58)   JVMTI Tag Weak OopStorage      Min:  0.0, Avg:  0.0, Max:  0.0, Diff:  0.0, Sum:  0.0, Workers: 4
[25.213s][debug][gc,phases      ] GC(58)     Dead                           Min: 0, Avg:  0.0, Max: 0, Diff: 0, Sum: 0, Workers: 4
[25.213s][debug][gc,phases      ] GC(58)     Total                          Min: 0, Avg:  0.0, Max: 0, Diff: 0, Sum: 0, Workers: 4
[25.213s][debug][gc,phases      ] GC(58)   StringTable Weak               Min:  0.1, Avg:  0.1, Max:  0.1, Diff:  0.0, Sum:  0.4, Workers: 4
[25.213s][debug][gc,phases      ] GC(58)     Dead                           Min: 0, Avg:  2.8, Max: 10, Diff: 10, Sum: 11, Workers: 4
[25.213s][debug][gc,phases      ] GC(58)     Total                          Min: 9830, Avg: 10729.5, Max: 11584, Diff: 1754, Sum: 42918, Workers: 4
[25.213s][debug][gc,phases      ] GC(58)   ResolvedMethodTable Weak       Min:  0.0, Avg:  0.0, Max:  0.0, Diff:  0.0, Sum:  0.1, Workers: 4
[25.213s][debug][gc,phases      ] GC(58)     Dead                           Min: 0, Avg:  0.0, Max: 0, Diff: 0, Sum: 0, Workers: 4
[25.213s][debug][gc,phases      ] GC(58)     Total                          Min: 1600, Avg: 1790.0, Max: 1984, Diff: 384, Sum: 7160, Workers: 4
[25.213s][debug][gc,phases      ] GC(58)   JNI Weak                       Min:  0.0, Avg:  0.0, Max:  0.0, Diff:  0.0, Sum:  0.0, Workers: 4
[25.213s][debug][gc,phases      ] GC(58)     Dead                           Min: 0, Avg:  0.0, Max: 0, Diff: 0, Sum: 0, Workers: 4
[25.213s][debug][gc,phases      ] GC(58)     Total                          Min: 0, Avg:  1.0, Max: 4, Diff: 4, Sum: 4, Workers: 4
[25.213s][debug][gc,phases      ] GC(58)   StringDedup Table Weak         Min:  0.0, Avg:  0.0, Max:  0.0, Diff:  0.0, Sum:  0.0, Workers: 4
[25.213s][debug][gc,phases      ] GC(58)     Dead                           Min: 0, Avg:  0.0, Max: 0, Diff: 0, Sum: 0, Workers: 4
[25.213s][debug][gc,phases      ] GC(58)     Total                          Min: 0, Avg:  0.0, Max: 0, Diff: 0, Sum: 0, Workers: 4
[25.213s][debug][gc,phases      ] GC(58)   StringDedup Requests0 Weak     Min:  0.0, Avg:  0.0, Max:  0.0, Diff:  0.0, Sum:  0.0, Workers: 4
[25.213s][debug][gc,phases      ] GC(58)     Dead                           Min: 0, Avg:  0.0, Max: 0, Diff: 0, Sum: 0, Workers: 4
[25.213s][debug][gc,phases      ] GC(58)     Total                          Min: 0, Avg:  0.0, Max: 0, Diff: 0, Sum: 0, Workers: 4
[25.213s][debug][gc,phases      ] GC(58)   StringDedup Requests1 Weak     Min:  0.0, Avg:  0.0, Max:  0.0, Diff:  0.0, Sum:  0.0, Workers: 4
[25.213s][debug][gc,phases      ] GC(58)     Dead                           Min: 0, Avg:  0.0, Max: 0, Diff: 0, Sum: 0, Workers: 4
[25.213s][debug][gc,phases      ] GC(58)     Total                          Min: 0, Avg:  0.0, Max: 0, Diff: 0, Sum: 0, Workers: 4
[25.213s][debug][gc,phases      ] GC(58)   Weak JFR Old Object Samples    Min:  0.0, Avg:  0.0, Max:  0.0, Diff:  0.0, Sum:  0.0, Workers: 4
[25.213s][debug][gc,phases      ] GC(58)     Dead                           Min: 0, Avg:  0.0, Max: 0, Diff: 0, Sum: 0, Workers: 4
[25.213s][debug][gc,phases      ] GC(58)     Total                          Min: 0, Avg:  0.0, Max: 0, Diff: 0, Sum: 0, Workers: 4
[25.213s][debug][gc,phases      ] GC(58) Weak Processing 0.290ms
[25.213s][debug][gc,age         ] GC(58) Desired survivor size 185597952 bytes, new threshold 15 (max threshold 15)
[25.213s][info ][gc,heap        ] GC(58) PSYoungGen: 1732048K(1881088K)->54496K(1915904K) Eden: 1677312K(1677312K)->0K(1723904K) From: 54736K(203776K)->54496K(192000K)
[25.213s][info ][gc,heap        ] GC(58) ParOldGen: 520330K(619520K)->524450K(619520K)
[25.213s][info ][gc,metaspace   ] GC(58) Metaspace: 68657K(69376K)->68657K(69376K) NonClass: 58674K(59072K)->58674K(59072K) Class: 9982K(10304K)->9982K(10304K)
[25.213s][info ][gc             ] GC(58) Pause Young (Allocation Failure) 2199M->565M(2476M) 22.573ms
[25.213s][info ][gc,cpu         ] GC(58) User=0.11s Sys=0.00s Real=0.02s
[25.214s][info ][safepoint      ] Safepoint "ParallelGCFailedAllocation", Time since last: 26021068 ns, Reaching safepoint: 121802 ns, At safepoint: 22691209 ns, Total: 22813011 ns
[25.374s][info ][safepoint      ] Safepoint "ICBufferFull", Time since last: 159835577 ns, Reaching safepoint: 131902 ns, At safepoint: 24001 ns, Total: 155903 ns
[25.375s][info ][safepoint      ] Safepoint "ICBufferFull", Time since last: 1148521 ns, Reaching safepoint: 107101 ns, At safepoint: 21501 ns, Total: 128602 ns
[25.464s][info ][safepoint      ] Safepoint "ICBufferFull", Time since last: 89236106 ns, Reaching safepoint: 130003 ns, At safepoint: 24900 ns, Total: 154903 ns
[25.523s][info ][gc,start       ] GC(59) Pause Young (Allocation Failure)
[25.546s][debug][gc,phases      ] GC(59) Scavenge 22.928ms
[25.546s][debug][gc,ref         ] GC(59) Skipped phase 1 of Reference Processing: no references
[25.546s][debug][gc,ref         ] GC(59) ReferenceProcessor::execute queues: 1, RefProcThreadModel::Single, marks_oops_alive: false
[25.546s][debug][gc,ref         ] GC(59) Skipped phase 3 of Reference Processing: no references
[25.546s][debug][gc,ref         ] GC(59) ReferenceProcessor::execute queues: 1, RefProcThreadModel::Single, marks_oops_alive: false
[25.546s][debug][gc,phases      ] GC(59) Reference Processing 0.105ms
[25.546s][debug][gc,phases      ] GC(59)   VM Weak                        Min:  0.0, Avg:  0.0, Max:  0.0, Diff:  0.0, Sum:  0.0, Workers: 4
[25.546s][debug][gc,phases      ] GC(59)     Dead                           Min: 0, Avg:  0.0, Max: 0, Diff: 0, Sum: 0, Workers: 4
[25.546s][debug][gc,phases      ] GC(59)     Total                          Min: 0, Avg: 147.8, Max: 271, Diff: 271, Sum: 591, Workers: 4
[25.546s][debug][gc,phases      ] GC(59)   ObjectSynchronizer Weak        Min:  0.0, Avg:  0.0, Max:  0.0, Diff:  0.0, Sum:  0.0, Workers: 4
[25.546s][debug][gc,phases      ] GC(59)     Dead                           Min: 0, Avg:  0.0, Max: 0, Diff: 0, Sum: 0, Workers: 4
[25.546s][debug][gc,phases      ] GC(59)     Total                          Min: 0, Avg: 109.0, Max: 180, Diff: 180, Sum: 436, Workers: 4
[25.546s][debug][gc,phases      ] GC(59)   JVMTI Tag Weak OopStorage      Min:  0.0, Avg:  0.0, Max:  0.0, Diff:  0.0, Sum:  0.0, Workers: 4
[25.546s][debug][gc,phases      ] GC(59)     Dead                           Min: 0, Avg:  0.0, Max: 0, Diff: 0, Sum: 0, Workers: 4
[25.546s][debug][gc,phases      ] GC(59)     Total                          Min: 0, Avg:  0.0, Max: 0, Diff: 0, Sum: 0, Workers: 4
[25.546s][debug][gc,phases      ] GC(59)   StringTable Weak               Min:  0.1, Avg:  0.1, Max:  0.1, Diff:  0.0, Sum:  0.4, Workers: 4
[25.546s][debug][gc,phases      ] GC(59)     Dead                           Min: 0, Avg:  2.8, Max: 11, Diff: 11, Sum: 11, Workers: 4
[25.546s][debug][gc,phases      ] GC(59)     Total                          Min: 10240, Avg: 10729.5, Max: 11559, Diff: 1319, Sum: 42918, Workers: 4
[25.546s][debug][gc,phases      ] GC(59)   ResolvedMethodTable Weak       Min:  0.0, Avg:  0.0, Max:  0.0, Diff:  0.0, Sum:  0.1, Workers: 4
[25.546s][debug][gc,phases      ] GC(59)     Dead                           Min: 0, Avg:  0.0, Max: 0, Diff: 0, Sum: 0, Workers: 4
[25.546s][debug][gc,phases      ] GC(59)     Total                          Min: 1727, Avg: 1790.0, Max: 1914, Diff: 187, Sum: 7160, Workers: 4
[25.546s][debug][gc,phases      ] GC(59)   JNI Weak                       Min:  0.0, Avg:  0.0, Max:  0.0, Diff:  0.0, Sum:  0.0, Workers: 4
[25.546s][debug][gc,phases      ] GC(59)     Dead                           Min: 0, Avg:  0.0, Max: 0, Diff: 0, Sum: 0, Workers: 4
[25.546s][debug][gc,phases      ] GC(59)     Total                          Min: 0, Avg:  0.8, Max: 3, Diff: 3, Sum: 3, Workers: 4
[25.546s][debug][gc,phases      ] GC(59)   StringDedup Table Weak         Min:  0.0, Avg:  0.0, Max:  0.0, Diff:  0.0, Sum:  0.0, Workers: 4
[25.546s][debug][gc,phases      ] GC(59)     Dead                           Min: 0, Avg:  0.0, Max: 0, Diff: 0, Sum: 0, Workers: 4
[25.546s][debug][gc,phases      ] GC(59)     Total                          Min: 0, Avg:  0.0, Max: 0, Diff: 0, Sum: 0, Workers: 4
[25.546s][debug][gc,phases      ] GC(59)   StringDedup Requests0 Weak     Min:  0.0, Avg:  0.0, Max:  0.0, Diff:  0.0, Sum:  0.0, Workers: 4
[25.546s][debug][gc,phases      ] GC(59)     Dead                           Min: 0, Avg:  0.0, Max: 0, Diff: 0, Sum: 0, Workers: 4
[25.546s][debug][gc,phases      ] GC(59)     Total                          Min: 0, Avg:  0.0, Max: 0, Diff: 0, Sum: 0, Workers: 4
[25.546s][debug][gc,phases      ] GC(59)   StringDedup Requests1 Weak     Min:  0.0, Avg:  0.0, Max:  0.0, Diff:  0.0, Sum:  0.0, Workers: 4
[25.546s][debug][gc,phases      ] GC(59)     Dead                           Min: 0, Avg:  0.0, Max: 0, Diff: 0, Sum: 0, Workers: 4
[25.546s][debug][gc,phases      ] GC(59)     Total                          Min: 0, Avg:  0.0, Max: 0, Diff: 0, Sum: 0, Workers: 4
[25.546s][debug][gc,phases      ] GC(59)   Weak JFR Old Object Samples    Min:  0.0, Avg:  0.0, Max:  0.0, Diff:  0.0, Sum:  0.0, Workers: 4
[25.546s][debug][gc,phases      ] GC(59)     Dead                           Min: 0, Avg:  0.0, Max: 0, Diff: 0, Sum: 0, Workers: 4
[25.546s][debug][gc,phases      ] GC(59)     Total                          Min: 0, Avg:  0.0, Max: 0, Diff: 0, Sum: 0, Workers: 4
[25.546s][debug][gc,phases      ] GC(59) Weak Processing 0.304ms
[25.546s][debug][gc,age         ] GC(59) Desired survivor size 174587904 bytes, new threshold 15 (max threshold 15)
[25.546s][info ][gc,heap        ] GC(59) PSYoungGen: 1778400K(1915904K)->57056K(1905152K) Eden: 1723904K(1723904K)->0K(1723904K) From: 54496K(192000K)->57056K(181248K)
[25.546s][info ][gc,heap        ] GC(59) ParOldGen: 524450K(619520K)->526290K(619520K)
[25.546s][info ][gc,metaspace   ] GC(59) Metaspace: 68658K(69376K)->68658K(69376K) NonClass: 58675K(59072K)->58675K(59072K) Class: 9982K(10304K)->9982K(10304K)
[25.546s][info ][gc             ] GC(59) Pause Young (Allocation Failure) 2248M->569M(2465M) 23.473ms
[25.546s][info ][gc,cpu         ] GC(59) User=0.11s Sys=0.00s Real=0.02s
[25.547s][info ][safepoint      ] Safepoint "ParallelGCFailedAllocation", Time since last: 58604655 ns, Reaching safepoint: 135702 ns, At safepoint: 23581225 ns, Total: 23716927 ns
[25.678s][info ][safepoint      ] Safepoint "ICBufferFull", Time since last: 131827173 ns, Reaching safepoint: 106302 ns, At safepoint: 26500 ns, Total: 132802 ns
[25.699s][info ][safepoint      ] Safepoint "ICBufferFull", Time since last: 19894558 ns, Reaching safepoint: 138203 ns, At safepoint: 22300 ns, Total: 160503 ns
[25.716s][info ][safepoint      ] Safepoint "ICBufferFull", Time since last: 17363413 ns, Reaching safepoint: 130502 ns, At safepoint: 24801 ns, Total: 155303 ns
[25.826s][info ][gc,start       ] GC(60) Pause Young (Allocation Failure)
[25.849s][debug][gc,phases      ] GC(60) Scavenge 22.234ms
[25.849s][debug][gc,ref         ] GC(60) Skipped phase 1 of Reference Processing: no references
[25.849s][debug][gc,ref         ] GC(60) ReferenceProcessor::execute queues: 1, RefProcThreadModel::Single, marks_oops_alive: false
[25.849s][debug][gc,ref         ] GC(60) Skipped phase 3 of Reference Processing: no references
[25.849s][debug][gc,ref         ] GC(60) ReferenceProcessor::execute queues: 1, RefProcThreadModel::Single, marks_oops_alive: false
[25.849s][debug][gc,phases      ] GC(60) Reference Processing 0.141ms
[25.849s][debug][gc,phases      ] GC(60)   VM Weak                        Min:  0.0, Avg:  0.0, Max:  0.0, Diff:  0.0, Sum:  0.0, Workers: 4
[25.849s][debug][gc,phases      ] GC(60)     Dead                           Min: 0, Avg:  0.0, Max: 0, Diff: 0, Sum: 0, Workers: 4
[25.849s][debug][gc,phases      ] GC(60)     Total                          Min: 0, Avg: 147.8, Max: 335, Diff: 335, Sum: 591, Workers: 4
[25.849s][debug][gc,phases      ] GC(60)   ObjectSynchronizer Weak        Min:  0.0, Avg:  0.0, Max:  0.0, Diff:  0.0, Sum:  0.0, Workers: 4
[25.849s][debug][gc,phases      ] GC(60)     Dead                           Min: 0, Avg:  0.0, Max: 0, Diff: 0, Sum: 0, Workers: 4
[25.849s][debug][gc,phases      ] GC(60)     Total                          Min: 0, Avg: 109.0, Max: 256, Diff: 256, Sum: 436, Workers: 4
[25.849s][debug][gc,phases      ] GC(60)   JVMTI Tag Weak OopStorage      Min:  0.0, Avg:  0.0, Max:  0.0, Diff:  0.0, Sum:  0.0, Workers: 4
[25.849s][debug][gc,phases      ] GC(60)     Dead                           Min: 0, Avg:  0.0, Max: 0, Diff: 0, Sum: 0, Workers: 4
[25.849s][debug][gc,phases      ] GC(60)     Total                          Min: 0, Avg:  0.0, Max: 0, Diff: 0, Sum: 0, Workers: 4
[25.849s][debug][gc,phases      ] GC(60)   StringTable Weak               Min:  0.1, Avg:  0.1, Max:  0.1, Diff:  0.0, Sum:  0.4, Workers: 4
[25.849s][debug][gc,phases      ] GC(60)     Dead                           Min: 0, Avg:  0.0, Max: 0, Diff: 0, Sum: 0, Workers: 4
[25.849s][debug][gc,phases      ] GC(60)     Total                          Min: 10112, Avg: 10729.5, Max: 11264, Diff: 1152, Sum: 42918, Workers: 4
[25.849s][debug][gc,phases      ] GC(60)   ResolvedMethodTable Weak       Min:  0.0, Avg:  0.0, Max:  0.0, Diff:  0.0, Sum:  0.1, Workers: 4
[25.849s][debug][gc,phases      ] GC(60)     Dead                           Min: 0, Avg:  0.0, Max: 0, Diff: 0, Sum: 0, Workers: 4
[25.849s][debug][gc,phases      ] GC(60)     Total                          Min: 1600, Avg: 1790.0, Max: 2042, Diff: 442, Sum: 7160, Workers: 4
[25.849s][debug][gc,phases      ] GC(60)   JNI Weak                       Min:  0.0, Avg:  0.0, Max:  0.0, Diff:  0.0, Sum:  0.0, Workers: 4
[25.849s][debug][gc,phases      ] GC(60)     Dead                           Min: 0, Avg:  0.0, Max: 0, Diff: 0, Sum: 0, Workers: 4
[25.849s][debug][gc,phases      ] GC(60)     Total                          Min: 0, Avg:  0.8, Max: 3, Diff: 3, Sum: 3, Workers: 4
[25.849s][debug][gc,phases      ] GC(60)   StringDedup Table Weak         Min:  0.0, Avg:  0.0, Max:  0.0, Diff:  0.0, Sum:  0.0, Workers: 4
[25.849s][debug][gc,phases      ] GC(60)     Dead                           Min: 0, Avg:  0.0, Max: 0, Diff: 0, Sum: 0, Workers: 4
[25.849s][debug][gc,phases      ] GC(60)     Total                          Min: 0, Avg:  0.0, Max: 0, Diff: 0, Sum: 0, Workers: 4
[25.849s][debug][gc,phases      ] GC(60)   StringDedup Requests0 Weak     Min:  0.0, Avg:  0.0, Max:  0.0, Diff:  0.0, Sum:  0.0, Workers: 4
[25.849s][debug][gc,phases      ] GC(60)     Dead                           Min: 0, Avg:  0.0, Max: 0, Diff: 0, Sum: 0, Workers: 4
[25.849s][debug][gc,phases      ] GC(60)     Total                          Min: 0, Avg:  0.0, Max: 0, Diff: 0, Sum: 0, Workers: 4
[25.849s][debug][gc,phases      ] GC(60)   StringDedup Requests1 Weak     Min:  0.0, Avg:  0.0, Max:  0.0, Diff:  0.0, Sum:  0.0, Workers: 4
[25.849s][debug][gc,phases      ] GC(60)     Dead                           Min: 0, Avg:  0.0, Max: 0, Diff: 0, Sum: 0, Workers: 4
[25.849s][debug][gc,phases      ] GC(60)     Total                          Min: 0, Avg:  0.0, Max: 0, Diff: 0, Sum: 0, Workers: 4
[25.849s][debug][gc,phases      ] GC(60)   Weak JFR Old Object Samples    Min:  0.0, Avg:  0.0, Max:  0.0, Diff:  0.0, Sum:  0.0, Workers: 4
[25.849s][debug][gc,phases      ] GC(60)     Dead                           Min: 0, Avg:  0.0, Max: 0, Diff: 0, Sum: 0, Workers: 4
[25.849s][debug][gc,phases      ] GC(60)     Total                          Min: 0, Avg:  0.0, Max: 0, Diff: 0, Sum: 0, Workers: 4
[25.849s][debug][gc,phases      ] GC(60) Weak Processing 0.291ms
[25.849s][debug][gc,age         ] GC(60) Desired survivor size 164626432 bytes, new threshold 15 (max threshold 15)
[25.849s][info ][gc,heap        ] GC(60) PSYoungGen: 1780960K(1905152K)->58480K(1936384K) Eden: 1723904K(1723904K)->0K(1765888K) From: 57056K(181248K)->58480K(170496K)
[25.849s][info ][gc,heap        ] GC(60) ParOldGen: 526290K(619520K)->528914K(619520K)
[25.849s][info ][gc,metaspace   ] GC(60) Metaspace: 68660K(69376K)->68660K(69376K) NonClass: 58677K(59072K)->58677K(59072K) Class: 9982K(10304K)->9982K(10304K)
[25.849s][info ][gc             ] GC(60) Pause Young (Allocation Failure) 2253M->573M(2496M) 22.797ms
[25.849s][info ][gc,cpu         ] GC(60) User=0.09s Sys=0.00s Real=0.03s
[25.849s][info ][safepoint      ] Safepoint "ParallelGCFailedAllocation", Time since last: 110255984 ns, Reaching safepoint: 140203 ns, At safepoint: 22908512 ns, Total: 23048715 ns
[25.903s][info ][safepoint      ] Safepoint "ICBufferFull", Time since last: 53742768 ns, Reaching safepoint: 150302 ns, At safepoint: 27901 ns, Total: 178203 ns
[25.906s][info ][safepoint      ] Safepoint "ICBufferFull", Time since last: 2767250 ns, Reaching safepoint: 108002 ns, At safepoint: 20000 ns, Total: 128002 ns
[25.911s][info ][safepoint      ] Safepoint "ICBufferFull", Time since last: 4545982 ns, Reaching safepoint: 106102 ns, At safepoint: 23200 ns, Total: 129302 ns
[25.914s][info ][safepoint      ] Safepoint "ICBufferFull", Time since last: 3226658 ns, Reaching safepoint: 100302 ns, At safepoint: 27401 ns, Total: 127703 ns
[26.064s][info ][safepoint      ] Safepoint "ICBufferFull", Time since last: 150074201 ns, Reaching safepoint: 143203 ns, At safepoint: 19000 ns, Total: 162203 ns
[26.128s][info ][safepoint      ] Safepoint "ICBufferFull", Time since last: 63881950 ns, Reaching safepoint: 120202 ns, At safepoint: 17700 ns, Total: 137902 ns
[26.144s][info ][safepoint      ] Safepoint "ICBufferFull", Time since last: 15516380 ns, Reaching safepoint: 119002 ns, At safepoint: 20500 ns, Total: 139502 ns
[26.168s][info ][gc,start       ] GC(61) Pause Young (Allocation Failure)
[26.191s][debug][gc,phases      ] GC(61) Scavenge 22.945ms
[26.191s][debug][gc,ref         ] GC(61) Skipped phase 1 of Reference Processing: no references
[26.191s][debug][gc,ref         ] GC(61) ReferenceProcessor::execute queues: 1, RefProcThreadModel::Single, marks_oops_alive: false
[26.191s][debug][gc,ref         ] GC(61) Skipped phase 3 of Reference Processing: no references
[26.191s][debug][gc,ref         ] GC(61) ReferenceProcessor::execute queues: 1, RefProcThreadModel::Single, marks_oops_alive: false
[26.191s][debug][gc,phases      ] GC(61) Reference Processing 0.129ms
[26.191s][debug][gc,phases      ] GC(61)   VM Weak                        Min:  0.0, Avg:  0.0, Max:  0.0, Diff:  0.0, Sum:  0.0, Workers: 4
[26.191s][debug][gc,phases      ] GC(61)     Dead                           Min: 0, Avg:  0.0, Max: 0, Diff: 0, Sum: 0, Workers: 4
[26.191s][debug][gc,phases      ] GC(61)     Total                          Min: 0, Avg: 147.8, Max: 399, Diff: 399, Sum: 591, Workers: 4
[26.191s][debug][gc,phases      ] GC(61)   ObjectSynchronizer Weak        Min:  0.0, Avg:  0.0, Max:  0.0, Diff:  0.0, Sum:  0.0, Workers: 4
[26.191s][debug][gc,phases      ] GC(61)     Dead                           Min: 0, Avg:  0.0, Max: 0, Diff: 0, Sum: 0, Workers: 4
[26.191s][debug][gc,phases      ] GC(61)     Total                          Min: 0, Avg: 109.0, Max: 244, Diff: 244, Sum: 436, Workers: 4
[26.191s][debug][gc,phases      ] GC(61)   JVMTI Tag Weak OopStorage      Min:  0.0, Avg:  0.0, Max:  0.0, Diff:  0.0, Sum:  0.0, Workers: 4
[26.191s][debug][gc,phases      ] GC(61)     Dead                           Min: 0, Avg:  0.0, Max: 0, Diff: 0, Sum: 0, Workers: 4
[26.191s][debug][gc,phases      ] GC(61)     Total                          Min: 0, Avg:  0.0, Max: 0, Diff: 0, Sum: 0, Workers: 4
[26.191s][debug][gc,phases      ] GC(61)   StringTable Weak               Min:  0.1, Avg:  0.1, Max:  0.1, Diff:  0.0, Sum:  0.4, Workers: 4
[26.191s][debug][gc,phases      ] GC(61)     Dead                           Min: 0, Avg:  2.8, Max: 11, Diff: 11, Sum: 11, Workers: 4
[26.191s][debug][gc,phases      ] GC(61)     Total                          Min: 9728, Avg: 10732.0, Max: 12480, Diff: 2752, Sum: 42928, Workers: 4
[26.191s][debug][gc,phases      ] GC(61)   ResolvedMethodTable Weak       Min:  0.0, Avg:  0.0, Max:  0.0, Diff:  0.0, Sum:  0.1, Workers: 4
[26.191s][debug][gc,phases      ] GC(61)     Dead                           Min: 0, Avg:  0.0, Max: 0, Diff: 0, Sum: 0, Workers: 4
[26.191s][debug][gc,phases      ] GC(61)     Total                          Min: 1472, Avg: 1790.0, Max: 2048, Diff: 576, Sum: 7160, Workers: 4
[26.191s][debug][gc,phases      ] GC(61)   JNI Weak                       Min:  0.0, Avg:  0.0, Max:  0.0, Diff:  0.0, Sum:  0.0, Workers: 4
[26.191s][debug][gc,phases      ] GC(61)     Dead                           Min: 0, Avg:  0.0, Max: 0, Diff: 0, Sum: 0, Workers: 4
[26.191s][debug][gc,phases      ] GC(61)     Total                          Min: 0, Avg:  0.0, Max: 0, Diff: 0, Sum: 0, Workers: 4
[26.191s][debug][gc,phases      ] GC(61)   StringDedup Table Weak         Min:  0.0, Avg:  0.0, Max:  0.0, Diff:  0.0, Sum:  0.0, Workers: 4
[26.191s][debug][gc,phases      ] GC(61)     Dead                           Min: 0, Avg:  0.0, Max: 0, Diff: 0, Sum: 0, Workers: 4
[26.191s][debug][gc,phases      ] GC(61)     Total                          Min: 0, Avg:  0.0, Max: 0, Diff: 0, Sum: 0, Workers: 4
[26.191s][debug][gc,phases      ] GC(61)   StringDedup Requests0 Weak     Min:  0.0, Avg:  0.0, Max:  0.0, Diff:  0.0, Sum:  0.0, Workers: 4
[26.191s][debug][gc,phases      ] GC(61)     Dead                           Min: 0, Avg:  0.0, Max: 0, Diff: 0, Sum: 0, Workers: 4
[26.191s][debug][gc,phases      ] GC(61)     Total                          Min: 0, Avg:  0.0, Max: 0, Diff: 0, Sum: 0, Workers: 4
[26.191s][debug][gc,phases      ] GC(61)   StringDedup Requests1 Weak     Min:  0.0, Avg:  0.0, Max:  0.0, Diff:  0.0, Sum:  0.0, Workers: 4
[26.191s][debug][gc,phases      ] GC(61)     Dead                           Min: 0, Avg:  0.0, Max: 0, Diff: 0, Sum: 0, Workers: 4
[26.191s][debug][gc,phases      ] GC(61)     Total                          Min: 0, Avg:  0.0, Max: 0, Diff: 0, Sum: 0, Workers: 4
[26.191s][debug][gc,phases      ] GC(61)   Weak JFR Old Object Samples    Min:  0.0, Avg:  0.0, Max:  0.0, Diff:  0.0, Sum:  0.0, Workers: 4
[26.191s][debug][gc,phases      ] GC(61)     Dead                           Min: 0, Avg:  0.0, Max: 0, Diff: 0, Sum: 0, Workers: 4
[26.191s][debug][gc,phases      ] GC(61)     Total                          Min: 0, Avg:  0.0, Max: 0, Diff: 0, Sum: 0, Workers: 4
[26.191s][debug][gc,phases      ] GC(61) Weak Processing 0.303ms
[26.191s][debug][gc,age         ] GC(61) Desired survivor size 155189248 bytes, new threshold 15 (max threshold 15)
[26.191s][info ][gc,heap        ] GC(61) PSYoungGen: 1824368K(1936384K)->64064K(1926656K) Eden: 1765888K(1765888K)->0K(1765888K) From: 58480K(170496K)->64064K(160768K)
[26.191s][info ][gc,heap        ] GC(61) ParOldGen: 528914K(619520K)->531618K(619520K)
[26.191s][info ][gc,metaspace   ] GC(61) Metaspace: 68688K(69440K)->68688K(69440K) NonClass: 58703K(59136K)->58703K(59136K) Class: 9984K(10304K)->9984K(10304K)
[26.191s][info ][gc             ] GC(61) Pause Young (Allocation Failure) 2298M->581M(2486M) 23.507ms
[26.191s][info ][gc,cpu         ] GC(61) User=0.08s Sys=0.01s Real=0.02s
[26.191s][info ][safepoint      ] Safepoint "ParallelGCFailedAllocation", Time since last: 23544024 ns, Reaching safepoint: 108602 ns, At safepoint: 23602125 ns, Total: 23710727 ns
[26.292s][info ][safepoint      ] Safepoint "ICBufferFull", Time since last: 99956599 ns, Reaching safepoint: 141603 ns, At safepoint: 30900 ns, Total: 172503 ns
[26.420s][info ][safepoint      ] Safepoint "ICBufferFull", Time since last: 127861502 ns, Reaching safepoint: 144802 ns, At safepoint: 19001 ns, Total: 163803 ns
[26.538s][info ][gc,start       ] GC(62) Pause Young (Allocation Failure)
[26.567s][debug][gc,phases      ] GC(62) Scavenge 29.140ms
[26.567s][debug][gc,ref         ] GC(62) Skipped phase 1 of Reference Processing: no references
[26.568s][debug][gc,ref         ] GC(62) ReferenceProcessor::execute queues: 1, RefProcThreadModel::Single, marks_oops_alive: false
[26.568s][debug][gc,ref         ] GC(62) Skipped phase 3 of Reference Processing: no references
[26.568s][debug][gc,ref         ] GC(62) ReferenceProcessor::execute queues: 1, RefProcThreadModel::Single, marks_oops_alive: false
[26.568s][debug][gc,phases      ] GC(62) Reference Processing 0.112ms
[26.568s][debug][gc,phases      ] GC(62)   VM Weak                        Min:  0.0, Avg:  0.0, Max:  0.0, Diff:  0.0, Sum:  0.0, Workers: 4
[26.568s][debug][gc,phases      ] GC(62)     Dead                           Min: 0, Avg:  0.0, Max: 0, Diff: 0, Sum: 0, Workers: 4
[26.568s][debug][gc,phases      ] GC(62)     Total                          Min: 0, Avg: 148.0, Max: 336, Diff: 336, Sum: 592, Workers: 4
[26.568s][debug][gc,phases      ] GC(62)   ObjectSynchronizer Weak        Min:  0.0, Avg:  0.0, Max:  0.0, Diff:  0.0, Sum:  0.0, Workers: 4
[26.568s][debug][gc,phases      ] GC(62)     Dead                           Min: 0, Avg:  0.0, Max: 0, Diff: 0, Sum: 0, Workers: 4
[26.568s][debug][gc,phases      ] GC(62)     Total                          Min: 0, Avg: 109.0, Max: 244, Diff: 244, Sum: 436, Workers: 4
[26.568s][debug][gc,phases      ] GC(62)   JVMTI Tag Weak OopStorage      Min:  0.0, Avg:  0.0, Max:  0.0, Diff:  0.0, Sum:  0.0, Workers: 4
[26.568s][debug][gc,phases      ] GC(62)     Dead                           Min: 0, Avg:  0.0, Max: 0, Diff: 0, Sum: 0, Workers: 4
[26.568s][debug][gc,phases      ] GC(62)     Total                          Min: 0, Avg:  0.0, Max: 0, Diff: 0, Sum: 0, Workers: 4
[26.568s][debug][gc,phases      ] GC(62)   StringTable Weak               Min:  0.1, Avg:  0.1, Max:  0.1, Diff:  0.0, Sum:  0.4, Workers: 4
[26.568s][debug][gc,phases      ] GC(62)     Dead                           Min: 0, Avg:  2.8, Max: 11, Diff: 11, Sum: 11, Workers: 4
[26.568s][debug][gc,phases      ] GC(62)     Total                          Min: 10047, Avg: 10739.5, Max: 11381, Diff: 1334, Sum: 42958, Workers: 4
[26.568s][debug][gc,phases      ] GC(62)   ResolvedMethodTable Weak       Min:  0.0, Avg:  0.0, Max:  0.0, Diff:  0.0, Sum:  0.1, Workers: 4
[26.568s][debug][gc,phases      ] GC(62)     Dead                           Min: 0, Avg:  0.0, Max: 0, Diff: 0, Sum: 0, Workers: 4
[26.568s][debug][gc,phases      ] GC(62)     Total                          Min: 1598, Avg: 1791.5, Max: 1920, Diff: 322, Sum: 7166, Workers: 4
[26.568s][debug][gc,phases      ] GC(62)   JNI Weak                       Min:  0.0, Avg:  0.0, Max:  0.0, Diff:  0.0, Sum:  0.0, Workers: 4
[26.568s][debug][gc,phases      ] GC(62)     Dead                           Min: 0, Avg:  0.0, Max: 0, Diff: 0, Sum: 0, Workers: 4
[26.568s][debug][gc,phases      ] GC(62)     Total                          Min: 0, Avg:  1.8, Max: 7, Diff: 7, Sum: 7, Workers: 4
[26.568s][debug][gc,phases      ] GC(62)   StringDedup Table Weak         Min:  0.0, Avg:  0.0, Max:  0.0, Diff:  0.0, Sum:  0.0, Workers: 4
[26.568s][debug][gc,phases      ] GC(62)     Dead                           Min: 0, Avg:  0.0, Max: 0, Diff: 0, Sum: 0, Workers: 4
[26.568s][debug][gc,phases      ] GC(62)     Total                          Min: 0, Avg:  0.0, Max: 0, Diff: 0, Sum: 0, Workers: 4
[26.568s][debug][gc,phases      ] GC(62)   StringDedup Requests0 Weak     Min:  0.0, Avg:  0.0, Max:  0.0, Diff:  0.0, Sum:  0.0, Workers: 4
[26.568s][debug][gc,phases      ] GC(62)     Dead                           Min: 0, Avg:  0.0, Max: 0, Diff: 0, Sum: 0, Workers: 4
[26.568s][debug][gc,phases      ] GC(62)     Total                          Min: 0, Avg:  0.0, Max: 0, Diff: 0, Sum: 0, Workers: 4
[26.568s][debug][gc,phases      ] GC(62)   StringDedup Requests1 Weak     Min:  0.0, Avg:  0.0, Max:  0.0, Diff:  0.0, Sum:  0.0, Workers: 4
[26.568s][debug][gc,phases      ] GC(62)     Dead                           Min: 0, Avg:  0.0, Max: 0, Diff: 0, Sum: 0, Workers: 4
[26.568s][debug][gc,phases      ] GC(62)     Total                          Min: 0, Avg:  0.0, Max: 0, Diff: 0, Sum: 0, Workers: 4
[26.568s][debug][gc,phases      ] GC(62)   Weak JFR Old Object Samples    Min:  0.0, Avg:  0.0, Max:  0.0, Diff:  0.0, Sum:  0.0, Workers: 4
[26.568s][debug][gc,phases      ] GC(62)     Dead                           Min: 0, Avg:  0.0, Max: 0, Diff: 0, Sum: 0, Workers: 4
[26.568s][debug][gc,phases      ] GC(62)     Total                          Min: 0, Avg:  0.0, Max: 0, Diff: 0, Sum: 0, Workers: 4
[26.568s][debug][gc,phases      ] GC(62) Weak Processing 0.296ms
[26.568s][debug][gc,age         ] GC(62) Desired survivor size 147324928 bytes, new threshold 15 (max threshold 15)
[26.568s][info ][gc,heap        ] GC(62) PSYoungGen: 1829952K(1926656K)->66704K(1953280K) Eden: 1765888K(1765888K)->0K(1801728K) From: 64064K(160768K)->66704K(151552K)
[26.568s][info ][gc,heap        ] GC(62) ParOldGen: 531618K(619520K)->534634K(619520K)
[26.568s][info ][gc,metaspace   ] GC(62) Metaspace: 68721K(69568K)->68721K(69568K) NonClass: 58733K(59200K)->58733K(59200K) Class: 9988K(10368K)->9988K(10368K)
[26.568s][info ][gc             ] GC(62) Pause Young (Allocation Failure) 2306M->587M(2512M) 29.683ms
[26.568s][info ][gc,cpu         ] GC(62) User=0.10s Sys=0.01s Real=0.03s
[26.568s][info ][safepoint      ] Safepoint "ParallelGCFailedAllocation", Time since last: 118544034 ns, Reaching safepoint: 141702 ns, At safepoint: 29808237 ns, Total: 29949939 ns
[26.693s][info ][safepoint      ] Safepoint "ICBufferFull", Time since last: 124879248 ns, Reaching safepoint: 123302 ns, At safepoint: 23600 ns, Total: 146902 ns
[26.844s][info ][safepoint      ] Safepoint "ICBufferFull", Time since last: 150561710 ns, Reaching safepoint: 135403 ns, At safepoint: 25200 ns, Total: 160603 ns
[26.851s][info ][gc,start       ] GC(63) Pause Young (Allocation Failure)
[26.879s][debug][gc,phases      ] GC(63) Scavenge 27.792ms
[26.879s][debug][gc,ref         ] GC(63) Skipped phase 1 of Reference Processing: no references
[26.879s][debug][gc,ref         ] GC(63) ReferenceProcessor::execute queues: 1, RefProcThreadModel::Single, marks_oops_alive: false
[26.879s][debug][gc,ref         ] GC(63) Skipped phase 3 of Reference Processing: no references
[26.879s][debug][gc,ref         ] GC(63) ReferenceProcessor::execute queues: 1, RefProcThreadModel::Single, marks_oops_alive: false
[26.879s][debug][gc,phases      ] GC(63) Reference Processing 0.142ms
[26.879s][debug][gc,phases      ] GC(63)   VM Weak                        Min:  0.0, Avg:  0.0, Max:  0.0, Diff:  0.0, Sum:  0.0, Workers: 4
[26.879s][debug][gc,phases      ] GC(63)     Dead                           Min: 0, Avg:  0.0, Max: 0, Diff: 0, Sum: 0, Workers: 4
[26.879s][debug][gc,phases      ] GC(63)     Total                          Min: 0, Avg: 148.0, Max: 512, Diff: 512, Sum: 592, Workers: 4
[26.879s][debug][gc,phases      ] GC(63)   ObjectSynchronizer Weak        Min:  0.0, Avg:  0.0, Max:  0.0, Diff:  0.0, Sum:  0.0, Workers: 4
[26.879s][debug][gc,phases      ] GC(63)     Dead                           Min: 0, Avg:  0.0, Max: 0, Diff: 0, Sum: 0, Workers: 4
[26.879s][debug][gc,phases      ] GC(63)     Total                          Min: 0, Avg: 109.0, Max: 244, Diff: 244, Sum: 436, Workers: 4
[26.879s][debug][gc,phases      ] GC(63)   JVMTI Tag Weak OopStorage      Min:  0.0, Avg:  0.0, Max:  0.0, Diff:  0.0, Sum:  0.0, Workers: 4
[26.879s][debug][gc,phases      ] GC(63)     Dead                           Min: 0, Avg:  0.0, Max: 0, Diff: 0, Sum: 0, Workers: 4
[26.879s][debug][gc,phases      ] GC(63)     Total                          Min: 0, Avg:  0.0, Max: 0, Diff: 0, Sum: 0, Workers: 4
[26.879s][debug][gc,phases      ] GC(63)   StringTable Weak               Min:  0.1, Avg:  0.1, Max:  0.1, Diff:  0.0, Sum:  0.5, Workers: 4
[26.879s][debug][gc,phases      ] GC(63)     Dead                           Min: 0, Avg:  0.0, Max: 0, Diff: 0, Sum: 0, Workers: 4
[26.879s][debug][gc,phases      ] GC(63)     Total                          Min: 9984, Avg: 10743.0, Max: 11701, Diff: 1717, Sum: 42972, Workers: 4
[26.879s][debug][gc,phases      ] GC(63)   ResolvedMethodTable Weak       Min:  0.0, Avg:  0.0, Max:  0.0, Diff:  0.0, Sum:  0.1, Workers: 4
[26.879s][debug][gc,phases      ] GC(63)     Dead                           Min: 0, Avg:  0.0, Max: 0, Diff: 0, Sum: 0, Workers: 4
[26.879s][debug][gc,phases      ] GC(63)     Total                          Min: 1600, Avg: 1791.5, Max: 1920, Diff: 320, Sum: 7166, Workers: 4
[26.879s][debug][gc,phases      ] GC(63)   JNI Weak                       Min:  0.0, Avg:  0.0, Max:  0.0, Diff:  0.0, Sum:  0.0, Workers: 4
[26.879s][debug][gc,phases      ] GC(63)     Dead                           Min: 0, Avg:  0.0, Max: 0, Diff: 0, Sum: 0, Workers: 4
[26.879s][debug][gc,phases      ] GC(63)     Total                          Min: 0, Avg:  1.8, Max: 7, Diff: 7, Sum: 7, Workers: 4
[26.879s][debug][gc,phases      ] GC(63)   StringDedup Table Weak         Min:  0.0, Avg:  0.0, Max:  0.0, Diff:  0.0, Sum:  0.0, Workers: 4
[26.879s][debug][gc,phases      ] GC(63)     Dead                           Min: 0, Avg:  0.0, Max: 0, Diff: 0, Sum: 0, Workers: 4
[26.879s][debug][gc,phases      ] GC(63)     Total                          Min: 0, Avg:  0.0, Max: 0, Diff: 0, Sum: 0, Workers: 4
[26.879s][debug][gc,phases      ] GC(63)   StringDedup Requests0 Weak     Min:  0.0, Avg:  0.0, Max:  0.0, Diff:  0.0, Sum:  0.0, Workers: 4
[26.879s][debug][gc,phases      ] GC(63)     Dead                           Min: 0, Avg:  0.0, Max: 0, Diff: 0, Sum: 0, Workers: 4
[26.879s][debug][gc,phases      ] GC(63)     Total                          Min: 0, Avg:  0.0, Max: 0, Diff: 0, Sum: 0, Workers: 4
[26.879s][debug][gc,phases      ] GC(63)   StringDedup Requests1 Weak     Min:  0.0, Avg:  0.0, Max:  0.0, Diff:  0.0, Sum:  0.0, Workers: 4
[26.879s][debug][gc,phases      ] GC(63)     Dead                           Min: 0, Avg:  0.0, Max: 0, Diff: 0, Sum: 0, Workers: 4
[26.879s][debug][gc,phases      ] GC(63)     Total                          Min: 0, Avg:  0.0, Max: 0, Diff: 0, Sum: 0, Workers: 4
[26.879s][debug][gc,phases      ] GC(63)   Weak JFR Old Object Samples    Min:  0.0, Avg:  0.0, Max:  0.0, Diff:  0.0, Sum:  0.0, Workers: 4
[26.879s][debug][gc,phases      ] GC(63)     Dead                           Min: 0, Avg:  0.0, Max: 0, Diff: 0, Sum: 0, Workers: 4
[26.879s][debug][gc,phases      ] GC(63)     Total                          Min: 0, Avg:  0.0, Max: 0, Diff: 0, Sum: 0, Workers: 4
[26.879s][debug][gc,phases      ] GC(63) Weak Processing 0.319ms
[26.879s][debug][gc,age         ] GC(63) Desired survivor size 139984896 bytes, new threshold 15 (max threshold 15)
[26.879s][info ][gc,heap        ] GC(63) PSYoungGen: 1868432K(1953280K)->64896K(1945600K) Eden: 1801728K(1801728K)->0K(1801728K) From: 66704K(151552K)->64896K(143872K)
[26.879s][info ][gc,heap        ] GC(63) ParOldGen: 534634K(619520K)->539858K(619520K)
[26.879s][info ][gc,metaspace   ] GC(63) Metaspace: 68730K(69568K)->68730K(69568K) NonClass: 58742K(59200K)->58742K(59200K) Class: 9988K(10368K)->9988K(10368K)
[26.879s][info ][gc             ] GC(63) Pause Young (Allocation Failure) 2346M->590M(2505M) 28.390ms
[26.879s][info ][gc,cpu         ] GC(63) User=0.13s Sys=0.01s Real=0.03s
[26.879s][info ][safepoint      ] Safepoint "ParallelGCFailedAllocation", Time since last: 7007326 ns, Reaching safepoint: 135703 ns, At safepoint: 28494813 ns, Total: 28630516 ns
[26.920s][info ][safepoint      ] Safepoint "ICBufferFull", Time since last: 40206223 ns, Reaching safepoint: 146003 ns, At safepoint: 26401 ns, Total: 172404 ns
[27.095s][info ][safepoint      ] Safepoint "ICBufferFull", Time since last: 174858847 ns, Reaching safepoint: 144403 ns, At safepoint: 25600 ns, Total: 170003 ns
[27.175s][info ][gc,start       ] GC(64) Pause Young (Allocation Failure)
[27.208s][debug][gc,phases      ] GC(64) Scavenge 32.459ms
[27.208s][debug][gc,ref         ] GC(64) Skipped phase 1 of Reference Processing: no references
[27.208s][debug][gc,ref         ] GC(64) ReferenceProcessor::execute queues: 1, RefProcThreadModel::Single, marks_oops_alive: false
[27.208s][debug][gc,ref         ] GC(64) Skipped phase 3 of Reference Processing: no references
[27.208s][debug][gc,ref         ] GC(64) Skipped phase 4 of Reference Processing: no references
[27.208s][debug][gc,phases      ] GC(64) Reference Processing 0.116ms
[27.208s][debug][gc,phases      ] GC(64)   VM Weak                        Min:  0.0, Avg:  0.0, Max:  0.0, Diff:  0.0, Sum:  0.0, Workers: 4
[27.208s][debug][gc,phases      ] GC(64)     Dead                           Min: 0, Avg:  0.0, Max: 0, Diff: 0, Sum: 0, Workers: 4
[27.208s][debug][gc,phases      ] GC(64)     Total                          Min: 0, Avg: 148.0, Max: 208, Diff: 208, Sum: 592, Workers: 4
[27.208s][debug][gc,phases      ] GC(64)   ObjectSynchronizer Weak        Min:  0.0, Avg:  0.0, Max:  0.0, Diff:  0.0, Sum:  0.0, Workers: 4
[27.208s][debug][gc,phases      ] GC(64)     Dead                           Min: 0, Avg:  0.0, Max: 0, Diff: 0, Sum: 0, Workers: 4
[27.208s][debug][gc,phases      ] GC(64)     Total                          Min: 0, Avg: 109.0, Max: 192, Diff: 192, Sum: 436, Workers: 4
[27.208s][debug][gc,phases      ] GC(64)   JVMTI Tag Weak OopStorage      Min:  0.0, Avg:  0.0, Max:  0.0, Diff:  0.0, Sum:  0.0, Workers: 4
[27.208s][debug][gc,phases      ] GC(64)     Dead                           Min: 0, Avg:  0.0, Max: 0, Diff: 0, Sum: 0, Workers: 4
[27.208s][debug][gc,phases      ] GC(64)     Total                          Min: 0, Avg:  0.0, Max: 0, Diff: 0, Sum: 0, Workers: 4
[27.208s][debug][gc,phases      ] GC(64)   StringTable Weak               Min:  0.1, Avg:  0.1, Max:  0.1, Diff:  0.0, Sum:  0.4, Workers: 4
[27.208s][debug][gc,phases      ] GC(64)     Dead                           Min: 0, Avg:  2.8, Max: 9, Diff: 9, Sum: 11, Workers: 4
[27.208s][debug][gc,phases      ] GC(64)     Total                          Min: 10048, Avg: 10745.2, Max: 11685, Diff: 1637, Sum: 42981, Workers: 4
[27.208s][debug][gc,phases      ] GC(64)   ResolvedMethodTable Weak       Min:  0.0, Avg:  0.0, Max:  0.0, Diff:  0.0, Sum:  0.1, Workers: 4
[27.208s][debug][gc,phases      ] GC(64)     Dead                           Min: 0, Avg:  0.0, Max: 0, Diff: 0, Sum: 0, Workers: 4
[27.208s][debug][gc,phases      ] GC(64)     Total                          Min: 1472, Avg: 1791.5, Max: 2240, Diff: 768, Sum: 7166, Workers: 4
[27.208s][debug][gc,phases      ] GC(64)   JNI Weak                       Min:  0.0, Avg:  0.0, Max:  0.0, Diff:  0.0, Sum:  0.0, Workers: 4
[27.208s][debug][gc,phases      ] GC(64)     Dead                           Min: 0, Avg:  0.0, Max: 0, Diff: 0, Sum: 0, Workers: 4
[27.208s][debug][gc,phases      ] GC(64)     Total                          Min: 0, Avg:  0.5, Max: 2, Diff: 2, Sum: 2, Workers: 4
[27.208s][debug][gc,phases      ] GC(64)   StringDedup Table Weak         Min:  0.0, Avg:  0.0, Max:  0.0, Diff:  0.0, Sum:  0.0, Workers: 4
[27.208s][debug][gc,phases      ] GC(64)     Dead                           Min: 0, Avg:  0.0, Max: 0, Diff: 0, Sum: 0, Workers: 4
[27.208s][debug][gc,phases      ] GC(64)     Total                          Min: 0, Avg:  0.0, Max: 0, Diff: 0, Sum: 0, Workers: 4
[27.208s][debug][gc,phases      ] GC(64)   StringDedup Requests0 Weak     Min:  0.0, Avg:  0.0, Max:  0.0, Diff:  0.0, Sum:  0.0, Workers: 4
[27.208s][debug][gc,phases      ] GC(64)     Dead                           Min: 0, Avg:  0.0, Max: 0, Diff: 0, Sum: 0, Workers: 4
[27.208s][debug][gc,phases      ] GC(64)     Total                          Min: 0, Avg:  0.0, Max: 0, Diff: 0, Sum: 0, Workers: 4
[27.208s][debug][gc,phases      ] GC(64)   StringDedup Requests1 Weak     Min:  0.0, Avg:  0.0, Max:  0.0, Diff:  0.0, Sum:  0.0, Workers: 4
[27.208s][debug][gc,phases      ] GC(64)     Dead                           Min: 0, Avg:  0.0, Max: 0, Diff: 0, Sum: 0, Workers: 4
[27.208s][debug][gc,phases      ] GC(64)     Total                          Min: 0, Avg:  0.0, Max: 0, Diff: 0, Sum: 0, Workers: 4
[27.208s][debug][gc,phases      ] GC(64)   Weak JFR Old Object Samples    Min:  0.0, Avg:  0.0, Max:  0.0, Diff:  0.0, Sum:  0.0, Workers: 4
[27.208s][debug][gc,phases      ] GC(64)     Dead                           Min: 0, Avg:  0.0, Max: 0, Diff: 0, Sum: 0, Workers: 4
[27.208s][debug][gc,phases      ] GC(64)     Total                          Min: 0, Avg:  0.0, Max: 0, Diff: 0, Sum: 0, Workers: 4
[27.208s][debug][gc,phases      ] GC(64) Weak Processing 0.292ms
[27.208s][debug][gc,age         ] GC(64) Desired survivor size 132644864 bytes, new threshold 15 (max threshold 15)
[27.208s][info ][gc,heap        ] GC(64) PSYoungGen: 1866624K(1945600K)->62368K(1967616K) Eden: 1801728K(1801728K)->0K(1830912K) From: 64896K(143872K)->62368K(136704K)
[27.208s][info ][gc,heap        ] GC(64) ParOldGen: 539858K(619520K)->547050K(619520K)
[27.208s][info ][gc,metaspace   ] GC(64) Metaspace: 68753K(69568K)->68753K(69568K) NonClass: 58765K(59200K)->58765K(59200K) Class: 9988K(10368K)->9988K(10368K)
[27.208s][info ][gc             ] GC(64) Pause Young (Allocation Failure) 2350M->595M(2526M) 32.998ms
[27.208s][info ][gc,cpu         ] GC(64) User=0.11s Sys=0.01s Real=0.03s
[27.208s][info ][safepoint      ] Safepoint "ParallelGCFailedAllocation", Time since last: 80137343 ns, Reaching safepoint: 120202 ns, At safepoint: 33096895 ns, Total: 33217097 ns
[27.481s][info ][safepoint      ] Safepoint "ICBufferFull", Time since last: 272147099 ns, Reaching safepoint: 156103 ns, At safepoint: 30200 ns, Total: 186303 ns
[27.547s][info ][gc,start       ] GC(65) Pause Young (Allocation Failure)
[27.571s][debug][gc,phases      ] GC(65) Scavenge 24.094ms
[27.571s][debug][gc,ref         ] GC(65) Skipped phase 1 of Reference Processing: no references
[27.571s][debug][gc,ref         ] GC(65) ReferenceProcessor::execute queues: 1, RefProcThreadModel::Single, marks_oops_alive: false
[27.571s][debug][gc,ref         ] GC(65) Skipped phase 3 of Reference Processing: no references
[27.571s][debug][gc,ref         ] GC(65) ReferenceProcessor::execute queues: 1, RefProcThreadModel::Single, marks_oops_alive: false
[27.571s][debug][gc,phases      ] GC(65) Reference Processing 0.120ms
[27.571s][debug][gc,phases      ] GC(65)   VM Weak                        Min:  0.0, Avg:  0.0, Max:  0.0, Diff:  0.0, Sum:  0.0, Workers: 4
[27.571s][debug][gc,phases      ] GC(65)     Dead                           Min: 0, Avg:  0.0, Max: 0, Diff: 0, Sum: 0, Workers: 4
[27.571s][debug][gc,phases      ] GC(65)     Total                          Min: 0, Avg: 148.5, Max: 594, Diff: 594, Sum: 594, Workers: 4
[27.571s][debug][gc,phases      ] GC(65)   ObjectSynchronizer Weak        Min:  0.0, Avg:  0.0, Max:  0.0, Diff:  0.0, Sum:  0.0, Workers: 4
[27.571s][debug][gc,phases      ] GC(65)     Dead                           Min: 0, Avg:  0.0, Max: 0, Diff: 0, Sum: 0, Workers: 4
[27.571s][debug][gc,phases      ] GC(65)     Total                          Min: 0, Avg: 109.0, Max: 436, Diff: 436, Sum: 436, Workers: 4
[27.571s][debug][gc,phases      ] GC(65)   JVMTI Tag Weak OopStorage      Min:  0.0, Avg:  0.0, Max:  0.0, Diff:  0.0, Sum:  0.0, Workers: 4
[27.571s][debug][gc,phases      ] GC(65)     Dead                           Min: 0, Avg:  0.0, Max: 0, Diff: 0, Sum: 0, Workers: 4
[27.571s][debug][gc,phases      ] GC(65)     Total                          Min: 0, Avg:  0.0, Max: 0, Diff: 0, Sum: 0, Workers: 4
[27.571s][debug][gc,phases      ] GC(65)   StringTable Weak               Min:  0.1, Avg:  0.1, Max:  0.1, Diff:  0.0, Sum:  0.4, Workers: 4
[27.571s][debug][gc,phases      ] GC(65)     Dead                           Min: 0, Avg:  2.8, Max: 11, Diff: 11, Sum: 11, Workers: 4
[27.571s][debug][gc,phases      ] GC(65)     Total                          Min: 9654, Avg: 10747.2, Max: 11639, Diff: 1985, Sum: 42989, Workers: 4
[27.571s][debug][gc,phases      ] GC(65)   ResolvedMethodTable Weak       Min:  0.0, Avg:  0.0, Max:  0.0, Diff:  0.0, Sum:  0.1, Workers: 4
[27.571s][debug][gc,phases      ] GC(65)     Dead                           Min: 0, Avg:  0.0, Max: 0, Diff: 0, Sum: 0, Workers: 4
[27.571s][debug][gc,phases      ] GC(65)     Total                          Min: 1608, Avg: 1793.8, Max: 1919, Diff: 311, Sum: 7175, Workers: 4
[27.572s][debug][gc,phases      ] GC(65)   JNI Weak                       Min:  0.0, Avg:  0.0, Max:  0.0, Diff:  0.0, Sum:  0.0, Workers: 4
[27.572s][debug][gc,phases      ] GC(65)     Dead                           Min: 0, Avg:  0.0, Max: 0, Diff: 0, Sum: 0, Workers: 4
[27.572s][debug][gc,phases      ] GC(65)     Total                          Min: 0, Avg:  0.0, Max: 0, Diff: 0, Sum: 0, Workers: 4
[27.572s][debug][gc,phases      ] GC(65)   StringDedup Table Weak         Min:  0.0, Avg:  0.0, Max:  0.0, Diff:  0.0, Sum:  0.0, Workers: 4
[27.572s][debug][gc,phases      ] GC(65)     Dead                           Min: 0, Avg:  0.0, Max: 0, Diff: 0, Sum: 0, Workers: 4
[27.572s][debug][gc,phases      ] GC(65)     Total                          Min: 0, Avg:  0.0, Max: 0, Diff: 0, Sum: 0, Workers: 4
[27.572s][debug][gc,phases      ] GC(65)   StringDedup Requests0 Weak     Min:  0.0, Avg:  0.0, Max:  0.0, Diff:  0.0, Sum:  0.0, Workers: 4
[27.572s][debug][gc,phases      ] GC(65)     Dead                           Min: 0, Avg:  0.0, Max: 0, Diff: 0, Sum: 0, Workers: 4
[27.572s][debug][gc,phases      ] GC(65)     Total                          Min: 0, Avg:  0.0, Max: 0, Diff: 0, Sum: 0, Workers: 4
[27.572s][debug][gc,phases      ] GC(65)   StringDedup Requests1 Weak     Min:  0.0, Avg:  0.0, Max:  0.0, Diff:  0.0, Sum:  0.0, Workers: 4
[27.572s][debug][gc,phases      ] GC(65)     Dead                           Min: 0, Avg:  0.0, Max: 0, Diff: 0, Sum: 0, Workers: 4
[27.572s][debug][gc,phases      ] GC(65)     Total                          Min: 0, Avg:  0.0, Max: 0, Diff: 0, Sum: 0, Workers: 4
[27.572s][debug][gc,phases      ] GC(65)   Weak JFR Old Object Samples    Min:  0.0, Avg:  0.0, Max:  0.0, Diff:  0.0, Sum:  0.0, Workers: 4
[27.572s][debug][gc,phases      ] GC(65)     Dead                           Min: 0, Avg:  0.0, Max: 0, Diff: 0, Sum: 0, Workers: 4
[27.572s][debug][gc,phases      ] GC(65)     Total                          Min: 0, Avg:  0.0, Max: 0, Diff: 0, Sum: 0, Workers: 4
[27.572s][debug][gc,phases      ] GC(65) Weak Processing 0.305ms
[27.572s][debug][gc,age         ] GC(65) Desired survivor size 126353408 bytes, new threshold 15 (max threshold 15)
[27.572s][info ][gc,heap        ] GC(65) PSYoungGen: 1893280K(1967616K)->61814K(1960448K) Eden: 1830912K(1830912K)->0K(1830912K) From: 62368K(136704K)->61814K(129536K)
[27.572s][info ][gc,heap        ] GC(65) ParOldGen: 547050K(619520K)->550906K(619520K)
[27.572s][info ][gc,metaspace   ] GC(65) Metaspace: 68849K(69632K)->68849K(69632K) NonClass: 58849K(59264K)->58849K(59264K) Class: 9999K(10368K)->9999K(10368K)
[27.572s][info ][gc             ] GC(65) Pause Young (Allocation Failure) 2383M->598M(2519M) 24.652ms
[27.572s][info ][gc,cpu         ] GC(65) User=0.09s Sys=0.00s Real=0.02s
[27.572s][info ][safepoint      ] Safepoint "ParallelGCFailedAllocation", Time since last: 66275293 ns, Reaching safepoint: 132903 ns, At safepoint: 24750445 ns, Total: 24883348 ns
[27.918s][info ][gc,start       ] GC(66) Pause Young (Allocation Failure)
[27.947s][debug][gc,phases      ] GC(66) Scavenge 28.788ms
[27.947s][debug][gc,ref         ] GC(66) Skipped phase 1 of Reference Processing: no references
[27.947s][debug][gc,ref         ] GC(66) ReferenceProcessor::execute queues: 1, RefProcThreadModel::Single, marks_oops_alive: false
[27.947s][debug][gc,ref         ] GC(66) Skipped phase 3 of Reference Processing: no references
[27.947s][debug][gc,ref         ] GC(66) ReferenceProcessor::execute queues: 1, RefProcThreadModel::Single, marks_oops_alive: false
[27.947s][debug][gc,phases      ] GC(66) Reference Processing 0.108ms
[27.948s][debug][gc,phases      ] GC(66)   VM Weak                        Min:  0.0, Avg:  0.0, Max:  0.0, Diff:  0.0, Sum:  0.0, Workers: 4
[27.948s][debug][gc,phases      ] GC(66)     Dead                           Min: 0, Avg:  0.0, Max: 0, Diff: 0, Sum: 0, Workers: 4
[27.948s][debug][gc,phases      ] GC(66)     Total                          Min: 0, Avg: 148.5, Max: 594, Diff: 594, Sum: 594, Workers: 4
[27.948s][debug][gc,phases      ] GC(66)   ObjectSynchronizer Weak        Min:  0.0, Avg:  0.0, Max:  0.0, Diff:  0.0, Sum:  0.0, Workers: 4
[27.948s][debug][gc,phases      ] GC(66)     Dead                           Min: 0, Avg:  0.0, Max: 0, Diff: 0, Sum: 0, Workers: 4
[27.948s][debug][gc,phases      ] GC(66)     Total                          Min: 0, Avg: 109.0, Max: 372, Diff: 372, Sum: 436, Workers: 4
[27.948s][debug][gc,phases      ] GC(66)   JVMTI Tag Weak OopStorage      Min:  0.0, Avg:  0.0, Max:  0.0, Diff:  0.0, Sum:  0.0, Workers: 4
[27.948s][debug][gc,phases      ] GC(66)     Dead                           Min: 0, Avg:  0.0, Max: 0, Diff: 0, Sum: 0, Workers: 4
[27.948s][debug][gc,phases      ] GC(66)     Total                          Min: 0, Avg:  0.0, Max: 0, Diff: 0, Sum: 0, Workers: 4
[27.948s][debug][gc,phases      ] GC(66)   StringTable Weak               Min:  0.1, Avg:  0.1, Max:  0.1, Diff:  0.0, Sum:  0.4, Workers: 4
[27.948s][debug][gc,phases      ] GC(66)     Dead                           Min: 0, Avg:  0.0, Max: 0, Diff: 0, Sum: 0, Workers: 4
[27.948s][debug][gc,phases      ] GC(66)     Total                          Min: 10175, Avg: 10747.2, Max: 11328, Diff: 1153, Sum: 42989, Workers: 4
[27.948s][debug][gc,phases      ] GC(66)   ResolvedMethodTable Weak       Min:  0.0, Avg:  0.0, Max:  0.0, Diff:  0.0, Sum:  0.1, Workers: 4
[27.948s][debug][gc,phases      ] GC(66)     Dead                           Min: 0, Avg:  0.0, Max: 0, Diff: 0, Sum: 0, Workers: 4
[27.948s][debug][gc,phases      ] GC(66)     Total                          Min: 1600, Avg: 1793.8, Max: 1984, Diff: 384, Sum: 7175, Workers: 4
[27.948s][debug][gc,phases      ] GC(66)   JNI Weak                       Min:  0.0, Avg:  0.0, Max:  0.0, Diff:  0.0, Sum:  0.0, Workers: 4
[27.948s][debug][gc,phases      ] GC(66)     Dead                           Min: 0, Avg:  0.0, Max: 0, Diff: 0, Sum: 0, Workers: 4
[27.948s][debug][gc,phases      ] GC(66)     Total                          Min: 0, Avg:  1.2, Max: 5, Diff: 5, Sum: 5, Workers: 4
[27.948s][debug][gc,phases      ] GC(66)   StringDedup Table Weak         Min:  0.0, Avg:  0.0, Max:  0.0, Diff:  0.0, Sum:  0.0, Workers: 4
[27.948s][debug][gc,phases      ] GC(66)     Dead                           Min: 0, Avg:  0.0, Max: 0, Diff: 0, Sum: 0, Workers: 4
[27.948s][debug][gc,phases      ] GC(66)     Total                          Min: 0, Avg:  0.0, Max: 0, Diff: 0, Sum: 0, Workers: 4
[27.948s][debug][gc,phases      ] GC(66)   StringDedup Requests0 Weak     Min:  0.0, Avg:  0.0, Max:  0.0, Diff:  0.0, Sum:  0.0, Workers: 4
[27.948s][debug][gc,phases      ] GC(66)     Dead                           Min: 0, Avg:  0.0, Max: 0, Diff: 0, Sum: 0, Workers: 4
[27.948s][debug][gc,phases      ] GC(66)     Total                          Min: 0, Avg:  0.0, Max: 0, Diff: 0, Sum: 0, Workers: 4
[27.948s][debug][gc,phases      ] GC(66)   StringDedup Requests1 Weak     Min:  0.0, Avg:  0.0, Max:  0.0, Diff:  0.0, Sum:  0.0, Workers: 4
[27.948s][debug][gc,phases      ] GC(66)     Dead                           Min: 0, Avg:  0.0, Max: 0, Diff: 0, Sum: 0, Workers: 4
[27.948s][debug][gc,phases      ] GC(66)     Total                          Min: 0, Avg:  0.0, Max: 0, Diff: 0, Sum: 0, Workers: 4
[27.948s][debug][gc,phases      ] GC(66)   Weak JFR Old Object Samples    Min:  0.0, Avg:  0.0, Max:  0.0, Diff:  0.0, Sum:  0.0, Workers: 4
[27.948s][debug][gc,phases      ] GC(66)     Dead                           Min: 0, Avg:  0.0, Max: 0, Diff: 0, Sum: 0, Workers: 4
[27.948s][debug][gc,phases      ] GC(66)     Total                          Min: 0, Avg:  0.0, Max: 0, Diff: 0, Sum: 0, Workers: 4
[27.948s][debug][gc,phases      ] GC(66) Weak Processing 0.311ms
[27.948s][debug][gc,age         ] GC(66) Desired survivor size 120061952 bytes, new threshold 15 (max threshold 15)
[27.948s][info ][gc,heap        ] GC(66) PSYoungGen: 1892726K(1960448K)->62816K(1979904K) Eden: 1830912K(1830912K)->0K(1856512K) From: 61814K(129536K)->62816K(123392K)
[27.948s][info ][gc,heap        ] GC(66) ParOldGen: 550906K(619520K)->554530K(619520K)
[27.948s][info ][gc,metaspace   ] GC(66) Metaspace: 68858K(69632K)->68858K(69632K) NonClass: 58859K(59264K)->58859K(59264K) Class: 9999K(10368K)->9999K(10368K)
[27.948s][info ][gc             ] GC(66) Pause Young (Allocation Failure) 2386M->602M(2538M) 29.346ms
[27.948s][info ][gc,cpu         ] GC(66) User=0.13s Sys=0.01s Real=0.03s
[27.948s][info ][safepoint      ] Safepoint "ParallelGCFailedAllocation", Time since last: 346525837 ns, Reaching safepoint: 138003 ns, At safepoint: 29448630 ns, Total: 29586633 ns
[28.246s][info ][gc,start       ] GC(67) Pause Young (Allocation Failure)
[28.273s][debug][gc,phases      ] GC(67) Scavenge 27.821ms
[28.273s][debug][gc,ref         ] GC(67) Skipped phase 1 of Reference Processing: no references
[28.274s][debug][gc,ref         ] GC(67) ReferenceProcessor::execute queues: 1, RefProcThreadModel::Single, marks_oops_alive: false
[28.274s][debug][gc,ref         ] GC(67) Skipped phase 3 of Reference Processing: no references
[28.274s][debug][gc,ref         ] GC(67) ReferenceProcessor::execute queues: 1, RefProcThreadModel::Single, marks_oops_alive: false
[28.274s][debug][gc,phases      ] GC(67) Reference Processing 0.104ms
[28.274s][debug][gc,phases      ] GC(67)   VM Weak                        Min:  0.0, Avg:  0.0, Max:  0.0, Diff:  0.0, Sum:  0.0, Workers: 4
[28.274s][debug][gc,phases      ] GC(67)     Dead                           Min: 0, Avg:  0.0, Max: 0, Diff: 0, Sum: 0, Workers: 4
[28.274s][debug][gc,phases      ] GC(67)     Total                          Min: 0, Avg: 148.5, Max: 594, Diff: 594, Sum: 594, Workers: 4
[28.274s][debug][gc,phases      ] GC(67)   ObjectSynchronizer Weak        Min:  0.0, Avg:  0.0, Max:  0.0, Diff:  0.0, Sum:  0.0, Workers: 4
[28.274s][debug][gc,phases      ] GC(67)     Dead                           Min: 0, Avg:  0.0, Max: 0, Diff: 0, Sum: 0, Workers: 4
[28.274s][debug][gc,phases      ] GC(67)     Total                          Min: 0, Avg: 109.0, Max: 244, Diff: 244, Sum: 436, Workers: 4
[28.274s][debug][gc,phases      ] GC(67)   JVMTI Tag Weak OopStorage      Min:  0.0, Avg:  0.0, Max:  0.0, Diff:  0.0, Sum:  0.0, Workers: 4
[28.274s][debug][gc,phases      ] GC(67)     Dead                           Min: 0, Avg:  0.0, Max: 0, Diff: 0, Sum: 0, Workers: 4
[28.274s][debug][gc,phases      ] GC(67)     Total                          Min: 0, Avg:  0.0, Max: 0, Diff: 0, Sum: 0, Workers: 4
[28.274s][debug][gc,phases      ] GC(67)   StringTable Weak               Min:  0.1, Avg:  0.1, Max:  0.1, Diff:  0.0, Sum:  0.4, Workers: 4
[28.274s][debug][gc,phases      ] GC(67)     Dead                           Min: 0, Avg:  2.8, Max: 11, Diff: 11, Sum: 11, Workers: 4
[28.274s][debug][gc,phases      ] GC(67)     Total                          Min: 9344, Avg: 10747.5, Max: 11455, Diff: 2111, Sum: 42990, Workers: 4
[28.274s][debug][gc,phases      ] GC(67)   ResolvedMethodTable Weak       Min:  0.0, Avg:  0.0, Max:  0.0, Diff:  0.0, Sum:  0.1, Workers: 4
[28.274s][debug][gc,phases      ] GC(67)     Dead                           Min: 0, Avg:  0.0, Max: 0, Diff: 0, Sum: 0, Workers: 4
[28.274s][debug][gc,phases      ] GC(67)     Total                          Min: 1608, Avg: 1793.8, Max: 2048, Diff: 440, Sum: 7175, Workers: 4
[28.274s][debug][gc,phases      ] GC(67)   JNI Weak                       Min:  0.0, Avg:  0.0, Max:  0.0, Diff:  0.0, Sum:  0.0, Workers: 4
[28.274s][debug][gc,phases      ] GC(67)     Dead                           Min: 0, Avg:  0.0, Max: 0, Diff: 0, Sum: 0, Workers: 4
[28.274s][debug][gc,phases      ] GC(67)     Total                          Min: 0, Avg:  0.0, Max: 0, Diff: 0, Sum: 0, Workers: 4
[28.274s][debug][gc,phases      ] GC(67)   StringDedup Table Weak         Min:  0.0, Avg:  0.0, Max:  0.0, Diff:  0.0, Sum:  0.0, Workers: 4
[28.274s][debug][gc,phases      ] GC(67)     Dead                           Min: 0, Avg:  0.0, Max: 0, Diff: 0, Sum: 0, Workers: 4
[28.274s][debug][gc,phases      ] GC(67)     Total                          Min: 0, Avg:  0.0, Max: 0, Diff: 0, Sum: 0, Workers: 4
[28.274s][debug][gc,phases      ] GC(67)   StringDedup Requests0 Weak     Min:  0.0, Avg:  0.0, Max:  0.0, Diff:  0.0, Sum:  0.0, Workers: 4
[28.274s][debug][gc,phases      ] GC(67)     Dead                           Min: 0, Avg:  0.0, Max: 0, Diff: 0, Sum: 0, Workers: 4
[28.274s][debug][gc,phases      ] GC(67)     Total                          Min: 0, Avg:  0.0, Max: 0, Diff: 0, Sum: 0, Workers: 4
[28.274s][debug][gc,phases      ] GC(67)   StringDedup Requests1 Weak     Min:  0.0, Avg:  0.0, Max:  0.0, Diff:  0.0, Sum:  0.0, Workers: 4
[28.274s][debug][gc,phases      ] GC(67)     Dead                           Min: 0, Avg:  0.0, Max: 0, Diff: 0, Sum: 0, Workers: 4
[28.274s][debug][gc,phases      ] GC(67)     Total                          Min: 0, Avg:  0.0, Max: 0, Diff: 0, Sum: 0, Workers: 4
[28.274s][debug][gc,phases      ] GC(67)   Weak JFR Old Object Samples    Min:  0.0, Avg:  0.0, Max:  0.0, Diff:  0.0, Sum:  0.0, Workers: 4
[28.274s][debug][gc,phases      ] GC(67)     Dead                           Min: 0, Avg:  0.0, Max: 0, Diff: 0, Sum: 0, Workers: 4
[28.274s][debug][gc,phases      ] GC(67)     Total                          Min: 0, Avg:  0.0, Max: 0, Diff: 0, Sum: 0, Workers: 4
[28.274s][debug][gc,phases      ] GC(67) Weak Processing 0.289ms
[28.274s][debug][gc,age         ] GC(67) Desired survivor size 116391936 bytes, new threshold 15 (max threshold 15)
[28.274s][info ][gc,heap        ] GC(67) PSYoungGen: 1919328K(1979904K)->67552K(1973760K) Eden: 1856512K(1856512K)->0K(1856512K) From: 62816K(123392K)->67552K(117248K)
[28.274s][info ][gc,heap        ] GC(67) ParOldGen: 554530K(619520K)->557666K(619520K)
[28.274s][info ][gc,metaspace   ] GC(67) Metaspace: 68865K(69632K)->68865K(69632K) NonClass: 58866K(59264K)->58866K(59264K) Class: 9999K(10368K)->9999K(10368K)
[28.274s][info ][gc             ] GC(67) Pause Young (Allocation Failure) 2415M->610M(2532M) 28.342ms
[28.274s][info ][gc,cpu         ] GC(67) User=0.10s Sys=0.00s Real=0.03s
[28.274s][info ][safepoint      ] Safepoint "ParallelGCFailedAllocation", Time since last: 297619257 ns, Reaching safepoint: 136602 ns, At safepoint: 28444212 ns, Total: 28580814 ns
[28.566s][info ][safepoint      ] Safepoint "ICBufferFull", Time since last: 292007656 ns, Reaching safepoint: 134603 ns, At safepoint: 29200 ns, Total: 163803 ns
[28.639s][info ][gc,start       ] GC(68) Pause Young (Allocation Failure)
[28.673s][debug][gc,phases      ] GC(68) Scavenge 34.775ms
[28.673s][debug][gc,ref         ] GC(68) Skipped phase 1 of Reference Processing: no references
[28.674s][debug][gc,ref         ] GC(68) ReferenceProcessor::execute queues: 1, RefProcThreadModel::Single, marks_oops_alive: false
[28.674s][debug][gc,ref         ] GC(68) Skipped phase 3 of Reference Processing: no references
[28.674s][debug][gc,ref         ] GC(68) ReferenceProcessor::execute queues: 1, RefProcThreadModel::Single, marks_oops_alive: false
[28.674s][debug][gc,phases      ] GC(68) Reference Processing 0.102ms
[28.674s][debug][gc,phases      ] GC(68)   VM Weak                        Min:  0.0, Avg:  0.0, Max:  0.0, Diff:  0.0, Sum:  0.0, Workers: 4
[28.674s][debug][gc,phases      ] GC(68)     Dead                           Min: 0, Avg:  0.0, Max: 0, Diff: 0, Sum: 0, Workers: 4
[28.674s][debug][gc,phases      ] GC(68)     Total                          Min: 0, Avg: 148.5, Max: 384, Diff: 384, Sum: 594, Workers: 4
[28.674s][debug][gc,phases      ] GC(68)   ObjectSynchronizer Weak        Min:  0.0, Avg:  0.0, Max:  0.0, Diff:  0.0, Sum:  0.0, Workers: 4
[28.674s][debug][gc,phases      ] GC(68)     Dead                           Min: 0, Avg:  0.0, Max: 0, Diff: 0, Sum: 0, Workers: 4
[28.674s][debug][gc,phases      ] GC(68)     Total                          Min: 0, Avg: 109.0, Max: 180, Diff: 180, Sum: 436, Workers: 4
[28.674s][debug][gc,phases      ] GC(68)   JVMTI Tag Weak OopStorage      Min:  0.0, Avg:  0.0, Max:  0.0, Diff:  0.0, Sum:  0.0, Workers: 4
[28.674s][debug][gc,phases      ] GC(68)     Dead                           Min: 0, Avg:  0.0, Max: 0, Diff: 0, Sum: 0, Workers: 4
[28.674s][debug][gc,phases      ] GC(68)     Total                          Min: 0, Avg:  0.0, Max: 0, Diff: 0, Sum: 0, Workers: 4
[28.674s][debug][gc,phases      ] GC(68)   StringTable Weak               Min:  0.1, Avg:  0.1, Max:  0.1, Diff:  0.0, Sum:  0.4, Workers: 4
[28.674s][debug][gc,phases      ] GC(68)     Dead                           Min: 0, Avg:  2.8, Max: 9, Diff: 9, Sum: 11, Workers: 4
[28.674s][debug][gc,phases      ] GC(68)     Total                          Min: 10304, Avg: 10749.5, Max: 11190, Diff: 886, Sum: 42998, Workers: 4
[28.674s][debug][gc,phases      ] GC(68)   ResolvedMethodTable Weak       Min:  0.0, Avg:  0.0, Max:  0.0, Diff:  0.0, Sum:  0.1, Workers: 4
[28.674s][debug][gc,phases      ] GC(68)     Dead                           Min: 0, Avg:  0.0, Max: 0, Diff: 0, Sum: 0, Workers: 4
[28.674s][debug][gc,phases      ] GC(68)     Total                          Min: 1663, Avg: 1797.0, Max: 1877, Diff: 214, Sum: 7188, Workers: 4
[28.674s][debug][gc,phases      ] GC(68)   JNI Weak                       Min:  0.0, Avg:  0.0, Max:  0.0, Diff:  0.0, Sum:  0.0, Workers: 4
[28.674s][debug][gc,phases      ] GC(68)     Dead                           Min: 0, Avg:  0.0, Max: 0, Diff: 0, Sum: 0, Workers: 4
[28.674s][debug][gc,phases      ] GC(68)     Total                          Min: 0, Avg:  2.0, Max: 8, Diff: 8, Sum: 8, Workers: 4
[28.674s][debug][gc,phases      ] GC(68)   StringDedup Table Weak         Min:  0.0, Avg:  0.0, Max:  0.0, Diff:  0.0, Sum:  0.0, Workers: 4
[28.674s][debug][gc,phases      ] GC(68)     Dead                           Min: 0, Avg:  0.0, Max: 0, Diff: 0, Sum: 0, Workers: 4
[28.674s][debug][gc,phases      ] GC(68)     Total                          Min: 0, Avg:  0.0, Max: 0, Diff: 0, Sum: 0, Workers: 4
[28.674s][debug][gc,phases      ] GC(68)   StringDedup Requests0 Weak     Min:  0.0, Avg:  0.0, Max:  0.0, Diff:  0.0, Sum:  0.0, Workers: 4
[28.674s][debug][gc,phases      ] GC(68)     Dead                           Min: 0, Avg:  0.0, Max: 0, Diff: 0, Sum: 0, Workers: 4
[28.674s][debug][gc,phases      ] GC(68)     Total                          Min: 0, Avg:  0.0, Max: 0, Diff: 0, Sum: 0, Workers: 4
[28.674s][debug][gc,phases      ] GC(68)   StringDedup Requests1 Weak     Min:  0.0, Avg:  0.0, Max:  0.0, Diff:  0.0, Sum:  0.0, Workers: 4
[28.674s][debug][gc,phases      ] GC(68)     Dead                           Min: 0, Avg:  0.0, Max: 0, Diff: 0, Sum: 0, Workers: 4
[28.674s][debug][gc,phases      ] GC(68)     Total                          Min: 0, Avg:  0.0, Max: 0, Diff: 0, Sum: 0, Workers: 4
[28.674s][debug][gc,phases      ] GC(68)   Weak JFR Old Object Samples    Min:  0.0, Avg:  0.0, Max:  0.0, Diff:  0.0, Sum:  0.0, Workers: 4
[28.674s][debug][gc,phases      ] GC(68)     Dead                           Min: 0, Avg:  0.0, Max: 0, Diff: 0, Sum: 0, Workers: 4
[28.674s][debug][gc,phases      ] GC(68)     Total                          Min: 0, Avg:  0.0, Max: 0, Diff: 0, Sum: 0, Workers: 4
[28.674s][debug][gc,phases      ] GC(68) Weak Processing 0.296ms
[28.674s][debug][gc,age         ] GC(68) Desired survivor size 113246208 bytes, new threshold 15 (max threshold 15)
[28.674s][info ][gc,heap        ] GC(68) PSYoungGen: 1924064K(1973760K)->68720K(1986560K) Eden: 1856512K(1856512K)->0K(1872896K) From: 67552K(117248K)->68720K(113664K)
[28.674s][info ][gc,heap        ] GC(68) ParOldGen: 557666K(619520K)->561418K(619520K)
[28.674s][info ][gc,metaspace   ] GC(68) Metaspace: 68910K(69696K)->68910K(69696K) NonClass: 58903K(59328K)->58903K(59328K) Class: 10007K(10368K)->10007K(10368K)
[28.674s][info ][gc             ] GC(68) Pause Young (Allocation Failure) 2423M->615M(2545M) 35.303ms
[28.674s][info ][gc,cpu         ] GC(68) User=0.13s Sys=0.01s Real=0.03s
[28.674s][info ][safepoint      ] Safepoint "ParallelGCFailedAllocation", Time since last: 72256201 ns, Reaching safepoint: 153602 ns, At safepoint: 35413338 ns, Total: 35566940 ns
[29.011s][info ][gc,start       ] GC(69) Pause Young (Allocation Failure)
[29.045s][debug][gc,phases      ] GC(69) Scavenge 33.857ms
[29.045s][debug][gc,ref         ] GC(69) Skipped phase 1 of Reference Processing: no references
[29.045s][debug][gc,ref         ] GC(69) ReferenceProcessor::execute queues: 1, RefProcThreadModel::Single, marks_oops_alive: false
[29.045s][debug][gc,ref         ] GC(69) Skipped phase 3 of Reference Processing: no references
[29.045s][debug][gc,ref         ] GC(69) Skipped phase 4 of Reference Processing: no references
[29.045s][debug][gc,phases      ] GC(69) Reference Processing 0.109ms
[29.045s][debug][gc,phases      ] GC(69)   VM Weak                        Min:  0.0, Avg:  0.0, Max:  0.0, Diff:  0.0, Sum:  0.0, Workers: 4
[29.045s][debug][gc,phases      ] GC(69)     Dead                           Min: 0, Avg:  0.0, Max: 0, Diff: 0, Sum: 0, Workers: 4
[29.045s][debug][gc,phases      ] GC(69)     Total                          Min: 0, Avg: 148.5, Max: 530, Diff: 530, Sum: 594, Workers: 4
[29.045s][debug][gc,phases      ] GC(69)   ObjectSynchronizer Weak        Min:  0.0, Avg:  0.0, Max:  0.0, Diff:  0.0, Sum:  0.0, Workers: 4
[29.045s][debug][gc,phases      ] GC(69)     Dead                           Min: 0, Avg:  0.0, Max: 0, Diff: 0, Sum: 0, Workers: 4
[29.045s][debug][gc,phases      ] GC(69)     Total                          Min: 0, Avg: 109.0, Max: 244, Diff: 244, Sum: 436, Workers: 4
[29.045s][debug][gc,phases      ] GC(69)   JVMTI Tag Weak OopStorage      Min:  0.0, Avg:  0.0, Max:  0.0, Diff:  0.0, Sum:  0.0, Workers: 4
[29.045s][debug][gc,phases      ] GC(69)     Dead                           Min: 0, Avg:  0.0, Max: 0, Diff: 0, Sum: 0, Workers: 4
[29.045s][debug][gc,phases      ] GC(69)     Total                          Min: 0, Avg:  0.0, Max: 0, Diff: 0, Sum: 0, Workers: 4
[29.045s][debug][gc,phases      ] GC(69)   StringTable Weak               Min:  0.1, Avg:  0.1, Max:  0.1, Diff:  0.0, Sum:  0.4, Workers: 4
[29.045s][debug][gc,phases      ] GC(69)     Dead                           Min: 0, Avg:  0.0, Max: 0, Diff: 0, Sum: 0, Workers: 4
[29.045s][debug][gc,phases      ] GC(69)     Total                          Min: 10176, Avg: 10750.2, Max: 11641, Diff: 1465, Sum: 43001, Workers: 4
[29.045s][debug][gc,phases      ] GC(69)   ResolvedMethodTable Weak       Min:  0.0, Avg:  0.0, Max:  0.0, Diff:  0.0, Sum:  0.1, Workers: 4
[29.045s][debug][gc,phases      ] GC(69)     Dead                           Min: 0, Avg:  0.0, Max: 0, Diff: 0, Sum: 0, Workers: 4
[29.045s][debug][gc,phases      ] GC(69)     Total                          Min: 1556, Avg: 1797.0, Max: 1984, Diff: 428, Sum: 7188, Workers: 4
[29.045s][debug][gc,phases      ] GC(69)   JNI Weak                       Min:  0.0, Avg:  0.0, Max:  0.0, Diff:  0.0, Sum:  0.0, Workers: 4
[29.045s][debug][gc,phases      ] GC(69)     Dead                           Min: 0, Avg:  0.0, Max: 0, Diff: 0, Sum: 0, Workers: 4
[29.045s][debug][gc,phases      ] GC(69)     Total                          Min: 0, Avg:  1.5, Max: 6, Diff: 6, Sum: 6, Workers: 4
[29.045s][debug][gc,phases      ] GC(69)   StringDedup Table Weak         Min:  0.0, Avg:  0.0, Max:  0.0, Diff:  0.0, Sum:  0.0, Workers: 4
[29.045s][debug][gc,phases      ] GC(69)     Dead                           Min: 0, Avg:  0.0, Max: 0, Diff: 0, Sum: 0, Workers: 4
[29.045s][debug][gc,phases      ] GC(69)     Total                          Min: 0, Avg:  0.0, Max: 0, Diff: 0, Sum: 0, Workers: 4
[29.045s][debug][gc,phases      ] GC(69)   StringDedup Requests0 Weak     Min:  0.0, Avg:  0.0, Max:  0.0, Diff:  0.0, Sum:  0.0, Workers: 4
[29.045s][debug][gc,phases      ] GC(69)     Dead                           Min: 0, Avg:  0.0, Max: 0, Diff: 0, Sum: 0, Workers: 4
[29.045s][debug][gc,phases      ] GC(69)     Total                          Min: 0, Avg:  0.0, Max: 0, Diff: 0, Sum: 0, Workers: 4
[29.045s][debug][gc,phases      ] GC(69)   StringDedup Requests1 Weak     Min:  0.0, Avg:  0.0, Max:  0.0, Diff:  0.0, Sum:  0.0, Workers: 4
[29.045s][debug][gc,phases      ] GC(69)     Dead                           Min: 0, Avg:  0.0, Max: 0, Diff: 0, Sum: 0, Workers: 4
[29.045s][debug][gc,phases      ] GC(69)     Total                          Min: 0, Avg:  0.0, Max: 0, Diff: 0, Sum: 0, Workers: 4
[29.045s][debug][gc,phases      ] GC(69)   Weak JFR Old Object Samples    Min:  0.0, Avg:  0.0, Max:  0.0, Diff:  0.0, Sum:  0.0, Workers: 4
[29.045s][debug][gc,phases      ] GC(69)     Dead                           Min: 0, Avg:  0.0, Max: 0, Diff: 0, Sum: 0, Workers: 4
[29.045s][debug][gc,phases      ] GC(69)     Total                          Min: 0, Avg:  0.0, Max: 0, Diff: 0, Sum: 0, Workers: 4
[29.045s][debug][gc,phases      ] GC(69) Weak Processing 0.285ms
[29.045s][debug][gc,age         ] GC(69) Desired survivor size 109576192 bytes, new threshold 15 (max threshold 15)
[29.045s][info ][gc,heap        ] GC(69) PSYoungGen: 1941616K(1986560K)->67504K(1983488K) Eden: 1872896K(1872896K)->0K(1872896K) From: 68720K(113664K)->67504K(110592K)
[29.045s][info ][gc,heap        ] GC(69) ParOldGen: 561418K(619520K)->566354K(619520K)
[29.045s][info ][gc,metaspace   ] GC(69) Metaspace: 68916K(69696K)->68916K(69696K) NonClass: 58908K(59328K)->58908K(59328K) Class: 10007K(10368K)->10007K(10368K)
[29.045s][info ][gc             ] GC(69) Pause Young (Allocation Failure) 2444M->619M(2542M) 34.406ms
[29.045s][info ][gc,cpu         ] GC(69) User=0.12s Sys=0.00s Real=0.03s
[29.046s][info ][safepoint      ] Safepoint "ParallelGCFailedAllocation", Time since last: 336792162 ns, Reaching safepoint: 266304 ns, At safepoint: 34512522 ns, Total: 34778826 ns
[29.390s][info ][gc,start       ] GC(70) Pause Young (Allocation Failure)
[29.428s][debug][gc,phases      ] GC(70) Scavenge 38.110ms
[29.428s][debug][gc,ref         ] GC(70) Skipped phase 1 of Reference Processing: no references
[29.428s][debug][gc,ref         ] GC(70) ReferenceProcessor::execute queues: 1, RefProcThreadModel::Single, marks_oops_alive: false
[29.428s][debug][gc,ref         ] GC(70) Skipped phase 3 of Reference Processing: no references
[29.428s][debug][gc,ref         ] GC(70) ReferenceProcessor::execute queues: 1, RefProcThreadModel::Single, marks_oops_alive: false
[29.428s][debug][gc,phases      ] GC(70) Reference Processing 0.110ms
[29.428s][debug][gc,phases      ] GC(70)   VM Weak                        Min:  0.0, Avg:  0.0, Max:  0.0, Diff:  0.0, Sum:  0.0, Workers: 4
[29.428s][debug][gc,phases      ] GC(70)     Dead                           Min: 0, Avg:  0.0, Max: 0, Diff: 0, Sum: 0, Workers: 4
[29.428s][debug][gc,phases      ] GC(70)     Total                          Min: 0, Avg: 148.5, Max: 320, Diff: 320, Sum: 594, Workers: 4
[29.428s][debug][gc,phases      ] GC(70)   ObjectSynchronizer Weak        Min:  0.0, Avg:  0.0, Max:  0.0, Diff:  0.0, Sum:  0.0, Workers: 4
[29.428s][debug][gc,phases      ] GC(70)     Dead                           Min: 0, Avg:  0.0, Max: 0, Diff: 0, Sum: 0, Workers: 4
[29.428s][debug][gc,phases      ] GC(70)     Total                          Min: 0, Avg: 109.0, Max: 244, Diff: 244, Sum: 436, Workers: 4
[29.428s][debug][gc,phases      ] GC(70)   JVMTI Tag Weak OopStorage      Min:  0.0, Avg:  0.0, Max:  0.0, Diff:  0.0, Sum:  0.0, Workers: 4
[29.428s][debug][gc,phases      ] GC(70)     Dead                           Min: 0, Avg:  0.0, Max: 0, Diff: 0, Sum: 0, Workers: 4
[29.428s][debug][gc,phases      ] GC(70)     Total                          Min: 0, Avg:  0.0, Max: 0, Diff: 0, Sum: 0, Workers: 4
[29.428s][debug][gc,phases      ] GC(70)   StringTable Weak               Min:  0.1, Avg:  0.1, Max:  0.1, Diff:  0.0, Sum:  0.4, Workers: 4
[29.428s][debug][gc,phases      ] GC(70)     Dead                           Min: 0, Avg:  2.8, Max: 7, Diff: 7, Sum: 11, Workers: 4
[29.428s][debug][gc,phases      ] GC(70)     Total                          Min: 9595, Avg: 10750.5, Max: 11648, Diff: 2053, Sum: 43002, Workers: 4
[29.428s][debug][gc,phases      ] GC(70)   ResolvedMethodTable Weak       Min:  0.0, Avg:  0.0, Max:  0.0, Diff:  0.0, Sum:  0.1, Workers: 4
[29.428s][debug][gc,phases      ] GC(70)     Dead                           Min: 0, Avg:  0.0, Max: 0, Diff: 0, Sum: 0, Workers: 4
[29.428s][debug][gc,phases      ] GC(70)     Total                          Min: 1599, Avg: 1797.0, Max: 2112, Diff: 513, Sum: 7188, Workers: 4
[29.428s][debug][gc,phases      ] GC(70)   JNI Weak                       Min:  0.0, Avg:  0.0, Max:  0.0, Diff:  0.0, Sum:  0.0, Workers: 4
[29.428s][debug][gc,phases      ] GC(70)     Dead                           Min: 0, Avg:  0.0, Max: 0, Diff: 0, Sum: 0, Workers: 4
[29.428s][debug][gc,phases      ] GC(70)     Total                          Min: 0, Avg:  2.2, Max: 9, Diff: 9, Sum: 9, Workers: 4
[29.428s][debug][gc,phases      ] GC(70)   StringDedup Table Weak         Min:  0.0, Avg:  0.0, Max:  0.0, Diff:  0.0, Sum:  0.0, Workers: 4
[29.428s][debug][gc,phases      ] GC(70)     Dead                           Min: 0, Avg:  0.0, Max: 0, Diff: 0, Sum: 0, Workers: 4
[29.428s][debug][gc,phases      ] GC(70)     Total                          Min: 0, Avg:  0.0, Max: 0, Diff: 0, Sum: 0, Workers: 4
[29.428s][debug][gc,phases      ] GC(70)   StringDedup Requests0 Weak     Min:  0.0, Avg:  0.0, Max:  0.0, Diff:  0.0, Sum:  0.0, Workers: 4
[29.428s][debug][gc,phases      ] GC(70)     Dead                           Min: 0, Avg:  0.0, Max: 0, Diff: 0, Sum: 0, Workers: 4
[29.428s][debug][gc,phases      ] GC(70)     Total                          Min: 0, Avg:  0.0, Max: 0, Diff: 0, Sum: 0, Workers: 4
[29.428s][debug][gc,phases      ] GC(70)   StringDedup Requests1 Weak     Min:  0.0, Avg:  0.0, Max:  0.0, Diff:  0.0, Sum:  0.0, Workers: 4
[29.428s][debug][gc,phases      ] GC(70)     Dead                           Min: 0, Avg:  0.0, Max: 0, Diff: 0, Sum: 0, Workers: 4
[29.428s][debug][gc,phases      ] GC(70)     Total                          Min: 0, Avg:  0.0, Max: 0, Diff: 0, Sum: 0, Workers: 4
[29.428s][debug][gc,phases      ] GC(70)   Weak JFR Old Object Samples    Min:  0.0, Avg:  0.0, Max:  0.0, Diff:  0.0, Sum:  0.0, Workers: 4
[29.428s][debug][gc,phases      ] GC(70)     Dead                           Min: 0, Avg:  0.0, Max: 0, Diff: 0, Sum: 0, Workers: 4
[29.428s][debug][gc,phases      ] GC(70)     Total                          Min: 0, Avg:  0.0, Max: 0, Diff: 0, Sum: 0, Workers: 4
[29.428s][debug][gc,phases      ] GC(70) Weak Processing 0.312ms
[29.428s][debug][gc,age         ] GC(70) Desired survivor size 108003328 bytes, new threshold 15 (max threshold 15)
[29.428s][info ][gc,heap        ] GC(70) PSYoungGen: 1940400K(1983488K)->71408K(1991680K) Eden: 1872896K(1872896K)->0K(1884672K) From: 67504K(110592K)->71408K(107008K)
[29.428s][info ][gc,heap        ] GC(70) ParOldGen: 566354K(619520K)->569682K(619520K)
[29.428s][info ][gc,metaspace   ] GC(70) Metaspace: 68916K(69696K)->68916K(69696K) NonClass: 58908K(59328K)->58908K(59328K) Class: 10007K(10368K)->10007K(10368K)
[29.428s][info ][gc             ] GC(70) Pause Young (Allocation Failure) 2448M->626M(2550M) 38.668ms
[29.428s][info ][gc,cpu         ] GC(70) User=0.17s Sys=0.00s Real=0.04s
[29.429s][info ][safepoint      ] Safepoint "ParallelGCFailedAllocation", Time since last: 344097493 ns, Reaching safepoint: 138202 ns, At safepoint: 38779398 ns, Total: 38917600 ns
[29.783s][info ][gc,start       ] GC(71) Pause Young (Allocation Failure)
[29.811s][debug][gc,phases      ] GC(71) Scavenge 27.954ms
[29.811s][debug][gc,ref         ] GC(71) Skipped phase 1 of Reference Processing: no references
[29.811s][debug][gc,ref         ] GC(71) ReferenceProcessor::execute queues: 1, RefProcThreadModel::Single, marks_oops_alive: false
[29.811s][debug][gc,ref         ] GC(71) Skipped phase 3 of Reference Processing: no references
[29.811s][debug][gc,ref         ] GC(71) ReferenceProcessor::execute queues: 1, RefProcThreadModel::Single, marks_oops_alive: false
[29.811s][debug][gc,phases      ] GC(71) Reference Processing 0.109ms
[29.811s][debug][gc,phases      ] GC(71)   VM Weak                        Min:  0.0, Avg:  0.0, Max:  0.0, Diff:  0.0, Sum:  0.0, Workers: 4
[29.811s][debug][gc,phases      ] GC(71)     Dead                           Min: 0, Avg:  0.0, Max: 0, Diff: 0, Sum: 0, Workers: 4
[29.811s][debug][gc,phases      ] GC(71)     Total                          Min: 0, Avg: 148.5, Max: 448, Diff: 448, Sum: 594, Workers: 4
[29.811s][debug][gc,phases      ] GC(71)   ObjectSynchronizer Weak        Min:  0.0, Avg:  0.0, Max:  0.0, Diff:  0.0, Sum:  0.0, Workers: 4
[29.811s][debug][gc,phases      ] GC(71)     Dead                           Min: 0, Avg:  0.0, Max: 0, Diff: 0, Sum: 0, Workers: 4
[29.811s][debug][gc,phases      ] GC(71)     Total                          Min: 0, Avg: 109.2, Max: 245, Diff: 245, Sum: 437, Workers: 4
[29.811s][debug][gc,phases      ] GC(71)   JVMTI Tag Weak OopStorage      Min:  0.0, Avg:  0.0, Max:  0.0, Diff:  0.0, Sum:  0.0, Workers: 4
[29.811s][debug][gc,phases      ] GC(71)     Dead                           Min: 0, Avg:  0.0, Max: 0, Diff: 0, Sum: 0, Workers: 4
[29.811s][debug][gc,phases      ] GC(71)     Total                          Min: 0, Avg:  0.0, Max: 0, Diff: 0, Sum: 0, Workers: 4
[29.811s][debug][gc,phases      ] GC(71)   StringTable Weak               Min:  0.1, Avg:  0.1, Max:  0.1, Diff:  0.0, Sum:  0.4, Workers: 4
[29.811s][debug][gc,phases      ] GC(71)     Dead                           Min: 0, Avg:  2.8, Max: 11, Diff: 11, Sum: 11, Workers: 4
[29.811s][debug][gc,phases      ] GC(71)     Total                          Min: 10112, Avg: 10772.0, Max: 11904, Diff: 1792, Sum: 43088, Workers: 4
[29.811s][debug][gc,phases      ] GC(71)   ResolvedMethodTable Weak       Min:  0.0, Avg:  0.0, Max:  0.0, Diff:  0.0, Sum:  0.1, Workers: 4
[29.811s][debug][gc,phases      ] GC(71)     Dead                           Min: 0, Avg:  0.0, Max: 0, Diff: 0, Sum: 0, Workers: 4
[29.811s][debug][gc,phases      ] GC(71)     Total                          Min: 1600, Avg: 1798.8, Max: 1984, Diff: 384, Sum: 7195, Workers: 4
[29.811s][debug][gc,phases      ] GC(71)   JNI Weak                       Min:  0.0, Avg:  0.0, Max:  0.0, Diff:  0.0, Sum:  0.0, Workers: 4
[29.811s][debug][gc,phases      ] GC(71)     Dead                           Min: 0, Avg:  0.0, Max: 0, Diff: 0, Sum: 0, Workers: 4
[29.811s][debug][gc,phases      ] GC(71)     Total                          Min: 0, Avg:  3.2, Max: 13, Diff: 13, Sum: 13, Workers: 4
[29.811s][debug][gc,phases      ] GC(71)   StringDedup Table Weak         Min:  0.0, Avg:  0.0, Max:  0.0, Diff:  0.0, Sum:  0.0, Workers: 4
[29.811s][debug][gc,phases      ] GC(71)     Dead                           Min: 0, Avg:  0.0, Max: 0, Diff: 0, Sum: 0, Workers: 4
[29.811s][debug][gc,phases      ] GC(71)     Total                          Min: 0, Avg:  0.0, Max: 0, Diff: 0, Sum: 0, Workers: 4
[29.811s][debug][gc,phases      ] GC(71)   StringDedup Requests0 Weak     Min:  0.0, Avg:  0.0, Max:  0.0, Diff:  0.0, Sum:  0.0, Workers: 4
[29.811s][debug][gc,phases      ] GC(71)     Dead                           Min: 0, Avg:  0.0, Max: 0, Diff: 0, Sum: 0, Workers: 4
[29.811s][debug][gc,phases      ] GC(71)     Total                          Min: 0, Avg:  0.0, Max: 0, Diff: 0, Sum: 0, Workers: 4
[29.811s][debug][gc,phases      ] GC(71)   StringDedup Requests1 Weak     Min:  0.0, Avg:  0.0, Max:  0.0, Diff:  0.0, Sum:  0.0, Workers: 4
[29.811s][debug][gc,phases      ] GC(71)     Dead                           Min: 0, Avg:  0.0, Max: 0, Diff: 0, Sum: 0, Workers: 4
[29.811s][debug][gc,phases      ] GC(71)     Total                          Min: 0, Avg:  0.0, Max: 0, Diff: 0, Sum: 0, Workers: 4
[29.811s][debug][gc,phases      ] GC(71)   Weak JFR Old Object Samples    Min:  0.0, Avg:  0.0, Max:  0.0, Diff:  0.0, Sum:  0.0, Workers: 4
[29.811s][debug][gc,phases      ] GC(71)     Dead                           Min: 0, Avg:  0.0, Max: 0, Diff: 0, Sum: 0, Workers: 4
[29.811s][debug][gc,phases      ] GC(71)     Total                          Min: 0, Avg:  0.0, Max: 0, Diff: 0, Sum: 0, Workers: 4
[29.811s][debug][gc,phases      ] GC(71) Weak Processing 0.320ms
[29.811s][debug][gc,age         ] GC(71) Desired survivor size 105906176 bytes, new threshold 15 (max threshold 15)
[29.811s][info ][gc,heap        ] GC(71) PSYoungGen: 1956080K(1991680K)->69984K(1990144K) Eden: 1884672K(1884672K)->0K(1884672K) From: 71408K(107008K)->69984K(105472K)
[29.811s][info ][gc,heap        ] GC(71) ParOldGen: 569682K(619520K)->572706K(619520K)
[29.811s][info ][gc,metaspace   ] GC(71) Metaspace: 68939K(69696K)->68939K(69696K) NonClass: 58929K(59328K)->58929K(59328K) Class: 10010K(10368K)->10010K(10368K)
[29.811s][info ][gc             ] GC(71) Pause Young (Allocation Failure) 2466M->627M(2548M) 28.524ms
[29.811s][info ][gc,cpu         ] GC(71) User=0.13s Sys=0.00s Real=0.03s
[29.811s][info ][safepoint      ] Safepoint "ParallelGCFailedAllocation", Time since last: 354165374 ns, Reaching safepoint: 143603 ns, At safepoint: 28635615 ns, Total: 28779218 ns
[30.305s][info ][gc,start       ] GC(72) Pause Young (Allocation Failure)
[30.335s][debug][gc,phases      ] GC(72) Scavenge 29.862ms
[30.335s][debug][gc,ref         ] GC(72) Skipped phase 1 of Reference Processing: no references
[30.335s][debug][gc,ref         ] GC(72) ReferenceProcessor::execute queues: 1, RefProcThreadModel::Single, marks_oops_alive: false
[30.335s][debug][gc,ref         ] GC(72) Skipped phase 3 of Reference Processing: no references
[30.335s][debug][gc,ref         ] GC(72) ReferenceProcessor::execute queues: 1, RefProcThreadModel::Single, marks_oops_alive: false
[30.335s][debug][gc,phases      ] GC(72) Reference Processing 0.147ms
[30.335s][debug][gc,phases      ] GC(72)   VM Weak                        Min:  0.0, Avg:  0.0, Max:  0.0, Diff:  0.0, Sum:  0.0, Workers: 4
[30.335s][debug][gc,phases      ] GC(72)     Dead                           Min: 0, Avg:  0.0, Max: 0, Diff: 0, Sum: 0, Workers: 4
[30.335s][debug][gc,phases      ] GC(72)     Total                          Min: 0, Avg: 149.8, Max: 599, Diff: 599, Sum: 599, Workers: 4
[30.335s][debug][gc,phases      ] GC(72)   ObjectSynchronizer Weak        Min:  0.0, Avg:  0.0, Max:  0.0, Diff:  0.0, Sum:  0.0, Workers: 4
[30.335s][debug][gc,phases      ] GC(72)     Dead                           Min: 0, Avg:  0.0, Max: 0, Diff: 0, Sum: 0, Workers: 4
[30.335s][debug][gc,phases      ] GC(72)     Total                          Min: 0, Avg: 109.2, Max: 320, Diff: 320, Sum: 437, Workers: 4
[30.335s][debug][gc,phases      ] GC(72)   JVMTI Tag Weak OopStorage      Min:  0.0, Avg:  0.0, Max:  0.0, Diff:  0.0, Sum:  0.0, Workers: 4
[30.335s][debug][gc,phases      ] GC(72)     Dead                           Min: 0, Avg:  0.0, Max: 0, Diff: 0, Sum: 0, Workers: 4
[30.335s][debug][gc,phases      ] GC(72)     Total                          Min: 0, Avg:  0.0, Max: 0, Diff: 0, Sum: 0, Workers: 4
[30.335s][debug][gc,phases      ] GC(72)   StringTable Weak               Min:  0.0, Avg:  0.1, Max:  0.1, Diff:  0.1, Sum:  0.4, Workers: 4
[30.335s][debug][gc,phases      ] GC(72)     Dead                           Min: 0, Avg:  3.0, Max: 11, Diff: 11, Sum: 12, Workers: 4
[30.335s][debug][gc,phases      ] GC(72)     Total                          Min: 0, Avg: 10869.0, Max: 15060, Diff: 15060, Sum: 43476, Workers: 4
[30.335s][debug][gc,phases      ] GC(72)   ResolvedMethodTable Weak       Min:  0.0, Avg:  0.0, Max:  0.0, Diff:  0.0, Sum:  0.1, Workers: 4
[30.335s][debug][gc,phases      ] GC(72)     Dead                           Min: 0, Avg:  8.5, Max: 16, Diff: 16, Sum: 34, Workers: 4
[30.335s][debug][gc,phases      ] GC(72)     Total                          Min: 0, Avg: 1843.5, Max: 2958, Diff: 2958, Sum: 7374, Workers: 4
[30.335s][debug][gc,phases      ] GC(72)   JNI Weak                       Min:  0.0, Avg:  0.0, Max:  0.0, Diff:  0.0, Sum:  0.0, Workers: 4
[30.335s][debug][gc,phases      ] GC(72)     Dead                           Min: 0, Avg:  0.0, Max: 0, Diff: 0, Sum: 0, Workers: 4
[30.335s][debug][gc,phases      ] GC(72)     Total                          Min: 0, Avg:  6.5, Max: 26, Diff: 26, Sum: 26, Workers: 4
[30.335s][debug][gc,phases      ] GC(72)   StringDedup Table Weak         Min:  0.0, Avg:  0.0, Max:  0.0, Diff:  0.0, Sum:  0.0, Workers: 4
[30.335s][debug][gc,phases      ] GC(72)     Dead                           Min: 0, Avg:  0.0, Max: 0, Diff: 0, Sum: 0, Workers: 4
[30.335s][debug][gc,phases      ] GC(72)     Total                          Min: 0, Avg:  0.0, Max: 0, Diff: 0, Sum: 0, Workers: 4
[30.335s][debug][gc,phases      ] GC(72)   StringDedup Requests0 Weak     Min:  0.0, Avg:  0.0, Max:  0.0, Diff:  0.0, Sum:  0.0, Workers: 4
[30.335s][debug][gc,phases      ] GC(72)     Dead                           Min: 0, Avg:  0.0, Max: 0, Diff: 0, Sum: 0, Workers: 4
[30.335s][debug][gc,phases      ] GC(72)     Total                          Min: 0, Avg:  0.0, Max: 0, Diff: 0, Sum: 0, Workers: 4
[30.335s][debug][gc,phases      ] GC(72)   StringDedup Requests1 Weak     Min:  0.0, Avg:  0.0, Max:  0.0, Diff:  0.0, Sum:  0.0, Workers: 4
[30.335s][debug][gc,phases      ] GC(72)     Dead                           Min: 0, Avg:  0.0, Max: 0, Diff: 0, Sum: 0, Workers: 4
[30.335s][debug][gc,phases      ] GC(72)     Total                          Min: 0, Avg:  0.0, Max: 0, Diff: 0, Sum: 0, Workers: 4
[30.335s][debug][gc,phases      ] GC(72)   Weak JFR Old Object Samples    Min:  0.0, Avg:  0.0, Max:  0.0, Diff:  0.0, Sum:  0.0, Workers: 4
[30.335s][debug][gc,phases      ] GC(72)     Dead                           Min: 0, Avg:  0.0, Max: 0, Diff: 0, Sum: 0, Workers: 4
[30.335s][debug][gc,phases      ] GC(72)     Total                          Min: 0, Avg:  0.0, Max: 0, Diff: 0, Sum: 0, Workers: 4
[30.335s][debug][gc,phases      ] GC(72) Weak Processing 0.350ms
[30.335s][debug][gc,age         ] GC(72) Desired survivor size 102236160 bytes, new threshold 15 (max threshold 15)
[30.335s][info ][gc,heap        ] GC(72) PSYoungGen: 1954656K(1990144K)->64480K(1997312K) Eden: 1884672K(1884672K)->0K(1893888K) From: 69984K(105472K)->64480K(103424K)
[30.335s][info ][gc,heap        ] GC(72) ParOldGen: 572706K(619520K)->577507K(619520K)
[30.335s][info ][gc,metaspace   ] GC(72) Metaspace: 70214K(71040K)->70214K(71040K) NonClass: 60028K(60480K)->60028K(60480K) Class: 10185K(10560K)->10185K(10560K)
[30.335s][info ][gc             ] GC(72) Pause Young (Allocation Failure) 2468M->626M(2555M) 30.484ms
[30.335s][info ][gc,cpu         ] GC(72) User=0.15s Sys=0.00s Real=0.04s
[30.335s][info ][safepoint      ] Safepoint "ParallelGCFailedAllocation", Time since last: 492202059 ns, Reaching safepoint: 1079719 ns, At safepoint: 30592651 ns, Total: 31672370 ns
[30.497s][info ][safepoint      ] Safepoint "ICBufferFull", Time since last: 161719110 ns, Reaching safepoint: 275705 ns, At safepoint: 27001 ns, Total: 302706 ns
[30.698s][info ][safepoint      ] Safepoint "ICBufferFull", Time since last: 199865797 ns, Reaching safepoint: 265705 ns, At safepoint: 27100 ns, Total: 292805 ns
[30.707s][info ][gc,start       ] GC(73) Pause Young (Allocation Failure)
[30.728s][debug][gc,phases      ] GC(73) Scavenge 20.714ms
[30.728s][debug][gc,ref         ] GC(73) Skipped phase 1 of Reference Processing: no references
[30.728s][debug][gc,ref         ] GC(73) ReferenceProcessor::execute queues: 1, RefProcThreadModel::Single, marks_oops_alive: false
[30.728s][debug][gc,ref         ] GC(73) Skipped phase 3 of Reference Processing: no references
[30.728s][debug][gc,ref         ] GC(73) ReferenceProcessor::execute queues: 1, RefProcThreadModel::Single, marks_oops_alive: false
[30.728s][debug][gc,phases      ] GC(73) Reference Processing 0.129ms
[30.728s][debug][gc,phases      ] GC(73)   VM Weak                        Min:  0.0, Avg:  0.0, Max:  0.0, Diff:  0.0, Sum:  0.0, Workers: 4
[30.728s][debug][gc,phases      ] GC(73)     Dead                           Min: 0, Avg:  0.0, Max: 0, Diff: 0, Sum: 0, Workers: 4
[30.728s][debug][gc,phases      ] GC(73)     Total                          Min: 0, Avg: 153.0, Max: 548, Diff: 548, Sum: 612, Workers: 4
[30.728s][debug][gc,phases      ] GC(73)   ObjectSynchronizer Weak        Min:  0.0, Avg:  0.0, Max:  0.0, Diff:  0.0, Sum:  0.0, Workers: 4
[30.728s][debug][gc,phases      ] GC(73)     Dead                           Min: 0, Avg:  0.0, Max: 0, Diff: 0, Sum: 0, Workers: 4
[30.728s][debug][gc,phases      ] GC(73)     Total                          Min: 0, Avg: 109.2, Max: 256, Diff: 256, Sum: 437, Workers: 4
[30.728s][debug][gc,phases      ] GC(73)   JVMTI Tag Weak OopStorage      Min:  0.0, Avg:  0.0, Max:  0.0, Diff:  0.0, Sum:  0.0, Workers: 4
[30.728s][debug][gc,phases      ] GC(73)     Dead                           Min: 0, Avg:  0.0, Max: 0, Diff: 0, Sum: 0, Workers: 4
[30.728s][debug][gc,phases      ] GC(73)     Total                          Min: 0, Avg:  0.0, Max: 0, Diff: 0, Sum: 0, Workers: 4
[30.728s][debug][gc,phases      ] GC(73)   StringTable Weak               Min:  0.1, Avg:  0.1, Max:  0.1, Diff:  0.0, Sum:  0.4, Workers: 4
[30.728s][debug][gc,phases      ] GC(73)     Dead                           Min: 1, Avg:  1.2, Max: 2, Diff: 1, Sum: 5, Workers: 4
[30.728s][debug][gc,phases      ] GC(73)     Total                          Min: 9792, Avg: 10949.0, Max: 11840, Diff: 2048, Sum: 43796, Workers: 4
[30.728s][debug][gc,phases      ] GC(73)   ResolvedMethodTable Weak       Min:  0.0, Avg:  0.0, Max:  0.0, Diff:  0.0, Sum:  0.1, Workers: 4
[30.728s][debug][gc,phases      ] GC(73)     Dead                           Min: 0, Avg: 11.2, Max: 23, Diff: 23, Sum: 45, Workers: 4
[30.728s][debug][gc,phases      ] GC(73)     Total                          Min: 1727, Avg: 1900.2, Max: 2240, Diff: 513, Sum: 7601, Workers: 4
[30.728s][debug][gc,phases      ] GC(73)   JNI Weak                       Min:  0.0, Avg:  0.0, Max:  0.0, Diff:  0.0, Sum:  0.0, Workers: 4
[30.728s][debug][gc,phases      ] GC(73)     Dead                           Min: 0, Avg:  0.0, Max: 0, Diff: 0, Sum: 0, Workers: 4
[30.728s][debug][gc,phases      ] GC(73)     Total                          Min: 0, Avg:  7.2, Max: 29, Diff: 29, Sum: 29, Workers: 4
[30.728s][debug][gc,phases      ] GC(73)   StringDedup Table Weak         Min:  0.0, Avg:  0.0, Max:  0.0, Diff:  0.0, Sum:  0.0, Workers: 4
[30.728s][debug][gc,phases      ] GC(73)     Dead                           Min: 0, Avg:  0.0, Max: 0, Diff: 0, Sum: 0, Workers: 4
[30.728s][debug][gc,phases      ] GC(73)     Total                          Min: 0, Avg:  0.0, Max: 0, Diff: 0, Sum: 0, Workers: 4
[30.728s][debug][gc,phases      ] GC(73)   StringDedup Requests0 Weak     Min:  0.0, Avg:  0.0, Max:  0.0, Diff:  0.0, Sum:  0.0, Workers: 4
[30.728s][debug][gc,phases      ] GC(73)     Dead                           Min: 0, Avg:  0.0, Max: 0, Diff: 0, Sum: 0, Workers: 4
[30.728s][debug][gc,phases      ] GC(73)     Total                          Min: 0, Avg:  0.0, Max: 0, Diff: 0, Sum: 0, Workers: 4
[30.728s][debug][gc,phases      ] GC(73)   StringDedup Requests1 Weak     Min:  0.0, Avg:  0.0, Max:  0.0, Diff:  0.0, Sum:  0.0, Workers: 4
[30.728s][debug][gc,phases      ] GC(73)     Dead                           Min: 0, Avg:  0.0, Max: 0, Diff: 0, Sum: 0, Workers: 4
[30.728s][debug][gc,phases      ] GC(73)     Total                          Min: 0, Avg:  0.0, Max: 0, Diff: 0, Sum: 0, Workers: 4
[30.728s][debug][gc,phases      ] GC(73)   Weak JFR Old Object Samples    Min:  0.0, Avg:  0.0, Max:  0.0, Diff:  0.0, Sum:  0.0, Workers: 4
[30.728s][debug][gc,phases      ] GC(73)     Dead                           Min: 0, Avg:  0.0, Max: 0, Diff: 0, Sum: 0, Workers: 4
[30.728s][debug][gc,phases      ] GC(73)     Total                          Min: 0, Avg:  0.0, Max: 0, Diff: 0, Sum: 0, Workers: 4
[30.728s][debug][gc,phases      ] GC(73) Weak Processing 0.310ms
[30.728s][debug][gc,age         ] GC(73) Desired survivor size 99090432 bytes, new threshold 15 (max threshold 15)
[30.728s][info ][gc,heap        ] GC(73) PSYoungGen: 1958368K(1997312K)->62800K(1993728K) Eden: 1893888K(1893888K)->0K(1893888K) From: 64480K(103424K)->62800K(99840K)
[30.728s][info ][gc,heap        ] GC(73) ParOldGen: 577507K(619520K)->580987K(619520K)
[30.728s][info ][gc,metaspace   ] GC(73) Metaspace: 71417K(72128K)->71417K(72128K) NonClass: 61053K(61440K)->61053K(61440K) Class: 10364K(10688K)->10364K(10688K)
[30.728s][info ][gc             ] GC(73) Pause Young (Allocation Failure) 2476M->628M(2552M) 21.288ms
[30.728s][info ][gc,cpu         ] GC(73) User=0.08s Sys=0.00s Real=0.02s
[30.728s][info ][safepoint      ] Safepoint "ParallelGCFailedAllocation", Time since last: 9251067 ns, Reaching safepoint: 125202 ns, At safepoint: 21402885 ns, Total: 21528087 ns
[31.060s][info ][safepoint      ] Safepoint "ICBufferFull", Time since last: 331708970 ns, Reaching safepoint: 248904 ns, At safepoint: 28001 ns, Total: 276905 ns
[31.130s][info ][gc,start       ] GC(74) Pause Young (Allocation Failure)
[31.152s][debug][gc,phases      ] GC(74) Scavenge 22.298ms
[31.152s][debug][gc,ref         ] GC(74) Skipped phase 1 of Reference Processing: no references
[31.152s][debug][gc,ref         ] GC(74) ReferenceProcessor::execute queues: 1, RefProcThreadModel::Single, marks_oops_alive: false
[31.152s][debug][gc,ref         ] GC(74) Skipped phase 3 of Reference Processing: no references
[31.152s][debug][gc,ref         ] GC(74) ReferenceProcessor::execute queues: 1, RefProcThreadModel::Single, marks_oops_alive: false
[31.152s][debug][gc,phases      ] GC(74) Reference Processing 0.122ms
[31.153s][debug][gc,phases      ] GC(74)   VM Weak                        Min:  0.0, Avg:  0.0, Max:  0.0, Diff:  0.0, Sum:  0.0, Workers: 4
[31.153s][debug][gc,phases      ] GC(74)     Dead                           Min: 0, Avg:  0.0, Max: 0, Diff: 0, Sum: 0, Workers: 4
[31.153s][debug][gc,phases      ] GC(74)     Total                          Min: 0, Avg: 153.0, Max: 420, Diff: 420, Sum: 612, Workers: 4
[31.153s][debug][gc,phases      ] GC(74)   ObjectSynchronizer Weak        Min:  0.0, Avg:  0.0, Max:  0.0, Diff:  0.0, Sum:  0.0, Workers: 4
[31.153s][debug][gc,phases      ] GC(74)     Dead                           Min: 0, Avg:  0.0, Max: 0, Diff: 0, Sum: 0, Workers: 4
[31.153s][debug][gc,phases      ] GC(74)     Total                          Min: 0, Avg: 109.2, Max: 256, Diff: 256, Sum: 437, Workers: 4
[31.153s][debug][gc,phases      ] GC(74)   JVMTI Tag Weak OopStorage      Min:  0.0, Avg:  0.0, Max:  0.0, Diff:  0.0, Sum:  0.0, Workers: 4
[31.153s][debug][gc,phases      ] GC(74)     Dead                           Min: 0, Avg:  0.0, Max: 0, Diff: 0, Sum: 0, Workers: 4
[31.153s][debug][gc,phases      ] GC(74)     Total                          Min: 0, Avg:  0.0, Max: 0, Diff: 0, Sum: 0, Workers: 4
[31.153s][debug][gc,phases      ] GC(74)   StringTable Weak               Min:  0.1, Avg:  0.1, Max:  0.1, Diff:  0.0, Sum:  0.4, Workers: 4
[31.153s][debug][gc,phases      ] GC(74)     Dead                           Min: 0, Avg:  0.0, Max: 0, Diff: 0, Sum: 0, Workers: 4
[31.153s][debug][gc,phases      ] GC(74)     Total                          Min: 10213, Avg: 10953.2, Max: 11776, Diff: 1563, Sum: 43813, Workers: 4
[31.153s][debug][gc,phases      ] GC(74)   ResolvedMethodTable Weak       Min:  0.0, Avg:  0.0, Max:  0.0, Diff:  0.0, Sum:  0.1, Workers: 4
[31.153s][debug][gc,phases      ] GC(74)     Dead                           Min: 0, Avg:  0.0, Max: 0, Diff: 0, Sum: 0, Workers: 4
[31.153s][debug][gc,phases      ] GC(74)     Total                          Min: 1792, Avg: 1902.5, Max: 2043, Diff: 251, Sum: 7610, Workers: 4
[31.153s][debug][gc,phases      ] GC(74)   JNI Weak                       Min:  0.0, Avg:  0.0, Max:  0.0, Diff:  0.0, Sum:  0.0, Workers: 4
[31.153s][debug][gc,phases      ] GC(74)     Dead                           Min: 0, Avg:  0.0, Max: 0, Diff: 0, Sum: 0, Workers: 4
[31.153s][debug][gc,phases      ] GC(74)     Total                          Min: 0, Avg:  7.8, Max: 31, Diff: 31, Sum: 31, Workers: 4
[31.153s][debug][gc,phases      ] GC(74)   StringDedup Table Weak         Min:  0.0, Avg:  0.0, Max:  0.0, Diff:  0.0, Sum:  0.0, Workers: 4
[31.153s][debug][gc,phases      ] GC(74)     Dead                           Min: 0, Avg:  0.0, Max: 0, Diff: 0, Sum: 0, Workers: 4
[31.153s][debug][gc,phases      ] GC(74)     Total                          Min: 0, Avg:  0.0, Max: 0, Diff: 0, Sum: 0, Workers: 4
[31.153s][debug][gc,phases      ] GC(74)   StringDedup Requests0 Weak     Min:  0.0, Avg:  0.0, Max:  0.0, Diff:  0.0, Sum:  0.0, Workers: 4
[31.153s][debug][gc,phases      ] GC(74)     Dead                           Min: 0, Avg:  0.0, Max: 0, Diff: 0, Sum: 0, Workers: 4
[31.153s][debug][gc,phases      ] GC(74)     Total                          Min: 0, Avg:  0.0, Max: 0, Diff: 0, Sum: 0, Workers: 4
[31.153s][debug][gc,phases      ] GC(74)   StringDedup Requests1 Weak     Min:  0.0, Avg:  0.0, Max:  0.0, Diff:  0.0, Sum:  0.0, Workers: 4
[31.153s][debug][gc,phases      ] GC(74)     Dead                           Min: 0, Avg:  0.0, Max: 0, Diff: 0, Sum: 0, Workers: 4
[31.153s][debug][gc,phases      ] GC(74)     Total                          Min: 0, Avg:  0.0, Max: 0, Diff: 0, Sum: 0, Workers: 4
[31.153s][debug][gc,phases      ] GC(74)   Weak JFR Old Object Samples    Min:  0.0, Avg:  0.0, Max:  0.0, Diff:  0.0, Sum:  0.0, Workers: 4
[31.153s][debug][gc,phases      ] GC(74)     Dead                           Min: 0, Avg:  0.0, Max: 0, Diff: 0, Sum: 0, Workers: 4
[31.153s][debug][gc,phases      ] GC(74)     Total                          Min: 0, Avg:  0.0, Max: 0, Diff: 0, Sum: 0, Workers: 4
[31.153s][debug][gc,phases      ] GC(74) Weak Processing 0.298ms
[31.153s][debug][gc,age         ] GC(74) Desired survivor size 96468992 bytes, new threshold 15 (max threshold 15)
[31.153s][info ][gc,heap        ] GC(74) PSYoungGen: 1956688K(1993728K)->60336K(2002944K) Eden: 1893888K(1893888K)->0K(1906176K) From: 62800K(99840K)->60336K(96768K)
[31.153s][info ][gc,heap        ] GC(74) ParOldGen: 580987K(619520K)->585203K(619520K)
[31.153s][info ][gc,metaspace   ] GC(74) Metaspace: 71750K(72512K)->71750K(72512K) NonClass: 61381K(61824K)->61381K(61824K) Class: 10368K(10688K)->10368K(10688K)
[31.153s][info ][gc             ] GC(74) Pause Young (Allocation Failure) 2478M->630M(2561M) 22.836ms
[31.153s][info ][gc,cpu         ] GC(74) User=0.09s Sys=0.00s Real=0.02s
[31.153s][info ][safepoint      ] Safepoint "ParallelGCFailedAllocation", Time since last: 69475750 ns, Reaching safepoint: 163903 ns, At safepoint: 22945313 ns, Total: 23109216 ns
[31.470s][info ][safepoint      ] Safepoint "ICBufferFull", Time since last: 316422595 ns, Reaching safepoint: 253204 ns, At safepoint: 26801 ns, Total: 280005 ns
[31.559s][info ][gc,start       ] GC(75) Pause Young (Allocation Failure)
[31.581s][debug][gc,phases      ] GC(75) Scavenge 22.266ms
[31.581s][debug][gc,ref         ] GC(75) Skipped phase 1 of Reference Processing: no references
[31.581s][debug][gc,ref         ] GC(75) ReferenceProcessor::execute queues: 1, RefProcThreadModel::Single, marks_oops_alive: false
[31.581s][debug][gc,ref         ] GC(75) Skipped phase 3 of Reference Processing: no references
[31.581s][debug][gc,ref         ] GC(75) ReferenceProcessor::execute queues: 1, RefProcThreadModel::Single, marks_oops_alive: false
[31.581s][debug][gc,phases      ] GC(75) Reference Processing 0.124ms
[31.581s][debug][gc,phases      ] GC(75)   VM Weak                        Min:  0.0, Avg:  0.0, Max:  0.0, Diff:  0.0, Sum:  0.0, Workers: 4
[31.581s][debug][gc,phases      ] GC(75)     Dead                           Min: 0, Avg:  0.0, Max: 0, Diff: 0, Sum: 0, Workers: 4
[31.581s][debug][gc,phases      ] GC(75)     Total                          Min: 0, Avg: 153.0, Max: 612, Diff: 612, Sum: 612, Workers: 4
[31.581s][debug][gc,phases      ] GC(75)   ObjectSynchronizer Weak        Min:  0.0, Avg:  0.0, Max:  0.0, Diff:  0.0, Sum:  0.0, Workers: 4
[31.581s][debug][gc,phases      ] GC(75)     Dead                           Min: 0, Avg:  0.0, Max: 0, Diff: 0, Sum: 0, Workers: 4
[31.581s][debug][gc,phases      ] GC(75)     Total                          Min: 0, Avg: 109.2, Max: 256, Diff: 256, Sum: 437, Workers: 4
[31.581s][debug][gc,phases      ] GC(75)   JVMTI Tag Weak OopStorage      Min:  0.0, Avg:  0.0, Max:  0.0, Diff:  0.0, Sum:  0.0, Workers: 4
[31.581s][debug][gc,phases      ] GC(75)     Dead                           Min: 0, Avg:  0.0, Max: 0, Diff: 0, Sum: 0, Workers: 4
[31.581s][debug][gc,phases      ] GC(75)     Total                          Min: 0, Avg:  0.0, Max: 0, Diff: 0, Sum: 0, Workers: 4
[31.581s][debug][gc,phases      ] GC(75)   StringTable Weak               Min:  0.1, Avg:  0.1, Max:  0.1, Diff:  0.0, Sum:  0.4, Workers: 4
[31.581s][debug][gc,phases      ] GC(75)     Dead                           Min: 0, Avg:  0.0, Max: 0, Diff: 0, Sum: 0, Workers: 4
[31.581s][debug][gc,phases      ] GC(75)     Total                          Min: 9664, Avg: 10955.8, Max: 12672, Diff: 3008, Sum: 43823, Workers: 4
[31.581s][debug][gc,phases      ] GC(75)   ResolvedMethodTable Weak       Min:  0.0, Avg:  0.0, Max:  0.0, Diff:  0.0, Sum:  0.1, Workers: 4
[31.581s][debug][gc,phases      ] GC(75)     Dead                           Min: 0, Avg:  0.0, Max: 0, Diff: 0, Sum: 0, Workers: 4
[31.581s][debug][gc,phases      ] GC(75)     Total                          Min: 1791, Avg: 1902.5, Max: 1984, Diff: 193, Sum: 7610, Workers: 4
[31.581s][debug][gc,phases      ] GC(75)   JNI Weak                       Min:  0.0, Avg:  0.0, Max:  0.0, Diff:  0.0, Sum:  0.0, Workers: 4
[31.581s][debug][gc,phases      ] GC(75)     Dead                           Min: 0, Avg:  0.0, Max: 0, Diff: 0, Sum: 0, Workers: 4
[31.581s][debug][gc,phases      ] GC(75)     Total                          Min: 0, Avg:  2.2, Max: 9, Diff: 9, Sum: 9, Workers: 4
[31.581s][debug][gc,phases      ] GC(75)   StringDedup Table Weak         Min:  0.0, Avg:  0.0, Max:  0.0, Diff:  0.0, Sum:  0.0, Workers: 4
[31.581s][debug][gc,phases      ] GC(75)     Dead                           Min: 0, Avg:  0.0, Max: 0, Diff: 0, Sum: 0, Workers: 4
[31.581s][debug][gc,phases      ] GC(75)     Total                          Min: 0, Avg:  0.0, Max: 0, Diff: 0, Sum: 0, Workers: 4
[31.581s][debug][gc,phases      ] GC(75)   StringDedup Requests0 Weak     Min:  0.0, Avg:  0.0, Max:  0.0, Diff:  0.0, Sum:  0.0, Workers: 4
[31.581s][debug][gc,phases      ] GC(75)     Dead                           Min: 0, Avg:  0.0, Max: 0, Diff: 0, Sum: 0, Workers: 4
[31.581s][debug][gc,phases      ] GC(75)     Total                          Min: 0, Avg:  0.0, Max: 0, Diff: 0, Sum: 0, Workers: 4
[31.581s][debug][gc,phases      ] GC(75)   StringDedup Requests1 Weak     Min:  0.0, Avg:  0.0, Max:  0.0, Diff:  0.0, Sum:  0.0, Workers: 4
[31.582s][debug][gc,phases      ] GC(75)     Dead                           Min: 0, Avg:  0.0, Max: 0, Diff: 0, Sum: 0, Workers: 4
[31.582s][debug][gc,phases      ] GC(75)     Total                          Min: 0, Avg:  0.0, Max: 0, Diff: 0, Sum: 0, Workers: 4
[31.582s][debug][gc,phases      ] GC(75)   Weak JFR Old Object Samples    Min:  0.0, Avg:  0.0, Max:  0.0, Diff:  0.0, Sum:  0.0, Workers: 4
[31.582s][debug][gc,phases      ] GC(75)     Dead                           Min: 0, Avg:  0.0, Max: 0, Diff: 0, Sum: 0, Workers: 4
[31.582s][debug][gc,phases      ] GC(75)     Total                          Min: 0, Avg:  0.0, Max: 0, Diff: 0, Sum: 0, Workers: 4
[31.582s][debug][gc,phases      ] GC(75) Weak Processing 0.316ms
[31.582s][debug][gc,age         ] GC(75) Desired survivor size 94896128 bytes, new threshold 15 (max threshold 15)
[31.582s][info ][gc,heap        ] GC(75) PSYoungGen: 1966512K(2002944K)->58880K(2000384K) Eden: 1906176K(1906176K)->0K(1906176K) From: 60336K(96768K)->58880K(94208K)
[31.582s][info ][gc,heap        ] GC(75) ParOldGen: 585203K(619520K)->589075K(619520K)
[31.582s][info ][gc,metaspace   ] GC(75) Metaspace: 71922K(72640K)->71922K(72640K) NonClass: 61552K(61952K)->61552K(61952K) Class: 10369K(10688K)->10369K(10688K)
[31.582s][info ][gc             ] GC(75) Pause Young (Allocation Failure) 2491M->632M(2558M) 22.830ms
[31.582s][info ][gc,cpu         ] GC(75) User=0.10s Sys=0.00s Real=0.02s
[31.582s][info ][safepoint      ] Safepoint "ParallelGCFailedAllocation", Time since last: 88949100 ns, Reaching safepoint: 146803 ns, At safepoint: 22939713 ns, Total: 23086516 ns
[31.976s][info ][safepoint      ] Safepoint "ICBufferFull", Time since last: 394382997 ns, Reaching safepoint: 227405 ns, At safepoint: 17100 ns, Total: 244505 ns
[32.057s][info ][safepoint      ] Safepoint "ParallelGCFailedAllocation", Time since last: 80784554 ns, Reaching safepoint: 136402 ns, At safepoint: 20101 ns, Total: 156503 ns
[32.057s][info ][gc,start       ] GC(76) Pause Young (GCLocker Initiated GC)
[32.082s][debug][gc,phases      ] GC(76) Scavenge 24.944ms
[32.082s][debug][gc,ref         ] GC(76) Skipped phase 1 of Reference Processing: no references
[32.083s][debug][gc,ref         ] GC(76) ReferenceProcessor::execute queues: 1, RefProcThreadModel::Single, marks_oops_alive: false
[32.083s][debug][gc,ref         ] GC(76) Skipped phase 3 of Reference Processing: no references
[32.083s][debug][gc,ref         ] GC(76) ReferenceProcessor::execute queues: 1, RefProcThreadModel::Single, marks_oops_alive: false
[32.083s][debug][gc,phases      ] GC(76) Reference Processing 0.148ms
[32.083s][debug][gc,phases      ] GC(76)   VM Weak                        Min:  0.0, Avg:  0.0, Max:  0.0, Diff:  0.0, Sum:  0.0, Workers: 4
[32.083s][debug][gc,phases      ] GC(76)     Dead                           Min: 0, Avg:  0.0, Max: 0, Diff: 0, Sum: 0, Workers: 4
[32.083s][debug][gc,phases      ] GC(76)     Total                          Min: 0, Avg: 153.0, Max: 420, Diff: 420, Sum: 612, Workers: 4
[32.083s][debug][gc,phases      ] GC(76)   ObjectSynchronizer Weak        Min:  0.0, Avg:  0.0, Max:  0.0, Diff:  0.0, Sum:  0.0, Workers: 4
[32.083s][debug][gc,phases      ] GC(76)     Dead                           Min: 0, Avg:  0.2, Max: 1, Diff: 1, Sum: 1, Workers: 4
[32.083s][debug][gc,phases      ] GC(76)     Total                          Min: 0, Avg: 109.5, Max: 374, Diff: 374, Sum: 438, Workers: 4
[32.083s][debug][gc,phases      ] GC(76)   JVMTI Tag Weak OopStorage      Min:  0.0, Avg:  0.0, Max:  0.0, Diff:  0.0, Sum:  0.0, Workers: 4
[32.083s][debug][gc,phases      ] GC(76)     Dead                           Min: 0, Avg:  0.0, Max: 0, Diff: 0, Sum: 0, Workers: 4
[32.083s][debug][gc,phases      ] GC(76)     Total                          Min: 0, Avg:  0.0, Max: 0, Diff: 0, Sum: 0, Workers: 4
[32.083s][debug][gc,phases      ] GC(76)   StringTable Weak               Min:  0.1, Avg:  0.1, Max:  0.1, Diff:  0.0, Sum:  0.5, Workers: 4
[32.083s][debug][gc,phases      ] GC(76)     Dead                           Min: 0, Avg:  0.0, Max: 0, Diff: 0, Sum: 0, Workers: 4
[32.083s][debug][gc,phases      ] GC(76)     Total                          Min: 9728, Avg: 10957.5, Max: 11840, Diff: 2112, Sum: 43830, Workers: 4
[32.083s][debug][gc,phases      ] GC(76)   ResolvedMethodTable Weak       Min:  0.0, Avg:  0.0, Max:  0.0, Diff:  0.0, Sum:  0.1, Workers: 4
[32.083s][debug][gc,phases      ] GC(76)     Dead                           Min: 0, Avg:  0.0, Max: 0, Diff: 0, Sum: 0, Workers: 4
[32.083s][debug][gc,phases      ] GC(76)     Total                          Min: 1727, Avg: 1902.5, Max: 2239, Diff: 512, Sum: 7610, Workers: 4
[32.083s][debug][gc,phases      ] GC(76)   JNI Weak                       Min:  0.0, Avg:  0.0, Max:  0.0, Diff:  0.0, Sum:  0.0, Workers: 4
[32.083s][debug][gc,phases      ] GC(76)     Dead                           Min: 0, Avg:  0.0, Max: 0, Diff: 0, Sum: 0, Workers: 4
[32.083s][debug][gc,phases      ] GC(76)     Total                          Min: 0, Avg:  0.8, Max: 3, Diff: 3, Sum: 3, Workers: 4
[32.083s][debug][gc,phases      ] GC(76)   StringDedup Table Weak         Min:  0.0, Avg:  0.0, Max:  0.0, Diff:  0.0, Sum:  0.0, Workers: 4
[32.083s][debug][gc,phases      ] GC(76)     Dead                           Min: 0, Avg:  0.0, Max: 0, Diff: 0, Sum: 0, Workers: 4
[32.083s][debug][gc,phases      ] GC(76)     Total                          Min: 0, Avg:  0.0, Max: 0, Diff: 0, Sum: 0, Workers: 4
[32.083s][debug][gc,phases      ] GC(76)   StringDedup Requests0 Weak     Min:  0.0, Avg:  0.0, Max:  0.0, Diff:  0.0, Sum:  0.0, Workers: 4
[32.083s][debug][gc,phases      ] GC(76)     Dead                           Min: 0, Avg:  0.0, Max: 0, Diff: 0, Sum: 0, Workers: 4
[32.083s][debug][gc,phases      ] GC(76)     Total                          Min: 0, Avg:  0.0, Max: 0, Diff: 0, Sum: 0, Workers: 4
[32.083s][debug][gc,phases      ] GC(76)   StringDedup Requests1 Weak     Min:  0.0, Avg:  0.0, Max:  0.0, Diff:  0.0, Sum:  0.0, Workers: 4
[32.083s][debug][gc,phases      ] GC(76)     Dead                           Min: 0, Avg:  0.0, Max: 0, Diff: 0, Sum: 0, Workers: 4
[32.083s][debug][gc,phases      ] GC(76)     Total                          Min: 0, Avg:  0.0, Max: 0, Diff: 0, Sum: 0, Workers: 4
[32.083s][debug][gc,phases      ] GC(76)   Weak JFR Old Object Samples    Min:  0.0, Avg:  0.0, Max:  0.0, Diff:  0.0, Sum:  0.0, Workers: 4
[32.083s][debug][gc,phases      ] GC(76)     Dead                           Min: 0, Avg:  0.0, Max: 0, Diff: 0, Sum: 0, Workers: 4
[32.083s][debug][gc,phases      ] GC(76)     Total                          Min: 0, Avg:  0.0, Max: 0, Diff: 0, Sum: 0, Workers: 4
[32.083s][debug][gc,phases      ] GC(76) Weak Processing 0.353ms
[32.083s][debug][gc,age         ] GC(76) Desired survivor size 93323264 bytes, new threshold 15 (max threshold 15)
[32.083s][info ][gc,heap        ] GC(76) PSYoungGen: 1965056K(2000384K)->54272K(2006016K) Eden: 1906176K(1906176K)->0K(1913344K) From: 58880K(94208K)->54272K(92672K)
[32.083s][info ][gc,heap        ] GC(76) ParOldGen: 589091K(619520K)->596803K(619520K)
[32.083s][info ][gc,metaspace   ] GC(76) Metaspace: 72038K(72768K)->72038K(72768K) NonClass: 61668K(62080K)->61668K(62080K) Class: 10369K(10688K)->10369K(10688K)
[32.083s][info ][gc             ] GC(76) Pause Young (GCLocker Initiated GC) 2494M->635M(2564M) 25.562ms
[32.083s][info ][gc,cpu         ] GC(76) User=0.09s Sys=0.00s Real=0.02s
[32.083s][info ][safepoint      ] Safepoint "ParallelGCSystemGC", Time since last: 64001 ns, Reaching safepoint: 88401 ns, At safepoint: 25649462 ns, Total: 25737863 ns
[32.444s][info ][safepoint      ] Safepoint "ICBufferFull", Time since last: 361155399 ns, Reaching safepoint: 235204 ns, At safepoint: 29801 ns, Total: 265005 ns
[32.474s][info ][gc,start       ] GC(77) Pause Young (Allocation Failure)
[32.493s][debug][gc,phases      ] GC(77) Scavenge 18.636ms
[32.493s][debug][gc,ref         ] GC(77) Skipped phase 1 of Reference Processing: no references
[32.493s][debug][gc,ref         ] GC(77) ReferenceProcessor::execute queues: 1, RefProcThreadModel::Single, marks_oops_alive: false
[32.493s][debug][gc,ref         ] GC(77) Skipped phase 3 of Reference Processing: no references
[32.493s][debug][gc,ref         ] GC(77) ReferenceProcessor::execute queues: 1, RefProcThreadModel::Single, marks_oops_alive: false
[32.493s][debug][gc,phases      ] GC(77) Reference Processing 0.118ms
[32.493s][debug][gc,phases      ] GC(77)   VM Weak                        Min:  0.0, Avg:  0.0, Max:  0.0, Diff:  0.0, Sum:  0.0, Workers: 4
[32.493s][debug][gc,phases      ] GC(77)     Dead                           Min: 0, Avg:  0.0, Max: 0, Diff: 0, Sum: 0, Workers: 4
[32.493s][debug][gc,phases      ] GC(77)     Total                          Min: 0, Avg: 153.0, Max: 576, Diff: 576, Sum: 612, Workers: 4
[32.493s][debug][gc,phases      ] GC(77)   ObjectSynchronizer Weak        Min:  0.0, Avg:  0.0, Max:  0.0, Diff:  0.0, Sum:  0.0, Workers: 4
[32.493s][debug][gc,phases      ] GC(77)     Dead                           Min: 0, Avg:  0.0, Max: 0, Diff: 0, Sum: 0, Workers: 4
[32.493s][debug][gc,phases      ] GC(77)     Total                          Min: 0, Avg: 109.5, Max: 192, Diff: 192, Sum: 438, Workers: 4
[32.493s][debug][gc,phases      ] GC(77)   JVMTI Tag Weak OopStorage      Min:  0.0, Avg:  0.0, Max:  0.0, Diff:  0.0, Sum:  0.0, Workers: 4
[32.493s][debug][gc,phases      ] GC(77)     Dead                           Min: 0, Avg:  0.0, Max: 0, Diff: 0, Sum: 0, Workers: 4
[32.493s][debug][gc,phases      ] GC(77)     Total                          Min: 0, Avg:  0.0, Max: 0, Diff: 0, Sum: 0, Workers: 4
[32.493s][debug][gc,phases      ] GC(77)   StringTable Weak               Min:  0.1, Avg:  0.1, Max:  0.1, Diff:  0.0, Sum:  0.4, Workers: 4
[32.493s][debug][gc,phases      ] GC(77)     Dead                           Min: 0, Avg:  0.0, Max: 0, Diff: 0, Sum: 0, Workers: 4
[32.493s][debug][gc,phases      ] GC(77)     Total                          Min: 10432, Avg: 10967.8, Max: 11615, Diff: 1183, Sum: 43871, Workers: 4
[32.493s][debug][gc,phases      ] GC(77)   ResolvedMethodTable Weak       Min:  0.0, Avg:  0.0, Max:  0.0, Diff:  0.0, Sum:  0.1, Workers: 4
[32.493s][debug][gc,phases      ] GC(77)     Dead                           Min: 0, Avg:  0.0, Max: 0, Diff: 0, Sum: 0, Workers: 4
[32.493s][debug][gc,phases      ] GC(77)     Total                          Min: 1792, Avg: 1903.5, Max: 2046, Diff: 254, Sum: 7614, Workers: 4
[32.493s][debug][gc,phases      ] GC(77)   JNI Weak                       Min:  0.0, Avg:  0.0, Max:  0.0, Diff:  0.0, Sum:  0.0, Workers: 4
[32.493s][debug][gc,phases      ] GC(77)     Dead                           Min: 0, Avg:  0.0, Max: 0, Diff: 0, Sum: 0, Workers: 4
[32.493s][debug][gc,phases      ] GC(77)     Total                          Min: 0, Avg:  0.0, Max: 0, Diff: 0, Sum: 0, Workers: 4
[32.493s][debug][gc,phases      ] GC(77)   StringDedup Table Weak         Min:  0.0, Avg:  0.0, Max:  0.0, Diff:  0.0, Sum:  0.0, Workers: 4
[32.493s][debug][gc,phases      ] GC(77)     Dead                           Min: 0, Avg:  0.0, Max: 0, Diff: 0, Sum: 0, Workers: 4
[32.493s][debug][gc,phases      ] GC(77)     Total                          Min: 0, Avg:  0.0, Max: 0, Diff: 0, Sum: 0, Workers: 4
[32.493s][debug][gc,phases      ] GC(77)   StringDedup Requests0 Weak     Min:  0.0, Avg:  0.0, Max:  0.0, Diff:  0.0, Sum:  0.0, Workers: 4
[32.493s][debug][gc,phases      ] GC(77)     Dead                           Min: 0, Avg:  0.0, Max: 0, Diff: 0, Sum: 0, Workers: 4
[32.493s][debug][gc,phases      ] GC(77)     Total                          Min: 0, Avg:  0.0, Max: 0, Diff: 0, Sum: 0, Workers: 4
[32.493s][debug][gc,phases      ] GC(77)   StringDedup Requests1 Weak     Min:  0.0, Avg:  0.0, Max:  0.0, Diff:  0.0, Sum:  0.0, Workers: 4
[32.493s][debug][gc,phases      ] GC(77)     Dead                           Min: 0, Avg:  0.0, Max: 0, Diff: 0, Sum: 0, Workers: 4
[32.493s][debug][gc,phases      ] GC(77)     Total                          Min: 0, Avg:  0.0, Max: 0, Diff: 0, Sum: 0, Workers: 4
[32.493s][debug][gc,phases      ] GC(77)   Weak JFR Old Object Samples    Min:  0.0, Avg:  0.0, Max:  0.0, Diff:  0.0, Sum:  0.0, Workers: 4
[32.493s][debug][gc,phases      ] GC(77)     Dead                           Min: 0, Avg:  0.0, Max: 0, Diff: 0, Sum: 0, Workers: 4
[32.493s][debug][gc,phases      ] GC(77)     Total                          Min: 0, Avg:  0.0, Max: 0, Diff: 0, Sum: 0, Workers: 4
[32.493s][debug][gc,phases      ] GC(77) Weak Processing 0.292ms
[32.493s][debug][gc,age         ] GC(77) Desired survivor size 93847552 bytes, new threshold 15 (max threshold 15)
[32.493s][info ][gc,heap        ] GC(77) PSYoungGen: 1967616K(2006016K)->46000K(2004480K) Eden: 1913344K(1913344K)->0K(1913344K) From: 54272K(92672K)->46000K(91136K)
[32.493s][info ][gc,heap        ] GC(77) ParOldGen: 596804K(619520K)->602152K(619520K)
[32.493s][info ][gc,metaspace   ] GC(77) Metaspace: 72101K(72832K)->72101K(72832K) NonClass: 61727K(62144K)->61727K(62144K) Class: 10373K(10688K)->10373K(10688K)
[32.493s][info ][gc             ] GC(77) Pause Young (Allocation Failure) 2504M->632M(2562M) 19.171ms
[32.493s][info ][gc,cpu         ] GC(77) User=0.08s Sys=0.00s Real=0.02s
[32.493s][info ][safepoint      ] Safepoint "ParallelGCFailedAllocation", Time since last: 29345828 ns, Reaching safepoint: 149703 ns, At safepoint: 19269346 ns, Total: 19419049 ns
[32.861s][info ][gc,start       ] GC(78) Pause Young (Allocation Failure)
[32.877s][debug][gc,phases      ] GC(78) Scavenge 16.724ms
[32.877s][debug][gc,ref         ] GC(78) Skipped phase 1 of Reference Processing: no references
[32.877s][debug][gc,ref         ] GC(78) ReferenceProcessor::execute queues: 1, RefProcThreadModel::Single, marks_oops_alive: false
[32.878s][debug][gc,ref         ] GC(78) Skipped phase 3 of Reference Processing: no references
[32.878s][debug][gc,ref         ] GC(78) ReferenceProcessor::execute queues: 1, RefProcThreadModel::Single, marks_oops_alive: false
[32.878s][debug][gc,phases      ] GC(78) Reference Processing 0.278ms
[32.878s][debug][gc,phases      ] GC(78)   VM Weak                        Min:  0.0, Avg:  0.0, Max:  0.0, Diff:  0.0, Sum:  0.0, Workers: 4
[32.878s][debug][gc,phases      ] GC(78)     Dead                           Min: 0, Avg:  0.0, Max: 0, Diff: 0, Sum: 0, Workers: 4
[32.878s][debug][gc,phases      ] GC(78)     Total                          Min: 0, Avg: 153.0, Max: 612, Diff: 612, Sum: 612, Workers: 4
[32.878s][debug][gc,phases      ] GC(78)   ObjectSynchronizer Weak        Min:  0.0, Avg:  0.0, Max:  0.0, Diff:  0.0, Sum:  0.0, Workers: 4
[32.878s][debug][gc,phases      ] GC(78)     Dead                           Min: 0, Avg:  0.0, Max: 0, Diff: 0, Sum: 0, Workers: 4
[32.878s][debug][gc,phases      ] GC(78)     Total                          Min: 0, Avg: 109.5, Max: 320, Diff: 320, Sum: 438, Workers: 4
[32.878s][debug][gc,phases      ] GC(78)   JVMTI Tag Weak OopStorage      Min:  0.0, Avg:  0.0, Max:  0.0, Diff:  0.0, Sum:  0.0, Workers: 4
[32.878s][debug][gc,phases      ] GC(78)     Dead                           Min: 0, Avg:  0.0, Max: 0, Diff: 0, Sum: 0, Workers: 4
[32.878s][debug][gc,phases      ] GC(78)     Total                          Min: 0, Avg:  0.0, Max: 0, Diff: 0, Sum: 0, Workers: 4
[32.878s][debug][gc,phases      ] GC(78)   StringTable Weak               Min:  0.1, Avg:  0.1, Max:  0.1, Diff:  0.0, Sum:  0.4, Workers: 4
[32.878s][debug][gc,phases      ] GC(78)     Dead                           Min: 0, Avg:  0.0, Max: 0, Diff: 0, Sum: 0, Workers: 4
[32.878s][debug][gc,phases      ] GC(78)     Total                          Min: 9856, Avg: 10981.2, Max: 11584, Diff: 1728, Sum: 43925, Workers: 4
[32.878s][debug][gc,phases      ] GC(78)   ResolvedMethodTable Weak       Min:  0.0, Avg:  0.0, Max:  0.0, Diff:  0.0, Sum:  0.1, Workers: 4
[32.878s][debug][gc,phases      ] GC(78)     Dead                           Min: 0, Avg:  0.0, Max: 0, Diff: 0, Sum: 0, Workers: 4
[32.878s][debug][gc,phases      ] GC(78)     Total                          Min: 1856, Avg: 1903.5, Max: 2046, Diff: 190, Sum: 7614, Workers: 4
[32.878s][debug][gc,phases      ] GC(78)   JNI Weak                       Min:  0.0, Avg:  0.0, Max:  0.0, Diff:  0.0, Sum:  0.0, Workers: 4
[32.878s][debug][gc,phases      ] GC(78)     Dead                           Min: 0, Avg:  0.0, Max: 0, Diff: 0, Sum: 0, Workers: 4
[32.878s][debug][gc,phases      ] GC(78)     Total                          Min: 0, Avg:  0.0, Max: 0, Diff: 0, Sum: 0, Workers: 4
[32.878s][debug][gc,phases      ] GC(78)   StringDedup Table Weak         Min:  0.0, Avg:  0.0, Max:  0.0, Diff:  0.0, Sum:  0.0, Workers: 4
[32.878s][debug][gc,phases      ] GC(78)     Dead                           Min: 0, Avg:  0.0, Max: 0, Diff: 0, Sum: 0, Workers: 4
[32.878s][debug][gc,phases      ] GC(78)     Total                          Min: 0, Avg:  0.0, Max: 0, Diff: 0, Sum: 0, Workers: 4
[32.878s][debug][gc,phases      ] GC(78)   StringDedup Requests0 Weak     Min:  0.0, Avg:  0.0, Max:  0.0, Diff:  0.0, Sum:  0.0, Workers: 4
[32.878s][debug][gc,phases      ] GC(78)     Dead                           Min: 0, Avg:  0.0, Max: 0, Diff: 0, Sum: 0, Workers: 4
[32.878s][debug][gc,phases      ] GC(78)     Total                          Min: 0, Avg:  0.0, Max: 0, Diff: 0, Sum: 0, Workers: 4
[32.878s][debug][gc,phases      ] GC(78)   StringDedup Requests1 Weak     Min:  0.0, Avg:  0.0, Max:  0.0, Diff:  0.0, Sum:  0.0, Workers: 4
[32.878s][debug][gc,phases      ] GC(78)     Dead                           Min: 0, Avg:  0.0, Max: 0, Diff: 0, Sum: 0, Workers: 4
[32.878s][debug][gc,phases      ] GC(78)     Total                          Min: 0, Avg:  0.0, Max: 0, Diff: 0, Sum: 0, Workers: 4
[32.878s][debug][gc,phases      ] GC(78)   Weak JFR Old Object Samples    Min:  0.0, Avg:  0.0, Max:  0.0, Diff:  0.0, Sum:  0.0, Workers: 4
[32.878s][debug][gc,phases      ] GC(78)     Dead                           Min: 0, Avg:  0.0, Max: 0, Diff: 0, Sum: 0, Workers: 4
[32.878s][debug][gc,phases      ] GC(78)     Total                          Min: 0, Avg:  0.0, Max: 0, Diff: 0, Sum: 0, Workers: 4
[32.878s][debug][gc,phases      ] GC(78) Weak Processing 0.294ms
[32.878s][debug][gc,age         ] GC(78) Desired survivor size 93847552 bytes, new threshold 15 (max threshold 15)
[32.878s][info ][gc,heap        ] GC(78) PSYoungGen: 1959344K(2004480K)->43488K(2005504K) Eden: 1913344K(1913344K)->0K(1913856K) From: 46000K(91136K)->43488K(91648K)
[32.878s][info ][gc,heap        ] GC(78) ParOldGen: 602152K(619520K)->605048K(619520K)
[32.878s][info ][gc,metaspace   ] GC(78) Metaspace: 72127K(72832K)->72127K(72832K) NonClass: 61754K(62144K)->61754K(62144K) Class: 10373K(10688K)->10373K(10688K)
[32.878s][info ][gc             ] GC(78) Pause Young (Allocation Failure) 2501M->633M(2563M) 17.443ms
[32.878s][info ][gc,cpu         ] GC(78) User=0.06s Sys=0.00s Real=0.02s
[32.878s][info ][safepoint      ] Safepoint "ParallelGCFailedAllocation", Time since last: 367094107 ns, Reaching safepoint: 178603 ns, At safepoint: 17547116 ns, Total: 17725719 ns
[33.234s][info ][safepoint      ] Safepoint "ICBufferFull", Time since last: 355834703 ns, Reaching safepoint: 303105 ns, At safepoint: 22101 ns, Total: 325206 ns
[33.316s][info ][gc,start       ] GC(79) Pause Young (Allocation Failure)
[33.341s][debug][gc,phases      ] GC(79) Scavenge 24.765ms
[33.341s][debug][gc,ref         ] GC(79) Skipped phase 1 of Reference Processing: no references
[33.341s][debug][gc,ref         ] GC(79) ReferenceProcessor::execute queues: 1, RefProcThreadModel::Single, marks_oops_alive: false
[33.341s][debug][gc,ref         ] GC(79) Skipped phase 3 of Reference Processing: no references
[33.341s][debug][gc,ref         ] GC(79) ReferenceProcessor::execute queues: 1, RefProcThreadModel::Single, marks_oops_alive: false
[33.341s][debug][gc,phases      ] GC(79) Reference Processing 0.126ms
[33.341s][debug][gc,phases      ] GC(79)   VM Weak                        Min:  0.0, Avg:  0.0, Max:  0.0, Diff:  0.0, Sum:  0.0, Workers: 4
[33.341s][debug][gc,phases      ] GC(79)     Dead                           Min: 0, Avg:  0.0, Max: 0, Diff: 0, Sum: 0, Workers: 4
[33.341s][debug][gc,phases      ] GC(79)     Total                          Min: 0, Avg: 153.0, Max: 612, Diff: 612, Sum: 612, Workers: 4
[33.341s][debug][gc,phases      ] GC(79)   ObjectSynchronizer Weak        Min:  0.0, Avg:  0.0, Max:  0.0, Diff:  0.0, Sum:  0.0, Workers: 4
[33.341s][debug][gc,phases      ] GC(79)     Dead                           Min: 0, Avg:  0.0, Max: 0, Diff: 0, Sum: 0, Workers: 4
[33.341s][debug][gc,phases      ] GC(79)     Total                          Min: 0, Avg: 109.5, Max: 256, Diff: 256, Sum: 438, Workers: 4
[33.341s][debug][gc,phases      ] GC(79)   JVMTI Tag Weak OopStorage      Min:  0.0, Avg:  0.0, Max:  0.0, Diff:  0.0, Sum:  0.0, Workers: 4
[33.341s][debug][gc,phases      ] GC(79)     Dead                           Min: 0, Avg:  0.0, Max: 0, Diff: 0, Sum: 0, Workers: 4
[33.341s][debug][gc,phases      ] GC(79)     Total                          Min: 0, Avg:  0.0, Max: 0, Diff: 0, Sum: 0, Workers: 4
[33.341s][debug][gc,phases      ] GC(79)   StringTable Weak               Min:  0.1, Avg:  0.1, Max:  0.1, Diff:  0.0, Sum:  0.4, Workers: 4
[33.341s][debug][gc,phases      ] GC(79)     Dead                           Min: 0, Avg:  0.0, Max: 0, Diff: 0, Sum: 0, Workers: 4
[33.341s][debug][gc,phases      ] GC(79)     Total                          Min: 9664, Avg: 10981.8, Max: 12055, Diff: 2391, Sum: 43927, Workers: 4
[33.341s][debug][gc,phases      ] GC(79)   ResolvedMethodTable Weak       Min:  0.0, Avg:  0.0, Max:  0.0, Diff:  0.0, Sum:  0.1, Workers: 4
[33.341s][debug][gc,phases      ] GC(79)     Dead                           Min: 0, Avg:  0.0, Max: 0, Diff: 0, Sum: 0, Workers: 4
[33.341s][debug][gc,phases      ] GC(79)     Total                          Min: 1728, Avg: 1903.5, Max: 2046, Diff: 318, Sum: 7614, Workers: 4
[33.341s][debug][gc,phases      ] GC(79)   JNI Weak                       Min:  0.0, Avg:  0.0, Max:  0.0, Diff:  0.0, Sum:  0.0, Workers: 4
[33.341s][debug][gc,phases      ] GC(79)     Dead                           Min: 0, Avg:  0.0, Max: 0, Diff: 0, Sum: 0, Workers: 4
[33.341s][debug][gc,phases      ] GC(79)     Total                          Min: 0, Avg:  0.0, Max: 0, Diff: 0, Sum: 0, Workers: 4
[33.341s][debug][gc,phases      ] GC(79)   StringDedup Table Weak         Min:  0.0, Avg:  0.0, Max:  0.0, Diff:  0.0, Sum:  0.0, Workers: 4
[33.341s][debug][gc,phases      ] GC(79)     Dead                           Min: 0, Avg:  0.0, Max: 0, Diff: 0, Sum: 0, Workers: 4
[33.341s][debug][gc,phases      ] GC(79)     Total                          Min: 0, Avg:  0.0, Max: 0, Diff: 0, Sum: 0, Workers: 4
[33.341s][debug][gc,phases      ] GC(79)   StringDedup Requests0 Weak     Min:  0.0, Avg:  0.0, Max:  0.0, Diff:  0.0, Sum:  0.0, Workers: 4
[33.341s][debug][gc,phases      ] GC(79)     Dead                           Min: 0, Avg:  0.0, Max: 0, Diff: 0, Sum: 0, Workers: 4
[33.341s][debug][gc,phases      ] GC(79)     Total                          Min: 0, Avg:  0.0, Max: 0, Diff: 0, Sum: 0, Workers: 4
[33.341s][debug][gc,phases      ] GC(79)   StringDedup Requests1 Weak     Min:  0.0, Avg:  0.0, Max:  0.0, Diff:  0.0, Sum:  0.0, Workers: 4
[33.341s][debug][gc,phases      ] GC(79)     Dead                           Min: 0, Avg:  0.0, Max: 0, Diff: 0, Sum: 0, Workers: 4
[33.341s][debug][gc,phases      ] GC(79)     Total                          Min: 0, Avg:  0.0, Max: 0, Diff: 0, Sum: 0, Workers: 4
[33.341s][debug][gc,phases      ] GC(79)   Weak JFR Old Object Samples    Min:  0.0, Avg:  0.0, Max:  0.0, Diff:  0.0, Sum:  0.0, Workers: 4
[33.341s][debug][gc,phases      ] GC(79)     Dead                           Min: 0, Avg:  0.0, Max: 0, Diff: 0, Sum: 0, Workers: 4
[33.341s][debug][gc,phases      ] GC(79)     Total                          Min: 0, Avg:  0.0, Max: 0, Diff: 0, Sum: 0, Workers: 4
[33.341s][debug][gc,phases      ] GC(79) Weak Processing 0.300ms
[33.341s][debug][gc,age         ] GC(79) Desired survivor size 92274688 bytes, new threshold 15 (max threshold 15)
[33.341s][info ][gc,heap        ] GC(79) PSYoungGen: 1957344K(2005504K)->48400K(2005504K) Eden: 1913856K(1913856K)->0K(1913856K) From: 43488K(91648K)->48400K(91648K)
[33.341s][info ][gc,heap        ] GC(79) ParOldGen: 605048K(619520K)->608776K(619520K)
[33.341s][info ][gc,metaspace   ] GC(79) Metaspace: 72161K(72960K)->72161K(72960K) NonClass: 61787K(62272K)->61787K(62272K) Class: 10373K(10688K)->10373K(10688K)
[33.341s][info ][gc             ] GC(79) Pause Young (Allocation Failure) 2502M->641M(2563M) 25.320ms
[33.341s][info ][gc,cpu         ] GC(79) User=0.07s Sys=0.02s Real=0.02s
[33.341s][info ][safepoint      ] Safepoint "ParallelGCFailedAllocation", Time since last: 81565668 ns, Reaching safepoint: 169203 ns, At safepoint: 25421457 ns, Total: 25590660 ns
[33.747s][info ][gc,start       ] GC(80) Pause Young (Allocation Failure)
[33.770s][debug][gc,phases      ] GC(80) Scavenge 22.728ms
[33.770s][debug][gc,ref         ] GC(80) Skipped phase 1 of Reference Processing: no references
[33.770s][debug][gc,ref         ] GC(80) ReferenceProcessor::execute queues: 1, RefProcThreadModel::Single, marks_oops_alive: false
[33.770s][debug][gc,ref         ] GC(80) Skipped phase 3 of Reference Processing: no references
[33.770s][debug][gc,ref         ] GC(80) ReferenceProcessor::execute queues: 1, RefProcThreadModel::Single, marks_oops_alive: false
[33.770s][debug][gc,phases      ] GC(80) Reference Processing 0.128ms
[33.770s][debug][gc,phases      ] GC(80)   VM Weak                        Min:  0.0, Avg:  0.0, Max:  0.0, Diff:  0.0, Sum:  0.0, Workers: 4
[33.770s][debug][gc,phases      ] GC(80)     Dead                           Min: 0, Avg:  0.0, Max: 0, Diff: 0, Sum: 0, Workers: 4
[33.770s][debug][gc,phases      ] GC(80)     Total                          Min: 0, Avg: 153.0, Max: 420, Diff: 420, Sum: 612, Workers: 4
[33.770s][debug][gc,phases      ] GC(80)   ObjectSynchronizer Weak        Min:  0.0, Avg:  0.0, Max:  0.0, Diff:  0.0, Sum:  0.0, Workers: 4
[33.770s][debug][gc,phases      ] GC(80)     Dead                           Min: 0, Avg:  0.0, Max: 0, Diff: 0, Sum: 0, Workers: 4
[33.770s][debug][gc,phases      ] GC(80)     Total                          Min: 54, Avg: 109.5, Max: 192, Diff: 138, Sum: 438, Workers: 4
[33.770s][debug][gc,phases      ] GC(80)   JVMTI Tag Weak OopStorage      Min:  0.0, Avg:  0.0, Max:  0.0, Diff:  0.0, Sum:  0.0, Workers: 4
[33.770s][debug][gc,phases      ] GC(80)     Dead                           Min: 0, Avg:  0.0, Max: 0, Diff: 0, Sum: 0, Workers: 4
[33.770s][debug][gc,phases      ] GC(80)     Total                          Min: 0, Avg:  0.0, Max: 0, Diff: 0, Sum: 0, Workers: 4
[33.770s][debug][gc,phases      ] GC(80)   StringTable Weak               Min:  0.1, Avg:  0.1, Max:  0.1, Diff:  0.0, Sum:  0.4, Workers: 4
[33.770s][debug][gc,phases      ] GC(80)     Dead                           Min: 0, Avg:  0.0, Max: 0, Diff: 0, Sum: 0, Workers: 4
[33.770s][debug][gc,phases      ] GC(80)     Total                          Min: 9664, Avg: 10982.5, Max: 11776, Diff: 2112, Sum: 43930, Workers: 4
[33.770s][debug][gc,phases      ] GC(80)   ResolvedMethodTable Weak       Min:  0.0, Avg:  0.0, Max:  0.0, Diff:  0.0, Sum:  0.1, Workers: 4
[33.770s][debug][gc,phases      ] GC(80)     Dead                           Min: 0, Avg:  0.0, Max: 0, Diff: 0, Sum: 0, Workers: 4
[33.770s][debug][gc,phases      ] GC(80)     Total                          Min: 1792, Avg: 1903.8, Max: 2112, Diff: 320, Sum: 7615, Workers: 4
[33.770s][debug][gc,phases      ] GC(80)   JNI Weak                       Min:  0.0, Avg:  0.0, Max:  0.0, Diff:  0.0, Sum:  0.0, Workers: 4
[33.770s][debug][gc,phases      ] GC(80)     Dead                           Min: 0, Avg:  0.0, Max: 0, Diff: 0, Sum: 0, Workers: 4
[33.770s][debug][gc,phases      ] GC(80)     Total                          Min: 0, Avg:  0.5, Max: 2, Diff: 2, Sum: 2, Workers: 4
[33.770s][debug][gc,phases      ] GC(80)   StringDedup Table Weak         Min:  0.0, Avg:  0.0, Max:  0.0, Diff:  0.0, Sum:  0.0, Workers: 4
[33.770s][debug][gc,phases      ] GC(80)     Dead                           Min: 0, Avg:  0.0, Max: 0, Diff: 0, Sum: 0, Workers: 4
[33.770s][debug][gc,phases      ] GC(80)     Total                          Min: 0, Avg:  0.0, Max: 0, Diff: 0, Sum: 0, Workers: 4
[33.770s][debug][gc,phases      ] GC(80)   StringDedup Requests0 Weak     Min:  0.0, Avg:  0.0, Max:  0.0, Diff:  0.0, Sum:  0.0, Workers: 4
[33.770s][debug][gc,phases      ] GC(80)     Dead                           Min: 0, Avg:  0.0, Max: 0, Diff: 0, Sum: 0, Workers: 4
[33.770s][debug][gc,phases      ] GC(80)     Total                          Min: 0, Avg:  0.0, Max: 0, Diff: 0, Sum: 0, Workers: 4
[33.770s][debug][gc,phases      ] GC(80)   StringDedup Requests1 Weak     Min:  0.0, Avg:  0.0, Max:  0.0, Diff:  0.0, Sum:  0.0, Workers: 4
[33.770s][debug][gc,phases      ] GC(80)     Dead                           Min: 0, Avg:  0.0, Max: 0, Diff: 0, Sum: 0, Workers: 4
[33.770s][debug][gc,phases      ] GC(80)     Total                          Min: 0, Avg:  0.0, Max: 0, Diff: 0, Sum: 0, Workers: 4
[33.770s][debug][gc,phases      ] GC(80)   Weak JFR Old Object Samples    Min:  0.0, Avg:  0.0, Max:  0.0, Diff:  0.0, Sum:  0.0, Workers: 4
[33.770s][debug][gc,phases      ] GC(80)     Dead                           Min: 0, Avg:  0.0, Max: 0, Diff: 0, Sum: 0, Workers: 4
[33.770s][debug][gc,phases      ] GC(80)     Total                          Min: 0, Avg:  0.0, Max: 0, Diff: 0, Sum: 0, Workers: 4
[33.770s][debug][gc,phases      ] GC(80) Weak Processing 0.302ms
[33.770s][debug][gc,age         ] GC(80) Desired survivor size 91226112 bytes, new threshold 15 (max threshold 15)
[33.770s][info ][gc,heap        ] GC(80) PSYoungGen: 1962256K(2005504K)->48208K(2008064K) Eden: 1913856K(1913856K)->0K(1917952K) From: 48400K(91648K)->48208K(90112K)
[33.770s][info ][gc,heap        ] GC(80) ParOldGen: 608776K(619520K)->611644K(619520K)
[33.770s][info ][gc,metaspace   ] GC(80) Metaspace: 72193K(72960K)->72193K(72960K) NonClass: 61818K(62272K)->61818K(62272K) Class: 10374K(10688K)->10374K(10688K)
[33.770s][info ][gc             ] GC(80) Pause Young (Allocation Failure) 2510M->644M(2566M) 23.292ms
[33.770s][info ][gc,cpu         ] GC(80) User=0.09s Sys=0.00s Real=0.03s
[33.770s][debug][gc,phases      ] GC(81) Pre Compact 0.010ms
[33.770s][info ][gc,start       ] GC(81) Pause Full (Ergonomics)
[33.770s][info ][gc,phases,start] GC(81) Marking Phase
[33.880s][debug][gc,phases      ] GC(81) Par Mark 109.918ms
[33.880s][debug][gc,ref         ] GC(81) Skipped phase 1 of Reference Processing: no references
[33.880s][debug][gc,ref         ] GC(81) ReferenceProcessor::execute queues: 4, RefProcThreadModel::Multi, marks_oops_alive: false
[33.881s][debug][gc,ref         ] GC(81) Skipped phase 3 of Reference Processing: no references
[33.881s][debug][gc,ref         ] GC(81) ReferenceProcessor::execute queues: 1, RefProcThreadModel::Single, marks_oops_alive: false
[33.881s][debug][gc,phases      ] GC(81) Reference Processing 0.435ms
[33.881s][debug][gc,phases      ] GC(81)   VM Weak                        Min:  0.0, Avg:  0.0, Max:  0.0, Diff:  0.0, Sum:  0.0, Workers: 4
[33.881s][debug][gc,phases      ] GC(81)     Dead                           Min: 0, Avg:  0.0, Max: 0, Diff: 0, Sum: 0, Workers: 4
[33.881s][debug][gc,phases      ] GC(81)     Total                          Min: 0, Avg: 153.0, Max: 420, Diff: 420, Sum: 612, Workers: 4
[33.881s][debug][gc,phases      ] GC(81)   ObjectSynchronizer Weak        Min:  0.0, Avg:  0.0, Max:  0.0, Diff:  0.0, Sum:  0.0, Workers: 4
[33.881s][debug][gc,phases      ] GC(81)     Dead                           Min: 0, Avg:  0.0, Max: 0, Diff: 0, Sum: 0, Workers: 4
[33.881s][debug][gc,phases      ] GC(81)     Total                          Min: 0, Avg: 109.5, Max: 256, Diff: 256, Sum: 438, Workers: 4
[33.881s][debug][gc,phases      ] GC(81)   JVMTI Tag Weak OopStorage      Min:  0.0, Avg:  0.0, Max:  0.0, Diff:  0.0, Sum:  0.0, Workers: 4
[33.881s][debug][gc,phases      ] GC(81)     Dead                           Min: 0, Avg:  0.0, Max: 0, Diff: 0, Sum: 0, Workers: 4
[33.881s][debug][gc,phases      ] GC(81)     Total                          Min: 0, Avg:  0.0, Max: 0, Diff: 0, Sum: 0, Workers: 4
[33.881s][debug][gc,phases      ] GC(81)   StringTable Weak               Min:  0.1, Avg:  0.1, Max:  0.1, Diff:  0.0, Sum:  0.5, Workers: 4
[33.881s][debug][gc,phases      ] GC(81)     Dead                           Min: 0, Avg:  0.0, Max: 0, Diff: 0, Sum: 0, Workers: 4
[33.881s][debug][gc,phases      ] GC(81)     Total                          Min: 10624, Avg: 10982.5, Max: 11610, Diff: 986, Sum: 43930, Workers: 4
[33.881s][debug][gc,phases      ] GC(81)   ResolvedMethodTable Weak       Min:  0.0, Avg:  0.0, Max:  0.0, Diff:  0.0, Sum:  0.1, Workers: 4
[33.881s][debug][gc,phases      ] GC(81)     Dead                           Min: 0, Avg:  0.0, Max: 0, Diff: 0, Sum: 0, Workers: 4
[33.881s][debug][gc,phases      ] GC(81)     Total                          Min: 1791, Avg: 1903.8, Max: 2048, Diff: 257, Sum: 7615, Workers: 4
[33.881s][debug][gc,phases      ] GC(81)   JNI Weak                       Min:  0.0, Avg:  0.0, Max:  0.0, Diff:  0.0, Sum:  0.0, Workers: 4
[33.881s][debug][gc,phases      ] GC(81)     Dead                           Min: 0, Avg:  0.0, Max: 0, Diff: 0, Sum: 0, Workers: 4
[33.881s][debug][gc,phases      ] GC(81)     Total                          Min: 0, Avg:  0.5, Max: 2, Diff: 2, Sum: 2, Workers: 4
[33.881s][debug][gc,phases      ] GC(81)   StringDedup Table Weak         Min:  0.0, Avg:  0.0, Max:  0.0, Diff:  0.0, Sum:  0.0, Workers: 4
[33.881s][debug][gc,phases      ] GC(81)     Dead                           Min: 0, Avg:  0.0, Max: 0, Diff: 0, Sum: 0, Workers: 4
[33.881s][debug][gc,phases      ] GC(81)     Total                          Min: 0, Avg:  0.0, Max: 0, Diff: 0, Sum: 0, Workers: 4
[33.881s][debug][gc,phases      ] GC(81)   StringDedup Requests0 Weak     Min:  0.0, Avg:  0.0, Max:  0.0, Diff:  0.0, Sum:  0.0, Workers: 4
[33.881s][debug][gc,phases      ] GC(81)     Dead                           Min: 0, Avg:  0.0, Max: 0, Diff: 0, Sum: 0, Workers: 4
[33.881s][debug][gc,phases      ] GC(81)     Total                          Min: 0, Avg:  0.0, Max: 0, Diff: 0, Sum: 0, Workers: 4
[33.881s][debug][gc,phases      ] GC(81)   StringDedup Requests1 Weak     Min:  0.0, Avg:  0.0, Max:  0.0, Diff:  0.0, Sum:  0.0, Workers: 4
[33.881s][debug][gc,phases      ] GC(81)     Dead                           Min: 0, Avg:  0.0, Max: 0, Diff: 0, Sum: 0, Workers: 4
[33.881s][debug][gc,phases      ] GC(81)     Total                          Min: 0, Avg:  0.0, Max: 0, Diff: 0, Sum: 0, Workers: 4
[33.881s][debug][gc,phases      ] GC(81)   Weak JFR Old Object Samples    Min:  0.0, Avg:  0.0, Max:  0.0, Diff:  0.0, Sum:  0.0, Workers: 4
[33.881s][debug][gc,phases      ] GC(81)     Dead                           Min: 0, Avg:  0.0, Max: 0, Diff: 0, Sum: 0, Workers: 4
[33.881s][debug][gc,phases      ] GC(81)     Total                          Min: 0, Avg:  0.0, Max: 0, Diff: 0, Sum: 0, Workers: 4
[33.881s][debug][gc,phases      ] GC(81) Weak Processing 0.319ms
[33.881s][debug][gc,phases      ] GC(81) ClassLoaderData 0.088ms
[33.881s][debug][gc,phases      ] GC(81) Trigger cleanups 0.000ms
[33.892s][debug][gc,phases      ] GC(81) Class Unloading 11.393ms
[33.892s][info ][gc,phases      ] GC(81) Marking Phase 122.237ms
[33.892s][info ][gc,phases,start] GC(81) Summary Phase
[33.892s][info ][gc,phases      ] GC(81) Summary Phase 0.022ms
[33.892s][info ][gc,phases,start] GC(81) Adjust Roots
[33.901s][info ][gc,phases      ] GC(81) Adjust Roots 8.877ms
[33.901s][info ][gc,phases,start] GC(81) Compaction Phase
[34.041s][info ][gc,phases      ] GC(81) Compaction Phase 139.663ms
[34.041s][info ][gc,phases,start] GC(81) Post Compact
[34.043s][info ][gc,phases      ] GC(81) Post Compact 1.976ms
[34.045s][info ][gc,heap        ] GC(81) PSYoungGen: 48208K(2008064K)->0K(2007040K) Eden: 0K(1917952K)->0K(1917952K) From: 48208K(90112K)->0K(89088K)
[34.045s][info ][gc,heap        ] GC(81) ParOldGen: 611644K(619520K)->367258K(424448K)
[34.045s][info ][gc,metaspace   ] GC(81) Metaspace: 72193K(72960K)->72193K(72960K) NonClass: 61818K(62272K)->61818K(62272K) Class: 10374K(10688K)->10374K(10688K)
[34.045s][info ][gc             ] GC(81) Pause Full (Ergonomics) 644M->358M(2374M) 274.509ms
[34.045s][info ][gc,cpu         ] GC(81) User=1.01s Sys=0.02s Real=0.27s
[34.045s][info ][safepoint      ] Safepoint "ParallelGCFailedAllocation", Time since last: 405248793 ns, Reaching safepoint: 120302 ns, At safepoint: 297974262 ns, Total: 298094564 ns
[34.413s][info ][gc,start       ] GC(82) Pause Young (Allocation Failure)
[34.414s][debug][gc,phases      ] GC(82) Scavenge 0.992ms
[34.414s][debug][gc,ref         ] GC(82) Skipped phase 1 of Reference Processing: no references
[34.414s][debug][gc,ref         ] GC(82) Skipped phase 2 of Reference Processing: no references
[34.414s][debug][gc,ref         ] GC(82) Skipped phase 3 of Reference Processing: no references
[34.414s][debug][gc,ref         ] GC(82) Skipped phase 4 of Reference Processing: no references
[34.414s][debug][gc,phases      ] GC(82) Reference Processing 0.021ms
[34.414s][debug][gc,phases      ] GC(82)   VM Weak                        Min:  0.0, Avg:  0.0, Max:  0.0, Diff:  0.0, Sum:  0.0, Workers: 4
[34.414s][debug][gc,phases      ] GC(82)     Dead                           Min: 0, Avg:  0.0, Max: 0, Diff: 0, Sum: 0, Workers: 4
[34.414s][debug][gc,phases      ] GC(82)     Total                          Min: 0, Avg: 153.0, Max: 356, Diff: 356, Sum: 612, Workers: 4
[34.414s][debug][gc,phases      ] GC(82)   ObjectSynchronizer Weak        Min:  0.0, Avg:  0.0, Max:  0.0, Diff:  0.0, Sum:  0.0, Workers: 4
[34.414s][debug][gc,phases      ] GC(82)     Dead                           Min: 0, Avg:  0.0, Max: 0, Diff: 0, Sum: 0, Workers: 4
[34.414s][debug][gc,phases      ] GC(82)     Total                          Min: 0, Avg: 109.5, Max: 246, Diff: 246, Sum: 438, Workers: 4
[34.414s][debug][gc,phases      ] GC(82)   JVMTI Tag Weak OopStorage      Min:  0.0, Avg:  0.0, Max:  0.0, Diff:  0.0, Sum:  0.0, Workers: 4
[34.414s][debug][gc,phases      ] GC(82)     Dead                           Min: 0, Avg:  0.0, Max: 0, Diff: 0, Sum: 0, Workers: 4
[34.414s][debug][gc,phases      ] GC(82)     Total                          Min: 0, Avg:  0.0, Max: 0, Diff: 0, Sum: 0, Workers: 4
[34.414s][debug][gc,phases      ] GC(82)   StringTable Weak               Min:  0.1, Avg:  0.1, Max:  0.1, Diff:  0.0, Sum:  0.4, Workers: 4
[34.414s][debug][gc,phases      ] GC(82)     Dead                           Min: 0, Avg:  0.0, Max: 0, Diff: 0, Sum: 0, Workers: 4
[34.414s][debug][gc,phases      ] GC(82)     Total                          Min: 10496, Avg: 10984.0, Max: 11840, Diff: 1344, Sum: 43936, Workers: 4
[34.414s][debug][gc,phases      ] GC(82)   ResolvedMethodTable Weak       Min:  0.0, Avg:  0.0, Max:  0.0, Diff:  0.0, Sum:  0.1, Workers: 4
[34.414s][debug][gc,phases      ] GC(82)     Dead                           Min: 0, Avg:  0.0, Max: 0, Diff: 0, Sum: 0, Workers: 4
[34.414s][debug][gc,phases      ] GC(82)     Total                          Min: 1792, Avg: 1903.8, Max: 2047, Diff: 255, Sum: 7615, Workers: 4
[34.414s][debug][gc,phases      ] GC(82)   JNI Weak                       Min:  0.0, Avg:  0.0, Max:  0.0, Diff:  0.0, Sum:  0.0, Workers: 4
[34.414s][debug][gc,phases      ] GC(82)     Dead                           Min: 0, Avg:  0.0, Max: 0, Diff: 0, Sum: 0, Workers: 4
[34.414s][debug][gc,phases      ] GC(82)     Total                          Min: 0, Avg:  0.0, Max: 0, Diff: 0, Sum: 0, Workers: 4
[34.414s][debug][gc,phases      ] GC(82)   StringDedup Table Weak         Min:  0.0, Avg:  0.0, Max:  0.0, Diff:  0.0, Sum:  0.0, Workers: 4
[34.414s][debug][gc,phases      ] GC(82)     Dead                           Min: 0, Avg:  0.0, Max: 0, Diff: 0, Sum: 0, Workers: 4
[34.414s][debug][gc,phases      ] GC(82)     Total                          Min: 0, Avg:  0.0, Max: 0, Diff: 0, Sum: 0, Workers: 4
[34.414s][debug][gc,phases      ] GC(82)   StringDedup Requests0 Weak     Min:  0.0, Avg:  0.0, Max:  0.0, Diff:  0.0, Sum:  0.0, Workers: 4
[34.414s][debug][gc,phases      ] GC(82)     Dead                           Min: 0, Avg:  0.0, Max: 0, Diff: 0, Sum: 0, Workers: 4
[34.414s][debug][gc,phases      ] GC(82)     Total                          Min: 0, Avg:  0.0, Max: 0, Diff: 0, Sum: 0, Workers: 4
[34.414s][debug][gc,phases      ] GC(82)   StringDedup Requests1 Weak     Min:  0.0, Avg:  0.0, Max:  0.0, Diff:  0.0, Sum:  0.0, Workers: 4
[34.414s][debug][gc,phases      ] GC(82)     Dead                           Min: 0, Avg:  0.0, Max: 0, Diff: 0, Sum: 0, Workers: 4
[34.414s][debug][gc,phases      ] GC(82)     Total                          Min: 0, Avg:  0.0, Max: 0, Diff: 0, Sum: 0, Workers: 4
[34.414s][debug][gc,phases      ] GC(82)   Weak JFR Old Object Samples    Min:  0.0, Avg:  0.0, Max:  0.0, Diff:  0.0, Sum:  0.0, Workers: 4
[34.414s][debug][gc,phases      ] GC(82)     Dead                           Min: 0, Avg:  0.0, Max: 0, Diff: 0, Sum: 0, Workers: 4
[34.414s][debug][gc,phases      ] GC(82)     Total                          Min: 0, Avg:  0.0, Max: 0, Diff: 0, Sum: 0, Workers: 4
[34.414s][debug][gc,phases      ] GC(82) Weak Processing 0.291ms
[34.414s][debug][gc,age         ] GC(82) Desired survivor size 98041856 bytes, new threshold 15 (max threshold 15)
[34.414s][info ][gc,heap        ] GC(82) PSYoungGen: 1917952K(2007040K)->384K(1994752K) Eden: 1917952K(1917952K)->0K(1905664K) From: 0K(89088K)->384K(89088K)
[34.414s][info ][gc,heap        ] GC(82) ParOldGen: 367258K(424448K)->367266K(424448K)
[34.414s][info ][gc,metaspace   ] GC(82) Metaspace: 72203K(72960K)->72203K(72960K) NonClass: 61828K(62272K)->61828K(62272K) Class: 10374K(10688K)->10374K(10688K)
[34.414s][info ][gc             ] GC(82) Pause Young (Allocation Failure) 2231M->359M(2362M) 1.408ms
[34.414s][info ][gc,cpu         ] GC(82) User=0.01s Sys=0.00s Real=0.00s
[34.414s][info ][safepoint      ] Safepoint "ParallelGCFailedAllocation", Time since last: 367635015 ns, Reaching safepoint: 153303 ns, At safepoint: 1492827 ns, Total: 1646130 ns
[34.761s][info ][gc,start       ] GC(83) Pause Young (Allocation Failure)
[34.762s][debug][gc,phases      ] GC(83) Scavenge 1.091ms
[34.762s][debug][gc,ref         ] GC(83) Skipped phase 1 of Reference Processing: no references
[34.762s][debug][gc,ref         ] GC(83) Skipped phase 2 of Reference Processing: no references
[34.762s][debug][gc,ref         ] GC(83) Skipped phase 3 of Reference Processing: no references
[34.762s][debug][gc,ref         ] GC(83) Skipped phase 4 of Reference Processing: no references
[34.762s][debug][gc,phases      ] GC(83) Reference Processing 0.020ms
[34.762s][debug][gc,phases      ] GC(83)   VM Weak                        Min:  0.0, Avg:  0.0, Max:  0.0, Diff:  0.0, Sum:  0.0, Workers: 4
[34.762s][debug][gc,phases      ] GC(83)     Dead                           Min: 0, Avg:  0.0, Max: 0, Diff: 0, Sum: 0, Workers: 4
[34.762s][debug][gc,phases      ] GC(83)     Total                          Min: 0, Avg: 153.0, Max: 420, Diff: 420, Sum: 612, Workers: 4
[34.762s][debug][gc,phases      ] GC(83)   ObjectSynchronizer Weak        Min:  0.0, Avg:  0.0, Max:  0.0, Diff:  0.0, Sum:  0.0, Workers: 4
[34.762s][debug][gc,phases      ] GC(83)     Dead                           Min: 0, Avg:  0.0, Max: 0, Diff: 0, Sum: 0, Workers: 4
[34.762s][debug][gc,phases      ] GC(83)     Total                          Min: 0, Avg: 109.5, Max: 182, Diff: 182, Sum: 438, Workers: 4
[34.762s][debug][gc,phases      ] GC(83)   JVMTI Tag Weak OopStorage      Min:  0.0, Avg:  0.0, Max:  0.0, Diff:  0.0, Sum:  0.0, Workers: 4
[34.762s][debug][gc,phases      ] GC(83)     Dead                           Min: 0, Avg:  0.0, Max: 0, Diff: 0, Sum: 0, Workers: 4
[34.762s][debug][gc,phases      ] GC(83)     Total                          Min: 0, Avg:  0.0, Max: 0, Diff: 0, Sum: 0, Workers: 4
[34.762s][debug][gc,phases      ] GC(83)   StringTable Weak               Min:  0.1, Avg:  0.1, Max:  0.1, Diff:  0.0, Sum:  0.4, Workers: 4
[34.762s][debug][gc,phases      ] GC(83)     Dead                           Min: 0, Avg:  0.0, Max: 0, Diff: 0, Sum: 0, Workers: 4
[34.762s][debug][gc,phases      ] GC(83)     Total                          Min: 10048, Avg: 10985.0, Max: 12736, Diff: 2688, Sum: 43940, Workers: 4
[34.762s][debug][gc,phases      ] GC(83)   ResolvedMethodTable Weak       Min:  0.0, Avg:  0.0, Max:  0.0, Diff:  0.0, Sum:  0.1, Workers: 4
[34.762s][debug][gc,phases      ] GC(83)     Dead                           Min: 0, Avg:  0.0, Max: 0, Diff: 0, Sum: 0, Workers: 4
[34.762s][debug][gc,phases      ] GC(83)     Total                          Min: 1664, Avg: 1903.8, Max: 2239, Diff: 575, Sum: 7615, Workers: 4
[34.762s][debug][gc,phases      ] GC(83)   JNI Weak                       Min:  0.0, Avg:  0.0, Max:  0.0, Diff:  0.0, Sum:  0.0, Workers: 4
[34.762s][debug][gc,phases      ] GC(83)     Dead                           Min: 0, Avg:  0.0, Max: 0, Diff: 0, Sum: 0, Workers: 4
[34.762s][debug][gc,phases      ] GC(83)     Total                          Min: 0, Avg:  0.0, Max: 0, Diff: 0, Sum: 0, Workers: 4
[34.762s][debug][gc,phases      ] GC(83)   StringDedup Table Weak         Min:  0.0, Avg:  0.0, Max:  0.0, Diff:  0.0, Sum:  0.0, Workers: 4
[34.762s][debug][gc,phases      ] GC(83)     Dead                           Min: 0, Avg:  0.0, Max: 0, Diff: 0, Sum: 0, Workers: 4
[34.762s][debug][gc,phases      ] GC(83)     Total                          Min: 0, Avg:  0.0, Max: 0, Diff: 0, Sum: 0, Workers: 4
[34.762s][debug][gc,phases      ] GC(83)   StringDedup Requests0 Weak     Min:  0.0, Avg:  0.0, Max:  0.0, Diff:  0.0, Sum:  0.0, Workers: 4
[34.762s][debug][gc,phases      ] GC(83)     Dead                           Min: 0, Avg:  0.0, Max: 0, Diff: 0, Sum: 0, Workers: 4
[34.762s][debug][gc,phases      ] GC(83)     Total                          Min: 0, Avg:  0.0, Max: 0, Diff: 0, Sum: 0, Workers: 4
[34.762s][debug][gc,phases      ] GC(83)   StringDedup Requests1 Weak     Min:  0.0, Avg:  0.0, Max:  0.0, Diff:  0.0, Sum:  0.0, Workers: 4
[34.762s][debug][gc,phases      ] GC(83)     Dead                           Min: 0, Avg:  0.0, Max: 0, Diff: 0, Sum: 0, Workers: 4
[34.762s][debug][gc,phases      ] GC(83)     Total                          Min: 0, Avg:  0.0, Max: 0, Diff: 0, Sum: 0, Workers: 4
[34.762s][debug][gc,phases      ] GC(83)   Weak JFR Old Object Samples    Min:  0.0, Avg:  0.0, Max:  0.0, Diff:  0.0, Sum:  0.0, Workers: 4
[34.762s][debug][gc,phases      ] GC(83)     Dead                           Min: 0, Avg:  0.0, Max: 0, Diff: 0, Sum: 0, Workers: 4
[34.762s][debug][gc,phases      ] GC(83)     Total                          Min: 0, Avg:  0.0, Max: 0, Diff: 0, Sum: 0, Workers: 4
[34.762s][debug][gc,phases      ] GC(83) Weak Processing 0.292ms
[34.762s][debug][gc,age         ] GC(83) Desired survivor size 102236160 bytes, new threshold 15 (max threshold 15)
[34.762s][info ][gc,heap        ] GC(83) PSYoungGen: 1906048K(1994752K)->576K(1906688K) Eden: 1905664K(1905664K)->0K(1905664K) From: 384K(89088K)->576K(1024K)
[34.762s][info ][gc,heap        ] GC(83) ParOldGen: 367266K(424448K)->367266K(424448K)
[34.762s][info ][gc,metaspace   ] GC(83) Metaspace: 72251K(73024K)->72251K(73024K) NonClass: 61876K(62336K)->61876K(62336K) Class: 10374K(10688K)->10374K(10688K)
[34.762s][info ][gc             ] GC(83) Pause Young (Allocation Failure) 2220M->359M(2276M) 1.495ms
[34.762s][info ][gc,cpu         ] GC(83) User=0.01s Sys=0.00s Real=0.00s
[34.762s][info ][safepoint      ] Safepoint "ParallelGCFailedAllocation", Time since last: 346696438 ns, Reaching safepoint: 182204 ns, At safepoint: 1587328 ns, Total: 1769532 ns
[35.123s][info ][gc,start       ] GC(84) Pause Young (Allocation Failure)
[35.124s][debug][gc,phases      ] GC(84) Scavenge 1.140ms
[35.124s][debug][gc,ref         ] GC(84) Skipped phase 1 of Reference Processing: no references
[35.124s][debug][gc,ref         ] GC(84) Skipped phase 2 of Reference Processing: no references
[35.124s][debug][gc,ref         ] GC(84) Skipped phase 3 of Reference Processing: no references
[35.124s][debug][gc,ref         ] GC(84) Skipped phase 4 of Reference Processing: no references
[35.124s][debug][gc,phases      ] GC(84) Reference Processing 0.021ms
[35.125s][debug][gc,phases      ] GC(84)   VM Weak                        Min:  0.0, Avg:  0.0, Max:  0.0, Diff:  0.0, Sum:  0.0, Workers: 4
[35.125s][debug][gc,phases      ] GC(84)     Dead                           Min: 0, Avg:  0.0, Max: 0, Diff: 0, Sum: 0, Workers: 4
[35.125s][debug][gc,phases      ] GC(84)     Total                          Min: 0, Avg: 153.0, Max: 612, Diff: 612, Sum: 612, Workers: 4
[35.125s][debug][gc,phases      ] GC(84)   ObjectSynchronizer Weak        Min:  0.0, Avg:  0.0, Max:  0.0, Diff:  0.0, Sum:  0.0, Workers: 4
[35.125s][debug][gc,phases      ] GC(84)     Dead                           Min: 0, Avg:  0.0, Max: 0, Diff: 0, Sum: 0, Workers: 4
[35.125s][debug][gc,phases      ] GC(84)     Total                          Min: 0, Avg: 109.5, Max: 310, Diff: 310, Sum: 438, Workers: 4
[35.125s][debug][gc,phases      ] GC(84)   JVMTI Tag Weak OopStorage      Min:  0.0, Avg:  0.0, Max:  0.0, Diff:  0.0, Sum:  0.0, Workers: 4
[35.125s][debug][gc,phases      ] GC(84)     Dead                           Min: 0, Avg:  0.0, Max: 0, Diff: 0, Sum: 0, Workers: 4
[35.125s][debug][gc,phases      ] GC(84)     Total                          Min: 0, Avg:  0.0, Max: 0, Diff: 0, Sum: 0, Workers: 4
[35.125s][debug][gc,phases      ] GC(84)   StringTable Weak               Min:  0.1, Avg:  0.1, Max:  0.1, Diff:  0.0, Sum:  0.4, Workers: 4
[35.125s][debug][gc,phases      ] GC(84)     Dead                           Min: 0, Avg:  0.0, Max: 0, Diff: 0, Sum: 0, Workers: 4
[35.125s][debug][gc,phases      ] GC(84)     Total                          Min: 9536, Avg: 10985.2, Max: 13248, Diff: 3712, Sum: 43941, Workers: 4
[35.125s][debug][gc,phases      ] GC(84)   ResolvedMethodTable Weak       Min:  0.0, Avg:  0.0, Max:  0.0, Diff:  0.0, Sum:  0.1, Workers: 4
[35.125s][debug][gc,phases      ] GC(84)     Dead                           Min: 0, Avg:  0.0, Max: 0, Diff: 0, Sum: 0, Workers: 4
[35.125s][debug][gc,phases      ] GC(84)     Total                          Min: 1663, Avg: 1903.8, Max: 2112, Diff: 449, Sum: 7615, Workers: 4
[35.125s][debug][gc,phases      ] GC(84)   JNI Weak                       Min:  0.0, Avg:  0.0, Max:  0.0, Diff:  0.0, Sum:  0.0, Workers: 4
[35.125s][debug][gc,phases      ] GC(84)     Dead                           Min: 0, Avg:  0.0, Max: 0, Diff: 0, Sum: 0, Workers: 4
[35.125s][debug][gc,phases      ] GC(84)     Total                          Min: 0, Avg:  0.0, Max: 0, Diff: 0, Sum: 0, Workers: 4
[35.125s][debug][gc,phases      ] GC(84)   StringDedup Table Weak         Min:  0.0, Avg:  0.0, Max:  0.0, Diff:  0.0, Sum:  0.0, Workers: 4
[35.125s][debug][gc,phases      ] GC(84)     Dead                           Min: 0, Avg:  0.0, Max: 0, Diff: 0, Sum: 0, Workers: 4
[35.125s][debug][gc,phases      ] GC(84)     Total                          Min: 0, Avg:  0.0, Max: 0, Diff: 0, Sum: 0, Workers: 4
[35.125s][debug][gc,phases      ] GC(84)   StringDedup Requests0 Weak     Min:  0.0, Avg:  0.0, Max:  0.0, Diff:  0.0, Sum:  0.0, Workers: 4
[35.125s][debug][gc,phases      ] GC(84)     Dead                           Min: 0, Avg:  0.0, Max: 0, Diff: 0, Sum: 0, Workers: 4
[35.125s][debug][gc,phases      ] GC(84)     Total                          Min: 0, Avg:  0.0, Max: 0, Diff: 0, Sum: 0, Workers: 4
[35.125s][debug][gc,phases      ] GC(84)   StringDedup Requests1 Weak     Min:  0.0, Avg:  0.0, Max:  0.0, Diff:  0.0, Sum:  0.0, Workers: 4
[35.125s][debug][gc,phases      ] GC(84)     Dead                           Min: 0, Avg:  0.0, Max: 0, Diff: 0, Sum: 0, Workers: 4
[35.125s][debug][gc,phases      ] GC(84)     Total                          Min: 0, Avg:  0.0, Max: 0, Diff: 0, Sum: 0, Workers: 4
[35.125s][debug][gc,phases      ] GC(84)   Weak JFR Old Object Samples    Min:  0.0, Avg:  0.0, Max:  0.0, Diff:  0.0, Sum:  0.0, Workers: 4
[35.125s][debug][gc,phases      ] GC(84)     Dead                           Min: 0, Avg:  0.0, Max: 0, Diff: 0, Sum: 0, Workers: 4
[35.125s][debug][gc,phases      ] GC(84)     Total                          Min: 0, Avg:  0.0, Max: 0, Diff: 0, Sum: 0, Workers: 4
[35.125s][debug][gc,phases      ] GC(84) Weak Processing 0.301ms
[35.125s][debug][gc,age         ] GC(84) Desired survivor size 104857600 bytes, new threshold 15 (max threshold 15)
[35.125s][info ][gc,heap        ] GC(84) PSYoungGen: 1906240K(1906688K)->832K(1992192K) Eden: 1905664K(1905664K)->0K(1892352K) From: 576K(1024K)->832K(99840K)
[35.125s][info ][gc,heap        ] GC(84) ParOldGen: 367266K(424448K)->367266K(424448K)
[35.125s][info ][gc,metaspace   ] GC(84) Metaspace: 72253K(73024K)->72253K(73024K) NonClass: 61878K(62336K)->61878K(62336K) Class: 10374K(10688K)->10374K(10688K)
[35.125s][info ][gc             ] GC(84) Pause Young (Allocation Failure) 2220M->359M(2360M) 1.554ms
[35.125s][info ][gc,cpu         ] GC(84) User=0.00s Sys=0.00s Real=0.00s
[35.125s][info ][safepoint      ] Safepoint "ParallelGCFailedAllocation", Time since last: 360616089 ns, Reaching safepoint: 100802 ns, At safepoint: 1641829 ns, Total: 1742631 ns
[35.458s][info ][gc,start       ] GC(85) Pause Young (Allocation Failure)
[35.459s][debug][gc,phases      ] GC(85) Scavenge 1.254ms
[35.459s][debug][gc,ref         ] GC(85) Skipped phase 1 of Reference Processing: no references
[35.459s][debug][gc,ref         ] GC(85) Skipped phase 2 of Reference Processing: no references
[35.459s][debug][gc,ref         ] GC(85) Skipped phase 3 of Reference Processing: no references
[35.459s][debug][gc,ref         ] GC(85) Skipped phase 4 of Reference Processing: no references
[35.459s][debug][gc,phases      ] GC(85) Reference Processing 0.019ms
[35.460s][debug][gc,phases      ] GC(85)   VM Weak                        Min:  0.0, Avg:  0.0, Max:  0.0, Diff:  0.0, Sum:  0.0, Workers: 4
[35.460s][debug][gc,phases      ] GC(85)     Dead                           Min: 0, Avg:  0.0, Max: 0, Diff: 0, Sum: 0, Workers: 4
[35.460s][debug][gc,phases      ] GC(85)     Total                          Min: 0, Avg: 153.0, Max: 548, Diff: 548, Sum: 612, Workers: 4
[35.460s][debug][gc,phases      ] GC(85)   ObjectSynchronizer Weak        Min:  0.0, Avg:  0.0, Max:  0.0, Diff:  0.0, Sum:  0.0, Workers: 4
[35.460s][debug][gc,phases      ] GC(85)     Dead                           Min: 0, Avg:  0.0, Max: 0, Diff: 0, Sum: 0, Workers: 4
[35.460s][debug][gc,phases      ] GC(85)     Total                          Min: 0, Avg: 109.5, Max: 192, Diff: 192, Sum: 438, Workers: 4
[35.460s][debug][gc,phases      ] GC(85)   JVMTI Tag Weak OopStorage      Min:  0.0, Avg:  0.0, Max:  0.0, Diff:  0.0, Sum:  0.0, Workers: 4
[35.460s][debug][gc,phases      ] GC(85)     Dead                           Min: 0, Avg:  0.0, Max: 0, Diff: 0, Sum: 0, Workers: 4
[35.460s][debug][gc,phases      ] GC(85)     Total                          Min: 0, Avg:  0.0, Max: 0, Diff: 0, Sum: 0, Workers: 4
[35.460s][debug][gc,phases      ] GC(85)   StringTable Weak               Min:  0.1, Avg:  0.1, Max:  0.1, Diff:  0.0, Sum:  0.4, Workers: 4
[35.460s][debug][gc,phases      ] GC(85)     Dead                           Min: 0, Avg:  0.0, Max: 0, Diff: 0, Sum: 0, Workers: 4
[35.460s][debug][gc,phases      ] GC(85)     Total                          Min: 10816, Avg: 10985.5, Max: 11302, Diff: 486, Sum: 43942, Workers: 4
[35.460s][debug][gc,phases      ] GC(85)   ResolvedMethodTable Weak       Min:  0.0, Avg:  0.0, Max:  0.0, Diff:  0.0, Sum:  0.1, Workers: 4
[35.460s][debug][gc,phases      ] GC(85)     Dead                           Min: 0, Avg:  0.0, Max: 0, Diff: 0, Sum: 0, Workers: 4
[35.460s][debug][gc,phases      ] GC(85)     Total                          Min: 1791, Avg: 1903.8, Max: 2048, Diff: 257, Sum: 7615, Workers: 4
[35.460s][debug][gc,phases      ] GC(85)   JNI Weak                       Min:  0.0, Avg:  0.0, Max:  0.0, Diff:  0.0, Sum:  0.0, Workers: 4
[35.460s][debug][gc,phases      ] GC(85)     Dead                           Min: 0, Avg:  0.0, Max: 0, Diff: 0, Sum: 0, Workers: 4
[35.460s][debug][gc,phases      ] GC(85)     Total                          Min: 0, Avg:  0.0, Max: 0, Diff: 0, Sum: 0, Workers: 4
[35.460s][debug][gc,phases      ] GC(85)   StringDedup Table Weak         Min:  0.0, Avg:  0.0, Max:  0.0, Diff:  0.0, Sum:  0.0, Workers: 4
[35.460s][debug][gc,phases      ] GC(85)     Dead                           Min: 0, Avg:  0.0, Max: 0, Diff: 0, Sum: 0, Workers: 4
[35.460s][debug][gc,phases      ] GC(85)     Total                          Min: 0, Avg:  0.0, Max: 0, Diff: 0, Sum: 0, Workers: 4
[35.460s][debug][gc,phases      ] GC(85)   StringDedup Requests0 Weak     Min:  0.0, Avg:  0.0, Max:  0.0, Diff:  0.0, Sum:  0.0, Workers: 4
[35.460s][debug][gc,phases      ] GC(85)     Dead                           Min: 0, Avg:  0.0, Max: 0, Diff: 0, Sum: 0, Workers: 4
[35.460s][debug][gc,phases      ] GC(85)     Total                          Min: 0, Avg:  0.0, Max: 0, Diff: 0, Sum: 0, Workers: 4
[35.460s][debug][gc,phases      ] GC(85)   StringDedup Requests1 Weak     Min:  0.0, Avg:  0.0, Max:  0.0, Diff:  0.0, Sum:  0.0, Workers: 4
[35.460s][debug][gc,phases      ] GC(85)     Dead                           Min: 0, Avg:  0.0, Max: 0, Diff: 0, Sum: 0, Workers: 4
[35.460s][debug][gc,phases      ] GC(85)     Total                          Min: 0, Avg:  0.0, Max: 0, Diff: 0, Sum: 0, Workers: 4
[35.460s][debug][gc,phases      ] GC(85)   Weak JFR Old Object Samples    Min:  0.0, Avg:  0.0, Max:  0.0, Diff:  0.0, Sum:  0.0, Workers: 4
[35.460s][debug][gc,phases      ] GC(85)     Dead                           Min: 0, Avg:  0.0, Max: 0, Diff: 0, Sum: 0, Workers: 4
[35.460s][debug][gc,phases      ] GC(85)     Total                          Min: 0, Avg:  0.0, Max: 0, Diff: 0, Sum: 0, Workers: 4
[35.460s][debug][gc,phases      ] GC(85) Weak Processing 0.292ms
[35.460s][debug][gc,age         ] GC(85) Desired survivor size 105906176 bytes, new threshold 15 (max threshold 15)
[35.460s][info ][gc,heap        ] GC(85) PSYoungGen: 1893184K(1992192K)->1056K(1893888K) Eden: 1892352K(1892352K)->0K(1892352K) From: 832K(99840K)->1056K(1536K)
[35.460s][info ][gc,heap        ] GC(85) ParOldGen: 367266K(424448K)->367266K(424448K)
[35.460s][info ][gc,metaspace   ] GC(85) Metaspace: 72254K(73024K)->72254K(73024K) NonClass: 61879K(62336K)->61879K(62336K) Class: 10374K(10688K)->10374K(10688K)
[35.460s][info ][gc             ] GC(85) Pause Young (Allocation Failure) 2207M->359M(2264M) 1.653ms
[35.460s][info ][gc,cpu         ] GC(85) User=0.01s Sys=0.00s Real=0.00s
[35.460s][info ][safepoint      ] Safepoint "ParallelGCFailedAllocation", Time since last: 333127295 ns, Reaching safepoint: 153702 ns, At safepoint: 1739232 ns, Total: 1892934 ns
[35.848s][info ][gc,start       ] GC(86) Pause Young (Allocation Failure)
[35.850s][debug][gc,phases      ] GC(86) Scavenge 1.444ms
[35.850s][debug][gc,ref         ] GC(86) Skipped phase 1 of Reference Processing: no references
[35.850s][debug][gc,ref         ] GC(86) Skipped phase 2 of Reference Processing: no references
[35.850s][debug][gc,ref         ] GC(86) Skipped phase 3 of Reference Processing: no references
[35.850s][debug][gc,ref         ] GC(86) Skipped phase 4 of Reference Processing: no references
[35.850s][debug][gc,phases      ] GC(86) Reference Processing 0.035ms
[35.850s][debug][gc,phases      ] GC(86)   VM Weak                        Min:  0.0, Avg:  0.0, Max:  0.0, Diff:  0.0, Sum:  0.0, Workers: 4
[35.850s][debug][gc,phases      ] GC(86)     Dead                           Min: 0, Avg:  0.0, Max: 0, Diff: 0, Sum: 0, Workers: 4
[35.850s][debug][gc,phases      ] GC(86)     Total                          Min: 0, Avg: 153.0, Max: 356, Diff: 356, Sum: 612, Workers: 4
[35.850s][debug][gc,phases      ] GC(86)   ObjectSynchronizer Weak        Min:  0.0, Avg:  0.0, Max:  0.0, Diff:  0.0, Sum:  0.0, Workers: 4
[35.850s][debug][gc,phases      ] GC(86)     Dead                           Min: 0, Avg:  0.0, Max: 0, Diff: 0, Sum: 0, Workers: 4
[35.850s][debug][gc,phases      ] GC(86)     Total                          Min: 0, Avg: 109.5, Max: 192, Diff: 192, Sum: 438, Workers: 4
[35.850s][debug][gc,phases      ] GC(86)   JVMTI Tag Weak OopStorage      Min:  0.0, Avg:  0.0, Max:  0.0, Diff:  0.0, Sum:  0.0, Workers: 4
[35.850s][debug][gc,phases      ] GC(86)     Dead                           Min: 0, Avg:  0.0, Max: 0, Diff: 0, Sum: 0, Workers: 4
[35.850s][debug][gc,phases      ] GC(86)     Total                          Min: 0, Avg:  0.0, Max: 0, Diff: 0, Sum: 0, Workers: 4
[35.850s][debug][gc,phases      ] GC(86)   StringTable Weak               Min:  0.1, Avg:  0.1, Max:  0.1, Diff:  0.0, Sum:  0.4, Workers: 4
[35.850s][debug][gc,phases      ] GC(86)     Dead                           Min: 0, Avg:  0.0, Max: 0, Diff: 0, Sum: 0, Workers: 4
[35.850s][debug][gc,phases      ] GC(86)     Total                          Min: 10048, Avg: 10985.8, Max: 11584, Diff: 1536, Sum: 43943, Workers: 4
[35.850s][debug][gc,phases      ] GC(86)   ResolvedMethodTable Weak       Min:  0.0, Avg:  0.0, Max:  0.0, Diff:  0.0, Sum:  0.1, Workers: 4
[35.850s][debug][gc,phases      ] GC(86)     Dead                           Min: 0, Avg:  0.0, Max: 0, Diff: 0, Sum: 0, Workers: 4
[35.850s][debug][gc,phases      ] GC(86)     Total                          Min: 1791, Avg: 1903.8, Max: 2048, Diff: 257, Sum: 7615, Workers: 4
[35.850s][debug][gc,phases      ] GC(86)   JNI Weak                       Min:  0.0, Avg:  0.0, Max:  0.0, Diff:  0.0, Sum:  0.0, Workers: 4
[35.850s][debug][gc,phases      ] GC(86)     Dead                           Min: 0, Avg:  0.0, Max: 0, Diff: 0, Sum: 0, Workers: 4
[35.850s][debug][gc,phases      ] GC(86)     Total                          Min: 0, Avg:  0.0, Max: 0, Diff: 0, Sum: 0, Workers: 4
[35.850s][debug][gc,phases      ] GC(86)   StringDedup Table Weak         Min:  0.0, Avg:  0.0, Max:  0.0, Diff:  0.0, Sum:  0.0, Workers: 4
[35.850s][debug][gc,phases      ] GC(86)     Dead                           Min: 0, Avg:  0.0, Max: 0, Diff: 0, Sum: 0, Workers: 4
[35.850s][debug][gc,phases      ] GC(86)     Total                          Min: 0, Avg:  0.0, Max: 0, Diff: 0, Sum: 0, Workers: 4
[35.850s][debug][gc,phases      ] GC(86)   StringDedup Requests0 Weak     Min:  0.0, Avg:  0.0, Max:  0.0, Diff:  0.0, Sum:  0.0, Workers: 4
[35.850s][debug][gc,phases      ] GC(86)     Dead                           Min: 0, Avg:  0.0, Max: 0, Diff: 0, Sum: 0, Workers: 4
[35.850s][debug][gc,phases      ] GC(86)     Total                          Min: 0, Avg:  0.0, Max: 0, Diff: 0, Sum: 0, Workers: 4
[35.850s][debug][gc,phases      ] GC(86)   StringDedup Requests1 Weak     Min:  0.0, Avg:  0.0, Max:  0.0, Diff:  0.0, Sum:  0.0, Workers: 4
[35.850s][debug][gc,phases      ] GC(86)     Dead                           Min: 0, Avg:  0.0, Max: 0, Diff: 0, Sum: 0, Workers: 4
[35.850s][debug][gc,phases      ] GC(86)     Total                          Min: 0, Avg:  0.0, Max: 0, Diff: 0, Sum: 0, Workers: 4
[35.850s][debug][gc,phases      ] GC(86)   Weak JFR Old Object Samples    Min:  0.0, Avg:  0.0, Max:  0.0, Diff:  0.0, Sum:  0.0, Workers: 4
[35.850s][debug][gc,phases      ] GC(86)     Dead                           Min: 0, Avg:  0.0, Max: 0, Diff: 0, Sum: 0, Workers: 4
[35.850s][debug][gc,phases      ] GC(86)     Total                          Min: 0, Avg:  0.0, Max: 0, Diff: 0, Sum: 0, Workers: 4
[35.850s][debug][gc,phases      ] GC(86) Weak Processing 0.276ms
[35.850s][debug][gc,age         ] GC(86) Desired survivor size 105381888 bytes, new threshold 15 (max threshold 15)
[35.850s][info ][gc,heap        ] GC(86) PSYoungGen: 1893408K(1893888K)->1344K(1994240K) Eden: 1892352K(1892352K)->0K(1890816K) From: 1056K(1536K)->1344K(103424K)
[35.850s][info ][gc,heap        ] GC(86) ParOldGen: 367266K(424448K)->367266K(424448K)
[35.850s][info ][gc,metaspace   ] GC(86) Metaspace: 72258K(73024K)->72258K(73024K) NonClass: 61883K(62336K)->61883K(62336K) Class: 10375K(10688K)->10375K(10688K)
[35.850s][info ][gc             ] GC(86) Pause Young (Allocation Failure) 2207M->359M(2362M) 1.843ms
[35.850s][info ][gc,cpu         ] GC(86) User=0.00s Sys=0.00s Real=0.00s
[35.850s][info ][safepoint      ] Safepoint "ParallelGCFailedAllocation", Time since last: 388294586 ns, Reaching safepoint: 160603 ns, At safepoint: 1933635 ns, Total: 2094238 ns
[36.182s][info ][gc,start       ] GC(87) Pause Young (Allocation Failure)
[36.184s][debug][gc,phases      ] GC(87) Scavenge 1.517ms
[36.184s][debug][gc,ref         ] GC(87) Skipped phase 1 of Reference Processing: no references
[36.184s][debug][gc,ref         ] GC(87) Skipped phase 2 of Reference Processing: no references
[36.184s][debug][gc,ref         ] GC(87) Skipped phase 3 of Reference Processing: no references
[36.184s][debug][gc,ref         ] GC(87) Skipped phase 4 of Reference Processing: no references
[36.184s][debug][gc,phases      ] GC(87) Reference Processing 0.021ms
[36.184s][debug][gc,phases      ] GC(87)   VM Weak                        Min:  0.0, Avg:  0.0, Max:  0.0, Diff:  0.0, Sum:  0.0, Workers: 4
[36.184s][debug][gc,phases      ] GC(87)     Dead                           Min: 0, Avg:  0.0, Max: 0, Diff: 0, Sum: 0, Workers: 4
[36.184s][debug][gc,phases      ] GC(87)     Total                          Min: 0, Avg: 153.0, Max: 320, Diff: 320, Sum: 612, Workers: 4
[36.184s][debug][gc,phases      ] GC(87)   ObjectSynchronizer Weak        Min:  0.0, Avg:  0.0, Max:  0.0, Diff:  0.0, Sum:  0.0, Workers: 4
[36.184s][debug][gc,phases      ] GC(87)     Dead                           Min: 0, Avg:  0.0, Max: 0, Diff: 0, Sum: 0, Workers: 4
[36.184s][debug][gc,phases      ] GC(87)     Total                          Min: 0, Avg: 109.5, Max: 246, Diff: 246, Sum: 438, Workers: 4
[36.184s][debug][gc,phases      ] GC(87)   JVMTI Tag Weak OopStorage      Min:  0.0, Avg:  0.0, Max:  0.0, Diff:  0.0, Sum:  0.0, Workers: 4
[36.184s][debug][gc,phases      ] GC(87)     Dead                           Min: 0, Avg:  0.0, Max: 0, Diff: 0, Sum: 0, Workers: 4
[36.184s][debug][gc,phases      ] GC(87)     Total                          Min: 0, Avg:  0.0, Max: 0, Diff: 0, Sum: 0, Workers: 4
[36.184s][debug][gc,phases      ] GC(87)   StringTable Weak               Min:  0.1, Avg:  0.1, Max:  0.1, Diff:  0.0, Sum:  0.4, Workers: 4
[36.184s][debug][gc,phases      ] GC(87)     Dead                           Min: 0, Avg:  0.0, Max: 0, Diff: 0, Sum: 0, Workers: 4
[36.184s][debug][gc,phases      ] GC(87)     Total                          Min: 10560, Avg: 10987.2, Max: 11456, Diff: 896, Sum: 43949, Workers: 4
[36.184s][debug][gc,phases      ] GC(87)   ResolvedMethodTable Weak       Min:  0.0, Avg:  0.0, Max:  0.0, Diff:  0.0, Sum:  0.1, Workers: 4
[36.184s][debug][gc,phases      ] GC(87)     Dead                           Min: 0, Avg:  0.0, Max: 0, Diff: 0, Sum: 0, Workers: 4
[36.184s][debug][gc,phases      ] GC(87)     Total                          Min: 1728, Avg: 1903.8, Max: 2239, Diff: 511, Sum: 7615, Workers: 4
[36.184s][debug][gc,phases      ] GC(87)   JNI Weak                       Min:  0.0, Avg:  0.0, Max:  0.0, Diff:  0.0, Sum:  0.0, Workers: 4
[36.184s][debug][gc,phases      ] GC(87)     Dead                           Min: 0, Avg:  0.0, Max: 0, Diff: 0, Sum: 0, Workers: 4
[36.184s][debug][gc,phases      ] GC(87)     Total                          Min: 0, Avg:  0.0, Max: 0, Diff: 0, Sum: 0, Workers: 4
[36.184s][debug][gc,phases      ] GC(87)   StringDedup Table Weak         Min:  0.0, Avg:  0.0, Max:  0.0, Diff:  0.0, Sum:  0.0, Workers: 4
[36.184s][debug][gc,phases      ] GC(87)     Dead                           Min: 0, Avg:  0.0, Max: 0, Diff: 0, Sum: 0, Workers: 4
[36.184s][debug][gc,phases      ] GC(87)     Total                          Min: 0, Avg:  0.0, Max: 0, Diff: 0, Sum: 0, Workers: 4
[36.184s][debug][gc,phases      ] GC(87)   StringDedup Requests0 Weak     Min:  0.0, Avg:  0.0, Max:  0.0, Diff:  0.0, Sum:  0.0, Workers: 4
[36.184s][debug][gc,phases      ] GC(87)     Dead                           Min: 0, Avg:  0.0, Max: 0, Diff: 0, Sum: 0, Workers: 4
[36.184s][debug][gc,phases      ] GC(87)     Total                          Min: 0, Avg:  0.0, Max: 0, Diff: 0, Sum: 0, Workers: 4
[36.184s][debug][gc,phases      ] GC(87)   StringDedup Requests1 Weak     Min:  0.0, Avg:  0.0, Max:  0.0, Diff:  0.0, Sum:  0.0, Workers: 4
[36.184s][debug][gc,phases      ] GC(87)     Dead                           Min: 0, Avg:  0.0, Max: 0, Diff: 0, Sum: 0, Workers: 4
[36.184s][debug][gc,phases      ] GC(87)     Total                          Min: 0, Avg:  0.0, Max: 0, Diff: 0, Sum: 0, Workers: 4
[36.184s][debug][gc,phases      ] GC(87)   Weak JFR Old Object Samples    Min:  0.0, Avg:  0.0, Max:  0.0, Diff:  0.0, Sum:  0.0, Workers: 4
[36.184s][debug][gc,phases      ] GC(87)     Dead                           Min: 0, Avg:  0.0, Max: 0, Diff: 0, Sum: 0, Workers: 4
[36.184s][debug][gc,phases      ] GC(87)     Total                          Min: 0, Avg:  0.0, Max: 0, Diff: 0, Sum: 0, Workers: 4
[36.184s][debug][gc,phases      ] GC(87) Weak Processing 0.305ms
[36.184s][debug][gc,age         ] GC(87) Desired survivor size 104333312 bytes, new threshold 15 (max threshold 15)
[36.184s][info ][gc,heap        ] GC(87) PSYoungGen: 1892160K(1994240K)->1600K(1993728K) Eden: 1890816K(1890816K)->0K(1890816K) From: 1344K(103424K)->1600K(102912K)
[36.184s][info ][gc,heap        ] GC(87) ParOldGen: 367266K(424448K)->367266K(424448K)
[36.184s][info ][gc,metaspace   ] GC(87) Metaspace: 72261K(73024K)->72261K(73024K) NonClass: 61885K(62336K)->61885K(62336K) Class: 10375K(10688K)->10375K(10688K)
[36.184s][info ][gc             ] GC(87) Pause Young (Allocation Failure) 2206M->360M(2361M) 1.947ms
[36.184s][info ][gc,cpu         ] GC(87) User=0.01s Sys=0.00s Real=0.00s
[36.184s][info ][safepoint      ] Safepoint "ParallelGCFailedAllocation", Time since last: 332042975 ns, Reaching safepoint: 136602 ns, At safepoint: 2041337 ns, Total: 2177939 ns
[36.557s][info ][gc,start       ] GC(88) Pause Young (Allocation Failure)
[36.559s][debug][gc,phases      ] GC(88) Scavenge 1.509ms
[36.559s][debug][gc,ref         ] GC(88) Skipped phase 1 of Reference Processing: no references
[36.559s][debug][gc,ref         ] GC(88) Skipped phase 2 of Reference Processing: no references
[36.559s][debug][gc,ref         ] GC(88) Skipped phase 3 of Reference Processing: no references
[36.559s][debug][gc,ref         ] GC(88) Skipped phase 4 of Reference Processing: no references
[36.559s][debug][gc,phases      ] GC(88) Reference Processing 0.021ms
[36.559s][debug][gc,phases      ] GC(88)   VM Weak                        Min:  0.0, Avg:  0.0, Max:  0.0, Diff:  0.0, Sum:  0.0, Workers: 4
[36.559s][debug][gc,phases      ] GC(88)     Dead                           Min: 0, Avg:  0.0, Max: 0, Diff: 0, Sum: 0, Workers: 4
[36.559s][debug][gc,phases      ] GC(88)     Total                          Min: 0, Avg: 153.0, Max: 612, Diff: 612, Sum: 612, Workers: 4
[36.559s][debug][gc,phases      ] GC(88)   ObjectSynchronizer Weak        Min:  0.0, Avg:  0.0, Max:  0.0, Diff:  0.0, Sum:  0.0, Workers: 4
[36.559s][debug][gc,phases      ] GC(88)     Dead                           Min: 0, Avg:  0.0, Max: 0, Diff: 0, Sum: 0, Workers: 4
[36.559s][debug][gc,phases      ] GC(88)     Total                          Min: 0, Avg: 109.5, Max: 246, Diff: 246, Sum: 438, Workers: 4
[36.559s][debug][gc,phases      ] GC(88)   JVMTI Tag Weak OopStorage      Min:  0.0, Avg:  0.0, Max:  0.0, Diff:  0.0, Sum:  0.0, Workers: 4
[36.559s][debug][gc,phases      ] GC(88)     Dead                           Min: 0, Avg:  0.0, Max: 0, Diff: 0, Sum: 0, Workers: 4
[36.559s][debug][gc,phases      ] GC(88)     Total                          Min: 0, Avg:  0.0, Max: 0, Diff: 0, Sum: 0, Workers: 4
[36.559s][debug][gc,phases      ] GC(88)   StringTable Weak               Min:  0.1, Avg:  0.1, Max:  0.1, Diff:  0.0, Sum:  0.4, Workers: 4
[36.559s][debug][gc,phases      ] GC(88)     Dead                           Min: 0, Avg:  0.0, Max: 0, Diff: 0, Sum: 0, Workers: 4
[36.559s][debug][gc,phases      ] GC(88)     Total                          Min: 9344, Avg: 10987.2, Max: 12352, Diff: 3008, Sum: 43949, Workers: 4
[36.559s][debug][gc,phases      ] GC(88)   ResolvedMethodTable Weak       Min:  0.0, Avg:  0.0, Max:  0.0, Diff:  0.0, Sum:  0.1, Workers: 4
[36.559s][debug][gc,phases      ] GC(88)     Dead                           Min: 0, Avg:  0.0, Max: 0, Diff: 0, Sum: 0, Workers: 4
[36.559s][debug][gc,phases      ] GC(88)     Total                          Min: 1472, Avg: 1903.8, Max: 2304, Diff: 832, Sum: 7615, Workers: 4
[36.559s][debug][gc,phases      ] GC(88)   JNI Weak                       Min:  0.0, Avg:  0.0, Max:  0.0, Diff:  0.0, Sum:  0.0, Workers: 4
[36.559s][debug][gc,phases      ] GC(88)     Dead                           Min: 0, Avg:  0.0, Max: 0, Diff: 0, Sum: 0, Workers: 4
[36.559s][debug][gc,phases      ] GC(88)     Total                          Min: 0, Avg:  0.0, Max: 0, Diff: 0, Sum: 0, Workers: 4
[36.559s][debug][gc,phases      ] GC(88)   StringDedup Table Weak         Min:  0.0, Avg:  0.0, Max:  0.0, Diff:  0.0, Sum:  0.0, Workers: 4
[36.559s][debug][gc,phases      ] GC(88)     Dead                           Min: 0, Avg:  0.0, Max: 0, Diff: 0, Sum: 0, Workers: 4
[36.559s][debug][gc,phases      ] GC(88)     Total                          Min: 0, Avg:  0.0, Max: 0, Diff: 0, Sum: 0, Workers: 4
[36.559s][debug][gc,phases      ] GC(88)   StringDedup Requests0 Weak     Min:  0.0, Avg:  0.0, Max:  0.0, Diff:  0.0, Sum:  0.0, Workers: 4
[36.559s][debug][gc,phases      ] GC(88)     Dead                           Min: 0, Avg:  0.0, Max: 0, Diff: 0, Sum: 0, Workers: 4
[36.559s][debug][gc,phases      ] GC(88)     Total                          Min: 0, Avg:  0.0, Max: 0, Diff: 0, Sum: 0, Workers: 4
[36.559s][debug][gc,phases      ] GC(88)   StringDedup Requests1 Weak     Min:  0.0, Avg:  0.0, Max:  0.0, Diff:  0.0, Sum:  0.0, Workers: 4
[36.559s][debug][gc,phases      ] GC(88)     Dead                           Min: 0, Avg:  0.0, Max: 0, Diff: 0, Sum: 0, Workers: 4
[36.559s][debug][gc,phases      ] GC(88)     Total                          Min: 0, Avg:  0.0, Max: 0, Diff: 0, Sum: 0, Workers: 4
[36.559s][debug][gc,phases      ] GC(88)   Weak JFR Old Object Samples    Min:  0.0, Avg:  0.0, Max:  0.0, Diff:  0.0, Sum:  0.0, Workers: 4
[36.559s][debug][gc,phases      ] GC(88)     Dead                           Min: 0, Avg:  0.0, Max: 0, Diff: 0, Sum: 0, Workers: 4
[36.559s][debug][gc,phases      ] GC(88)     Total                          Min: 0, Avg:  0.0, Max: 0, Diff: 0, Sum: 0, Workers: 4
[36.559s][debug][gc,phases      ] GC(88) Weak Processing 0.295ms
[36.559s][debug][gc,age         ] GC(88) Desired survivor size 102236160 bytes, new threshold 15 (max threshold 15)
[36.559s][info ][gc,heap        ] GC(88) PSYoungGen: 1892416K(1993728K)->1856K(1997312K) Eden: 1890816K(1890816K)->0K(1895424K) From: 1600K(102912K)->1856K(101888K)
[36.559s][info ][gc,heap        ] GC(88) ParOldGen: 367266K(424448K)->367266K(424448K)
[36.559s][info ][gc,metaspace   ] GC(88) Metaspace: 72263K(73024K)->72263K(73024K) NonClass: 61887K(62336K)->61887K(62336K) Class: 10375K(10688K)->10375K(10688K)
[36.559s][info ][gc             ] GC(88) Pause Young (Allocation Failure) 2206M->360M(2365M) 1.926ms
[36.559s][info ][gc,cpu         ] GC(88) User=0.01s Sys=0.00s Real=0.00s
[36.559s][info ][safepoint      ] Safepoint "ParallelGCFailedAllocation", Time since last: 372809808 ns, Reaching safepoint: 131702 ns, At safepoint: 2025036 ns, Total: 2156738 ns
[36.920s][info ][gc,start       ] GC(89) Pause Young (Allocation Failure)
[36.922s][debug][gc,phases      ] GC(89) Scavenge 1.980ms
[36.922s][debug][gc,ref         ] GC(89) Skipped phase 1 of Reference Processing: no references
[36.923s][debug][gc,ref         ] GC(89) ReferenceProcessor::execute queues: 1, RefProcThreadModel::Single, marks_oops_alive: false
[36.923s][debug][gc,ref         ] GC(89) Skipped phase 3 of Reference Processing: no references
[36.923s][debug][gc,ref         ] GC(89) ReferenceProcessor::execute queues: 1, RefProcThreadModel::Single, marks_oops_alive: false
[36.923s][debug][gc,phases      ] GC(89) Reference Processing 0.128ms
[36.923s][debug][gc,phases      ] GC(89)   VM Weak                        Min:  0.0, Avg:  0.0, Max:  0.0, Diff:  0.0, Sum:  0.0, Workers: 4
[36.923s][debug][gc,phases      ] GC(89)     Dead                           Min: 0, Avg:  0.0, Max: 0, Diff: 0, Sum: 0, Workers: 4
[36.923s][debug][gc,phases      ] GC(89)     Total                          Min: 0, Avg: 153.2, Max: 613, Diff: 613, Sum: 613, Workers: 4
[36.923s][debug][gc,phases      ] GC(89)   ObjectSynchronizer Weak        Min:  0.0, Avg:  0.0, Max:  0.0, Diff:  0.0, Sum:  0.0, Workers: 4
[36.923s][debug][gc,phases      ] GC(89)     Dead                           Min: 0, Avg:  0.0, Max: 0, Diff: 0, Sum: 0, Workers: 4
[36.923s][debug][gc,phases      ] GC(89)     Total                          Min: 0, Avg: 109.5, Max: 192, Diff: 192, Sum: 438, Workers: 4
[36.923s][debug][gc,phases      ] GC(89)   JVMTI Tag Weak OopStorage      Min:  0.0, Avg:  0.0, Max:  0.0, Diff:  0.0, Sum:  0.0, Workers: 4
[36.923s][debug][gc,phases      ] GC(89)     Dead                           Min: 0, Avg:  0.0, Max: 0, Diff: 0, Sum: 0, Workers: 4
[36.923s][debug][gc,phases      ] GC(89)     Total                          Min: 0, Avg:  0.0, Max: 0, Diff: 0, Sum: 0, Workers: 4
[36.923s][debug][gc,phases      ] GC(89)   StringTable Weak               Min:  0.1, Avg:  0.1, Max:  0.1, Diff:  0.0, Sum:  0.3, Workers: 4
[36.923s][debug][gc,phases      ] GC(89)     Dead                           Min: 0, Avg:  0.0, Max: 0, Diff: 0, Sum: 0, Workers: 4
[36.923s][debug][gc,phases      ] GC(89)     Total                          Min: 10688, Avg: 11025.0, Max: 11204, Diff: 516, Sum: 44100, Workers: 4
[36.923s][debug][gc,phases      ] GC(89)   ResolvedMethodTable Weak       Min:  0.0, Avg:  0.0, Max:  0.0, Diff:  0.0, Sum:  0.1, Workers: 4
[36.923s][debug][gc,phases      ] GC(89)     Dead                           Min: 0, Avg: 10.0, Max: 33, Diff: 33, Sum: 40, Workers: 4
[36.923s][debug][gc,phases      ] GC(89)     Total                          Min: 1728, Avg: 1936.8, Max: 2179, Diff: 451, Sum: 7747, Workers: 4
[36.923s][debug][gc,phases      ] GC(89)   JNI Weak                       Min:  0.0, Avg:  0.0, Max:  0.0, Diff:  0.0, Sum:  0.0, Workers: 4
[36.923s][debug][gc,phases      ] GC(89)     Dead                           Min: 0, Avg:  0.0, Max: 0, Diff: 0, Sum: 0, Workers: 4
[36.923s][debug][gc,phases      ] GC(89)     Total                          Min: 0, Avg:  0.0, Max: 0, Diff: 0, Sum: 0, Workers: 4
[36.923s][debug][gc,phases      ] GC(89)   StringDedup Table Weak         Min:  0.0, Avg:  0.0, Max:  0.0, Diff:  0.0, Sum:  0.0, Workers: 4
[36.923s][debug][gc,phases      ] GC(89)     Dead                           Min: 0, Avg:  0.0, Max: 0, Diff: 0, Sum: 0, Workers: 4
[36.923s][debug][gc,phases      ] GC(89)     Total                          Min: 0, Avg:  0.0, Max: 0, Diff: 0, Sum: 0, Workers: 4
[36.923s][debug][gc,phases      ] GC(89)   StringDedup Requests0 Weak     Min:  0.0, Avg:  0.0, Max:  0.0, Diff:  0.0, Sum:  0.0, Workers: 4
[36.923s][debug][gc,phases      ] GC(89)     Dead                           Min: 0, Avg:  0.0, Max: 0, Diff: 0, Sum: 0, Workers: 4
[36.923s][debug][gc,phases      ] GC(89)     Total                          Min: 0, Avg:  0.0, Max: 0, Diff: 0, Sum: 0, Workers: 4
[36.923s][debug][gc,phases      ] GC(89)   StringDedup Requests1 Weak     Min:  0.0, Avg:  0.0, Max:  0.0, Diff:  0.0, Sum:  0.0, Workers: 4
[36.923s][debug][gc,phases      ] GC(89)     Dead                           Min: 0, Avg:  0.0, Max: 0, Diff: 0, Sum: 0, Workers: 4
[36.923s][debug][gc,phases      ] GC(89)     Total                          Min: 0, Avg:  0.0, Max: 0, Diff: 0, Sum: 0, Workers: 4
[36.923s][debug][gc,phases      ] GC(89)   Weak JFR Old Object Samples    Min:  0.0, Avg:  0.0, Max:  0.0, Diff:  0.0, Sum:  0.0, Workers: 4
[36.923s][debug][gc,phases      ] GC(89)     Dead                           Min: 0, Avg:  0.0, Max: 0, Diff: 0, Sum: 0, Workers: 4
[36.923s][debug][gc,phases      ] GC(89)     Total                          Min: 0, Avg:  0.0, Max: 0, Diff: 0, Sum: 0, Workers: 4
[36.923s][debug][gc,phases      ] GC(89) Weak Processing 0.364ms
[36.923s][debug][gc,age         ] GC(89) Desired survivor size 99090432 bytes, new threshold 15 (max threshold 15)
[36.923s][info ][gc,heap        ] GC(89) PSYoungGen: 1897280K(1997312K)->2368K(1995264K) Eden: 1895424K(1895424K)->0K(1895424K) From: 1856K(101888K)->2368K(99840K)
[36.923s][info ][gc,heap        ] GC(89) ParOldGen: 367266K(424448K)->367266K(424448K)
[36.923s][info ][gc,metaspace   ] GC(89) Metaspace: 73333K(74112K)->73333K(74112K) NonClass: 62787K(63232K)->62787K(63232K) Class: 10546K(10880K)->10546K(10880K)
[36.923s][info ][gc             ] GC(89) Pause Young (Allocation Failure) 2211M->360M(2363M) 2.602ms
[36.923s][info ][gc,cpu         ] GC(89) User=0.01s Sys=0.00s Real=0.00s
[36.923s][info ][safepoint      ] Safepoint "ParallelGCFailedAllocation", Time since last: 360842493 ns, Reaching safepoint: 142402 ns, At safepoint: 2716349 ns, Total: 2858751 ns
[37.308s][info ][gc,start       ] GC(90) Pause Young (Allocation Failure)
[37.310s][debug][gc,phases      ] GC(90) Scavenge 2.077ms
[37.310s][debug][gc,ref         ] GC(90) Skipped phase 1 of Reference Processing: no references
[37.310s][debug][gc,ref         ] GC(90) ReferenceProcessor::execute queues: 1, RefProcThreadModel::Single, marks_oops_alive: false
[37.310s][debug][gc,ref         ] GC(90) Skipped phase 3 of Reference Processing: no references
[37.310s][debug][gc,ref         ] GC(90) ReferenceProcessor::execute queues: 1, RefProcThreadModel::Single, marks_oops_alive: false
[37.310s][debug][gc,phases      ] GC(90) Reference Processing 0.114ms
[37.310s][debug][gc,phases      ] GC(90)   VM Weak                        Min:  0.0, Avg:  0.0, Max:  0.0, Diff:  0.0, Sum:  0.0, Workers: 4
[37.310s][debug][gc,phases      ] GC(90)     Dead                           Min: 0, Avg:  0.0, Max: 0, Diff: 0, Sum: 0, Workers: 4
[37.310s][debug][gc,phases      ] GC(90)     Total                          Min: 0, Avg: 153.2, Max: 613, Diff: 613, Sum: 613, Workers: 4
[37.310s][debug][gc,phases      ] GC(90)   ObjectSynchronizer Weak        Min:  0.0, Avg:  0.0, Max:  0.0, Diff:  0.0, Sum:  0.0, Workers: 4
[37.310s][debug][gc,phases      ] GC(90)     Dead                           Min: 0, Avg:  0.0, Max: 0, Diff: 0, Sum: 0, Workers: 4
[37.310s][debug][gc,phases      ] GC(90)     Total                          Min: 0, Avg: 109.5, Max: 246, Diff: 246, Sum: 438, Workers: 4
[37.310s][debug][gc,phases      ] GC(90)   JVMTI Tag Weak OopStorage      Min:  0.0, Avg:  0.0, Max:  0.0, Diff:  0.0, Sum:  0.0, Workers: 4
[37.310s][debug][gc,phases      ] GC(90)     Dead                           Min: 0, Avg:  0.0, Max: 0, Diff: 0, Sum: 0, Workers: 4
[37.310s][debug][gc,phases      ] GC(90)     Total                          Min: 0, Avg:  0.0, Max: 0, Diff: 0, Sum: 0, Workers: 4
[37.310s][debug][gc,phases      ] GC(90)   StringTable Weak               Min:  0.1, Avg:  0.1, Max:  0.1, Diff:  0.0, Sum:  0.4, Workers: 4
[37.310s][debug][gc,phases      ] GC(90)     Dead                           Min: 0, Avg:  0.0, Max: 0, Diff: 0, Sum: 0, Workers: 4
[37.310s][debug][gc,phases      ] GC(90)     Total                          Min: 10304, Avg: 11073.5, Max: 11718, Diff: 1414, Sum: 44294, Workers: 4
[37.310s][debug][gc,phases      ] GC(90)   ResolvedMethodTable Weak       Min:  0.0, Avg:  0.0, Max:  0.0, Diff:  0.0, Sum:  0.1, Workers: 4
[37.310s][debug][gc,phases      ] GC(90)     Dead                           Min: 0, Avg: 11.0, Max: 38, Diff: 38, Sum: 44, Workers: 4
[37.310s][debug][gc,phases      ] GC(90)     Total                          Min: 1790, Avg: 1958.8, Max: 2301, Diff: 511, Sum: 7835, Workers: 4
[37.310s][debug][gc,phases      ] GC(90)   JNI Weak                       Min:  0.0, Avg:  0.0, Max:  0.0, Diff:  0.0, Sum:  0.0, Workers: 4
[37.310s][debug][gc,phases      ] GC(90)     Dead                           Min: 0, Avg:  0.0, Max: 0, Diff: 0, Sum: 0, Workers: 4
[37.310s][debug][gc,phases      ] GC(90)     Total                          Min: 0, Avg:  0.0, Max: 0, Diff: 0, Sum: 0, Workers: 4
[37.310s][debug][gc,phases      ] GC(90)   StringDedup Table Weak         Min:  0.0, Avg:  0.0, Max:  0.0, Diff:  0.0, Sum:  0.0, Workers: 4
[37.310s][debug][gc,phases      ] GC(90)     Dead                           Min: 0, Avg:  0.0, Max: 0, Diff: 0, Sum: 0, Workers: 4
[37.310s][debug][gc,phases      ] GC(90)     Total                          Min: 0, Avg:  0.0, Max: 0, Diff: 0, Sum: 0, Workers: 4
[37.310s][debug][gc,phases      ] GC(90)   StringDedup Requests0 Weak     Min:  0.0, Avg:  0.0, Max:  0.0, Diff:  0.0, Sum:  0.0, Workers: 4
[37.310s][debug][gc,phases      ] GC(90)     Dead                           Min: 0, Avg:  0.0, Max: 0, Diff: 0, Sum: 0, Workers: 4
[37.310s][debug][gc,phases      ] GC(90)     Total                          Min: 0, Avg:  0.0, Max: 0, Diff: 0, Sum: 0, Workers: 4
[37.310s][debug][gc,phases      ] GC(90)   StringDedup Requests1 Weak     Min:  0.0, Avg:  0.0, Max:  0.0, Diff:  0.0, Sum:  0.0, Workers: 4
[37.310s][debug][gc,phases      ] GC(90)     Dead                           Min: 0, Avg:  0.0, Max: 0, Diff: 0, Sum: 0, Workers: 4
[37.310s][debug][gc,phases      ] GC(90)     Total                          Min: 0, Avg:  0.0, Max: 0, Diff: 0, Sum: 0, Workers: 4
[37.310s][debug][gc,phases      ] GC(90)   Weak JFR Old Object Samples    Min:  0.0, Avg:  0.0, Max:  0.0, Diff:  0.0, Sum:  0.0, Workers: 4
[37.310s][debug][gc,phases      ] GC(90)     Dead                           Min: 0, Avg:  0.0, Max: 0, Diff: 0, Sum: 0, Workers: 4
[37.310s][debug][gc,phases      ] GC(90)     Total                          Min: 0, Avg:  0.0, Max: 0, Diff: 0, Sum: 0, Workers: 4
[37.310s][debug][gc,phases      ] GC(90) Weak Processing 0.299ms
[37.310s][debug][gc,age         ] GC(90) Desired survivor size 95944704 bytes, new threshold 15 (max threshold 15)
[37.310s][info ][gc,heap        ] GC(90) PSYoungGen: 1897792K(1995264K)->2948K(2003456K) Eden: 1895424K(1895424K)->0K(1906688K) From: 2368K(99840K)->2948K(96768K)
[37.310s][info ][gc,heap        ] GC(90) ParOldGen: 367266K(424448K)->367266K(424448K)
[37.310s][info ][gc,metaspace   ] GC(90) Metaspace: 74206K(75008K)->74206K(75008K) NonClass: 63492K(63936K)->63492K(63936K) Class: 10714K(11072K)->10714K(11072K)
[37.310s][info ][gc             ] GC(90) Pause Young (Allocation Failure) 2211M->361M(2371M) 2.610ms
[37.310s][info ][gc,cpu         ] GC(90) User=0.01s Sys=0.00s Real=0.00s
[37.310s][info ][safepoint      ] Safepoint "ParallelGCFailedAllocation", Time since last: 384354116 ns, Reaching safepoint: 96101 ns, At safepoint: 2707649 ns, Total: 2803750 ns
[37.677s][info ][gc,start       ] GC(91) Pause Young (Allocation Failure)
[37.679s][debug][gc,phases      ] GC(91) Scavenge 2.251ms
[37.679s][debug][gc,ref         ] GC(91) Skipped phase 1 of Reference Processing: no references
[37.679s][debug][gc,ref         ] GC(91) ReferenceProcessor::execute queues: 1, RefProcThreadModel::Single, marks_oops_alive: false
[37.680s][debug][gc,ref         ] GC(91) Skipped phase 3 of Reference Processing: no references
[37.680s][debug][gc,ref         ] GC(91) ReferenceProcessor::execute queues: 1, RefProcThreadModel::Single, marks_oops_alive: false
[37.680s][debug][gc,phases      ] GC(91) Reference Processing 0.112ms
[37.680s][debug][gc,phases      ] GC(91)   VM Weak                        Min:  0.0, Avg:  0.0, Max:  0.0, Diff:  0.0, Sum:  0.0, Workers: 4
[37.680s][debug][gc,phases      ] GC(91)     Dead                           Min: 0, Avg:  0.0, Max: 0, Diff: 0, Sum: 0, Workers: 4
[37.680s][debug][gc,phases      ] GC(91)     Total                          Min: 0, Avg: 153.2, Max: 421, Diff: 421, Sum: 613, Workers: 4
[37.680s][debug][gc,phases      ] GC(91)   ObjectSynchronizer Weak        Min:  0.0, Avg:  0.0, Max:  0.0, Diff:  0.0, Sum:  0.0, Workers: 4
[37.680s][debug][gc,phases      ] GC(91)     Dead                           Min: 0, Avg:  0.0, Max: 0, Diff: 0, Sum: 0, Workers: 4
[37.680s][debug][gc,phases      ] GC(91)     Total                          Min: 0, Avg: 109.8, Max: 247, Diff: 247, Sum: 439, Workers: 4
[37.680s][debug][gc,phases      ] GC(91)   JVMTI Tag Weak OopStorage      Min:  0.0, Avg:  0.0, Max:  0.0, Diff:  0.0, Sum:  0.0, Workers: 4
[37.680s][debug][gc,phases      ] GC(91)     Dead                           Min: 0, Avg:  0.0, Max: 0, Diff: 0, Sum: 0, Workers: 4
[37.680s][debug][gc,phases      ] GC(91)     Total                          Min: 0, Avg:  0.0, Max: 0, Diff: 0, Sum: 0, Workers: 4
[37.680s][debug][gc,phases      ] GC(91)   StringTable Weak               Min:  0.1, Avg:  0.1, Max:  0.1, Diff:  0.0, Sum:  0.4, Workers: 4
[37.680s][debug][gc,phases      ] GC(91)     Dead                           Min: 0, Avg:  0.0, Max: 0, Diff: 0, Sum: 0, Workers: 4
[37.680s][debug][gc,phases      ] GC(91)     Total                          Min: 9728, Avg: 11073.8, Max: 11648, Diff: 1920, Sum: 44295, Workers: 4
[37.680s][debug][gc,phases      ] GC(91)   ResolvedMethodTable Weak       Min:  0.0, Avg:  0.0, Max:  0.0, Diff:  0.0, Sum:  0.1, Workers: 4
[37.680s][debug][gc,phases      ] GC(91)     Dead                           Min: 0, Avg:  0.0, Max: 0, Diff: 0, Sum: 0, Workers: 4
[37.680s][debug][gc,phases      ] GC(91)     Total                          Min: 1852, Avg: 1958.8, Max: 2176, Diff: 324, Sum: 7835, Workers: 4
[37.680s][debug][gc,phases      ] GC(91)   JNI Weak                       Min:  0.0, Avg:  0.0, Max:  0.0, Diff:  0.0, Sum:  0.0, Workers: 4
[37.680s][debug][gc,phases      ] GC(91)     Dead                           Min: 0, Avg:  0.0, Max: 0, Diff: 0, Sum: 0, Workers: 4
[37.680s][debug][gc,phases      ] GC(91)     Total                          Min: 0, Avg:  0.0, Max: 0, Diff: 0, Sum: 0, Workers: 4
[37.680s][debug][gc,phases      ] GC(91)   StringDedup Table Weak         Min:  0.0, Avg:  0.0, Max:  0.0, Diff:  0.0, Sum:  0.0, Workers: 4
[37.680s][debug][gc,phases      ] GC(91)     Dead                           Min: 0, Avg:  0.0, Max: 0, Diff: 0, Sum: 0, Workers: 4
[37.680s][debug][gc,phases      ] GC(91)     Total                          Min: 0, Avg:  0.0, Max: 0, Diff: 0, Sum: 0, Workers: 4
[37.680s][debug][gc,phases      ] GC(91)   StringDedup Requests0 Weak     Min:  0.0, Avg:  0.0, Max:  0.0, Diff:  0.0, Sum:  0.0, Workers: 4
[37.680s][debug][gc,phases      ] GC(91)     Dead                           Min: 0, Avg:  0.0, Max: 0, Diff: 0, Sum: 0, Workers: 4
[37.680s][debug][gc,phases      ] GC(91)     Total                          Min: 0, Avg:  0.0, Max: 0, Diff: 0, Sum: 0, Workers: 4
[37.680s][debug][gc,phases      ] GC(91)   StringDedup Requests1 Weak     Min:  0.0, Avg:  0.0, Max:  0.0, Diff:  0.0, Sum:  0.0, Workers: 4
[37.680s][debug][gc,phases      ] GC(91)     Dead                           Min: 0, Avg:  0.0, Max: 0, Diff: 0, Sum: 0, Workers: 4
[37.680s][debug][gc,phases      ] GC(91)     Total                          Min: 0, Avg:  0.0, Max: 0, Diff: 0, Sum: 0, Workers: 4
[37.680s][debug][gc,phases      ] GC(91)   Weak JFR Old Object Samples    Min:  0.0, Avg:  0.0, Max:  0.0, Diff:  0.0, Sum:  0.0, Workers: 4
[37.680s][debug][gc,phases      ] GC(91)     Dead                           Min: 0, Avg:  0.0, Max: 0, Diff: 0, Sum: 0, Workers: 4
[37.680s][debug][gc,phases      ] GC(91)     Total                          Min: 0, Avg:  0.0, Max: 0, Diff: 0, Sum: 0, Workers: 4
[37.680s][debug][gc,phases      ] GC(91) Weak Processing 0.293ms
[37.680s][debug][gc,age         ] GC(91) Desired survivor size 92274688 bytes, new threshold 15 (max threshold 15)
[37.680s][info ][gc,heap        ] GC(91) PSYoungGen: 1909636K(2003456K)->3268K(2000384K) Eden: 1906688K(1906688K)->0K(1906688K) From: 2948K(96768K)->3268K(93696K)
[37.680s][info ][gc,heap        ] GC(91) ParOldGen: 367266K(424448K)->367266K(424448K)
[37.680s][info ][gc,metaspace   ] GC(91) Metaspace: 74208K(75008K)->74208K(75008K) NonClass: 63494K(63936K)->63494K(63936K) Class: 10714K(11072K)->10714K(11072K)
[37.680s][info ][gc             ] GC(91) Pause Young (Allocation Failure) 2223M->361M(2368M) 2.777ms
[37.680s][info ][gc,cpu         ] GC(91) User=0.01s Sys=0.00s Real=0.00s
[37.680s][info ][safepoint      ] Safepoint "ParallelGCFailedAllocation", Time since last: 366741599 ns, Reaching safepoint: 67201 ns, At safepoint: 2883952 ns, Total: 2951153 ns
[38.046s][info ][gc,start       ] GC(92) Pause Young (Allocation Failure)
[38.048s][debug][gc,phases      ] GC(92) Scavenge 2.294ms
[38.048s][debug][gc,ref         ] GC(92) Skipped phase 1 of Reference Processing: no references
[38.048s][debug][gc,ref         ] GC(92) ReferenceProcessor::execute queues: 1, RefProcThreadModel::Single, marks_oops_alive: false
[38.048s][debug][gc,ref         ] GC(92) Skipped phase 3 of Reference Processing: no references
[38.048s][debug][gc,ref         ] GC(92) ReferenceProcessor::execute queues: 1, RefProcThreadModel::Single, marks_oops_alive: false
[38.048s][debug][gc,phases      ] GC(92) Reference Processing 0.104ms
[38.048s][debug][gc,phases      ] GC(92)   VM Weak                        Min:  0.0, Avg:  0.0, Max:  0.0, Diff:  0.0, Sum:  0.0, Workers: 4
[38.048s][debug][gc,phases      ] GC(92)     Dead                           Min: 0, Avg:  0.0, Max: 0, Diff: 0, Sum: 0, Workers: 4
[38.048s][debug][gc,phases      ] GC(92)     Total                          Min: 0, Avg: 153.2, Max: 613, Diff: 613, Sum: 613, Workers: 4
[38.048s][debug][gc,phases      ] GC(92)   ObjectSynchronizer Weak        Min:  0.0, Avg:  0.0, Max:  0.0, Diff:  0.0, Sum:  0.0, Workers: 4
[38.048s][debug][gc,phases      ] GC(92)     Dead                           Min: 0, Avg:  0.0, Max: 0, Diff: 0, Sum: 0, Workers: 4
[38.048s][debug][gc,phases      ] GC(92)     Total                          Min: 0, Avg: 109.8, Max: 439, Diff: 439, Sum: 439, Workers: 4
[38.048s][debug][gc,phases      ] GC(92)   JVMTI Tag Weak OopStorage      Min:  0.0, Avg:  0.0, Max:  0.0, Diff:  0.0, Sum:  0.0, Workers: 4
[38.048s][debug][gc,phases      ] GC(92)     Dead                           Min: 0, Avg:  0.0, Max: 0, Diff: 0, Sum: 0, Workers: 4
[38.048s][debug][gc,phases      ] GC(92)     Total                          Min: 0, Avg:  0.0, Max: 0, Diff: 0, Sum: 0, Workers: 4
[38.048s][debug][gc,phases      ] GC(92)   StringTable Weak               Min:  0.1, Avg:  0.1, Max:  0.1, Diff:  0.0, Sum:  0.4, Workers: 4
[38.048s][debug][gc,phases      ] GC(92)     Dead                           Min: 0, Avg:  0.0, Max: 0, Diff: 0, Sum: 0, Workers: 4
[38.048s][debug][gc,phases      ] GC(92)     Total                          Min: 10688, Avg: 11073.8, Max: 11847, Diff: 1159, Sum: 44295, Workers: 4
[38.048s][debug][gc,phases      ] GC(92)   ResolvedMethodTable Weak       Min:  0.0, Avg:  0.0, Max:  0.0, Diff:  0.0, Sum:  0.1, Workers: 4
[38.048s][debug][gc,phases      ] GC(92)     Dead                           Min: 0, Avg:  0.0, Max: 0, Diff: 0, Sum: 0, Workers: 4
[38.048s][debug][gc,phases      ] GC(92)     Total                          Min: 1664, Avg: 1958.8, Max: 2175, Diff: 511, Sum: 7835, Workers: 4
[38.048s][debug][gc,phases      ] GC(92)   JNI Weak                       Min:  0.0, Avg:  0.0, Max:  0.0, Diff:  0.0, Sum:  0.0, Workers: 4
[38.048s][debug][gc,phases      ] GC(92)     Dead                           Min: 0, Avg:  0.0, Max: 0, Diff: 0, Sum: 0, Workers: 4
[38.048s][debug][gc,phases      ] GC(92)     Total                          Min: 0, Avg:  0.0, Max: 0, Diff: 0, Sum: 0, Workers: 4
[38.048s][debug][gc,phases      ] GC(92)   StringDedup Table Weak         Min:  0.0, Avg:  0.0, Max:  0.0, Diff:  0.0, Sum:  0.0, Workers: 4
[38.048s][debug][gc,phases      ] GC(92)     Dead                           Min: 0, Avg:  0.0, Max: 0, Diff: 0, Sum: 0, Workers: 4
[38.048s][debug][gc,phases      ] GC(92)     Total                          Min: 0, Avg:  0.0, Max: 0, Diff: 0, Sum: 0, Workers: 4
[38.048s][debug][gc,phases      ] GC(92)   StringDedup Requests0 Weak     Min:  0.0, Avg:  0.0, Max:  0.0, Diff:  0.0, Sum:  0.0, Workers: 4
[38.048s][debug][gc,phases      ] GC(92)     Dead                           Min: 0, Avg:  0.0, Max: 0, Diff: 0, Sum: 0, Workers: 4
[38.048s][debug][gc,phases      ] GC(92)     Total                          Min: 0, Avg:  0.0, Max: 0, Diff: 0, Sum: 0, Workers: 4
[38.048s][debug][gc,phases      ] GC(92)   StringDedup Requests1 Weak     Min:  0.0, Avg:  0.0, Max:  0.0, Diff:  0.0, Sum:  0.0, Workers: 4
[38.048s][debug][gc,phases      ] GC(92)     Dead                           Min: 0, Avg:  0.0, Max: 0, Diff: 0, Sum: 0, Workers: 4
[38.048s][debug][gc,phases      ] GC(92)     Total                          Min: 0, Avg:  0.0, Max: 0, Diff: 0, Sum: 0, Workers: 4
[38.049s][debug][gc,phases      ] GC(92)   Weak JFR Old Object Samples    Min:  0.0, Avg:  0.0, Max:  0.0, Diff:  0.0, Sum:  0.0, Workers: 4
[38.049s][debug][gc,phases      ] GC(92)     Dead                           Min: 0, Avg:  0.0, Max: 0, Diff: 0, Sum: 0, Workers: 4
[38.049s][debug][gc,phases      ] GC(92)     Total                          Min: 0, Avg:  0.0, Max: 0, Diff: 0, Sum: 0, Workers: 4
[38.049s][debug][gc,phases      ] GC(92) Weak Processing 0.297ms
[38.049s][debug][gc,age         ] GC(92) Desired survivor size 88080384 bytes, new threshold 15 (max threshold 15)
[38.049s][info ][gc,heap        ] GC(92) PSYoungGen: 1909956K(2000384K)->3588K(2011136K) Eden: 1906688K(1906688K)->0K(1921024K) From: 3268K(93696K)->3588K(90112K)
[38.049s][info ][gc,heap        ] GC(92) ParOldGen: 367266K(424448K)->367266K(424448K)
[38.049s][info ][gc,metaspace   ] GC(92) Metaspace: 74211K(75008K)->74211K(75008K) NonClass: 63496K(63936K)->63496K(63936K) Class: 10714K(11072K)->10714K(11072K)
[38.049s][info ][gc             ] GC(92) Pause Young (Allocation Failure) 2223M->362M(2378M) 2.815ms
[38.049s][info ][gc,cpu         ] GC(92) User=0.01s Sys=0.00s Real=0.01s
[38.049s][info ][safepoint      ] Safepoint "ParallelGCFailedAllocation", Time since last: 365625278 ns, Reaching safepoint: 134502 ns, At safepoint: 2929053 ns, Total: 3063555 ns
[38.409s][info ][gc,start       ] GC(93) Pause Young (Allocation Failure)
[38.411s][debug][gc,phases      ] GC(93) Scavenge 2.233ms
[38.411s][debug][gc,ref         ] GC(93) Skipped phase 1 of Reference Processing: no references
[38.411s][debug][gc,ref         ] GC(93) ReferenceProcessor::execute queues: 1, RefProcThreadModel::Single, marks_oops_alive: false
[38.411s][debug][gc,ref         ] GC(93) Skipped phase 3 of Reference Processing: no references
[38.411s][debug][gc,ref         ] GC(93) ReferenceProcessor::execute queues: 1, RefProcThreadModel::Single, marks_oops_alive: false
[38.411s][debug][gc,phases      ] GC(93) Reference Processing 0.101ms
[38.411s][debug][gc,phases      ] GC(93)   VM Weak                        Min:  0.0, Avg:  0.0, Max:  0.0, Diff:  0.0, Sum:  0.0, Workers: 4
[38.411s][debug][gc,phases      ] GC(93)     Dead                           Min: 0, Avg:  0.0, Max: 0, Diff: 0, Sum: 0, Workers: 4
[38.411s][debug][gc,phases      ] GC(93)     Total                          Min: 0, Avg: 153.2, Max: 613, Diff: 613, Sum: 613, Workers: 4
[38.411s][debug][gc,phases      ] GC(93)   ObjectSynchronizer Weak        Min:  0.0, Avg:  0.0, Max:  0.0, Diff:  0.0, Sum:  0.0, Workers: 4
[38.411s][debug][gc,phases      ] GC(93)     Dead                           Min: 0, Avg:  0.0, Max: 0, Diff: 0, Sum: 0, Workers: 4
[38.411s][debug][gc,phases      ] GC(93)     Total                          Min: 0, Avg: 109.8, Max: 192, Diff: 192, Sum: 439, Workers: 4
[38.411s][debug][gc,phases      ] GC(93)   JVMTI Tag Weak OopStorage      Min:  0.0, Avg:  0.0, Max:  0.0, Diff:  0.0, Sum:  0.0, Workers: 4
[38.411s][debug][gc,phases      ] GC(93)     Dead                           Min: 0, Avg:  0.0, Max: 0, Diff: 0, Sum: 0, Workers: 4
[38.411s][debug][gc,phases      ] GC(93)     Total                          Min: 0, Avg:  0.0, Max: 0, Diff: 0, Sum: 0, Workers: 4
[38.412s][debug][gc,phases      ] GC(93)   StringTable Weak               Min:  0.1, Avg:  0.1, Max:  0.1, Diff:  0.0, Sum:  0.4, Workers: 4
[38.412s][debug][gc,phases      ] GC(93)     Dead                           Min: 0, Avg:  0.0, Max: 0, Diff: 0, Sum: 0, Workers: 4
[38.412s][debug][gc,phases      ] GC(93)     Total                          Min: 10441, Avg: 11074.2, Max: 11456, Diff: 1015, Sum: 44297, Workers: 4
[38.412s][debug][gc,phases      ] GC(93)   ResolvedMethodTable Weak       Min:  0.0, Avg:  0.0, Max:  0.0, Diff:  0.0, Sum:  0.1, Workers: 4
[38.412s][debug][gc,phases      ] GC(93)     Dead                           Min: 0, Avg:  0.0, Max: 0, Diff: 0, Sum: 0, Workers: 4
[38.412s][debug][gc,phases      ] GC(93)     Total                          Min: 1661, Avg: 1958.8, Max: 2464, Diff: 803, Sum: 7835, Workers: 4
[38.412s][debug][gc,phases      ] GC(93)   JNI Weak                       Min:  0.0, Avg:  0.0, Max:  0.0, Diff:  0.0, Sum:  0.0, Workers: 4
[38.412s][debug][gc,phases      ] GC(93)     Dead                           Min: 0, Avg:  0.0, Max: 0, Diff: 0, Sum: 0, Workers: 4
[38.412s][debug][gc,phases      ] GC(93)     Total                          Min: 0, Avg:  0.0, Max: 0, Diff: 0, Sum: 0, Workers: 4
[38.412s][debug][gc,phases      ] GC(93)   StringDedup Table Weak         Min:  0.0, Avg:  0.0, Max:  0.0, Diff:  0.0, Sum:  0.0, Workers: 4
[38.412s][debug][gc,phases      ] GC(93)     Dead                           Min: 0, Avg:  0.0, Max: 0, Diff: 0, Sum: 0, Workers: 4
[38.412s][debug][gc,phases      ] GC(93)     Total                          Min: 0, Avg:  0.0, Max: 0, Diff: 0, Sum: 0, Workers: 4
[38.412s][debug][gc,phases      ] GC(93)   StringDedup Requests0 Weak     Min:  0.0, Avg:  0.0, Max:  0.0, Diff:  0.0, Sum:  0.0, Workers: 4
[38.412s][debug][gc,phases      ] GC(93)     Dead                           Min: 0, Avg:  0.0, Max: 0, Diff: 0, Sum: 0, Workers: 4
[38.412s][debug][gc,phases      ] GC(93)     Total                          Min: 0, Avg:  0.0, Max: 0, Diff: 0, Sum: 0, Workers: 4
[38.412s][debug][gc,phases      ] GC(93)   StringDedup Requests1 Weak     Min:  0.0, Avg:  0.0, Max:  0.0, Diff:  0.0, Sum:  0.0, Workers: 4
[38.412s][debug][gc,phases      ] GC(93)     Dead                           Min: 0, Avg:  0.0, Max: 0, Diff: 0, Sum: 0, Workers: 4
[38.412s][debug][gc,phases      ] GC(93)     Total                          Min: 0, Avg:  0.0, Max: 0, Diff: 0, Sum: 0, Workers: 4
[38.412s][debug][gc,phases      ] GC(93)   Weak JFR Old Object Samples    Min:  0.0, Avg:  0.0, Max:  0.0, Diff:  0.0, Sum:  0.0, Workers: 4
[38.412s][debug][gc,phases      ] GC(93)     Dead                           Min: 0, Avg:  0.0, Max: 0, Diff: 0, Sum: 0, Workers: 4
[38.412s][debug][gc,phases      ] GC(93)     Total                          Min: 0, Avg:  0.0, Max: 0, Diff: 0, Sum: 0, Workers: 4
[38.412s][debug][gc,phases      ] GC(93) Weak Processing 0.288ms
[38.412s][debug][gc,age         ] GC(93) Desired survivor size 84410368 bytes, new threshold 15 (max threshold 15)
[38.412s][info ][gc,heap        ] GC(93) PSYoungGen: 1924612K(2011136K)->3844K(2007040K) Eden: 1921024K(1921024K)->0K(1921024K) From: 3588K(90112K)->3844K(86016K)
[38.412s][info ][gc,heap        ] GC(93) ParOldGen: 367266K(424448K)->367266K(424448K)
[38.412s][info ][gc,metaspace   ] GC(93) Metaspace: 74211K(75008K)->74211K(75008K) NonClass: 63496K(63936K)->63496K(63936K) Class: 10714K(11072K)->10714K(11072K)
[38.412s][info ][gc             ] GC(93) Pause Young (Allocation Failure) 2238M->362M(2374M) 2.729ms
[38.412s][info ][gc,cpu         ] GC(93) User=0.01s Sys=0.00s Real=0.00s
[38.412s][info ][safepoint      ] Safepoint "ParallelGCFailedAllocation", Time since last: 360108279 ns, Reaching safepoint: 126502 ns, At safepoint: 2828451 ns, Total: 2954953 ns
[38.776s][info ][gc,start       ] GC(94) Pause Young (Allocation Failure)
[38.778s][debug][gc,phases      ] GC(94) Scavenge 2.393ms
[38.778s][debug][gc,ref         ] GC(94) Skipped phase 1 of Reference Processing: no references
[38.778s][debug][gc,ref         ] GC(94) ReferenceProcessor::execute queues: 1, RefProcThreadModel::Single, marks_oops_alive: false
[38.778s][debug][gc,ref         ] GC(94) Skipped phase 3 of Reference Processing: no references
[38.778s][debug][gc,ref         ] GC(94) ReferenceProcessor::execute queues: 1, RefProcThreadModel::Single, marks_oops_alive: false
[38.778s][debug][gc,phases      ] GC(94) Reference Processing 0.123ms
[38.779s][debug][gc,phases      ] GC(94)   VM Weak                        Min:  0.0, Avg:  0.0, Max:  0.0, Diff:  0.0, Sum:  0.0, Workers: 4
[38.779s][debug][gc,phases      ] GC(94)     Dead                           Min: 0, Avg:  0.0, Max: 0, Diff: 0, Sum: 0, Workers: 4
[38.779s][debug][gc,phases      ] GC(94)     Total                          Min: 0, Avg: 153.2, Max: 384, Diff: 384, Sum: 613, Workers: 4
[38.779s][debug][gc,phases      ] GC(94)   ObjectSynchronizer Weak        Min:  0.0, Avg:  0.0, Max:  0.0, Diff:  0.0, Sum:  0.0, Workers: 4
[38.779s][debug][gc,phases      ] GC(94)     Dead                           Min: 0, Avg:  0.0, Max: 0, Diff: 0, Sum: 0, Workers: 4
[38.779s][debug][gc,phases      ] GC(94)     Total                          Min: 0, Avg: 109.8, Max: 183, Diff: 183, Sum: 439, Workers: 4
[38.779s][debug][gc,phases      ] GC(94)   JVMTI Tag Weak OopStorage      Min:  0.0, Avg:  0.0, Max:  0.0, Diff:  0.0, Sum:  0.0, Workers: 4
[38.779s][debug][gc,phases      ] GC(94)     Dead                           Min: 0, Avg:  0.0, Max: 0, Diff: 0, Sum: 0, Workers: 4
[38.779s][debug][gc,phases      ] GC(94)     Total                          Min: 0, Avg:  0.0, Max: 0, Diff: 0, Sum: 0, Workers: 4
[38.779s][debug][gc,phases      ] GC(94)   StringTable Weak               Min:  0.1, Avg:  0.1, Max:  0.1, Diff:  0.0, Sum:  0.4, Workers: 4
[38.779s][debug][gc,phases      ] GC(94)     Dead                           Min: 0, Avg:  0.0, Max: 0, Diff: 0, Sum: 0, Workers: 4
[38.779s][debug][gc,phases      ] GC(94)     Total                          Min: 10304, Avg: 11074.5, Max: 11402, Diff: 1098, Sum: 44298, Workers: 4
[38.779s][debug][gc,phases      ] GC(94)   ResolvedMethodTable Weak       Min:  0.0, Avg:  0.0, Max:  0.0, Diff:  0.0, Sum:  0.1, Workers: 4
[38.779s][debug][gc,phases      ] GC(94)     Dead                           Min: 0, Avg:  0.0, Max: 0, Diff: 0, Sum: 0, Workers: 4
[38.779s][debug][gc,phases      ] GC(94)     Total                          Min: 1855, Avg: 1958.8, Max: 2112, Diff: 257, Sum: 7835, Workers: 4
[38.779s][debug][gc,phases      ] GC(94)   JNI Weak                       Min:  0.0, Avg:  0.0, Max:  0.0, Diff:  0.0, Sum:  0.0, Workers: 4
[38.779s][debug][gc,phases      ] GC(94)     Dead                           Min: 0, Avg:  0.0, Max: 0, Diff: 0, Sum: 0, Workers: 4
[38.779s][debug][gc,phases      ] GC(94)     Total                          Min: 0, Avg:  0.0, Max: 0, Diff: 0, Sum: 0, Workers: 4
[38.779s][debug][gc,phases      ] GC(94)   StringDedup Table Weak         Min:  0.0, Avg:  0.0, Max:  0.0, Diff:  0.0, Sum:  0.0, Workers: 4
[38.779s][debug][gc,phases      ] GC(94)     Dead                           Min: 0, Avg:  0.0, Max: 0, Diff: 0, Sum: 0, Workers: 4
[38.779s][debug][gc,phases      ] GC(94)     Total                          Min: 0, Avg:  0.0, Max: 0, Diff: 0, Sum: 0, Workers: 4
[38.779s][debug][gc,phases      ] GC(94)   StringDedup Requests0 Weak     Min:  0.0, Avg:  0.0, Max:  0.0, Diff:  0.0, Sum:  0.0, Workers: 4
[38.779s][debug][gc,phases      ] GC(94)     Dead                           Min: 0, Avg:  0.0, Max: 0, Diff: 0, Sum: 0, Workers: 4
[38.779s][debug][gc,phases      ] GC(94)     Total                          Min: 0, Avg:  0.0, Max: 0, Diff: 0, Sum: 0, Workers: 4
[38.779s][debug][gc,phases      ] GC(94)   StringDedup Requests1 Weak     Min:  0.0, Avg:  0.0, Max:  0.0, Diff:  0.0, Sum:  0.0, Workers: 4
[38.779s][debug][gc,phases      ] GC(94)     Dead                           Min: 0, Avg:  0.0, Max: 0, Diff: 0, Sum: 0, Workers: 4
[38.779s][debug][gc,phases      ] GC(94)     Total                          Min: 0, Avg:  0.0, Max: 0, Diff: 0, Sum: 0, Workers: 4
[38.779s][debug][gc,phases      ] GC(94)   Weak JFR Old Object Samples    Min:  0.0, Avg:  0.0, Max:  0.0, Diff:  0.0, Sum:  0.0, Workers: 4
[38.779s][debug][gc,phases      ] GC(94)     Dead                           Min: 0, Avg:  0.0, Max: 0, Diff: 0, Sum: 0, Workers: 4
[38.779s][debug][gc,phases      ] GC(94)     Total                          Min: 0, Avg:  0.0, Max: 0, Diff: 0, Sum: 0, Workers: 4
[38.779s][debug][gc,phases      ] GC(94) Weak Processing 0.315ms
[38.779s][debug][gc,age         ] GC(94) Desired survivor size 80216064 bytes, new threshold 15 (max threshold 15)
[38.779s][info ][gc,heap        ] GC(94) PSYoungGen: 1924868K(2007040K)->4164K(2018816K) Eden: 1921024K(1921024K)->0K(1936384K) From: 3844K(86016K)->4164K(82432K)
[38.779s][info ][gc,heap        ] GC(94) ParOldGen: 367266K(424448K)->367266K(424448K)
[38.779s][info ][gc,metaspace   ] GC(94) Metaspace: 74218K(75008K)->74218K(75008K) NonClass: 63504K(63936K)->63504K(63936K) Class: 10714K(11072K)->10714K(11072K)
[38.779s][info ][gc             ] GC(94) Pause Young (Allocation Failure) 2238M->362M(2386M) 2.978ms
[38.779s][info ][gc,cpu         ] GC(94) User=0.01s Sys=0.00s Real=0.00s
[38.779s][info ][safepoint      ] Safepoint "ParallelGCFailedAllocation", Time since last: 363885647 ns, Reaching safepoint: 154703 ns, At safepoint: 3089055 ns, Total: 3243758 ns
[39.167s][info ][gc,start       ] GC(95) Pause Young (Allocation Failure)
[39.169s][debug][gc,phases      ] GC(95) Scavenge 2.495ms
[39.169s][debug][gc,ref         ] GC(95) Skipped phase 1 of Reference Processing: no references
[39.169s][debug][gc,ref         ] GC(95) ReferenceProcessor::execute queues: 1, RefProcThreadModel::Single, marks_oops_alive: false
[39.169s][debug][gc,ref         ] GC(95) Skipped phase 3 of Reference Processing: no references
[39.169s][debug][gc,ref         ] GC(95) ReferenceProcessor::execute queues: 1, RefProcThreadModel::Single, marks_oops_alive: false
[39.169s][debug][gc,phases      ] GC(95) Reference Processing 0.107ms
[39.170s][debug][gc,phases      ] GC(95)   VM Weak                        Min:  0.0, Avg:  0.0, Max:  0.0, Diff:  0.0, Sum:  0.0, Workers: 4
[39.170s][debug][gc,phases      ] GC(95)     Dead                           Min: 0, Avg:  0.0, Max: 0, Diff: 0, Sum: 0, Workers: 4
[39.170s][debug][gc,phases      ] GC(95)     Total                          Min: 0, Avg: 154.5, Max: 384, Diff: 384, Sum: 618, Workers: 4
[39.170s][debug][gc,phases      ] GC(95)   ObjectSynchronizer Weak        Min:  0.0, Avg:  0.0, Max:  0.0, Diff:  0.0, Sum:  0.0, Workers: 4
[39.170s][debug][gc,phases      ] GC(95)     Dead                           Min: 0, Avg:  0.0, Max: 0, Diff: 0, Sum: 0, Workers: 4
[39.170s][debug][gc,phases      ] GC(95)     Total                          Min: 0, Avg: 109.8, Max: 192, Diff: 192, Sum: 439, Workers: 4
[39.170s][debug][gc,phases      ] GC(95)   JVMTI Tag Weak OopStorage      Min:  0.0, Avg:  0.0, Max:  0.0, Diff:  0.0, Sum:  0.0, Workers: 4
[39.170s][debug][gc,phases      ] GC(95)     Dead                           Min: 0, Avg:  0.0, Max: 0, Diff: 0, Sum: 0, Workers: 4
[39.170s][debug][gc,phases      ] GC(95)     Total                          Min: 0, Avg:  0.0, Max: 0, Diff: 0, Sum: 0, Workers: 4
[39.170s][debug][gc,phases      ] GC(95)   StringTable Weak               Min:  0.1, Avg:  0.1, Max:  0.1, Diff:  0.0, Sum:  0.4, Workers: 4
[39.170s][debug][gc,phases      ] GC(95)     Dead                           Min: 0, Avg:  0.2, Max: 1, Diff: 1, Sum: 1, Workers: 4
[39.170s][debug][gc,phases      ] GC(95)     Total                          Min: 11008, Avg: 11237.0, Max: 11519, Diff: 511, Sum: 44948, Workers: 4
[39.170s][debug][gc,phases      ] GC(95)   ResolvedMethodTable Weak       Min:  0.0, Avg:  0.0, Max:  0.0, Diff:  0.0, Sum:  0.1, Workers: 4
[39.170s][debug][gc,phases      ] GC(95)     Dead                           Min: 0, Avg:  0.0, Max: 0, Diff: 0, Sum: 0, Workers: 4
[39.170s][debug][gc,phases      ] GC(95)     Total                          Min: 1600, Avg: 1959.5, Max: 2207, Diff: 607, Sum: 7838, Workers: 4
[39.170s][debug][gc,phases      ] GC(95)   JNI Weak                       Min:  0.0, Avg:  0.0, Max:  0.0, Diff:  0.0, Sum:  0.0, Workers: 4
[39.170s][debug][gc,phases      ] GC(95)     Dead                           Min: 0, Avg:  0.0, Max: 0, Diff: 0, Sum: 0, Workers: 4
[39.170s][debug][gc,phases      ] GC(95)     Total                          Min: 0, Avg:  0.0, Max: 0, Diff: 0, Sum: 0, Workers: 4
[39.170s][debug][gc,phases      ] GC(95)   StringDedup Table Weak         Min:  0.0, Avg:  0.0, Max:  0.0, Diff:  0.0, Sum:  0.0, Workers: 4
[39.170s][debug][gc,phases      ] GC(95)     Dead                           Min: 0, Avg:  0.0, Max: 0, Diff: 0, Sum: 0, Workers: 4
[39.170s][debug][gc,phases      ] GC(95)     Total                          Min: 0, Avg:  0.0, Max: 0, Diff: 0, Sum: 0, Workers: 4
[39.170s][debug][gc,phases      ] GC(95)   StringDedup Requests0 Weak     Min:  0.0, Avg:  0.0, Max:  0.0, Diff:  0.0, Sum:  0.0, Workers: 4
[39.170s][debug][gc,phases      ] GC(95)     Dead                           Min: 0, Avg:  0.0, Max: 0, Diff: 0, Sum: 0, Workers: 4
[39.170s][debug][gc,phases      ] GC(95)     Total                          Min: 0, Avg:  0.0, Max: 0, Diff: 0, Sum: 0, Workers: 4
[39.170s][debug][gc,phases      ] GC(95)   StringDedup Requests1 Weak     Min:  0.0, Avg:  0.0, Max:  0.0, Diff:  0.0, Sum:  0.0, Workers: 4
[39.170s][debug][gc,phases      ] GC(95)     Dead                           Min: 0, Avg:  0.0, Max: 0, Diff: 0, Sum: 0, Workers: 4
[39.170s][debug][gc,phases      ] GC(95)     Total                          Min: 0, Avg:  0.0, Max: 0, Diff: 0, Sum: 0, Workers: 4
[39.170s][debug][gc,phases      ] GC(95)   Weak JFR Old Object Samples    Min:  0.0, Avg:  0.0, Max:  0.0, Diff:  0.0, Sum:  0.0, Workers: 4
[39.170s][debug][gc,phases      ] GC(95)     Dead                           Min: 0, Avg:  0.0, Max: 0, Diff: 0, Sum: 0, Workers: 4
[39.170s][debug][gc,phases      ] GC(95)     Total                          Min: 0, Avg:  0.0, Max: 0, Diff: 0, Sum: 0, Workers: 4
[39.170s][debug][gc,phases      ] GC(95) Weak Processing 0.301ms
[39.170s][debug][gc,age         ] GC(95) Desired survivor size 76021760 bytes, new threshold 15 (max threshold 15)
[39.170s][info ][gc,heap        ] GC(95) PSYoungGen: 1940548K(2018816K)->4868K(2014720K) Eden: 1936384K(1936384K)->0K(1936384K) From: 4164K(82432K)->4868K(78336K)
[39.170s][info ][gc,heap        ] GC(95) ParOldGen: 367266K(424448K)->367274K(424448K)
[39.170s][info ][gc,metaspace   ] GC(95) Metaspace: 74581K(75328K)->74581K(75328K) NonClass: 63817K(64192K)->63817K(64192K) Class: 10764K(11136K)->10764K(11136K)
[39.170s][info ][gc             ] GC(95) Pause Young (Allocation Failure) 2253M->363M(2382M) 3.022ms
[39.170s][info ][gc,cpu         ] GC(95) User=0.01s Sys=0.00s Real=0.01s
[39.170s][info ][safepoint      ] Safepoint "ParallelGCFailedAllocation", Time since last: 387774077 ns, Reaching safepoint: 169003 ns, At safepoint: 3131756 ns, Total: 3300759 ns
[39.606s][info ][gc,start       ] GC(96) Pause Young (Allocation Failure)
[39.610s][debug][gc,phases      ] GC(96) Scavenge 3.730ms
[39.610s][debug][gc,ref         ] GC(96) Skipped phase 1 of Reference Processing: no references
[39.610s][debug][gc,ref         ] GC(96) ReferenceProcessor::execute queues: 1, RefProcThreadModel::Single, marks_oops_alive: false
[39.610s][debug][gc,ref         ] GC(96) Skipped phase 3 of Reference Processing: no references
[39.610s][debug][gc,ref         ] GC(96) ReferenceProcessor::execute queues: 1, RefProcThreadModel::Single, marks_oops_alive: false
[39.610s][debug][gc,phases      ] GC(96) Reference Processing 0.114ms
[39.610s][debug][gc,phases      ] GC(96)   VM Weak                        Min:  0.0, Avg:  0.0, Max:  0.0, Diff:  0.0, Sum:  0.0, Workers: 4
[39.610s][debug][gc,phases      ] GC(96)     Dead                           Min: 0, Avg:  0.0, Max: 0, Diff: 0, Sum: 0, Workers: 4
[39.610s][debug][gc,phases      ] GC(96)     Total                          Min: 0, Avg: 156.8, Max: 448, Diff: 448, Sum: 627, Workers: 4
[39.610s][debug][gc,phases      ] GC(96)   ObjectSynchronizer Weak        Min:  0.0, Avg:  0.0, Max:  0.0, Diff:  0.0, Sum:  0.0, Workers: 4
[39.610s][debug][gc,phases      ] GC(96)     Dead                           Min: 0, Avg:  0.2, Max: 1, Diff: 1, Sum: 1, Workers: 4
[39.610s][debug][gc,phases      ] GC(96)     Total                          Min: 0, Avg: 110.0, Max: 248, Diff: 248, Sum: 440, Workers: 4
[39.610s][debug][gc,phases      ] GC(96)   JVMTI Tag Weak OopStorage      Min:  0.0, Avg:  0.0, Max:  0.0, Diff:  0.0, Sum:  0.0, Workers: 4
[39.610s][debug][gc,phases      ] GC(96)     Dead                           Min: 0, Avg:  0.0, Max: 0, Diff: 0, Sum: 0, Workers: 4
[39.610s][debug][gc,phases      ] GC(96)     Total                          Min: 0, Avg:  0.0, Max: 0, Diff: 0, Sum: 0, Workers: 4
[39.610s][debug][gc,phases      ] GC(96)   StringTable Weak               Min:  0.1, Avg:  0.1, Max:  0.1, Diff:  0.0, Sum:  0.4, Workers: 4
[39.610s][debug][gc,phases      ] GC(96)     Dead                           Min: 0, Avg:  0.2, Max: 1, Diff: 1, Sum: 1, Workers: 4
[39.610s][debug][gc,phases      ] GC(96)     Total                          Min: 10176, Avg: 11572.2, Max: 13056, Diff: 2880, Sum: 46289, Workers: 4
[39.610s][debug][gc,phases      ] GC(96)   ResolvedMethodTable Weak       Min:  0.0, Avg:  0.0, Max:  0.0, Diff:  0.0, Sum:  0.1, Workers: 4
[39.610s][debug][gc,phases      ] GC(96)     Dead                           Min: 0, Avg:  1.0, Max: 4, Diff: 4, Sum: 4, Workers: 4
[39.610s][debug][gc,phases      ] GC(96)     Total                          Min: 1472, Avg: 1967.5, Max: 2558, Diff: 1086, Sum: 7870, Workers: 4
[39.610s][debug][gc,phases      ] GC(96)   JNI Weak                       Min:  0.0, Avg:  0.0, Max:  0.0, Diff:  0.0, Sum:  0.0, Workers: 4
[39.610s][debug][gc,phases      ] GC(96)     Dead                           Min: 0, Avg:  0.0, Max: 0, Diff: 0, Sum: 0, Workers: 4
[39.610s][debug][gc,phases      ] GC(96)     Total                          Min: 0, Avg:  0.0, Max: 0, Diff: 0, Sum: 0, Workers: 4
[39.611s][debug][gc,phases      ] GC(96)   StringDedup Table Weak         Min:  0.0, Avg:  0.0, Max:  0.0, Diff:  0.0, Sum:  0.0, Workers: 4
[39.611s][debug][gc,phases      ] GC(96)     Dead                           Min: 0, Avg:  0.0, Max: 0, Diff: 0, Sum: 0, Workers: 4
[39.611s][debug][gc,phases      ] GC(96)     Total                          Min: 0, Avg:  0.0, Max: 0, Diff: 0, Sum: 0, Workers: 4
[39.611s][debug][gc,phases      ] GC(96)   StringDedup Requests0 Weak     Min:  0.0, Avg:  0.0, Max:  0.0, Diff:  0.0, Sum:  0.0, Workers: 4
[39.611s][debug][gc,phases      ] GC(96)     Dead                           Min: 0, Avg:  0.0, Max: 0, Diff: 0, Sum: 0, Workers: 4
[39.611s][debug][gc,phases      ] GC(96)     Total                          Min: 0, Avg:  0.0, Max: 0, Diff: 0, Sum: 0, Workers: 4
[39.611s][debug][gc,phases      ] GC(96)   StringDedup Requests1 Weak     Min:  0.0, Avg:  0.0, Max:  0.0, Diff:  0.0, Sum:  0.0, Workers: 4
[39.611s][debug][gc,phases      ] GC(96)     Dead                           Min: 0, Avg:  0.0, Max: 0, Diff: 0, Sum: 0, Workers: 4
[39.611s][debug][gc,phases      ] GC(96)     Total                          Min: 0, Avg:  0.0, Max: 0, Diff: 0, Sum: 0, Workers: 4
[39.611s][debug][gc,phases      ] GC(96)   Weak JFR Old Object Samples    Min:  0.0, Avg:  0.0, Max:  0.0, Diff:  0.0, Sum:  0.0, Workers: 4
[39.611s][debug][gc,phases      ] GC(96)     Dead                           Min: 0, Avg:  0.0, Max: 0, Diff: 0, Sum: 0, Workers: 4
[39.611s][debug][gc,phases      ] GC(96)     Total                          Min: 0, Avg:  0.0, Max: 0, Diff: 0, Sum: 0, Workers: 4
[39.611s][debug][gc,phases      ] GC(96) Weak Processing 0.308ms
[39.611s][debug][gc,age         ] GC(96) Desired survivor size 71303168 bytes, new threshold 15 (max threshold 15)
[39.611s][info ][gc,heap        ] GC(96) PSYoungGen: 1941252K(2014720K)->6826K(2027520K) Eden: 1936384K(1936384K)->0K(1953280K) From: 4868K(78336K)->6826K(74240K)
[39.611s][info ][gc,heap        ] GC(96) ParOldGen: 367274K(424448K)->367282K(424448K)
[39.611s][info ][gc,metaspace   ] GC(96) Metaspace: 77835K(78656K)->77835K(78656K) NonClass: 66643K(67072K)->66643K(67072K) Class: 11191K(11584K)->11191K(11584K)
[39.611s][info ][gc             ] GC(96) Pause Young (Allocation Failure) 2254M->365M(2394M) 4.287ms
[39.611s][info ][gc,cpu         ] GC(96) User=0.01s Sys=0.00s Real=0.01s
[39.611s][info ][safepoint      ] Safepoint "ParallelGCFailedAllocation", Time since last: 436189147 ns, Reaching safepoint: 192504 ns, At safepoint: 4396479 ns, Total: 4588983 ns
[40.021s][info ][gc,start       ] GC(97) Pause Young (Allocation Failure)
[40.025s][debug][gc,phases      ] GC(97) Scavenge 4.125ms
[40.025s][debug][gc,ref         ] GC(97) Skipped phase 1 of Reference Processing: no references
[40.025s][debug][gc,ref         ] GC(97) ReferenceProcessor::execute queues: 1, RefProcThreadModel::Single, marks_oops_alive: false
[40.025s][debug][gc,ref         ] GC(97) Skipped phase 3 of Reference Processing: no references
[40.025s][debug][gc,ref         ] GC(97) ReferenceProcessor::execute queues: 1, RefProcThreadModel::Single, marks_oops_alive: false
[40.025s][debug][gc,phases      ] GC(97) Reference Processing 0.116ms
[40.026s][debug][gc,phases      ] GC(97)   VM Weak                        Min:  0.0, Avg:  0.0, Max:  0.0, Diff:  0.0, Sum:  0.0, Workers: 4
[40.026s][debug][gc,phases      ] GC(97)     Dead                           Min: 0, Avg:  0.0, Max: 0, Diff: 0, Sum: 0, Workers: 4
[40.026s][debug][gc,phases      ] GC(97)     Total                          Min: 0, Avg: 157.0, Max: 628, Diff: 628, Sum: 628, Workers: 4
[40.026s][debug][gc,phases      ] GC(97)   ObjectSynchronizer Weak        Min:  0.0, Avg:  0.0, Max:  0.0, Diff:  0.0, Sum:  0.0, Workers: 4
[40.026s][debug][gc,phases      ] GC(97)     Dead                           Min: 0, Avg:  0.0, Max: 0, Diff: 0, Sum: 0, Workers: 4
[40.026s][debug][gc,phases      ] GC(97)     Total                          Min: 0, Avg: 110.5, Max: 442, Diff: 442, Sum: 442, Workers: 4
[40.026s][debug][gc,phases      ] GC(97)   JVMTI Tag Weak OopStorage      Min:  0.0, Avg:  0.0, Max:  0.0, Diff:  0.0, Sum:  0.0, Workers: 4
[40.026s][debug][gc,phases      ] GC(97)     Dead                           Min: 0, Avg:  0.0, Max: 0, Diff: 0, Sum: 0, Workers: 4
[40.026s][debug][gc,phases      ] GC(97)     Total                          Min: 0, Avg:  0.0, Max: 0, Diff: 0, Sum: 0, Workers: 4
[40.026s][debug][gc,phases      ] GC(97)   StringTable Weak               Min:  0.1, Avg:  0.1, Max:  0.1, Diff:  0.0, Sum:  0.4, Workers: 4
[40.026s][debug][gc,phases      ] GC(97)     Dead                           Min: 0, Avg:  0.8, Max: 2, Diff: 2, Sum: 3, Workers: 4
[40.026s][debug][gc,phases      ] GC(97)     Total                          Min: 10880, Avg: 11622.5, Max: 12826, Diff: 1946, Sum: 46490, Workers: 4
[40.026s][debug][gc,phases      ] GC(97)   ResolvedMethodTable Weak       Min:  0.0, Avg:  0.0, Max:  0.0, Diff:  0.0, Sum:  0.1, Workers: 4
[40.026s][debug][gc,phases      ] GC(97)     Dead                           Min: 0, Avg:  7.0, Max: 28, Diff: 28, Sum: 28, Workers: 4
[40.026s][debug][gc,phases      ] GC(97)     Total                          Min: 1012, Avg: 1977.2, Max: 2547, Diff: 1535, Sum: 7909, Workers: 4
[40.026s][debug][gc,phases      ] GC(97)   JNI Weak                       Min:  0.0, Avg:  0.0, Max:  0.0, Diff:  0.0, Sum:  0.0, Workers: 4
[40.026s][debug][gc,phases      ] GC(97)     Dead                           Min: 0, Avg:  0.0, Max: 0, Diff: 0, Sum: 0, Workers: 4
[40.026s][debug][gc,phases      ] GC(97)     Total                          Min: 0, Avg:  0.8, Max: 3, Diff: 3, Sum: 3, Workers: 4
[40.026s][debug][gc,phases      ] GC(97)   StringDedup Table Weak         Min:  0.0, Avg:  0.0, Max:  0.0, Diff:  0.0, Sum:  0.0, Workers: 4
[40.026s][debug][gc,phases      ] GC(97)     Dead                           Min: 0, Avg:  0.0, Max: 0, Diff: 0, Sum: 0, Workers: 4
[40.026s][debug][gc,phases      ] GC(97)     Total                          Min: 0, Avg:  0.0, Max: 0, Diff: 0, Sum: 0, Workers: 4
[40.026s][debug][gc,phases      ] GC(97)   StringDedup Requests0 Weak     Min:  0.0, Avg:  0.0, Max:  0.0, Diff:  0.0, Sum:  0.0, Workers: 4
[40.026s][debug][gc,phases      ] GC(97)     Dead                           Min: 0, Avg:  0.0, Max: 0, Diff: 0, Sum: 0, Workers: 4
[40.026s][debug][gc,phases      ] GC(97)     Total                          Min: 0, Avg:  0.0, Max: 0, Diff: 0, Sum: 0, Workers: 4
[40.026s][debug][gc,phases      ] GC(97)   StringDedup Requests1 Weak     Min:  0.0, Avg:  0.0, Max:  0.0, Diff:  0.0, Sum:  0.0, Workers: 4
[40.026s][debug][gc,phases      ] GC(97)     Dead                           Min: 0, Avg:  0.0, Max: 0, Diff: 0, Sum: 0, Workers: 4
[40.026s][debug][gc,phases      ] GC(97)     Total                          Min: 0, Avg:  0.0, Max: 0, Diff: 0, Sum: 0, Workers: 4
[40.026s][debug][gc,phases      ] GC(97)   Weak JFR Old Object Samples    Min:  0.0, Avg:  0.0, Max:  0.0, Diff:  0.0, Sum:  0.0, Workers: 4
[40.026s][debug][gc,phases      ] GC(97)     Dead                           Min: 0, Avg:  0.0, Max: 0, Diff: 0, Sum: 0, Workers: 4
[40.026s][debug][gc,phases      ] GC(97)     Total                          Min: 0, Avg:  0.0, Max: 0, Diff: 0, Sum: 0, Workers: 4
[40.026s][debug][gc,phases      ] GC(97) Weak Processing 0.311ms
[40.026s][debug][gc,age         ] GC(97) Desired survivor size 67108864 bytes, new threshold 15 (max threshold 15)
[40.026s][info ][gc,heap        ] GC(97) PSYoungGen: 1960106K(2027520K)->7560K(2022912K) Eden: 1953280K(1953280K)->0K(1953280K) From: 6826K(74240K)->7560K(69632K)
[40.026s][info ][gc,heap        ] GC(97) ParOldGen: 367282K(424448K)->367522K(424448K)
[40.026s][info ][gc,metaspace   ] GC(97) Metaspace: 78758K(79616K)->78758K(79616K) NonClass: 67460K(67904K)->67460K(67904K) Class: 11297K(11712K)->11297K(11712K)
[40.026s][info ][gc             ] GC(97) Pause Young (Allocation Failure) 2272M->366M(2390M) 4.670ms
[40.026s][info ][gc,cpu         ] GC(97) User=0.02s Sys=0.00s Real=0.00s
[40.026s][info ][safepoint      ] Safepoint "ParallelGCFailedAllocation", Time since last: 410108978 ns, Reaching safepoint: 282605 ns, At safepoint: 4778286 ns, Total: 5060891 ns
[40.226s][info ][safepoint      ] Safepoint "ICBufferFull", Time since last: 200110300 ns, Reaching safepoint: 261105 ns, At safepoint: 34400 ns, Total: 295505 ns
[40.611s][info ][gc,start       ] GC(98) Pause Young (Allocation Failure)
[40.624s][debug][gc,phases      ] GC(98) Scavenge 13.014ms
[40.624s][debug][gc,ref         ] GC(98) Skipped phase 1 of Reference Processing: no references
[40.624s][debug][gc,ref         ] GC(98) ReferenceProcessor::execute queues: 1, RefProcThreadModel::Single, marks_oops_alive: false
[40.624s][debug][gc,ref         ] GC(98) Skipped phase 3 of Reference Processing: no references
[40.624s][debug][gc,ref         ] GC(98) ReferenceProcessor::execute queues: 1, RefProcThreadModel::Single, marks_oops_alive: false
[40.624s][debug][gc,phases      ] GC(98) Reference Processing 0.159ms
[40.624s][debug][gc,phases      ] GC(98)   VM Weak                        Min:  0.0, Avg:  0.0, Max:  0.0, Diff:  0.0, Sum:  0.0, Workers: 4
[40.624s][debug][gc,phases      ] GC(98)     Dead                           Min: 0, Avg:  0.0, Max: 0, Diff: 0, Sum: 0, Workers: 4
[40.624s][debug][gc,phases      ] GC(98)     Total                          Min: 0, Avg: 159.2, Max: 509, Diff: 509, Sum: 637, Workers: 4
[40.624s][debug][gc,phases      ] GC(98)   ObjectSynchronizer Weak        Min:  0.0, Avg:  0.0, Max:  0.0, Diff:  0.0, Sum:  0.0, Workers: 4
[40.624s][debug][gc,phases      ] GC(98)     Dead                           Min: 0, Avg:  0.0, Max: 0, Diff: 0, Sum: 0, Workers: 4
[40.624s][debug][gc,phases      ] GC(98)     Total                          Min: 0, Avg: 111.0, Max: 192, Diff: 192, Sum: 444, Workers: 4
[40.624s][debug][gc,phases      ] GC(98)   JVMTI Tag Weak OopStorage      Min:  0.0, Avg:  0.0, Max:  0.0, Diff:  0.0, Sum:  0.0, Workers: 4
[40.624s][debug][gc,phases      ] GC(98)     Dead                           Min: 0, Avg:  0.0, Max: 0, Diff: 0, Sum: 0, Workers: 4
[40.624s][debug][gc,phases      ] GC(98)     Total                          Min: 0, Avg:  0.0, Max: 0, Diff: 0, Sum: 0, Workers: 4
[40.624s][debug][gc,phases      ] GC(98)   StringTable Weak               Min:  0.1, Avg:  0.1, Max:  0.1, Diff:  0.0, Sum:  0.5, Workers: 4
[40.624s][debug][gc,phases      ] GC(98)     Dead                           Min: 0, Avg:  0.5, Max: 1, Diff: 1, Sum: 2, Workers: 4
[40.624s][debug][gc,phases      ] GC(98)     Total                          Min: 10880, Avg: 11665.8, Max: 12935, Diff: 2055, Sum: 46663, Workers: 4
[40.624s][debug][gc,phases      ] GC(98)   ResolvedMethodTable Weak       Min:  0.0, Avg:  0.0, Max:  0.0, Diff:  0.0, Sum:  0.1, Workers: 4
[40.624s][debug][gc,phases      ] GC(98)     Dead                           Min: 1, Avg:  5.0, Max: 17, Diff: 16, Sum: 20, Workers: 4
[40.624s][debug][gc,phases      ] GC(98)     Total                          Min: 1216, Avg: 2002.2, Max: 2558, Diff: 1342, Sum: 8009, Workers: 4
[40.624s][debug][gc,phases      ] GC(98)   JNI Weak                       Min:  0.0, Avg:  0.0, Max:  0.0, Diff:  0.0, Sum:  0.0, Workers: 4
[40.624s][debug][gc,phases      ] GC(98)     Dead                           Min: 0, Avg:  0.0, Max: 0, Diff: 0, Sum: 0, Workers: 4
[40.624s][debug][gc,phases      ] GC(98)     Total                          Min: 0, Avg:  5.5, Max: 22, Diff: 22, Sum: 22, Workers: 4
[40.624s][debug][gc,phases      ] GC(98)   StringDedup Table Weak         Min:  0.0, Avg:  0.0, Max:  0.0, Diff:  0.0, Sum:  0.0, Workers: 4
[40.624s][debug][gc,phases      ] GC(98)     Dead                           Min: 0, Avg:  0.0, Max: 0, Diff: 0, Sum: 0, Workers: 4
[40.624s][debug][gc,phases      ] GC(98)     Total                          Min: 0, Avg:  0.0, Max: 0, Diff: 0, Sum: 0, Workers: 4
[40.624s][debug][gc,phases      ] GC(98)   StringDedup Requests0 Weak     Min:  0.0, Avg:  0.0, Max:  0.0, Diff:  0.0, Sum:  0.0, Workers: 4
[40.624s][debug][gc,phases      ] GC(98)     Dead                           Min: 0, Avg:  0.0, Max: 0, Diff: 0, Sum: 0, Workers: 4
[40.624s][debug][gc,phases      ] GC(98)     Total                          Min: 0, Avg:  0.0, Max: 0, Diff: 0, Sum: 0, Workers: 4
[40.624s][debug][gc,phases      ] GC(98)   StringDedup Requests1 Weak     Min:  0.0, Avg:  0.0, Max:  0.0, Diff:  0.0, Sum:  0.0, Workers: 4
[40.624s][debug][gc,phases      ] GC(98)     Dead                           Min: 0, Avg:  0.0, Max: 0, Diff: 0, Sum: 0, Workers: 4
[40.624s][debug][gc,phases      ] GC(98)     Total                          Min: 0, Avg:  0.0, Max: 0, Diff: 0, Sum: 0, Workers: 4
[40.624s][debug][gc,phases      ] GC(98)   Weak JFR Old Object Samples    Min:  0.0, Avg:  0.0, Max:  0.0, Diff:  0.0, Sum:  0.0, Workers: 4
[40.624s][debug][gc,phases      ] GC(98)     Dead                           Min: 0, Avg:  0.0, Max: 0, Diff: 0, Sum: 0, Workers: 4
[40.624s][debug][gc,phases      ] GC(98)     Total                          Min: 0, Avg:  0.0, Max: 0, Diff: 0, Sum: 0, Workers: 4
[40.624s][debug][gc,phases      ] GC(98) Weak Processing 0.343ms
[40.624s][debug][gc,age         ] GC(98) Desired survivor size 67633152 bytes, new threshold 15 (max threshold 15)
[40.624s][info ][gc,heap        ] GC(98) PSYoungGen: 1960840K(2022912K)->29195K(2030592K) Eden: 1953280K(1953280K)->0K(1965056K) From: 7560K(69632K)->29195K(65536K)
[40.624s][info ][gc,heap        ] GC(98) ParOldGen: 367522K(424448K)->367754K(424448K)
[40.624s][info ][gc,metaspace   ] GC(98) Metaspace: 79354K(80192K)->79354K(80192K) NonClass: 67966K(68416K)->67966K(68416K) Class: 11388K(11776K)->11388K(11776K)
[40.624s][info ][gc             ] GC(98) Pause Young (Allocation Failure) 2273M->387M(2397M) 13.654ms
[40.624s][info ][gc,cpu         ] GC(98) User=0.05s Sys=0.00s Real=0.01s
[40.624s][info ][safepoint      ] Safepoint "ParallelGCFailedAllocation", Time since last: 384091810 ns, Reaching safepoint: 201703 ns, At safepoint: 13773148 ns, Total: 13974851 ns
[41.057s][info ][gc,start       ] GC(99) Pause Young (Allocation Failure)
[41.071s][debug][gc,phases      ] GC(99) Scavenge 14.380ms
[41.072s][debug][gc,ref         ] GC(99) Skipped phase 1 of Reference Processing: no references
[41.072s][debug][gc,ref         ] GC(99) ReferenceProcessor::execute queues: 1, RefProcThreadModel::Single, marks_oops_alive: false
[41.072s][debug][gc,ref         ] GC(99) Skipped phase 3 of Reference Processing: no references
[41.072s][debug][gc,ref         ] GC(99) ReferenceProcessor::execute queues: 1, RefProcThreadModel::Single, marks_oops_alive: false
[41.072s][debug][gc,phases      ] GC(99) Reference Processing 0.151ms
[41.072s][debug][gc,phases      ] GC(99)   VM Weak                        Min:  0.0, Avg:  0.0, Max:  0.0, Diff:  0.0, Sum:  0.0, Workers: 4
[41.072s][debug][gc,phases      ] GC(99)     Dead                           Min: 0, Avg:  0.0, Max: 0, Diff: 0, Sum: 0, Workers: 4
[41.072s][debug][gc,phases      ] GC(99)     Total                          Min: 0, Avg: 159.2, Max: 512, Diff: 512, Sum: 637, Workers: 4
[41.072s][debug][gc,phases      ] GC(99)   ObjectSynchronizer Weak        Min:  0.0, Avg:  0.0, Max:  0.0, Diff:  0.0, Sum:  0.0, Workers: 4
[41.072s][debug][gc,phases      ] GC(99)     Dead                           Min: 0, Avg:  0.0, Max: 0, Diff: 0, Sum: 0, Workers: 4
[41.072s][debug][gc,phases      ] GC(99)     Total                          Min: 0, Avg: 111.0, Max: 252, Diff: 252, Sum: 444, Workers: 4
[41.072s][debug][gc,phases      ] GC(99)   JVMTI Tag Weak OopStorage      Min:  0.0, Avg:  0.0, Max:  0.0, Diff:  0.0, Sum:  0.0, Workers: 4
[41.072s][debug][gc,phases      ] GC(99)     Dead                           Min: 0, Avg:  0.0, Max: 0, Diff: 0, Sum: 0, Workers: 4
[41.072s][debug][gc,phases      ] GC(99)     Total                          Min: 0, Avg:  0.0, Max: 0, Diff: 0, Sum: 0, Workers: 4
[41.072s][debug][gc,phases      ] GC(99)   StringTable Weak               Min:  0.1, Avg:  0.1, Max:  0.1, Diff:  0.0, Sum:  0.5, Workers: 4
[41.072s][debug][gc,phases      ] GC(99)     Dead                           Min: 0, Avg:  0.0, Max: 0, Diff: 0, Sum: 0, Workers: 4
[41.072s][debug][gc,phases      ] GC(99)     Total                          Min: 10816, Avg: 11667.5, Max: 13070, Diff: 2254, Sum: 46670, Workers: 4
[41.072s][debug][gc,phases      ] GC(99)   ResolvedMethodTable Weak       Min:  0.0, Avg:  0.0, Max:  0.0, Diff:  0.0, Sum:  0.1, Workers: 4
[41.072s][debug][gc,phases      ] GC(99)     Dead                           Min: 0, Avg:  0.0, Max: 0, Diff: 0, Sum: 0, Workers: 4
[41.072s][debug][gc,phases      ] GC(99)     Total                          Min: 1088, Avg: 2002.2, Max: 2432, Diff: 1344, Sum: 8009, Workers: 4
[41.072s][debug][gc,phases      ] GC(99)   JNI Weak                       Min:  0.0, Avg:  0.0, Max:  0.0, Diff:  0.0, Sum:  0.0, Workers: 4
[41.072s][debug][gc,phases      ] GC(99)     Dead                           Min: 0, Avg:  0.0, Max: 0, Diff: 0, Sum: 0, Workers: 4
[41.072s][debug][gc,phases      ] GC(99)     Total                          Min: 0, Avg:  6.2, Max: 25, Diff: 25, Sum: 25, Workers: 4
[41.072s][debug][gc,phases      ] GC(99)   StringDedup Table Weak         Min:  0.0, Avg:  0.0, Max:  0.0, Diff:  0.0, Sum:  0.0, Workers: 4
[41.072s][debug][gc,phases      ] GC(99)     Dead                           Min: 0, Avg:  0.0, Max: 0, Diff: 0, Sum: 0, Workers: 4
[41.072s][debug][gc,phases      ] GC(99)     Total                          Min: 0, Avg:  0.0, Max: 0, Diff: 0, Sum: 0, Workers: 4
[41.072s][debug][gc,phases      ] GC(99)   StringDedup Requests0 Weak     Min:  0.0, Avg:  0.0, Max:  0.0, Diff:  0.0, Sum:  0.0, Workers: 4
[41.072s][debug][gc,phases      ] GC(99)     Dead                           Min: 0, Avg:  0.0, Max: 0, Diff: 0, Sum: 0, Workers: 4
[41.072s][debug][gc,phases      ] GC(99)     Total                          Min: 0, Avg:  0.0, Max: 0, Diff: 0, Sum: 0, Workers: 4
[41.072s][debug][gc,phases      ] GC(99)   StringDedup Requests1 Weak     Min:  0.0, Avg:  0.0, Max:  0.0, Diff:  0.0, Sum:  0.0, Workers: 4
[41.072s][debug][gc,phases      ] GC(99)     Dead                           Min: 0, Avg:  0.0, Max: 0, Diff: 0, Sum: 0, Workers: 4
[41.072s][debug][gc,phases      ] GC(99)     Total                          Min: 0, Avg:  0.0, Max: 0, Diff: 0, Sum: 0, Workers: 4
[41.072s][debug][gc,phases      ] GC(99)   Weak JFR Old Object Samples    Min:  0.0, Avg:  0.0, Max:  0.0, Diff:  0.0, Sum:  0.0, Workers: 4
[41.072s][debug][gc,phases      ] GC(99)     Dead                           Min: 0, Avg:  0.0, Max: 0, Diff: 0, Sum: 0, Workers: 4
[41.072s][debug][gc,phases      ] GC(99)     Total                          Min: 0, Avg:  0.0, Max: 0, Diff: 0, Sum: 0, Workers: 4
[41.072s][debug][gc,phases      ] GC(99) Weak Processing 0.323ms
[41.072s][debug][gc,age         ] GC(99) Desired survivor size 70778880 bytes, new threshold 15 (max threshold 15)
[41.072s][info ][gc,heap        ] GC(99) PSYoungGen: 1994251K(2030592K)->37711K(2002944K) Eden: 1965056K(1965056K)->0K(1965056K) From: 29195K(65536K)->37711K(37888K)
[41.072s][info ][gc,heap        ] GC(99) ParOldGen: 367754K(424448K)->367994K(424448K)
[41.072s][info ][gc,metaspace   ] GC(99) Metaspace: 79367K(80192K)->79367K(80192K) NonClass: 67977K(68416K)->67977K(68416K) Class: 11389K(11776K)->11389K(11776K)
[41.072s][info ][gc             ] GC(99) Pause Young (Allocation Failure) 2306M->396M(2370M) 14.998ms
[41.072s][info ][gc,cpu         ] GC(99) User=0.07s Sys=0.00s Real=0.01s
[41.072s][info ][safepoint      ] Safepoint "ParallelGCFailedAllocation", Time since last: 432575082 ns, Reaching safepoint: 127102 ns, At safepoint: 15110172 ns, Total: 15237274 ns
[41.508s][info ][gc,start       ] GC(100) Pause Young (Allocation Failure)
[41.521s][debug][gc,phases      ] GC(100) Scavenge 13.294ms
[41.521s][debug][gc,ref         ] GC(100) Skipped phase 1 of Reference Processing: no references
[41.521s][debug][gc,ref         ] GC(100) ReferenceProcessor::execute queues: 1, RefProcThreadModel::Single, marks_oops_alive: false
[41.521s][debug][gc,ref         ] GC(100) Skipped phase 3 of Reference Processing: no references
[41.521s][debug][gc,ref         ] GC(100) ReferenceProcessor::execute queues: 1, RefProcThreadModel::Single, marks_oops_alive: false
[41.521s][debug][gc,phases      ] GC(100) Reference Processing 0.137ms
[41.521s][debug][gc,phases      ] GC(100)   VM Weak                        Min:  0.0, Avg:  0.0, Max:  0.0, Diff:  0.0, Sum:  0.0, Workers: 4
[41.521s][debug][gc,phases      ] GC(100)     Dead                           Min: 0, Avg:  0.0, Max: 0, Diff: 0, Sum: 0, Workers: 4
[41.521s][debug][gc,phases      ] GC(100)     Total                          Min: 0, Avg: 159.2, Max: 573, Diff: 573, Sum: 637, Workers: 4
[41.521s][debug][gc,phases      ] GC(100)   ObjectSynchronizer Weak        Min:  0.0, Avg:  0.0, Max:  0.0, Diff:  0.0, Sum:  0.0, Workers: 4
[41.521s][debug][gc,phases      ] GC(100)     Dead                           Min: 0, Avg:  0.0, Max: 0, Diff: 0, Sum: 0, Workers: 4
[41.521s][debug][gc,phases      ] GC(100)     Total                          Min: 0, Avg: 111.0, Max: 252, Diff: 252, Sum: 444, Workers: 4
[41.521s][debug][gc,phases      ] GC(100)   JVMTI Tag Weak OopStorage      Min:  0.0, Avg:  0.0, Max:  0.0, Diff:  0.0, Sum:  0.0, Workers: 4
[41.521s][debug][gc,phases      ] GC(100)     Dead                           Min: 0, Avg:  0.0, Max: 0, Diff: 0, Sum: 0, Workers: 4
[41.522s][debug][gc,phases      ] GC(100)     Total                          Min: 0, Avg:  0.0, Max: 0, Diff: 0, Sum: 0, Workers: 4
[41.522s][debug][gc,phases      ] GC(100)   StringTable Weak               Min:  0.1, Avg:  0.1, Max:  0.1, Diff:  0.0, Sum:  0.5, Workers: 4
[41.522s][debug][gc,phases      ] GC(100)     Dead                           Min: 0, Avg:  0.0, Max: 0, Diff: 0, Sum: 0, Workers: 4
[41.522s][debug][gc,phases      ] GC(100)     Total                          Min: 10304, Avg: 11667.5, Max: 12864, Diff: 2560, Sum: 46670, Workers: 4
[41.522s][debug][gc,phases      ] GC(100)   ResolvedMethodTable Weak       Min:  0.0, Avg:  0.0, Max:  0.0, Diff:  0.0, Sum:  0.1, Workers: 4
[41.522s][debug][gc,phases      ] GC(100)     Dead                           Min: 0, Avg:  0.0, Max: 0, Diff: 0, Sum: 0, Workers: 4
[41.522s][debug][gc,phases      ] GC(100)     Total                          Min: 1856, Avg: 2002.2, Max: 2059, Diff: 203, Sum: 8009, Workers: 4
[41.522s][debug][gc,phases      ] GC(100)   JNI Weak                       Min:  0.0, Avg:  0.0, Max:  0.0, Diff:  0.0, Sum:  0.0, Workers: 4
[41.522s][debug][gc,phases      ] GC(100)     Dead                           Min: 0, Avg:  0.0, Max: 0, Diff: 0, Sum: 0, Workers: 4
[41.522s][debug][gc,phases      ] GC(100)     Total                          Min: 0, Avg:  4.2, Max: 17, Diff: 17, Sum: 17, Workers: 4
[41.522s][debug][gc,phases      ] GC(100)   StringDedup Table Weak         Min:  0.0, Avg:  0.0, Max:  0.0, Diff:  0.0, Sum:  0.0, Workers: 4
[41.522s][debug][gc,phases      ] GC(100)     Dead                           Min: 0, Avg:  0.0, Max: 0, Diff: 0, Sum: 0, Workers: 4
[41.522s][debug][gc,phases      ] GC(100)     Total                          Min: 0, Avg:  0.0, Max: 0, Diff: 0, Sum: 0, Workers: 4
[41.522s][debug][gc,phases      ] GC(100)   StringDedup Requests0 Weak     Min:  0.0, Avg:  0.0, Max:  0.0, Diff:  0.0, Sum:  0.0, Workers: 4
[41.522s][debug][gc,phases      ] GC(100)     Dead                           Min: 0, Avg:  0.0, Max: 0, Diff: 0, Sum: 0, Workers: 4
[41.522s][debug][gc,phases      ] GC(100)     Total                          Min: 0, Avg:  0.0, Max: 0, Diff: 0, Sum: 0, Workers: 4
[41.522s][debug][gc,phases      ] GC(100)   StringDedup Requests1 Weak     Min:  0.0, Avg:  0.0, Max:  0.0, Diff:  0.0, Sum:  0.0, Workers: 4
[41.522s][debug][gc,phases      ] GC(100)     Dead                           Min: 0, Avg:  0.0, Max: 0, Diff: 0, Sum: 0, Workers: 4
[41.522s][debug][gc,phases      ] GC(100)     Total                          Min: 0, Avg:  0.0, Max: 0, Diff: 0, Sum: 0, Workers: 4
[41.522s][debug][gc,phases      ] GC(100)   Weak JFR Old Object Samples    Min:  0.0, Avg:  0.0, Max:  0.0, Diff:  0.0, Sum:  0.0, Workers: 4
[41.522s][debug][gc,phases      ] GC(100)     Dead                           Min: 0, Avg:  0.0, Max: 0, Diff: 0, Sum: 0, Workers: 4
[41.522s][debug][gc,phases      ] GC(100)     Total                          Min: 0, Avg:  0.0, Max: 0, Diff: 0, Sum: 0, Workers: 4
[41.522s][debug][gc,phases      ] GC(100) Weak Processing 0.334ms
[41.522s][debug][gc,age         ] GC(100) Desired survivor size 76021760 bytes, new threshold 15 (max threshold 15)
[41.522s][info ][gc,heap        ] GC(100) PSYoungGen: 2002767K(2002944K)->44895K(2017792K) Eden: 1965056K(1965056K)->0K(1948672K) From: 37711K(37888K)->44895K(69120K)
[41.522s][info ][gc,heap        ] GC(100) ParOldGen: 367994K(424448K)->368242K(424448K)
[41.522s][info ][gc,metaspace   ] GC(100) Metaspace: 79370K(80192K)->79370K(80192K) NonClass: 67981K(68416K)->67981K(68416K) Class: 11389K(11776K)->11389K(11776K)
[41.522s][info ][gc             ] GC(100) Pause Young (Allocation Failure) 2315M->403M(2385M) 13.904ms
[41.522s][info ][gc,cpu         ] GC(100) User=0.05s Sys=0.00s Real=0.01s
[41.522s][info ][safepoint      ] Safepoint "ParallelGCFailedAllocation", Time since last: 435448833 ns, Reaching safepoint: 137803 ns, At safepoint: 14017852 ns, Total: 14155655 ns
[41.954s][info ][gc,start       ] GC(101) Pause Young (Allocation Failure)
[41.972s][debug][gc,phases      ] GC(101) Scavenge 18.144ms
[41.972s][debug][gc,ref         ] GC(101) Skipped phase 1 of Reference Processing: no references
[41.972s][debug][gc,ref         ] GC(101) ReferenceProcessor::execute queues: 1, RefProcThreadModel::Single, marks_oops_alive: false
[41.972s][debug][gc,ref         ] GC(101) Skipped phase 3 of Reference Processing: no references
[41.972s][debug][gc,ref         ] GC(101) ReferenceProcessor::execute queues: 1, RefProcThreadModel::Single, marks_oops_alive: false
[41.972s][debug][gc,phases      ] GC(101) Reference Processing 0.146ms
[41.973s][debug][gc,phases      ] GC(101)   VM Weak                        Min:  0.0, Avg:  0.0, Max:  0.0, Diff:  0.0, Sum:  0.0, Workers: 4
[41.973s][debug][gc,phases      ] GC(101)     Dead                           Min: 0, Avg:  0.0, Max: 0, Diff: 0, Sum: 0, Workers: 4
[41.973s][debug][gc,phases      ] GC(101)     Total                          Min: 0, Avg: 159.2, Max: 512, Diff: 512, Sum: 637, Workers: 4
[41.973s][debug][gc,phases      ] GC(101)   ObjectSynchronizer Weak        Min:  0.0, Avg:  0.0, Max:  0.0, Diff:  0.0, Sum:  0.0, Workers: 4
[41.973s][debug][gc,phases      ] GC(101)     Dead                           Min: 0, Avg:  0.0, Max: 0, Diff: 0, Sum: 0, Workers: 4
[41.973s][debug][gc,phases      ] GC(101)     Total                          Min: 0, Avg: 111.0, Max: 256, Diff: 256, Sum: 444, Workers: 4
[41.973s][debug][gc,phases      ] GC(101)   JVMTI Tag Weak OopStorage      Min:  0.0, Avg:  0.0, Max:  0.0, Diff:  0.0, Sum:  0.0, Workers: 4
[41.973s][debug][gc,phases      ] GC(101)     Dead                           Min: 0, Avg:  0.0, Max: 0, Diff: 0, Sum: 0, Workers: 4
[41.973s][debug][gc,phases      ] GC(101)     Total                          Min: 0, Avg:  0.0, Max: 0, Diff: 0, Sum: 0, Workers: 4
[41.973s][debug][gc,phases      ] GC(101)   StringTable Weak               Min:  0.1, Avg:  0.1, Max:  0.1, Diff:  0.0, Sum:  0.6, Workers: 4
[41.973s][debug][gc,phases      ] GC(101)     Dead                           Min: 0, Avg:  0.0, Max: 0, Diff: 0, Sum: 0, Workers: 4
[41.973s][debug][gc,phases      ] GC(101)     Total                          Min: 9600, Avg: 11668.2, Max: 13265, Diff: 3665, Sum: 46673, Workers: 4
[41.973s][debug][gc,phases      ] GC(101)   ResolvedMethodTable Weak       Min:  0.0, Avg:  0.0, Max:  0.0, Diff:  0.0, Sum:  0.1, Workers: 4
[41.973s][debug][gc,phases      ] GC(101)     Dead                           Min: 0, Avg:  0.0, Max: 0, Diff: 0, Sum: 0, Workers: 4
[41.973s][debug][gc,phases      ] GC(101)     Total                          Min: 1728, Avg: 2003.0, Max: 2254, Diff: 526, Sum: 8012, Workers: 4
[41.973s][debug][gc,phases      ] GC(101)   JNI Weak                       Min:  0.0, Avg:  0.0, Max:  0.0, Diff:  0.0, Sum:  0.0, Workers: 4
[41.973s][debug][gc,phases      ] GC(101)     Dead                           Min: 0, Avg:  0.0, Max: 0, Diff: 0, Sum: 0, Workers: 4
[41.973s][debug][gc,phases      ] GC(101)     Total                          Min: 0, Avg:  1.8, Max: 7, Diff: 7, Sum: 7, Workers: 4
[41.973s][debug][gc,phases      ] GC(101)   StringDedup Table Weak         Min:  0.0, Avg:  0.0, Max:  0.0, Diff:  0.0, Sum:  0.0, Workers: 4
[41.973s][debug][gc,phases      ] GC(101)     Dead                           Min: 0, Avg:  0.0, Max: 0, Diff: 0, Sum: 0, Workers: 4
[41.973s][debug][gc,phases      ] GC(101)     Total                          Min: 0, Avg:  0.0, Max: 0, Diff: 0, Sum: 0, Workers: 4
[41.973s][debug][gc,phases      ] GC(101)   StringDedup Requests0 Weak     Min:  0.0, Avg:  0.0, Max:  0.0, Diff:  0.0, Sum:  0.0, Workers: 4
[41.973s][debug][gc,phases      ] GC(101)     Dead                           Min: 0, Avg:  0.0, Max: 0, Diff: 0, Sum: 0, Workers: 4
[41.973s][debug][gc,phases      ] GC(101)     Total                          Min: 0, Avg:  0.0, Max: 0, Diff: 0, Sum: 0, Workers: 4
[41.973s][debug][gc,phases      ] GC(101)   StringDedup Requests1 Weak     Min:  0.0, Avg:  0.0, Max:  0.0, Diff:  0.0, Sum:  0.0, Workers: 4
[41.973s][debug][gc,phases      ] GC(101)     Dead                           Min: 0, Avg:  0.0, Max: 0, Diff: 0, Sum: 0, Workers: 4
[41.973s][debug][gc,phases      ] GC(101)     Total                          Min: 0, Avg:  0.0, Max: 0, Diff: 0, Sum: 0, Workers: 4
[41.973s][debug][gc,phases      ] GC(101)   Weak JFR Old Object Samples    Min:  0.0, Avg:  0.0, Max:  0.0, Diff:  0.0, Sum:  0.0, Workers: 4
[41.973s][debug][gc,phases      ] GC(101)     Dead                           Min: 0, Avg:  0.0, Max: 0, Diff: 0, Sum: 0, Workers: 4
[41.973s][debug][gc,phases      ] GC(101)     Total                          Min: 0, Avg:  0.0, Max: 0, Diff: 0, Sum: 0, Workers: 4
[41.973s][debug][gc,phases      ] GC(101) Weak Processing 0.366ms
[41.973s][debug][gc,age         ] GC(101) Desired survivor size 84934656 bytes, new threshold 15 (max threshold 15)
[41.973s][info ][gc,heap        ] GC(101) PSYoungGen: 1993567K(2017792K)->59291K(2008064K) Eden: 1948672K(1948672K)->0K(1948672K) From: 44895K(69120K)->59291K(59392K)
[41.973s][info ][gc,heap        ] GC(101) ParOldGen: 368242K(424448K)->368522K(424448K)
[41.973s][info ][gc,metaspace   ] GC(101) Metaspace: 79383K(80192K)->79383K(80192K) NonClass: 67990K(68416K)->67990K(68416K) Class: 11393K(11776K)->11393K(11776K)
[41.973s][info ][gc             ] GC(101) Pause Young (Allocation Failure) 2306M->417M(2375M) 18.798ms
[41.973s][info ][gc,cpu         ] GC(101) User=0.08s Sys=0.00s Real=0.02s
[41.973s][info ][safepoint      ] Safepoint "ParallelGCFailedAllocation", Time since last: 432082073 ns, Reaching safepoint: 159203 ns, At safepoint: 18924040 ns, Total: 19083243 ns
[42.419s][info ][gc,start       ] GC(102) Pause Young (Allocation Failure)
[42.440s][debug][gc,phases      ] GC(102) Scavenge 21.232ms
[42.441s][debug][gc,ref         ] GC(102) Skipped phase 1 of Reference Processing: no references
[42.441s][debug][gc,ref         ] GC(102) ReferenceProcessor::execute queues: 1, RefProcThreadModel::Single, marks_oops_alive: false
[42.441s][debug][gc,ref         ] GC(102) Skipped phase 3 of Reference Processing: no references
[42.441s][debug][gc,ref         ] GC(102) ReferenceProcessor::execute queues: 1, RefProcThreadModel::Single, marks_oops_alive: false
[42.441s][debug][gc,phases      ] GC(102) Reference Processing 0.141ms
[42.441s][debug][gc,phases      ] GC(102)   VM Weak                        Min:  0.0, Avg:  0.0, Max:  0.0, Diff:  0.0, Sum:  0.0, Workers: 4
[42.441s][debug][gc,phases      ] GC(102)     Dead                           Min: 0, Avg:  0.0, Max: 0, Diff: 0, Sum: 0, Workers: 4
[42.441s][debug][gc,phases      ] GC(102)     Total                          Min: 0, Avg: 159.2, Max: 384, Diff: 384, Sum: 637, Workers: 4
[42.441s][debug][gc,phases      ] GC(102)   ObjectSynchronizer Weak        Min:  0.0, Avg:  0.0, Max:  0.0, Diff:  0.0, Sum:  0.0, Workers: 4
[42.441s][debug][gc,phases      ] GC(102)     Dead                           Min: 0, Avg:  0.0, Max: 0, Diff: 0, Sum: 0, Workers: 4
[42.441s][debug][gc,phases      ] GC(102)     Total                          Min: 0, Avg: 111.0, Max: 188, Diff: 188, Sum: 444, Workers: 4
[42.441s][debug][gc,phases      ] GC(102)   JVMTI Tag Weak OopStorage      Min:  0.0, Avg:  0.0, Max:  0.0, Diff:  0.0, Sum:  0.0, Workers: 4
[42.441s][debug][gc,phases      ] GC(102)     Dead                           Min: 0, Avg:  0.0, Max: 0, Diff: 0, Sum: 0, Workers: 4
[42.441s][debug][gc,phases      ] GC(102)     Total                          Min: 0, Avg:  0.0, Max: 0, Diff: 0, Sum: 0, Workers: 4
[42.441s][debug][gc,phases      ] GC(102)   StringTable Weak               Min:  0.1, Avg:  0.1, Max:  0.1, Diff:  0.0, Sum:  0.5, Workers: 4
[42.441s][debug][gc,phases      ] GC(102)     Dead                           Min: 0, Avg:  0.0, Max: 0, Diff: 0, Sum: 0, Workers: 4
[42.441s][debug][gc,phases      ] GC(102)     Total                          Min: 10880, Avg: 11670.0, Max: 12312, Diff: 1432, Sum: 46680, Workers: 4
[42.441s][debug][gc,phases      ] GC(102)   ResolvedMethodTable Weak       Min:  0.0, Avg:  0.0, Max:  0.0, Diff:  0.0, Sum:  0.1, Workers: 4
[42.441s][debug][gc,phases      ] GC(102)     Dead                           Min: 0, Avg:  4.5, Max: 15, Diff: 15, Sum: 18, Workers: 4
[42.441s][debug][gc,phases      ] GC(102)     Total                          Min: 1152, Avg: 2004.5, Max: 2399, Diff: 1247, Sum: 8018, Workers: 4
[42.441s][debug][gc,phases      ] GC(102)   JNI Weak                       Min:  0.0, Avg:  0.0, Max:  0.0, Diff:  0.0, Sum:  0.0, Workers: 4
[42.441s][debug][gc,phases      ] GC(102)     Dead                           Min: 0, Avg:  0.0, Max: 0, Diff: 0, Sum: 0, Workers: 4
[42.441s][debug][gc,phases      ] GC(102)     Total                          Min: 0, Avg:  1.2, Max: 5, Diff: 5, Sum: 5, Workers: 4
[42.441s][debug][gc,phases      ] GC(102)   StringDedup Table Weak         Min:  0.0, Avg:  0.0, Max:  0.0, Diff:  0.0, Sum:  0.0, Workers: 4
[42.441s][debug][gc,phases      ] GC(102)     Dead                           Min: 0, Avg:  0.0, Max: 0, Diff: 0, Sum: 0, Workers: 4
[42.441s][debug][gc,phases      ] GC(102)     Total                          Min: 0, Avg:  0.0, Max: 0, Diff: 0, Sum: 0, Workers: 4
[42.441s][debug][gc,phases      ] GC(102)   StringDedup Requests0 Weak     Min:  0.0, Avg:  0.0, Max:  0.0, Diff:  0.0, Sum:  0.0, Workers: 4
[42.441s][debug][gc,phases      ] GC(102)     Dead                           Min: 0, Avg:  0.0, Max: 0, Diff: 0, Sum: 0, Workers: 4
[42.441s][debug][gc,phases      ] GC(102)     Total                          Min: 0, Avg:  0.0, Max: 0, Diff: 0, Sum: 0, Workers: 4
[42.441s][debug][gc,phases      ] GC(102)   StringDedup Requests1 Weak     Min:  0.0, Avg:  0.0, Max:  0.0, Diff:  0.0, Sum:  0.0, Workers: 4
[42.441s][debug][gc,phases      ] GC(102)     Dead                           Min: 0, Avg:  0.0, Max: 0, Diff: 0, Sum: 0, Workers: 4
[42.441s][debug][gc,phases      ] GC(102)     Total                          Min: 0, Avg:  0.0, Max: 0, Diff: 0, Sum: 0, Workers: 4
[42.441s][debug][gc,phases      ] GC(102)   Weak JFR Old Object Samples    Min:  0.0, Avg:  0.0, Max:  0.0, Diff:  0.0, Sum:  0.0, Workers: 4
[42.441s][debug][gc,phases      ] GC(102)     Dead                           Min: 0, Avg:  0.0, Max: 0, Diff: 0, Sum: 0, Workers: 4
[42.441s][debug][gc,phases      ] GC(102)     Total                          Min: 0, Avg:  0.0, Max: 0, Diff: 0, Sum: 0, Workers: 4
[42.441s][debug][gc,phases      ] GC(102) Weak Processing 0.340ms
[42.441s][debug][gc,age         ] GC(102) Desired survivor size 102236160 bytes, new threshold 14 (max threshold 15)
[42.441s][info ][gc,heap        ] GC(102) PSYoungGen: 2007963K(2008064K)->82928K(1980416K) Eden: 1948672K(1948672K)->0K(1897472K) From: 59291K(59392K)->82928K(82944K)
[42.441s][info ][gc,heap        ] GC(102) ParOldGen: 368522K(424448K)->370614K(424448K)
[42.441s][info ][gc,metaspace   ] GC(102) Metaspace: 79403K(80256K)->79403K(80256K) NonClass: 68006K(68480K)->68006K(68480K) Class: 11396K(11776K)->11396K(11776K)
[42.441s][info ][gc             ] GC(102) Pause Young (Allocation Failure) 2320M->442M(2348M) 21.852ms
[42.441s][info ][gc,cpu         ] GC(102) User=0.10s Sys=0.00s Real=0.02s
[42.441s][info ][safepoint      ] Safepoint "ParallelGCFailedAllocation", Time since last: 446128525 ns, Reaching safepoint: 139103 ns, At safepoint: 21963095 ns, Total: 22102198 ns
[42.826s][info ][safepoint      ] Safepoint "ICBufferFull", Time since last: 384397914 ns, Reaching safepoint: 284706 ns, At safepoint: 33500 ns, Total: 318206 ns
[42.842s][info ][safepoint      ] Safepoint "ParallelGCFailedAllocation", Time since last: 16011888 ns, Reaching safepoint: 134603 ns, At safepoint: 29100 ns, Total: 163703 ns
[42.843s][info ][gc,start       ] GC(103) Pause Young (GCLocker Initiated GC)
[42.863s][debug][gc,phases      ] GC(103) Scavenge 20.692ms
[42.863s][debug][gc,ref         ] GC(103) Skipped phase 1 of Reference Processing: no references
[42.863s][debug][gc,ref         ] GC(103) ReferenceProcessor::execute queues: 1, RefProcThreadModel::Single, marks_oops_alive: false
[42.863s][debug][gc,ref         ] GC(103) Skipped phase 3 of Reference Processing: no references
[42.863s][debug][gc,ref         ] GC(103) ReferenceProcessor::execute queues: 1, RefProcThreadModel::Single, marks_oops_alive: false
[42.863s][debug][gc,phases      ] GC(103) Reference Processing 0.127ms
[42.864s][debug][gc,phases      ] GC(103)   VM Weak                        Min:  0.0, Avg:  0.0, Max:  0.0, Diff:  0.0, Sum:  0.0, Workers: 4
[42.864s][debug][gc,phases      ] GC(103)     Dead                           Min: 0, Avg:  0.0, Max: 0, Diff: 0, Sum: 0, Workers: 4
[42.864s][debug][gc,phases      ] GC(103)     Total                          Min: 0, Avg: 159.5, Max: 638, Diff: 638, Sum: 638, Workers: 4
[42.864s][debug][gc,phases      ] GC(103)   ObjectSynchronizer Weak        Min:  0.0, Avg:  0.0, Max:  0.0, Diff:  0.0, Sum:  0.0, Workers: 4
[42.864s][debug][gc,phases      ] GC(103)     Dead                           Min: 0, Avg:  0.0, Max: 0, Diff: 0, Sum: 0, Workers: 4
[42.864s][debug][gc,phases      ] GC(103)     Total                          Min: 0, Avg: 111.0, Max: 192, Diff: 192, Sum: 444, Workers: 4
[42.864s][debug][gc,phases      ] GC(103)   JVMTI Tag Weak OopStorage      Min:  0.0, Avg:  0.0, Max:  0.0, Diff:  0.0, Sum:  0.0, Workers: 4
[42.864s][debug][gc,phases      ] GC(103)     Dead                           Min: 0, Avg:  0.0, Max: 0, Diff: 0, Sum: 0, Workers: 4
[42.864s][debug][gc,phases      ] GC(103)     Total                          Min: 0, Avg:  0.0, Max: 0, Diff: 0, Sum: 0, Workers: 4
[42.864s][debug][gc,phases      ] GC(103)   StringTable Weak               Min:  0.1, Avg:  0.1, Max:  0.1, Diff:  0.0, Sum:  0.5, Workers: 4
[42.864s][debug][gc,phases      ] GC(103)     Dead                           Min: 0, Avg:  0.0, Max: 0, Diff: 0, Sum: 0, Workers: 4
[42.864s][debug][gc,phases      ] GC(103)     Total                          Min: 10880, Avg: 11676.5, Max: 12352, Diff: 1472, Sum: 46706, Workers: 4
[42.864s][debug][gc,phases      ] GC(103)   ResolvedMethodTable Weak       Min:  0.0, Avg:  0.0, Max:  0.0, Diff:  0.0, Sum:  0.1, Workers: 4
[42.864s][debug][gc,phases      ] GC(103)     Dead                           Min: 0, Avg:  0.0, Max: 0, Diff: 0, Sum: 0, Workers: 4
[42.864s][debug][gc,phases      ] GC(103)     Total                          Min: 1766, Avg: 2009.5, Max: 2240, Diff: 474, Sum: 8038, Workers: 4
[42.864s][debug][gc,phases      ] GC(103)   JNI Weak                       Min:  0.0, Avg:  0.0, Max:  0.0, Diff:  0.0, Sum:  0.0, Workers: 4
[42.864s][debug][gc,phases      ] GC(103)     Dead                           Min: 0, Avg:  0.0, Max: 0, Diff: 0, Sum: 0, Workers: 4
[42.864s][debug][gc,phases      ] GC(103)     Total                          Min: 0, Avg:  0.0, Max: 0, Diff: 0, Sum: 0, Workers: 4
[42.864s][debug][gc,phases      ] GC(103)   StringDedup Table Weak         Min:  0.0, Avg:  0.0, Max:  0.0, Diff:  0.0, Sum:  0.0, Workers: 4
[42.864s][debug][gc,phases      ] GC(103)     Dead                           Min: 0, Avg:  0.0, Max: 0, Diff: 0, Sum: 0, Workers: 4
[42.864s][debug][gc,phases      ] GC(103)     Total                          Min: 0, Avg:  0.0, Max: 0, Diff: 0, Sum: 0, Workers: 4
[42.864s][debug][gc,phases      ] GC(103)   StringDedup Requests0 Weak     Min:  0.0, Avg:  0.0, Max:  0.0, Diff:  0.0, Sum:  0.0, Workers: 4
[42.864s][debug][gc,phases      ] GC(103)     Dead                           Min: 0, Avg:  0.0, Max: 0, Diff: 0, Sum: 0, Workers: 4
[42.864s][debug][gc,phases      ] GC(103)     Total                          Min: 0, Avg:  0.0, Max: 0, Diff: 0, Sum: 0, Workers: 4
[42.864s][debug][gc,phases      ] GC(103)   StringDedup Requests1 Weak     Min:  0.0, Avg:  0.0, Max:  0.0, Diff:  0.0, Sum:  0.0, Workers: 4
[42.864s][debug][gc,phases      ] GC(103)     Dead                           Min: 0, Avg:  0.0, Max: 0, Diff: 0, Sum: 0, Workers: 4
[42.864s][debug][gc,phases      ] GC(103)     Total                          Min: 0, Avg:  0.0, Max: 0, Diff: 0, Sum: 0, Workers: 4
[42.864s][debug][gc,phases      ] GC(103)   Weak JFR Old Object Samples    Min:  0.0, Avg:  0.0, Max:  0.0, Diff:  0.0, Sum:  0.0, Workers: 4
[42.864s][debug][gc,phases      ] GC(103)     Dead                           Min: 0, Avg:  0.0, Max: 0, Diff: 0, Sum: 0, Workers: 4
[42.864s][debug][gc,phases      ] GC(103)     Total                          Min: 0, Avg:  0.0, Max: 0, Diff: 0, Sum: 0, Workers: 4
[42.864s][debug][gc,phases      ] GC(103) Weak Processing 0.346ms
[42.864s][debug][gc,age         ] GC(103) Desired survivor size 115867648 bytes, new threshold 15 (max threshold 15)
[42.864s][info ][gc,heap        ] GC(103) PSYoungGen: 1980400K(1980416K)->84711K(1982464K) Eden: 1897472K(1897472K)->0K(1897472K) From: 82928K(82944K)->84711K(84992K)
[42.864s][info ][gc,heap        ] GC(103) ParOldGen: 370615K(424448K)->371391K(424448K)
[42.864s][info ][gc,metaspace   ] GC(103) Metaspace: 79484K(80320K)->79484K(80320K) NonClass: 68075K(68544K)->68075K(68544K) Class: 11409K(11776K)->11409K(11776K)
[42.864s][info ][gc             ] GC(103) Pause Young (GCLocker Initiated GC) 2295M->445M(2350M) 21.280ms
[42.864s][info ][gc,cpu         ] GC(103) User=0.09s Sys=0.00s Real=0.02s
[42.864s][info ][safepoint      ] Safepoint "ParallelGCSystemGC", Time since last: 420208 ns, Reaching safepoint: 98501 ns, At safepoint: 21368385 ns, Total: 21466886 ns
[43.127s][info ][safepoint      ] Safepoint "ICBufferFull", Time since last: 263260435 ns, Reaching safepoint: 270305 ns, At safepoint: 26501 ns, Total: 296806 ns
[43.343s][info ][gc,start       ] GC(104) Pause Young (Allocation Failure)
[43.362s][debug][gc,phases      ] GC(104) Scavenge 19.299ms
[43.362s][debug][gc,ref         ] GC(104) Skipped phase 1 of Reference Processing: no references
[43.362s][debug][gc,ref         ] GC(104) ReferenceProcessor::execute queues: 1, RefProcThreadModel::Single, marks_oops_alive: false
[43.362s][debug][gc,ref         ] GC(104) Skipped phase 3 of Reference Processing: no references
[43.362s][debug][gc,ref         ] GC(104) ReferenceProcessor::execute queues: 1, RefProcThreadModel::Single, marks_oops_alive: false
[43.362s][debug][gc,phases      ] GC(104) Reference Processing 0.138ms
[43.362s][debug][gc,phases      ] GC(104)   VM Weak                        Min:  0.0, Avg:  0.0, Max:  0.0, Diff:  0.0, Sum:  0.0, Workers: 4
[43.362s][debug][gc,phases      ] GC(104)     Dead                           Min: 0, Avg:  0.0, Max: 0, Diff: 0, Sum: 0, Workers: 4
[43.362s][debug][gc,phases      ] GC(104)     Total                          Min: 0, Avg: 160.5, Max: 642, Diff: 642, Sum: 642, Workers: 4
[43.362s][debug][gc,phases      ] GC(104)   ObjectSynchronizer Weak        Min:  0.0, Avg:  0.0, Max:  0.0, Diff:  0.0, Sum:  0.0, Workers: 4
[43.362s][debug][gc,phases      ] GC(104)     Dead                           Min: 0, Avg:  0.0, Max: 0, Diff: 0, Sum: 0, Workers: 4
[43.362s][debug][gc,phases      ] GC(104)     Total                          Min: 0, Avg: 111.2, Max: 253, Diff: 253, Sum: 445, Workers: 4
[43.362s][debug][gc,phases      ] GC(104)   JVMTI Tag Weak OopStorage      Min:  0.0, Avg:  0.0, Max:  0.0, Diff:  0.0, Sum:  0.0, Workers: 4
[43.362s][debug][gc,phases      ] GC(104)     Dead                           Min: 0, Avg:  0.0, Max: 0, Diff: 0, Sum: 0, Workers: 4
[43.362s][debug][gc,phases      ] GC(104)     Total                          Min: 0, Avg:  0.0, Max: 0, Diff: 0, Sum: 0, Workers: 4
[43.362s][debug][gc,phases      ] GC(104)   StringTable Weak               Min:  0.1, Avg:  0.1, Max:  0.1, Diff:  0.0, Sum:  0.5, Workers: 4
[43.362s][debug][gc,phases      ] GC(104)     Dead                           Min: 0, Avg:  0.2, Max: 1, Diff: 1, Sum: 1, Workers: 4
[43.362s][debug][gc,phases      ] GC(104)     Total                          Min: 11328, Avg: 11694.0, Max: 12345, Diff: 1017, Sum: 46776, Workers: 4
[43.362s][debug][gc,phases      ] GC(104)   ResolvedMethodTable Weak       Min:  0.0, Avg:  0.0, Max:  0.0, Diff:  0.0, Sum:  0.1, Workers: 4
[43.362s][debug][gc,phases      ] GC(104)     Dead                           Min: 0, Avg:  0.0, Max: 0, Diff: 0, Sum: 0, Workers: 4
[43.362s][debug][gc,phases      ] GC(104)     Total                          Min: 960, Avg: 2018.2, Max: 2442, Diff: 1482, Sum: 8073, Workers: 4
[43.362s][debug][gc,phases      ] GC(104)   JNI Weak                       Min:  0.0, Avg:  0.0, Max:  0.0, Diff:  0.0, Sum:  0.0, Workers: 4
[43.362s][debug][gc,phases      ] GC(104)     Dead                           Min: 0, Avg:  0.0, Max: 0, Diff: 0, Sum: 0, Workers: 4
[43.362s][debug][gc,phases      ] GC(104)     Total                          Min: 0, Avg:  3.2, Max: 13, Diff: 13, Sum: 13, Workers: 4
[43.362s][debug][gc,phases      ] GC(104)   StringDedup Table Weak         Min:  0.0, Avg:  0.0, Max:  0.0, Diff:  0.0, Sum:  0.0, Workers: 4
[43.362s][debug][gc,phases      ] GC(104)     Dead                           Min: 0, Avg:  0.0, Max: 0, Diff: 0, Sum: 0, Workers: 4
[43.362s][debug][gc,phases      ] GC(104)     Total                          Min: 0, Avg:  0.0, Max: 0, Diff: 0, Sum: 0, Workers: 4
[43.362s][debug][gc,phases      ] GC(104)   StringDedup Requests0 Weak     Min:  0.0, Avg:  0.0, Max:  0.0, Diff:  0.0, Sum:  0.0, Workers: 4
[43.362s][debug][gc,phases      ] GC(104)     Dead                           Min: 0, Avg:  0.0, Max: 0, Diff: 0, Sum: 0, Workers: 4
[43.363s][debug][gc,phases      ] GC(104)     Total                          Min: 0, Avg:  0.0, Max: 0, Diff: 0, Sum: 0, Workers: 4
[43.363s][debug][gc,phases      ] GC(104)   StringDedup Requests1 Weak     Min:  0.0, Avg:  0.0, Max:  0.0, Diff:  0.0, Sum:  0.0, Workers: 4
[43.363s][debug][gc,phases      ] GC(104)     Dead                           Min: 0, Avg:  0.0, Max: 0, Diff: 0, Sum: 0, Workers: 4
[43.363s][debug][gc,phases      ] GC(104)     Total                          Min: 0, Avg:  0.0, Max: 0, Diff: 0, Sum: 0, Workers: 4
[43.363s][debug][gc,phases      ] GC(104)   Weak JFR Old Object Samples    Min:  0.0, Avg:  0.0, Max:  0.0, Diff:  0.0, Sum:  0.0, Workers: 4
[43.363s][debug][gc,phases      ] GC(104)     Dead                           Min: 0, Avg:  0.0, Max: 0, Diff: 0, Sum: 0, Workers: 4
[43.363s][debug][gc,phases      ] GC(104)     Total                          Min: 0, Avg:  0.0, Max: 0, Diff: 0, Sum: 0, Workers: 4
[43.363s][debug][gc,phases      ] GC(104) Weak Processing 0.335ms
[43.363s][debug][gc,age         ] GC(104) Desired survivor size 127401984 bytes, new threshold 15 (max threshold 15)
[43.363s][info ][gc,heap        ] GC(104) PSYoungGen: 1982183K(1982464K)->87647K(1961472K) Eden: 1897472K(1897472K)->0K(1848320K) From: 84711K(84992K)->87647K(113152K)
[43.363s][info ][gc,heap        ] GC(104) ParOldGen: 371404K(424448K)->371412K(424448K)
[43.363s][info ][gc,metaspace   ] GC(104) Metaspace: 79721K(80512K)->79721K(80512K) NonClass: 68290K(68736K)->68290K(68736K) Class: 11431K(11776K)->11431K(11776K)
[43.363s][info ][gc             ] GC(104) Pause Young (Allocation Failure) 2298M->448M(2330M) 19.901ms
[43.363s][info ][gc,cpu         ] GC(104) User=0.08s Sys=0.00s Real=0.02s
[43.363s][info ][safepoint      ] Safepoint "ParallelGCFailedAllocation", Time since last: 214928466 ns, Reaching safepoint: 262404 ns, At safepoint: 20021561 ns, Total: 20283965 ns
[43.662s][info ][safepoint      ] Safepoint "ICBufferFull", Time since last: 298525169 ns, Reaching safepoint: 275005 ns, At safepoint: 33301 ns, Total: 308306 ns
[43.839s][info ][safepoint      ] Safepoint "ICBufferFull", Time since last: 177483792 ns, Reaching safepoint: 239705 ns, At safepoint: 9600 ns, Total: 249305 ns
[44.155s][info ][safepoint      ] Safepoint "ICBufferFull", Time since last: 315050267 ns, Reaching safepoint: 229704 ns, At safepoint: 15600 ns, Total: 245304 ns
[44.325s][info ][safepoint      ] Safepoint "ICBufferFull", Time since last: 169963057 ns, Reaching safepoint: 196604 ns, At safepoint: 5400 ns, Total: 202004 ns
[44.678s][info ][safepoint      ] Safepoint "ICBufferFull", Time since last: 353249054 ns, Reaching safepoint: 110002 ns, At safepoint: 3000 ns, Total: 113002 ns
[44.725s][info ][gc,start       ] GC(105) Pause Young (Allocation Failure)
[44.752s][debug][gc,phases      ] GC(105) Scavenge 26.880ms
[44.752s][debug][gc,ref         ] GC(105) Skipped phase 1 of Reference Processing: no references
[44.752s][debug][gc,ref         ] GC(105) ReferenceProcessor::execute queues: 1, RefProcThreadModel::Single, marks_oops_alive: false
[44.752s][debug][gc,ref         ] GC(105) Skipped phase 3 of Reference Processing: no references
[44.752s][debug][gc,ref         ] GC(105) ReferenceProcessor::execute queues: 1, RefProcThreadModel::Single, marks_oops_alive: false
[44.752s][debug][gc,phases      ] GC(105) Reference Processing 0.139ms
[44.752s][debug][gc,phases      ] GC(105)   VM Weak                        Min:  0.0, Avg:  0.0, Max:  0.0, Diff:  0.0, Sum:  0.0, Workers: 4
[44.752s][debug][gc,phases      ] GC(105)     Dead                           Min: 0, Avg:  0.0, Max: 0, Diff: 0, Sum: 0, Workers: 4
[44.752s][debug][gc,phases      ] GC(105)     Total                          Min: 0, Avg: 164.5, Max: 658, Diff: 658, Sum: 658, Workers: 4
[44.752s][debug][gc,phases      ] GC(105)   ObjectSynchronizer Weak        Min:  0.0, Avg:  0.0, Max:  0.0, Diff:  0.0, Sum:  0.0, Workers: 4
[44.752s][debug][gc,phases      ] GC(105)     Dead                           Min: 0, Avg:  0.0, Max: 0, Diff: 0, Sum: 0, Workers: 4
[44.752s][debug][gc,phases      ] GC(105)     Total                          Min: 0, Avg: 112.5, Max: 256, Diff: 256, Sum: 450, Workers: 4
[44.752s][debug][gc,phases      ] GC(105)   JVMTI Tag Weak OopStorage      Min:  0.0, Avg:  0.0, Max:  0.0, Diff:  0.0, Sum:  0.0, Workers: 4
[44.752s][debug][gc,phases      ] GC(105)     Dead                           Min: 0, Avg:  0.0, Max: 0, Diff: 0, Sum: 0, Workers: 4
[44.752s][debug][gc,phases      ] GC(105)     Total                          Min: 0, Avg:  0.0, Max: 0, Diff: 0, Sum: 0, Workers: 4
[44.752s][debug][gc,phases      ] GC(105)   StringTable Weak               Min:  0.1, Avg:  0.1, Max:  0.1, Diff:  0.0, Sum:  0.5, Workers: 4
[44.752s][debug][gc,phases      ] GC(105)     Dead                           Min: 0, Avg:  0.2, Max: 1, Diff: 1, Sum: 1, Workers: 4
[44.752s][debug][gc,phases      ] GC(105)     Total                          Min: 9664, Avg: 11754.5, Max: 13056, Diff: 3392, Sum: 47018, Workers: 4
[44.753s][debug][gc,phases      ] GC(105)   ResolvedMethodTable Weak       Min:  0.0, Avg:  0.0, Max:  0.0, Diff:  0.0, Sum:  0.1, Workers: 4
[44.753s][debug][gc,phases      ] GC(105)     Dead                           Min: 4, Avg:  4.5, Max: 6, Diff: 2, Sum: 18, Workers: 4
[44.753s][debug][gc,phases      ] GC(105)     Total                          Min: 1728, Avg: 2054.2, Max: 2365, Diff: 637, Sum: 8217, Workers: 4
[44.753s][debug][gc,phases      ] GC(105)   JNI Weak                       Min:  0.0, Avg:  0.0, Max:  0.0, Diff:  0.0, Sum:  0.0, Workers: 4
[44.753s][debug][gc,phases      ] GC(105)     Dead                           Min: 0, Avg:  0.0, Max: 0, Diff: 0, Sum: 0, Workers: 4
[44.753s][debug][gc,phases      ] GC(105)     Total                          Min: 0, Avg:  5.0, Max: 20, Diff: 20, Sum: 20, Workers: 4
[44.753s][debug][gc,phases      ] GC(105)   StringDedup Table Weak         Min:  0.0, Avg:  0.0, Max:  0.0, Diff:  0.0, Sum:  0.0, Workers: 4
[44.753s][debug][gc,phases      ] GC(105)     Dead                           Min: 0, Avg:  0.0, Max: 0, Diff: 0, Sum: 0, Workers: 4
[44.753s][debug][gc,phases      ] GC(105)     Total                          Min: 0, Avg:  0.0, Max: 0, Diff: 0, Sum: 0, Workers: 4
[44.753s][debug][gc,phases      ] GC(105)   StringDedup Requests0 Weak     Min:  0.0, Avg:  0.0, Max:  0.0, Diff:  0.0, Sum:  0.0, Workers: 4
[44.753s][debug][gc,phases      ] GC(105)     Dead                           Min: 0, Avg:  0.0, Max: 0, Diff: 0, Sum: 0, Workers: 4
[44.753s][debug][gc,phases      ] GC(105)     Total                          Min: 0, Avg:  0.0, Max: 0, Diff: 0, Sum: 0, Workers: 4
[44.753s][debug][gc,phases      ] GC(105)   StringDedup Requests1 Weak     Min:  0.0, Avg:  0.0, Max:  0.0, Diff:  0.0, Sum:  0.0, Workers: 4
[44.753s][debug][gc,phases      ] GC(105)     Dead                           Min: 0, Avg:  0.0, Max: 0, Diff: 0, Sum: 0, Workers: 4
[44.753s][debug][gc,phases      ] GC(105)     Total                          Min: 0, Avg:  0.0, Max: 0, Diff: 0, Sum: 0, Workers: 4
[44.753s][debug][gc,phases      ] GC(105)   Weak JFR Old Object Samples    Min:  0.0, Avg:  0.0, Max:  0.0, Diff:  0.0, Sum:  0.0, Workers: 4
[44.753s][debug][gc,phases      ] GC(105)     Dead                           Min: 0, Avg:  0.0, Max: 0, Diff: 0, Sum: 0, Workers: 4
[44.753s][debug][gc,phases      ] GC(105)     Total                          Min: 0, Avg:  0.0, Max: 0, Diff: 0, Sum: 0, Workers: 4
[44.753s][debug][gc,phases      ] GC(105) Weak Processing 0.341ms
[44.753s][debug][gc,age         ] GC(105) Desired survivor size 144179200 bytes, new threshold 15 (max threshold 15)
[44.753s][info ][gc,heap        ] GC(105) PSYoungGen: 1935967K(1961472K)->107523K(1956352K) Eden: 1848320K(1848320K)->0K(1848320K) From: 87647K(113152K)->107523K(108032K)
[44.753s][info ][gc,heap        ] GC(105) ParOldGen: 371412K(424448K)->372024K(424448K)
[44.753s][info ][gc,metaspace   ] GC(105) Metaspace: 80734K(81536K)->80734K(81536K) NonClass: 69195K(69632K)->69195K(69632K) Class: 11539K(11904K)->11539K(11904K)
[44.753s][info ][gc             ] GC(105) Pause Young (Allocation Failure) 2253M->468M(2325M) 27.500ms
[44.753s][info ][gc,cpu         ] GC(105) User=0.14s Sys=0.00s Real=0.03s
[44.753s][info ][safepoint      ] Safepoint "ParallelGCFailedAllocation", Time since last: 46893643 ns, Reaching safepoint: 124902 ns, At safepoint: 27587196 ns, Total: 27712098 ns
[45.162s][info ][safepoint      ] Safepoint "ICBufferFull", Time since last: 409125759 ns, Reaching safepoint: 114902 ns, At safepoint: 14101 ns, Total: 129003 ns
[45.376s][info ][safepoint      ] Safepoint "ICBufferFull", Time since last: 213546640 ns, Reaching safepoint: 63702 ns, At safepoint: 2400 ns, Total: 66102 ns
[45.623s][info ][safepoint      ] Safepoint "ICBufferFull", Time since last: 247284447 ns, Reaching safepoint: 109802 ns, At safepoint: 5600 ns, Total: 115402 ns
[45.960s][info ][safepoint      ] Safepoint "ICBufferFull", Time since last: 336581754 ns, Reaching safepoint: 68201 ns, At safepoint: 4000 ns, Total: 72201 ns
[46.167s][info ][safepoint      ] Safepoint "ICBufferFull", Time since last: 207188727 ns, Reaching safepoint: 170703 ns, At safepoint: 9700 ns, Total: 180403 ns
[46.432s][info ][safepoint      ] Safepoint "ICBufferFull", Time since last: 265040567 ns, Reaching safepoint: 83101 ns, At safepoint: 6500 ns, Total: 89601 ns
[46.817s][info ][safepoint      ] Safepoint "ICBufferFull", Time since last: 384375413 ns, Reaching safepoint: 106202 ns, At safepoint: 6300 ns, Total: 112502 ns
[47.162s][info ][safepoint      ] Safepoint "ICBufferFull", Time since last: 345548315 ns, Reaching safepoint: 211204 ns, At safepoint: 9500 ns, Total: 220704 ns
[47.550s][info ][safepoint      ] Safepoint "ICBufferFull", Time since last: 387472069 ns, Reaching safepoint: 146102 ns, At safepoint: 9700 ns, Total: 155802 ns
[48.346s][info ][safepoint      ] Safepoint "ICBufferFull", Time since last: 795734311 ns, Reaching safepoint: 181503 ns, At safepoint: 9401 ns, Total: 190904 ns
[49.193s][info ][safepoint      ] Safepoint "ICBufferFull", Time since last: 846715227 ns, Reaching safepoint: 182303 ns, At safepoint: 5300 ns, Total: 187603 ns
[49.845s][info ][safepoint      ] Safepoint "ICBufferFull", Time since last: 652175628 ns, Reaching safepoint: 248404 ns, At safepoint: 6000 ns, Total: 254404 ns
[49.942s][info ][gc,start       ] GC(106) Pause Young (Allocation Failure)
[49.988s][debug][gc,phases      ] GC(106) Scavenge 45.231ms
[49.988s][debug][gc,ref         ] GC(106) Skipped phase 1 of Reference Processing: no references
[49.988s][debug][gc,ref         ] GC(106) ReferenceProcessor::execute queues: 1, RefProcThreadModel::Single, marks_oops_alive: false
[49.988s][debug][gc,ref         ] GC(106) ReferenceProcessor::execute queues: 4, RefProcThreadModel::Multi, marks_oops_alive: true
[49.988s][debug][gc,ref         ] GC(106) ReferenceProcessor::execute queues: 1, RefProcThreadModel::Single, marks_oops_alive: false
[49.988s][debug][gc,phases      ] GC(106) Reference Processing 0.209ms
[49.988s][debug][gc,phases      ] GC(106)   VM Weak                        Min:  0.0, Avg:  0.0, Max:  0.0, Diff:  0.0, Sum:  0.0, Workers: 4
[49.988s][debug][gc,phases      ] GC(106)     Dead                           Min: 0, Avg:  0.0, Max: 0, Diff: 0, Sum: 0, Workers: 4
[49.988s][debug][gc,phases      ] GC(106)     Total                          Min: 0, Avg: 166.8, Max: 320, Diff: 320, Sum: 667, Workers: 4
[49.988s][debug][gc,phases      ] GC(106)   ObjectSynchronizer Weak        Min:  0.0, Avg:  0.0, Max:  0.0, Diff:  0.0, Sum:  0.0, Workers: 4
[49.988s][debug][gc,phases      ] GC(106)     Dead                           Min: 0, Avg:  0.0, Max: 0, Diff: 0, Sum: 0, Workers: 4
[49.988s][debug][gc,phases      ] GC(106)     Total                          Min: 64, Avg: 112.8, Max: 192, Diff: 128, Sum: 451, Workers: 4
[49.988s][debug][gc,phases      ] GC(106)   JVMTI Tag Weak OopStorage      Min:  0.0, Avg:  0.0, Max:  0.0, Diff:  0.0, Sum:  0.0, Workers: 4
[49.988s][debug][gc,phases      ] GC(106)     Dead                           Min: 0, Avg:  0.0, Max: 0, Diff: 0, Sum: 0, Workers: 4
[49.988s][debug][gc,phases      ] GC(106)     Total                          Min: 0, Avg:  0.0, Max: 0, Diff: 0, Sum: 0, Workers: 4
[49.988s][debug][gc,phases      ] GC(106)   StringTable Weak               Min:  0.1, Avg:  0.1, Max:  0.1, Diff:  0.0, Sum:  0.5, Workers: 4
[49.988s][debug][gc,phases      ] GC(106)     Dead                           Min: 0, Avg:  0.2, Max: 1, Diff: 1, Sum: 1, Workers: 4
[49.988s][debug][gc,phases      ] GC(106)     Total                          Min: 11456, Avg: 11827.5, Max: 12558, Diff: 1102, Sum: 47310, Workers: 4
[49.988s][debug][gc,phases      ] GC(106)   ResolvedMethodTable Weak       Min:  0.0, Avg:  0.0, Max:  0.0, Diff:  0.0, Sum:  0.1, Workers: 4
[49.988s][debug][gc,phases      ] GC(106)     Dead                           Min: 0, Avg:  0.0, Max: 0, Diff: 0, Sum: 0, Workers: 4
[49.988s][debug][gc,phases      ] GC(106)     Total                          Min: 1845, Avg: 1987.8, Max: 2209, Diff: 364, Sum: 7951, Workers: 4
[49.988s][debug][gc,phases      ] GC(106)   JNI Weak                       Min:  0.0, Avg:  0.0, Max:  0.0, Diff:  0.0, Sum:  0.0, Workers: 4
[49.988s][debug][gc,phases      ] GC(106)     Dead                           Min: 0, Avg:  0.0, Max: 0, Diff: 0, Sum: 0, Workers: 4
[49.988s][debug][gc,phases      ] GC(106)     Total                          Min: 0, Avg:  0.0, Max: 0, Diff: 0, Sum: 0, Workers: 4
[49.988s][debug][gc,phases      ] GC(106)   StringDedup Table Weak         Min:  0.0, Avg:  0.0, Max:  0.0, Diff:  0.0, Sum:  0.0, Workers: 4
[49.988s][debug][gc,phases      ] GC(106)     Dead                           Min: 0, Avg:  0.0, Max: 0, Diff: 0, Sum: 0, Workers: 4
[49.988s][debug][gc,phases      ] GC(106)     Total                          Min: 0, Avg:  0.0, Max: 0, Diff: 0, Sum: 0, Workers: 4
[49.988s][debug][gc,phases      ] GC(106)   StringDedup Requests0 Weak     Min:  0.0, Avg:  0.0, Max:  0.0, Diff:  0.0, Sum:  0.0, Workers: 4
[49.988s][debug][gc,phases      ] GC(106)     Dead                           Min: 0, Avg:  0.0, Max: 0, Diff: 0, Sum: 0, Workers: 4
[49.988s][debug][gc,phases      ] GC(106)     Total                          Min: 0, Avg:  0.0, Max: 0, Diff: 0, Sum: 0, Workers: 4
[49.988s][debug][gc,phases      ] GC(106)   StringDedup Requests1 Weak     Min:  0.0, Avg:  0.0, Max:  0.0, Diff:  0.0, Sum:  0.0, Workers: 4
[49.988s][debug][gc,phases      ] GC(106)     Dead                           Min: 0, Avg:  0.0, Max: 0, Diff: 0, Sum: 0, Workers: 4
[49.988s][debug][gc,phases      ] GC(106)     Total                          Min: 0, Avg:  0.0, Max: 0, Diff: 0, Sum: 0, Workers: 4
[49.988s][debug][gc,phases      ] GC(106)   Weak JFR Old Object Samples    Min:  0.0, Avg:  0.0, Max:  0.0, Diff:  0.0, Sum:  0.0, Workers: 4
[49.988s][debug][gc,phases      ] GC(106)     Dead                           Min: 0, Avg:  0.0, Max: 0, Diff: 0, Sum: 0, Workers: 4
[49.988s][debug][gc,phases      ] GC(106)     Total                          Min: 0, Avg:  0.0, Max: 0, Diff: 0, Sum: 0, Workers: 4
[49.988s][debug][gc,phases      ] GC(106) Weak Processing 0.332ms
[49.988s][debug][gc,age         ] GC(106) Desired survivor size 179830784 bytes, new threshold 14 (max threshold 15)
[49.988s][info ][gc,heap        ] GC(106) PSYoungGen: 1955843K(1956352K)->140794K(1886720K) Eden: 1848320K(1848320K)->0K(1745920K) From: 107523K(108032K)->140794K(140800K)
[49.988s][info ][gc,heap        ] GC(106) ParOldGen: 372024K(424448K)->398302K(424448K)
[49.988s][info ][gc,metaspace   ] GC(106) Metaspace: 81254K(82112K)->81254K(82112K) NonClass: 69687K(70144K)->69687K(70144K) Class: 11566K(11968K)->11566K(11968K)
[49.988s][info ][gc             ] GC(106) Pause Young (Allocation Failure) 2273M->526M(2257M) 45.907ms
[49.988s][info ][gc,cpu         ] GC(106) User=0.18s Sys=0.00s Real=0.05s
[49.988s][info ][safepoint      ] Safepoint "ParallelGCFailedAllocation", Time since last: 97117347 ns, Reaching safepoint: 67701 ns, At safepoint: 45990327 ns, Total: 46058028 ns
[50.696s][info ][safepoint      ] Safepoint "ICBufferFull", Time since last: 707108016 ns, Reaching safepoint: 196603 ns, At safepoint: 9100 ns, Total: 205703 ns
[51.696s][info ][safepoint      ] Safepoint "Cleanup", Time since last: 1000108584 ns, Reaching safepoint: 174903 ns, At safepoint: 14900 ns, Total: 189803 ns
[52.696s][info ][safepoint      ] Safepoint "Cleanup", Time since last: 1000102183 ns, Reaching safepoint: 103602 ns, At safepoint: 7600 ns, Total: 111202 ns
[53.696s][info ][safepoint      ] Safepoint "Cleanup", Time since last: 1000100582 ns, Reaching safepoint: 85602 ns, At safepoint: 8400 ns, Total: 94002 ns
[54.697s][info ][safepoint      ] Safepoint "Cleanup", Time since last: 1000099381 ns, Reaching safepoint: 67902 ns, At safepoint: 7300 ns, Total: 75202 ns
[56.389s][info ][safepoint      ] Safepoint "Cleanup", Time since last: 1692243124 ns, Reaching safepoint: 158603 ns, At safepoint: 8100 ns, Total: 166703 ns
[57.389s][info ][safepoint      ] Safepoint "Cleanup", Time since last: 1000104179 ns, Reaching safepoint: 53301 ns, At safepoint: 3100 ns, Total: 56401 ns
[58.389s][info ][safepoint      ] Safepoint "Cleanup", Time since last: 1000102079 ns, Reaching safepoint: 87802 ns, At safepoint: 8700 ns, Total: 96502 ns
[59.310s][info ][safepoint      ] Safepoint "ICBufferFull", Time since last: 920409445 ns, Reaching safepoint: 159503 ns, At safepoint: 10400 ns, Total: 169903 ns
[59.310s][info ][safepoint      ] Safepoint "ICBufferFull", Time since last: 63702 ns, Reaching safepoint: 100101 ns, At safepoint: 7500 ns, Total: 107601 ns
[59.906s][info ][safepoint      ] Safepoint "ICBufferFull", Time since last: 595662008 ns, Reaching safepoint: 145402 ns, At safepoint: 5501 ns, Total: 150903 ns
[60.436s][info ][safepoint      ] Safepoint "ICBufferFull", Time since last: 530034127 ns, Reaching safepoint: 248805 ns, At safepoint: 18800 ns, Total: 267605 ns
[61.244s][info ][safepoint      ] Safepoint "ICBufferFull", Time since last: 807973323 ns, Reaching safepoint: 193303 ns, At safepoint: 5301 ns, Total: 198604 ns
[62.245s][info ][safepoint      ] Safepoint "Cleanup", Time since last: 1000113376 ns, Reaching safepoint: 107302 ns, At safepoint: 8600 ns, Total: 115902 ns
[63.245s][info ][safepoint      ] Safepoint "Cleanup", Time since last: 1000100875 ns, Reaching safepoint: 107102 ns, At safepoint: 10400 ns, Total: 117502 ns
[64.245s][info ][safepoint      ] Safepoint "Cleanup", Time since last: 1000109475 ns, Reaching safepoint: 146702 ns, At safepoint: 8000 ns, Total: 154702 ns
[65.245s][info ][safepoint      ] Safepoint "Cleanup", Time since last: 1000109674 ns, Reaching safepoint: 155303 ns, At safepoint: 8700 ns, Total: 164003 ns
[66.246s][info ][safepoint      ] Safepoint "Cleanup", Time since last: 1000097073 ns, Reaching safepoint: 129202 ns, At safepoint: 5601 ns, Total: 134803 ns
[67.448s][info ][safepoint      ] Safepoint "Cleanup", Time since last: 1202447908 ns, Reaching safepoint: 64601 ns, At safepoint: 10500 ns, Total: 75101 ns
[68.448s][info ][safepoint      ] Safepoint "Cleanup", Time since last: 1000102672 ns, Reaching safepoint: 57201 ns, At safepoint: 5500 ns, Total: 62701 ns
[69.449s][info ][safepoint      ] Safepoint "Cleanup", Time since last: 1000101171 ns, Reaching safepoint: 406207 ns, At safepoint: 13000 ns, Total: 419207 ns
[70.449s][info ][safepoint      ] Safepoint "Cleanup", Time since last: 1000103470 ns, Reaching safepoint: 137203 ns, At safepoint: 13200 ns, Total: 150403 ns
[71.449s][info ][safepoint      ] Safepoint "Cleanup", Time since last: 1000090669 ns, Reaching safepoint: 65301 ns, At safepoint: 7300 ns, Total: 72601 ns
[72.449s][info ][safepoint      ] Safepoint "Cleanup", Time since last: 1000106169 ns, Reaching safepoint: 65701 ns, At safepoint: 5400 ns, Total: 71101 ns
[73.450s][info ][safepoint      ] Safepoint "Cleanup", Time since last: 1000101468 ns, Reaching safepoint: 53201 ns, At safepoint: 10200 ns, Total: 63401 ns
[75.174s][info ][safepoint      ] Safepoint "ICBufferFull", Time since last: 1723995372 ns, Reaching safepoint: 250805 ns, At safepoint: 19800 ns, Total: 270605 ns
[75.211s][info ][safepoint      ] Safepoint "ICBufferFull", Time since last: 37328071 ns, Reaching safepoint: 67501 ns, At safepoint: 3200 ns, Total: 70701 ns
[76.212s][info ][safepoint      ] Safepoint "Cleanup", Time since last: 1000114066 ns, Reaching safepoint: 128402 ns, At safepoint: 12701 ns, Total: 141103 ns
[77.212s][info ][safepoint      ] Safepoint "Cleanup", Time since last: 1000126965 ns, Reaching safepoint: 116202 ns, At safepoint: 8101 ns, Total: 124303 ns
[78.212s][info ][safepoint      ] Safepoint "Cleanup", Time since last: 1000106864 ns, Reaching safepoint: 129202 ns, At safepoint: 8301 ns, Total: 137503 ns
[79.212s][info ][safepoint      ] Safepoint "Cleanup", Time since last: 1000100963 ns, Reaching safepoint: 68602 ns, At safepoint: 8500 ns, Total: 77102 ns
[80.212s][info ][safepoint      ] Safepoint "Cleanup", Time since last: 1000102363 ns, Reaching safepoint: 87802 ns, At safepoint: 5300 ns, Total: 93102 ns
[81.213s][info ][safepoint      ] Safepoint "Cleanup", Time since last: 1000100462 ns, Reaching safepoint: 64401 ns, At safepoint: 7800 ns, Total: 72201 ns
[82.213s][info ][safepoint      ] Safepoint "Cleanup", Time since last: 1000109262 ns, Reaching safepoint: 54201 ns, At safepoint: 10100 ns, Total: 64301 ns
[83.654s][info ][safepoint      ] Safepoint "Cleanup", Time since last: 1441618091 ns, Reaching safepoint: 116202 ns, At safepoint: 16400 ns, Total: 132602 ns
[84.655s][info ][safepoint      ] Safepoint "Cleanup", Time since last: 1000098660 ns, Reaching safepoint: 68801 ns, At safepoint: 5300 ns, Total: 74101 ns
[85.602s][info ][gc,start       ] GC(107) Pause Young (Allocation Failure)
[85.629s][debug][gc,phases      ] GC(107) Scavenge 26.956ms
[85.629s][debug][gc,ref         ] GC(107) Skipped phase 1 of Reference Processing: no references
[85.629s][debug][gc,ref         ] GC(107) ReferenceProcessor::execute queues: 1, RefProcThreadModel::Single, marks_oops_alive: false
[85.629s][debug][gc,ref         ] GC(107) Skipped phase 3 of Reference Processing: no references
[85.629s][debug][gc,ref         ] GC(107) ReferenceProcessor::execute queues: 1, RefProcThreadModel::Single, marks_oops_alive: false
[85.629s][debug][gc,phases      ] GC(107) Reference Processing 0.151ms
[85.630s][debug][gc,phases      ] GC(107)   VM Weak                        Min:  0.0, Avg:  0.0, Max:  0.0, Diff:  0.0, Sum:  0.0, Workers: 4
[85.630s][debug][gc,phases      ] GC(107)     Dead                           Min: 0, Avg:  0.0, Max: 0, Diff: 0, Sum: 0, Workers: 4
[85.630s][debug][gc,phases      ] GC(107)     Total                          Min: 0, Avg: 167.8, Max: 640, Diff: 640, Sum: 671, Workers: 4
[85.630s][debug][gc,phases      ] GC(107)   ObjectSynchronizer Weak        Min:  0.0, Avg:  0.0, Max:  0.0, Diff:  0.0, Sum:  0.0, Workers: 4
[85.630s][debug][gc,phases      ] GC(107)     Dead                           Min: 0, Avg:  0.0, Max: 0, Diff: 0, Sum: 0, Workers: 4
[85.630s][debug][gc,phases      ] GC(107)     Total                          Min: 0, Avg: 112.8, Max: 195, Diff: 195, Sum: 451, Workers: 4
[85.630s][debug][gc,phases      ] GC(107)   JVMTI Tag Weak OopStorage      Min:  0.0, Avg:  0.0, Max:  0.0, Diff:  0.0, Sum:  0.0, Workers: 4
[85.630s][debug][gc,phases      ] GC(107)     Dead                           Min: 0, Avg:  0.0, Max: 0, Diff: 0, Sum: 0, Workers: 4
[85.630s][debug][gc,phases      ] GC(107)     Total                          Min: 0, Avg:  0.0, Max: 0, Diff: 0, Sum: 0, Workers: 4
[85.630s][debug][gc,phases      ] GC(107)   StringTable Weak               Min:  0.1, Avg:  0.1, Max:  0.1, Diff:  0.0, Sum:  0.5, Workers: 4
[85.630s][debug][gc,phases      ] GC(107)     Dead                           Min: 0, Avg:  0.8, Max: 3, Diff: 3, Sum: 3, Workers: 4
[85.630s][debug][gc,phases      ] GC(107)     Total                          Min: 10944, Avg: 11936.0, Max: 12416, Diff: 1472, Sum: 47744, Workers: 4
[85.630s][debug][gc,phases      ] GC(107)   ResolvedMethodTable Weak       Min:  0.0, Avg:  0.0, Max:  0.0, Diff:  0.0, Sum:  0.1, Workers: 4
[85.630s][debug][gc,phases      ] GC(107)     Dead                           Min: 0, Avg:  4.5, Max: 14, Diff: 14, Sum: 18, Workers: 4
[85.630s][debug][gc,phases      ] GC(107)     Total                          Min: 1816, Avg: 2018.8, Max: 2286, Diff: 470, Sum: 8075, Workers: 4
[85.630s][debug][gc,phases      ] GC(107)   JNI Weak                       Min:  0.0, Avg:  0.0, Max:  0.0, Diff:  0.0, Sum:  0.0, Workers: 4
[85.630s][debug][gc,phases      ] GC(107)     Dead                           Min: 0, Avg:  0.0, Max: 0, Diff: 0, Sum: 0, Workers: 4
[85.630s][debug][gc,phases      ] GC(107)     Total                          Min: 0, Avg:  0.5, Max: 2, Diff: 2, Sum: 2, Workers: 4
[85.630s][debug][gc,phases      ] GC(107)   StringDedup Table Weak         Min:  0.0, Avg:  0.0, Max:  0.0, Diff:  0.0, Sum:  0.0, Workers: 4
[85.630s][debug][gc,phases      ] GC(107)     Dead                           Min: 0, Avg:  0.0, Max: 0, Diff: 0, Sum: 0, Workers: 4
[85.630s][debug][gc,phases      ] GC(107)     Total                          Min: 0, Avg:  0.0, Max: 0, Diff: 0, Sum: 0, Workers: 4
[85.630s][debug][gc,phases      ] GC(107)   StringDedup Requests0 Weak     Min:  0.0, Avg:  0.0, Max:  0.0, Diff:  0.0, Sum:  0.0, Workers: 4
[85.630s][debug][gc,phases      ] GC(107)     Dead                           Min: 0, Avg:  0.0, Max: 0, Diff: 0, Sum: 0, Workers: 4
[85.630s][debug][gc,phases      ] GC(107)     Total                          Min: 0, Avg:  0.0, Max: 0, Diff: 0, Sum: 0, Workers: 4
[85.630s][debug][gc,phases      ] GC(107)   StringDedup Requests1 Weak     Min:  0.0, Avg:  0.0, Max:  0.0, Diff:  0.0, Sum:  0.0, Workers: 4
[85.630s][debug][gc,phases      ] GC(107)     Dead                           Min: 0, Avg:  0.0, Max: 0, Diff: 0, Sum: 0, Workers: 4
[85.630s][debug][gc,phases      ] GC(107)     Total                          Min: 0, Avg:  0.0, Max: 0, Diff: 0, Sum: 0, Workers: 4
[85.630s][debug][gc,phases      ] GC(107)   Weak JFR Old Object Samples    Min:  0.0, Avg:  0.0, Max:  0.0, Diff:  0.0, Sum:  0.0, Workers: 4
[85.630s][debug][gc,phases      ] GC(107)     Dead                           Min: 0, Avg:  0.0, Max: 0, Diff: 0, Sum: 0, Workers: 4
[85.630s][debug][gc,phases      ] GC(107)     Total                          Min: 0, Avg:  0.0, Max: 0, Diff: 0, Sum: 0, Workers: 4
[85.630s][debug][gc,phases      ] GC(107) Weak Processing 0.342ms
[85.630s][debug][gc,age         ] GC(107) Desired survivor size 182452224 bytes, new threshold 15 (max threshold 15)
[85.630s][info ][gc,heap        ] GC(107) PSYoungGen: 1886714K(1886720K)->96868K(1843200K) Eden: 1745920K(1745920K)->0K(1745920K) From: 140794K(140800K)->96868K(97280K)
[85.630s][info ][gc,heap        ] GC(107) ParOldGen: 398302K(424448K)->398918K(424448K)
[85.630s][info ][gc,metaspace   ] GC(107) Metaspace: 82105K(82944K)->82105K(82944K) NonClass: 70484K(70912K)->70484K(70912K) Class: 11621K(12032K)->11621K(12032K)
[85.630s][info ][gc             ] GC(107) Pause Young (Allocation Failure) 2231M->484M(2214M) 27.585ms
[85.630s][info ][gc,cpu         ] GC(107) User=0.12s Sys=0.00s Real=0.03s
[85.630s][info ][safepoint      ] Safepoint "ParallelGCFailedAllocation", Time since last: 947320412 ns, Reaching safepoint: 132102 ns, At safepoint: 27692097 ns, Total: 27824199 ns
[86.630s][info ][safepoint      ] Safepoint "Cleanup", Time since last: 1000087659 ns, Reaching safepoint: 88902 ns, At safepoint: 5600 ns, Total: 94502 ns
[87.630s][info ][safepoint      ] Safepoint "Cleanup", Time since last: 1000104558 ns, Reaching safepoint: 53301 ns, At safepoint: 5700 ns, Total: 59001 ns
[88.630s][info ][safepoint      ] Safepoint "Cleanup", Time since last: 1000110257 ns, Reaching safepoint: 214304 ns, At safepoint: 11200 ns, Total: 225504 ns
[89.631s][info ][safepoint      ] Safepoint "Cleanup", Time since last: 1000098457 ns, Reaching safepoint: 70401 ns, At safepoint: 8100 ns, Total: 78501 ns
[90.882s][info ][safepoint      ] Safepoint "ICBufferFull", Time since last: 1250675755 ns, Reaching safepoint: 188003 ns, At safepoint: 13601 ns, Total: 201604 ns
[91.882s][info ][safepoint      ] Safepoint "Cleanup", Time since last: 1000108955 ns, Reaching safepoint: 82401 ns, At safepoint: 8600 ns, Total: 91001 ns
[93.655s][info ][safepoint      ] Safepoint "ICBufferFull", Time since last: 1772498021 ns, Reaching safepoint: 318906 ns, At safepoint: 7900 ns, Total: 326806 ns
[94.655s][info ][safepoint      ] Safepoint "Cleanup", Time since last: 1000117853 ns, Reaching safepoint: 141003 ns, At safepoint: 10100 ns, Total: 151103 ns
[95.655s][info ][safepoint      ] Safepoint "Cleanup", Time since last: 1000078752 ns, Reaching safepoint: 122502 ns, At safepoint: 5900 ns, Total: 128402 ns
[96.655s][info ][safepoint      ] Safepoint "Cleanup", Time since last: 1000103452 ns, Reaching safepoint: 83002 ns, At safepoint: 8500 ns, Total: 91502 ns
[97.655s][info ][safepoint      ] Safepoint "Cleanup", Time since last: 1000097951 ns, Reaching safepoint: 86402 ns, At safepoint: 5400 ns, Total: 91802 ns
[98.656s][info ][safepoint      ] Safepoint "Cleanup", Time since last: 1000106450 ns, Reaching safepoint: 57101 ns, At safepoint: 5801 ns, Total: 62902 ns
[99.656s][info ][safepoint      ] Safepoint "Cleanup", Time since last: 1000076649 ns, Reaching safepoint: 63901 ns, At safepoint: 5700 ns, Total: 69601 ns
[100.656s][info ][safepoint      ] Safepoint "Cleanup", Time since last: 1000105749 ns, Reaching safepoint: 72902 ns, At safepoint: 7600 ns, Total: 80502 ns
[101.656s][info ][safepoint      ] Safepoint "Cleanup", Time since last: 1000102948 ns, Reaching safepoint: 60701 ns, At safepoint: 7001 ns, Total: 67702 ns
[102.656s][info ][safepoint      ] Safepoint "Cleanup", Time since last: 1000102247 ns, Reaching safepoint: 72602 ns, At safepoint: 6400 ns, Total: 79002 ns
[103.656s][info ][safepoint      ] Safepoint "Cleanup", Time since last: 1000064446 ns, Reaching safepoint: 73602 ns, At safepoint: 8000 ns, Total: 81602 ns
[104.657s][info ][safepoint      ] Safepoint "Cleanup", Time since last: 1000101246 ns, Reaching safepoint: 45301 ns, At safepoint: 3300 ns, Total: 48601 ns
[105.657s][info ][safepoint      ] Safepoint "Cleanup", Time since last: 1000062145 ns, Reaching safepoint: 53701 ns, At safepoint: 5500 ns, Total: 59201 ns
[106.657s][info ][safepoint      ] Safepoint "Cleanup", Time since last: 1000104846 ns, Reaching safepoint: 72801 ns, At safepoint: 7400 ns, Total: 80201 ns
[108.011s][info ][safepoint      ] Safepoint "Cleanup", Time since last: 1353897593 ns, Reaching safepoint: 137202 ns, At safepoint: 10800 ns, Total: 148002 ns
[109.011s][info ][safepoint      ] Safepoint "Cleanup", Time since last: 1000101044 ns, Reaching safepoint: 68401 ns, At safepoint: 7800 ns, Total: 76201 ns
[110.011s][info ][safepoint      ] Safepoint "Cleanup", Time since last: 1000105243 ns, Reaching safepoint: 44901 ns, At safepoint: 5200 ns, Total: 50101 ns
[111.011s][info ][safepoint      ] Safepoint "Cleanup", Time since last: 1000104242 ns, Reaching safepoint: 52101 ns, At safepoint: 7701 ns, Total: 59802 ns
[112.795s][info ][safepoint      ] Safepoint "Cleanup", Time since last: 1783230090 ns, Reaching safepoint: 153603 ns, At safepoint: 7200 ns, Total: 160803 ns
[113.795s][info ][safepoint      ] Safepoint "Cleanup", Time since last: 1000106540 ns, Reaching safepoint: 133603 ns, At safepoint: 7400 ns, Total: 141003 ns
[114.795s][info ][safepoint      ] Safepoint "Cleanup", Time since last: 1000100640 ns, Reaching safepoint: 131702 ns, At safepoint: 7200 ns, Total: 138902 ns
[115.143s][info ][gc,start       ] GC(108) Pause Young (Allocation Failure)
[115.168s][debug][gc,phases      ] GC(108) Scavenge 25.483ms
[115.168s][debug][gc,ref         ] GC(108) Skipped phase 1 of Reference Processing: no references
[115.169s][debug][gc,ref         ] GC(108) ReferenceProcessor::execute queues: 1, RefProcThreadModel::Single, marks_oops_alive: false
[115.169s][debug][gc,ref         ] GC(108) Skipped phase 3 of Reference Processing: no references
[115.169s][debug][gc,ref         ] GC(108) ReferenceProcessor::execute queues: 1, RefProcThreadModel::Single, marks_oops_alive: false
[115.169s][debug][gc,phases      ] GC(108) Reference Processing 0.165ms
[115.169s][debug][gc,phases      ] GC(108)   VM Weak                        Min:  0.0, Avg:  0.0, Max:  0.0, Diff:  0.0, Sum:  0.0, Workers: 4
[115.169s][debug][gc,phases      ] GC(108)     Dead                           Min: 0, Avg:  0.0, Max: 0, Diff: 0, Sum: 0, Workers: 4
[115.169s][debug][gc,phases      ] GC(108)     Total                          Min: 0, Avg: 172.8, Max: 640, Diff: 640, Sum: 691, Workers: 4
[115.169s][debug][gc,phases      ] GC(108)   ObjectSynchronizer Weak        Min:  0.0, Avg:  0.0, Max:  0.0, Diff:  0.0, Sum:  0.0, Workers: 4
[115.169s][debug][gc,phases      ] GC(108)     Dead                           Min: 0, Avg:  1.0, Max: 4, Diff: 4, Sum: 4, Workers: 4
[115.169s][debug][gc,phases      ] GC(108)     Total                          Min: 0, Avg: 114.0, Max: 200, Diff: 200, Sum: 456, Workers: 4
[115.169s][debug][gc,phases      ] GC(108)   JVMTI Tag Weak OopStorage      Min:  0.0, Avg:  0.0, Max:  0.0, Diff:  0.0, Sum:  0.0, Workers: 4
[115.169s][debug][gc,phases      ] GC(108)     Dead                           Min: 0, Avg:  0.0, Max: 0, Diff: 0, Sum: 0, Workers: 4
[115.169s][debug][gc,phases      ] GC(108)     Total                          Min: 0, Avg:  0.0, Max: 0, Diff: 0, Sum: 0, Workers: 4
[115.169s][debug][gc,phases      ] GC(108)   StringTable Weak               Min:  0.1, Avg:  0.1, Max:  0.1, Diff:  0.0, Sum:  0.5, Workers: 4
[115.169s][debug][gc,phases      ] GC(108)     Dead                           Min: 0, Avg:  1.0, Max: 3, Diff: 3, Sum: 4, Workers: 4
[115.169s][debug][gc,phases      ] GC(108)     Total                          Min: 10944, Avg: 11991.2, Max: 13405, Diff: 2461, Sum: 47965, Workers: 4
[115.169s][debug][gc,phases      ] GC(108)   ResolvedMethodTable Weak       Min:  0.0, Avg:  0.0, Max:  0.0, Diff:  0.0, Sum:  0.1, Workers: 4
[115.169s][debug][gc,phases      ] GC(108)     Dead                           Min: 0, Avg:  0.0, Max: 0, Diff: 0, Sum: 0, Workers: 4
[115.169s][debug][gc,phases      ] GC(108)     Total                          Min: 1728, Avg: 2065.5, Max: 2432, Diff: 704, Sum: 8262, Workers: 4
[115.169s][debug][gc,phases      ] GC(108)   JNI Weak                       Min:  0.0, Avg:  0.0, Max:  0.0, Diff:  0.0, Sum:  0.0, Workers: 4
[115.169s][debug][gc,phases      ] GC(108)     Dead                           Min: 0, Avg:  0.0, Max: 0, Diff: 0, Sum: 0, Workers: 4
[115.169s][debug][gc,phases      ] GC(108)     Total                          Min: 0, Avg:  0.0, Max: 0, Diff: 0, Sum: 0, Workers: 4
[115.169s][debug][gc,phases      ] GC(108)   StringDedup Table Weak         Min:  0.0, Avg:  0.0, Max:  0.0, Diff:  0.0, Sum:  0.0, Workers: 4
[115.169s][debug][gc,phases      ] GC(108)     Dead                           Min: 0, Avg:  0.0, Max: 0, Diff: 0, Sum: 0, Workers: 4
[115.169s][debug][gc,phases      ] GC(108)     Total                          Min: 0, Avg:  0.0, Max: 0, Diff: 0, Sum: 0, Workers: 4
[115.169s][debug][gc,phases      ] GC(108)   StringDedup Requests0 Weak     Min:  0.0, Avg:  0.0, Max:  0.0, Diff:  0.0, Sum:  0.0, Workers: 4
[115.169s][debug][gc,phases      ] GC(108)     Dead                           Min: 0, Avg:  0.0, Max: 0, Diff: 0, Sum: 0, Workers: 4
[115.169s][debug][gc,phases      ] GC(108)     Total                          Min: 0, Avg:  0.0, Max: 0, Diff: 0, Sum: 0, Workers: 4
[115.169s][debug][gc,phases      ] GC(108)   StringDedup Requests1 Weak     Min:  0.0, Avg:  0.0, Max:  0.0, Diff:  0.0, Sum:  0.0, Workers: 4
[115.169s][debug][gc,phases      ] GC(108)     Dead                           Min: 0, Avg:  0.0, Max: 0, Diff: 0, Sum: 0, Workers: 4
[115.169s][debug][gc,phases      ] GC(108)     Total                          Min: 0, Avg:  0.0, Max: 0, Diff: 0, Sum: 0, Workers: 4
[115.169s][debug][gc,phases      ] GC(108)   Weak JFR Old Object Samples    Min:  0.0, Avg:  0.0, Max:  0.0, Diff:  0.0, Sum:  0.0, Workers: 4
[115.169s][debug][gc,phases      ] GC(108)     Dead                           Min: 0, Avg:  0.0, Max: 0, Diff: 0, Sum: 0, Workers: 4
[115.169s][debug][gc,phases      ] GC(108)     Total                          Min: 0, Avg:  0.0, Max: 0, Diff: 0, Sum: 0, Workers: 4
[115.169s][debug][gc,phases      ] GC(108) Weak Processing 0.353ms
[115.169s][debug][gc,age         ] GC(108) Desired survivor size 184025088 bytes, new threshold 15 (max threshold 15)
[115.169s][info ][gc,heap        ] GC(108) PSYoungGen: 1842788K(1843200K)->99322K(1915904K) Eden: 1745920K(1745920K)->0K(1737728K) From: 96868K(97280K)->99322K(178176K)
[115.169s][info ][gc,heap        ] GC(108) ParOldGen: 398918K(424448K)->398926K(424448K)
[115.169s][info ][gc,metaspace   ] GC(108) Metaspace: 83049K(83904K)->83049K(83904K) NonClass: 71334K(71808K)->71334K(71808K) Class: 11715K(12096K)->11715K(12096K)
[115.169s][info ][gc             ] GC(108) Pause Young (Allocation Failure) 2189M->486M(2285M) 26.145ms
[115.169s][info ][gc,cpu         ] GC(108) User=0.09s Sys=0.00s Real=0.03s
[115.169s][info ][safepoint      ] Safepoint "ParallelGCFailedAllocation", Time since last: 347496433 ns, Reaching safepoint: 38501 ns, At safepoint: 26222370 ns, Total: 26260871 ns
[116.169s][info ][safepoint      ] Safepoint "Cleanup", Time since last: 1000084339 ns, Reaching safepoint: 130802 ns, At safepoint: 15001 ns, Total: 145803 ns
[117.169s][info ][safepoint      ] Safepoint "Cleanup", Time since last: 1000097938 ns, Reaching safepoint: 85201 ns, At safepoint: 5101 ns, Total: 90302 ns
[118.170s][info ][safepoint      ] Safepoint "Cleanup", Time since last: 1000105037 ns, Reaching safepoint: 114102 ns, At safepoint: 9600 ns, Total: 123702 ns
[119.170s][info ][safepoint      ] Safepoint "Cleanup", Time since last: 1000100037 ns, Reaching safepoint: 108402 ns, At safepoint: 6101 ns, Total: 114503 ns
[120.170s][info ][safepoint      ] Safepoint "Cleanup", Time since last: 1000105136 ns, Reaching safepoint: 49001 ns, At safepoint: 6000 ns, Total: 55001 ns
[121.170s][info ][safepoint      ] Safepoint "Cleanup", Time since last: 1000095035 ns, Reaching safepoint: 65602 ns, At safepoint: 5500 ns, Total: 71102 ns
[122.170s][info ][safepoint      ] Safepoint "Cleanup", Time since last: 1000099735 ns, Reaching safepoint: 140502 ns, At safepoint: 17501 ns, Total: 158003 ns
[123.247s][info ][safepoint      ] Safepoint "Cleanup", Time since last: 1075958794 ns, Reaching safepoint: 173603 ns, At safepoint: 10301 ns, Total: 183904 ns
[124.247s][info ][safepoint      ] Safepoint "Cleanup", Time since last: 1000125534 ns, Reaching safepoint: 170203 ns, At safepoint: 11100 ns, Total: 181303 ns
[125.247s][info ][safepoint      ] Safepoint "Cleanup", Time since last: 1000112633 ns, Reaching safepoint: 105102 ns, At safepoint: 6600 ns, Total: 111702 ns
[126.247s][info ][safepoint      ] Safepoint "Cleanup", Time since last: 1000103133 ns, Reaching safepoint: 51401 ns, At safepoint: 13900 ns, Total: 65301 ns
[127.248s][info ][safepoint      ] Safepoint "Cleanup", Time since last: 1000097932 ns, Reaching safepoint: 132702 ns, At safepoint: 7300 ns, Total: 140002 ns
[128.248s][info ][safepoint      ] Safepoint "Cleanup", Time since last: 1000112332 ns, Reaching safepoint: 121602 ns, At safepoint: 6300 ns, Total: 127902 ns
[129.248s][info ][safepoint      ] Safepoint "Cleanup", Time since last: 1000112831 ns, Reaching safepoint: 132902 ns, At safepoint: 8800 ns, Total: 141702 ns
[129.574s][info ][safepoint      ] Safepoint "ICBufferFull", Time since last: 325895043 ns, Reaching safepoint: 57601 ns, At safepoint: 2500 ns, Total: 60101 ns
[129.727s][info ][safepoint      ] Safepoint "ICBufferFull", Time since last: 153059444 ns, Reaching safepoint: 52901 ns, At safepoint: 2900 ns, Total: 55801 ns
[129.802s][info ][gc,start       ] GC(109) Pause Young (Allocation Failure)
[129.837s][debug][gc,phases      ] GC(109) Scavenge 34.831ms
[129.837s][debug][gc,ref         ] GC(109) Skipped phase 1 of Reference Processing: no references
[129.837s][debug][gc,ref         ] GC(109) ReferenceProcessor::execute queues: 1, RefProcThreadModel::Single, marks_oops_alive: false
[129.837s][debug][gc,ref         ] GC(109) Skipped phase 3 of Reference Processing: no references
[129.837s][debug][gc,ref         ] GC(109) ReferenceProcessor::execute queues: 1, RefProcThreadModel::Single, marks_oops_alive: false
[129.837s][debug][gc,phases      ] GC(109) Reference Processing 0.209ms
[129.837s][debug][gc,phases      ] GC(109)   VM Weak                        Min:  0.0, Avg:  0.0, Max:  0.0, Diff:  0.0, Sum:  0.0, Workers: 4
[129.837s][debug][gc,phases      ] GC(109)     Dead                           Min: 0, Avg:  0.0, Max: 0, Diff: 0, Sum: 0, Workers: 4
[129.837s][debug][gc,phases      ] GC(109)     Total                          Min: 0, Avg: 172.8, Max: 691, Diff: 691, Sum: 691, Workers: 4
[129.837s][debug][gc,phases      ] GC(109)   ObjectSynchronizer Weak        Min:  0.0, Avg:  0.0, Max:  0.0, Diff:  0.0, Sum:  0.0, Workers: 4
[129.837s][debug][gc,phases      ] GC(109)     Dead                           Min: 0, Avg:  0.0, Max: 0, Diff: 0, Sum: 0, Workers: 4
[129.837s][debug][gc,phases      ] GC(109)     Total                          Min: 0, Avg: 114.0, Max: 256, Diff: 256, Sum: 456, Workers: 4
[129.837s][debug][gc,phases      ] GC(109)   JVMTI Tag Weak OopStorage      Min:  0.0, Avg:  0.0, Max:  0.0, Diff:  0.0, Sum:  0.0, Workers: 4
[129.837s][debug][gc,phases      ] GC(109)     Dead                           Min: 0, Avg:  0.0, Max: 0, Diff: 0, Sum: 0, Workers: 4
[129.837s][debug][gc,phases      ] GC(109)     Total                          Min: 0, Avg:  0.0, Max: 0, Diff: 0, Sum: 0, Workers: 4
[129.837s][debug][gc,phases      ] GC(109)   StringTable Weak               Min:  0.1, Avg:  0.1, Max:  0.1, Diff:  0.0, Sum:  0.5, Workers: 4
[129.837s][debug][gc,phases      ] GC(109)     Dead                           Min: 0, Avg:  0.2, Max: 1, Diff: 1, Sum: 1, Workers: 4
[129.837s][debug][gc,phases      ] GC(109)     Total                          Min: 11776, Avg: 12000.5, Max: 12098, Diff: 322, Sum: 48002, Workers: 4
[129.837s][debug][gc,phases      ] GC(109)   ResolvedMethodTable Weak       Min:  0.0, Avg:  0.0, Max:  0.0, Diff:  0.0, Sum:  0.1, Workers: 4
[129.837s][debug][gc,phases      ] GC(109)     Dead                           Min: 0, Avg:  0.0, Max: 0, Diff: 0, Sum: 0, Workers: 4
[129.837s][debug][gc,phases      ] GC(109)     Total                          Min: 1792, Avg: 2067.0, Max: 2432, Diff: 640, Sum: 8268, Workers: 4
[129.837s][debug][gc,phases      ] GC(109)   JNI Weak                       Min:  0.0, Avg:  0.0, Max:  0.0, Diff:  0.0, Sum:  0.0, Workers: 4
[129.837s][debug][gc,phases      ] GC(109)     Dead                           Min: 0, Avg:  0.0, Max: 0, Diff: 0, Sum: 0, Workers: 4
[129.837s][debug][gc,phases      ] GC(109)     Total                          Min: 0, Avg:  0.5, Max: 2, Diff: 2, Sum: 2, Workers: 4
[129.837s][debug][gc,phases      ] GC(109)   StringDedup Table Weak         Min:  0.0, Avg:  0.0, Max:  0.0, Diff:  0.0, Sum:  0.0, Workers: 4
[129.837s][debug][gc,phases      ] GC(109)     Dead                           Min: 0, Avg:  0.0, Max: 0, Diff: 0, Sum: 0, Workers: 4
[129.837s][debug][gc,phases      ] GC(109)     Total                          Min: 0, Avg:  0.0, Max: 0, Diff: 0, Sum: 0, Workers: 4
[129.837s][debug][gc,phases      ] GC(109)   StringDedup Requests0 Weak     Min:  0.0, Avg:  0.0, Max:  0.0, Diff:  0.0, Sum:  0.0, Workers: 4
[129.837s][debug][gc,phases      ] GC(109)     Dead                           Min: 0, Avg:  0.0, Max: 0, Diff: 0, Sum: 0, Workers: 4
[129.837s][debug][gc,phases      ] GC(109)     Total                          Min: 0, Avg:  0.0, Max: 0, Diff: 0, Sum: 0, Workers: 4
[129.837s][debug][gc,phases      ] GC(109)   StringDedup Requests1 Weak     Min:  0.0, Avg:  0.0, Max:  0.0, Diff:  0.0, Sum:  0.0, Workers: 4
[129.837s][debug][gc,phases      ] GC(109)     Dead                           Min: 0, Avg:  0.0, Max: 0, Diff: 0, Sum: 0, Workers: 4
[129.837s][debug][gc,phases      ] GC(109)     Total                          Min: 0, Avg:  0.0, Max: 0, Diff: 0, Sum: 0, Workers: 4
[129.837s][debug][gc,phases      ] GC(109)   Weak JFR Old Object Samples    Min:  0.0, Avg:  0.0, Max:  0.0, Diff:  0.0, Sum:  0.0, Workers: 4
[129.837s][debug][gc,phases      ] GC(109)     Dead                           Min: 0, Avg:  0.0, Max: 0, Diff: 0, Sum: 0, Workers: 4
[129.837s][debug][gc,phases      ] GC(109)     Total                          Min: 0, Avg:  0.0, Max: 0, Diff: 0, Sum: 0, Workers: 4
[129.837s][debug][gc,phases      ] GC(109) Weak Processing 0.414ms
[129.837s][debug][gc,age         ] GC(109) Desired survivor size 199753728 bytes, new threshold 15 (max threshold 15)
[129.837s][info ][gc,heap        ] GC(109) PSYoungGen: 1837050K(1915904K)->138702K(1876480K) Eden: 1737728K(1737728K)->0K(1737728K) From: 99322K(178176K)->138702K(138752K)
[129.837s][info ][gc,heap        ] GC(109) ParOldGen: 398926K(424448K)->399262K(424448K)
[129.838s][info ][gc,metaspace   ] GC(109) Metaspace: 83194K(84096K)->83194K(84096K) NonClass: 71474K(72000K)->71474K(72000K) Class: 11720K(12096K)->11720K(12096K)
[129.838s][info ][gc             ] GC(109) Pause Young (Allocation Failure) 2183M->525M(2247M) 35.613ms
[129.838s][info ][gc,cpu         ] GC(109) User=0.15s Sys=0.00s Real=0.04s
[129.838s][info ][safepoint      ] Safepoint "ParallelGCFailedAllocation", Time since last: 74615038 ns, Reaching safepoint: 111102 ns, At safepoint: 35724540 ns, Total: 35835642 ns
[130.017s][info ][safepoint      ] Safepoint "ICBufferFull", Time since last: 178913008 ns, Reaching safepoint: 85201 ns, At safepoint: 2100 ns, Total: 87301 ns
[131.017s][info ][safepoint      ] Safepoint "Cleanup", Time since last: 1000103530 ns, Reaching safepoint: 109702 ns, At safepoint: 10200 ns, Total: 119902 ns
[132.017s][info ][safepoint      ] Safepoint "Cleanup", Time since last: 1000110529 ns, Reaching safepoint: 70301 ns, At safepoint: 10300 ns, Total: 80601 ns
[133.017s][info ][safepoint      ] Safepoint "Cleanup", Time since last: 1000079828 ns, Reaching safepoint: 75302 ns, At safepoint: 7200 ns, Total: 82502 ns
[134.017s][info ][safepoint      ] Safepoint "Cleanup", Time since last: 1000103027 ns, Reaching safepoint: 80602 ns, At safepoint: 10700 ns, Total: 91302 ns
[135.018s][info ][safepoint      ] Safepoint "Cleanup", Time since last: 1000112127 ns, Reaching safepoint: 60601 ns, At safepoint: 5300 ns, Total: 65901 ns
[136.018s][info ][safepoint      ] Safepoint "Cleanup", Time since last: 1000107427 ns, Reaching safepoint: 52500 ns, At safepoint: 8401 ns, Total: 60901 ns
[137.018s][info ][safepoint      ] Safepoint "Cleanup", Time since last: 1000107525 ns, Reaching safepoint: 63501 ns, At safepoint: 16301 ns, Total: 79802 ns
[138.018s][info ][safepoint      ] Safepoint "Cleanup", Time since last: 1000110225 ns, Reaching safepoint: 61601 ns, At safepoint: 6900 ns, Total: 68501 ns
[139.018s][info ][safepoint      ] Safepoint "Cleanup", Time since last: 1000095425 ns, Reaching safepoint: 76601 ns, At safepoint: 8800 ns, Total: 85401 ns
[140.972s][info ][safepoint      ] Safepoint "Cleanup", Time since last: 1953227905 ns, Reaching safepoint: 150903 ns, At safepoint: 9400 ns, Total: 160303 ns
[141.972s][info ][safepoint      ] Safepoint "Cleanup", Time since last: 1000111923 ns, Reaching safepoint: 53601 ns, At safepoint: 2600 ns, Total: 56201 ns
[142.972s][info ][safepoint      ] Safepoint "Cleanup", Time since last: 1000111122 ns, Reaching safepoint: 50901 ns, At safepoint: 2300 ns, Total: 53201 ns
[143.972s][info ][safepoint      ] Safepoint "Cleanup", Time since last: 1000108821 ns, Reaching safepoint: 51701 ns, At safepoint: 2200 ns, Total: 53901 ns
[144.972s][info ][safepoint      ] Safepoint "Cleanup", Time since last: 1000102721 ns, Reaching safepoint: 49701 ns, At safepoint: 5900 ns, Total: 55601 ns
[145.972s][info ][safepoint      ] Safepoint "Cleanup", Time since last: 1000097920 ns, Reaching safepoint: 54101 ns, At safepoint: 3500 ns, Total: 57601 ns
[146.973s][info ][safepoint      ] Safepoint "Cleanup", Time since last: 1000105920 ns, Reaching safepoint: 48101 ns, At safepoint: 2700 ns, Total: 50801 ns
[147.973s][info ][safepoint      ] Safepoint "Cleanup", Time since last: 1000062918 ns, Reaching safepoint: 41001 ns, At safepoint: 2000 ns, Total: 43001 ns
[148.973s][info ][safepoint      ] Safepoint "Cleanup", Time since last: 1000085818 ns, Reaching safepoint: 65001 ns, At safepoint: 10200 ns, Total: 75201 ns
[149.973s][info ][safepoint      ] Safepoint "Cleanup", Time since last: 1000114118 ns, Reaching safepoint: 113602 ns, At safepoint: 5200 ns, Total: 118802 ns
[150.973s][info ][safepoint      ] Safepoint "Cleanup", Time since last: 1000102717 ns, Reaching safepoint: 119002 ns, At safepoint: 4800 ns, Total: 123802 ns
[151.973s][info ][safepoint      ] Safepoint "Cleanup", Time since last: 1000101217 ns, Reaching safepoint: 46701 ns, At safepoint: 7400 ns, Total: 54101 ns
[152.974s][info ][safepoint      ] Safepoint "Cleanup", Time since last: 1000106016 ns, Reaching safepoint: 110202 ns, At safepoint: 7900 ns, Total: 118102 ns
[153.974s][info ][safepoint      ] Safepoint "Cleanup", Time since last: 1000107215 ns, Reaching safepoint: 65601 ns, At safepoint: 2000 ns, Total: 67601 ns
[154.974s][info ][safepoint      ] Safepoint "Cleanup", Time since last: 1000111615 ns, Reaching safepoint: 43001 ns, At safepoint: 2200 ns, Total: 45201 ns
[155.974s][info ][safepoint      ] Safepoint "Cleanup", Time since last: 1000116314 ns, Reaching safepoint: 48901 ns, At safepoint: 6800 ns, Total: 55701 ns
[156.974s][info ][safepoint      ] Safepoint "Cleanup", Time since last: 1000098414 ns, Reaching safepoint: 82501 ns, At safepoint: 4900 ns, Total: 87401 ns
[157.975s][info ][safepoint      ] Safepoint "Cleanup", Time since last: 1000109013 ns, Reaching safepoint: 45701 ns, At safepoint: 2600 ns, Total: 48301 ns
[158.975s][info ][safepoint      ] Safepoint "Cleanup", Time since last: 1000109213 ns, Reaching safepoint: 71301 ns, At safepoint: 6800 ns, Total: 78101 ns
[159.975s][info ][safepoint      ] Safepoint "Cleanup", Time since last: 1000110612 ns, Reaching safepoint: 44501 ns, At safepoint: 7000 ns, Total: 51501 ns
[160.247s][info ][gc,start       ] GC(110) Pause Young (Allocation Failure)
[160.281s][debug][gc,phases      ] GC(110) Scavenge 33.650ms
[160.281s][debug][gc,ref         ] GC(110) Skipped phase 1 of Reference Processing: no references
[160.281s][debug][gc,ref         ] GC(110) ReferenceProcessor::execute queues: 1, RefProcThreadModel::Single, marks_oops_alive: false
[160.281s][debug][gc,ref         ] GC(110) Skipped phase 3 of Reference Processing: no references
[160.281s][debug][gc,ref         ] GC(110) ReferenceProcessor::execute queues: 1, RefProcThreadModel::Single, marks_oops_alive: false
[160.281s][debug][gc,phases      ] GC(110) Reference Processing 0.150ms
[160.281s][debug][gc,phases      ] GC(110)   VM Weak                        Min:  0.0, Avg:  0.0, Max:  0.0, Diff:  0.0, Sum:  0.0, Workers: 4
[160.281s][debug][gc,phases      ] GC(110)     Dead                           Min: 0, Avg:  0.0, Max: 0, Diff: 0, Sum: 0, Workers: 4
[160.281s][debug][gc,phases      ] GC(110)     Total                          Min: 0, Avg: 173.0, Max: 512, Diff: 512, Sum: 692, Workers: 4
[160.281s][debug][gc,phases      ] GC(110)   ObjectSynchronizer Weak        Min:  0.0, Avg:  0.0, Max:  0.0, Diff:  0.0, Sum:  0.0, Workers: 4
[160.281s][debug][gc,phases      ] GC(110)     Dead                           Min: 0, Avg:  0.0, Max: 0, Diff: 0, Sum: 0, Workers: 4
[160.281s][debug][gc,phases      ] GC(110)     Total                          Min: 0, Avg: 114.0, Max: 320, Diff: 320, Sum: 456, Workers: 4
[160.281s][debug][gc,phases      ] GC(110)   JVMTI Tag Weak OopStorage      Min:  0.0, Avg:  0.0, Max:  0.0, Diff:  0.0, Sum:  0.0, Workers: 4
[160.281s][debug][gc,phases      ] GC(110)     Dead                           Min: 0, Avg:  0.0, Max: 0, Diff: 0, Sum: 0, Workers: 4
[160.281s][debug][gc,phases      ] GC(110)     Total                          Min: 0, Avg:  0.0, Max: 0, Diff: 0, Sum: 0, Workers: 4
[160.281s][debug][gc,phases      ] GC(110)   StringTable Weak               Min:  0.1, Avg:  0.1, Max:  0.1, Diff:  0.0, Sum:  0.5, Workers: 4
[160.281s][debug][gc,phases      ] GC(110)     Dead                           Min: 0, Avg:  0.0, Max: 0, Diff: 0, Sum: 0, Workers: 4
[160.281s][debug][gc,phases      ] GC(110)     Total                          Min: 11008, Avg: 12016.8, Max: 13187, Diff: 2179, Sum: 48067, Workers: 4
[160.281s][debug][gc,phases      ] GC(110)   ResolvedMethodTable Weak       Min:  0.0, Avg:  0.0, Max:  0.0, Diff:  0.0, Sum:  0.1, Workers: 4
[160.281s][debug][gc,phases      ] GC(110)     Dead                           Min: 0, Avg:  0.2, Max: 1, Diff: 1, Sum: 1, Workers: 4
[160.281s][debug][gc,phases      ] GC(110)     Total                          Min: 1856, Avg: 2074.0, Max: 2368, Diff: 512, Sum: 8296, Workers: 4
[160.281s][debug][gc,phases      ] GC(110)   JNI Weak                       Min:  0.0, Avg:  0.0, Max:  0.0, Diff:  0.0, Sum:  0.0, Workers: 4
[160.281s][debug][gc,phases      ] GC(110)     Dead                           Min: 0, Avg:  0.0, Max: 0, Diff: 0, Sum: 0, Workers: 4
[160.281s][debug][gc,phases      ] GC(110)     Total                          Min: 0, Avg:  0.0, Max: 0, Diff: 0, Sum: 0, Workers: 4
[160.281s][debug][gc,phases      ] GC(110)   StringDedup Table Weak         Min:  0.0, Avg:  0.0, Max:  0.0, Diff:  0.0, Sum:  0.0, Workers: 4
[160.281s][debug][gc,phases      ] GC(110)     Dead                           Min: 0, Avg:  0.0, Max: 0, Diff: 0, Sum: 0, Workers: 4
[160.281s][debug][gc,phases      ] GC(110)     Total                          Min: 0, Avg:  0.0, Max: 0, Diff: 0, Sum: 0, Workers: 4
[160.281s][debug][gc,phases      ] GC(110)   StringDedup Requests0 Weak     Min:  0.0, Avg:  0.0, Max:  0.0, Diff:  0.0, Sum:  0.0, Workers: 4
[160.281s][debug][gc,phases      ] GC(110)     Dead                           Min: 0, Avg:  0.0, Max: 0, Diff: 0, Sum: 0, Workers: 4
[160.281s][debug][gc,phases      ] GC(110)     Total                          Min: 0, Avg:  0.0, Max: 0, Diff: 0, Sum: 0, Workers: 4
[160.281s][debug][gc,phases      ] GC(110)   StringDedup Requests1 Weak     Min:  0.0, Avg:  0.0, Max:  0.0, Diff:  0.0, Sum:  0.0, Workers: 4
[160.281s][debug][gc,phases      ] GC(110)     Dead                           Min: 0, Avg:  0.0, Max: 0, Diff: 0, Sum: 0, Workers: 4
[160.281s][debug][gc,phases      ] GC(110)     Total                          Min: 0, Avg:  0.0, Max: 0, Diff: 0, Sum: 0, Workers: 4
[160.281s][debug][gc,phases      ] GC(110)   Weak JFR Old Object Samples    Min:  0.0, Avg:  0.0, Max:  0.0, Diff:  0.0, Sum:  0.0, Workers: 4
[160.281s][debug][gc,phases      ] GC(110)     Dead                           Min: 0, Avg:  0.0, Max: 0, Diff: 0, Sum: 0, Workers: 4
[160.281s][debug][gc,phases      ] GC(110)     Total                          Min: 0, Avg:  0.0, Max: 0, Diff: 0, Sum: 0, Workers: 4
[160.281s][debug][gc,phases      ] GC(110) Weak Processing 0.344ms
[160.281s][debug][gc,age         ] GC(110) Desired survivor size 210763776 bytes, new threshold 15 (max threshold 15)
[160.281s][info ][gc,heap        ] GC(110) PSYoungGen: 1876430K(1876480K)->135417K(1880576K) Eden: 1737728K(1737728K)->0K(1685504K) From: 138702K(138752K)->135417K(195072K)
[160.281s][info ][gc,heap        ] GC(110) ParOldGen: 399262K(424448K)->399890K(424448K)
[160.281s][info ][gc,metaspace   ] GC(110) Metaspace: 83422K(84224K)->83422K(84224K) NonClass: 71685K(72128K)->71685K(72128K) Class: 11736K(12096K)->11736K(12096K)
[160.281s][info ][gc             ] GC(110) Pause Young (Allocation Failure) 2222M->522M(2251M) 34.279ms
[160.281s][info ][gc,cpu         ] GC(110) User=0.12s Sys=0.01s Real=0.04s
[160.281s][info ][safepoint      ] Safepoint "ParallelGCFailedAllocation", Time since last: 271722266 ns, Reaching safepoint: 149003 ns, At safepoint: 34363815 ns, Total: 34512818 ns
[161.281s][info ][safepoint      ] Safepoint "Cleanup", Time since last: 1000084611 ns, Reaching safepoint: 47801 ns, At safepoint: 8100 ns, Total: 55901 ns
[163.247s][info ][safepoint      ] Safepoint "Cleanup", Time since last: 1965309195 ns, Reaching safepoint: 153903 ns, At safepoint: 9100 ns, Total: 163003 ns
[164.247s][info ][safepoint      ] Safepoint "Cleanup", Time since last: 1000109809 ns, Reaching safepoint: 127002 ns, At safepoint: 5100 ns, Total: 132102 ns
[165.247s][info ][safepoint      ] Safepoint "Cleanup", Time since last: 1000111209 ns, Reaching safepoint: 124502 ns, At safepoint: 9500 ns, Total: 134002 ns
[166.248s][info ][safepoint      ] Safepoint "Cleanup", Time since last: 1000119509 ns, Reaching safepoint: 127002 ns, At safepoint: 10900 ns, Total: 137902 ns
[167.248s][info ][safepoint      ] Safepoint "Cleanup", Time since last: 1000108508 ns, Reaching safepoint: 126102 ns, At safepoint: 7500 ns, Total: 133602 ns
[168.248s][info ][safepoint      ] Safepoint "Cleanup", Time since last: 1000136107 ns, Reaching safepoint: 125103 ns, At safepoint: 12100 ns, Total: 137203 ns
[169.248s][info ][safepoint      ] Safepoint "Cleanup", Time since last: 1000128107 ns, Reaching safepoint: 150902 ns, At safepoint: 10100 ns, Total: 161002 ns
[170.249s][info ][safepoint      ] Safepoint "Cleanup", Time since last: 1000123506 ns, Reaching safepoint: 114502 ns, At safepoint: 7501 ns, Total: 122003 ns
[171.249s][info ][safepoint      ] Safepoint "Cleanup", Time since last: 1000114205 ns, Reaching safepoint: 123902 ns, At safepoint: 8200 ns, Total: 132102 ns
[172.249s][info ][safepoint      ] Safepoint "Cleanup", Time since last: 1000109105 ns, Reaching safepoint: 137502 ns, At safepoint: 8200 ns, Total: 145702 ns
[173.249s][info ][safepoint      ] Safepoint "Cleanup", Time since last: 1000104204 ns, Reaching safepoint: 132103 ns, At safepoint: 10600 ns, Total: 142703 ns
[174.250s][info ][safepoint      ] Safepoint "Cleanup", Time since last: 1000116103 ns, Reaching safepoint: 125302 ns, At safepoint: 12601 ns, Total: 137903 ns
[175.166s][info ][safepoint      ] Safepoint "ICBufferFull", Time since last: 916752910 ns, Reaching safepoint: 49101 ns, At safepoint: 6700 ns, Total: 55801 ns
[176.167s][info ][safepoint      ] Safepoint "Cleanup", Time since last: 1000114003 ns, Reaching safepoint: 51401 ns, At safepoint: 8000 ns, Total: 59401 ns
[177.167s][info ][safepoint      ] Safepoint "Cleanup", Time since last: 1000119802 ns, Reaching safepoint: 49401 ns, At safepoint: 6500 ns, Total: 55901 ns
[178.167s][info ][safepoint      ] Safepoint "Cleanup", Time since last: 1000095801 ns, Reaching safepoint: 49801 ns, At safepoint: 4000 ns, Total: 53801 ns
[179.167s][info ][safepoint      ] Safepoint "Cleanup", Time since last: 1000119900 ns, Reaching safepoint: 56001 ns, At safepoint: 9501 ns, Total: 65502 ns
[180.167s][info ][safepoint      ] Safepoint "Cleanup", Time since last: 1000105299 ns, Reaching safepoint: 41201 ns, At safepoint: 3000 ns, Total: 44201 ns
[181.167s][info ][safepoint      ] Safepoint "Cleanup", Time since last: 1000105300 ns, Reaching safepoint: 111202 ns, At safepoint: 9000 ns, Total: 120202 ns
[181.183s][info ][gc,start       ] GC(111) Pause Young (Allocation Failure)
[181.221s][debug][gc,phases      ] GC(111) Scavenge 37.615ms
[181.221s][debug][gc,ref         ] GC(111) Skipped phase 1 of Reference Processing: no references
[181.221s][debug][gc,ref         ] GC(111) ReferenceProcessor::execute queues: 1, RefProcThreadModel::Single, marks_oops_alive: false
[181.221s][debug][gc,ref         ] GC(111) Skipped phase 3 of Reference Processing: no references
[181.221s][debug][gc,ref         ] GC(111) ReferenceProcessor::execute queues: 1, RefProcThreadModel::Single, marks_oops_alive: false
[181.221s][debug][gc,phases      ] GC(111) Reference Processing 0.136ms
[181.221s][debug][gc,phases      ] GC(111)   VM Weak                        Min:  0.0, Avg:  0.0, Max:  0.0, Diff:  0.0, Sum:  0.0, Workers: 4
[181.221s][debug][gc,phases      ] GC(111)     Dead                           Min: 0, Avg:  0.0, Max: 0, Diff: 0, Sum: 0, Workers: 4
[181.221s][debug][gc,phases      ] GC(111)     Total                          Min: 0, Avg: 173.0, Max: 640, Diff: 640, Sum: 692, Workers: 4
[181.221s][debug][gc,phases      ] GC(111)   ObjectSynchronizer Weak        Min:  0.0, Avg:  0.0, Max:  0.0, Diff:  0.0, Sum:  0.0, Workers: 4
[181.221s][debug][gc,phases      ] GC(111)     Dead                           Min: 0, Avg:  0.0, Max: 0, Diff: 0, Sum: 0, Workers: 4
[181.221s][debug][gc,phases      ] GC(111)     Total                          Min: 0, Avg: 114.0, Max: 256, Diff: 256, Sum: 456, Workers: 4
[181.221s][debug][gc,phases      ] GC(111)   JVMTI Tag Weak OopStorage      Min:  0.0, Avg:  0.0, Max:  0.0, Diff:  0.0, Sum:  0.0, Workers: 4
[181.221s][debug][gc,phases      ] GC(111)     Dead                           Min: 0, Avg:  0.0, Max: 0, Diff: 0, Sum: 0, Workers: 4
[181.221s][debug][gc,phases      ] GC(111)     Total                          Min: 0, Avg:  0.0, Max: 0, Diff: 0, Sum: 0, Workers: 4
[181.221s][debug][gc,phases      ] GC(111)   StringTable Weak               Min:  0.1, Avg:  0.1, Max:  0.1, Diff:  0.0, Sum:  0.5, Workers: 4
[181.221s][debug][gc,phases      ] GC(111)     Dead                           Min: 0, Avg:  0.0, Max: 0, Diff: 0, Sum: 0, Workers: 4
[181.221s][debug][gc,phases      ] GC(111)     Total                          Min: 11392, Avg: 12020.0, Max: 12928, Diff: 1536, Sum: 48080, Workers: 4
[181.221s][debug][gc,phases      ] GC(111)   ResolvedMethodTable Weak       Min:  0.0, Avg:  0.0, Max:  0.0, Diff:  0.0, Sum:  0.1, Workers: 4
[181.221s][debug][gc,phases      ] GC(111)     Dead                           Min: 0, Avg:  0.0, Max: 0, Diff: 0, Sum: 0, Workers: 4
[181.221s][debug][gc,phases      ] GC(111)     Total                          Min: 1664, Avg: 2074.8, Max: 2496, Diff: 832, Sum: 8299, Workers: 4
[181.221s][debug][gc,phases      ] GC(111)   JNI Weak                       Min:  0.0, Avg:  0.0, Max:  0.0, Diff:  0.0, Sum:  0.0, Workers: 4
[181.221s][debug][gc,phases      ] GC(111)     Dead                           Min: 0, Avg:  0.0, Max: 0, Diff: 0, Sum: 0, Workers: 4
[181.221s][debug][gc,phases      ] GC(111)     Total                          Min: 0, Avg:  0.0, Max: 0, Diff: 0, Sum: 0, Workers: 4
[181.222s][debug][gc,phases      ] GC(111)   StringDedup Table Weak         Min:  0.0, Avg:  0.0, Max:  0.0, Diff:  0.0, Sum:  0.0, Workers: 4
[181.222s][debug][gc,phases      ] GC(111)     Dead                           Min: 0, Avg:  0.0, Max: 0, Diff: 0, Sum: 0, Workers: 4
[181.222s][debug][gc,phases      ] GC(111)     Total                          Min: 0, Avg:  0.0, Max: 0, Diff: 0, Sum: 0, Workers: 4
[181.222s][debug][gc,phases      ] GC(111)   StringDedup Requests0 Weak     Min:  0.0, Avg:  0.0, Max:  0.0, Diff:  0.0, Sum:  0.0, Workers: 4
[181.222s][debug][gc,phases      ] GC(111)     Dead                           Min: 0, Avg:  0.0, Max: 0, Diff: 0, Sum: 0, Workers: 4
[181.222s][debug][gc,phases      ] GC(111)     Total                          Min: 0, Avg:  0.0, Max: 0, Diff: 0, Sum: 0, Workers: 4
[181.222s][debug][gc,phases      ] GC(111)   StringDedup Requests1 Weak     Min:  0.0, Avg:  0.0, Max:  0.0, Diff:  0.0, Sum:  0.0, Workers: 4
[181.222s][debug][gc,phases      ] GC(111)     Dead                           Min: 0, Avg:  0.0, Max: 0, Diff: 0, Sum: 0, Workers: 4
[181.222s][debug][gc,phases      ] GC(111)     Total                          Min: 0, Avg:  0.0, Max: 0, Diff: 0, Sum: 0, Workers: 4
[181.222s][debug][gc,phases      ] GC(111)   Weak JFR Old Object Samples    Min:  0.0, Avg:  0.0, Max:  0.0, Diff:  0.0, Sum:  0.0, Workers: 4
[181.222s][debug][gc,phases      ] GC(111)     Dead                           Min: 0, Avg:  0.0, Max: 0, Diff: 0, Sum: 0, Workers: 4
[181.222s][debug][gc,phases      ] GC(111)     Total                          Min: 0, Avg:  0.0, Max: 0, Diff: 0, Sum: 0, Workers: 4
[181.222s][debug][gc,phases      ] GC(111) Weak Processing 0.338ms
[181.222s][debug][gc,age         ] GC(111) Desired survivor size 226492416 bytes, new threshold 15 (max threshold 15)
[181.222s][info ][gc,heap        ] GC(111) PSYoungGen: 1820921K(1880576K)->155955K(1841664K) Eden: 1685504K(1685504K)->0K(1685504K) From: 135417K(195072K)->155955K(156160K)
[181.222s][info ][gc,heap        ] GC(111) ParOldGen: 399890K(424448K)->401772K(424448K)
[181.222s][info ][gc,metaspace   ] GC(111) Metaspace: 83497K(84352K)->83497K(84352K) NonClass: 71759K(72256K)->71759K(72256K) Class: 11738K(12096K)->11738K(12096K)
[181.222s][info ][gc             ] GC(111) Pause Young (Allocation Failure) 2168M->544M(2213M) 38.227ms
[181.222s][info ][gc,cpu         ] GC(111) User=0.15s Sys=0.00s Real=0.04s
[181.222s][info ][safepoint      ] Safepoint "ParallelGCFailedAllocation", Time since last: 15865584 ns, Reaching safepoint: 39200 ns, At safepoint: 38300086 ns, Total: 38339286 ns
[182.222s][info ][safepoint      ] Safepoint "Cleanup", Time since last: 1000081998 ns, Reaching safepoint: 53501 ns, At safepoint: 10600 ns, Total: 64101 ns
[183.222s][info ][safepoint      ] Safepoint "Cleanup", Time since last: 1000123099 ns, Reaching safepoint: 51401 ns, At safepoint: 10400 ns, Total: 61801 ns
[184.222s][info ][safepoint      ] Safepoint "Cleanup", Time since last: 1000103297 ns, Reaching safepoint: 53101 ns, At safepoint: 9500 ns, Total: 62601 ns
[185.222s][info ][safepoint      ] Safepoint "Cleanup", Time since last: 1000102497 ns, Reaching safepoint: 51901 ns, At safepoint: 5700 ns, Total: 57601 ns
[186.222s][info ][safepoint      ] Safepoint "Cleanup", Time since last: 1000092997 ns, Reaching safepoint: 50401 ns, At safepoint: 7800 ns, Total: 58201 ns
[187.223s][info ][safepoint      ] Safepoint "Cleanup", Time since last: 1000117496 ns, Reaching safepoint: 55701 ns, At safepoint: 6800 ns, Total: 62501 ns
[188.223s][info ][safepoint      ] Safepoint "Cleanup", Time since last: 1000110095 ns, Reaching safepoint: 50601 ns, At safepoint: 7000 ns, Total: 57601 ns
[190.223s][info ][safepoint      ] Safepoint "Cleanup", Time since last: 2000180189 ns, Reaching safepoint: 51401 ns, At safepoint: 3100 ns, Total: 54501 ns
[191.223s][info ][safepoint      ] Safepoint "Cleanup", Time since last: 1000106193 ns, Reaching safepoint: 56701 ns, At safepoint: 7801 ns, Total: 64502 ns
[196.224s][info ][safepoint      ] Safepoint "Cleanup", Time since last: 5000381657 ns, Reaching safepoint: 50101 ns, At safepoint: 2500 ns, Total: 52601 ns
[197.224s][info ][safepoint      ] Safepoint "Cleanup", Time since last: 1000106790 ns, Reaching safepoint: 64801 ns, At safepoint: 8100 ns, Total: 72901 ns
[198.224s][info ][safepoint      ] Safepoint "Cleanup", Time since last: 1000095890 ns, Reaching safepoint: 42501 ns, At safepoint: 2800 ns, Total: 45301 ns
[199.224s][info ][safepoint      ] Safepoint "Cleanup", Time since last: 1000104789 ns, Reaching safepoint: 63801 ns, At safepoint: 10800 ns, Total: 74601 ns
[200.224s][info ][safepoint      ] Safepoint "Cleanup", Time since last: 1000118389 ns, Reaching safepoint: 46201 ns, At safepoint: 2300 ns, Total: 48501 ns
[201.224s][info ][safepoint      ] Safepoint "Cleanup", Time since last: 1000104288 ns, Reaching safepoint: 40601 ns, At safepoint: 2200 ns, Total: 42801 ns
[201.248s][info ][gc,start       ] GC(112) Pause Young (Allocation Failure)
[201.284s][debug][gc,phases      ] GC(112) Scavenge 36.461ms
[201.284s][debug][gc,ref         ] GC(112) Skipped phase 1 of Reference Processing: no references
[201.284s][debug][gc,ref         ] GC(112) ReferenceProcessor::execute queues: 1, RefProcThreadModel::Single, marks_oops_alive: false
[201.284s][debug][gc,ref         ] GC(112) Skipped phase 3 of Reference Processing: no references
[201.284s][debug][gc,ref         ] GC(112) ReferenceProcessor::execute queues: 1, RefProcThreadModel::Single, marks_oops_alive: false
[201.284s][debug][gc,phases      ] GC(112) Reference Processing 0.208ms
[201.285s][debug][gc,phases      ] GC(112)   VM Weak                        Min:  0.0, Avg:  0.0, Max:  0.0, Diff:  0.0, Sum:  0.0, Workers: 4
[201.285s][debug][gc,phases      ] GC(112)     Dead                           Min: 0, Avg:  0.0, Max: 0, Diff: 0, Sum: 0, Workers: 4
[201.285s][debug][gc,phases      ] GC(112)     Total                          Min: 0, Avg: 173.0, Max: 628, Diff: 628, Sum: 692, Workers: 4
[201.285s][debug][gc,phases      ] GC(112)   ObjectSynchronizer Weak        Min:  0.0, Avg:  0.0, Max:  0.0, Diff:  0.0, Sum:  0.0, Workers: 4
[201.285s][debug][gc,phases      ] GC(112)     Dead                           Min: 0, Avg:  0.0, Max: 0, Diff: 0, Sum: 0, Workers: 4
[201.285s][debug][gc,phases      ] GC(112)     Total                          Min: 0, Avg: 114.0, Max: 200, Diff: 200, Sum: 456, Workers: 4
[201.285s][debug][gc,phases      ] GC(112)   JVMTI Tag Weak OopStorage      Min:  0.0, Avg:  0.0, Max:  0.0, Diff:  0.0, Sum:  0.0, Workers: 4
[201.285s][debug][gc,phases      ] GC(112)     Dead                           Min: 0, Avg:  0.0, Max: 0, Diff: 0, Sum: 0, Workers: 4
[201.285s][debug][gc,phases      ] GC(112)     Total                          Min: 0, Avg:  0.0, Max: 0, Diff: 0, Sum: 0, Workers: 4
[201.285s][debug][gc,phases      ] GC(112)   StringTable Weak               Min:  0.1, Avg:  0.1, Max:  0.1, Diff:  0.0, Sum:  0.5, Workers: 4
[201.285s][debug][gc,phases      ] GC(112)     Dead                           Min: 0, Avg:  0.0, Max: 0, Diff: 0, Sum: 0, Workers: 4
[201.285s][debug][gc,phases      ] GC(112)     Total                          Min: 11200, Avg: 12026.0, Max: 12904, Diff: 1704, Sum: 48104, Workers: 4
[201.285s][debug][gc,phases      ] GC(112)   ResolvedMethodTable Weak       Min:  0.0, Avg:  0.0, Max:  0.0, Diff:  0.0, Sum:  0.1, Workers: 4
[201.285s][debug][gc,phases      ] GC(112)     Dead                           Min: 0, Avg:  4.2, Max: 16, Diff: 16, Sum: 17, Workers: 4
[201.285s][debug][gc,phases      ] GC(112)     Total                          Min: 1856, Avg: 2078.2, Max: 2428, Diff: 572, Sum: 8313, Workers: 4
[201.285s][debug][gc,phases      ] GC(112)   JNI Weak                       Min:  0.0, Avg:  0.0, Max:  0.0, Diff:  0.0, Sum:  0.0, Workers: 4
[201.285s][debug][gc,phases      ] GC(112)     Dead                           Min: 0, Avg:  0.0, Max: 0, Diff: 0, Sum: 0, Workers: 4
[201.285s][debug][gc,phases      ] GC(112)     Total                          Min: 0, Avg:  0.0, Max: 0, Diff: 0, Sum: 0, Workers: 4
[201.285s][debug][gc,phases      ] GC(112)   StringDedup Table Weak         Min:  0.0, Avg:  0.0, Max:  0.0, Diff:  0.0, Sum:  0.0, Workers: 4
[201.285s][debug][gc,phases      ] GC(112)     Dead                           Min: 0, Avg:  0.0, Max: 0, Diff: 0, Sum: 0, Workers: 4
[201.285s][debug][gc,phases      ] GC(112)     Total                          Min: 0, Avg:  0.0, Max: 0, Diff: 0, Sum: 0, Workers: 4
[201.285s][debug][gc,phases      ] GC(112)   StringDedup Requests0 Weak     Min:  0.0, Avg:  0.0, Max:  0.0, Diff:  0.0, Sum:  0.0, Workers: 4
[201.285s][debug][gc,phases      ] GC(112)     Dead                           Min: 0, Avg:  0.0, Max: 0, Diff: 0, Sum: 0, Workers: 4
[201.285s][debug][gc,phases      ] GC(112)     Total                          Min: 0, Avg:  0.0, Max: 0, Diff: 0, Sum: 0, Workers: 4
[201.285s][debug][gc,phases      ] GC(112)   StringDedup Requests1 Weak     Min:  0.0, Avg:  0.0, Max:  0.0, Diff:  0.0, Sum:  0.0, Workers: 4
[201.285s][debug][gc,phases      ] GC(112)     Dead                           Min: 0, Avg:  0.0, Max: 0, Diff: 0, Sum: 0, Workers: 4
[201.285s][debug][gc,phases      ] GC(112)     Total                          Min: 0, Avg:  0.0, Max: 0, Diff: 0, Sum: 0, Workers: 4
[201.285s][debug][gc,phases      ] GC(112)   Weak JFR Old Object Samples    Min:  0.0, Avg:  0.0, Max:  0.0, Diff:  0.0, Sum:  0.0, Workers: 4
[201.285s][debug][gc,phases      ] GC(112)     Dead                           Min: 0, Avg:  0.0, Max: 0, Diff: 0, Sum: 0, Workers: 4
[201.285s][debug][gc,phases      ] GC(112)     Total                          Min: 0, Avg:  0.0, Max: 0, Diff: 0, Sum: 0, Workers: 4
[201.285s][debug][gc,phases      ] GC(112) Weak Processing 0.411ms
[201.285s][debug][gc,age         ] GC(112) Desired survivor size 239599616 bytes, new threshold 15 (max threshold 15)
[201.285s][info ][gc,heap        ] GC(112) PSYoungGen: 1841459K(1841664K)->158372K(1850368K) Eden: 1685504K(1685504K)->0K(1629184K) From: 155955K(156160K)->158372K(221184K)
[201.285s][info ][gc,heap        ] GC(112) ParOldGen: 401772K(424448K)->402756K(424448K)
[201.285s][info ][gc,metaspace   ] GC(112) Metaspace: 83588K(84480K)->83588K(84480K) NonClass: 71847K(72320K)->71847K(72320K) Class: 11741K(12160K)->11741K(12160K)
[201.285s][info ][gc             ] GC(112) Pause Young (Allocation Failure) 2190M->547M(2221M) 37.227ms
[201.285s][info ][gc,cpu         ] GC(112) User=0.15s Sys=0.00s Real=0.03s
[201.285s][info ][safepoint      ] Safepoint "ParallelGCFailedAllocation", Time since last: 23093613 ns, Reaching safepoint: 50501 ns, At safepoint: 37309867 ns, Total: 37360368 ns
[202.285s][info ][safepoint      ] Safepoint "Cleanup", Time since last: 1000089887 ns, Reaching safepoint: 56201 ns, At safepoint: 5300 ns, Total: 61501 ns
[203.285s][info ][safepoint      ] Safepoint "Cleanup", Time since last: 1000120888 ns, Reaching safepoint: 57401 ns, At safepoint: 3900 ns, Total: 61301 ns
[204.285s][info ][safepoint      ] Safepoint "Cleanup", Time since last: 1000150487 ns, Reaching safepoint: 62901 ns, At safepoint: 3300 ns, Total: 66201 ns
[205.286s][info ][safepoint      ] Safepoint "Cleanup", Time since last: 1000131186 ns, Reaching safepoint: 46801 ns, At safepoint: 1900 ns, Total: 48701 ns
[206.286s][info ][safepoint      ] Safepoint "Cleanup", Time since last: 1000116086 ns, Reaching safepoint: 59801 ns, At safepoint: 6200 ns, Total: 66001 ns
[207.286s][info ][safepoint      ] Safepoint "Cleanup", Time since last: 1000088884 ns, Reaching safepoint: 43801 ns, At safepoint: 3000 ns, Total: 46801 ns
[208.286s][info ][safepoint      ] Safepoint "Cleanup", Time since last: 1000115185 ns, Reaching safepoint: 64101 ns, At safepoint: 9800 ns, Total: 73901 ns
[210.286s][info ][safepoint      ] Safepoint "Cleanup", Time since last: 2000167366 ns, Reaching safepoint: 48901 ns, At safepoint: 4600 ns, Total: 53501 ns
[212.287s][info ][safepoint      ] Safepoint "Cleanup", Time since last: 2000181464 ns, Reaching safepoint: 58501 ns, At safepoint: 12900 ns, Total: 71401 ns
[214.287s][info ][safepoint      ] Safepoint "Cleanup", Time since last: 2000194563 ns, Reaching safepoint: 54001 ns, At safepoint: 11900 ns, Total: 65901 ns
[215.287s][info ][safepoint      ] Safepoint "Cleanup", Time since last: 1000118080 ns, Reaching safepoint: 59001 ns, At safepoint: 6501 ns, Total: 65502 ns
[216.410s][info ][safepoint      ] Safepoint "Cleanup", Time since last: 1123007877 ns, Reaching safepoint: 141102 ns, At safepoint: 12800 ns, Total: 153902 ns
[217.467s][info ][safepoint      ] Safepoint "Cleanup", Time since last: 1056854994 ns, Reaching safepoint: 62901 ns, At safepoint: 6801 ns, Total: 69702 ns
[218.467s][info ][safepoint      ] Safepoint "Cleanup", Time since last: 1000096878 ns, Reaching safepoint: 54901 ns, At safepoint: 2600 ns, Total: 57501 ns
[220.468s][info ][safepoint      ] Safepoint "Cleanup", Time since last: 2000164655 ns, Reaching safepoint: 49001 ns, At safepoint: 9100 ns, Total: 58101 ns
[221.468s][info ][safepoint      ] Safepoint "Cleanup", Time since last: 1000096677 ns, Reaching safepoint: 49901 ns, At safepoint: 7000 ns, Total: 56901 ns
[222.468s][info ][safepoint      ] Safepoint "Cleanup", Time since last: 1000099377 ns, Reaching safepoint: 43401 ns, At safepoint: 3600 ns, Total: 47001 ns
[223.468s][info ][safepoint      ] Safepoint "Cleanup", Time since last: 1000127976 ns, Reaching safepoint: 65301 ns, At safepoint: 2900 ns, Total: 68201 ns
[224.468s][info ][safepoint      ] Safepoint "Cleanup", Time since last: 1000107176 ns, Reaching safepoint: 68501 ns, At safepoint: 5400 ns, Total: 73901 ns
[225.468s][info ][safepoint      ] Safepoint "Cleanup", Time since last: 1000096375 ns, Reaching safepoint: 60301 ns, At safepoint: 5400 ns, Total: 65701 ns
[226.469s][info ][safepoint      ] Safepoint "Cleanup", Time since last: 1000104875 ns, Reaching safepoint: 113102 ns, At safepoint: 10400 ns, Total: 123502 ns
[226.517s][info ][gc,start       ] GC(113) Pause Young (Allocation Failure)
[226.558s][debug][gc,phases      ] GC(113) Scavenge 41.141ms
[226.558s][debug][gc,ref         ] GC(113) Skipped phase 1 of Reference Processing: no references
[226.558s][debug][gc,ref         ] GC(113) ReferenceProcessor::execute queues: 1, RefProcThreadModel::Single, marks_oops_alive: false
[226.558s][debug][gc,ref         ] GC(113) Skipped phase 3 of Reference Processing: no references
[226.558s][debug][gc,ref         ] GC(113) ReferenceProcessor::execute queues: 1, RefProcThreadModel::Single, marks_oops_alive: false
[226.558s][debug][gc,phases      ] GC(113) Reference Processing 0.169ms
[226.558s][debug][gc,phases      ] GC(113)   VM Weak                        Min:  0.0, Avg:  0.0, Max:  0.0, Diff:  0.0, Sum:  0.0, Workers: 4
[226.558s][debug][gc,phases      ] GC(113)     Dead                           Min: 0, Avg:  0.0, Max: 0, Diff: 0, Sum: 0, Workers: 4
[226.559s][debug][gc,phases      ] GC(113)     Total                          Min: 0, Avg: 173.0, Max: 448, Diff: 448, Sum: 692, Workers: 4
[226.559s][debug][gc,phases      ] GC(113)   ObjectSynchronizer Weak        Min:  0.0, Avg:  0.0, Max:  0.0, Diff:  0.0, Sum:  0.0, Workers: 4
[226.559s][debug][gc,phases      ] GC(113)     Dead                           Min: 0, Avg:  0.0, Max: 0, Diff: 0, Sum: 0, Workers: 4
[226.559s][debug][gc,phases      ] GC(113)     Total                          Min: 0, Avg: 114.0, Max: 192, Diff: 192, Sum: 456, Workers: 4
[226.559s][debug][gc,phases      ] GC(113)   JVMTI Tag Weak OopStorage      Min:  0.0, Avg:  0.0, Max:  0.0, Diff:  0.0, Sum:  0.0, Workers: 4
[226.559s][debug][gc,phases      ] GC(113)     Dead                           Min: 0, Avg:  0.0, Max: 0, Diff: 0, Sum: 0, Workers: 4
[226.559s][debug][gc,phases      ] GC(113)     Total                          Min: 0, Avg:  0.0, Max: 0, Diff: 0, Sum: 0, Workers: 4
[226.559s][debug][gc,phases      ] GC(113)   StringTable Weak               Min:  0.1, Avg:  0.1, Max:  0.1, Diff:  0.0, Sum:  0.5, Workers: 4
[226.559s][debug][gc,phases      ] GC(113)     Dead                           Min: 0, Avg:  0.0, Max: 0, Diff: 0, Sum: 0, Workers: 4
[226.559s][debug][gc,phases      ] GC(113)     Total                          Min: 11200, Avg: 12027.8, Max: 12672, Diff: 1472, Sum: 48111, Workers: 4
[226.559s][debug][gc,phases      ] GC(113)   ResolvedMethodTable Weak       Min:  0.0, Avg:  0.0, Max:  0.0, Diff:  0.0, Sum:  0.1, Workers: 4
[226.559s][debug][gc,phases      ] GC(113)     Dead                           Min: 0, Avg:  0.0, Max: 0, Diff: 0, Sum: 0, Workers: 4
[226.559s][debug][gc,phases      ] GC(113)     Total                          Min: 1920, Avg: 2079.0, Max: 2368, Diff: 448, Sum: 8316, Workers: 4
[226.559s][debug][gc,phases      ] GC(113)   JNI Weak                       Min:  0.0, Avg:  0.0, Max:  0.0, Diff:  0.0, Sum:  0.0, Workers: 4
[226.559s][debug][gc,phases      ] GC(113)     Dead                           Min: 0, Avg:  0.0, Max: 0, Diff: 0, Sum: 0, Workers: 4
[226.559s][debug][gc,phases      ] GC(113)     Total                          Min: 0, Avg:  0.5, Max: 2, Diff: 2, Sum: 2, Workers: 4
[226.559s][debug][gc,phases      ] GC(113)   StringDedup Table Weak         Min:  0.0, Avg:  0.0, Max:  0.0, Diff:  0.0, Sum:  0.0, Workers: 4
[226.559s][debug][gc,phases      ] GC(113)     Dead                           Min: 0, Avg:  0.0, Max: 0, Diff: 0, Sum: 0, Workers: 4
[226.559s][debug][gc,phases      ] GC(113)     Total                          Min: 0, Avg:  0.0, Max: 0, Diff: 0, Sum: 0, Workers: 4
[226.559s][debug][gc,phases      ] GC(113)   StringDedup Requests0 Weak     Min:  0.0, Avg:  0.0, Max:  0.0, Diff:  0.0, Sum:  0.0, Workers: 4
[226.559s][debug][gc,phases      ] GC(113)     Dead                           Min: 0, Avg:  0.0, Max: 0, Diff: 0, Sum: 0, Workers: 4
[226.559s][debug][gc,phases      ] GC(113)     Total                          Min: 0, Avg:  0.0, Max: 0, Diff: 0, Sum: 0, Workers: 4
[226.559s][debug][gc,phases      ] GC(113)   StringDedup Requests1 Weak     Min:  0.0, Avg:  0.0, Max:  0.0, Diff:  0.0, Sum:  0.0, Workers: 4
[226.559s][debug][gc,phases      ] GC(113)     Dead                           Min: 0, Avg:  0.0, Max: 0, Diff: 0, Sum: 0, Workers: 4
[226.559s][debug][gc,phases      ] GC(113)     Total                          Min: 0, Avg:  0.0, Max: 0, Diff: 0, Sum: 0, Workers: 4
[226.559s][debug][gc,phases      ] GC(113)   Weak JFR Old Object Samples    Min:  0.0, Avg:  0.0, Max:  0.0, Diff:  0.0, Sum:  0.0, Workers: 4
[226.559s][debug][gc,phases      ] GC(113)     Dead                           Min: 0, Avg:  0.0, Max: 0, Diff: 0, Sum: 0, Workers: 4
[226.559s][debug][gc,phases      ] GC(113)     Total                          Min: 0, Avg:  0.0, Max: 0, Diff: 0, Sum: 0, Workers: 4
[226.559s][debug][gc,phases      ] GC(113) Weak Processing 0.340ms
[226.559s][debug][gc,age         ] GC(113) Desired survivor size 256376832 bytes, new threshold 15 (max threshold 15)
[226.559s][info ][gc,heap        ] GC(113) PSYoungGen: 1787556K(1850368K)->177052K(1806336K) Eden: 1629184K(1629184K)->0K(1629184K) From: 158372K(221184K)->177052K(177152K)
[226.559s][info ][gc,heap        ] GC(113) ParOldGen: 402756K(424448K)->411678K(424448K)
[226.559s][info ][gc,metaspace   ] GC(113) Metaspace: 83609K(84480K)->83609K(84480K) NonClass: 71867K(72320K)->71867K(72320K) Class: 11742K(12160K)->11742K(12160K)
[226.559s][info ][gc             ] GC(113) Pause Young (Allocation Failure) 2138M->574M(2178M) 41.796ms
[226.559s][info ][gc,cpu         ] GC(113) User=0.17s Sys=0.00s Real=0.04s
[226.559s][info ][safepoint      ] Safepoint "ParallelGCFailedAllocation", Time since last: 48174061 ns, Reaching safepoint: 95402 ns, At safepoint: 41878048 ns, Total: 41973450 ns
[227.559s][info ][safepoint      ] Safepoint "Cleanup", Time since last: 1000093874 ns, Reaching safepoint: 65301 ns, At safepoint: 2600 ns, Total: 67901 ns
[228.559s][info ][safepoint      ] Safepoint "Cleanup", Time since last: 1000105474 ns, Reaching safepoint: 62101 ns, At safepoint: 5300 ns, Total: 67401 ns
[229.559s][info ][safepoint      ] Safepoint "Cleanup", Time since last: 1000106173 ns, Reaching safepoint: 52001 ns, At safepoint: 2800 ns, Total: 54801 ns
[230.559s][info ][safepoint      ] Safepoint "Cleanup", Time since last: 1000113272 ns, Reaching safepoint: 58401 ns, At safepoint: 7900 ns, Total: 66301 ns
[231.560s][info ][safepoint      ] Safepoint "Cleanup", Time since last: 1000081872 ns, Reaching safepoint: 47401 ns, At safepoint: 6600 ns, Total: 54001 ns
[232.560s][info ][safepoint      ] Safepoint "Cleanup", Time since last: 1000107971 ns, Reaching safepoint: 45801 ns, At safepoint: 2000 ns, Total: 47801 ns
[234.560s][info ][safepoint      ] Safepoint "Cleanup", Time since last: 2000171741 ns, Reaching safepoint: 47500 ns, At safepoint: 3400 ns, Total: 50900 ns
[236.560s][info ][safepoint      ] Safepoint "Cleanup", Time since last: 2000138238 ns, Reaching safepoint: 53301 ns, At safepoint: 4800 ns, Total: 58101 ns
[237.560s][info ][safepoint      ] Safepoint "Cleanup", Time since last: 1000103869 ns, Reaching safepoint: 58501 ns, At safepoint: 12500 ns, Total: 71001 ns
[238.561s][info ][safepoint      ] Safepoint "Cleanup", Time since last: 1000107369 ns, Reaching safepoint: 125102 ns, At safepoint: 9500 ns, Total: 134602 ns
[239.561s][info ][safepoint      ] Safepoint "Cleanup", Time since last: 1000102468 ns, Reaching safepoint: 43100 ns, At safepoint: 2601 ns, Total: 45701 ns
[241.239s][info ][safepoint      ] Safepoint "Cleanup", Time since last: 1677865375 ns, Reaching safepoint: 68401 ns, At safepoint: 5800 ns, Total: 74201 ns
[242.239s][info ][safepoint      ] Safepoint "Cleanup", Time since last: 1000111667 ns, Reaching safepoint: 52601 ns, At safepoint: 5100 ns, Total: 57701 ns
[243.239s][info ][safepoint      ] Safepoint "Cleanup", Time since last: 1000104966 ns, Reaching safepoint: 58501 ns, At safepoint: 4700 ns, Total: 63201 ns
[243.941s][info ][gc,start       ] GC(114) Pause Young (Allocation Failure)
[243.981s][debug][gc,phases      ] GC(114) Scavenge 39.411ms
[243.981s][debug][gc,ref         ] GC(114) Skipped phase 1 of Reference Processing: no references
[243.981s][debug][gc,ref         ] GC(114) ReferenceProcessor::execute queues: 1, RefProcThreadModel::Single, marks_oops_alive: false
[243.981s][debug][gc,ref         ] GC(114) Skipped phase 3 of Reference Processing: no references
[243.981s][debug][gc,ref         ] GC(114) ReferenceProcessor::execute queues: 1, RefProcThreadModel::Single, marks_oops_alive: false
[243.981s][debug][gc,phases      ] GC(114) Reference Processing 0.140ms
[243.981s][debug][gc,phases      ] GC(114)   VM Weak                        Min:  0.0, Avg:  0.0, Max:  0.0, Diff:  0.0, Sum:  0.0, Workers: 4
[243.981s][debug][gc,phases      ] GC(114)     Dead                           Min: 0, Avg:  0.0, Max: 0, Diff: 0, Sum: 0, Workers: 4
[243.981s][debug][gc,phases      ] GC(114)     Total                          Min: 0, Avg: 173.0, Max: 692, Diff: 692, Sum: 692, Workers: 4
[243.981s][debug][gc,phases      ] GC(114)   ObjectSynchronizer Weak        Min:  0.0, Avg:  0.0, Max:  0.0, Diff:  0.0, Sum:  0.0, Workers: 4
[243.981s][debug][gc,phases      ] GC(114)     Dead                           Min: 0, Avg:  0.0, Max: 0, Diff: 0, Sum: 0, Workers: 4
[243.981s][debug][gc,phases      ] GC(114)     Total                          Min: 8, Avg: 114.0, Max: 192, Diff: 184, Sum: 456, Workers: 4
[243.981s][debug][gc,phases      ] GC(114)   JVMTI Tag Weak OopStorage      Min:  0.0, Avg:  0.0, Max:  0.0, Diff:  0.0, Sum:  0.0, Workers: 4
[243.981s][debug][gc,phases      ] GC(114)     Dead                           Min: 0, Avg:  0.0, Max: 0, Diff: 0, Sum: 0, Workers: 4
[243.981s][debug][gc,phases      ] GC(114)     Total                          Min: 0, Avg:  0.0, Max: 0, Diff: 0, Sum: 0, Workers: 4
[243.981s][debug][gc,phases      ] GC(114)   StringTable Weak               Min:  0.1, Avg:  0.1, Max:  0.1, Diff:  0.0, Sum:  0.5, Workers: 4
[243.981s][debug][gc,phases      ] GC(114)     Dead                           Min: 0, Avg:  0.2, Max: 1, Diff: 1, Sum: 1, Workers: 4
[243.981s][debug][gc,phases      ] GC(114)     Total                          Min: 11008, Avg: 12032.5, Max: 13954, Diff: 2946, Sum: 48130, Workers: 4
[243.981s][debug][gc,phases      ] GC(114)   ResolvedMethodTable Weak       Min:  0.0, Avg:  0.0, Max:  0.0, Diff:  0.0, Sum:  0.1, Workers: 4
[243.981s][debug][gc,phases      ] GC(114)     Dead                           Min: 0, Avg:  0.0, Max: 0, Diff: 0, Sum: 0, Workers: 4
[243.981s][debug][gc,phases      ] GC(114)     Total                          Min: 1856, Avg: 2082.2, Max: 2313, Diff: 457, Sum: 8329, Workers: 4
[243.981s][debug][gc,phases      ] GC(114)   JNI Weak                       Min:  0.0, Avg:  0.0, Max:  0.0, Diff:  0.0, Sum:  0.0, Workers: 4
[243.981s][debug][gc,phases      ] GC(114)     Dead                           Min: 0, Avg:  0.0, Max: 0, Diff: 0, Sum: 0, Workers: 4
[243.981s][debug][gc,phases      ] GC(114)     Total                          Min: 0, Avg:  0.0, Max: 0, Diff: 0, Sum: 0, Workers: 4
[243.981s][debug][gc,phases      ] GC(114)   StringDedup Table Weak         Min:  0.0, Avg:  0.0, Max:  0.0, Diff:  0.0, Sum:  0.0, Workers: 4
[243.981s][debug][gc,phases      ] GC(114)     Dead                           Min: 0, Avg:  0.0, Max: 0, Diff: 0, Sum: 0, Workers: 4
[243.981s][debug][gc,phases      ] GC(114)     Total                          Min: 0, Avg:  0.0, Max: 0, Diff: 0, Sum: 0, Workers: 4
[243.981s][debug][gc,phases      ] GC(114)   StringDedup Requests0 Weak     Min:  0.0, Avg:  0.0, Max:  0.0, Diff:  0.0, Sum:  0.0, Workers: 4
[243.981s][debug][gc,phases      ] GC(114)     Dead                           Min: 0, Avg:  0.0, Max: 0, Diff: 0, Sum: 0, Workers: 4
[243.981s][debug][gc,phases      ] GC(114)     Total                          Min: 0, Avg:  0.0, Max: 0, Diff: 0, Sum: 0, Workers: 4
[243.981s][debug][gc,phases      ] GC(114)   StringDedup Requests1 Weak     Min:  0.0, Avg:  0.0, Max:  0.0, Diff:  0.0, Sum:  0.0, Workers: 4
[243.981s][debug][gc,phases      ] GC(114)     Dead                           Min: 0, Avg:  0.0, Max: 0, Diff: 0, Sum: 0, Workers: 4
[243.981s][debug][gc,phases      ] GC(114)     Total                          Min: 0, Avg:  0.0, Max: 0, Diff: 0, Sum: 0, Workers: 4
[243.981s][debug][gc,phases      ] GC(114)   Weak JFR Old Object Samples    Min:  0.0, Avg:  0.0, Max:  0.0, Diff:  0.0, Sum:  0.0, Workers: 4
[243.981s][debug][gc,phases      ] GC(114)     Dead                           Min: 0, Avg:  0.0, Max: 0, Diff: 0, Sum: 0, Workers: 4
[243.981s][debug][gc,phases      ] GC(114)     Total                          Min: 0, Avg:  0.0, Max: 0, Diff: 0, Sum: 0, Workers: 4
[243.981s][debug][gc,phases      ] GC(114) Weak Processing 0.361ms
[243.981s][debug][gc,age         ] GC(114) Desired survivor size 267911168 bytes, new threshold 15 (max threshold 15)
[243.981s][info ][gc,heap        ] GC(114) PSYoungGen: 1806236K(1806336K)->172721K(1824256K) Eden: 1629184K(1629184K)->0K(1573888K) From: 177052K(177152K)->172721K(250368K)
[243.981s][info ][gc,heap        ] GC(114) ParOldGen: 411678K(424448K)->422374K(424448K)
[243.981s][info ][gc,metaspace   ] GC(114) Metaspace: 83716K(84544K)->83716K(84544K) NonClass: 71958K(72384K)->71958K(72384K) Class: 11758K(12160K)->11758K(12160K)
[243.981s][info ][gc             ] GC(114) Pause Young (Allocation Failure) 2165M->581M(2196M) 40.054ms
[243.981s][info ][gc,cpu         ] GC(114) User=0.16s Sys=0.00s Real=0.04s
[243.981s][debug][gc,phases      ] GC(115) Pre Compact 0.010ms
[243.981s][info ][gc,start       ] GC(115) Pause Full (Ergonomics)
[243.981s][info ][gc,phases,start] GC(115) Marking Phase
[244.121s][debug][gc,phases      ] GC(115) Par Mark 139.285ms
[244.121s][debug][gc,ref         ] GC(115) Skipped phase 1 of Reference Processing: no references
[244.121s][debug][gc,ref         ] GC(115) ReferenceProcessor::execute queues: 4, RefProcThreadModel::Multi, marks_oops_alive: false
[244.121s][debug][gc,ref         ] GC(115) Skipped phase 3 of Reference Processing: no references
[244.121s][debug][gc,ref         ] GC(115) ReferenceProcessor::execute queues: 1, RefProcThreadModel::Single, marks_oops_alive: false
[244.121s][debug][gc,phases      ] GC(115) Reference Processing 0.451ms
[244.121s][debug][gc,phases      ] GC(115)   VM Weak                        Min:  0.0, Avg:  0.0, Max:  0.0, Diff:  0.0, Sum:  0.0, Workers: 4
[244.121s][debug][gc,phases      ] GC(115)     Dead                           Min: 0, Avg:  0.0, Max: 0, Diff: 0, Sum: 0, Workers: 4
[244.121s][debug][gc,phases      ] GC(115)     Total                          Min: 0, Avg: 173.0, Max: 320, Diff: 320, Sum: 692, Workers: 4
[244.121s][debug][gc,phases      ] GC(115)   ObjectSynchronizer Weak        Min:  0.0, Avg:  0.0, Max:  0.0, Diff:  0.0, Sum:  0.0, Workers: 4
[244.121s][debug][gc,phases      ] GC(115)     Dead                           Min: 0, Avg:  0.2, Max: 1, Diff: 1, Sum: 1, Workers: 4
[244.121s][debug][gc,phases      ] GC(115)     Total                          Min: 0, Avg: 114.0, Max: 192, Diff: 192, Sum: 456, Workers: 4
[244.121s][debug][gc,phases      ] GC(115)   JVMTI Tag Weak OopStorage      Min:  0.0, Avg:  0.0, Max:  0.0, Diff:  0.0, Sum:  0.0, Workers: 4
[244.121s][debug][gc,phases      ] GC(115)     Dead                           Min: 0, Avg:  0.0, Max: 0, Diff: 0, Sum: 0, Workers: 4
[244.121s][debug][gc,phases      ] GC(115)     Total                          Min: 0, Avg:  0.0, Max: 0, Diff: 0, Sum: 0, Workers: 4
[244.121s][debug][gc,phases      ] GC(115)   StringTable Weak               Min:  0.1, Avg:  0.1, Max:  0.1, Diff:  0.0, Sum:  0.6, Workers: 4
[244.121s][debug][gc,phases      ] GC(115)     Dead                           Min: 0, Avg:  0.0, Max: 0, Diff: 0, Sum: 0, Workers: 4
[244.121s][debug][gc,phases      ] GC(115)     Total                          Min: 11200, Avg: 12032.5, Max: 12802, Diff: 1602, Sum: 48130, Workers: 4
[244.121s][debug][gc,phases      ] GC(115)   ResolvedMethodTable Weak       Min:  0.0, Avg:  0.0, Max:  0.0, Diff:  0.0, Sum:  0.1, Workers: 4
[244.121s][debug][gc,phases      ] GC(115)     Dead                           Min: 0, Avg:  0.0, Max: 0, Diff: 0, Sum: 0, Workers: 4
[244.121s][debug][gc,phases      ] GC(115)     Total                          Min: 1728, Avg: 2082.2, Max: 2377, Diff: 649, Sum: 8329, Workers: 4
[244.121s][debug][gc,phases      ] GC(115)   JNI Weak                       Min:  0.0, Avg:  0.0, Max:  0.0, Diff:  0.0, Sum:  0.0, Workers: 4
[244.121s][debug][gc,phases      ] GC(115)     Dead                           Min: 0, Avg:  0.0, Max: 0, Diff: 0, Sum: 0, Workers: 4
[244.121s][debug][gc,phases      ] GC(115)     Total                          Min: 0, Avg:  0.0, Max: 0, Diff: 0, Sum: 0, Workers: 4
[244.121s][debug][gc,phases      ] GC(115)   StringDedup Table Weak         Min:  0.0, Avg:  0.0, Max:  0.0, Diff:  0.0, Sum:  0.0, Workers: 4
[244.121s][debug][gc,phases      ] GC(115)     Dead                           Min: 0, Avg:  0.0, Max: 0, Diff: 0, Sum: 0, Workers: 4
[244.121s][debug][gc,phases      ] GC(115)     Total                          Min: 0, Avg:  0.0, Max: 0, Diff: 0, Sum: 0, Workers: 4
[244.121s][debug][gc,phases      ] GC(115)   StringDedup Requests0 Weak     Min:  0.0, Avg:  0.0, Max:  0.0, Diff:  0.0, Sum:  0.0, Workers: 4
[244.122s][debug][gc,phases      ] GC(115)     Dead                           Min: 0, Avg:  0.0, Max: 0, Diff: 0, Sum: 0, Workers: 4
[244.122s][debug][gc,phases      ] GC(115)     Total                          Min: 0, Avg:  0.0, Max: 0, Diff: 0, Sum: 0, Workers: 4
[244.122s][debug][gc,phases      ] GC(115)   StringDedup Requests1 Weak     Min:  0.0, Avg:  0.0, Max:  0.0, Diff:  0.0, Sum:  0.0, Workers: 4
[244.122s][debug][gc,phases      ] GC(115)     Dead                           Min: 0, Avg:  0.0, Max: 0, Diff: 0, Sum: 0, Workers: 4
[244.122s][debug][gc,phases      ] GC(115)     Total                          Min: 0, Avg:  0.0, Max: 0, Diff: 0, Sum: 0, Workers: 4
[244.122s][debug][gc,phases      ] GC(115)   Weak JFR Old Object Samples    Min:  0.0, Avg:  0.0, Max:  0.0, Diff:  0.0, Sum:  0.0, Workers: 4
[244.122s][debug][gc,phases      ] GC(115)     Dead                           Min: 0, Avg:  0.0, Max: 0, Diff: 0, Sum: 0, Workers: 4
[244.122s][debug][gc,phases      ] GC(115)     Total                          Min: 0, Avg:  0.0, Max: 0, Diff: 0, Sum: 0, Workers: 4
[244.122s][debug][gc,phases      ] GC(115) Weak Processing 0.344ms
[244.122s][debug][gc,phases      ] GC(115) ClassLoaderData 0.094ms
[244.122s][debug][gc,phases      ] GC(115) Trigger cleanups 0.000ms
[244.140s][debug][gc,phases      ] GC(115) Class Unloading 18.365ms
[244.140s][info ][gc,phases      ] GC(115) Marking Phase 158.636ms
[244.140s][info ][gc,phases,start] GC(115) Summary Phase
[244.140s][info ][gc,phases      ] GC(115) Summary Phase 0.013ms
[244.140s][info ][gc,phases,start] GC(115) Adjust Roots
[244.156s][info ][gc,phases      ] GC(115) Adjust Roots 16.310ms
[244.156s][info ][gc,phases,start] GC(115) Compaction Phase
[244.440s][info ][gc,phases      ] GC(115) Compaction Phase 283.644ms
[244.440s][info ][gc,phases,start] GC(115) Post Compact
[244.442s][info ][gc,phases      ] GC(115) Post Compact 1.954ms
[244.442s][info ][gc,heap        ] GC(115) PSYoungGen: 172721K(1824256K)->90240K(1824256K) Eden: 0K(1573888K)->0K(1573888K) From: 172721K(250368K)->90240K(250368K)
[244.442s][info ][gc,heap        ] GC(115) ParOldGen: 422374K(424448K)->412171K(487424K)
[244.442s][info ][gc,metaspace   ] GC(115) Metaspace: 83716K(84544K)->83716K(84544K) NonClass: 71958K(72384K)->71958K(72384K) Class: 11758K(12160K)->11758K(12160K)
[244.442s][info ][gc             ] GC(115) Pause Full (Ergonomics) 581M->490M(2257M) 460.815ms
[244.442s][info ][gc,cpu         ] GC(115) User=1.71s Sys=0.00s Real=0.46s
[244.442s][info ][safepoint      ] Safepoint "ParallelGCFailedAllocation", Time since last: 702154543 ns, Reaching safepoint: 50601 ns, At safepoint: 501028450 ns, Total: 501079051 ns
[245.443s][info ][safepoint      ] Safepoint "Cleanup", Time since last: 1000124665 ns, Reaching safepoint: 175703 ns, At safepoint: 13700 ns, Total: 189403 ns
[246.443s][info ][safepoint      ] Safepoint "Cleanup", Time since last: 1000117665 ns, Reaching safepoint: 137902 ns, At safepoint: 7900 ns, Total: 145802 ns
[247.443s][info ][safepoint      ] Safepoint "Cleanup", Time since last: 1000082064 ns, Reaching safepoint: 148402 ns, At safepoint: 8400 ns, Total: 156802 ns
[248.443s][info ][safepoint      ] Safepoint "Cleanup", Time since last: 1000109364 ns, Reaching safepoint: 117402 ns, At safepoint: 9800 ns, Total: 127202 ns
[249.443s][info ][safepoint      ] Safepoint "Cleanup", Time since last: 1000101063 ns, Reaching safepoint: 126202 ns, At safepoint: 10100 ns, Total: 136302 ns
[250.444s][info ][safepoint      ] Safepoint "Cleanup", Time since last: 1000116363 ns, Reaching safepoint: 129702 ns, At safepoint: 7800 ns, Total: 137502 ns
[251.444s][info ][safepoint      ] Safepoint "Cleanup", Time since last: 1000111062 ns, Reaching safepoint: 125502 ns, At safepoint: 10300 ns, Total: 135802 ns
[252.444s][info ][safepoint      ] Safepoint "Cleanup", Time since last: 1000104462 ns, Reaching safepoint: 109301 ns, At safepoint: 6701 ns, Total: 116002 ns
[253.444s][info ][safepoint      ] Safepoint "Cleanup", Time since last: 1000111160 ns, Reaching safepoint: 121303 ns, At safepoint: 9900 ns, Total: 131203 ns
[254.445s][info ][safepoint      ] Safepoint "Cleanup", Time since last: 1000105260 ns, Reaching safepoint: 122302 ns, At safepoint: 7000 ns, Total: 129302 ns
[255.445s][info ][safepoint      ] Safepoint "Cleanup", Time since last: 1000115360 ns, Reaching safepoint: 122402 ns, At safepoint: 9901 ns, Total: 132303 ns
[257.445s][info ][safepoint      ] Safepoint "Cleanup", Time since last: 2000166817 ns, Reaching safepoint: 149403 ns, At safepoint: 13000 ns, Total: 162403 ns
[258.445s][info ][safepoint      ] Safepoint "Cleanup", Time since last: 1000113458 ns, Reaching safepoint: 111802 ns, At safepoint: 4600 ns, Total: 116402 ns
[262.446s][info ][safepoint      ] Safepoint "Cleanup", Time since last: 4000223725 ns, Reaching safepoint: 124402 ns, At safepoint: 7800 ns, Total: 132202 ns
[263.446s][info ][safepoint      ] Safepoint "Cleanup", Time since last: 1000118256 ns, Reaching safepoint: 124603 ns, At safepoint: 7500 ns, Total: 132103 ns
[264.446s][info ][safepoint      ] Safepoint "Cleanup", Time since last: 1000108355 ns, Reaching safepoint: 126402 ns, At safepoint: 10201 ns, Total: 136603 ns
[266.447s][info ][safepoint      ] Safepoint "Cleanup", Time since last: 2000173808 ns, Reaching safepoint: 118002 ns, At safepoint: 7500 ns, Total: 125502 ns
[267.447s][info ][safepoint      ] Safepoint "Cleanup", Time since last: 1000108954 ns, Reaching safepoint: 115802 ns, At safepoint: 5001 ns, Total: 120803 ns
[270.447s][info ][safepoint      ] Safepoint "Cleanup", Time since last: 3000267658 ns, Reaching safepoint: 115502 ns, At safepoint: 8700 ns, Total: 124202 ns
[271.447s][info ][safepoint      ] Safepoint "Cleanup", Time since last: 1000101952 ns, Reaching safepoint: 113702 ns, At safepoint: 6900 ns, Total: 120602 ns
[272.947s][info ][safepoint      ] Safepoint "Cleanup", Time since last: 1499123558 ns, Reaching safepoint: 128203 ns, At safepoint: 9000 ns, Total: 137203 ns
[273.947s][info ][safepoint      ] Safepoint "Cleanup", Time since last: 1000111051 ns, Reaching safepoint: 133102 ns, At safepoint: 9700 ns, Total: 142802 ns
[274.947s][info ][safepoint      ] Safepoint "Cleanup", Time since last: 1000141251 ns, Reaching safepoint: 166603 ns, At safepoint: 14800 ns, Total: 181403 ns
[275.948s][info ][safepoint      ] Safepoint "Cleanup", Time since last: 1000117650 ns, Reaching safepoint: 165303 ns, At safepoint: 9301 ns, Total: 174604 ns
[277.948s][info ][safepoint      ] Safepoint "Cleanup", Time since last: 2000204398 ns, Reaching safepoint: 111702 ns, At safepoint: 11000 ns, Total: 122702 ns
[278.001s][info ][safepoint      ] Safepoint "ParallelGCFailedAllocation", Time since last: 53309151 ns, Reaching safepoint: 109502 ns, At safepoint: 16701 ns, Total: 126203 ns
[278.002s][info ][gc,start       ] GC(116) Pause Young (GCLocker Initiated GC)
[278.059s][debug][gc,phases      ] GC(116) Scavenge 57.021ms
[278.059s][debug][gc,ref         ] GC(116) Skipped phase 1 of Reference Processing: no references
[278.059s][debug][gc,ref         ] GC(116) ReferenceProcessor::execute queues: 1, RefProcThreadModel::Single, marks_oops_alive: false
[278.059s][debug][gc,ref         ] GC(116) Skipped phase 3 of Reference Processing: no references
[278.059s][debug][gc,ref         ] GC(116) ReferenceProcessor::execute queues: 1, RefProcThreadModel::Single, marks_oops_alive: false
[278.059s][debug][gc,phases      ] GC(116) Reference Processing 0.131ms
[278.059s][debug][gc,phases      ] GC(116)   VM Weak                        Min:  0.0, Avg:  0.0, Max:  0.0, Diff:  0.0, Sum:  0.0, Workers: 4
[278.059s][debug][gc,phases      ] GC(116)     Dead                           Min: 0, Avg:  0.0, Max: 0, Diff: 0, Sum: 0, Workers: 4
[278.059s][debug][gc,phases      ] GC(116)     Total                          Min: 0, Avg: 173.0, Max: 692, Diff: 692, Sum: 692, Workers: 4
[278.059s][debug][gc,phases      ] GC(116)   ObjectSynchronizer Weak        Min:  0.0, Avg:  0.0, Max:  0.0, Diff:  0.0, Sum:  0.0, Workers: 4
[278.059s][debug][gc,phases      ] GC(116)     Dead                           Min: 0, Avg:  0.0, Max: 0, Diff: 0, Sum: 0, Workers: 4
[278.059s][debug][gc,phases      ] GC(116)     Total                          Min: 0, Avg: 114.0, Max: 200, Diff: 200, Sum: 456, Workers: 4
[278.059s][debug][gc,phases      ] GC(116)   JVMTI Tag Weak OopStorage      Min:  0.0, Avg:  0.0, Max:  0.0, Diff:  0.0, Sum:  0.0, Workers: 4
[278.059s][debug][gc,phases      ] GC(116)     Dead                           Min: 0, Avg:  0.0, Max: 0, Diff: 0, Sum: 0, Workers: 4
[278.059s][debug][gc,phases      ] GC(116)     Total                          Min: 0, Avg:  0.0, Max: 0, Diff: 0, Sum: 0, Workers: 4
[278.059s][debug][gc,phases      ] GC(116)   StringTable Weak               Min:  0.1, Avg:  0.1, Max:  0.1, Diff:  0.0, Sum:  0.5, Workers: 4
[278.059s][debug][gc,phases      ] GC(116)     Dead                           Min: 0, Avg:  0.0, Max: 0, Diff: 0, Sum: 0, Workers: 4
[278.059s][debug][gc,phases      ] GC(116)     Total                          Min: 11136, Avg: 12035.2, Max: 12621, Diff: 1485, Sum: 48141, Workers: 4
[278.059s][debug][gc,phases      ] GC(116)   ResolvedMethodTable Weak       Min:  0.0, Avg:  0.0, Max:  0.0, Diff:  0.0, Sum:  0.1, Workers: 4
[278.059s][debug][gc,phases      ] GC(116)     Dead                           Min: 0, Avg:  0.0, Max: 0, Diff: 0, Sum: 0, Workers: 4
[278.059s][debug][gc,phases      ] GC(116)     Total                          Min: 1920, Avg: 2083.0, Max: 2304, Diff: 384, Sum: 8332, Workers: 4
[278.059s][debug][gc,phases      ] GC(116)   JNI Weak                       Min:  0.0, Avg:  0.0, Max:  0.0, Diff:  0.0, Sum:  0.0, Workers: 4
[278.059s][debug][gc,phases      ] GC(116)     Dead                           Min: 0, Avg:  0.0, Max: 0, Diff: 0, Sum: 0, Workers: 4
[278.059s][debug][gc,phases      ] GC(116)     Total                          Min: 0, Avg:  0.0, Max: 0, Diff: 0, Sum: 0, Workers: 4
[278.059s][debug][gc,phases      ] GC(116)   StringDedup Table Weak         Min:  0.0, Avg:  0.0, Max:  0.0, Diff:  0.0, Sum:  0.0, Workers: 4
[278.059s][debug][gc,phases      ] GC(116)     Dead                           Min: 0, Avg:  0.0, Max: 0, Diff: 0, Sum: 0, Workers: 4
[278.059s][debug][gc,phases      ] GC(116)     Total                          Min: 0, Avg:  0.0, Max: 0, Diff: 0, Sum: 0, Workers: 4
[278.059s][debug][gc,phases      ] GC(116)   StringDedup Requests0 Weak     Min:  0.0, Avg:  0.0, Max:  0.0, Diff:  0.0, Sum:  0.0, Workers: 4
[278.059s][debug][gc,phases      ] GC(116)     Dead                           Min: 0, Avg:  0.0, Max: 0, Diff: 0, Sum: 0, Workers: 4
[278.059s][debug][gc,phases      ] GC(116)     Total                          Min: 0, Avg:  0.0, Max: 0, Diff: 0, Sum: 0, Workers: 4
[278.059s][debug][gc,phases      ] GC(116)   StringDedup Requests1 Weak     Min:  0.0, Avg:  0.0, Max:  0.0, Diff:  0.0, Sum:  0.0, Workers: 4
[278.059s][debug][gc,phases      ] GC(116)     Dead                           Min: 0, Avg:  0.0, Max: 0, Diff: 0, Sum: 0, Workers: 4
[278.059s][debug][gc,phases      ] GC(116)     Total                          Min: 0, Avg:  0.0, Max: 0, Diff: 0, Sum: 0, Workers: 4
[278.059s][debug][gc,phases      ] GC(116)   Weak JFR Old Object Samples    Min:  0.0, Avg:  0.0, Max:  0.0, Diff:  0.0, Sum:  0.0, Workers: 4
[278.059s][debug][gc,phases      ] GC(116)     Dead                           Min: 0, Avg:  0.0, Max: 0, Diff: 0, Sum: 0, Workers: 4
[278.059s][debug][gc,phases      ] GC(116)     Total                          Min: 0, Avg:  0.0, Max: 0, Diff: 0, Sum: 0, Workers: 4
[278.059s][debug][gc,phases      ] GC(116) Weak Processing 0.336ms
[278.059s][debug][gc,age         ] GC(116) Desired survivor size 253231104 bytes, new threshold 15 (max threshold 15)
[278.059s][info ][gc,heap        ] GC(116) PSYoungGen: 1664056K(1824256K)->104913K(1835520K) Eden: 1573815K(1573888K)->0K(1573888K) From: 90240K(250368K)->104913K(261632K)
[278.059s][info ][gc,heap        ] GC(116) ParOldGen: 412683K(487424K)->412707K(487424K)
[278.059s][info ][gc,metaspace   ] GC(116) Metaspace: 83765K(84608K)->83765K(84608K) NonClass: 72006K(72448K)->72006K(72448K) Class: 11759K(12160K)->11759K(12160K)
[278.059s][info ][gc             ] GC(116) Pause Young (GCLocker Initiated GC) 2028M->505M(2268M) 57.605ms
[278.059s][info ][gc,cpu         ] GC(116) User=0.22s Sys=0.00s Real=0.06s
[278.059s][info ][safepoint      ] Safepoint "ParallelGCSystemGC", Time since last: 58001 ns, Reaching safepoint: 84601 ns, At safepoint: 57682430 ns, Total: 57767031 ns
[279.059s][info ][safepoint      ] Safepoint "Cleanup", Time since last: 1000085448 ns, Reaching safepoint: 55901 ns, At safepoint: 26800 ns, Total: 82701 ns
[280.060s][info ][safepoint      ] Safepoint "Cleanup", Time since last: 1000109048 ns, Reaching safepoint: 60901 ns, At safepoint: 7100 ns, Total: 68001 ns
[281.060s][info ][safepoint      ] Safepoint "Cleanup", Time since last: 1000105648 ns, Reaching safepoint: 56601 ns, At safepoint: 7900 ns, Total: 64501 ns
[282.060s][info ][safepoint      ] Safepoint "Cleanup", Time since last: 1000066746 ns, Reaching safepoint: 52501 ns, At safepoint: 8100 ns, Total: 60601 ns
[283.060s][info ][safepoint      ] Safepoint "Cleanup", Time since last: 1000108247 ns, Reaching safepoint: 50600 ns, At safepoint: 8201 ns, Total: 58801 ns
[284.060s][info ][safepoint      ] Safepoint "Cleanup", Time since last: 1000106046 ns, Reaching safepoint: 65101 ns, At safepoint: 3100 ns, Total: 68201 ns
[285.060s][info ][safepoint      ] Safepoint "Cleanup", Time since last: 1000106145 ns, Reaching safepoint: 48201 ns, At safepoint: 6700 ns, Total: 54901 ns
[286.060s][info ][safepoint      ] Safepoint "Cleanup", Time since last: 1000110745 ns, Reaching safepoint: 43501 ns, At safepoint: 2500 ns, Total: 46001 ns
[287.061s][info ][safepoint      ] Safepoint "Cleanup", Time since last: 1000106845 ns, Reaching safepoint: 45501 ns, At safepoint: 2600 ns, Total: 48101 ns
[288.061s][info ][safepoint      ] Safepoint "Cleanup", Time since last: 1000103244 ns, Reaching safepoint: 53101 ns, At safepoint: 5500 ns, Total: 58601 ns
[289.061s][info ][safepoint      ] Safepoint "Cleanup", Time since last: 1000058543 ns, Reaching safepoint: 67201 ns, At safepoint: 3300 ns, Total: 70501 ns
[291.061s][info ][safepoint      ] Safepoint "Cleanup", Time since last: 2000168085 ns, Reaching safepoint: 256805 ns, At safepoint: 14300 ns, Total: 271105 ns
[292.062s][info ][safepoint      ] Safepoint "Cleanup", Time since last: 1000093842 ns, Reaching safepoint: 49901 ns, At safepoint: 4900 ns, Total: 54801 ns
[293.062s][info ][safepoint      ] Safepoint "Cleanup", Time since last: 1000112842 ns, Reaching safepoint: 55101 ns, At safepoint: 8000 ns, Total: 63101 ns
[294.062s][info ][safepoint      ] Safepoint "Cleanup", Time since last: 1000107441 ns, Reaching safepoint: 121703 ns, At safepoint: 7800 ns, Total: 129503 ns
[295.062s][info ][safepoint      ] Safepoint "Cleanup", Time since last: 1000105741 ns, Reaching safepoint: 40700 ns, At safepoint: 5701 ns, Total: 46401 ns
[296.062s][info ][safepoint      ] Safepoint "Cleanup", Time since last: 1000111640 ns, Reaching safepoint: 61601 ns, At safepoint: 4900 ns, Total: 66501 ns
[298.062s][info ][safepoint      ] Safepoint "Cleanup", Time since last: 2000123978 ns, Reaching safepoint: 38701 ns, At safepoint: 2400 ns, Total: 41101 ns
[299.063s][info ][safepoint      ] Safepoint "Cleanup", Time since last: 1000097139 ns, Reaching safepoint: 60801 ns, At safepoint: 10100 ns, Total: 70901 ns
[300.063s][info ][safepoint      ] Safepoint "Cleanup", Time since last: 1000106039 ns, Reaching safepoint: 47201 ns, At safepoint: 2400 ns, Total: 49601 ns
[301.063s][info ][safepoint      ] Safepoint "Cleanup", Time since last: 1000120838 ns, Reaching safepoint: 42901 ns, At safepoint: 2500 ns, Total: 45401 ns
[302.063s][info ][safepoint      ] Safepoint "Cleanup", Time since last: 1000111738 ns, Reaching safepoint: 53401 ns, At safepoint: 2500 ns, Total: 55901 ns
[303.063s][info ][safepoint      ] Safepoint "Cleanup", Time since last: 1000140038 ns, Reaching safepoint: 68701 ns, At safepoint: 4100 ns, Total: 72801 ns
[304.063s][info ][safepoint      ] Safepoint "Cleanup", Time since last: 1000112937 ns, Reaching safepoint: 45901 ns, At safepoint: 6900 ns, Total: 52801 ns
[307.064s][info ][safepoint      ] Safepoint "Cleanup", Time since last: 3000193105 ns, Reaching safepoint: 53201 ns, At safepoint: 3200 ns, Total: 56401 ns
[308.064s][info ][safepoint      ] Safepoint "Cleanup", Time since last: 1000103235 ns, Reaching safepoint: 113902 ns, At safepoint: 6500 ns, Total: 120402 ns
[309.064s][info ][safepoint      ] Safepoint "Cleanup", Time since last: 1000103235 ns, Reaching safepoint: 45101 ns, At safepoint: 2800 ns, Total: 47901 ns
[310.997s][info ][gc,start       ] GC(117) Pause Young (Allocation Failure)
[311.022s][debug][gc,phases      ] GC(117) Scavenge 24.947ms
[311.022s][debug][gc,ref         ] GC(117) Skipped phase 1 of Reference Processing: no references
[311.022s][debug][gc,ref         ] GC(117) ReferenceProcessor::execute queues: 1, RefProcThreadModel::Single, marks_oops_alive: false
[311.022s][debug][gc,ref         ] GC(117) Skipped phase 3 of Reference Processing: no references
[311.022s][debug][gc,ref         ] GC(117) Skipped phase 4 of Reference Processing: no references
[311.022s][debug][gc,phases      ] GC(117) Reference Processing 0.143ms
[311.022s][debug][gc,phases      ] GC(117)   VM Weak                        Min:  0.0, Avg:  0.0, Max:  0.0, Diff:  0.0, Sum:  0.0, Workers: 4
[311.022s][debug][gc,phases      ] GC(117)     Dead                           Min: 0, Avg:  0.0, Max: 0, Diff: 0, Sum: 0, Workers: 4
[311.022s][debug][gc,phases      ] GC(117)     Total                          Min: 0, Avg: 173.0, Max: 372, Diff: 372, Sum: 692, Workers: 4
[311.022s][debug][gc,phases      ] GC(117)   ObjectSynchronizer Weak        Min:  0.0, Avg:  0.0, Max:  0.0, Diff:  0.0, Sum:  0.0, Workers: 4
[311.022s][debug][gc,phases      ] GC(117)     Dead                           Min: 0, Avg:  0.0, Max: 0, Diff: 0, Sum: 0, Workers: 4
[311.022s][debug][gc,phases      ] GC(117)     Total                          Min: 0, Avg: 114.0, Max: 264, Diff: 264, Sum: 456, Workers: 4
[311.022s][debug][gc,phases      ] GC(117)   JVMTI Tag Weak OopStorage      Min:  0.0, Avg:  0.0, Max:  0.0, Diff:  0.0, Sum:  0.0, Workers: 4
[311.022s][debug][gc,phases      ] GC(117)     Dead                           Min: 0, Avg:  0.0, Max: 0, Diff: 0, Sum: 0, Workers: 4
[311.022s][debug][gc,phases      ] GC(117)     Total                          Min: 0, Avg:  0.0, Max: 0, Diff: 0, Sum: 0, Workers: 4
[311.022s][debug][gc,phases      ] GC(117)   StringTable Weak               Min:  0.1, Avg:  0.1, Max:  0.1, Diff:  0.0, Sum:  0.5, Workers: 4
[311.022s][debug][gc,phases      ] GC(117)     Dead                           Min: 0, Avg:  0.0, Max: 0, Diff: 0, Sum: 0, Workers: 4
[311.022s][debug][gc,phases      ] GC(117)     Total                          Min: 11328, Avg: 12046.0, Max: 12544, Diff: 1216, Sum: 48184, Workers: 4
[311.022s][debug][gc,phases      ] GC(117)   ResolvedMethodTable Weak       Min:  0.0, Avg:  0.0, Max:  0.0, Diff:  0.0, Sum:  0.1, Workers: 4
[311.022s][debug][gc,phases      ] GC(117)     Dead                           Min: 0, Avg:  0.2, Max: 1, Diff: 1, Sum: 1, Workers: 4
[311.022s][debug][gc,phases      ] GC(117)     Total                          Min: 1792, Avg: 2083.0, Max: 2367, Diff: 575, Sum: 8332, Workers: 4
[311.022s][debug][gc,phases      ] GC(117)   JNI Weak                       Min:  0.0, Avg:  0.0, Max:  0.0, Diff:  0.0, Sum:  0.0, Workers: 4
[311.022s][debug][gc,phases      ] GC(117)     Dead                           Min: 0, Avg:  0.0, Max: 0, Diff: 0, Sum: 0, Workers: 4
[311.022s][debug][gc,phases      ] GC(117)     Total                          Min: 0, Avg:  0.0, Max: 0, Diff: 0, Sum: 0, Workers: 4
[311.022s][debug][gc,phases      ] GC(117)   StringDedup Table Weak         Min:  0.0, Avg:  0.0, Max:  0.0, Diff:  0.0, Sum:  0.0, Workers: 4
[311.022s][debug][gc,phases      ] GC(117)     Dead                           Min: 0, Avg:  0.0, Max: 0, Diff: 0, Sum: 0, Workers: 4
[311.022s][debug][gc,phases      ] GC(117)     Total                          Min: 0, Avg:  0.0, Max: 0, Diff: 0, Sum: 0, Workers: 4
[311.022s][debug][gc,phases      ] GC(117)   StringDedup Requests0 Weak     Min:  0.0, Avg:  0.0, Max:  0.0, Diff:  0.0, Sum:  0.0, Workers: 4
[311.022s][debug][gc,phases      ] GC(117)     Dead                           Min: 0, Avg:  0.0, Max: 0, Diff: 0, Sum: 0, Workers: 4
[311.022s][debug][gc,phases      ] GC(117)     Total                          Min: 0, Avg:  0.0, Max: 0, Diff: 0, Sum: 0, Workers: 4
[311.022s][debug][gc,phases      ] GC(117)   StringDedup Requests1 Weak     Min:  0.0, Avg:  0.0, Max:  0.0, Diff:  0.0, Sum:  0.0, Workers: 4
[311.022s][debug][gc,phases      ] GC(117)     Dead                           Min: 0, Avg:  0.0, Max: 0, Diff: 0, Sum: 0, Workers: 4
[311.022s][debug][gc,phases      ] GC(117)     Total                          Min: 0, Avg:  0.0, Max: 0, Diff: 0, Sum: 0, Workers: 4
[311.022s][debug][gc,phases      ] GC(117)   Weak JFR Old Object Samples    Min:  0.0, Avg:  0.0, Max:  0.0, Diff:  0.0, Sum:  0.0, Workers: 4
[311.022s][debug][gc,phases      ] GC(117)     Dead                           Min: 0, Avg:  0.0, Max: 0, Diff: 0, Sum: 0, Workers: 4
[311.022s][debug][gc,phases      ] GC(117)     Total                          Min: 0, Avg:  0.0, Max: 0, Diff: 0, Sum: 0, Workers: 4
[311.022s][debug][gc,phases      ] GC(117) Weak Processing 0.339ms
[311.022s][debug][gc,age         ] GC(117) Desired survivor size 241172480 bytes, new threshold 15 (max threshold 15)
[311.022s][info ][gc,heap        ] GC(117) PSYoungGen: 1678801K(1835520K)->114657K(1861632K) Eden: 1573888K(1573888K)->0K(1614336K) From: 104913K(261632K)->114657K(247296K)
[311.022s][info ][gc,heap        ] GC(117) ParOldGen: 412709K(487424K)->412909K(487424K)
[311.022s][info ][gc,metaspace   ] GC(117) Metaspace: 83833K(84672K)->83833K(84672K) NonClass: 72073K(72512K)->72073K(72512K) Class: 11759K(12160K)->11759K(12160K)
[311.022s][info ][gc             ] GC(117) Pause Young (Allocation Failure) 2042M->515M(2294M) 25.568ms
[311.022s][info ][gc,cpu         ] GC(117) User=0.11s Sys=0.00s Real=0.02s
[311.022s][info ][safepoint      ] Safepoint "ParallelGCFailedAllocation", Time since last: 1932444759 ns, Reaching safepoint: 51001 ns, At safepoint: 25655158 ns, Total: 25706159 ns
[312.022s][info ][safepoint      ] Safepoint "Cleanup", Time since last: 1000083332 ns, Reaching safepoint: 56001 ns, At safepoint: 5701 ns, Total: 61702 ns
[314.023s][info ][safepoint      ] Safepoint "Cleanup", Time since last: 2000171964 ns, Reaching safepoint: 57201 ns, At safepoint: 3800 ns, Total: 61001 ns
[315.023s][info ][safepoint      ] Safepoint "Cleanup", Time since last: 1000105132 ns, Reaching safepoint: 48201 ns, At safepoint: 3400 ns, Total: 51601 ns
[318.023s][info ][safepoint      ] Safepoint "Cleanup", Time since last: 3000225692 ns, Reaching safepoint: 106701 ns, At safepoint: 10101 ns, Total: 116802 ns
[319.023s][info ][safepoint      ] Safepoint "Cleanup", Time since last: 1000064329 ns, Reaching safepoint: 52001 ns, At safepoint: 5200 ns, Total: 57201 ns
[320.023s][info ][safepoint      ] Safepoint "Cleanup", Time since last: 1000098330 ns, Reaching safepoint: 45700 ns, At safepoint: 5401 ns, Total: 51101 ns
[321.024s][info ][safepoint      ] Safepoint "Cleanup", Time since last: 1000089929 ns, Reaching safepoint: 53701 ns, At safepoint: 2700 ns, Total: 56401 ns
[322.024s][info ][safepoint      ] Safepoint "Cleanup", Time since last: 1000109629 ns, Reaching safepoint: 47600 ns, At safepoint: 2300 ns, Total: 49900 ns
[324.024s][info ][safepoint      ] Safepoint "Cleanup", Time since last: 2000174656 ns, Reaching safepoint: 46501 ns, At safepoint: 3000 ns, Total: 49501 ns
[327.024s][info ][safepoint      ] Safepoint "Cleanup", Time since last: 3000261081 ns, Reaching safepoint: 49200 ns, At safepoint: 6200 ns, Total: 55400 ns
[331.025s][info ][safepoint      ] Safepoint "Cleanup", Time since last: 4000289901 ns, Reaching safepoint: 41000 ns, At safepoint: 3200 ns, Total: 44200 ns
[332.025s][info ][safepoint      ] Safepoint "Cleanup", Time since last: 1000099425 ns, Reaching safepoint: 55401 ns, At safepoint: 5300 ns, Total: 60701 ns
[333.025s][info ][safepoint      ] Safepoint "Cleanup", Time since last: 1000124124 ns, Reaching safepoint: 57301 ns, At safepoint: 5201 ns, Total: 62502 ns
[334.025s][info ][safepoint      ] Safepoint "Cleanup", Time since last: 1000105723 ns, Reaching safepoint: 80102 ns, At safepoint: 5600 ns, Total: 85702 ns
[335.025s][info ][safepoint      ] Safepoint "Cleanup", Time since last: 1000086523 ns, Reaching safepoint: 41601 ns, At safepoint: 9100 ns, Total: 50701 ns
[338.553s][info ][gc,start       ] GC(118) Pause Young (Allocation Failure)
[338.587s][debug][gc,phases      ] GC(118) Scavenge 33.625ms
[338.587s][debug][gc,ref         ] GC(118) Skipped phase 1 of Reference Processing: no references
[338.587s][debug][gc,ref         ] GC(118) ReferenceProcessor::execute queues: 1, RefProcThreadModel::Single, marks_oops_alive: false
[338.587s][debug][gc,ref         ] GC(118) Skipped phase 3 of Reference Processing: no references
[338.587s][debug][gc,ref         ] GC(118) ReferenceProcessor::execute queues: 1, RefProcThreadModel::Single, marks_oops_alive: false
[338.587s][debug][gc,phases      ] GC(118) Reference Processing 0.137ms
[338.587s][debug][gc,phases      ] GC(118)   VM Weak                        Min:  0.0, Avg:  0.0, Max:  0.0, Diff:  0.0, Sum:  0.0, Workers: 4
[338.587s][debug][gc,phases      ] GC(118)     Dead                           Min: 0, Avg:  0.0, Max: 0, Diff: 0, Sum: 0, Workers: 4
[338.587s][debug][gc,phases      ] GC(118)     Total                          Min: 0, Avg: 173.0, Max: 384, Diff: 384, Sum: 692, Workers: 4
[338.587s][debug][gc,phases      ] GC(118)   ObjectSynchronizer Weak        Min:  0.0, Avg:  0.0, Max:  0.0, Diff:  0.0, Sum:  0.0, Workers: 4
[338.587s][debug][gc,phases      ] GC(118)     Dead                           Min: 0, Avg:  0.0, Max: 0, Diff: 0, Sum: 0, Workers: 4
[338.587s][debug][gc,phases      ] GC(118)     Total                          Min: 0, Avg: 114.0, Max: 256, Diff: 256, Sum: 456, Workers: 4
[338.587s][debug][gc,phases      ] GC(118)   JVMTI Tag Weak OopStorage      Min:  0.0, Avg:  0.0, Max:  0.0, Diff:  0.0, Sum:  0.0, Workers: 4
[338.587s][debug][gc,phases      ] GC(118)     Dead                           Min: 0, Avg:  0.0, Max: 0, Diff: 0, Sum: 0, Workers: 4
[338.587s][debug][gc,phases      ] GC(118)     Total                          Min: 0, Avg:  0.0, Max: 0, Diff: 0, Sum: 0, Workers: 4
[338.587s][debug][gc,phases      ] GC(118)   StringTable Weak               Min:  0.1, Avg:  0.1, Max:  0.1, Diff:  0.0, Sum:  0.5, Workers: 4
[338.587s][debug][gc,phases      ] GC(118)     Dead                           Min: 0, Avg:  0.0, Max: 0, Diff: 0, Sum: 0, Workers: 4
[338.587s][debug][gc,phases      ] GC(118)     Total                          Min: 11136, Avg: 12047.5, Max: 12670, Diff: 1534, Sum: 48190, Workers: 4
[338.587s][debug][gc,phases      ] GC(118)   ResolvedMethodTable Weak       Min:  0.0, Avg:  0.0, Max:  0.0, Diff:  0.0, Sum:  0.1, Workers: 4
[338.587s][debug][gc,phases      ] GC(118)     Dead                           Min: 0, Avg:  0.0, Max: 0, Diff: 0, Sum: 0, Workers: 4
[338.587s][debug][gc,phases      ] GC(118)     Total                          Min: 1920, Avg: 2084.5, Max: 2322, Diff: 402, Sum: 8338, Workers: 4
[338.587s][debug][gc,phases      ] GC(118)   JNI Weak                       Min:  0.0, Avg:  0.0, Max:  0.0, Diff:  0.0, Sum:  0.0, Workers: 4
[338.587s][debug][gc,phases      ] GC(118)     Dead                           Min: 0, Avg:  0.0, Max: 0, Diff: 0, Sum: 0, Workers: 4
[338.587s][debug][gc,phases      ] GC(118)     Total                          Min: 0, Avg:  0.0, Max: 0, Diff: 0, Sum: 0, Workers: 4
[338.587s][debug][gc,phases      ] GC(118)   StringDedup Table Weak         Min:  0.0, Avg:  0.0, Max:  0.0, Diff:  0.0, Sum:  0.0, Workers: 4
[338.587s][debug][gc,phases      ] GC(118)     Dead                           Min: 0, Avg:  0.0, Max: 0, Diff: 0, Sum: 0, Workers: 4
[338.587s][debug][gc,phases      ] GC(118)     Total                          Min: 0, Avg:  0.0, Max: 0, Diff: 0, Sum: 0, Workers: 4
[338.587s][debug][gc,phases      ] GC(118)   StringDedup Requests0 Weak     Min:  0.0, Avg:  0.0, Max:  0.0, Diff:  0.0, Sum:  0.0, Workers: 4
[338.587s][debug][gc,phases      ] GC(118)     Dead                           Min: 0, Avg:  0.0, Max: 0, Diff: 0, Sum: 0, Workers: 4
[338.587s][debug][gc,phases      ] GC(118)     Total                          Min: 0, Avg:  0.0, Max: 0, Diff: 0, Sum: 0, Workers: 4
[338.587s][debug][gc,phases      ] GC(118)   StringDedup Requests1 Weak     Min:  0.0, Avg:  0.0, Max:  0.0, Diff:  0.0, Sum:  0.0, Workers: 4
[338.587s][debug][gc,phases      ] GC(118)     Dead                           Min: 0, Avg:  0.0, Max: 0, Diff: 0, Sum: 0, Workers: 4
[338.587s][debug][gc,phases      ] GC(118)     Total                          Min: 0, Avg:  0.0, Max: 0, Diff: 0, Sum: 0, Workers: 4
[338.587s][debug][gc,phases      ] GC(118)   Weak JFR Old Object Samples    Min:  0.0, Avg:  0.0, Max:  0.0, Diff:  0.0, Sum:  0.0, Workers: 4
[338.587s][debug][gc,phases      ] GC(118)     Dead                           Min: 0, Avg:  0.0, Max: 0, Diff: 0, Sum: 0, Workers: 4
[338.587s][debug][gc,phases      ] GC(118)     Total                          Min: 0, Avg:  0.0, Max: 0, Diff: 0, Sum: 0, Workers: 4
[338.587s][debug][gc,phases      ] GC(118) Weak Processing 0.341ms
[338.587s][debug][gc,age         ] GC(118) Desired survivor size 232783872 bytes, new threshold 15 (max threshold 15)
[338.587s][info ][gc,heap        ] GC(118) PSYoungGen: 1728993K(1861632K)->121457K(1849856K) Eden: 1614336K(1614336K)->0K(1614336K) From: 114657K(247296K)->121457K(235520K)
[338.587s][info ][gc,heap        ] GC(118) ParOldGen: 412909K(487424K)->429357K(487424K)
[338.587s][info ][gc,metaspace   ] GC(118) Metaspace: 83865K(84736K)->83865K(84736K) NonClass: 72103K(72576K)->72103K(72576K) Class: 11761K(12160K)->11761K(12160K)
[338.587s][info ][gc             ] GC(118) Pause Young (Allocation Failure) 2091M->537M(2282M) 34.279ms
[338.587s][info ][gc,cpu         ] GC(118) User=0.13s Sys=0.00s Real=0.04s
[338.587s][info ][safepoint      ] Safepoint "ParallelGCFailedAllocation", Time since last: 3527673364 ns, Reaching safepoint: 44001 ns, At safepoint: 34368813 ns, Total: 34412814 ns
[340.588s][info ][safepoint      ] Safepoint "Cleanup", Time since last: 2000145641 ns, Reaching safepoint: 59501 ns, At safepoint: 28600 ns, Total: 88101 ns
[346.588s][info ][safepoint      ] Safepoint "Cleanup", Time since last: 6000413513 ns, Reaching safepoint: 47101 ns, At safepoint: 2500 ns, Total: 49601 ns
[347.588s][info ][safepoint      ] Safepoint "Cleanup", Time since last: 1000078018 ns, Reaching safepoint: 45201 ns, At safepoint: 2600 ns, Total: 47801 ns
[348.588s][info ][safepoint      ] Safepoint "Cleanup", Time since last: 1000104417 ns, Reaching safepoint: 46701 ns, At safepoint: 3300 ns, Total: 50001 ns
[349.588s][info ][safepoint      ] Safepoint "Cleanup", Time since last: 1000128518 ns, Reaching safepoint: 45000 ns, At safepoint: 5501 ns, Total: 50501 ns
[351.589s][info ][safepoint      ] Safepoint "Cleanup", Time since last: 2000164532 ns, Reaching safepoint: 45001 ns, At safepoint: 7800 ns, Total: 52801 ns
[352.589s][info ][safepoint      ] Safepoint "Cleanup", Time since last: 1000109216 ns, Reaching safepoint: 51701 ns, At safepoint: 5400 ns, Total: 57101 ns
[354.589s][info ][safepoint      ] Safepoint "Cleanup", Time since last: 2000173030 ns, Reaching safepoint: 85601 ns, At safepoint: 9201 ns, Total: 94802 ns
[357.589s][info ][safepoint      ] Safepoint "Cleanup", Time since last: 3000219941 ns, Reaching safepoint: 49301 ns, At safepoint: 4300 ns, Total: 53601 ns
[358.008s][info ][safepoint      ] Safepoint "ParallelGCFailedAllocation", Time since last: 418557555 ns, Reaching safepoint: 22501 ns, At safepoint: 13800 ns, Total: 36301 ns
[358.008s][info ][gc,start       ] GC(119) Pause Young (GCLocker Initiated GC)
[358.046s][debug][gc,phases      ] GC(119) Scavenge 37.658ms
[358.046s][debug][gc,ref         ] GC(119) Skipped phase 1 of Reference Processing: no references
[358.046s][debug][gc,ref         ] GC(119) ReferenceProcessor::execute queues: 1, RefProcThreadModel::Single, marks_oops_alive: false
[358.046s][debug][gc,ref         ] GC(119) Skipped phase 3 of Reference Processing: no references
[358.046s][debug][gc,ref         ] GC(119) ReferenceProcessor::execute queues: 1, RefProcThreadModel::Single, marks_oops_alive: false
[358.046s][debug][gc,phases      ] GC(119) Reference Processing 0.145ms
[358.046s][debug][gc,phases      ] GC(119)   VM Weak                        Min:  0.0, Avg:  0.0, Max:  0.0, Diff:  0.0, Sum:  0.0, Workers: 4
[358.046s][debug][gc,phases      ] GC(119)     Dead                           Min: 0, Avg:  0.0, Max: 0, Diff: 0, Sum: 0, Workers: 4
[358.046s][debug][gc,phases      ] GC(119)     Total                          Min: 0, Avg: 173.0, Max: 448, Diff: 448, Sum: 692, Workers: 4
[358.046s][debug][gc,phases      ] GC(119)   ObjectSynchronizer Weak        Min:  0.0, Avg:  0.0, Max:  0.0, Diff:  0.0, Sum:  0.0, Workers: 4
[358.046s][debug][gc,phases      ] GC(119)     Dead                           Min: 0, Avg:  0.0, Max: 0, Diff: 0, Sum: 0, Workers: 4
[358.046s][debug][gc,phases      ] GC(119)     Total                          Min: 0, Avg: 114.0, Max: 192, Diff: 192, Sum: 456, Workers: 4
[358.046s][debug][gc,phases      ] GC(119)   JVMTI Tag Weak OopStorage      Min:  0.0, Avg:  0.0, Max:  0.0, Diff:  0.0, Sum:  0.0, Workers: 4
[358.046s][debug][gc,phases      ] GC(119)     Dead                           Min: 0, Avg:  0.0, Max: 0, Diff: 0, Sum: 0, Workers: 4
[358.046s][debug][gc,phases      ] GC(119)     Total                          Min: 0, Avg:  0.0, Max: 0, Diff: 0, Sum: 0, Workers: 4
[358.046s][debug][gc,phases      ] GC(119)   StringTable Weak               Min:  0.1, Avg:  0.1, Max:  0.1, Diff:  0.0, Sum:  0.5, Workers: 4
[358.046s][debug][gc,phases      ] GC(119)     Dead                           Min: 0, Avg:  0.0, Max: 0, Diff: 0, Sum: 0, Workers: 4
[358.046s][debug][gc,phases      ] GC(119)     Total                          Min: 10710, Avg: 12053.5, Max: 13632, Diff: 2922, Sum: 48214, Workers: 4
[358.046s][debug][gc,phases      ] GC(119)   ResolvedMethodTable Weak       Min:  0.0, Avg:  0.0, Max:  0.0, Diff:  0.0, Sum:  0.1, Workers: 4
[358.046s][debug][gc,phases      ] GC(119)     Dead                           Min: 0, Avg:  0.0, Max: 0, Diff: 0, Sum: 0, Workers: 4
[358.046s][debug][gc,phases      ] GC(119)     Total                          Min: 1856, Avg: 2084.5, Max: 2368, Diff: 512, Sum: 8338, Workers: 4
[358.046s][debug][gc,phases      ] GC(119)   JNI Weak                       Min:  0.0, Avg:  0.0, Max:  0.0, Diff:  0.0, Sum:  0.0, Workers: 4
[358.046s][debug][gc,phases      ] GC(119)     Dead                           Min: 0, Avg:  0.0, Max: 0, Diff: 0, Sum: 0, Workers: 4
[358.046s][debug][gc,phases      ] GC(119)     Total                          Min: 0, Avg:  0.0, Max: 0, Diff: 0, Sum: 0, Workers: 4
[358.046s][debug][gc,phases      ] GC(119)   StringDedup Table Weak         Min:  0.0, Avg:  0.0, Max:  0.0, Diff:  0.0, Sum:  0.0, Workers: 4
[358.046s][debug][gc,phases      ] GC(119)     Dead                           Min: 0, Avg:  0.0, Max: 0, Diff: 0, Sum: 0, Workers: 4
[358.046s][debug][gc,phases      ] GC(119)     Total                          Min: 0, Avg:  0.0, Max: 0, Diff: 0, Sum: 0, Workers: 4
[358.046s][debug][gc,phases      ] GC(119)   StringDedup Requests0 Weak     Min:  0.0, Avg:  0.0, Max:  0.0, Diff:  0.0, Sum:  0.0, Workers: 4
[358.046s][debug][gc,phases      ] GC(119)     Dead                           Min: 0, Avg:  0.0, Max: 0, Diff: 0, Sum: 0, Workers: 4
[358.046s][debug][gc,phases      ] GC(119)     Total                          Min: 0, Avg:  0.0, Max: 0, Diff: 0, Sum: 0, Workers: 4
[358.046s][debug][gc,phases      ] GC(119)   StringDedup Requests1 Weak     Min:  0.0, Avg:  0.0, Max:  0.0, Diff:  0.0, Sum:  0.0, Workers: 4
[358.046s][debug][gc,phases      ] GC(119)     Dead                           Min: 0, Avg:  0.0, Max: 0, Diff: 0, Sum: 0, Workers: 4
[358.046s][debug][gc,phases      ] GC(119)     Total                          Min: 0, Avg:  0.0, Max: 0, Diff: 0, Sum: 0, Workers: 4
[358.046s][debug][gc,phases      ] GC(119)   Weak JFR Old Object Samples    Min:  0.0, Avg:  0.0, Max:  0.0, Diff:  0.0, Sum:  0.0, Workers: 4
[358.046s][debug][gc,phases      ] GC(119)     Dead                           Min: 0, Avg:  0.0, Max: 0, Diff: 0, Sum: 0, Workers: 4
[358.046s][debug][gc,phases      ] GC(119)     Total                          Min: 0, Avg:  0.0, Max: 0, Diff: 0, Sum: 0, Workers: 4
[358.046s][debug][gc,phases      ] GC(119) Weak Processing 0.326ms
[358.046s][debug][gc,age         ] GC(119) Desired survivor size 232783872 bytes, new threshold 15 (max threshold 15)
[358.046s][info ][gc,heap        ] GC(119) PSYoungGen: 1735793K(1849856K)->142776K(1869824K) Eden: 1614336K(1614336K)->0K(1642496K) From: 121457K(235520K)->142776K(227328K)
[358.046s][info ][gc,heap        ] GC(119) ParOldGen: 429357K(487424K)->429901K(487424K)
[358.046s][info ][gc,metaspace   ] GC(119) Metaspace: 83897K(84800K)->83897K(84800K) NonClass: 72136K(72640K)->72136K(72640K) Class: 11761K(12160K)->11761K(12160K)
[358.046s][info ][gc             ] GC(119) Pause Young (GCLocker Initiated GC) 2114M->559M(2302M) 38.233ms
[358.046s][info ][gc,cpu         ] GC(119) User=0.15s Sys=0.00s Real=0.03s
[358.046s][info ][safepoint      ] Safepoint "ParallelGCSystemGC", Time since last: 47901 ns, Reaching safepoint: 14400 ns, At safepoint: 38303382 ns, Total: 38317782 ns
[359.047s][info ][safepoint      ] Safepoint "Cleanup", Time since last: 1000087113 ns, Reaching safepoint: 123702 ns, At safepoint: 11201 ns, Total: 134903 ns
[360.047s][info ][safepoint      ] Safepoint "Cleanup", Time since last: 1000132213 ns, Reaching safepoint: 174103 ns, At safepoint: 12900 ns, Total: 187003 ns
[361.047s][info ][safepoint      ] Safepoint "Cleanup", Time since last: 1000105813 ns, Reaching safepoint: 103602 ns, At safepoint: 20200 ns, Total: 123802 ns
[362.047s][info ][safepoint      ] Safepoint "Cleanup", Time since last: 1000106412 ns, Reaching safepoint: 124502 ns, At safepoint: 14401 ns, Total: 138903 ns
[364.048s][info ][safepoint      ] Safepoint "Cleanup", Time since last: 2000189322 ns, Reaching safepoint: 117202 ns, At safepoint: 12401 ns, Total: 129603 ns
[365.048s][info ][safepoint      ] Safepoint "Cleanup", Time since last: 1000124411 ns, Reaching safepoint: 117902 ns, At safepoint: 5100 ns, Total: 123002 ns
[366.048s][info ][safepoint      ] Safepoint "Cleanup", Time since last: 1000105711 ns, Reaching safepoint: 119702 ns, At safepoint: 6500 ns, Total: 126202 ns
[367.048s][info ][safepoint      ] Safepoint "Cleanup", Time since last: 1000108410 ns, Reaching safepoint: 45001 ns, At safepoint: 2200 ns, Total: 47201 ns
[370.223s][info ][safepoint      ] Safepoint "Cleanup", Time since last: 3174727234 ns, Reaching safepoint: 83201 ns, At safepoint: 9400 ns, Total: 92601 ns
[372.330s][info ][safepoint      ] Safepoint "Cleanup", Time since last: 2106636012 ns, Reaching safepoint: 116202 ns, At safepoint: 5800 ns, Total: 122002 ns
[378.330s][info ][safepoint      ] Safepoint "Cleanup", Time since last: 6000381336 ns, Reaching safepoint: 44700 ns, At safepoint: 8301 ns, Total: 53001 ns
[379.331s][info ][safepoint      ] Safepoint "Cleanup", Time since last: 1000094205 ns, Reaching safepoint: 48401 ns, At safepoint: 5300 ns, Total: 53701 ns
[380.331s][info ][safepoint      ] Safepoint "Cleanup", Time since last: 1000118205 ns, Reaching safepoint: 118002 ns, At safepoint: 9700 ns, Total: 127702 ns
[381.331s][info ][safepoint      ] Safepoint "Cleanup", Time since last: 1000110105 ns, Reaching safepoint: 74401 ns, At safepoint: 6300 ns, Total: 80701 ns
[383.331s][info ][safepoint      ] Safepoint "Cleanup", Time since last: 2000165807 ns, Reaching safepoint: 56701 ns, At safepoint: 5600 ns, Total: 62301 ns
[384.331s][info ][safepoint      ] Safepoint "Cleanup", Time since last: 1000115904 ns, Reaching safepoint: 54201 ns, At safepoint: 2800 ns, Total: 57001 ns
[385.332s][info ][safepoint      ] Safepoint "Cleanup", Time since last: 1000107403 ns, Reaching safepoint: 44401 ns, At safepoint: 2800 ns, Total: 47201 ns
[386.332s][info ][safepoint      ] Safepoint "Cleanup", Time since last: 1000102202 ns, Reaching safepoint: 44201 ns, At safepoint: 7900 ns, Total: 52101 ns
[387.105s][info ][gc,start       ] GC(120) Pause Young (Allocation Failure)
[387.139s][debug][gc,phases      ] GC(120) Scavenge 33.998ms
[387.139s][debug][gc,ref         ] GC(120) Skipped phase 1 of Reference Processing: no references
[387.139s][debug][gc,ref         ] GC(120) ReferenceProcessor::execute queues: 1, RefProcThreadModel::Single, marks_oops_alive: false
[387.139s][debug][gc,ref         ] GC(120) Skipped phase 3 of Reference Processing: no references
[387.139s][debug][gc,ref         ] GC(120) ReferenceProcessor::execute queues: 1, RefProcThreadModel::Single, marks_oops_alive: false
[387.139s][debug][gc,phases      ] GC(120) Reference Processing 0.133ms
[387.139s][debug][gc,phases      ] GC(120)   VM Weak                        Min:  0.0, Avg:  0.0, Max:  0.0, Diff:  0.0, Sum:  0.0, Workers: 4
[387.139s][debug][gc,phases      ] GC(120)     Dead                           Min: 0, Avg:  0.0, Max: 0, Diff: 0, Sum: 0, Workers: 4
[387.139s][debug][gc,phases      ] GC(120)     Total                          Min: 0, Avg: 173.0, Max: 564, Diff: 564, Sum: 692, Workers: 4
[387.139s][debug][gc,phases      ] GC(120)   ObjectSynchronizer Weak        Min:  0.0, Avg:  0.0, Max:  0.0, Diff:  0.0, Sum:  0.0, Workers: 4
[387.139s][debug][gc,phases      ] GC(120)     Dead                           Min: 0, Avg:  0.0, Max: 0, Diff: 0, Sum: 0, Workers: 4
[387.139s][debug][gc,phases      ] GC(120)     Total                          Min: 0, Avg: 114.0, Max: 192, Diff: 192, Sum: 456, Workers: 4
[387.139s][debug][gc,phases      ] GC(120)   JVMTI Tag Weak OopStorage      Min:  0.0, Avg:  0.0, Max:  0.0, Diff:  0.0, Sum:  0.0, Workers: 4
[387.139s][debug][gc,phases      ] GC(120)     Dead                           Min: 0, Avg:  0.0, Max: 0, Diff: 0, Sum: 0, Workers: 4
[387.139s][debug][gc,phases      ] GC(120)     Total                          Min: 0, Avg:  0.0, Max: 0, Diff: 0, Sum: 0, Workers: 4
[387.139s][debug][gc,phases      ] GC(120)   StringTable Weak               Min:  0.1, Avg:  0.1, Max:  0.1, Diff:  0.0, Sum:  0.5, Workers: 4
[387.139s][debug][gc,phases      ] GC(120)     Dead                           Min: 0, Avg:  0.0, Max: 0, Diff: 0, Sum: 0, Workers: 4
[387.139s][debug][gc,phases      ] GC(120)     Total                          Min: 11264, Avg: 12054.0, Max: 12992, Diff: 1728, Sum: 48216, Workers: 4
[387.139s][debug][gc,phases      ] GC(120)   ResolvedMethodTable Weak       Min:  0.0, Avg:  0.0, Max:  0.0, Diff:  0.0, Sum:  0.1, Workers: 4
[387.139s][debug][gc,phases      ] GC(120)     Dead                           Min: 0, Avg:  0.0, Max: 0, Diff: 0, Sum: 0, Workers: 4
[387.139s][debug][gc,phases      ] GC(120)     Total                          Min: 1920, Avg: 2084.5, Max: 2304, Diff: 384, Sum: 8338, Workers: 4
[387.139s][debug][gc,phases      ] GC(120)   JNI Weak                       Min:  0.0, Avg:  0.0, Max:  0.0, Diff:  0.0, Sum:  0.0, Workers: 4
[387.139s][debug][gc,phases      ] GC(120)     Dead                           Min: 0, Avg:  0.0, Max: 0, Diff: 0, Sum: 0, Workers: 4
[387.139s][debug][gc,phases      ] GC(120)     Total                          Min: 0, Avg:  0.0, Max: 0, Diff: 0, Sum: 0, Workers: 4
[387.139s][debug][gc,phases      ] GC(120)   StringDedup Table Weak         Min:  0.0, Avg:  0.0, Max:  0.0, Diff:  0.0, Sum:  0.0, Workers: 4
[387.139s][debug][gc,phases      ] GC(120)     Dead                           Min: 0, Avg:  0.0, Max: 0, Diff: 0, Sum: 0, Workers: 4
[387.139s][debug][gc,phases      ] GC(120)     Total                          Min: 0, Avg:  0.0, Max: 0, Diff: 0, Sum: 0, Workers: 4
[387.139s][debug][gc,phases      ] GC(120)   StringDedup Requests0 Weak     Min:  0.0, Avg:  0.0, Max:  0.0, Diff:  0.0, Sum:  0.0, Workers: 4
[387.139s][debug][gc,phases      ] GC(120)     Dead                           Min: 0, Avg:  0.0, Max: 0, Diff: 0, Sum: 0, Workers: 4
[387.139s][debug][gc,phases      ] GC(120)     Total                          Min: 0, Avg:  0.0, Max: 0, Diff: 0, Sum: 0, Workers: 4
[387.139s][debug][gc,phases      ] GC(120)   StringDedup Requests1 Weak     Min:  0.0, Avg:  0.0, Max:  0.0, Diff:  0.0, Sum:  0.0, Workers: 4
[387.139s][debug][gc,phases      ] GC(120)     Dead                           Min: 0, Avg:  0.0, Max: 0, Diff: 0, Sum: 0, Workers: 4
[387.139s][debug][gc,phases      ] GC(120)     Total                          Min: 0, Avg:  0.0, Max: 0, Diff: 0, Sum: 0, Workers: 4
[387.139s][debug][gc,phases      ] GC(120)   Weak JFR Old Object Samples    Min:  0.0, Avg:  0.0, Max:  0.0, Diff:  0.0, Sum:  0.0, Workers: 4
[387.140s][debug][gc,phases      ] GC(120)     Dead                           Min: 0, Avg:  0.0, Max: 0, Diff: 0, Sum: 0, Workers: 4
[387.140s][debug][gc,phases      ] GC(120)     Total                          Min: 0, Avg:  0.0, Max: 0, Diff: 0, Sum: 0, Workers: 4
[387.140s][debug][gc,phases      ] GC(120) Weak Processing 0.339ms
[387.140s][debug][gc,age         ] GC(120) Desired survivor size 236453888 bytes, new threshold 15 (max threshold 15)
[387.140s][info ][gc,heap        ] GC(120) PSYoungGen: 1785272K(1869824K)->154199K(1797120K) Eden: 1642496K(1642496K)->0K(1642496K) From: 142776K(227328K)->154199K(154624K)
[387.140s][info ][gc,heap        ] GC(120) ParOldGen: 429903K(487424K)->430135K(487424K)
[387.140s][info ][gc,metaspace   ] GC(120) Metaspace: 83911K(84800K)->83911K(84800K) NonClass: 72149K(72640K)->72149K(72640K) Class: 11761K(12160K)->11761K(12160K)
[387.140s][info ][gc             ] GC(120) Pause Young (Allocation Failure) 2163M->570M(2231M) 34.606ms
[387.140s][info ][gc,cpu         ] GC(120) User=0.13s Sys=0.00s Real=0.04s
[387.140s][info ][safepoint      ] Safepoint "ParallelGCFailedAllocation", Time since last: 773217064 ns, Reaching safepoint: 41001 ns, At safepoint: 34686417 ns, Total: 34727418 ns
[388.140s][info ][safepoint      ] Safepoint "Cleanup", Time since last: 1000095102 ns, Reaching safepoint: 57401 ns, At safepoint: 7200 ns, Total: 64601 ns
[389.140s][info ][safepoint      ] Safepoint "Cleanup", Time since last: 1000099901 ns, Reaching safepoint: 47501 ns, At safepoint: 3400 ns, Total: 50901 ns
[390.140s][info ][safepoint      ] Safepoint "Cleanup", Time since last: 1000097201 ns, Reaching safepoint: 47901 ns, At safepoint: 6400 ns, Total: 54301 ns
[391.140s][info ][safepoint      ] Safepoint "Cleanup", Time since last: 1000096301 ns, Reaching safepoint: 114802 ns, At safepoint: 7900 ns, Total: 122702 ns
[393.141s][info ][safepoint      ] Safepoint "Cleanup", Time since last: 2000169500 ns, Reaching safepoint: 90401 ns, At safepoint: 4300 ns, Total: 94701 ns
[395.141s][info ][safepoint      ] Safepoint "Cleanup", Time since last: 2000167298 ns, Reaching safepoint: 45701 ns, At safepoint: 2300 ns, Total: 48001 ns
[399.141s][info ][safepoint      ] Safepoint "Cleanup", Time since last: 4000298991 ns, Reaching safepoint: 52901 ns, At safepoint: 2600 ns, Total: 55501 ns
[400.141s][info ][safepoint      ] Safepoint "Cleanup", Time since last: 1000109998 ns, Reaching safepoint: 44101 ns, At safepoint: 2700 ns, Total: 46801 ns
[401.141s][info ][safepoint      ] Safepoint "Cleanup", Time since last: 1000105897 ns, Reaching safepoint: 53301 ns, At safepoint: 4900 ns, Total: 58201 ns
[403.142s][info ][safepoint      ] Safepoint "Cleanup", Time since last: 2000205192 ns, Reaching safepoint: 49701 ns, At safepoint: 7000 ns, Total: 56701 ns
[404.142s][info ][safepoint      ] Safepoint "Cleanup", Time since last: 1000109296 ns, Reaching safepoint: 52101 ns, At safepoint: 2300 ns, Total: 54401 ns
[408.142s][info ][safepoint      ] Safepoint "Cleanup", Time since last: 4000219177 ns, Reaching safepoint: 121102 ns, At safepoint: 12000 ns, Total: 133102 ns
[409.142s][info ][safepoint      ] Safepoint "Cleanup", Time since last: 1000100194 ns, Reaching safepoint: 127302 ns, At safepoint: 7300 ns, Total: 134602 ns
[413.143s][info ][safepoint      ] Safepoint "Cleanup", Time since last: 4000334371 ns, Reaching safepoint: 136103 ns, At safepoint: 5100 ns, Total: 141203 ns
[416.143s][info ][safepoint      ] Safepoint "Cleanup", Time since last: 3000247074 ns, Reaching safepoint: 117602 ns, At safepoint: 11401 ns, Total: 129003 ns
[424.144s][info ][safepoint      ] Safepoint "Cleanup", Time since last: 8000559514 ns, Reaching safepoint: 54301 ns, At safepoint: 10400 ns, Total: 64701 ns
[459.146s][info ][safepoint      ] Safepoint "Cleanup", Time since last: 35002306558 ns, Reaching safepoint: 56201 ns, At safepoint: 11000 ns, Total: 67201 ns
[469.147s][info ][safepoint      ] Safepoint "Cleanup", Time since last: 10000610640 ns, Reaching safepoint: 41101 ns, At safepoint: 3500 ns, Total: 44601 ns
[491.149s][info ][safepoint      ] Safepoint "Cleanup", Time since last: 22001523617 ns, Reaching safepoint: 44701 ns, At safepoint: 2600 ns, Total: 47301 ns
[541.279s][info ][gc,start       ] GC(121) Pause Young (Allocation Failure)
[541.301s][debug][gc,phases      ] GC(121) Scavenge 21.867ms
[541.301s][debug][gc,ref         ] GC(121) Skipped phase 1 of Reference Processing: no references
[541.301s][debug][gc,ref         ] GC(121) ReferenceProcessor::execute queues: 1, RefProcThreadModel::Single, marks_oops_alive: false
[541.301s][debug][gc,ref         ] GC(121) ReferenceProcessor::execute queues: 4, RefProcThreadModel::Multi, marks_oops_alive: true
[541.301s][debug][gc,ref         ] GC(121) ReferenceProcessor::execute queues: 1, RefProcThreadModel::Single, marks_oops_alive: false
[541.301s][debug][gc,phases      ] GC(121) Reference Processing 0.189ms
[541.302s][debug][gc,phases      ] GC(121)   VM Weak                        Min:  0.0, Avg:  0.0, Max:  0.0, Diff:  0.0, Sum:  0.0, Workers: 4
[541.302s][debug][gc,phases      ] GC(121)     Dead                           Min: 0, Avg:  0.0, Max: 0, Diff: 0, Sum: 0, Workers: 4
[541.302s][debug][gc,phases      ] GC(121)     Total                          Min: 0, Avg: 173.0, Max: 640, Diff: 640, Sum: 692, Workers: 4
[541.302s][debug][gc,phases      ] GC(121)   ObjectSynchronizer Weak        Min:  0.0, Avg:  0.0, Max:  0.0, Diff:  0.0, Sum:  0.0, Workers: 4
[541.302s][debug][gc,phases      ] GC(121)     Dead                           Min: 0, Avg:  0.2, Max: 1, Diff: 1, Sum: 1, Workers: 4
[541.302s][debug][gc,phases      ] GC(121)     Total                          Min: 0, Avg: 114.5, Max: 256, Diff: 256, Sum: 458, Workers: 4
[541.302s][debug][gc,phases      ] GC(121)   JVMTI Tag Weak OopStorage      Min:  0.0, Avg:  0.0, Max:  0.0, Diff:  0.0, Sum:  0.0, Workers: 4
[541.302s][debug][gc,phases      ] GC(121)     Dead                           Min: 0, Avg:  0.0, Max: 0, Diff: 0, Sum: 0, Workers: 4
[541.302s][debug][gc,phases      ] GC(121)     Total                          Min: 0, Avg:  0.0, Max: 0, Diff: 0, Sum: 0, Workers: 4
[541.302s][debug][gc,phases      ] GC(121)   StringTable Weak               Min:  0.1, Avg:  0.1, Max:  0.1, Diff:  0.0, Sum:  0.5, Workers: 4
[541.302s][debug][gc,phases      ] GC(121)     Dead                           Min: 0, Avg:  0.0, Max: 0, Diff: 0, Sum: 0, Workers: 4
[541.302s][debug][gc,phases      ] GC(121)     Total                          Min: 11264, Avg: 12061.8, Max: 12736, Diff: 1472, Sum: 48247, Workers: 4
[541.302s][debug][gc,phases      ] GC(121)   ResolvedMethodTable Weak       Min:  0.0, Avg:  0.0, Max:  0.0, Diff:  0.0, Sum:  0.1, Workers: 4
[541.302s][debug][gc,phases      ] GC(121)     Dead                           Min: 0, Avg:  0.0, Max: 0, Diff: 0, Sum: 0, Workers: 4
[541.302s][debug][gc,phases      ] GC(121)     Total                          Min: 1984, Avg: 2085.2, Max: 2304, Diff: 320, Sum: 8341, Workers: 4
[541.302s][debug][gc,phases      ] GC(121)   JNI Weak                       Min:  0.0, Avg:  0.0, Max:  0.0, Diff:  0.0, Sum:  0.0, Workers: 4
[541.302s][debug][gc,phases      ] GC(121)     Dead                           Min: 0, Avg:  0.0, Max: 0, Diff: 0, Sum: 0, Workers: 4
[541.302s][debug][gc,phases      ] GC(121)     Total                          Min: 0, Avg:  0.0, Max: 0, Diff: 0, Sum: 0, Workers: 4
[541.302s][debug][gc,phases      ] GC(121)   StringDedup Table Weak         Min:  0.0, Avg:  0.0, Max:  0.0, Diff:  0.0, Sum:  0.0, Workers: 4
[541.302s][debug][gc,phases      ] GC(121)     Dead                           Min: 0, Avg:  0.0, Max: 0, Diff: 0, Sum: 0, Workers: 4
[541.302s][debug][gc,phases      ] GC(121)     Total                          Min: 0, Avg:  0.0, Max: 0, Diff: 0, Sum: 0, Workers: 4
[541.302s][debug][gc,phases      ] GC(121)   StringDedup Requests0 Weak     Min:  0.0, Avg:  0.0, Max:  0.0, Diff:  0.0, Sum:  0.0, Workers: 4
[541.302s][debug][gc,phases      ] GC(121)     Dead                           Min: 0, Avg:  0.0, Max: 0, Diff: 0, Sum: 0, Workers: 4
[541.302s][debug][gc,phases      ] GC(121)     Total                          Min: 0, Avg:  0.0, Max: 0, Diff: 0, Sum: 0, Workers: 4
[541.302s][debug][gc,phases      ] GC(121)   StringDedup Requests1 Weak     Min:  0.0, Avg:  0.0, Max:  0.0, Diff:  0.0, Sum:  0.0, Workers: 4
[541.302s][debug][gc,phases      ] GC(121)     Dead                           Min: 0, Avg:  0.0, Max: 0, Diff: 0, Sum: 0, Workers: 4
[541.302s][debug][gc,phases      ] GC(121)     Total                          Min: 0, Avg:  0.0, Max: 0, Diff: 0, Sum: 0, Workers: 4
[541.302s][debug][gc,phases      ] GC(121)   Weak JFR Old Object Samples    Min:  0.0, Avg:  0.0, Max:  0.0, Diff:  0.0, Sum:  0.0, Workers: 4
[541.302s][debug][gc,phases      ] GC(121)     Dead                           Min: 0, Avg:  0.0, Max: 0, Diff: 0, Sum: 0, Workers: 4
[541.302s][debug][gc,phases      ] GC(121)     Total                          Min: 0, Avg:  0.0, Max: 0, Diff: 0, Sum: 0, Workers: 4
[541.302s][debug][gc,phases      ] GC(121) Weak Processing 0.330ms
[541.302s][debug][gc,age         ] GC(121) Desired survivor size 229113856 bytes, new threshold 15 (max threshold 15)
[541.302s][info ][gc,heap        ] GC(121) PSYoungGen: 1796695K(1797120K)->94113K(1873408K) Eden: 1642496K(1642496K)->0K(1642496K) From: 154199K(154624K)->94113K(230912K)
[541.302s][info ][gc,heap        ] GC(121) ParOldGen: 430135K(487424K)->430715K(487424K)
[541.302s][info ][gc,metaspace   ] GC(121) Metaspace: 83978K(84864K)->83978K(84864K) NonClass: 72212K(72704K)->72212K(72704K) Class: 11766K(12160K)->11766K(12160K)
[541.302s][info ][gc             ] GC(121) Pause Young (Allocation Failure) 2174M->512M(2305M) 22.524ms
[541.302s][info ][gc,cpu         ] GC(121) User=0.09s Sys=0.00s Real=0.02s
[541.302s][info ][safepoint      ] Safepoint "ParallelGCFailedAllocation", Time since last: 50130644354 ns, Reaching safepoint: 53801 ns, At safepoint: 22603101 ns, Total: 22656902 ns
[589.305s][info ][safepoint      ] Safepoint "Cleanup", Time since last: 48003243611 ns, Reaching safepoint: 50401 ns, At safepoint: 3000 ns, Total: 53401 ns
[601.306s][info ][safepoint      ] Safepoint "Cleanup", Time since last: 12000818233 ns, Reaching safepoint: 49101 ns, At safepoint: 3000 ns, Total: 52101 ns
[633.308s][info ][safepoint      ] Safepoint "Cleanup", Time since last: 32002233680 ns, Reaching safepoint: 40401 ns, At safepoint: 2900 ns, Total: 43301 ns
[705.313s][info ][safepoint      ] Safepoint "Cleanup", Time since last: 72005087444 ns, Reaching safepoint: 38501 ns, At safepoint: 2600 ns, Total: 41101 ns
[751.302s][info ][gc,heap,exit   ] Heap
[751.302s][info ][gc,heap,exit   ]  PSYoungGen      total 1873408K, used 436935K [0x0000000780000000, 0x0000000800000000, 0x0000000800000000)
[751.302s][info ][gc,heap,exit   ]   eden space 1642496K, 20% used [0x0000000780000000,0x0000000794ec9978,0x00000007e4400000)
[751.302s][info ][gc,heap,exit   ]   from space 230912K, 40% used [0x00000007f1e80000,0x00000007f7a68508,0x0000000800000000)
[751.302s][info ][gc,heap,exit   ]   to   space 223744K, 0% used [0x00000007e4400000,0x00000007e4400000,0x00000007f1e80000)
[751.302s][info ][gc,heap,exit   ]  ParOldGen       total 487424K, used 430715K [0x0000000740000000, 0x000000075dc00000, 0x0000000780000000)
[751.302s][info ][gc,heap,exit   ]   object space 487424K, 88% used [0x0000000740000000,0x000000075a49ef08,0x000000075dc00000)
[751.302s][info ][gc,heap,exit   ]  Metaspace       used 84025K, committed 84864K, reserved 1122304K
[751.302s][info ][gc,heap,exit   ]   class space    used 11771K, committed 12160K, reserved 1048576K
