[0.003s][info][gc] Using Parallel
[0.004s][info][gc,init] Version: 17.0.2+8-LTS (release)
[0.004s][info][gc,init] CPUs: 8 total, 8 available
[0.004s][info][gc,init] Memory: 32112M
[0.004s][info][gc,init] Large Page Support: Disabled
[0.004s][info][gc,init] NUMA Support: Disabled
[0.004s][info][gc,init] Compressed Oops: Enabled (Zero based)
[0.004s][info][gc,init] Alignments: Space 512K, Generation 512K, Heap 2M
[0.004s][info][gc,init] Heap Min Capacity: 2054M
[0.004s][info][gc,init] Heap Initial Capacity: 2054M
[0.004s][info][gc,init] Heap Max Capacity: 3G
[0.004s][info][gc,init] Pre-touch: Disabled
[0.004s][info][gc,init] Parallel Workers: 4
[0.004s][info][gc,metaspace] CDS archive(s) not mapped
[0.004s][info][gc,metaspace] Compressed class space mapped at: 0x0000000800000000-0x0000000840000000, reserved size: 1073741824
[0.004s][info][gc,metaspace] Narrow klass base: 0x0000000800000000, Narrow klass shift: 0, Narrow klass range: 0x40000000
[0.760s][info][safepoint   ] Safepoint "ICBufferFull", Time since last: 738062066 ns, Reaching safepoint: 215505 ns, At safepoint: 14700 ns, Total: 230205 ns
[1.031s][info][safepoint   ] Safepoint "ICBufferFull", Time since last: 270639782 ns, Reaching safepoint: 278606 ns, At safepoint: 7400 ns, Total: 286006 ns
[1.211s][info][gc,start    ] GC(0) Pause Young (Metadata GC Threshold)
[1.222s][debug][gc,phases   ] GC(0) Scavenge 10.282ms
[1.222s][debug][gc,ref      ] GC(0) Skipped phase 1 of Reference Processing: no references
[1.223s][debug][gc,ref      ] GC(0) ReferenceProcessor::execute queues: 1, RefProcThreadModel::Single, marks_oops_alive: false
[1.223s][debug][gc,ref      ] GC(0) Skipped phase 3 of Reference Processing: no references
[1.223s][debug][gc,ref      ] GC(0) ReferenceProcessor::execute queues: 1, RefProcThreadModel::Single, marks_oops_alive: false
[1.223s][debug][gc,phases   ] GC(0) Reference Processing 0.201ms
[1.223s][debug][gc,phases   ] GC(0)   VM Weak                        Min:  0.0, Avg:  0.0, Max:  0.0, Diff:  0.0, Sum:  0.0, Workers: 4
[1.223s][debug][gc,phases   ] GC(0)     Dead                           Min: 0, Avg:  0.0, Max: 0, Diff: 0, Sum: 0, Workers: 4
[1.223s][debug][gc,phases   ] GC(0)     Total                          Min: 0, Avg: 31.8, Max: 64, Diff: 64, Sum: 127, Workers: 4
[1.223s][debug][gc,phases   ] GC(0)   ObjectSynchronizer Weak        Min:  0.0, Avg:  0.0, Max:  0.0, Diff:  0.0, Sum:  0.0, Workers: 4
[1.223s][debug][gc,phases   ] GC(0)     Dead                           Min: 0, Avg:  0.2, Max: 1, Diff: 1, Sum: 1, Workers: 4
[1.223s][debug][gc,phases   ] GC(0)     Total                          Min: 0, Avg:  2.2, Max: 9, Diff: 9, Sum: 9, Workers: 4
[1.223s][debug][gc,phases   ] GC(0)   JVMTI Tag Weak OopStorage      Min:  0.0, Avg:  0.0, Max:  0.0, Diff:  0.0, Sum:  0.0, Workers: 4
[1.223s][debug][gc,phases   ] GC(0)     Dead                           Min: 0, Avg:  0.0, Max: 0, Diff: 0, Sum: 0, Workers: 4
[1.223s][debug][gc,phases   ] GC(0)     Total                          Min: 0, Avg:  0.0, Max: 0, Diff: 0, Sum: 0, Workers: 4
[1.223s][debug][gc,phases   ] GC(0)   StringTable Weak               Min:  0.1, Avg:  0.1, Max:  0.1, Diff:  0.0, Sum:  0.4, Workers: 4
[1.223s][debug][gc,phases   ] GC(0)     Dead                           Min: 2, Avg:  7.5, Max: 17, Diff: 15, Sum: 30, Workers: 4
[1.223s][debug][gc,phases   ] GC(0)     Total                          Min: 2432, Avg: 2866.0, Max: 3272, Diff: 840, Sum: 11464, Workers: 4
[1.223s][debug][gc,phases   ] GC(0)   ResolvedMethodTable Weak       Min:  0.0, Avg:  0.0, Max:  0.0, Diff:  0.0, Sum:  0.0, Workers: 4
[1.223s][debug][gc,phases   ] GC(0)     Dead                           Min: 1, Avg:  6.8, Max: 15, Diff: 14, Sum: 27, Workers: 4
[1.223s][debug][gc,phases   ] GC(0)     Total                          Min: 64, Avg: 157.2, Max: 245, Diff: 181, Sum: 629, Workers: 4
[1.223s][debug][gc,phases   ] GC(0)   JNI Weak                       Min:  0.0, Avg:  0.0, Max:  0.0, Diff:  0.0, Sum:  0.0, Workers: 4
[1.223s][debug][gc,phases   ] GC(0)     Dead                           Min: 0, Avg:  0.0, Max: 0, Diff: 0, Sum: 0, Workers: 4
[1.223s][debug][gc,phases   ] GC(0)     Total                          Min: 0, Avg:  0.0, Max: 0, Diff: 0, Sum: 0, Workers: 4
[1.223s][debug][gc,phases   ] GC(0)   StringDedup Table Weak         Min:  0.0, Avg:  0.0, Max:  0.0, Diff:  0.0, Sum:  0.0, Workers: 4
[1.223s][debug][gc,phases   ] GC(0)     Dead                           Min: 0, Avg:  0.0, Max: 0, Diff: 0, Sum: 0, Workers: 4
[1.223s][debug][gc,phases   ] GC(0)     Total                          Min: 0, Avg:  0.0, Max: 0, Diff: 0, Sum: 0, Workers: 4
[1.223s][debug][gc,phases   ] GC(0)   StringDedup Requests0 Weak     Min:  0.0, Avg:  0.0, Max:  0.0, Diff:  0.0, Sum:  0.0, Workers: 4
[1.223s][debug][gc,phases   ] GC(0)     Dead                           Min: 0, Avg:  0.0, Max: 0, Diff: 0, Sum: 0, Workers: 4
[1.223s][debug][gc,phases   ] GC(0)     Total                          Min: 0, Avg:  0.0, Max: 0, Diff: 0, Sum: 0, Workers: 4
[1.223s][debug][gc,phases   ] GC(0)   StringDedup Requests1 Weak     Min:  0.0, Avg:  0.0, Max:  0.0, Diff:  0.0, Sum:  0.0, Workers: 4
[1.223s][debug][gc,phases   ] GC(0)     Dead                           Min: 0, Avg:  0.0, Max: 0, Diff: 0, Sum: 0, Workers: 4
[1.223s][debug][gc,phases   ] GC(0)     Total                          Min: 0, Avg:  0.0, Max: 0, Diff: 0, Sum: 0, Workers: 4
[1.223s][debug][gc,phases   ] GC(0)   Weak JFR Old Object Samples    Min:  0.0, Avg:  0.0, Max:  0.0, Diff:  0.0, Sum:  0.0, Workers: 4
[1.223s][debug][gc,phases   ] GC(0)     Dead                           Min: 0, Avg:  0.0, Max: 0, Diff: 0, Sum: 0, Workers: 4
[1.223s][debug][gc,phases   ] GC(0)     Total                          Min: 0, Avg:  0.0, Max: 0, Diff: 0, Sum: 0, Workers: 4
[1.223s][debug][gc,phases   ] GC(0) Weak Processing 0.303ms
[1.223s][debug][gc,age      ] GC(0) Desired survivor size 536870912 bytes, new threshold 7 (max threshold 15)
[1.223s][info ][gc,heap     ] GC(0) PSYoungGen: 316470K(1572864K)->16929K(1572864K) Eden: 316470K(1048576K)->0K(1048576K) From: 0K(524288K)->16929K(524288K)
[1.223s][info ][gc,heap     ] GC(0) ParOldGen: 0K(6144K)->88K(6144K)
[1.223s][info ][gc,metaspace] GC(0) Metaspace: 21305K(21504K)->21305K(21504K) NonClass: 18813K(18880K)->18813K(18880K) Class: 2491K(2624K)->2491K(2624K)
[1.223s][info ][gc          ] GC(0) Pause Young (Metadata GC Threshold) 309M->16M(1542M) 12.159ms
[1.223s][info ][gc,cpu      ] GC(0) User=0.03s Sys=0.01s Real=0.01s
[1.223s][debug][gc,phases   ] GC(1) Pre Compact 0.012ms
[1.223s][info ][gc,start    ] GC(1) Pause Full (Metadata GC Threshold)
[1.223s][info ][gc,phases,start] GC(1) Marking Phase
[1.230s][debug][gc,phases      ] GC(1) Par Mark 6.405ms
[1.230s][debug][gc,ref         ] GC(1) Skipped phase 1 of Reference Processing: no references
[1.230s][debug][gc,ref         ] GC(1) ReferenceProcessor::execute queues: 1, RefProcThreadModel::Single, marks_oops_alive: false
[1.230s][debug][gc,ref         ] GC(1) Skipped phase 3 of Reference Processing: no references
[1.230s][debug][gc,ref         ] GC(1) ReferenceProcessor::execute queues: 1, RefProcThreadModel::Single, marks_oops_alive: false
[1.230s][debug][gc,phases      ] GC(1) Reference Processing 0.077ms
[1.230s][debug][gc,phases      ] GC(1)   VM Weak                        Min:  0.0, Avg:  0.0, Max:  0.0, Diff:  0.0, Sum:  0.0, Workers: 4
[1.230s][debug][gc,phases      ] GC(1)     Dead                           Min: 0, Avg:  0.0, Max: 0, Diff: 0, Sum: 0, Workers: 4
[1.230s][debug][gc,phases      ] GC(1)     Total                          Min: 0, Avg: 31.8, Max: 64, Diff: 64, Sum: 127, Workers: 4
[1.230s][debug][gc,phases      ] GC(1)   ObjectSynchronizer Weak        Min:  0.0, Avg:  0.0, Max:  0.0, Diff:  0.0, Sum:  0.0, Workers: 4
[1.230s][debug][gc,phases      ] GC(1)     Dead                           Min: 0, Avg:  0.0, Max: 0, Diff: 0, Sum: 0, Workers: 4
[1.230s][debug][gc,phases      ] GC(1)     Total                          Min: 0, Avg:  2.2, Max: 9, Diff: 9, Sum: 9, Workers: 4
[1.230s][debug][gc,phases      ] GC(1)   JVMTI Tag Weak OopStorage      Min:  0.0, Avg:  0.0, Max:  0.0, Diff:  0.0, Sum:  0.0, Workers: 4
[1.230s][debug][gc,phases      ] GC(1)     Dead                           Min: 0, Avg:  0.0, Max: 0, Diff: 0, Sum: 0, Workers: 4
[1.230s][debug][gc,phases      ] GC(1)     Total                          Min: 0, Avg:  0.0, Max: 0, Diff: 0, Sum: 0, Workers: 4
[1.230s][debug][gc,phases      ] GC(1)   StringTable Weak               Min:  0.0, Avg:  0.0, Max:  0.1, Diff:  0.0, Sum:  0.2, Workers: 4
[1.230s][debug][gc,phases      ] GC(1)     Dead                           Min: 0, Avg:  0.0, Max: 0, Diff: 0, Sum: 0, Workers: 4
[1.230s][debug][gc,phases      ] GC(1)     Total                          Min: 2048, Avg: 2866.0, Max: 3584, Diff: 1536, Sum: 11464, Workers: 4
[1.230s][debug][gc,phases      ] GC(1)   ResolvedMethodTable Weak       Min:  0.0, Avg:  0.0, Max:  0.0, Diff:  0.0, Sum:  0.0, Workers: 4
[1.230s][debug][gc,phases      ] GC(1)     Dead                           Min: 0, Avg:  0.0, Max: 0, Diff: 0, Sum: 0, Workers: 4
[1.230s][debug][gc,phases      ] GC(1)     Total                          Min: 128, Avg: 157.2, Max: 192, Diff: 64, Sum: 629, Workers: 4
[1.230s][debug][gc,phases      ] GC(1)   JNI Weak                       Min:  0.0, Avg:  0.0, Max:  0.0, Diff:  0.0, Sum:  0.0, Workers: 4
[1.230s][debug][gc,phases      ] GC(1)     Dead                           Min: 0, Avg:  0.0, Max: 0, Diff: 0, Sum: 0, Workers: 4
[1.230s][debug][gc,phases      ] GC(1)     Total                          Min: 0, Avg:  0.0, Max: 0, Diff: 0, Sum: 0, Workers: 4
[1.230s][debug][gc,phases      ] GC(1)   StringDedup Table Weak         Min:  0.0, Avg:  0.0, Max:  0.0, Diff:  0.0, Sum:  0.0, Workers: 4
[1.230s][debug][gc,phases      ] GC(1)     Dead                           Min: 0, Avg:  0.0, Max: 0, Diff: 0, Sum: 0, Workers: 4
[1.230s][debug][gc,phases      ] GC(1)     Total                          Min: 0, Avg:  0.0, Max: 0, Diff: 0, Sum: 0, Workers: 4
[1.230s][debug][gc,phases      ] GC(1)   StringDedup Requests0 Weak     Min:  0.0, Avg:  0.0, Max:  0.0, Diff:  0.0, Sum:  0.0, Workers: 4
[1.230s][debug][gc,phases      ] GC(1)     Dead                           Min: 0, Avg:  0.0, Max: 0, Diff: 0, Sum: 0, Workers: 4
[1.230s][debug][gc,phases      ] GC(1)     Total                          Min: 0, Avg:  0.0, Max: 0, Diff: 0, Sum: 0, Workers: 4
[1.230s][debug][gc,phases      ] GC(1)   StringDedup Requests1 Weak     Min:  0.0, Avg:  0.0, Max:  0.0, Diff:  0.0, Sum:  0.0, Workers: 4
[1.230s][debug][gc,phases      ] GC(1)     Dead                           Min: 0, Avg:  0.0, Max: 0, Diff: 0, Sum: 0, Workers: 4
[1.230s][debug][gc,phases      ] GC(1)     Total                          Min: 0, Avg:  0.0, Max: 0, Diff: 0, Sum: 0, Workers: 4
[1.230s][debug][gc,phases      ] GC(1)   Weak JFR Old Object Samples    Min:  0.0, Avg:  0.0, Max:  0.0, Diff:  0.0, Sum:  0.0, Workers: 4
[1.230s][debug][gc,phases      ] GC(1)     Dead                           Min: 0, Avg:  0.0, Max: 0, Diff: 0, Sum: 0, Workers: 4
[1.230s][debug][gc,phases      ] GC(1)     Total                          Min: 0, Avg:  0.0, Max: 0, Diff: 0, Sum: 0, Workers: 4
[1.230s][debug][gc,phases      ] GC(1) Weak Processing 0.302ms
[1.230s][debug][gc,phases      ] GC(1) ClassLoaderData 0.018ms
[1.230s][debug][gc,phases      ] GC(1) Trigger cleanups 0.000ms
[1.233s][debug][gc,phases      ] GC(1) Class Unloading 2.902ms
[1.233s][info ][gc,phases      ] GC(1) Marking Phase 9.810ms
[1.233s][info ][gc,phases,start] GC(1) Summary Phase
[1.233s][info ][gc,phases      ] GC(1) Summary Phase 0.008ms
[1.233s][info ][gc,phases,start] GC(1) Adjust Roots
[1.237s][info ][gc,phases      ] GC(1) Adjust Roots 4.503ms
[1.237s][info ][gc,phases,start] GC(1) Compaction Phase
[1.250s][info ][gc,phases      ] GC(1) Compaction Phase 12.096ms
[1.250s][info ][gc,phases,start] GC(1) Post Compact
[1.250s][info ][gc,phases      ] GC(1) Post Compact 0.627ms
[1.250s][info ][gc,heap        ] GC(1) PSYoungGen: 16929K(1572864K)->11224K(1572864K) Eden: 0K(1048576K)->0K(1048576K) From: 16929K(524288K)->11224K(524288K)
[1.250s][info ][gc,heap        ] GC(1) ParOldGen: 88K(6144K)->5676K(6144K)
[1.250s][info ][gc,metaspace   ] GC(1) Metaspace: 21305K(21504K)->21305K(21504K) NonClass: 18813K(18880K)->18813K(18880K) Class: 2491K(2624K)->2491K(2624K)
[1.250s][info ][gc             ] GC(1) Pause Full (Metadata GC Threshold) 16M->16M(1542M) 27.199ms
[1.250s][info ][gc,cpu         ] GC(1) User=0.08s Sys=0.00s Real=0.03s
[1.250s][info ][safepoint      ] Safepoint "CollectForMetadataAllocation", Time since last: 179714639 ns, Reaching safepoint: 148103 ns, At safepoint: 39482743 ns, Total: 39630846 ns
[1.654s][info ][safepoint      ] Safepoint "ICBufferFull", Time since last: 403501720 ns, Reaching safepoint: 107302 ns, At safepoint: 7501 ns, Total: 114803 ns
[1.665s][info ][safepoint      ] Safepoint "ICBufferFull", Time since last: 10992934 ns, Reaching safepoint: 51901 ns, At safepoint: 6201 ns, Total: 58102 ns
[1.670s][info ][safepoint      ] Safepoint "ICBufferFull", Time since last: 5012607 ns, Reaching safepoint: 59001 ns, At safepoint: 4600 ns, Total: 63601 ns
[1.681s][info ][safepoint      ] Safepoint "ICBufferFull", Time since last: 11318042 ns, Reaching safepoint: 70101 ns, At safepoint: 9301 ns, Total: 79402 ns
[1.685s][info ][safepoint      ] Safepoint "ICBufferFull", Time since last: 3221668 ns, Reaching safepoint: 67002 ns, At safepoint: 2300 ns, Total: 69302 ns
[1.689s][info ][safepoint      ] Safepoint "ICBufferFull", Time since last: 4036586 ns, Reaching safepoint: 65401 ns, At safepoint: 6501 ns, Total: 71902 ns
[1.692s][info ][safepoint      ] Safepoint "ICBufferFull", Time since last: 3275870 ns, Reaching safepoint: 56301 ns, At safepoint: 1800 ns, Total: 58101 ns
[1.695s][info ][safepoint      ] Safepoint "ICBufferFull", Time since last: 2857561 ns, Reaching safepoint: 45901 ns, At safepoint: 5100 ns, Total: 51001 ns
[1.698s][info ][safepoint      ] Safepoint "ICBufferFull", Time since last: 2668157 ns, Reaching safepoint: 33001 ns, At safepoint: 1700 ns, Total: 34701 ns
[1.704s][info ][safepoint      ] Safepoint "ICBufferFull", Time since last: 6399936 ns, Reaching safepoint: 44101 ns, At safepoint: 1400 ns, Total: 45501 ns
[1.706s][info ][safepoint      ] Safepoint "ICBufferFull", Time since last: 1583034 ns, Reaching safepoint: 44001 ns, At safepoint: 6000 ns, Total: 50001 ns
[1.706s][info ][safepoint      ] Safepoint "ICBufferFull", Time since last: 543412 ns, Reaching safepoint: 26500 ns, At safepoint: 4601 ns, Total: 31101 ns
[1.761s][info ][safepoint      ] Safepoint "ICBufferFull", Time since last: 54860371 ns, Reaching safepoint: 102403 ns, At safepoint: 6500 ns, Total: 108903 ns
[1.774s][info ][safepoint      ] Safepoint "ICBufferFull", Time since last: 12820674 ns, Reaching safepoint: 66901 ns, At safepoint: 2300 ns, Total: 69201 ns
[1.775s][info ][safepoint      ] Safepoint "ICBufferFull", Time since last: 1107524 ns, Reaching safepoint: 33401 ns, At safepoint: 1400 ns, Total: 34801 ns
[1.777s][info ][safepoint      ] Safepoint "ICBufferFull", Time since last: 1125624 ns, Reaching safepoint: 20900 ns, At safepoint: 1400 ns, Total: 22300 ns
[1.777s][info ][safepoint      ] Safepoint "ICBufferFull", Time since last: 841018 ns, Reaching safepoint: 43201 ns, At safepoint: 6300 ns, Total: 49501 ns
[1.779s][info ][safepoint      ] Safepoint "ICBufferFull", Time since last: 1093723 ns, Reaching safepoint: 44201 ns, At safepoint: 2200 ns, Total: 46401 ns
[1.780s][info ][safepoint      ] Safepoint "ICBufferFull", Time since last: 996622 ns, Reaching safepoint: 29400 ns, At safepoint: 1400 ns, Total: 30800 ns
[1.781s][info ][safepoint      ] Safepoint "ICBufferFull", Time since last: 1048423 ns, Reaching safepoint: 30500 ns, At safepoint: 8501 ns, Total: 39001 ns
[1.782s][info ][safepoint      ] Safepoint "ICBufferFull", Time since last: 752916 ns, Reaching safepoint: 23500 ns, At safepoint: 1000 ns, Total: 24500 ns
[1.783s][info ][safepoint      ] Safepoint "ICBufferFull", Time since last: 993021 ns, Reaching safepoint: 26801 ns, At safepoint: 8600 ns, Total: 35401 ns
[1.783s][info ][safepoint      ] Safepoint "ICBufferFull", Time since last: 782517 ns, Reaching safepoint: 25200 ns, At safepoint: 1400 ns, Total: 26600 ns
[1.785s][info ][safepoint      ] Safepoint "ICBufferFull", Time since last: 1394730 ns, Reaching safepoint: 29401 ns, At safepoint: 1100 ns, Total: 30501 ns
[1.785s][info ][safepoint      ] Safepoint "ICBufferFull", Time since last: 495511 ns, Reaching safepoint: 48701 ns, At safepoint: 5600 ns, Total: 54301 ns
[1.787s][info ][safepoint      ] Safepoint "ICBufferFull", Time since last: 1584634 ns, Reaching safepoint: 29700 ns, At safepoint: 1600 ns, Total: 31300 ns
[1.789s][info ][safepoint      ] Safepoint "ICBufferFull", Time since last: 2341050 ns, Reaching safepoint: 38301 ns, At safepoint: 3800 ns, Total: 42101 ns
[1.791s][info ][safepoint      ] Safepoint "ICBufferFull", Time since last: 1546533 ns, Reaching safepoint: 46901 ns, At safepoint: 1500 ns, Total: 48401 ns
[1.798s][info ][safepoint      ] Safepoint "ICBufferFull", Time since last: 7094752 ns, Reaching safepoint: 136103 ns, At safepoint: 8400 ns, Total: 144503 ns
[1.807s][info ][safepoint      ] Safepoint "ICBufferFull", Time since last: 9218997 ns, Reaching safepoint: 58401 ns, At safepoint: 1700 ns, Total: 60101 ns
[1.823s][info ][safepoint      ] Safepoint "ICBufferFull", Time since last: 15517432 ns, Reaching safepoint: 43500 ns, At safepoint: 2701 ns, Total: 46201 ns
[1.867s][info ][safepoint      ] Safepoint "ICBufferFull", Time since last: 43570230 ns, Reaching safepoint: 154404 ns, At safepoint: 9000 ns, Total: 163404 ns
[1.867s][info ][safepoint      ] Safepoint "ICBufferFull", Time since last: 603013 ns, Reaching safepoint: 99202 ns, At safepoint: 7700 ns, Total: 106902 ns
[1.873s][info ][safepoint      ] Safepoint "ICBufferFull", Time since last: 5068308 ns, Reaching safepoint: 119603 ns, At safepoint: 9600 ns, Total: 129203 ns
[1.874s][info ][safepoint      ] Safepoint "ICBufferFull", Time since last: 1164325 ns, Reaching safepoint: 22800 ns, At safepoint: 1300 ns, Total: 24100 ns
[1.916s][info ][safepoint      ] Safepoint "ICBufferFull", Time since last: 42165101 ns, Reaching safepoint: 95102 ns, At safepoint: 2600 ns, Total: 97702 ns
[1.919s][info ][safepoint      ] Safepoint "ICBufferFull", Time since last: 2898062 ns, Reaching safepoint: 40901 ns, At safepoint: 1600 ns, Total: 42501 ns
[1.921s][info ][safepoint      ] Safepoint "ICBufferFull", Time since last: 1507532 ns, Reaching safepoint: 20101 ns, At safepoint: 1400 ns, Total: 21501 ns
[1.922s][info ][safepoint      ] Safepoint "ICBufferFull", Time since last: 1526132 ns, Reaching safepoint: 90602 ns, At safepoint: 5400 ns, Total: 96002 ns
[1.924s][info ][safepoint      ] Safepoint "ICBufferFull", Time since last: 1658536 ns, Reaching safepoint: 20500 ns, At safepoint: 5600 ns, Total: 26100 ns
[1.926s][info ][safepoint      ] Safepoint "ICBufferFull", Time since last: 1768338 ns, Reaching safepoint: 36301 ns, At safepoint: 1300 ns, Total: 37601 ns
[1.927s][info ][safepoint      ] Safepoint "ICBufferFull", Time since last: 831418 ns, Reaching safepoint: 32800 ns, At safepoint: 2100 ns, Total: 34900 ns
[1.927s][info ][safepoint      ] Safepoint "ICBufferFull", Time since last: 494211 ns, Reaching safepoint: 20500 ns, At safepoint: 1500 ns, Total: 22000 ns
[1.928s][info ][safepoint      ] Safepoint "ICBufferFull", Time since last: 876919 ns, Reaching safepoint: 20801 ns, At safepoint: 1300 ns, Total: 22101 ns
[1.930s][info ][safepoint      ] Safepoint "ICBufferFull", Time since last: 1803238 ns, Reaching safepoint: 25901 ns, At safepoint: 1900 ns, Total: 27801 ns
[1.931s][info ][safepoint      ] Safepoint "ICBufferFull", Time since last: 917019 ns, Reaching safepoint: 35901 ns, At safepoint: 5300 ns, Total: 41201 ns
[1.932s][info ][safepoint      ] Safepoint "ICBufferFull", Time since last: 805117 ns, Reaching safepoint: 21701 ns, At safepoint: 5100 ns, Total: 26801 ns
[1.932s][info ][safepoint      ] Safepoint "ICBufferFull", Time since last: 668814 ns, Reaching safepoint: 21101 ns, At safepoint: 4800 ns, Total: 25901 ns
[1.935s][info ][safepoint      ] Safepoint "ICBufferFull", Time since last: 2284749 ns, Reaching safepoint: 49001 ns, At safepoint: 3300 ns, Total: 52301 ns
[1.935s][info ][safepoint      ] Safepoint "ICBufferFull", Time since last: 553512 ns, Reaching safepoint: 25700 ns, At safepoint: 7300 ns, Total: 33000 ns
[1.937s][info ][safepoint      ] Safepoint "ICBufferFull", Time since last: 1977542 ns, Reaching safepoint: 41701 ns, At safepoint: 1800 ns, Total: 43501 ns
[1.938s][info ][safepoint      ] Safepoint "ICBufferFull", Time since last: 1223327 ns, Reaching safepoint: 36500 ns, At safepoint: 1000 ns, Total: 37500 ns
[1.940s][info ][safepoint      ] Safepoint "ICBufferFull", Time since last: 1529333 ns, Reaching safepoint: 25801 ns, At safepoint: 1400 ns, Total: 27201 ns
[1.944s][info ][safepoint      ] Safepoint "ICBufferFull", Time since last: 3456273 ns, Reaching safepoint: 34901 ns, At safepoint: 1500 ns, Total: 36401 ns
[1.947s][info ][safepoint      ] Safepoint "ICBufferFull", Time since last: 3797781 ns, Reaching safepoint: 67702 ns, At safepoint: 3700 ns, Total: 71402 ns
[1.952s][info ][safepoint      ] Safepoint "ICBufferFull", Time since last: 4516896 ns, Reaching safepoint: 46201 ns, At safepoint: 2200 ns, Total: 48401 ns
[1.953s][info ][safepoint      ] Safepoint "ICBufferFull", Time since last: 1375730 ns, Reaching safepoint: 29700 ns, At safepoint: 3900 ns, Total: 33600 ns
[1.956s][info ][safepoint      ] Safepoint "ICBufferFull", Time since last: 2420852 ns, Reaching safepoint: 35801 ns, At safepoint: 1700 ns, Total: 37501 ns
[1.958s][info ][safepoint      ] Safepoint "ICBufferFull", Time since last: 1803439 ns, Reaching safepoint: 41100 ns, At safepoint: 2800 ns, Total: 43900 ns
[1.959s][info ][safepoint      ] Safepoint "ICBufferFull", Time since last: 1391830 ns, Reaching safepoint: 29401 ns, At safepoint: 7900 ns, Total: 37301 ns
[1.961s][info ][safepoint      ] Safepoint "ICBufferFull", Time since last: 1652735 ns, Reaching safepoint: 37801 ns, At safepoint: 3800 ns, Total: 41601 ns
[1.962s][info ][safepoint      ] Safepoint "ICBufferFull", Time since last: 1437431 ns, Reaching safepoint: 25200 ns, At safepoint: 1200 ns, Total: 26400 ns
[1.964s][info ][safepoint      ] Safepoint "ICBufferFull", Time since last: 1429331 ns, Reaching safepoint: 22900 ns, At safepoint: 5201 ns, Total: 28101 ns
[1.966s][info ][safepoint      ] Safepoint "ICBufferFull", Time since last: 2591255 ns, Reaching safepoint: 32301 ns, At safepoint: 1900 ns, Total: 34201 ns
[1.968s][info ][safepoint      ] Safepoint "ICBufferFull", Time since last: 1572233 ns, Reaching safepoint: 41401 ns, At safepoint: 1400 ns, Total: 42801 ns
[1.969s][info ][safepoint      ] Safepoint "ICBufferFull", Time since last: 1366129 ns, Reaching safepoint: 32901 ns, At safepoint: 1200 ns, Total: 34101 ns
[1.971s][info ][safepoint      ] Safepoint "ICBufferFull", Time since last: 1375529 ns, Reaching safepoint: 35001 ns, At safepoint: 1300 ns, Total: 36301 ns
[1.973s][info ][safepoint      ] Safepoint "ICBufferFull", Time since last: 1803339 ns, Reaching safepoint: 30400 ns, At safepoint: 4201 ns, Total: 34601 ns
[1.974s][info ][safepoint      ] Safepoint "ICBufferFull", Time since last: 1730336 ns, Reaching safepoint: 40501 ns, At safepoint: 5000 ns, Total: 45501 ns
[1.976s][info ][safepoint      ] Safepoint "ICBufferFull", Time since last: 1800139 ns, Reaching safepoint: 39501 ns, At safepoint: 1200 ns, Total: 40701 ns
[1.979s][info ][safepoint      ] Safepoint "ICBufferFull", Time since last: 2293949 ns, Reaching safepoint: 38601 ns, At safepoint: 1600 ns, Total: 40201 ns
[1.988s][info ][safepoint      ] Safepoint "ICBufferFull", Time since last: 9010892 ns, Reaching safepoint: 60401 ns, At safepoint: 5901 ns, Total: 66302 ns
[1.989s][info ][safepoint      ] Safepoint "ICBufferFull", Time since last: 1007121 ns, Reaching safepoint: 32601 ns, At safepoint: 1400 ns, Total: 34001 ns
[1.989s][info ][safepoint      ] Safepoint "ICBufferFull", Time since last: 486610 ns, Reaching safepoint: 26001 ns, At safepoint: 900 ns, Total: 26901 ns
[1.991s][info ][safepoint      ] Safepoint "ICBufferFull", Time since last: 1447731 ns, Reaching safepoint: 27300 ns, At safepoint: 900 ns, Total: 28200 ns
[1.992s][info ][safepoint      ] Safepoint "ICBufferFull", Time since last: 1692436 ns, Reaching safepoint: 34101 ns, At safepoint: 2300 ns, Total: 36401 ns
[1.995s][info ][safepoint      ] Safepoint "ICBufferFull", Time since last: 2227748 ns, Reaching safepoint: 38001 ns, At safepoint: 2200 ns, Total: 40201 ns
[1.997s][info ][safepoint      ] Safepoint "ICBufferFull", Time since last: 1790338 ns, Reaching safepoint: 28001 ns, At safepoint: 4600 ns, Total: 32601 ns
[2.005s][info ][safepoint      ] Safepoint "ICBufferFull", Time since last: 8649184 ns, Reaching safepoint: 56202 ns, At safepoint: 4900 ns, Total: 61102 ns
[2.007s][info ][safepoint      ] Safepoint "ICBufferFull", Time since last: 1763937 ns, Reaching safepoint: 26501 ns, At safepoint: 1000 ns, Total: 27501 ns
[2.008s][info ][safepoint      ] Safepoint "ICBufferFull", Time since last: 634013 ns, Reaching safepoint: 25701 ns, At safepoint: 4700 ns, Total: 30401 ns
[2.010s][info ][safepoint      ] Safepoint "ICBufferFull", Time since last: 2359351 ns, Reaching safepoint: 33500 ns, At safepoint: 1400 ns, Total: 34900 ns
[2.011s][info ][safepoint      ] Safepoint "ICBufferFull", Time since last: 1362929 ns, Reaching safepoint: 18501 ns, At safepoint: 1100 ns, Total: 19601 ns
[2.012s][info ][safepoint      ] Safepoint "ICBufferFull", Time since last: 646114 ns, Reaching safepoint: 16100 ns, At safepoint: 1200 ns, Total: 17300 ns
[2.015s][info ][safepoint      ] Safepoint "ICBufferFull", Time since last: 2788360 ns, Reaching safepoint: 25300 ns, At safepoint: 1500 ns, Total: 26800 ns
[2.017s][info ][safepoint      ] Safepoint "ICBufferFull", Time since last: 2138946 ns, Reaching safepoint: 37001 ns, At safepoint: 2700 ns, Total: 39701 ns
[2.019s][info ][safepoint      ] Safepoint "ICBufferFull", Time since last: 1704336 ns, Reaching safepoint: 36601 ns, At safepoint: 1800 ns, Total: 38401 ns
[2.019s][info ][safepoint      ] Safepoint "ICBufferFull", Time since last: 499711 ns, Reaching safepoint: 31900 ns, At safepoint: 1000 ns, Total: 32900 ns
[2.023s][info ][safepoint      ] Safepoint "ICBufferFull", Time since last: 3714580 ns, Reaching safepoint: 40700 ns, At safepoint: 1801 ns, Total: 42501 ns
[2.024s][info ][safepoint      ] Safepoint "ICBufferFull", Time since last: 514511 ns, Reaching safepoint: 14500 ns, At safepoint: 600 ns, Total: 15100 ns
[2.040s][info ][safepoint      ] Safepoint "ICBufferFull", Time since last: 16539753 ns, Reaching safepoint: 49601 ns, At safepoint: 2000 ns, Total: 51601 ns
[2.059s][info ][safepoint      ] Safepoint "ICBufferFull", Time since last: 18438594 ns, Reaching safepoint: 35601 ns, At safepoint: 1600 ns, Total: 37201 ns
[2.060s][info ][safepoint      ] Safepoint "ICBufferFull", Time since last: 823518 ns, Reaching safepoint: 47701 ns, At safepoint: 1200 ns, Total: 48901 ns
[2.061s][info ][safepoint      ] Safepoint "ICBufferFull", Time since last: 1031522 ns, Reaching safepoint: 29700 ns, At safepoint: 900 ns, Total: 30600 ns
[2.061s][info ][safepoint      ] Safepoint "ICBufferFull", Time since last: 756616 ns, Reaching safepoint: 25701 ns, At safepoint: 4200 ns, Total: 29901 ns
[2.062s][info ][safepoint      ] Safepoint "ICBufferFull", Time since last: 772817 ns, Reaching safepoint: 24900 ns, At safepoint: 3800 ns, Total: 28700 ns
[2.065s][info ][safepoint      ] Safepoint "ICBufferFull", Time since last: 2584755 ns, Reaching safepoint: 40401 ns, At safepoint: 1400 ns, Total: 41801 ns
[2.066s][info ][safepoint      ] Safepoint "ICBufferFull", Time since last: 1006822 ns, Reaching safepoint: 38601 ns, At safepoint: 1500 ns, Total: 40101 ns
[2.067s][info ][safepoint      ] Safepoint "ICBufferFull", Time since last: 892419 ns, Reaching safepoint: 25100 ns, At safepoint: 1200 ns, Total: 26300 ns
[2.068s][info ][safepoint      ] Safepoint "ICBufferFull", Time since last: 956321 ns, Reaching safepoint: 28400 ns, At safepoint: 4300 ns, Total: 32700 ns
[2.070s][info ][safepoint      ] Safepoint "ICBufferFull", Time since last: 2306550 ns, Reaching safepoint: 21900 ns, At safepoint: 1500 ns, Total: 23400 ns
[2.072s][info ][safepoint      ] Safepoint "ICBufferFull", Time since last: 1388830 ns, Reaching safepoint: 32501 ns, At safepoint: 900 ns, Total: 33401 ns
[2.073s][info ][safepoint      ] Safepoint "ICBufferFull", Time since last: 1180425 ns, Reaching safepoint: 43301 ns, At safepoint: 1100 ns, Total: 44401 ns
[2.077s][info ][safepoint      ] Safepoint "ICBufferFull", Time since last: 3803681 ns, Reaching safepoint: 52601 ns, At safepoint: 1900 ns, Total: 54501 ns
[2.078s][info ][safepoint      ] Safepoint "ICBufferFull", Time since last: 873119 ns, Reaching safepoint: 44601 ns, At safepoint: 3600 ns, Total: 48201 ns
[2.079s][info ][safepoint      ] Safepoint "ICBufferFull", Time since last: 1428630 ns, Reaching safepoint: 14501 ns, At safepoint: 700 ns, Total: 15201 ns
[2.080s][info ][safepoint      ] Safepoint "ICBufferFull", Time since last: 514411 ns, Reaching safepoint: 35700 ns, At safepoint: 3701 ns, Total: 39401 ns
[2.081s][info ][safepoint      ] Safepoint "ICBufferFull", Time since last: 1232826 ns, Reaching safepoint: 24000 ns, At safepoint: 6300 ns, Total: 30300 ns
[2.083s][info ][safepoint      ] Safepoint "ICBufferFull", Time since last: 1668236 ns, Reaching safepoint: 32001 ns, At safepoint: 1300 ns, Total: 33301 ns
[2.084s][info ][safepoint      ] Safepoint "ICBufferFull", Time since last: 1169425 ns, Reaching safepoint: 17900 ns, At safepoint: 1200 ns, Total: 19100 ns
[2.085s][info ][safepoint      ] Safepoint "ICBufferFull", Time since last: 1244827 ns, Reaching safepoint: 34101 ns, At safepoint: 1300 ns, Total: 35401 ns
[2.086s][info ][safepoint      ] Safepoint "ICBufferFull", Time since last: 1238126 ns, Reaching safepoint: 18500 ns, At safepoint: 5101 ns, Total: 23601 ns
[2.088s][info ][safepoint      ] Safepoint "ICBufferFull", Time since last: 1197525 ns, Reaching safepoint: 21601 ns, At safepoint: 16800 ns, Total: 38401 ns
[2.089s][info ][safepoint      ] Safepoint "ICBufferFull", Time since last: 1218326 ns, Reaching safepoint: 16500 ns, At safepoint: 5200 ns, Total: 21700 ns
[2.090s][info ][safepoint      ] Safepoint "ICBufferFull", Time since last: 1174826 ns, Reaching safepoint: 17300 ns, At safepoint: 9300 ns, Total: 26600 ns
[2.091s][info ][safepoint      ] Safepoint "ICBufferFull", Time since last: 1219126 ns, Reaching safepoint: 91402 ns, At safepoint: 6500 ns, Total: 97902 ns
[2.093s][info ][safepoint      ] Safepoint "ICBufferFull", Time since last: 1282028 ns, Reaching safepoint: 19300 ns, At safepoint: 1400 ns, Total: 20700 ns
[2.094s][info ][safepoint      ] Safepoint "ICBufferFull", Time since last: 1144124 ns, Reaching safepoint: 83902 ns, At safepoint: 5100 ns, Total: 89002 ns
[2.095s][info ][safepoint      ] Safepoint "ICBufferFull", Time since last: 1111824 ns, Reaching safepoint: 15300 ns, At safepoint: 1201 ns, Total: 16501 ns
[2.096s][info ][safepoint      ] Safepoint "ICBufferFull", Time since last: 1173525 ns, Reaching safepoint: 18900 ns, At safepoint: 3300 ns, Total: 22200 ns
[2.097s][info ][safepoint      ] Safepoint "ICBufferFull", Time since last: 1254627 ns, Reaching safepoint: 17700 ns, At safepoint: 1200 ns, Total: 18900 ns
[2.099s][info ][safepoint      ] Safepoint "ICBufferFull", Time since last: 1728337 ns, Reaching safepoint: 20401 ns, At safepoint: 1700 ns, Total: 22101 ns
[2.100s][info ][safepoint      ] Safepoint "ICBufferFull", Time since last: 1142324 ns, Reaching safepoint: 16600 ns, At safepoint: 4801 ns, Total: 21401 ns
[2.101s][info ][safepoint      ] Safepoint "ICBufferFull", Time since last: 476710 ns, Reaching safepoint: 44801 ns, At safepoint: 1100 ns, Total: 45901 ns
[2.102s][info ][safepoint      ] Safepoint "ICBufferFull", Time since last: 1307928 ns, Reaching safepoint: 21100 ns, At safepoint: 1100 ns, Total: 22200 ns
[2.105s][info ][safepoint      ] Safepoint "ICBufferFull", Time since last: 2475753 ns, Reaching safepoint: 24700 ns, At safepoint: 1301 ns, Total: 26001 ns
[2.106s][info ][safepoint      ] Safepoint "ICBufferFull", Time since last: 1040122 ns, Reaching safepoint: 17600 ns, At safepoint: 900 ns, Total: 18500 ns
[2.107s][info ][safepoint      ] Safepoint "ICBufferFull", Time since last: 1180125 ns, Reaching safepoint: 38601 ns, At safepoint: 1100 ns, Total: 39701 ns
[2.108s][info ][safepoint      ] Safepoint "ICBufferFull", Time since last: 1334429 ns, Reaching safepoint: 18900 ns, At safepoint: 2900 ns, Total: 21800 ns
[2.109s][info ][safepoint      ] Safepoint "ICBufferFull", Time since last: 501711 ns, Reaching safepoint: 20300 ns, At safepoint: 5300 ns, Total: 25600 ns
[2.111s][info ][safepoint      ] Safepoint "ICBufferFull", Time since last: 1770238 ns, Reaching safepoint: 21401 ns, At safepoint: 1500 ns, Total: 22901 ns
[2.112s][info ][safepoint      ] Safepoint "ICBufferFull", Time since last: 1400330 ns, Reaching safepoint: 213404 ns, At safepoint: 8700 ns, Total: 222104 ns
[2.113s][info ][safepoint      ] Safepoint "ICBufferFull", Time since last: 963021 ns, Reaching safepoint: 18300 ns, At safepoint: 6200 ns, Total: 24500 ns
[2.115s][info ][safepoint      ] Safepoint "ICBufferFull", Time since last: 2020944 ns, Reaching safepoint: 33100 ns, At safepoint: 1900 ns, Total: 35000 ns
[2.117s][info ][safepoint      ] Safepoint "ICBufferFull", Time since last: 1902141 ns, Reaching safepoint: 22101 ns, At safepoint: 1600 ns, Total: 23701 ns
[2.119s][info ][safepoint      ] Safepoint "ICBufferFull", Time since last: 1324428 ns, Reaching safepoint: 15600 ns, At safepoint: 4900 ns, Total: 20500 ns
[2.120s][info ][safepoint      ] Safepoint "ICBufferFull", Time since last: 1529133 ns, Reaching safepoint: 30401 ns, At safepoint: 5300 ns, Total: 35701 ns
[2.122s][info ][safepoint      ] Safepoint "ICBufferFull", Time since last: 1391429 ns, Reaching safepoint: 19101 ns, At safepoint: 1400 ns, Total: 20501 ns
[2.123s][info ][safepoint      ] Safepoint "ICBufferFull", Time since last: 1156925 ns, Reaching safepoint: 95302 ns, At safepoint: 6100 ns, Total: 101402 ns
[2.124s][info ][safepoint      ] Safepoint "ICBufferFull", Time since last: 1500132 ns, Reaching safepoint: 98602 ns, At safepoint: 4100 ns, Total: 102702 ns
[2.126s][info ][safepoint      ] Safepoint "ICBufferFull", Time since last: 1685136 ns, Reaching safepoint: 28901 ns, At safepoint: 1500 ns, Total: 30401 ns
[2.127s][info ][safepoint      ] Safepoint "ICBufferFull", Time since last: 906919 ns, Reaching safepoint: 21400 ns, At safepoint: 1000 ns, Total: 22400 ns
[2.128s][info ][safepoint      ] Safepoint "ICBufferFull", Time since last: 1046623 ns, Reaching safepoint: 47201 ns, At safepoint: 3200 ns, Total: 50401 ns
[2.129s][info ][safepoint      ] Safepoint "ICBufferFull", Time since last: 1003421 ns, Reaching safepoint: 26301 ns, At safepoint: 2200 ns, Total: 28501 ns
[2.130s][info ][safepoint      ] Safepoint "ICBufferFull", Time since last: 890619 ns, Reaching safepoint: 20600 ns, At safepoint: 900 ns, Total: 21500 ns
[2.131s][info ][safepoint      ] Safepoint "ICBufferFull", Time since last: 789417 ns, Reaching safepoint: 22201 ns, At safepoint: 1200 ns, Total: 23401 ns
[2.133s][info ][safepoint      ] Safepoint "ICBufferFull", Time since last: 2087944 ns, Reaching safepoint: 25701 ns, At safepoint: 1600 ns, Total: 27301 ns
[2.134s][info ][safepoint      ] Safepoint "ICBufferFull", Time since last: 835118 ns, Reaching safepoint: 17400 ns, At safepoint: 800 ns, Total: 18200 ns
[2.135s][info ][safepoint      ] Safepoint "ICBufferFull", Time since last: 809318 ns, Reaching safepoint: 19400 ns, At safepoint: 800 ns, Total: 20200 ns
[2.136s][info ][safepoint      ] Safepoint "ICBufferFull", Time since last: 787717 ns, Reaching safepoint: 31300 ns, At safepoint: 4001 ns, Total: 35301 ns
[2.136s][info ][safepoint      ] Safepoint "ICBufferFull", Time since last: 899919 ns, Reaching safepoint: 24800 ns, At safepoint: 5800 ns, Total: 30600 ns
[2.137s][info ][safepoint      ] Safepoint "ICBufferFull", Time since last: 883919 ns, Reaching safepoint: 15901 ns, At safepoint: 800 ns, Total: 16701 ns
[2.138s][info ][safepoint      ] Safepoint "ICBufferFull", Time since last: 864318 ns, Reaching safepoint: 112703 ns, At safepoint: 6000 ns, Total: 118703 ns
[2.139s][info ][safepoint      ] Safepoint "ICBufferFull", Time since last: 845318 ns, Reaching safepoint: 32000 ns, At safepoint: 1200 ns, Total: 33200 ns
[2.227s][info ][safepoint      ] Safepoint "ICBufferFull", Time since last: 87616672 ns, Reaching safepoint: 89902 ns, At safepoint: 9000 ns, Total: 98902 ns
[2.361s][info ][safepoint      ] Safepoint "ICBufferFull", Time since last: 134361570 ns, Reaching safepoint: 179104 ns, At safepoint: 5600 ns, Total: 184704 ns
[2.506s][info ][gc,start       ] GC(2) Pause Young (Metadata GC Threshold)
[2.537s][debug][gc,phases      ] GC(2) Scavenge 30.253ms
[2.537s][debug][gc,ref         ] GC(2) Skipped phase 1 of Reference Processing: no references
[2.537s][debug][gc,ref         ] GC(2) ReferenceProcessor::execute queues: 2, RefProcThreadModel::Multi, marks_oops_alive: false
[2.537s][debug][gc,ref         ] GC(2) Skipped phase 3 of Reference Processing: no references
[2.537s][debug][gc,ref         ] GC(2) ReferenceProcessor::execute queues: 1, RefProcThreadModel::Single, marks_oops_alive: false
[2.537s][debug][gc,phases      ] GC(2) Reference Processing 0.437ms
[2.538s][debug][gc,phases      ] GC(2)   VM Weak                        Min:  0.0, Avg:  0.0, Max:  0.0, Diff:  0.0, Sum:  0.0, Workers: 4
[2.538s][debug][gc,phases      ] GC(2)     Dead                           Min: 0, Avg:  0.0, Max: 0, Diff: 0, Sum: 0, Workers: 4
[2.538s][debug][gc,phases      ] GC(2)     Total                          Min: 0, Avg: 68.2, Max: 192, Diff: 192, Sum: 273, Workers: 4
[2.538s][debug][gc,phases      ] GC(2)   ObjectSynchronizer Weak        Min:  0.0, Avg:  0.0, Max:  0.0, Diff:  0.0, Sum:  0.0, Workers: 4
[2.538s][debug][gc,phases      ] GC(2)     Dead                           Min: 0, Avg:  0.2, Max: 1, Diff: 1, Sum: 1, Workers: 4
[2.538s][debug][gc,phases      ] GC(2)     Total                          Min: 0, Avg:  2.8, Max: 11, Diff: 11, Sum: 11, Workers: 4
[2.538s][debug][gc,phases      ] GC(2)   JVMTI Tag Weak OopStorage      Min:  0.0, Avg:  0.0, Max:  0.0, Diff:  0.0, Sum:  0.0, Workers: 4
[2.538s][debug][gc,phases      ] GC(2)     Dead                           Min: 0, Avg:  0.0, Max: 0, Diff: 0, Sum: 0, Workers: 4
[2.538s][debug][gc,phases      ] GC(2)     Total                          Min: 0, Avg:  0.0, Max: 0, Diff: 0, Sum: 0, Workers: 4
[2.538s][debug][gc,phases      ] GC(2)   StringTable Weak               Min:  0.0, Avg:  0.3, Max:  0.3, Diff:  0.3, Sum:  1.0, Workers: 4
[2.538s][debug][gc,phases      ] GC(2)     Dead                           Min: 0, Avg:  6.0, Max: 16, Diff: 16, Sum: 24, Workers: 4
[2.538s][debug][gc,phases      ] GC(2)     Total                          Min: 0, Avg: 4942.8, Max: 6656, Diff: 6656, Sum: 19771, Workers: 4
[2.538s][debug][gc,phases      ] GC(2)   ResolvedMethodTable Weak       Min:  0.0, Avg:  0.0, Max:  0.0, Diff:  0.0, Sum:  0.1, Workers: 4
[2.538s][debug][gc,phases      ] GC(2)     Dead                           Min: 5, Avg: 18.2, Max: 41, Diff: 36, Sum: 73, Workers: 4
[2.538s][debug][gc,phases      ] GC(2)     Total                          Min: 256, Avg: 473.0, Max: 704, Diff: 448, Sum: 1892, Workers: 4
[2.538s][debug][gc,phases      ] GC(2)   JNI Weak                       Min:  0.0, Avg:  0.0, Max:  0.0, Diff:  0.0, Sum:  0.0, Workers: 4
[2.538s][debug][gc,phases      ] GC(2)     Dead                           Min: 0, Avg:  0.0, Max: 0, Diff: 0, Sum: 0, Workers: 4
[2.538s][debug][gc,phases      ] GC(2)     Total                          Min: 0, Avg:  0.0, Max: 0, Diff: 0, Sum: 0, Workers: 4
[2.538s][debug][gc,phases      ] GC(2)   StringDedup Table Weak         Min:  0.0, Avg:  0.0, Max:  0.0, Diff:  0.0, Sum:  0.0, Workers: 4
[2.538s][debug][gc,phases      ] GC(2)     Dead                           Min: 0, Avg:  0.0, Max: 0, Diff: 0, Sum: 0, Workers: 4
[2.538s][debug][gc,phases      ] GC(2)     Total                          Min: 0, Avg:  0.0, Max: 0, Diff: 0, Sum: 0, Workers: 4
[2.538s][debug][gc,phases      ] GC(2)   StringDedup Requests0 Weak     Min:  0.0, Avg:  0.0, Max:  0.0, Diff:  0.0, Sum:  0.0, Workers: 4
[2.538s][debug][gc,phases      ] GC(2)     Dead                           Min: 0, Avg:  0.0, Max: 0, Diff: 0, Sum: 0, Workers: 4
[2.538s][debug][gc,phases      ] GC(2)     Total                          Min: 0, Avg:  0.0, Max: 0, Diff: 0, Sum: 0, Workers: 4
[2.538s][debug][gc,phases      ] GC(2)   StringDedup Requests1 Weak     Min:  0.0, Avg:  0.0, Max:  0.0, Diff:  0.0, Sum:  0.0, Workers: 4
[2.538s][debug][gc,phases      ] GC(2)     Dead                           Min: 0, Avg:  0.0, Max: 0, Diff: 0, Sum: 0, Workers: 4
[2.538s][debug][gc,phases      ] GC(2)     Total                          Min: 0, Avg:  0.0, Max: 0, Diff: 0, Sum: 0, Workers: 4
[2.538s][debug][gc,phases      ] GC(2)   Weak JFR Old Object Samples    Min:  0.0, Avg:  0.0, Max:  0.0, Diff:  0.0, Sum:  0.0, Workers: 4
[2.538s][debug][gc,phases      ] GC(2)     Dead                           Min: 0, Avg:  0.0, Max: 0, Diff: 0, Sum: 0, Workers: 4
[2.538s][debug][gc,phases      ] GC(2)     Total                          Min: 0, Avg:  0.0, Max: 0, Diff: 0, Sum: 0, Workers: 4
[2.538s][debug][gc,phases      ] GC(2) Weak Processing 0.617ms
[2.538s][debug][gc,age         ] GC(2) Desired survivor size 536870912 bytes, new threshold 7 (max threshold 15)
[2.538s][info ][gc,heap        ] GC(2) PSYoungGen: 455122K(1572864K)->56566K(1572864K) Eden: 443897K(1048576K)->0K(1048576K) From: 11224K(524288K)->56566K(524288K)
[2.538s][info ][gc,heap        ] GC(2) ParOldGen: 5676K(6144K)->5684K(6144K)
[2.538s][info ][gc,metaspace   ] GC(2) Metaspace: 35418K(35840K)->35418K(35840K) NonClass: 30951K(31168K)->30951K(31168K) Class: 4467K(4672K)->4467K(4672K)
[2.538s][info ][gc             ] GC(2) Pause Young (Metadata GC Threshold) 449M->60M(1542M) 31.447ms
[2.538s][info ][gc,cpu         ] GC(2) User=0.12s Sys=0.00s Real=0.04s
[2.538s][debug][gc,phases      ] GC(3) Pre Compact 0.009ms
[2.538s][info ][gc,start       ] GC(3) Pause Full (Metadata GC Threshold)
[2.538s][info ][gc,phases,start] GC(3) Marking Phase
[2.556s][debug][gc,phases      ] GC(3) Par Mark 18.246ms
[2.556s][debug][gc,ref         ] GC(3) Skipped phase 1 of Reference Processing: no references
[2.556s][debug][gc,ref         ] GC(3) ReferenceProcessor::execute queues: 2, RefProcThreadModel::Multi, marks_oops_alive: false
[2.556s][debug][gc,ref         ] GC(3) Skipped phase 3 of Reference Processing: no references
[2.556s][debug][gc,ref         ] GC(3) ReferenceProcessor::execute queues: 1, RefProcThreadModel::Single, marks_oops_alive: false
[2.556s][debug][gc,phases      ] GC(3) Reference Processing 0.107ms
[2.557s][debug][gc,phases      ] GC(3)   VM Weak                        Min:  0.0, Avg:  0.0, Max:  0.0, Diff:  0.0, Sum:  0.0, Workers: 4
[2.557s][debug][gc,phases      ] GC(3)     Dead                           Min: 0, Avg:  0.0, Max: 0, Diff: 0, Sum: 0, Workers: 4
[2.557s][debug][gc,phases      ] GC(3)     Total                          Min: 0, Avg: 68.2, Max: 273, Diff: 273, Sum: 273, Workers: 4
[2.557s][debug][gc,phases      ] GC(3)   ObjectSynchronizer Weak        Min:  0.0, Avg:  0.0, Max:  0.0, Diff:  0.0, Sum:  0.0, Workers: 4
[2.557s][debug][gc,phases      ] GC(3)     Dead                           Min: 0, Avg:  0.0, Max: 0, Diff: 0, Sum: 0, Workers: 4
[2.557s][debug][gc,phases      ] GC(3)     Total                          Min: 0, Avg:  2.8, Max: 11, Diff: 11, Sum: 11, Workers: 4
[2.557s][debug][gc,phases      ] GC(3)   JVMTI Tag Weak OopStorage      Min:  0.0, Avg:  0.0, Max:  0.0, Diff:  0.0, Sum:  0.0, Workers: 4
[2.557s][debug][gc,phases      ] GC(3)     Dead                           Min: 0, Avg:  0.0, Max: 0, Diff: 0, Sum: 0, Workers: 4
[2.557s][debug][gc,phases      ] GC(3)     Total                          Min: 0, Avg:  0.0, Max: 0, Diff: 0, Sum: 0, Workers: 4
[2.557s][debug][gc,phases      ] GC(3)   StringTable Weak               Min:  0.1, Avg:  0.1, Max:  0.1, Diff:  0.0, Sum:  0.3, Workers: 4
[2.557s][debug][gc,phases      ] GC(3)     Dead                           Min: 0, Avg:  0.0, Max: 0, Diff: 0, Sum: 0, Workers: 4
[2.557s][debug][gc,phases      ] GC(3)     Total                          Min: 4032, Avg: 4942.8, Max: 5627, Diff: 1595, Sum: 19771, Workers: 4
[2.557s][debug][gc,phases      ] GC(3)   ResolvedMethodTable Weak       Min:  0.0, Avg:  0.0, Max:  0.0, Diff:  0.0, Sum:  0.0, Workers: 4
[2.557s][debug][gc,phases      ] GC(3)     Dead                           Min: 0, Avg:  0.0, Max: 0, Diff: 0, Sum: 0, Workers: 4
[2.557s][debug][gc,phases      ] GC(3)     Total                          Min: 448, Avg: 473.0, Max: 512, Diff: 64, Sum: 1892, Workers: 4
[2.557s][debug][gc,phases      ] GC(3)   JNI Weak                       Min:  0.0, Avg:  0.0, Max:  0.0, Diff:  0.0, Sum:  0.0, Workers: 4
[2.557s][debug][gc,phases      ] GC(3)     Dead                           Min: 0, Avg:  0.0, Max: 0, Diff: 0, Sum: 0, Workers: 4
[2.557s][debug][gc,phases      ] GC(3)     Total                          Min: 0, Avg:  0.0, Max: 0, Diff: 0, Sum: 0, Workers: 4
[2.557s][debug][gc,phases      ] GC(3)   StringDedup Table Weak         Min:  0.0, Avg:  0.0, Max:  0.0, Diff:  0.0, Sum:  0.0, Workers: 4
[2.557s][debug][gc,phases      ] GC(3)     Dead                           Min: 0, Avg:  0.0, Max: 0, Diff: 0, Sum: 0, Workers: 4
[2.557s][debug][gc,phases      ] GC(3)     Total                          Min: 0, Avg:  0.0, Max: 0, Diff: 0, Sum: 0, Workers: 4
[2.557s][debug][gc,phases      ] GC(3)   StringDedup Requests0 Weak     Min:  0.0, Avg:  0.0, Max:  0.0, Diff:  0.0, Sum:  0.0, Workers: 4
[2.557s][debug][gc,phases      ] GC(3)     Dead                           Min: 0, Avg:  0.0, Max: 0, Diff: 0, Sum: 0, Workers: 4
[2.557s][debug][gc,phases      ] GC(3)     Total                          Min: 0, Avg:  0.0, Max: 0, Diff: 0, Sum: 0, Workers: 4
[2.557s][debug][gc,phases      ] GC(3)   StringDedup Requests1 Weak     Min:  0.0, Avg:  0.0, Max:  0.0, Diff:  0.0, Sum:  0.0, Workers: 4
[2.557s][debug][gc,phases      ] GC(3)     Dead                           Min: 0, Avg:  0.0, Max: 0, Diff: 0, Sum: 0, Workers: 4
[2.557s][debug][gc,phases      ] GC(3)     Total                          Min: 0, Avg:  0.0, Max: 0, Diff: 0, Sum: 0, Workers: 4
[2.557s][debug][gc,phases      ] GC(3)   Weak JFR Old Object Samples    Min:  0.0, Avg:  0.0, Max:  0.0, Diff:  0.0, Sum:  0.0, Workers: 4
[2.557s][debug][gc,phases      ] GC(3)     Dead                           Min: 0, Avg:  0.0, Max: 0, Diff: 0, Sum: 0, Workers: 4
[2.557s][debug][gc,phases      ] GC(3)     Total                          Min: 0, Avg:  0.0, Max: 0, Diff: 0, Sum: 0, Workers: 4
[2.557s][debug][gc,phases      ] GC(3) Weak Processing 0.266ms
[2.557s][debug][gc,phases      ] GC(3) ClassLoaderData 0.034ms
[2.557s][debug][gc,phases      ] GC(3) Trigger cleanups 0.000ms
[2.560s][debug][gc,phases      ] GC(3) Class Unloading 3.687ms
[2.560s][info ][gc,phases      ] GC(3) Marking Phase 22.434ms
[2.560s][info ][gc,phases,start] GC(3) Summary Phase
[2.560s][info ][gc,phases      ] GC(3) Summary Phase 0.006ms
[2.560s][info ][gc,phases,start] GC(3) Adjust Roots
[2.564s][info ][gc,phases      ] GC(3) Adjust Roots 3.973ms
[2.564s][info ][gc,phases,start] GC(3) Compaction Phase
[2.790s][info ][gc,phases      ] GC(3) Compaction Phase 225.356ms
[2.790s][info ][gc,phases,start] GC(3) Post Compact
[2.790s][info ][gc,phases      ] GC(3) Post Compact 0.606ms
[2.790s][info ][gc,heap        ] GC(3) PSYoungGen: 56566K(1572864K)->55891K(1572864K) Eden: 0K(1048576K)->0K(1048576K) From: 56566K(524288K)->55891K(524288K)
[2.790s][info ][gc,heap        ] GC(3) ParOldGen: 5684K(6144K)->6131K(6144K)
[2.790s][info ][gc,metaspace   ] GC(3) Metaspace: 35418K(35840K)->35418K(35840K) NonClass: 30951K(31168K)->30951K(31168K) Class: 4467K(4672K)->4467K(4672K)
[2.790s][info ][gc             ] GC(3) Pause Full (Metadata GC Threshold) 60M->60M(1542M) 252.486ms
[2.790s][info ][gc,cpu         ] GC(3) User=0.55s Sys=0.00s Real=0.25s
[2.791s][info ][safepoint      ] Safepoint "CollectForMetadataAllocation", Time since last: 144882495 ns, Reaching safepoint: 81802 ns, At safepoint: 284048368 ns, Total: 284130170 ns
[3.026s][info ][safepoint      ] Safepoint "ICBufferFull", Time since last: 234772715 ns, Reaching safepoint: 228705 ns, At safepoint: 11000 ns, Total: 239705 ns
[3.166s][info ][safepoint      ] Safepoint "ICBufferFull", Time since last: 140117594 ns, Reaching safepoint: 235905 ns, At safepoint: 7600 ns, Total: 243505 ns
[3.314s][info ][safepoint      ] Safepoint "ICBufferFull", Time since last: 147423149 ns, Reaching safepoint: 951720 ns, At safepoint: 28901 ns, Total: 980621 ns
[3.421s][info ][safepoint      ] Safepoint "ICBufferFull", Time since last: 106663679 ns, Reaching safepoint: 204804 ns, At safepoint: 22000 ns, Total: 226804 ns
[3.658s][info ][safepoint      ] Safepoint "ICBufferFull", Time since last: 232155760 ns, Reaching safepoint: 4448795 ns, At safepoint: 30200 ns, Total: 4478995 ns
[3.660s][info ][safepoint      ] Safepoint "ICBufferFull", Time since last: 2217648 ns, Reaching safepoint: 83402 ns, At safepoint: 15900 ns, Total: 99302 ns
[3.660s][info ][safepoint      ] Safepoint "ICBufferFull", Time since last: 64001 ns, Reaching safepoint: 89702 ns, At safepoint: 18401 ns, Total: 108103 ns
[3.660s][info ][safepoint      ] Safepoint "ICBufferFull", Time since last: 40501 ns, Reaching safepoint: 99802 ns, At safepoint: 13800 ns, Total: 113602 ns
[3.777s][info ][safepoint      ] Safepoint "ICBufferFull", Time since last: 116499689 ns, Reaching safepoint: 206904 ns, At safepoint: 22301 ns, Total: 229205 ns
[3.925s][info ][safepoint      ] Safepoint "ICBufferFull", Time since last: 147117942 ns, Reaching safepoint: 277606 ns, At safepoint: 14401 ns, Total: 292007 ns
[4.053s][info ][safepoint      ] Safepoint "ICBufferFull", Time since last: 128645048 ns, Reaching safepoint: 224904 ns, At safepoint: 24801 ns, Total: 249705 ns
[4.089s][info ][safepoint      ] Safepoint "ICBufferFull", Time since last: 35140051 ns, Reaching safepoint: 177303 ns, At safepoint: 21101 ns, Total: 198404 ns
[4.094s][info ][safepoint      ] Safepoint "ICBufferFull", Time since last: 5431016 ns, Reaching safepoint: 196804 ns, At safepoint: 26601 ns, Total: 223405 ns
[4.097s][info ][safepoint      ] Safepoint "ICBufferFull", Time since last: 2548654 ns, Reaching safepoint: 114603 ns, At safepoint: 27900 ns, Total: 142503 ns
[4.102s][info ][safepoint      ] Safepoint "ICBufferFull", Time since last: 4650300 ns, Reaching safepoint: 122502 ns, At safepoint: 25801 ns, Total: 148303 ns
[4.104s][info ][safepoint      ] Safepoint "ICBufferFull", Time since last: 2371650 ns, Reaching safepoint: 110303 ns, At safepoint: 24000 ns, Total: 134303 ns
[4.107s][info ][safepoint      ] Safepoint "ICBufferFull", Time since last: 2577455 ns, Reaching safepoint: 196004 ns, At safepoint: 27901 ns, Total: 223905 ns
[4.111s][info ][safepoint      ] Safepoint "ICBufferFull", Time since last: 3738780 ns, Reaching safepoint: 116902 ns, At safepoint: 33601 ns, Total: 150503 ns
[4.114s][info ][safepoint      ] Safepoint "ICBufferFull", Time since last: 2370751 ns, Reaching safepoint: 113202 ns, At safepoint: 37301 ns, Total: 150503 ns
[4.116s][info ][safepoint      ] Safepoint "ICBufferFull", Time since last: 2429952 ns, Reaching safepoint: 94702 ns, At safepoint: 23800 ns, Total: 118502 ns
[4.119s][info ][safepoint      ] Safepoint "ICBufferFull", Time since last: 2950063 ns, Reaching safepoint: 111103 ns, At safepoint: 25300 ns, Total: 136403 ns
[4.123s][info ][safepoint      ] Safepoint "ICBufferFull", Time since last: 3467174 ns, Reaching safepoint: 118203 ns, At safepoint: 21600 ns, Total: 139803 ns
[4.125s][info ][safepoint      ] Safepoint "ICBufferFull", Time since last: 2173847 ns, Reaching safepoint: 238605 ns, At safepoint: 25001 ns, Total: 263606 ns
[4.128s][info ][safepoint      ] Safepoint "ICBufferFull", Time since last: 2159346 ns, Reaching safepoint: 106202 ns, At safepoint: 21200 ns, Total: 127402 ns
[4.131s][info ][safepoint      ] Safepoint "ICBufferFull", Time since last: 2846161 ns, Reaching safepoint: 100802 ns, At safepoint: 23301 ns, Total: 124103 ns
[4.135s][info ][safepoint      ] Safepoint "ICBufferFull", Time since last: 3751680 ns, Reaching safepoint: 126703 ns, At safepoint: 23900 ns, Total: 150603 ns
[4.137s][info ][safepoint      ] Safepoint "ICBufferFull", Time since last: 2108345 ns, Reaching safepoint: 116703 ns, At safepoint: 25300 ns, Total: 142003 ns
[4.143s][info ][safepoint      ] Safepoint "ICBufferFull", Time since last: 5591420 ns, Reaching safepoint: 119902 ns, At safepoint: 23101 ns, Total: 143003 ns
[4.146s][info ][safepoint      ] Safepoint "ICBufferFull", Time since last: 3498175 ns, Reaching safepoint: 97302 ns, At safepoint: 18200 ns, Total: 115502 ns
[4.157s][info ][safepoint      ] Safepoint "ICBufferFull", Time since last: 10501024 ns, Reaching safepoint: 134003 ns, At safepoint: 26601 ns, Total: 160604 ns
[4.159s][info ][safepoint      ] Safepoint "ICBufferFull", Time since last: 2124245 ns, Reaching safepoint: 113903 ns, At safepoint: 18900 ns, Total: 132803 ns
[4.161s][info ][safepoint      ] Safepoint "ICBufferFull", Time since last: 1757337 ns, Reaching safepoint: 107403 ns, At safepoint: 18700 ns, Total: 126103 ns
[4.163s][info ][safepoint      ] Safepoint "ICBufferFull", Time since last: 1678036 ns, Reaching safepoint: 105602 ns, At safepoint: 15901 ns, Total: 121503 ns
[4.165s][info ][safepoint      ] Safepoint "ICBufferFull", Time since last: 1981842 ns, Reaching safepoint: 95702 ns, At safepoint: 14200 ns, Total: 109902 ns
[4.167s][info ][safepoint      ] Safepoint "ICBufferFull", Time since last: 2005043 ns, Reaching safepoint: 113203 ns, At safepoint: 18200 ns, Total: 131403 ns
[4.169s][info ][safepoint      ] Safepoint "ICBufferFull", Time since last: 2099245 ns, Reaching safepoint: 118502 ns, At safepoint: 16401 ns, Total: 134903 ns
[4.197s][info ][safepoint      ] Safepoint "ICBufferFull", Time since last: 27830594 ns, Reaching safepoint: 244305 ns, At safepoint: 33701 ns, Total: 278006 ns
[4.341s][debug][gc,phases      ] GC(4) Pre Compact 0.025ms
[4.341s][info ][gc,start       ] GC(4) Pause Full (Ergonomics)
[4.341s][info ][gc,phases,start] GC(4) Marking Phase
[4.448s][debug][gc,phases      ] GC(4) Par Mark 106.775ms
[4.448s][debug][gc,ref         ] GC(4) Skipped phase 1 of Reference Processing: no references
[4.448s][debug][gc,ref         ] GC(4) ReferenceProcessor::execute queues: 4, RefProcThreadModel::Multi, marks_oops_alive: false
[4.449s][debug][gc,ref         ] GC(4) Skipped phase 3 of Reference Processing: no references
[4.449s][debug][gc,ref         ] GC(4) ReferenceProcessor::execute queues: 3, RefProcThreadModel::Multi, marks_oops_alive: false
[4.449s][debug][gc,phases      ] GC(4) Reference Processing 1.096ms
[4.449s][debug][gc,phases      ] GC(4)   VM Weak                        Min:  0.0, Avg:  0.0, Max:  0.0, Diff:  0.0, Sum:  0.0, Workers: 4
[4.449s][debug][gc,phases      ] GC(4)     Dead                           Min: 0, Avg:  1.2, Max: 5, Diff: 5, Sum: 5, Workers: 4
[4.449s][debug][gc,phases      ] GC(4)     Total                          Min: 0, Avg: 107.0, Max: 236, Diff: 236, Sum: 428, Workers: 4
[4.449s][debug][gc,phases      ] GC(4)   ObjectSynchronizer Weak        Min:  0.0, Avg:  0.0, Max:  0.0, Diff:  0.0, Sum:  0.0, Workers: 4
[4.449s][debug][gc,phases      ] GC(4)     Dead                           Min: 45, Avg: 65.0, Max: 94, Diff: 49, Sum: 260, Workers: 4
[4.449s][debug][gc,phases      ] GC(4)     Total                          Min: 52, Avg: 77.0, Max: 128, Diff: 76, Sum: 308, Workers: 4
[4.449s][debug][gc,phases      ] GC(4)   JVMTI Tag Weak OopStorage      Min:  0.0, Avg:  0.0, Max:  0.0, Diff:  0.0, Sum:  0.0, Workers: 4
[4.449s][debug][gc,phases      ] GC(4)     Dead                           Min: 0, Avg:  0.0, Max: 0, Diff: 0, Sum: 0, Workers: 4
[4.449s][debug][gc,phases      ] GC(4)     Total                          Min: 0, Avg:  0.0, Max: 0, Diff: 0, Sum: 0, Workers: 4
[4.449s][debug][gc,phases      ] GC(4)   StringTable Weak               Min:  0.1, Avg:  0.1, Max:  0.1, Diff:  0.0, Sum:  0.6, Workers: 4
[4.449s][debug][gc,phases      ] GC(4)     Dead                           Min: 2, Avg:  6.5, Max: 15, Diff: 13, Sum: 26, Workers: 4
[4.449s][debug][gc,phases      ] GC(4)     Total                          Min: 8960, Avg: 9574.2, Max: 10176, Diff: 1216, Sum: 38297, Workers: 4
[4.449s][debug][gc,phases      ] GC(4)   ResolvedMethodTable Weak       Min:  0.0, Avg:  0.0, Max:  0.0, Diff:  0.0, Sum:  0.1, Workers: 4
[4.449s][debug][gc,phases      ] GC(4)     Dead                           Min: 24, Avg: 43.0, Max: 69, Diff: 45, Sum: 172, Workers: 4
[4.449s][debug][gc,phases      ] GC(4)     Total                          Min: 1024, Avg: 1259.8, Max: 1391, Diff: 367, Sum: 5039, Workers: 4
[4.449s][debug][gc,phases      ] GC(4)   JNI Weak                       Min:  0.0, Avg:  0.0, Max:  0.0, Diff:  0.0, Sum:  0.0, Workers: 4
[4.449s][debug][gc,phases      ] GC(4)     Dead                           Min: 0, Avg:  0.0, Max: 0, Diff: 0, Sum: 0, Workers: 4
[4.449s][debug][gc,phases      ] GC(4)     Total                          Min: 0, Avg:  0.2, Max: 1, Diff: 1, Sum: 1, Workers: 4
[4.449s][debug][gc,phases      ] GC(4)   StringDedup Table Weak         Min:  0.0, Avg:  0.0, Max:  0.0, Diff:  0.0, Sum:  0.0, Workers: 4
[4.449s][debug][gc,phases      ] GC(4)     Dead                           Min: 0, Avg:  0.0, Max: 0, Diff: 0, Sum: 0, Workers: 4
[4.449s][debug][gc,phases      ] GC(4)     Total                          Min: 0, Avg:  0.0, Max: 0, Diff: 0, Sum: 0, Workers: 4
[4.449s][debug][gc,phases      ] GC(4)   StringDedup Requests0 Weak     Min:  0.0, Avg:  0.0, Max:  0.0, Diff:  0.0, Sum:  0.0, Workers: 4
[4.449s][debug][gc,phases      ] GC(4)     Dead                           Min: 0, Avg:  0.0, Max: 0, Diff: 0, Sum: 0, Workers: 4
[4.449s][debug][gc,phases      ] GC(4)     Total                          Min: 0, Avg:  0.0, Max: 0, Diff: 0, Sum: 0, Workers: 4
[4.449s][debug][gc,phases      ] GC(4)   StringDedup Requests1 Weak     Min:  0.0, Avg:  0.0, Max:  0.0, Diff:  0.0, Sum:  0.0, Workers: 4
[4.449s][debug][gc,phases      ] GC(4)     Dead                           Min: 0, Avg:  0.0, Max: 0, Diff: 0, Sum: 0, Workers: 4
[4.449s][debug][gc,phases      ] GC(4)     Total                          Min: 0, Avg:  0.0, Max: 0, Diff: 0, Sum: 0, Workers: 4
[4.449s][debug][gc,phases      ] GC(4)   Weak JFR Old Object Samples    Min:  0.0, Avg:  0.0, Max:  0.0, Diff:  0.0, Sum:  0.0, Workers: 4
[4.449s][debug][gc,phases      ] GC(4)     Dead                           Min: 0, Avg:  0.0, Max: 0, Diff: 0, Sum: 0, Workers: 4
[4.449s][debug][gc,phases      ] GC(4)     Total                          Min: 0, Avg:  0.0, Max: 0, Diff: 0, Sum: 0, Workers: 4
[4.449s][debug][gc,phases      ] GC(4) Weak Processing 0.351ms
[4.450s][debug][gc,phases      ] GC(4) ClassLoaderData 0.151ms
[4.450s][debug][gc,phases      ] GC(4) Trigger cleanups 0.001ms
[4.458s][debug][gc,phases      ] GC(4) Class Unloading 8.598ms
[4.458s][info ][gc,phases      ] GC(4) Marking Phase 116.983ms
[4.458s][info ][gc,phases,start] GC(4) Summary Phase
[4.458s][info ][gc,phases      ] GC(4) Summary Phase 0.025ms
[4.458s][info ][gc,phases,start] GC(4) Adjust Roots
[4.466s][info ][gc,phases      ] GC(4) Adjust Roots 7.790ms
[4.466s][info ][gc,phases,start] GC(4) Compaction Phase
[4.691s][info ][gc,phases      ] GC(4) Compaction Phase 225.417ms
[4.691s][info ][gc,phases,start] GC(4) Post Compact
[4.695s][info ][gc,phases      ] GC(4) Post Compact 3.813ms
[4.695s][info ][gc,heap        ] GC(4) PSYoungGen: 1104467K(1572864K)->169598K(1572864K) Eden: 1048576K(1048576K)->169598K(1048576K) From: 55891K(524288K)->0K(524288K)
[4.695s][info ][gc,heap        ] GC(4) ParOldGen: 6131K(6144K)->6138K(18944K)
[4.695s][info ][gc,metaspace   ] GC(4) Metaspace: 53916K(54528K)->53907K(54528K) NonClass: 45941K(46272K)->45935K(46272K) Class: 7974K(8256K)->7971K(8256K)
[4.695s][info ][gc             ] GC(4) Pause Full (Ergonomics) 1084M->171M(1554M) 354.296ms
[4.695s][info ][gc,cpu         ] GC(4) User=1.26s Sys=0.00s Real=0.35s
[4.696s][info ][safepoint      ] Safepoint "ParallelGCFailedAllocation", Time since last: 143516266 ns, Reaching safepoint: 229305 ns, At safepoint: 354466272 ns, Total: 354695577 ns
[4.773s][info ][safepoint      ] Safepoint "ICBufferFull", Time since last: 77309452 ns, Reaching safepoint: 210604 ns, At safepoint: 34001 ns, Total: 244605 ns
[4.785s][info ][safepoint      ] Safepoint "ICBufferFull", Time since last: 11446344 ns, Reaching safepoint: 129203 ns, At safepoint: 30001 ns, Total: 159204 ns
[4.802s][info ][safepoint      ] Safepoint "ICBufferFull", Time since last: 17328770 ns, Reaching safepoint: 133303 ns, At safepoint: 33200 ns, Total: 166503 ns
[4.822s][info ][safepoint      ] Safepoint "ICBufferFull", Time since last: 20038529 ns, Reaching safepoint: 150303 ns, At safepoint: 33900 ns, Total: 184203 ns
[4.837s][info ][safepoint      ] Safepoint "ICBufferFull", Time since last: 14758016 ns, Reaching safepoint: 147503 ns, At safepoint: 42401 ns, Total: 189904 ns
[4.852s][info ][safepoint      ] Safepoint "ICBufferFull", Time since last: 14166902 ns, Reaching safepoint: 136503 ns, At safepoint: 30301 ns, Total: 166804 ns
[4.861s][info ][safepoint      ] Safepoint "ICBufferFull", Time since last: 8985192 ns, Reaching safepoint: 145903 ns, At safepoint: 31901 ns, Total: 177804 ns
[4.866s][info ][safepoint      ] Safepoint "ICBufferFull", Time since last: 5022107 ns, Reaching safepoint: 115402 ns, At safepoint: 36101 ns, Total: 151503 ns
[4.875s][info ][gc,start       ] GC(5) Pause Young (Allocation Failure)
[4.975s][debug][gc,phases      ] GC(5) Scavenge 99.681ms
[4.975s][debug][gc,ref         ] GC(5) Skipped phase 1 of Reference Processing: no references
[4.975s][debug][gc,ref         ] GC(5) ReferenceProcessor::execute queues: 4, RefProcThreadModel::Multi, marks_oops_alive: false
[4.975s][debug][gc,ref         ] GC(5) Skipped phase 3 of Reference Processing: no references
[4.975s][debug][gc,ref         ] GC(5) ReferenceProcessor::execute queues: 1, RefProcThreadModel::Single, marks_oops_alive: false
[4.975s][debug][gc,phases      ] GC(5) Reference Processing 0.326ms
[4.976s][debug][gc,phases      ] GC(5)   VM Weak                        Min:  0.0, Avg:  0.0, Max:  0.0, Diff:  0.0, Sum:  0.0, Workers: 4
[4.976s][debug][gc,phases      ] GC(5)     Dead                           Min: 0, Avg:  0.0, Max: 0, Diff: 0, Sum: 0, Workers: 4
[4.976s][debug][gc,phases      ] GC(5)     Total                          Min: 0, Avg: 109.0, Max: 256, Diff: 256, Sum: 436, Workers: 4
[4.976s][debug][gc,phases      ] GC(5)   ObjectSynchronizer Weak        Min:  0.0, Avg:  0.0, Max:  0.0, Diff:  0.0, Sum:  0.0, Workers: 4
[4.976s][debug][gc,phases      ] GC(5)     Dead                           Min: 0, Avg:  1.5, Max: 6, Diff: 6, Sum: 6, Workers: 4
[4.976s][debug][gc,phases      ] GC(5)     Total                          Min: 0, Avg: 79.2, Max: 128, Diff: 128, Sum: 317, Workers: 4
[4.976s][debug][gc,phases      ] GC(5)   JVMTI Tag Weak OopStorage      Min:  0.0, Avg:  0.0, Max:  0.0, Diff:  0.0, Sum:  0.0, Workers: 4
[4.976s][debug][gc,phases      ] GC(5)     Dead                           Min: 0, Avg:  0.0, Max: 0, Diff: 0, Sum: 0, Workers: 4
[4.976s][debug][gc,phases      ] GC(5)     Total                          Min: 0, Avg:  0.0, Max: 0, Diff: 0, Sum: 0, Workers: 4
[4.976s][debug][gc,phases      ] GC(5)   StringTable Weak               Min:  0.0, Avg:  0.3, Max:  0.4, Diff:  0.4, Sum:  1.3, Workers: 4
[4.976s][debug][gc,phases      ] GC(5)     Dead                           Min: 0, Avg:  3.2, Max: 13, Diff: 13, Sum: 13, Workers: 4
[4.976s][debug][gc,phases      ] GC(5)     Total                          Min: 0, Avg: 9596.5, Max: 15667, Diff: 15667, Sum: 38386, Workers: 4
[4.976s][debug][gc,phases      ] GC(5)   ResolvedMethodTable Weak       Min:  0.0, Avg:  0.0, Max:  0.1, Diff:  0.1, Sum:  0.2, Workers: 4
[4.976s][debug][gc,phases      ] GC(5)     Dead                           Min: 0, Avg:  0.0, Max: 0, Diff: 0, Sum: 0, Workers: 4
[4.976s][debug][gc,phases      ] GC(5)     Total                          Min: 0, Avg: 1228.0, Max: 2104, Diff: 2104, Sum: 4912, Workers: 4
[4.976s][debug][gc,phases      ] GC(5)   JNI Weak                       Min:  0.0, Avg:  0.0, Max:  0.0, Diff:  0.0, Sum:  0.0, Workers: 4
[4.976s][debug][gc,phases      ] GC(5)     Dead                           Min: 0, Avg:  0.0, Max: 0, Diff: 0, Sum: 0, Workers: 4
[4.976s][debug][gc,phases      ] GC(5)     Total                          Min: 0, Avg:  4.0, Max: 16, Diff: 16, Sum: 16, Workers: 4
[4.976s][debug][gc,phases      ] GC(5)   StringDedup Table Weak         Min:  0.0, Avg:  0.0, Max:  0.0, Diff:  0.0, Sum:  0.0, Workers: 4
[4.976s][debug][gc,phases      ] GC(5)     Dead                           Min: 0, Avg:  0.0, Max: 0, Diff: 0, Sum: 0, Workers: 4
[4.976s][debug][gc,phases      ] GC(5)     Total                          Min: 0, Avg:  0.0, Max: 0, Diff: 0, Sum: 0, Workers: 4
[4.976s][debug][gc,phases      ] GC(5)   StringDedup Requests0 Weak     Min:  0.0, Avg:  0.0, Max:  0.0, Diff:  0.0, Sum:  0.0, Workers: 4
[4.976s][debug][gc,phases      ] GC(5)     Dead                           Min: 0, Avg:  0.0, Max: 0, Diff: 0, Sum: 0, Workers: 4
[4.976s][debug][gc,phases      ] GC(5)     Total                          Min: 0, Avg:  0.0, Max: 0, Diff: 0, Sum: 0, Workers: 4
[4.976s][debug][gc,phases      ] GC(5)   StringDedup Requests1 Weak     Min:  0.0, Avg:  0.0, Max:  0.0, Diff:  0.0, Sum:  0.0, Workers: 4
[4.976s][debug][gc,phases      ] GC(5)     Dead                           Min: 0, Avg:  0.0, Max: 0, Diff: 0, Sum: 0, Workers: 4
[4.976s][debug][gc,phases      ] GC(5)     Total                          Min: 0, Avg:  0.0, Max: 0, Diff: 0, Sum: 0, Workers: 4
[4.976s][debug][gc,phases      ] GC(5)   Weak JFR Old Object Samples    Min:  0.0, Avg:  0.0, Max:  0.0, Diff:  0.0, Sum:  0.0, Workers: 4
[4.976s][debug][gc,phases      ] GC(5)     Dead                           Min: 0, Avg:  0.0, Max: 0, Diff: 0, Sum: 0, Workers: 4
[4.976s][debug][gc,phases      ] GC(5)     Total                          Min: 0, Avg:  0.0, Max: 0, Diff: 0, Sum: 0, Workers: 4
[4.976s][debug][gc,phases      ] GC(5) Weak Processing 0.694ms
[4.976s][debug][gc,age         ] GC(5) Desired survivor size 536870912 bytes, new threshold 7 (max threshold 15)
[4.976s][info ][gc,heap        ] GC(5) PSYoungGen: 1048576K(1572864K)->177715K(1572864K) Eden: 1048576K(1048576K)->0K(1048576K) From: 0K(524288K)->177715K(524288K)
[4.976s][info ][gc,heap        ] GC(5) ParOldGen: 6138K(18944K)->6154K(18944K)
[4.976s][info ][gc,metaspace   ] GC(5) Metaspace: 54048K(54656K)->54048K(54656K) NonClass: 46043K(46400K)->46043K(46400K) Class: 8004K(8256K)->8004K(8256K)
[4.976s][info ][gc             ] GC(5) Pause Young (Allocation Failure) 1029M->179M(1554M) 100.847ms
[4.976s][info ][gc,cpu         ] GC(5) User=0.33s Sys=0.07s Real=0.10s
[4.976s][info ][safepoint      ] Safepoint "ParallelGCFailedAllocation", Time since last: 8880090 ns, Reaching safepoint: 159803 ns, At safepoint: 100952757 ns, Total: 101112560 ns
[4.988s][info ][safepoint      ] Safepoint "ICBufferFull", Time since last: 12145159 ns, Reaching safepoint: 133303 ns, At safepoint: 26501 ns, Total: 159804 ns
[4.992s][info ][safepoint      ] Safepoint "ICBufferFull", Time since last: 3712679 ns, Reaching safepoint: 183504 ns, At safepoint: 25001 ns, Total: 208505 ns
[5.000s][info ][safepoint      ] Safepoint "ICBufferFull", Time since last: 7632663 ns, Reaching safepoint: 115802 ns, At safepoint: 23001 ns, Total: 138803 ns
[5.016s][info ][safepoint      ] Safepoint "ICBufferFull", Time since last: 16183245 ns, Reaching safepoint: 129003 ns, At safepoint: 27901 ns, Total: 156904 ns
[5.048s][info ][safepoint      ] Safepoint "ICBufferFull", Time since last: 31281368 ns, Reaching safepoint: 130403 ns, At safepoint: 32400 ns, Total: 162803 ns
[5.055s][info ][safepoint      ] Safepoint "ICBufferFull", Time since last: 7545562 ns, Reaching safepoint: 128502 ns, At safepoint: 32001 ns, Total: 160503 ns
[5.067s][info ][safepoint      ] Safepoint "ICBufferFull", Time since last: 11119838 ns, Reaching safepoint: 125102 ns, At safepoint: 23801 ns, Total: 148903 ns
[5.074s][info ][safepoint      ] Safepoint "ICBufferFull", Time since last: 7045350 ns, Reaching safepoint: 123203 ns, At safepoint: 23900 ns, Total: 147103 ns
[5.081s][info ][safepoint      ] Safepoint "ICBufferFull", Time since last: 4656300 ns, Reaching safepoint: 2140546 ns, At safepoint: 29100 ns, Total: 2169646 ns
[5.092s][info ][safepoint      ] Safepoint "ICBufferFull", Time since last: 11410444 ns, Reaching safepoint: 105002 ns, At safepoint: 24901 ns, Total: 129903 ns
[5.097s][info ][safepoint      ] Safepoint "ICBufferFull", Time since last: 4844903 ns, Reaching safepoint: 137303 ns, At safepoint: 26001 ns, Total: 163304 ns
[5.101s][info ][safepoint      ] Safepoint "ICBufferFull", Time since last: 3261569 ns, Reaching safepoint: 121103 ns, At safepoint: 27601 ns, Total: 148704 ns
[5.110s][info ][safepoint      ] Safepoint "ICBufferFull", Time since last: 9473002 ns, Reaching safepoint: 113902 ns, At safepoint: 25001 ns, Total: 138903 ns
[5.113s][info ][safepoint      ] Safepoint "ICBufferFull", Time since last: 2706058 ns, Reaching safepoint: 175903 ns, At safepoint: 23601 ns, Total: 199504 ns
[5.118s][info ][safepoint      ] Safepoint "ICBufferFull", Time since last: 4214090 ns, Reaching safepoint: 105702 ns, At safepoint: 26301 ns, Total: 132003 ns
[5.128s][info ][safepoint      ] Safepoint "ICBufferFull", Time since last: 9953412 ns, Reaching safepoint: 677515 ns, At safepoint: 21000 ns, Total: 698515 ns
[5.132s][info ][safepoint      ] Safepoint "ICBufferFull", Time since last: 3658279 ns, Reaching safepoint: 143703 ns, At safepoint: 51801 ns, Total: 195504 ns
[5.135s][info ][safepoint      ] Safepoint "ICBufferFull", Time since last: 2407551 ns, Reaching safepoint: 124603 ns, At safepoint: 20800 ns, Total: 145403 ns
[5.140s][info ][safepoint      ] Safepoint "ICBufferFull", Time since last: 5393315 ns, Reaching safepoint: 195605 ns, At safepoint: 28700 ns, Total: 224305 ns
[5.150s][info ][safepoint      ] Safepoint "ICBufferFull", Time since last: 7491060 ns, Reaching safepoint: 2137746 ns, At safepoint: 27301 ns, Total: 2165047 ns
[5.150s][info ][safepoint      ] Safepoint "ICBufferFull", Time since last: 69801 ns, Reaching safepoint: 94102 ns, At safepoint: 21000 ns, Total: 115102 ns
[5.153s][info ][safepoint      ] Safepoint "ICBufferFull", Time since last: 2493554 ns, Reaching safepoint: 117602 ns, At safepoint: 27001 ns, Total: 144603 ns
[5.158s][info ][safepoint      ] Safepoint "ICBufferFull", Time since last: 5065708 ns, Reaching safepoint: 158503 ns, At safepoint: 48801 ns, Total: 207304 ns
[5.204s][info ][safepoint      ] Safepoint "ICBufferFull", Time since last: 42310704 ns, Reaching safepoint: 3199869 ns, At safepoint: 39901 ns, Total: 3239770 ns
[5.216s][info ][safepoint      ] Safepoint "ICBufferFull", Time since last: 12767672 ns, Reaching safepoint: 125503 ns, At safepoint: 28501 ns, Total: 154004 ns
[5.236s][info ][gc,start       ] GC(6) Pause Young (Allocation Failure)
[5.322s][debug][gc,phases      ] GC(6) Scavenge 85.515ms
[5.322s][debug][gc,ref         ] GC(6) Skipped phase 1 of Reference Processing: no references
[5.322s][debug][gc,ref         ] GC(6) ReferenceProcessor::execute queues: 4, RefProcThreadModel::Multi, marks_oops_alive: false
[5.322s][debug][gc,ref         ] GC(6) Skipped phase 3 of Reference Processing: no references
[5.322s][debug][gc,ref         ] GC(6) ReferenceProcessor::execute queues: 1, RefProcThreadModel::Single, marks_oops_alive: false
[5.322s][debug][gc,phases      ] GC(6) Reference Processing 0.346ms
[5.323s][debug][gc,phases      ] GC(6)   VM Weak                        Min:  0.0, Avg:  0.0, Max:  0.0, Diff:  0.0, Sum:  0.0, Workers: 4
[5.323s][debug][gc,phases      ] GC(6)     Dead                           Min: 0, Avg:  0.0, Max: 0, Diff: 0, Sum: 0, Workers: 4
[5.323s][debug][gc,phases      ] GC(6)     Total                          Min: 0, Avg: 109.2, Max: 245, Diff: 245, Sum: 437, Workers: 4
[5.323s][debug][gc,phases      ] GC(6)   ObjectSynchronizer Weak        Min:  0.0, Avg:  0.0, Max:  0.0, Diff:  0.0, Sum:  0.0, Workers: 4
[5.323s][debug][gc,phases      ] GC(6)     Dead                           Min: 0, Avg:  0.0, Max: 0, Diff: 0, Sum: 0, Workers: 4
[5.323s][debug][gc,phases      ] GC(6)     Total                          Min: 0, Avg: 79.2, Max: 192, Diff: 192, Sum: 317, Workers: 4
[5.323s][debug][gc,phases      ] GC(6)   JVMTI Tag Weak OopStorage      Min:  0.0, Avg:  0.0, Max:  0.0, Diff:  0.0, Sum:  0.0, Workers: 4
[5.323s][debug][gc,phases      ] GC(6)     Dead                           Min: 0, Avg:  0.0, Max: 0, Diff: 0, Sum: 0, Workers: 4
[5.323s][debug][gc,phases      ] GC(6)     Total                          Min: 0, Avg:  0.0, Max: 0, Diff: 0, Sum: 0, Workers: 4
[5.323s][debug][gc,phases      ] GC(6)   StringTable Weak               Min:  0.3, Avg:  0.3, Max:  0.3, Diff:  0.0, Sum:  1.3, Workers: 4
[5.323s][debug][gc,phases      ] GC(6)     Dead                           Min: 0, Avg:  0.0, Max: 0, Diff: 0, Sum: 0, Workers: 4
[5.323s][debug][gc,phases      ] GC(6)     Total                          Min: 6912, Avg: 9603.8, Max: 11215, Diff: 4303, Sum: 38415, Workers: 4
[5.323s][debug][gc,phases      ] GC(6)   ResolvedMethodTable Weak       Min:  0.0, Avg:  0.0, Max:  0.0, Diff:  0.0, Sum:  0.2, Workers: 4
[5.323s][debug][gc,phases      ] GC(6)     Dead                           Min: 0, Avg:  0.0, Max: 0, Diff: 0, Sum: 0, Workers: 4
[5.323s][debug][gc,phases      ] GC(6)     Total                          Min: 690, Avg: 1230.0, Max: 1587, Diff: 897, Sum: 4920, Workers: 4
[5.323s][debug][gc,phases      ] GC(6)   JNI Weak                       Min:  0.0, Avg:  0.0, Max:  0.0, Diff:  0.0, Sum:  0.0, Workers: 4
[5.323s][debug][gc,phases      ] GC(6)     Dead                           Min: 0, Avg:  0.0, Max: 0, Diff: 0, Sum: 0, Workers: 4
[5.323s][debug][gc,phases      ] GC(6)     Total                          Min: 0, Avg:  1.8, Max: 7, Diff: 7, Sum: 7, Workers: 4
[5.323s][debug][gc,phases      ] GC(6)   StringDedup Table Weak         Min:  0.0, Avg:  0.0, Max:  0.0, Diff:  0.0, Sum:  0.0, Workers: 4
[5.323s][debug][gc,phases      ] GC(6)     Dead                           Min: 0, Avg:  0.0, Max: 0, Diff: 0, Sum: 0, Workers: 4
[5.323s][debug][gc,phases      ] GC(6)     Total                          Min: 0, Avg:  0.0, Max: 0, Diff: 0, Sum: 0, Workers: 4
[5.323s][debug][gc,phases      ] GC(6)   StringDedup Requests0 Weak     Min:  0.0, Avg:  0.0, Max:  0.0, Diff:  0.0, Sum:  0.0, Workers: 4
[5.323s][debug][gc,phases      ] GC(6)     Dead                           Min: 0, Avg:  0.0, Max: 0, Diff: 0, Sum: 0, Workers: 4
[5.323s][debug][gc,phases      ] GC(6)     Total                          Min: 0, Avg:  0.0, Max: 0, Diff: 0, Sum: 0, Workers: 4
[5.323s][debug][gc,phases      ] GC(6)   StringDedup Requests1 Weak     Min:  0.0, Avg:  0.0, Max:  0.0, Diff:  0.0, Sum:  0.0, Workers: 4
[5.323s][debug][gc,phases      ] GC(6)     Dead                           Min: 0, Avg:  0.0, Max: 0, Diff: 0, Sum: 0, Workers: 4
[5.323s][debug][gc,phases      ] GC(6)     Total                          Min: 0, Avg:  0.0, Max: 0, Diff: 0, Sum: 0, Workers: 4
[5.323s][debug][gc,phases      ] GC(6)   Weak JFR Old Object Samples    Min:  0.0, Avg:  0.0, Max:  0.0, Diff:  0.0, Sum:  0.0, Workers: 4
[5.323s][debug][gc,phases      ] GC(6)     Dead                           Min: 0, Avg:  0.0, Max: 0, Diff: 0, Sum: 0, Workers: 4
[5.323s][debug][gc,phases      ] GC(6)     Total                          Min: 0, Avg:  0.0, Max: 0, Diff: 0, Sum: 0, Workers: 4
[5.323s][debug][gc,phases      ] GC(6) Weak Processing 0.554ms
[5.323s][debug][gc,age         ] GC(6) Desired survivor size 536870912 bytes, new threshold 7 (max threshold 15)
[5.323s][info ][gc,heap        ] GC(6) PSYoungGen: 1226291K(1572864K)->180506K(1572864K) Eden: 1048576K(1048576K)->0K(1048576K) From: 177715K(524288K)->180506K(524288K)
[5.323s][info ][gc,heap        ] GC(6) ParOldGen: 6154K(18944K)->6162K(18944K)
[5.323s][info ][gc,metaspace   ] GC(6) Metaspace: 54190K(54720K)->54190K(54720K) NonClass: 46180K(46464K)->46180K(46464K) Class: 8009K(8256K)->8009K(8256K)
[5.323s][info ][gc             ] GC(6) Pause Young (Allocation Failure) 1203M->182M(1554M) 86.561ms
[5.323s][info ][gc,cpu         ] GC(6) User=0.30s Sys=0.04s Real=0.08s
[5.323s][info ][safepoint      ] Safepoint "ParallelGCFailedAllocation", Time since last: 18810101 ns, Reaching safepoint: 915120 ns, At safepoint: 86666251 ns, Total: 87581371 ns
[5.339s][info ][safepoint      ] Safepoint "ICBufferFull", Time since last: 15443830 ns, Reaching safepoint: 171604 ns, At safepoint: 39901 ns, Total: 211505 ns
[5.445s][info ][safepoint      ] Safepoint "ICBufferFull", Time since last: 105791560 ns, Reaching safepoint: 157603 ns, At safepoint: 23601 ns, Total: 181204 ns
[5.466s][info ][safepoint      ] Safepoint "ICBufferFull", Time since last: 21274454 ns, Reaching safepoint: 140603 ns, At safepoint: 25201 ns, Total: 165804 ns
[5.467s][info ][safepoint      ] Safepoint "ICBufferFull", Time since last: 971820 ns, Reaching safepoint: 105803 ns, At safepoint: 23700 ns, Total: 129503 ns
[5.468s][info ][safepoint      ] Safepoint "ICBufferFull", Time since last: 693015 ns, Reaching safepoint: 101102 ns, At safepoint: 19701 ns, Total: 120803 ns
[5.469s][info ][safepoint      ] Safepoint "ICBufferFull", Time since last: 889219 ns, Reaching safepoint: 92101 ns, At safepoint: 21401 ns, Total: 113502 ns
[5.470s][info ][safepoint      ] Safepoint "ICBufferFull", Time since last: 701015 ns, Reaching safepoint: 88402 ns, At safepoint: 25900 ns, Total: 114302 ns
[5.489s][info ][safepoint      ] Safepoint "ICBufferFull", Time since last: 15147024 ns, Reaching safepoint: 4259091 ns, At safepoint: 29001 ns, Total: 4288092 ns
[5.490s][info ][safepoint      ] Safepoint "ICBufferFull", Time since last: 733715 ns, Reaching safepoint: 99802 ns, At safepoint: 23701 ns, Total: 123503 ns
[5.491s][info ][safepoint      ] Safepoint "ICBufferFull", Time since last: 654814 ns, Reaching safepoint: 98302 ns, At safepoint: 31101 ns, Total: 129403 ns
[5.492s][info ][safepoint      ] Safepoint "ICBufferFull", Time since last: 654314 ns, Reaching safepoint: 95102 ns, At safepoint: 28800 ns, Total: 123902 ns
[5.492s][info ][safepoint      ] Safepoint "ICBufferFull", Time since last: 667914 ns, Reaching safepoint: 99803 ns, At safepoint: 36200 ns, Total: 136003 ns
[5.493s][info ][safepoint      ] Safepoint "ICBufferFull", Time since last: 805718 ns, Reaching safepoint: 97602 ns, At safepoint: 28900 ns, Total: 126502 ns
[5.494s][info ][safepoint      ] Safepoint "ICBufferFull", Time since last: 656414 ns, Reaching safepoint: 96502 ns, At safepoint: 31901 ns, Total: 128403 ns
[5.495s][info ][safepoint      ] Safepoint "ICBufferFull", Time since last: 664314 ns, Reaching safepoint: 99102 ns, At safepoint: 31601 ns, Total: 130703 ns
[5.496s][info ][safepoint      ] Safepoint "ICBufferFull", Time since last: 684515 ns, Reaching safepoint: 97402 ns, At safepoint: 30400 ns, Total: 127802 ns
[5.496s][info ][safepoint      ] Safepoint "ICBufferFull", Time since last: 689615 ns, Reaching safepoint: 96702 ns, At safepoint: 26201 ns, Total: 122903 ns
[5.497s][info ][safepoint      ] Safepoint "ICBufferFull", Time since last: 649114 ns, Reaching safepoint: 96402 ns, At safepoint: 32300 ns, Total: 128702 ns
[5.498s][info ][safepoint      ] Safepoint "ICBufferFull", Time since last: 660214 ns, Reaching safepoint: 95703 ns, At safepoint: 37100 ns, Total: 132803 ns
[5.499s][info ][safepoint      ] Safepoint "ICBufferFull", Time since last: 669415 ns, Reaching safepoint: 97302 ns, At safepoint: 30400 ns, Total: 127702 ns
[5.501s][info ][safepoint      ] Safepoint "ICBufferFull", Time since last: 1561434 ns, Reaching safepoint: 98702 ns, At safepoint: 32901 ns, Total: 131603 ns
[5.501s][info ][safepoint      ] Safepoint "ICBufferFull", Time since last: 658614 ns, Reaching safepoint: 96202 ns, At safepoint: 27300 ns, Total: 123502 ns
[5.502s][info ][safepoint      ] Safepoint "ICBufferFull", Time since last: 675015 ns, Reaching safepoint: 99402 ns, At safepoint: 28400 ns, Total: 127802 ns
[5.505s][info ][safepoint      ] Safepoint "ICBufferFull", Time since last: 658614 ns, Reaching safepoint: 2168947 ns, At safepoint: 37601 ns, Total: 2206548 ns
[5.514s][info ][safepoint      ] Safepoint "ICBufferFull", Time since last: 8860889 ns, Reaching safepoint: 110002 ns, At safepoint: 40001 ns, Total: 150003 ns
[5.515s][info ][safepoint      ] Safepoint "ICBufferFull", Time since last: 834018 ns, Reaching safepoint: 84902 ns, At safepoint: 31800 ns, Total: 116702 ns
[5.516s][info ][safepoint      ] Safepoint "ICBufferFull", Time since last: 880719 ns, Reaching safepoint: 107203 ns, At safepoint: 23000 ns, Total: 130203 ns
[5.517s][info ][safepoint      ] Safepoint "ICBufferFull", Time since last: 815917 ns, Reaching safepoint: 90602 ns, At safepoint: 37801 ns, Total: 128403 ns
[5.518s][info ][safepoint      ] Safepoint "ICBufferFull", Time since last: 804817 ns, Reaching safepoint: 90502 ns, At safepoint: 30401 ns, Total: 120903 ns
[5.519s][info ][safepoint      ] Safepoint "ICBufferFull", Time since last: 754816 ns, Reaching safepoint: 99702 ns, At safepoint: 28101 ns, Total: 127803 ns
[5.520s][info ][safepoint      ] Safepoint "ICBufferFull", Time since last: 902819 ns, Reaching safepoint: 100302 ns, At safepoint: 26701 ns, Total: 127003 ns
[5.521s][info ][safepoint      ] Safepoint "ICBufferFull", Time since last: 906419 ns, Reaching safepoint: 92502 ns, At safepoint: 27001 ns, Total: 119503 ns
[5.522s][info ][safepoint      ] Safepoint "ICBufferFull", Time since last: 787617 ns, Reaching safepoint: 93802 ns, At safepoint: 25100 ns, Total: 118902 ns
[5.523s][info ][safepoint      ] Safepoint "ICBufferFull", Time since last: 883219 ns, Reaching safepoint: 91302 ns, At safepoint: 25600 ns, Total: 116902 ns
[5.524s][info ][safepoint      ] Safepoint "ICBufferFull", Time since last: 906520 ns, Reaching safepoint: 95402 ns, At safepoint: 28200 ns, Total: 123602 ns
[5.543s][info ][safepoint      ] Safepoint "ICBufferFull", Time since last: 18962906 ns, Reaching safepoint: 152603 ns, At safepoint: 40801 ns, Total: 193404 ns
[5.549s][info ][safepoint      ] Safepoint "ICBufferFull", Time since last: 5969527 ns, Reaching safepoint: 120203 ns, At safepoint: 30900 ns, Total: 151103 ns
[5.550s][info ][safepoint      ] Safepoint "ICBufferFull", Time since last: 791117 ns, Reaching safepoint: 112403 ns, At safepoint: 34300 ns, Total: 146703 ns
[5.551s][info ][safepoint      ] Safepoint "ICBufferFull", Time since last: 677115 ns, Reaching safepoint: 95502 ns, At safepoint: 28401 ns, Total: 123903 ns
[5.552s][info ][safepoint      ] Safepoint "ICBufferFull", Time since last: 661814 ns, Reaching safepoint: 94202 ns, At safepoint: 26600 ns, Total: 120802 ns
[5.552s][info ][safepoint      ] Safepoint "ICBufferFull", Time since last: 679115 ns, Reaching safepoint: 91702 ns, At safepoint: 29800 ns, Total: 121502 ns
[5.553s][info ][safepoint      ] Safepoint "ICBufferFull", Time since last: 669715 ns, Reaching safepoint: 90602 ns, At safepoint: 30600 ns, Total: 121202 ns
[5.554s][info ][safepoint      ] Safepoint "ICBufferFull", Time since last: 742816 ns, Reaching safepoint: 101702 ns, At safepoint: 33801 ns, Total: 135503 ns
[5.555s][info ][safepoint      ] Safepoint "ICBufferFull", Time since last: 667314 ns, Reaching safepoint: 161804 ns, At safepoint: 31600 ns, Total: 193404 ns
[5.556s][info ][safepoint      ] Safepoint "ICBufferFull", Time since last: 681215 ns, Reaching safepoint: 229705 ns, At safepoint: 34301 ns, Total: 264006 ns
[5.557s][info ][safepoint      ] Safepoint "ICBufferFull", Time since last: 810917 ns, Reaching safepoint: 103502 ns, At safepoint: 33001 ns, Total: 136503 ns
[5.558s][info ][safepoint      ] Safepoint "ICBufferFull", Time since last: 659214 ns, Reaching safepoint: 93402 ns, At safepoint: 30501 ns, Total: 123903 ns
[5.558s][info ][safepoint      ] Safepoint "ICBufferFull", Time since last: 651414 ns, Reaching safepoint: 91101 ns, At safepoint: 22001 ns, Total: 113102 ns
[5.559s][info ][safepoint      ] Safepoint "ICBufferFull", Time since last: 667914 ns, Reaching safepoint: 92102 ns, At safepoint: 25601 ns, Total: 117703 ns
[5.560s][info ][safepoint      ] Safepoint "ICBufferFull", Time since last: 661614 ns, Reaching safepoint: 95802 ns, At safepoint: 27000 ns, Total: 122802 ns
[5.580s][info ][safepoint      ] Safepoint "ICBufferFull", Time since last: 18429794 ns, Reaching safepoint: 2123346 ns, At safepoint: 34200 ns, Total: 2157546 ns
[5.581s][info ][safepoint      ] Safepoint "ICBufferFull", Time since last: 821018 ns, Reaching safepoint: 117502 ns, At safepoint: 20901 ns, Total: 138403 ns
[5.582s][info ][safepoint      ] Safepoint "ICBufferFull", Time since last: 722115 ns, Reaching safepoint: 105802 ns, At safepoint: 22501 ns, Total: 128303 ns
[5.583s][info ][safepoint      ] Safepoint "ICBufferFull", Time since last: 780017 ns, Reaching safepoint: 105102 ns, At safepoint: 24200 ns, Total: 129302 ns
[5.584s][info ][safepoint      ] Safepoint "ICBufferFull", Time since last: 683815 ns, Reaching safepoint: 91202 ns, At safepoint: 24500 ns, Total: 115702 ns
[5.585s][info ][safepoint      ] Safepoint "ICBufferFull", Time since last: 697415 ns, Reaching safepoint: 91802 ns, At safepoint: 24701 ns, Total: 116503 ns
[5.586s][info ][safepoint      ] Safepoint "ICBufferFull", Time since last: 674314 ns, Reaching safepoint: 91202 ns, At safepoint: 24401 ns, Total: 115603 ns
[5.586s][info ][safepoint      ] Safepoint "ICBufferFull", Time since last: 679014 ns, Reaching safepoint: 90102 ns, At safepoint: 21801 ns, Total: 111903 ns
[5.587s][info ][safepoint      ] Safepoint "ICBufferFull", Time since last: 704915 ns, Reaching safepoint: 120202 ns, At safepoint: 26901 ns, Total: 147103 ns
[5.588s][info ][safepoint      ] Safepoint "ICBufferFull", Time since last: 709115 ns, Reaching safepoint: 104002 ns, At safepoint: 30601 ns, Total: 134603 ns
[5.589s][info ][safepoint      ] Safepoint "ICBufferFull", Time since last: 693415 ns, Reaching safepoint: 121102 ns, At safepoint: 27301 ns, Total: 148403 ns
[5.590s][info ][safepoint      ] Safepoint "ICBufferFull", Time since last: 692615 ns, Reaching safepoint: 102302 ns, At safepoint: 25300 ns, Total: 127602 ns
[5.591s][info ][safepoint      ] Safepoint "ICBufferFull", Time since last: 678415 ns, Reaching safepoint: 98602 ns, At safepoint: 22600 ns, Total: 121202 ns
[5.591s][info ][safepoint      ] Safepoint "ICBufferFull", Time since last: 745516 ns, Reaching safepoint: 96402 ns, At safepoint: 27701 ns, Total: 124103 ns
[5.592s][info ][safepoint      ] Safepoint "ICBufferFull", Time since last: 709815 ns, Reaching safepoint: 97102 ns, At safepoint: 26901 ns, Total: 124003 ns
[5.593s][info ][safepoint      ] Safepoint "ICBufferFull", Time since last: 680114 ns, Reaching safepoint: 96402 ns, At safepoint: 25601 ns, Total: 122003 ns
[5.594s][info ][safepoint      ] Safepoint "ICBufferFull", Time since last: 672414 ns, Reaching safepoint: 91902 ns, At safepoint: 26501 ns, Total: 118403 ns
[5.595s][info ][safepoint      ] Safepoint "ICBufferFull", Time since last: 699715 ns, Reaching safepoint: 81802 ns, At safepoint: 29800 ns, Total: 111602 ns
[5.595s][info ][safepoint      ] Safepoint "ICBufferFull", Time since last: 665514 ns, Reaching safepoint: 102403 ns, At safepoint: 31500 ns, Total: 133903 ns
[5.609s][info ][safepoint      ] Safepoint "ICBufferFull", Time since last: 13407087 ns, Reaching safepoint: 128602 ns, At safepoint: 29901 ns, Total: 158503 ns
[5.610s][info ][safepoint      ] Safepoint "ICBufferFull", Time since last: 723615 ns, Reaching safepoint: 99903 ns, At safepoint: 26500 ns, Total: 126403 ns
[5.611s][info ][safepoint      ] Safepoint "ICBufferFull", Time since last: 665114 ns, Reaching safepoint: 94602 ns, At safepoint: 32701 ns, Total: 127303 ns
[5.611s][info ][safepoint      ] Safepoint "ICBufferFull", Time since last: 681415 ns, Reaching safepoint: 98102 ns, At safepoint: 24400 ns, Total: 122502 ns
[5.612s][info ][safepoint      ] Safepoint "ICBufferFull", Time since last: 692315 ns, Reaching safepoint: 92202 ns, At safepoint: 28301 ns, Total: 120503 ns
[5.613s][info ][safepoint      ] Safepoint "ICBufferFull", Time since last: 685414 ns, Reaching safepoint: 92602 ns, At safepoint: 27101 ns, Total: 119703 ns
[5.614s][info ][safepoint      ] Safepoint "ICBufferFull", Time since last: 684814 ns, Reaching safepoint: 91002 ns, At safepoint: 21301 ns, Total: 112303 ns
[5.615s][info ][safepoint      ] Safepoint "ICBufferFull", Time since last: 679714 ns, Reaching safepoint: 88402 ns, At safepoint: 19301 ns, Total: 107703 ns
[5.615s][info ][safepoint      ] Safepoint "ICBufferFull", Time since last: 689014 ns, Reaching safepoint: 101403 ns, At safepoint: 20400 ns, Total: 121803 ns
[5.616s][info ][safepoint      ] Safepoint "ICBufferFull", Time since last: 713215 ns, Reaching safepoint: 104702 ns, At safepoint: 21801 ns, Total: 126503 ns
[5.617s][info ][safepoint      ] Safepoint "ICBufferFull", Time since last: 729416 ns, Reaching safepoint: 89201 ns, At safepoint: 19401 ns, Total: 108602 ns
[5.618s][info ][safepoint      ] Safepoint "ICBufferFull", Time since last: 677414 ns, Reaching safepoint: 88802 ns, At safepoint: 19701 ns, Total: 108503 ns
[5.619s][info ][safepoint      ] Safepoint "ICBufferFull", Time since last: 673214 ns, Reaching safepoint: 99402 ns, At safepoint: 22601 ns, Total: 122003 ns
[5.619s][info ][safepoint      ] Safepoint "ICBufferFull", Time since last: 682114 ns, Reaching safepoint: 87802 ns, At safepoint: 23201 ns, Total: 111003 ns
[5.622s][info ][safepoint      ] Safepoint "ICBufferFull", Time since last: 668814 ns, Reaching safepoint: 2124445 ns, At safepoint: 25401 ns, Total: 2149846 ns
[5.623s][info ][safepoint      ] Safepoint "ICBufferFull", Time since last: 785817 ns, Reaching safepoint: 122702 ns, At safepoint: 23401 ns, Total: 146103 ns
[5.624s][info ][safepoint      ] Safepoint "ICBufferFull", Time since last: 902219 ns, Reaching safepoint: 93302 ns, At safepoint: 29401 ns, Total: 122703 ns
[5.625s][info ][safepoint      ] Safepoint "ICBufferFull", Time since last: 864418 ns, Reaching safepoint: 91802 ns, At safepoint: 26101 ns, Total: 117903 ns
[5.626s][info ][safepoint      ] Safepoint "ICBufferFull", Time since last: 772416 ns, Reaching safepoint: 114203 ns, At safepoint: 29000 ns, Total: 143203 ns
[5.627s][info ][safepoint      ] Safepoint "ICBufferFull", Time since last: 683415 ns, Reaching safepoint: 93802 ns, At safepoint: 30900 ns, Total: 124702 ns
[5.628s][info ][safepoint      ] Safepoint "ICBufferFull", Time since last: 660815 ns, Reaching safepoint: 117702 ns, At safepoint: 29201 ns, Total: 146903 ns
[5.629s][info ][safepoint      ] Safepoint "ICBufferFull", Time since last: 673314 ns, Reaching safepoint: 93602 ns, At safepoint: 25101 ns, Total: 118703 ns
[5.629s][info ][safepoint      ] Safepoint "ICBufferFull", Time since last: 670814 ns, Reaching safepoint: 89102 ns, At safepoint: 20300 ns, Total: 109402 ns
[5.630s][info ][safepoint      ] Safepoint "ICBufferFull", Time since last: 697615 ns, Reaching safepoint: 87702 ns, At safepoint: 15900 ns, Total: 103602 ns
[5.631s][info ][safepoint      ] Safepoint "ICBufferFull", Time since last: 682315 ns, Reaching safepoint: 104302 ns, At safepoint: 21501 ns, Total: 125803 ns
[5.632s][info ][safepoint      ] Safepoint "ICBufferFull", Time since last: 702015 ns, Reaching safepoint: 173103 ns, At safepoint: 23901 ns, Total: 197004 ns
[5.633s][info ][safepoint      ] Safepoint "ICBufferFull", Time since last: 685714 ns, Reaching safepoint: 378209 ns, At safepoint: 24100 ns, Total: 402309 ns
[5.634s][info ][safepoint      ] Safepoint "ICBufferFull", Time since last: 675514 ns, Reaching safepoint: 102603 ns, At safepoint: 23400 ns, Total: 126003 ns
[5.635s][info ][safepoint      ] Safepoint "ICBufferFull", Time since last: 664414 ns, Reaching safepoint: 85702 ns, At safepoint: 18701 ns, Total: 104403 ns
[5.635s][info ][safepoint      ] Safepoint "ICBufferFull", Time since last: 652114 ns, Reaching safepoint: 86901 ns, At safepoint: 22101 ns, Total: 109002 ns
[5.636s][info ][safepoint      ] Safepoint "ICBufferFull", Time since last: 672514 ns, Reaching safepoint: 87802 ns, At safepoint: 24601 ns, Total: 112403 ns
[5.637s][info ][safepoint      ] Safepoint "ICBufferFull", Time since last: 694014 ns, Reaching safepoint: 86402 ns, At safepoint: 18901 ns, Total: 105303 ns
[5.638s][info ][safepoint      ] Safepoint "ICBufferFull", Time since last: 680514 ns, Reaching safepoint: 86202 ns, At safepoint: 21801 ns, Total: 108003 ns
[5.638s][info ][safepoint      ] Safepoint "ICBufferFull", Time since last: 681914 ns, Reaching safepoint: 94002 ns, At safepoint: 19901 ns, Total: 113903 ns
[5.639s][info ][safepoint      ] Safepoint "ICBufferFull", Time since last: 670514 ns, Reaching safepoint: 87102 ns, At safepoint: 21300 ns, Total: 108402 ns
[5.640s][info ][safepoint      ] Safepoint "ICBufferFull", Time since last: 668014 ns, Reaching safepoint: 86002 ns, At safepoint: 22801 ns, Total: 108803 ns
[5.641s][info ][safepoint      ] Safepoint "ICBufferFull", Time since last: 699015 ns, Reaching safepoint: 103702 ns, At safepoint: 19600 ns, Total: 123302 ns
[5.642s][info ][safepoint      ] Safepoint "ICBufferFull", Time since last: 682515 ns, Reaching safepoint: 175004 ns, At safepoint: 22900 ns, Total: 197904 ns
[5.657s][info ][safepoint      ] Safepoint "ICBufferFull", Time since last: 15076522 ns, Reaching safepoint: 105402 ns, At safepoint: 30501 ns, Total: 135903 ns
[5.658s][info ][safepoint      ] Safepoint "ICBufferFull", Time since last: 703015 ns, Reaching safepoint: 92302 ns, At safepoint: 26101 ns, Total: 118403 ns
[5.659s][info ][safepoint      ] Safepoint "ICBufferFull", Time since last: 673614 ns, Reaching safepoint: 107002 ns, At safepoint: 27601 ns, Total: 134603 ns
[5.659s][info ][safepoint      ] Safepoint "ICBufferFull", Time since last: 666614 ns, Reaching safepoint: 107102 ns, At safepoint: 25301 ns, Total: 132403 ns
[5.660s][info ][safepoint      ] Safepoint "ICBufferFull", Time since last: 661214 ns, Reaching safepoint: 103302 ns, At safepoint: 38601 ns, Total: 141903 ns
[5.661s][info ][safepoint      ] Safepoint "ICBufferFull", Time since last: 702215 ns, Reaching safepoint: 93002 ns, At safepoint: 25901 ns, Total: 118903 ns
[5.662s][info ][safepoint      ] Safepoint "ICBufferFull", Time since last: 673214 ns, Reaching safepoint: 92802 ns, At safepoint: 28701 ns, Total: 121503 ns
[5.663s][info ][safepoint      ] Safepoint "ICBufferFull", Time since last: 660914 ns, Reaching safepoint: 112302 ns, At safepoint: 30001 ns, Total: 142303 ns
[5.663s][info ][safepoint      ] Safepoint "ICBufferFull", Time since last: 671214 ns, Reaching safepoint: 112703 ns, At safepoint: 29700 ns, Total: 142403 ns
[5.664s][info ][safepoint      ] Safepoint "ICBufferFull", Time since last: 672115 ns, Reaching safepoint: 92602 ns, At safepoint: 36500 ns, Total: 129102 ns
[5.665s][info ][safepoint      ] Safepoint "ICBufferFull", Time since last: 854819 ns, Reaching safepoint: 103202 ns, At safepoint: 25400 ns, Total: 128602 ns
[5.666s][info ][safepoint      ] Safepoint "ICBufferFull", Time since last: 697215 ns, Reaching safepoint: 116203 ns, At safepoint: 28400 ns, Total: 144603 ns
[5.667s][info ][safepoint      ] Safepoint "ICBufferFull", Time since last: 696615 ns, Reaching safepoint: 92602 ns, At safepoint: 29601 ns, Total: 122203 ns
[5.668s][info ][safepoint      ] Safepoint "ICBufferFull", Time since last: 795917 ns, Reaching safepoint: 95102 ns, At safepoint: 24400 ns, Total: 119502 ns
[5.669s][info ][safepoint      ] Safepoint "ICBufferFull", Time since last: 844618 ns, Reaching safepoint: 92302 ns, At safepoint: 28201 ns, Total: 120503 ns
[5.670s][info ][safepoint      ] Safepoint "ICBufferFull", Time since last: 823918 ns, Reaching safepoint: 95102 ns, At safepoint: 22700 ns, Total: 117802 ns
[5.673s][info ][safepoint      ] Safepoint "ICBufferFull", Time since last: 871019 ns, Reaching safepoint: 2109745 ns, At safepoint: 26900 ns, Total: 2136645 ns
[5.676s][info ][safepoint      ] Safepoint "ICBufferFull", Time since last: 2585956 ns, Reaching safepoint: 952920 ns, At safepoint: 26601 ns, Total: 979521 ns
[5.772s][info ][gc,start       ] GC(7) Pause Young (Allocation Failure)
[5.852s][debug][gc,phases      ] GC(7) Scavenge 80.323ms
[5.852s][debug][gc,ref         ] GC(7) Skipped phase 1 of Reference Processing: no references
[5.852s][debug][gc,ref         ] GC(7) ReferenceProcessor::execute queues: 4, RefProcThreadModel::Multi, marks_oops_alive: false
[5.853s][debug][gc,ref         ] GC(7) Skipped phase 3 of Reference Processing: no references
[5.853s][debug][gc,ref         ] GC(7) ReferenceProcessor::execute queues: 1, RefProcThreadModel::Single, marks_oops_alive: false
[5.853s][debug][gc,phases      ] GC(7) Reference Processing 0.301ms
[5.853s][debug][gc,phases      ] GC(7)   VM Weak                        Min:  0.0, Avg:  0.0, Max:  0.0, Diff:  0.0, Sum:  0.0, Workers: 4
[5.853s][debug][gc,phases      ] GC(7)     Dead                           Min: 0, Avg:  0.0, Max: 0, Diff: 0, Sum: 0, Workers: 4
[5.853s][debug][gc,phases      ] GC(7)     Total                          Min: 0, Avg: 110.0, Max: 440, Diff: 440, Sum: 440, Workers: 4
[5.853s][debug][gc,phases      ] GC(7)   ObjectSynchronizer Weak        Min:  0.0, Avg:  0.0, Max:  0.0, Diff:  0.0, Sum:  0.0, Workers: 4
[5.853s][debug][gc,phases      ] GC(7)     Dead                           Min: 0, Avg:  0.0, Max: 0, Diff: 0, Sum: 0, Workers: 4
[5.853s][debug][gc,phases      ] GC(7)     Total                          Min: 0, Avg: 79.2, Max: 256, Diff: 256, Sum: 317, Workers: 4
[5.853s][debug][gc,phases      ] GC(7)   JVMTI Tag Weak OopStorage      Min:  0.0, Avg:  0.0, Max:  0.0, Diff:  0.0, Sum:  0.0, Workers: 4
[5.853s][debug][gc,phases      ] GC(7)     Dead                           Min: 0, Avg:  0.0, Max: 0, Diff: 0, Sum: 0, Workers: 4
[5.853s][debug][gc,phases      ] GC(7)     Total                          Min: 0, Avg:  0.0, Max: 0, Diff: 0, Sum: 0, Workers: 4
[5.853s][debug][gc,phases      ] GC(7)   StringTable Weak               Min:  0.3, Avg:  0.3, Max:  0.3, Diff:  0.0, Sum:  1.3, Workers: 4
[5.853s][debug][gc,phases      ] GC(7)     Dead                           Min: 0, Avg:  3.8, Max: 15, Diff: 15, Sum: 15, Workers: 4
[5.853s][debug][gc,phases      ] GC(7)     Total                          Min: 8384, Avg: 9621.2, Max: 11008, Diff: 2624, Sum: 38485, Workers: 4
[5.853s][debug][gc,phases      ] GC(7)   ResolvedMethodTable Weak       Min:  0.0, Avg:  0.0, Max:  0.0, Diff:  0.0, Sum:  0.2, Workers: 4
[5.853s][debug][gc,phases      ] GC(7)     Dead                           Min: 0, Avg:  3.5, Max: 7, Diff: 7, Sum: 14, Workers: 4
[5.853s][debug][gc,phases      ] GC(7)     Total                          Min: 1139, Avg: 1247.2, Max: 1406, Diff: 267, Sum: 4989, Workers: 4
[5.853s][debug][gc,phases      ] GC(7)   JNI Weak                       Min:  0.0, Avg:  0.0, Max:  0.0, Diff:  0.0, Sum:  0.0, Workers: 4
[5.853s][debug][gc,phases      ] GC(7)     Dead                           Min: 0, Avg:  0.0, Max: 0, Diff: 0, Sum: 0, Workers: 4
[5.853s][debug][gc,phases      ] GC(7)     Total                          Min: 0, Avg:  0.2, Max: 1, Diff: 1, Sum: 1, Workers: 4
[5.853s][debug][gc,phases      ] GC(7)   StringDedup Table Weak         Min:  0.0, Avg:  0.0, Max:  0.0, Diff:  0.0, Sum:  0.0, Workers: 4
[5.853s][debug][gc,phases      ] GC(7)     Dead                           Min: 0, Avg:  0.0, Max: 0, Diff: 0, Sum: 0, Workers: 4
[5.853s][debug][gc,phases      ] GC(7)     Total                          Min: 0, Avg:  0.0, Max: 0, Diff: 0, Sum: 0, Workers: 4
[5.853s][debug][gc,phases      ] GC(7)   StringDedup Requests0 Weak     Min:  0.0, Avg:  0.0, Max:  0.0, Diff:  0.0, Sum:  0.0, Workers: 4
[5.853s][debug][gc,phases      ] GC(7)     Dead                           Min: 0, Avg:  0.0, Max: 0, Diff: 0, Sum: 0, Workers: 4
[5.853s][debug][gc,phases      ] GC(7)     Total                          Min: 0, Avg:  0.0, Max: 0, Diff: 0, Sum: 0, Workers: 4
[5.853s][debug][gc,phases      ] GC(7)   StringDedup Requests1 Weak     Min:  0.0, Avg:  0.0, Max:  0.0, Diff:  0.0, Sum:  0.0, Workers: 4
[5.853s][debug][gc,phases      ] GC(7)     Dead                           Min: 0, Avg:  0.0, Max: 0, Diff: 0, Sum: 0, Workers: 4
[5.853s][debug][gc,phases      ] GC(7)     Total                          Min: 0, Avg:  0.0, Max: 0, Diff: 0, Sum: 0, Workers: 4
[5.853s][debug][gc,phases      ] GC(7)   Weak JFR Old Object Samples    Min:  0.0, Avg:  0.0, Max:  0.0, Diff:  0.0, Sum:  0.0, Workers: 4
[5.853s][debug][gc,phases      ] GC(7)     Dead                           Min: 0, Avg:  0.0, Max: 0, Diff: 0, Sum: 0, Workers: 4
[5.853s][debug][gc,phases      ] GC(7)     Total                          Min: 0, Avg:  0.0, Max: 0, Diff: 0, Sum: 0, Workers: 4
[5.853s][debug][gc,phases      ] GC(7) Weak Processing 0.566ms
[5.853s][debug][gc,age         ] GC(7) Desired survivor size 275775488 bytes, new threshold 8 (max threshold 15)
[5.853s][info ][gc,heap        ] GC(7) PSYoungGen: 1229082K(1572864K)->180532K(1827840K) Eden: 1048576K(1048576K)->0K(1303552K) From: 180506K(524288K)->180532K(524288K)
[5.853s][info ][gc,heap        ] GC(7) ParOldGen: 6162K(18944K)->6170K(18944K)
[5.853s][info ][gc,metaspace   ] GC(7) Metaspace: 54491K(55104K)->54491K(55104K) NonClass: 46439K(46784K)->46439K(46784K) Class: 8051K(8320K)->8051K(8320K)
[5.853s][info ][gc             ] GC(7) Pause Young (Allocation Failure) 1206M->182M(1803M) 81.337ms
[5.853s][info ][gc,cpu         ] GC(7) User=0.33s Sys=0.00s Real=0.08s
[5.853s][info ][safepoint      ] Safepoint "ParallelGCFailedAllocation", Time since last: 95424138 ns, Reaching safepoint: 136603 ns, At safepoint: 81455240 ns, Total: 81591843 ns
[6.214s][info ][gc,start       ] GC(8) Pause Young (Allocation Failure)
[6.299s][debug][gc,phases      ] GC(8) Scavenge 84.960ms
[6.299s][debug][gc,ref         ] GC(8) Skipped phase 1 of Reference Processing: no references
[6.299s][debug][gc,ref         ] GC(8) ReferenceProcessor::execute queues: 4, RefProcThreadModel::Multi, marks_oops_alive: false
[6.299s][debug][gc,ref         ] GC(8) Skipped phase 3 of Reference Processing: no references
[6.299s][debug][gc,ref         ] GC(8) ReferenceProcessor::execute queues: 1, RefProcThreadModel::Single, marks_oops_alive: false
[6.299s][debug][gc,phases      ] GC(8) Reference Processing 0.311ms
[6.300s][debug][gc,phases      ] GC(8)   VM Weak                        Min:  0.0, Avg:  0.0, Max:  0.0, Diff:  0.0, Sum:  0.0, Workers: 4
[6.300s][debug][gc,phases      ] GC(8)     Dead                           Min: 0, Avg:  0.0, Max: 0, Diff: 0, Sum: 0, Workers: 4
[6.300s][debug][gc,phases      ] GC(8)     Total                          Min: 0, Avg: 125.8, Max: 320, Diff: 320, Sum: 503, Workers: 4
[6.300s][debug][gc,phases      ] GC(8)   ObjectSynchronizer Weak        Min:  0.0, Avg:  0.0, Max:  0.0, Diff:  0.0, Sum:  0.0, Workers: 4
[6.300s][debug][gc,phases      ] GC(8)     Dead                           Min: 0, Avg:  0.0, Max: 0, Diff: 0, Sum: 0, Workers: 4
[6.300s][debug][gc,phases      ] GC(8)     Total                          Min: 0, Avg: 79.2, Max: 189, Diff: 189, Sum: 317, Workers: 4
[6.300s][debug][gc,phases      ] GC(8)   JVMTI Tag Weak OopStorage      Min:  0.0, Avg:  0.0, Max:  0.0, Diff:  0.0, Sum:  0.0, Workers: 4
[6.300s][debug][gc,phases      ] GC(8)     Dead                           Min: 0, Avg:  0.0, Max: 0, Diff: 0, Sum: 0, Workers: 4
[6.300s][debug][gc,phases      ] GC(8)     Total                          Min: 0, Avg:  0.0, Max: 0, Diff: 0, Sum: 0, Workers: 4
[6.300s][debug][gc,phases      ] GC(8)   StringTable Weak               Min:  0.3, Avg:  0.3, Max:  0.3, Diff:  0.0, Sum:  1.3, Workers: 4
[6.300s][debug][gc,phases      ] GC(8)     Dead                           Min: 0, Avg:  3.5, Max: 13, Diff: 13, Sum: 14, Workers: 4
[6.300s][debug][gc,phases      ] GC(8)     Total                          Min: 8384, Avg: 9637.5, Max: 11158, Diff: 2774, Sum: 38550, Workers: 4
[6.300s][debug][gc,phases      ] GC(8)   ResolvedMethodTable Weak       Min:  0.0, Avg:  0.0, Max:  0.0, Diff:  0.0, Sum:  0.2, Workers: 4
[6.300s][debug][gc,phases      ] GC(8)     Dead                           Min: 0, Avg:  0.2, Max: 1, Diff: 1, Sum: 1, Workers: 4
[6.300s][debug][gc,phases      ] GC(8)     Total                          Min: 1088, Avg: 1275.2, Max: 1472, Diff: 384, Sum: 5101, Workers: 4
[6.300s][debug][gc,phases      ] GC(8)   JNI Weak                       Min:  0.0, Avg:  0.0, Max:  0.0, Diff:  0.0, Sum:  0.0, Workers: 4
[6.300s][debug][gc,phases      ] GC(8)     Dead                           Min: 0, Avg:  0.0, Max: 0, Diff: 0, Sum: 0, Workers: 4
[6.300s][debug][gc,phases      ] GC(8)     Total                          Min: 0, Avg:  0.8, Max: 3, Diff: 3, Sum: 3, Workers: 4
[6.300s][debug][gc,phases      ] GC(8)   StringDedup Table Weak         Min:  0.0, Avg:  0.0, Max:  0.0, Diff:  0.0, Sum:  0.0, Workers: 4
[6.300s][debug][gc,phases      ] GC(8)     Dead                           Min: 0, Avg:  0.0, Max: 0, Diff: 0, Sum: 0, Workers: 4
[6.300s][debug][gc,phases      ] GC(8)     Total                          Min: 0, Avg:  0.0, Max: 0, Diff: 0, Sum: 0, Workers: 4
[6.300s][debug][gc,phases      ] GC(8)   StringDedup Requests0 Weak     Min:  0.0, Avg:  0.0, Max:  0.0, Diff:  0.0, Sum:  0.0, Workers: 4
[6.300s][debug][gc,phases      ] GC(8)     Dead                           Min: 0, Avg:  0.0, Max: 0, Diff: 0, Sum: 0, Workers: 4
[6.300s][debug][gc,phases      ] GC(8)     Total                          Min: 0, Avg:  0.0, Max: 0, Diff: 0, Sum: 0, Workers: 4
[6.300s][debug][gc,phases      ] GC(8)   StringDedup Requests1 Weak     Min:  0.0, Avg:  0.0, Max:  0.0, Diff:  0.0, Sum:  0.0, Workers: 4
[6.300s][debug][gc,phases      ] GC(8)     Dead                           Min: 0, Avg:  0.0, Max: 0, Diff: 0, Sum: 0, Workers: 4
[6.300s][debug][gc,phases      ] GC(8)     Total                          Min: 0, Avg:  0.0, Max: 0, Diff: 0, Sum: 0, Workers: 4
[6.300s][debug][gc,phases      ] GC(8)   Weak JFR Old Object Samples    Min:  0.0, Avg:  0.0, Max:  0.0, Diff:  0.0, Sum:  0.0, Workers: 4
[6.300s][debug][gc,phases      ] GC(8)     Dead                           Min: 0, Avg:  0.0, Max: 0, Diff: 0, Sum: 0, Workers: 4
[6.300s][debug][gc,phases      ] GC(8)     Total                          Min: 0, Avg:  0.0, Max: 0, Diff: 0, Sum: 0, Workers: 4
[6.300s][debug][gc,phases      ] GC(8) Weak Processing 0.565ms
[6.300s][debug][gc,age         ] GC(8) Desired survivor size 286261248 bytes, new threshold 9 (max threshold 15)
[6.300s][info ][gc,heap        ] GC(8) PSYoungGen: 1484084K(1827840K)->182607K(1572864K) Eden: 1303552K(1303552K)->0K(1303552K) From: 180532K(524288K)->182607K(269312K)
[6.300s][info ][gc,heap        ] GC(8) ParOldGen: 6170K(18944K)->6178K(18944K)
[6.300s][info ][gc,metaspace   ] GC(8) Metaspace: 54898K(55552K)->54898K(55552K) NonClass: 46787K(47168K)->46787K(47168K) Class: 8111K(8384K)->8111K(8384K)
[6.300s][info ][gc             ] GC(8) Pause Young (Allocation Failure) 1455M->184M(1554M) 86.036ms
[6.300s][info ][gc,cpu         ] GC(8) User=0.30s Sys=0.07s Real=0.09s
[6.300s][info ][safepoint      ] Safepoint "ParallelGCFailedAllocation", Time since last: 360179094 ns, Reaching safepoint: 642814 ns, At safepoint: 86155341 ns, Total: 86798155 ns
[6.686s][info ][gc,start       ] GC(9) Pause Young (Allocation Failure)
[6.770s][debug][gc,phases      ] GC(9) Scavenge 83.200ms
[6.770s][debug][gc,ref         ] GC(9) Skipped phase 1 of Reference Processing: no references
[6.770s][debug][gc,ref         ] GC(9) ReferenceProcessor::execute queues: 4, RefProcThreadModel::Multi, marks_oops_alive: false
[6.770s][debug][gc,ref         ] GC(9) Skipped phase 3 of Reference Processing: no references
[6.770s][debug][gc,ref         ] GC(9) ReferenceProcessor::execute queues: 1, RefProcThreadModel::Single, marks_oops_alive: false
[6.770s][debug][gc,phases      ] GC(9) Reference Processing 0.363ms
[6.771s][debug][gc,phases      ] GC(9)   VM Weak                        Min:  0.0, Avg:  0.0, Max:  0.0, Diff:  0.0, Sum:  0.0, Workers: 4
[6.771s][debug][gc,phases      ] GC(9)     Dead                           Min: 0, Avg:  0.0, Max: 0, Diff: 0, Sum: 0, Workers: 4
[6.771s][debug][gc,phases      ] GC(9)     Total                          Min: 0, Avg: 130.8, Max: 459, Diff: 459, Sum: 523, Workers: 4
[6.771s][debug][gc,phases      ] GC(9)   ObjectSynchronizer Weak        Min:  0.0, Avg:  0.0, Max:  0.0, Diff:  0.0, Sum:  0.0, Workers: 4
[6.771s][debug][gc,phases      ] GC(9)     Dead                           Min: 0, Avg:  0.0, Max: 0, Diff: 0, Sum: 0, Workers: 4
[6.771s][debug][gc,phases      ] GC(9)     Total                          Min: 0, Avg: 79.2, Max: 128, Diff: 128, Sum: 317, Workers: 4
[6.771s][debug][gc,phases      ] GC(9)   JVMTI Tag Weak OopStorage      Min:  0.0, Avg:  0.0, Max:  0.0, Diff:  0.0, Sum:  0.0, Workers: 4
[6.771s][debug][gc,phases      ] GC(9)     Dead                           Min: 0, Avg:  0.0, Max: 0, Diff: 0, Sum: 0, Workers: 4
[6.771s][debug][gc,phases      ] GC(9)     Total                          Min: 0, Avg:  0.0, Max: 0, Diff: 0, Sum: 0, Workers: 4
[6.771s][debug][gc,phases      ] GC(9)   StringTable Weak               Min:  0.4, Avg:  0.4, Max:  0.5, Diff:  0.1, Sum:  1.6, Workers: 4
[6.771s][debug][gc,phases      ] GC(9)     Dead                           Min: 0, Avg:  4.8, Max: 16, Diff: 16, Sum: 19, Workers: 4
[6.771s][debug][gc,phases      ] GC(9)     Total                          Min: 7040, Avg: 9883.2, Max: 12781, Diff: 5741, Sum: 39533, Workers: 4
[6.771s][debug][gc,phases      ] GC(9)   ResolvedMethodTable Weak       Min:  0.0, Avg:  0.0, Max:  0.1, Diff:  0.1, Sum:  0.2, Workers: 4
[6.771s][debug][gc,phases      ] GC(9)     Dead                           Min: 0, Avg: 11.8, Max: 33, Diff: 33, Sum: 47, Workers: 4
[6.771s][debug][gc,phases      ] GC(9)     Total                          Min: 0, Avg: 1472.0, Max: 2240, Diff: 2240, Sum: 5888, Workers: 4
[6.771s][debug][gc,phases      ] GC(9)   JNI Weak                       Min:  0.0, Avg:  0.0, Max:  0.0, Diff:  0.0, Sum:  0.0, Workers: 4
[6.771s][debug][gc,phases      ] GC(9)     Dead                           Min: 0, Avg:  0.0, Max: 0, Diff: 0, Sum: 0, Workers: 4
[6.771s][debug][gc,phases      ] GC(9)     Total                          Min: 0, Avg:  2.0, Max: 8, Diff: 8, Sum: 8, Workers: 4
[6.771s][debug][gc,phases      ] GC(9)   StringDedup Table Weak         Min:  0.0, Avg:  0.0, Max:  0.0, Diff:  0.0, Sum:  0.0, Workers: 4
[6.771s][debug][gc,phases      ] GC(9)     Dead                           Min: 0, Avg:  0.0, Max: 0, Diff: 0, Sum: 0, Workers: 4
[6.771s][debug][gc,phases      ] GC(9)     Total                          Min: 0, Avg:  0.0, Max: 0, Diff: 0, Sum: 0, Workers: 4
[6.771s][debug][gc,phases      ] GC(9)   StringDedup Requests0 Weak     Min:  0.0, Avg:  0.0, Max:  0.0, Diff:  0.0, Sum:  0.0, Workers: 4
[6.771s][debug][gc,phases      ] GC(9)     Dead                           Min: 0, Avg:  0.0, Max: 0, Diff: 0, Sum: 0, Workers: 4
[6.771s][debug][gc,phases      ] GC(9)     Total                          Min: 0, Avg:  0.0, Max: 0, Diff: 0, Sum: 0, Workers: 4
[6.771s][debug][gc,phases      ] GC(9)   StringDedup Requests1 Weak     Min:  0.0, Avg:  0.0, Max:  0.0, Diff:  0.0, Sum:  0.0, Workers: 4
[6.771s][debug][gc,phases      ] GC(9)     Dead                           Min: 0, Avg:  0.0, Max: 0, Diff: 0, Sum: 0, Workers: 4
[6.771s][debug][gc,phases      ] GC(9)     Total                          Min: 0, Avg:  0.0, Max: 0, Diff: 0, Sum: 0, Workers: 4
[6.771s][debug][gc,phases      ] GC(9)   Weak JFR Old Object Samples    Min:  0.0, Avg:  0.0, Max:  0.0, Diff:  0.0, Sum:  0.0, Workers: 4
[6.771s][debug][gc,phases      ] GC(9)     Dead                           Min: 0, Avg:  0.0, Max: 0, Diff: 0, Sum: 0, Workers: 4
[6.771s][debug][gc,phases      ] GC(9)     Total                          Min: 0, Avg:  0.0, Max: 0, Diff: 0, Sum: 0, Workers: 4
[6.771s][debug][gc,phases      ] GC(9) Weak Processing 0.691ms
[6.771s][debug][gc,age         ] GC(9) Desired survivor size 293601280 bytes, new threshold 10 (max threshold 15)
[6.771s][info ][gc,heap        ] GC(9) PSYoungGen: 1486159K(1572864K)->187312K(1803264K) Eden: 1303552K(1303552K)->0K(1523712K) From: 182607K(269312K)->187312K(279552K)
[6.771s][info ][gc,heap        ] GC(9) ParOldGen: 6178K(18944K)->6186K(18944K)
[6.771s][info ][gc,metaspace   ] GC(9) Metaspace: 57859K(58624K)->57859K(58624K) NonClass: 49207K(49600K)->49207K(49600K) Class: 8652K(9024K)->8652K(9024K)
[6.771s][info ][gc             ] GC(9) Pause Young (Allocation Failure) 1457M->188M(1779M) 84.402ms
[6.771s][info ][gc,cpu         ] GC(9) User=0.27s Sys=0.06s Real=0.09s
[6.771s][info ][safepoint      ] Safepoint "ParallelGCFailedAllocation", Time since last: 385873643 ns, Reaching safepoint: 279506 ns, At safepoint: 84519305 ns, Total: 84798811 ns
[7.100s][info ][safepoint      ] Safepoint "ParallelGCFailedAllocation", Time since last: 328613920 ns, Reaching safepoint: 265806 ns, At safepoint: 36401 ns, Total: 302207 ns
[7.104s][info ][gc,start       ] GC(10) Pause Young (GCLocker Initiated GC)
[7.190s][debug][gc,phases      ] GC(10) Scavenge 86.147ms
[7.190s][debug][gc,ref         ] GC(10) Skipped phase 1 of Reference Processing: no references
[7.190s][debug][gc,ref         ] GC(10) ReferenceProcessor::execute queues: 4, RefProcThreadModel::Multi, marks_oops_alive: false
[7.191s][debug][gc,ref         ] GC(10) Skipped phase 3 of Reference Processing: no references
[7.191s][debug][gc,ref         ] GC(10) ReferenceProcessor::execute queues: 1, RefProcThreadModel::Single, marks_oops_alive: false
[7.191s][debug][gc,phases      ] GC(10) Reference Processing 0.482ms
[7.191s][debug][gc,phases      ] GC(10)   VM Weak                        Min:  0.0, Avg:  0.0, Max:  0.0, Diff:  0.0, Sum:  0.0, Workers: 4
[7.191s][debug][gc,phases      ] GC(10)     Dead                           Min: 0, Avg:  0.0, Max: 0, Diff: 0, Sum: 0, Workers: 4
[7.191s][debug][gc,phases      ] GC(10)     Total                          Min: 12, Avg: 131.0, Max: 320, Diff: 308, Sum: 524, Workers: 4
[7.191s][debug][gc,phases      ] GC(10)   ObjectSynchronizer Weak        Min:  0.0, Avg:  0.0, Max:  0.0, Diff:  0.0, Sum:  0.0, Workers: 4
[7.191s][debug][gc,phases      ] GC(10)     Dead                           Min: 0, Avg:  0.0, Max: 0, Diff: 0, Sum: 0, Workers: 4
[7.191s][debug][gc,phases      ] GC(10)     Total                          Min: 0, Avg: 83.8, Max: 128, Diff: 128, Sum: 335, Workers: 4
[7.191s][debug][gc,phases      ] GC(10)   JVMTI Tag Weak OopStorage      Min:  0.0, Avg:  0.0, Max:  0.0, Diff:  0.0, Sum:  0.0, Workers: 4
[7.191s][debug][gc,phases      ] GC(10)     Dead                           Min: 0, Avg:  0.0, Max: 0, Diff: 0, Sum: 0, Workers: 4
[7.191s][debug][gc,phases      ] GC(10)     Total                          Min: 0, Avg:  0.0, Max: 0, Diff: 0, Sum: 0, Workers: 4
[7.191s][debug][gc,phases      ] GC(10)   StringTable Weak               Min:  0.4, Avg:  0.4, Max:  0.4, Diff:  0.0, Sum:  1.6, Workers: 4
[7.191s][debug][gc,phases      ] GC(10)     Dead                           Min: 0, Avg:  3.5, Max: 14, Diff: 14, Sum: 14, Workers: 4
[7.191s][debug][gc,phases      ] GC(10)     Total                          Min: 7936, Avg: 9943.2, Max: 13213, Diff: 5277, Sum: 39773, Workers: 4
[7.191s][debug][gc,phases      ] GC(10)   ResolvedMethodTable Weak       Min:  0.1, Avg:  0.1, Max:  0.1, Diff:  0.0, Sum:  0.3, Workers: 4
[7.191s][debug][gc,phases      ] GC(10)     Dead                           Min: 0, Avg:  3.8, Max: 15, Diff: 15, Sum: 15, Workers: 4
[7.191s][debug][gc,phases      ] GC(10)     Total                          Min: 1152, Avg: 1506.8, Max: 2048, Diff: 896, Sum: 6027, Workers: 4
[7.191s][debug][gc,phases      ] GC(10)   JNI Weak                       Min:  0.0, Avg:  0.0, Max:  0.0, Diff:  0.0, Sum:  0.0, Workers: 4
[7.191s][debug][gc,phases      ] GC(10)     Dead                           Min: 0, Avg:  0.0, Max: 0, Diff: 0, Sum: 0, Workers: 4
[7.191s][debug][gc,phases      ] GC(10)     Total                          Min: 0, Avg:  2.0, Max: 8, Diff: 8, Sum: 8, Workers: 4
[7.191s][debug][gc,phases      ] GC(10)   StringDedup Table Weak         Min:  0.0, Avg:  0.0, Max:  0.0, Diff:  0.0, Sum:  0.0, Workers: 4
[7.191s][debug][gc,phases      ] GC(10)     Dead                           Min: 0, Avg:  0.0, Max: 0, Diff: 0, Sum: 0, Workers: 4
[7.191s][debug][gc,phases      ] GC(10)     Total                          Min: 0, Avg:  0.0, Max: 0, Diff: 0, Sum: 0, Workers: 4
[7.191s][debug][gc,phases      ] GC(10)   StringDedup Requests0 Weak     Min:  0.0, Avg:  0.0, Max:  0.0, Diff:  0.0, Sum:  0.0, Workers: 4
[7.191s][debug][gc,phases      ] GC(10)     Dead                           Min: 0, Avg:  0.0, Max: 0, Diff: 0, Sum: 0, Workers: 4
[7.191s][debug][gc,phases      ] GC(10)     Total                          Min: 0, Avg:  0.0, Max: 0, Diff: 0, Sum: 0, Workers: 4
[7.191s][debug][gc,phases      ] GC(10)   StringDedup Requests1 Weak     Min:  0.0, Avg:  0.0, Max:  0.0, Diff:  0.0, Sum:  0.0, Workers: 4
[7.191s][debug][gc,phases      ] GC(10)     Dead                           Min: 0, Avg:  0.0, Max: 0, Diff: 0, Sum: 0, Workers: 4
[7.191s][debug][gc,phases      ] GC(10)     Total                          Min: 0, Avg:  0.0, Max: 0, Diff: 0, Sum: 0, Workers: 4
[7.191s][debug][gc,phases      ] GC(10)   Weak JFR Old Object Samples    Min:  0.0, Avg:  0.0, Max:  0.0, Diff:  0.0, Sum:  0.0, Workers: 4
[7.191s][debug][gc,phases      ] GC(10)     Dead                           Min: 0, Avg:  0.0, Max: 0, Diff: 0, Sum: 0, Workers: 4
[7.191s][debug][gc,phases      ] GC(10)     Total                          Min: 0, Avg:  0.0, Max: 0, Diff: 0, Sum: 0, Workers: 4
[7.191s][debug][gc,phases      ] GC(10) Weak Processing 0.657ms
[7.191s][debug][gc,age         ] GC(10) Desired survivor size 298319872 bytes, new threshold 11 (max threshold 15)
[7.191s][info ][gc,heap        ] GC(10) PSYoungGen: 1711024K(1803264K)->190592K(1714688K) Eden: 1523712K(1523712K)->0K(1523712K) From: 187312K(279552K)->190592K(190976K)
[7.191s][info ][gc,heap        ] GC(10) ParOldGen: 6186K(18944K)->6194K(18944K)
[7.191s][info ][gc,metaspace   ] GC(10) Metaspace: 58631K(59328K)->58631K(59328K) NonClass: 49887K(50240K)->49887K(50240K) Class: 8744K(9088K)->8744K(9088K)
[7.191s][info ][gc             ] GC(10) Pause Young (GCLocker Initiated GC) 1676M->192M(1693M) 87.436ms
[7.191s][info ][gc,cpu         ] GC(10) User=0.38s Sys=0.05s Real=0.09s
[7.191s][info ][safepoint      ] Safepoint "ParallelGCSystemGC", Time since last: 3896883 ns, Reaching safepoint: 100002 ns, At safepoint: 87539570 ns, Total: 87639572 ns
[7.521s][info ][gc,start       ] GC(11) Pause Young (Allocation Failure)
[7.610s][debug][gc,phases      ] GC(11) Scavenge 88.093ms
[7.610s][debug][gc,ref         ] GC(11) Skipped phase 1 of Reference Processing: no references
[7.610s][debug][gc,ref         ] GC(11) ReferenceProcessor::execute queues: 4, RefProcThreadModel::Multi, marks_oops_alive: false
[7.610s][debug][gc,ref         ] GC(11) Skipped phase 3 of Reference Processing: no references
[7.610s][debug][gc,ref         ] GC(11) ReferenceProcessor::execute queues: 1, RefProcThreadModel::Single, marks_oops_alive: false
[7.610s][debug][gc,phases      ] GC(11) Reference Processing 0.364ms
[7.610s][debug][gc,phases      ] GC(11)   VM Weak                        Min:  0.0, Avg:  0.0, Max:  0.0, Diff:  0.0, Sum:  0.0, Workers: 4
[7.610s][debug][gc,phases      ] GC(11)     Dead                           Min: 0, Avg:  0.0, Max: 0, Diff: 0, Sum: 0, Workers: 4
[7.610s][debug][gc,phases      ] GC(11)     Total                          Min: 0, Avg: 131.0, Max: 256, Diff: 256, Sum: 524, Workers: 4
[7.610s][debug][gc,phases      ] GC(11)   ObjectSynchronizer Weak        Min:  0.0, Avg:  0.0, Max:  0.0, Diff:  0.0, Sum:  0.0, Workers: 4
[7.610s][debug][gc,phases      ] GC(11)     Dead                           Min: 0, Avg:  0.0, Max: 0, Diff: 0, Sum: 0, Workers: 4
[7.610s][debug][gc,phases      ] GC(11)     Total                          Min: 17, Avg: 84.2, Max: 128, Diff: 111, Sum: 337, Workers: 4
[7.610s][debug][gc,phases      ] GC(11)   JVMTI Tag Weak OopStorage      Min:  0.0, Avg:  0.0, Max:  0.0, Diff:  0.0, Sum:  0.0, Workers: 4
[7.610s][debug][gc,phases      ] GC(11)     Dead                           Min: 0, Avg:  0.0, Max: 0, Diff: 0, Sum: 0, Workers: 4
[7.610s][debug][gc,phases      ] GC(11)     Total                          Min: 0, Avg:  0.0, Max: 0, Diff: 0, Sum: 0, Workers: 4
[7.611s][debug][gc,phases      ] GC(11)   StringTable Weak               Min:  0.3, Avg:  0.4, Max:  0.4, Diff:  0.0, Sum:  1.4, Workers: 4
[7.611s][debug][gc,phases      ] GC(11)     Dead                           Min: 0, Avg:  3.5, Max: 13, Diff: 13, Sum: 14, Workers: 4
[7.611s][debug][gc,phases      ] GC(11)     Total                          Min: 8000, Avg: 9967.0, Max: 11517, Diff: 3517, Sum: 39868, Workers: 4
[7.611s][debug][gc,phases      ] GC(11)   ResolvedMethodTable Weak       Min:  0.1, Avg:  0.1, Max:  0.1, Diff:  0.0, Sum:  0.2, Workers: 4
[7.611s][debug][gc,phases      ] GC(11)     Dead                           Min: 0, Avg:  0.0, Max: 0, Diff: 0, Sum: 0, Workers: 4
[7.611s][debug][gc,phases      ] GC(11)     Total                          Min: 1073, Avg: 1516.2, Max: 1984, Diff: 911, Sum: 6065, Workers: 4
[7.611s][debug][gc,phases      ] GC(11)   JNI Weak                       Min:  0.0, Avg:  0.0, Max:  0.0, Diff:  0.0, Sum:  0.0, Workers: 4
[7.611s][debug][gc,phases      ] GC(11)     Dead                           Min: 0, Avg:  0.0, Max: 0, Diff: 0, Sum: 0, Workers: 4
[7.611s][debug][gc,phases      ] GC(11)     Total                          Min: 0, Avg:  1.5, Max: 6, Diff: 6, Sum: 6, Workers: 4
[7.611s][debug][gc,phases      ] GC(11)   StringDedup Table Weak         Min:  0.0, Avg:  0.0, Max:  0.0, Diff:  0.0, Sum:  0.0, Workers: 4
[7.611s][debug][gc,phases      ] GC(11)     Dead                           Min: 0, Avg:  0.0, Max: 0, Diff: 0, Sum: 0, Workers: 4
[7.611s][debug][gc,phases      ] GC(11)     Total                          Min: 0, Avg:  0.0, Max: 0, Diff: 0, Sum: 0, Workers: 4
[7.611s][debug][gc,phases      ] GC(11)   StringDedup Requests0 Weak     Min:  0.0, Avg:  0.0, Max:  0.0, Diff:  0.0, Sum:  0.0, Workers: 4
[7.611s][debug][gc,phases      ] GC(11)     Dead                           Min: 0, Avg:  0.0, Max: 0, Diff: 0, Sum: 0, Workers: 4
[7.611s][debug][gc,phases      ] GC(11)     Total                          Min: 0, Avg:  0.0, Max: 0, Diff: 0, Sum: 0, Workers: 4
[7.611s][debug][gc,phases      ] GC(11)   StringDedup Requests1 Weak     Min:  0.0, Avg:  0.0, Max:  0.0, Diff:  0.0, Sum:  0.0, Workers: 4
[7.611s][debug][gc,phases      ] GC(11)     Dead                           Min: 0, Avg:  0.0, Max: 0, Diff: 0, Sum: 0, Workers: 4
[7.611s][debug][gc,phases      ] GC(11)     Total                          Min: 0, Avg:  0.0, Max: 0, Diff: 0, Sum: 0, Workers: 4
[7.611s][debug][gc,phases      ] GC(11)   Weak JFR Old Object Samples    Min:  0.0, Avg:  0.0, Max:  0.0, Diff:  0.0, Sum:  0.0, Workers: 4
[7.611s][debug][gc,phases      ] GC(11)     Dead                           Min: 0, Avg:  0.0, Max: 0, Diff: 0, Sum: 0, Workers: 4
[7.611s][debug][gc,phases      ] GC(11)     Total                          Min: 0, Avg:  0.0, Max: 0, Diff: 0, Sum: 0, Workers: 4
[7.611s][debug][gc,phases      ] GC(11) Weak Processing 0.599ms
[7.611s][debug][gc,age         ] GC(11) Desired survivor size 304611328 bytes, new threshold 12 (max threshold 15)
[7.611s][info ][gc,heap        ] GC(11) PSYoungGen: 1714304K(1714688K)->199778K(1793536K) Eden: 1523712K(1523712K)->0K(1502208K) From: 190592K(190976K)->199778K(291328K)
[7.611s][info ][gc,heap        ] GC(11) ParOldGen: 6195K(18944K)->6203K(18944K)
[7.611s][info ][gc,metaspace   ] GC(11) Metaspace: 58808K(59520K)->58808K(59520K) NonClass: 50033K(50432K)->50033K(50432K) Class: 8774K(9088K)->8774K(9088K)
[7.611s][info ][gc             ] GC(11) Pause Young (Allocation Failure) 1680M->201M(1770M) 89.195ms
[7.611s][info ][gc,cpu         ] GC(11) User=0.34s Sys=0.01s Real=0.09s
[7.611s][info ][safepoint      ] Safepoint "ParallelGCFailedAllocation", Time since last: 329925248 ns, Reaching safepoint: 148503 ns, At safepoint: 89311608 ns, Total: 89460111 ns
[7.948s][info ][gc,start       ] GC(12) Pause Young (Allocation Failure)
[8.019s][debug][gc,phases      ] GC(12) Scavenge 70.876ms
[8.019s][debug][gc,ref         ] GC(12) Skipped phase 1 of Reference Processing: no references
[8.019s][debug][gc,ref         ] GC(12) ReferenceProcessor::execute queues: 4, RefProcThreadModel::Multi, marks_oops_alive: false
[8.020s][debug][gc,ref         ] GC(12) Skipped phase 3 of Reference Processing: no references
[8.020s][debug][gc,ref         ] GC(12) ReferenceProcessor::execute queues: 1, RefProcThreadModel::Single, marks_oops_alive: false
[8.020s][debug][gc,phases      ] GC(12) Reference Processing 0.299ms
[8.020s][debug][gc,phases      ] GC(12)   VM Weak                        Min:  0.0, Avg:  0.0, Max:  0.0, Diff:  0.0, Sum:  0.0, Workers: 4
[8.020s][debug][gc,phases      ] GC(12)     Dead                           Min: 0, Avg:  0.0, Max: 0, Diff: 0, Sum: 0, Workers: 4
[8.020s][debug][gc,phases      ] GC(12)     Total                          Min: 0, Avg: 131.8, Max: 335, Diff: 335, Sum: 527, Workers: 4
[8.020s][debug][gc,phases      ] GC(12)   ObjectSynchronizer Weak        Min:  0.0, Avg:  0.0, Max:  0.0, Diff:  0.0, Sum:  0.0, Workers: 4
[8.020s][debug][gc,phases      ] GC(12)     Dead                           Min: 0, Avg:  0.0, Max: 0, Diff: 0, Sum: 0, Workers: 4
[8.020s][debug][gc,phases      ] GC(12)     Total                          Min: 0, Avg: 84.2, Max: 145, Diff: 145, Sum: 337, Workers: 4
[8.020s][debug][gc,phases      ] GC(12)   JVMTI Tag Weak OopStorage      Min:  0.0, Avg:  0.0, Max:  0.0, Diff:  0.0, Sum:  0.0, Workers: 4
[8.020s][debug][gc,phases      ] GC(12)     Dead                           Min: 0, Avg:  0.0, Max: 0, Diff: 0, Sum: 0, Workers: 4
[8.020s][debug][gc,phases      ] GC(12)     Total                          Min: 0, Avg:  0.0, Max: 0, Diff: 0, Sum: 0, Workers: 4
[8.020s][debug][gc,phases      ] GC(12)   StringTable Weak               Min:  0.3, Avg:  0.3, Max:  0.3, Diff:  0.0, Sum:  1.3, Workers: 4
[8.020s][debug][gc,phases      ] GC(12)     Dead                           Min: 0, Avg:  3.8, Max: 13, Diff: 13, Sum: 15, Workers: 4
[8.020s][debug][gc,phases      ] GC(12)     Total                          Min: 9152, Avg: 10073.2, Max: 10880, Diff: 1728, Sum: 40293, Workers: 4
[8.020s][debug][gc,phases      ] GC(12)   ResolvedMethodTable Weak       Min:  0.1, Avg:  0.1, Max:  0.1, Diff:  0.0, Sum:  0.2, Workers: 4
[8.020s][debug][gc,phases      ] GC(12)     Dead                           Min: 0, Avg: 12.8, Max: 34, Diff: 34, Sum: 51, Workers: 4
[8.020s][debug][gc,phases      ] GC(12)     Total                          Min: 1408, Avg: 1553.5, Max: 1670, Diff: 262, Sum: 6214, Workers: 4
[8.020s][debug][gc,phases      ] GC(12)   JNI Weak                       Min:  0.0, Avg:  0.0, Max:  0.0, Diff:  0.0, Sum:  0.0, Workers: 4
[8.020s][debug][gc,phases      ] GC(12)     Dead                           Min: 0, Avg:  0.0, Max: 0, Diff: 0, Sum: 0, Workers: 4
[8.020s][debug][gc,phases      ] GC(12)     Total                          Min: 0, Avg:  2.5, Max: 10, Diff: 10, Sum: 10, Workers: 4
[8.020s][debug][gc,phases      ] GC(12)   StringDedup Table Weak         Min:  0.0, Avg:  0.0, Max:  0.0, Diff:  0.0, Sum:  0.0, Workers: 4
[8.020s][debug][gc,phases      ] GC(12)     Dead                           Min: 0, Avg:  0.0, Max: 0, Diff: 0, Sum: 0, Workers: 4
[8.020s][debug][gc,phases      ] GC(12)     Total                          Min: 0, Avg:  0.0, Max: 0, Diff: 0, Sum: 0, Workers: 4
[8.020s][debug][gc,phases      ] GC(12)   StringDedup Requests0 Weak     Min:  0.0, Avg:  0.0, Max:  0.0, Diff:  0.0, Sum:  0.0, Workers: 4
[8.020s][debug][gc,phases      ] GC(12)     Dead                           Min: 0, Avg:  0.0, Max: 0, Diff: 0, Sum: 0, Workers: 4
[8.020s][debug][gc,phases      ] GC(12)     Total                          Min: 0, Avg:  0.0, Max: 0, Diff: 0, Sum: 0, Workers: 4
[8.020s][debug][gc,phases      ] GC(12)   StringDedup Requests1 Weak     Min:  0.0, Avg:  0.0, Max:  0.0, Diff:  0.0, Sum:  0.0, Workers: 4
[8.020s][debug][gc,phases      ] GC(12)     Dead                           Min: 0, Avg:  0.0, Max: 0, Diff: 0, Sum: 0, Workers: 4
[8.020s][debug][gc,phases      ] GC(12)     Total                          Min: 0, Avg:  0.0, Max: 0, Diff: 0, Sum: 0, Workers: 4
[8.020s][debug][gc,phases      ] GC(12)   Weak JFR Old Object Samples    Min:  0.0, Avg:  0.0, Max:  0.0, Diff:  0.0, Sum:  0.0, Workers: 4
[8.020s][debug][gc,phases      ] GC(12)     Dead                           Min: 0, Avg:  0.0, Max: 0, Diff: 0, Sum: 0, Workers: 4
[8.020s][debug][gc,phases      ] GC(12)     Total                          Min: 0, Avg:  0.0, Max: 0, Diff: 0, Sum: 0, Workers: 4
[8.020s][debug][gc,phases      ] GC(12) Weak Processing 0.586ms
[8.020s][debug][gc,age         ] GC(12) Desired survivor size 306184192 bytes, new threshold 12 (max threshold 15)
[8.020s][info ][gc,heap        ] GC(12) PSYoungGen: 1701986K(1793536K)->195368K(1697792K) Eden: 1502208K(1502208K)->0K(1502208K) From: 199778K(291328K)->195368K(195584K)
[8.020s][info ][gc,heap        ] GC(12) ParOldGen: 6203K(18944K)->6211K(18944K)
[8.020s][info ][gc,metaspace   ] GC(12) Metaspace: 59940K(60672K)->59940K(60672K) NonClass: 51006K(51392K)->51006K(51392K) Class: 8934K(9280K)->8934K(9280K)
[8.020s][info ][gc             ] GC(12) Pause Young (Allocation Failure) 1668M->196M(1676M) 71.900ms
[8.020s][info ][gc,cpu         ] GC(12) User=0.28s Sys=0.01s Real=0.07s
[8.020s][info ][safepoint      ] Safepoint "ParallelGCFailedAllocation", Time since last: 337432909 ns, Reaching safepoint: 183204 ns, At safepoint: 72023738 ns, Total: 72206942 ns
[8.326s][info ][safepoint      ] Safepoint "ICBufferFull", Time since last: 304116997 ns, Reaching safepoint: 1880940 ns, At safepoint: 38801 ns, Total: 1919741 ns
[8.356s][info ][gc,start       ] GC(13) Pause Young (Allocation Failure)
[8.440s][debug][gc,phases      ] GC(13) Scavenge 83.888ms
[8.440s][debug][gc,ref         ] GC(13) Skipped phase 1 of Reference Processing: no references
[8.440s][debug][gc,ref         ] GC(13) ReferenceProcessor::execute queues: 4, RefProcThreadModel::Multi, marks_oops_alive: false
[8.441s][debug][gc,ref         ] GC(13) Skipped phase 3 of Reference Processing: no references
[8.441s][debug][gc,ref         ] GC(13) ReferenceProcessor::execute queues: 1, RefProcThreadModel::Single, marks_oops_alive: false
[8.441s][debug][gc,phases      ] GC(13) Reference Processing 0.460ms
[8.441s][debug][gc,phases      ] GC(13)   VM Weak                        Min:  0.0, Avg:  0.0, Max:  0.0, Diff:  0.0, Sum:  0.0, Workers: 4
[8.441s][debug][gc,phases      ] GC(13)     Dead                           Min: 0, Avg:  0.0, Max: 0, Diff: 0, Sum: 0, Workers: 4
[8.441s][debug][gc,phases      ] GC(13)     Total                          Min: 0, Avg: 135.2, Max: 320, Diff: 320, Sum: 541, Workers: 4
[8.441s][debug][gc,phases      ] GC(13)   ObjectSynchronizer Weak        Min:  0.0, Avg:  0.0, Max:  0.0, Diff:  0.0, Sum:  0.0, Workers: 4
[8.441s][debug][gc,phases      ] GC(13)     Dead                           Min: 0, Avg:  0.0, Max: 0, Diff: 0, Sum: 0, Workers: 4
[8.441s][debug][gc,phases      ] GC(13)     Total                          Min: 17, Avg: 84.2, Max: 128, Diff: 111, Sum: 337, Workers: 4
[8.441s][debug][gc,phases      ] GC(13)   JVMTI Tag Weak OopStorage      Min:  0.0, Avg:  0.0, Max:  0.0, Diff:  0.0, Sum:  0.0, Workers: 4
[8.441s][debug][gc,phases      ] GC(13)     Dead                           Min: 0, Avg:  0.0, Max: 0, Diff: 0, Sum: 0, Workers: 4
[8.441s][debug][gc,phases      ] GC(13)     Total                          Min: 0, Avg:  0.0, Max: 0, Diff: 0, Sum: 0, Workers: 4
[8.441s][debug][gc,phases      ] GC(13)   StringTable Weak               Min:  0.5, Avg:  0.5, Max:  0.5, Diff:  0.0, Sum:  2.0, Workers: 4
[8.441s][debug][gc,phases      ] GC(13)     Dead                           Min: 0, Avg:  0.0, Max: 0, Diff: 0, Sum: 0, Workers: 4
[8.441s][debug][gc,phases      ] GC(13)     Total                          Min: 9600, Avg: 10106.5, Max: 10368, Diff: 768, Sum: 40426, Workers: 4
[8.441s][debug][gc,phases      ] GC(13)   ResolvedMethodTable Weak       Min:  0.1, Avg:  0.1, Max:  0.1, Diff:  0.0, Sum:  0.3, Workers: 4
[8.441s][debug][gc,phases      ] GC(13)     Dead                           Min: 0, Avg:  0.5, Max: 2, Diff: 2, Sum: 2, Workers: 4
[8.441s][debug][gc,phases      ] GC(13)     Total                          Min: 1428, Avg: 1573.0, Max: 1792, Diff: 364, Sum: 6292, Workers: 4
[8.441s][debug][gc,phases      ] GC(13)   JNI Weak                       Min:  0.0, Avg:  0.0, Max:  0.0, Diff:  0.0, Sum:  0.0, Workers: 4
[8.441s][debug][gc,phases      ] GC(13)     Dead                           Min: 0, Avg:  0.0, Max: 0, Diff: 0, Sum: 0, Workers: 4
[8.441s][debug][gc,phases      ] GC(13)     Total                          Min: 0, Avg:  5.8, Max: 23, Diff: 23, Sum: 23, Workers: 4
[8.441s][debug][gc,phases      ] GC(13)   StringDedup Table Weak         Min:  0.0, Avg:  0.0, Max:  0.0, Diff:  0.0, Sum:  0.0, Workers: 4
[8.441s][debug][gc,phases      ] GC(13)     Dead                           Min: 0, Avg:  0.0, Max: 0, Diff: 0, Sum: 0, Workers: 4
[8.441s][debug][gc,phases      ] GC(13)     Total                          Min: 0, Avg:  0.0, Max: 0, Diff: 0, Sum: 0, Workers: 4
[8.441s][debug][gc,phases      ] GC(13)   StringDedup Requests0 Weak     Min:  0.0, Avg:  0.0, Max:  0.0, Diff:  0.0, Sum:  0.0, Workers: 4
[8.441s][debug][gc,phases      ] GC(13)     Dead                           Min: 0, Avg:  0.0, Max: 0, Diff: 0, Sum: 0, Workers: 4
[8.441s][debug][gc,phases      ] GC(13)     Total                          Min: 0, Avg:  0.0, Max: 0, Diff: 0, Sum: 0, Workers: 4
[8.441s][debug][gc,phases      ] GC(13)   StringDedup Requests1 Weak     Min:  0.0, Avg:  0.0, Max:  0.0, Diff:  0.0, Sum:  0.0, Workers: 4
[8.441s][debug][gc,phases      ] GC(13)     Dead                           Min: 0, Avg:  0.0, Max: 0, Diff: 0, Sum: 0, Workers: 4
[8.441s][debug][gc,phases      ] GC(13)     Total                          Min: 0, Avg:  0.0, Max: 0, Diff: 0, Sum: 0, Workers: 4
[8.441s][debug][gc,phases      ] GC(13)   Weak JFR Old Object Samples    Min:  0.0, Avg:  0.0, Max:  0.0, Diff:  0.0, Sum:  0.0, Workers: 4
[8.441s][debug][gc,phases      ] GC(13)     Dead                           Min: 0, Avg:  0.0, Max: 0, Diff: 0, Sum: 0, Workers: 4
[8.441s][debug][gc,phases      ] GC(13)     Total                          Min: 0, Avg:  0.0, Max: 0, Diff: 0, Sum: 0, Workers: 4
[8.441s][debug][gc,phases      ] GC(13) Weak Processing 0.788ms
[8.441s][debug][gc,age         ] GC(13) Desired survivor size 305659904 bytes, new threshold 12 (max threshold 15)
[8.441s][info ][gc,heap        ] GC(13) PSYoungGen: 1697576K(1697792K)->192897K(1798656K) Eden: 1502208K(1502208K)->0K(1499648K) From: 195368K(195584K)->192897K(299008K)
[8.441s][info ][gc,heap        ] GC(13) ParOldGen: 6211K(18944K)->6219K(18944K)
[8.441s][info ][gc,metaspace   ] GC(13) Metaspace: 60411K(61120K)->60411K(61120K) NonClass: 51417K(51776K)->51417K(51776K) Class: 8993K(9344K)->8993K(9344K)
[8.441s][info ][gc             ] GC(13) Pause Young (Allocation Failure) 1663M->194M(1775M) 85.300ms
[8.441s][info ][gc,cpu         ] GC(13) User=0.33s Sys=0.00s Real=0.08s
[8.441s][info ][safepoint      ] Safepoint "ParallelGCFailedAllocation", Time since last: 29513330 ns, Reaching safepoint: 139103 ns, At safepoint: 85423425 ns, Total: 85562528 ns
[8.730s][info ][safepoint      ] Safepoint "ICBufferFull", Time since last: 288666267 ns, Reaching safepoint: 277406 ns, At safepoint: 30901 ns, Total: 308307 ns
[8.738s][info ][gc,start       ] GC(14) Pause Young (Allocation Failure)
[8.833s][debug][gc,phases      ] GC(14) Scavenge 94.394ms
[8.833s][debug][gc,ref         ] GC(14) Skipped phase 1 of Reference Processing: no references
[8.833s][debug][gc,ref         ] GC(14) ReferenceProcessor::execute queues: 4, RefProcThreadModel::Multi, marks_oops_alive: false
[8.833s][debug][gc,ref         ] GC(14) Skipped phase 3 of Reference Processing: no references
[8.833s][debug][gc,ref         ] GC(14) ReferenceProcessor::execute queues: 1, RefProcThreadModel::Single, marks_oops_alive: false
[8.833s][debug][gc,phases      ] GC(14) Reference Processing 0.510ms
[8.834s][debug][gc,phases      ] GC(14)   VM Weak                        Min:  0.0, Avg:  0.0, Max:  0.0, Diff:  0.0, Sum:  0.0, Workers: 4
[8.834s][debug][gc,phases      ] GC(14)     Dead                           Min: 0, Avg:  0.0, Max: 0, Diff: 0, Sum: 0, Workers: 4
[8.834s][debug][gc,phases      ] GC(14)     Total                          Min: 0, Avg: 135.2, Max: 448, Diff: 448, Sum: 541, Workers: 4
[8.834s][debug][gc,phases      ] GC(14)   ObjectSynchronizer Weak        Min:  0.0, Avg:  0.0, Max:  0.0, Diff:  0.0, Sum:  0.0, Workers: 4
[8.834s][debug][gc,phases      ] GC(14)     Dead                           Min: 0, Avg:  0.0, Max: 0, Diff: 0, Sum: 0, Workers: 4
[8.834s][debug][gc,phases      ] GC(14)     Total                          Min: 17, Avg: 84.2, Max: 128, Diff: 111, Sum: 337, Workers: 4
[8.834s][debug][gc,phases      ] GC(14)   JVMTI Tag Weak OopStorage      Min:  0.0, Avg:  0.0, Max:  0.0, Diff:  0.0, Sum:  0.0, Workers: 4
[8.834s][debug][gc,phases      ] GC(14)     Dead                           Min: 0, Avg:  0.0, Max: 0, Diff: 0, Sum: 0, Workers: 4
[8.834s][debug][gc,phases      ] GC(14)     Total                          Min: 0, Avg:  0.0, Max: 0, Diff: 0, Sum: 0, Workers: 4
[8.834s][debug][gc,phases      ] GC(14)   StringTable Weak               Min:  0.4, Avg:  0.4, Max:  0.4, Diff:  0.0, Sum:  1.7, Workers: 4
[8.834s][debug][gc,phases      ] GC(14)     Dead                           Min: 0, Avg:  3.0, Max: 12, Diff: 12, Sum: 12, Workers: 4
[8.834s][debug][gc,phases      ] GC(14)     Total                          Min: 8384, Avg: 10144.2, Max: 13441, Diff: 5057, Sum: 40577, Workers: 4
[8.834s][debug][gc,phases      ] GC(14)   ResolvedMethodTable Weak       Min:  0.1, Avg:  0.1, Max:  0.1, Diff:  0.0, Sum:  0.3, Workers: 4
[8.834s][debug][gc,phases      ] GC(14)     Dead                           Min: 0, Avg:  0.0, Max: 0, Diff: 0, Sum: 0, Workers: 4
[8.834s][debug][gc,phases      ] GC(14)     Total                          Min: 1280, Avg: 1575.2, Max: 2367, Diff: 1087, Sum: 6301, Workers: 4
[8.834s][debug][gc,phases      ] GC(14)   JNI Weak                       Min:  0.0, Avg:  0.0, Max:  0.0, Diff:  0.0, Sum:  0.0, Workers: 4
[8.834s][debug][gc,phases      ] GC(14)     Dead                           Min: 0, Avg:  0.0, Max: 0, Diff: 0, Sum: 0, Workers: 4
[8.834s][debug][gc,phases      ] GC(14)     Total                          Min: 0, Avg:  5.5, Max: 22, Diff: 22, Sum: 22, Workers: 4
[8.834s][debug][gc,phases      ] GC(14)   StringDedup Table Weak         Min:  0.0, Avg:  0.0, Max:  0.0, Diff:  0.0, Sum:  0.0, Workers: 4
[8.834s][debug][gc,phases      ] GC(14)     Dead                           Min: 0, Avg:  0.0, Max: 0, Diff: 0, Sum: 0, Workers: 4
[8.834s][debug][gc,phases      ] GC(14)     Total                          Min: 0, Avg:  0.0, Max: 0, Diff: 0, Sum: 0, Workers: 4
[8.834s][debug][gc,phases      ] GC(14)   StringDedup Requests0 Weak     Min:  0.0, Avg:  0.0, Max:  0.0, Diff:  0.0, Sum:  0.0, Workers: 4
[8.834s][debug][gc,phases      ] GC(14)     Dead                           Min: 0, Avg:  0.0, Max: 0, Diff: 0, Sum: 0, Workers: 4
[8.834s][debug][gc,phases      ] GC(14)     Total                          Min: 0, Avg:  0.0, Max: 0, Diff: 0, Sum: 0, Workers: 4
[8.834s][debug][gc,phases      ] GC(14)   StringDedup Requests1 Weak     Min:  0.0, Avg:  0.0, Max:  0.0, Diff:  0.0, Sum:  0.0, Workers: 4
[8.834s][debug][gc,phases      ] GC(14)     Dead                           Min: 0, Avg:  0.0, Max: 0, Diff: 0, Sum: 0, Workers: 4
[8.834s][debug][gc,phases      ] GC(14)     Total                          Min: 0, Avg:  0.0, Max: 0, Diff: 0, Sum: 0, Workers: 4
[8.834s][debug][gc,phases      ] GC(14)   Weak JFR Old Object Samples    Min:  0.0, Avg:  0.0, Max:  0.0, Diff:  0.0, Sum:  0.0, Workers: 4
[8.834s][debug][gc,phases      ] GC(14)     Dead                           Min: 0, Avg:  0.0, Max: 0, Diff: 0, Sum: 0, Workers: 4
[8.834s][debug][gc,phases      ] GC(14)     Total                          Min: 0, Avg:  0.0, Max: 0, Diff: 0, Sum: 0, Workers: 4
[8.834s][debug][gc,phases      ] GC(14) Weak Processing 0.717ms
[8.834s][debug][gc,age         ] GC(14) Desired survivor size 304611328 bytes, new threshold 12 (max threshold 15)
[8.834s][info ][gc,heap        ] GC(14) PSYoungGen: 1692545K(1798656K)->194541K(1798144K) Eden: 1499648K(1499648K)->0K(1499648K) From: 192897K(299008K)->194541K(298496K)
[8.834s][info ][gc,heap        ] GC(14) ParOldGen: 6219K(18944K)->6227K(18944K)
[8.834s][info ][gc,metaspace   ] GC(14) Metaspace: 60741K(61440K)->60741K(61440K) NonClass: 51713K(52096K)->51713K(52096K) Class: 9027K(9344K)->9027K(9344K)
[8.834s][info ][gc             ] GC(14) Pause Young (Allocation Failure) 1658M->196M(1774M) 95.770ms
[8.834s][info ][gc,cpu         ] GC(14) User=0.38s Sys=0.00s Real=0.09s
[8.834s][info ][safepoint      ] Safepoint "ParallelGCFailedAllocation", Time since last: 7819367 ns, Reaching safepoint: 143703 ns, At safepoint: 95887048 ns, Total: 96030751 ns
[9.079s][info ][safepoint      ] Safepoint "ICBufferFull", Time since last: 244731528 ns, Reaching safepoint: 239405 ns, At safepoint: 32901 ns, Total: 272306 ns
[9.149s][info ][gc,start       ] GC(15) Pause Young (Allocation Failure)
[9.229s][debug][gc,phases      ] GC(15) Scavenge 79.883ms
[9.229s][debug][gc,ref         ] GC(15) Skipped phase 1 of Reference Processing: no references
[9.229s][debug][gc,ref         ] GC(15) ReferenceProcessor::execute queues: 4, RefProcThreadModel::Multi, marks_oops_alive: false
[9.229s][debug][gc,ref         ] GC(15) Skipped phase 3 of Reference Processing: no references
[9.229s][debug][gc,ref         ] GC(15) ReferenceProcessor::execute queues: 1, RefProcThreadModel::Single, marks_oops_alive: false
[9.229s][debug][gc,phases      ] GC(15) Reference Processing 0.382ms
[9.230s][debug][gc,phases      ] GC(15)   VM Weak                        Min:  0.0, Avg:  0.0, Max:  0.0, Diff:  0.0, Sum:  0.0, Workers: 4
[9.230s][debug][gc,phases      ] GC(15)     Dead                           Min: 0, Avg:  0.0, Max: 0, Diff: 0, Sum: 0, Workers: 4
[9.230s][debug][gc,phases      ] GC(15)     Total                          Min: 0, Avg: 136.0, Max: 288, Diff: 288, Sum: 544, Workers: 4
[9.230s][debug][gc,phases      ] GC(15)   ObjectSynchronizer Weak        Min:  0.0, Avg:  0.0, Max:  0.0, Diff:  0.0, Sum:  0.0, Workers: 4
[9.230s][debug][gc,phases      ] GC(15)     Dead                           Min: 0, Avg:  0.0, Max: 0, Diff: 0, Sum: 0, Workers: 4
[9.230s][debug][gc,phases      ] GC(15)     Total                          Min: 0, Avg: 84.2, Max: 145, Diff: 145, Sum: 337, Workers: 4
[9.230s][debug][gc,phases      ] GC(15)   JVMTI Tag Weak OopStorage      Min:  0.0, Avg:  0.0, Max:  0.0, Diff:  0.0, Sum:  0.0, Workers: 4
[9.230s][debug][gc,phases      ] GC(15)     Dead                           Min: 0, Avg:  0.0, Max: 0, Diff: 0, Sum: 0, Workers: 4
[9.230s][debug][gc,phases      ] GC(15)     Total                          Min: 0, Avg:  0.0, Max: 0, Diff: 0, Sum: 0, Workers: 4
[9.230s][debug][gc,phases      ] GC(15)   StringTable Weak               Min:  0.4, Avg:  0.4, Max:  0.4, Diff:  0.0, Sum:  1.4, Workers: 4
[9.230s][debug][gc,phases      ] GC(15)     Dead                           Min: 0, Avg:  3.0, Max: 12, Diff: 12, Sum: 12, Workers: 4
[9.230s][debug][gc,phases      ] GC(15)     Total                          Min: 7232, Avg: 10148.5, Max: 13236, Diff: 6004, Sum: 40594, Workers: 4
[9.230s][debug][gc,phases      ] GC(15)   ResolvedMethodTable Weak       Min:  0.1, Avg:  0.1, Max:  0.1, Diff:  0.0, Sum:  0.2, Workers: 4
[9.230s][debug][gc,phases      ] GC(15)     Dead                           Min: 0, Avg:  0.0, Max: 0, Diff: 0, Sum: 0, Workers: 4
[9.230s][debug][gc,phases      ] GC(15)     Total                          Min: 1152, Avg: 1575.2, Max: 1950, Diff: 798, Sum: 6301, Workers: 4
[9.230s][debug][gc,phases      ] GC(15)   JNI Weak                       Min:  0.0, Avg:  0.0, Max:  0.0, Diff:  0.0, Sum:  0.0, Workers: 4
[9.230s][debug][gc,phases      ] GC(15)     Dead                           Min: 0, Avg:  0.0, Max: 0, Diff: 0, Sum: 0, Workers: 4
[9.230s][debug][gc,phases      ] GC(15)     Total                          Min: 0, Avg:  0.0, Max: 0, Diff: 0, Sum: 0, Workers: 4
[9.230s][debug][gc,phases      ] GC(15)   StringDedup Table Weak         Min:  0.0, Avg:  0.0, Max:  0.0, Diff:  0.0, Sum:  0.0, Workers: 4
[9.230s][debug][gc,phases      ] GC(15)     Dead                           Min: 0, Avg:  0.0, Max: 0, Diff: 0, Sum: 0, Workers: 4
[9.230s][debug][gc,phases      ] GC(15)     Total                          Min: 0, Avg:  0.0, Max: 0, Diff: 0, Sum: 0, Workers: 4
[9.230s][debug][gc,phases      ] GC(15)   StringDedup Requests0 Weak     Min:  0.0, Avg:  0.0, Max:  0.0, Diff:  0.0, Sum:  0.0, Workers: 4
[9.230s][debug][gc,phases      ] GC(15)     Dead                           Min: 0, Avg:  0.0, Max: 0, Diff: 0, Sum: 0, Workers: 4
[9.230s][debug][gc,phases      ] GC(15)     Total                          Min: 0, Avg:  0.0, Max: 0, Diff: 0, Sum: 0, Workers: 4
[9.230s][debug][gc,phases      ] GC(15)   StringDedup Requests1 Weak     Min:  0.0, Avg:  0.0, Max:  0.0, Diff:  0.0, Sum:  0.0, Workers: 4
[9.230s][debug][gc,phases      ] GC(15)     Dead                           Min: 0, Avg:  0.0, Max: 0, Diff: 0, Sum: 0, Workers: 4
[9.230s][debug][gc,phases      ] GC(15)     Total                          Min: 0, Avg:  0.0, Max: 0, Diff: 0, Sum: 0, Workers: 4
[9.230s][debug][gc,phases      ] GC(15)   Weak JFR Old Object Samples    Min:  0.0, Avg:  0.0, Max:  0.0, Diff:  0.0, Sum:  0.0, Workers: 4
[9.230s][debug][gc,phases      ] GC(15)     Dead                           Min: 0, Avg:  0.0, Max: 0, Diff: 0, Sum: 0, Workers: 4
[9.230s][debug][gc,phases      ] GC(15)     Total                          Min: 0, Avg:  0.0, Max: 0, Diff: 0, Sum: 0, Workers: 4
[9.230s][debug][gc,phases      ] GC(15) Weak Processing 0.599ms
[9.230s][debug][gc,age         ] GC(15) Desired survivor size 299892736 bytes, new threshold 12 (max threshold 15)
[9.230s][info ][gc,heap        ] GC(15) PSYoungGen: 1694189K(1798144K)->186691K(1804288K) Eden: 1499648K(1499648K)->0K(1506816K) From: 194541K(298496K)->186691K(297472K)
[9.230s][info ][gc,heap        ] GC(15) ParOldGen: 6227K(18944K)->16250K(18944K)
[9.230s][info ][gc,metaspace   ] GC(15) Metaspace: 60767K(61504K)->60767K(61504K) NonClass: 51737K(52160K)->51737K(52160K) Class: 9030K(9344K)->9030K(9344K)
[9.230s][info ][gc             ] GC(15) Pause Young (Allocation Failure) 1660M->198M(1780M) 81.005ms
[9.230s][info ][gc,cpu         ] GC(15) User=0.32s Sys=0.00s Real=0.08s
[9.230s][debug][gc,phases      ] GC(16) Pre Compact 0.010ms
[9.230s][info ][gc,start       ] GC(16) Pause Full (Ergonomics)
[9.230s][info ][gc,phases,start] GC(16) Marking Phase
[9.314s][debug][gc,phases      ] GC(16) Par Mark 83.708ms
[9.314s][debug][gc,ref         ] GC(16) Skipped phase 1 of Reference Processing: no references
[9.314s][debug][gc,ref         ] GC(16) ReferenceProcessor::execute queues: 4, RefProcThreadModel::Multi, marks_oops_alive: false
[9.314s][debug][gc,ref         ] GC(16) Skipped phase 3 of Reference Processing: no references
[9.314s][debug][gc,ref         ] GC(16) ReferenceProcessor::execute queues: 1, RefProcThreadModel::Single, marks_oops_alive: false
[9.314s][debug][gc,phases      ] GC(16) Reference Processing 0.273ms
[9.315s][debug][gc,phases      ] GC(16)   VM Weak                        Min:  0.0, Avg:  0.0, Max:  0.0, Diff:  0.0, Sum:  0.0, Workers: 4
[9.315s][debug][gc,phases      ] GC(16)     Dead                           Min: 0, Avg:  0.0, Max: 0, Diff: 0, Sum: 0, Workers: 4
[9.315s][debug][gc,phases      ] GC(16)     Total                          Min: 32, Avg: 136.0, Max: 192, Diff: 160, Sum: 544, Workers: 4
[9.315s][debug][gc,phases      ] GC(16)   ObjectSynchronizer Weak        Min:  0.0, Avg:  0.0, Max:  0.0, Diff:  0.0, Sum:  0.0, Workers: 4
[9.315s][debug][gc,phases      ] GC(16)     Dead                           Min: 0, Avg:  0.0, Max: 0, Diff: 0, Sum: 0, Workers: 4
[9.315s][debug][gc,phases      ] GC(16)     Total                          Min: 17, Avg: 84.2, Max: 128, Diff: 111, Sum: 337, Workers: 4
[9.315s][debug][gc,phases      ] GC(16)   JVMTI Tag Weak OopStorage      Min:  0.0, Avg:  0.0, Max:  0.0, Diff:  0.0, Sum:  0.0, Workers: 4
[9.315s][debug][gc,phases      ] GC(16)     Dead                           Min: 0, Avg:  0.0, Max: 0, Diff: 0, Sum: 0, Workers: 4
[9.315s][debug][gc,phases      ] GC(16)     Total                          Min: 0, Avg:  0.0, Max: 0, Diff: 0, Sum: 0, Workers: 4
[9.315s][debug][gc,phases      ] GC(16)   StringTable Weak               Min:  0.1, Avg:  0.1, Max:  0.1, Diff:  0.0, Sum:  0.6, Workers: 4
[9.315s][debug][gc,phases      ] GC(16)     Dead                           Min: 0, Avg:  0.0, Max: 0, Diff: 0, Sum: 0, Workers: 4
[9.315s][debug][gc,phases      ] GC(16)     Total                          Min: 8640, Avg: 10148.5, Max: 12032, Diff: 3392, Sum: 40594, Workers: 4
[9.315s][debug][gc,phases      ] GC(16)   ResolvedMethodTable Weak       Min:  0.0, Avg:  0.0, Max:  0.0, Diff:  0.0, Sum:  0.1, Workers: 4
[9.315s][debug][gc,phases      ] GC(16)     Dead                           Min: 0, Avg:  0.0, Max: 0, Diff: 0, Sum: 0, Workers: 4
[9.315s][debug][gc,phases      ] GC(16)     Total                          Min: 1408, Avg: 1575.2, Max: 1758, Diff: 350, Sum: 6301, Workers: 4
[9.315s][debug][gc,phases      ] GC(16)   JNI Weak                       Min:  0.0, Avg:  0.0, Max:  0.0, Diff:  0.0, Sum:  0.0, Workers: 4
[9.315s][debug][gc,phases      ] GC(16)     Dead                           Min: 0, Avg:  0.0, Max: 0, Diff: 0, Sum: 0, Workers: 4
[9.315s][debug][gc,phases      ] GC(16)     Total                          Min: 0, Avg:  0.0, Max: 0, Diff: 0, Sum: 0, Workers: 4
[9.315s][debug][gc,phases      ] GC(16)   StringDedup Table Weak         Min:  0.0, Avg:  0.0, Max:  0.0, Diff:  0.0, Sum:  0.0, Workers: 4
[9.315s][debug][gc,phases      ] GC(16)     Dead                           Min: 0, Avg:  0.0, Max: 0, Diff: 0, Sum: 0, Workers: 4
[9.315s][debug][gc,phases      ] GC(16)     Total                          Min: 0, Avg:  0.0, Max: 0, Diff: 0, Sum: 0, Workers: 4
[9.315s][debug][gc,phases      ] GC(16)   StringDedup Requests0 Weak     Min:  0.0, Avg:  0.0, Max:  0.0, Diff:  0.0, Sum:  0.0, Workers: 4
[9.315s][debug][gc,phases      ] GC(16)     Dead                           Min: 0, Avg:  0.0, Max: 0, Diff: 0, Sum: 0, Workers: 4
[9.315s][debug][gc,phases      ] GC(16)     Total                          Min: 0, Avg:  0.0, Max: 0, Diff: 0, Sum: 0, Workers: 4
[9.315s][debug][gc,phases      ] GC(16)   StringDedup Requests1 Weak     Min:  0.0, Avg:  0.0, Max:  0.0, Diff:  0.0, Sum:  0.0, Workers: 4
[9.315s][debug][gc,phases      ] GC(16)     Dead                           Min: 0, Avg:  0.0, Max: 0, Diff: 0, Sum: 0, Workers: 4
[9.315s][debug][gc,phases      ] GC(16)     Total                          Min: 0, Avg:  0.0, Max: 0, Diff: 0, Sum: 0, Workers: 4
[9.315s][debug][gc,phases      ] GC(16)   Weak JFR Old Object Samples    Min:  0.0, Avg:  0.0, Max:  0.0, Diff:  0.0, Sum:  0.0, Workers: 4
[9.315s][debug][gc,phases      ] GC(16)     Dead                           Min: 0, Avg:  0.0, Max: 0, Diff: 0, Sum: 0, Workers: 4
[9.315s][debug][gc,phases      ] GC(16)     Total                          Min: 0, Avg:  0.0, Max: 0, Diff: 0, Sum: 0, Workers: 4
[9.315s][debug][gc,phases      ] GC(16) Weak Processing 0.343ms
[9.315s][debug][gc,phases      ] GC(16) ClassLoaderData 0.077ms
[9.315s][debug][gc,phases      ] GC(16) Trigger cleanups 0.000ms
[9.322s][debug][gc,phases      ] GC(16) Class Unloading 7.738ms
[9.322s][info ][gc,phases      ] GC(16) Marking Phase 92.236ms
[9.322s][info ][gc,phases,start] GC(16) Summary Phase
[9.322s][info ][gc,phases      ] GC(16) Summary Phase 0.008ms
[9.322s][info ][gc,phases,start] GC(16) Adjust Roots
[9.333s][info ][gc,phases      ] GC(16) Adjust Roots 10.467ms
[9.333s][info ][gc,phases,start] GC(16) Compaction Phase
[9.628s][info ][gc,phases      ] GC(16) Compaction Phase 294.997ms
[9.628s][info ][gc,phases,start] GC(16) Post Compact
[9.629s][info ][gc,phases      ] GC(16) Post Compact 1.352ms
[9.629s][info ][gc,heap        ] GC(16) PSYoungGen: 186691K(1804288K)->183786K(1804288K) Eden: 0K(1506816K)->0K(1506816K) From: 186691K(297472K)->183786K(297472K)
[9.629s][info ][gc,heap        ] GC(16) ParOldGen: 16250K(18944K)->18660K(39936K)
[9.629s][info ][gc,metaspace   ] GC(16) Metaspace: 60767K(61504K)->60767K(61504K) NonClass: 51737K(52160K)->51737K(52160K) Class: 9030K(9344K)->9030K(9344K)
[9.629s][info ][gc             ] GC(16) Pause Full (Ergonomics) 198M->197M(1801M) 399.272ms
[9.629s][info ][gc,cpu         ] GC(16) User=1.45s Sys=0.02s Real=0.40s
[9.630s][info ][safepoint      ] Safepoint "ParallelGCFailedAllocation", Time since last: 69535585 ns, Reaching safepoint: 264506 ns, At safepoint: 480443064 ns, Total: 480707570 ns
[9.997s][info ][gc,start       ] GC(17) Pause Young (Allocation Failure)
[10.090s][debug][gc,phases      ] GC(17) Scavenge 93.579ms
[10.090s][debug][gc,ref         ] GC(17) Skipped phase 1 of Reference Processing: no references
[10.091s][debug][gc,ref         ] GC(17) ReferenceProcessor::execute queues: 3, RefProcThreadModel::Multi, marks_oops_alive: false
[10.091s][debug][gc,ref         ] GC(17) Skipped phase 3 of Reference Processing: no references
[10.091s][debug][gc,ref         ] GC(17) ReferenceProcessor::execute queues: 1, RefProcThreadModel::Single, marks_oops_alive: false
[10.091s][debug][gc,phases      ] GC(17) Reference Processing 0.300ms
[10.091s][debug][gc,phases      ] GC(17)   VM Weak                        Min:  0.0, Avg:  0.0, Max:  0.0, Diff:  0.0, Sum:  0.0, Workers: 4
[10.091s][debug][gc,phases      ] GC(17)     Dead                           Min: 0, Avg:  0.0, Max: 0, Diff: 0, Sum: 0, Workers: 4
[10.091s][debug][gc,phases      ] GC(17)     Total                          Min: 0, Avg: 136.0, Max: 416, Diff: 416, Sum: 544, Workers: 4
[10.091s][debug][gc,phases      ] GC(17)   ObjectSynchronizer Weak        Min:  0.0, Avg:  0.0, Max:  0.0, Diff:  0.0, Sum:  0.0, Workers: 4
[10.091s][debug][gc,phases      ] GC(17)     Dead                           Min: 0, Avg:  0.2, Max: 1, Diff: 1, Sum: 1, Workers: 4
[10.091s][debug][gc,phases      ] GC(17)     Total                          Min: 0, Avg: 84.5, Max: 210, Diff: 210, Sum: 338, Workers: 4
[10.091s][debug][gc,phases      ] GC(17)   JVMTI Tag Weak OopStorage      Min:  0.0, Avg:  0.0, Max:  0.0, Diff:  0.0, Sum:  0.0, Workers: 4
[10.091s][debug][gc,phases      ] GC(17)     Dead                           Min: 0, Avg:  0.0, Max: 0, Diff: 0, Sum: 0, Workers: 4
[10.091s][debug][gc,phases      ] GC(17)     Total                          Min: 0, Avg:  0.0, Max: 0, Diff: 0, Sum: 0, Workers: 4
[10.091s][debug][gc,phases      ] GC(17)   StringTable Weak               Min:  0.3, Avg:  0.3, Max:  0.3, Diff:  0.0, Sum:  1.3, Workers: 4
[10.091s][debug][gc,phases      ] GC(17)     Dead                           Min: 0, Avg:  2.8, Max: 8, Diff: 8, Sum: 11, Workers: 4
[10.091s][debug][gc,phases      ] GC(17)     Total                          Min: 8640, Avg: 10159.2, Max: 11840, Diff: 3200, Sum: 40637, Workers: 4
[10.091s][debug][gc,phases      ] GC(17)   ResolvedMethodTable Weak       Min:  0.1, Avg:  0.1, Max:  0.1, Diff:  0.0, Sum:  0.3, Workers: 4
[10.091s][debug][gc,phases      ] GC(17)     Dead                           Min: 0, Avg:  0.0, Max: 0, Diff: 0, Sum: 0, Workers: 4
[10.091s][debug][gc,phases      ] GC(17)     Total                          Min: 1024, Avg: 1575.2, Max: 2398, Diff: 1374, Sum: 6301, Workers: 4
[10.091s][debug][gc,phases      ] GC(17)   JNI Weak                       Min:  0.0, Avg:  0.0, Max:  0.0, Diff:  0.0, Sum:  0.0, Workers: 4
[10.091s][debug][gc,phases      ] GC(17)     Dead                           Min: 0, Avg:  0.0, Max: 0, Diff: 0, Sum: 0, Workers: 4
[10.091s][debug][gc,phases      ] GC(17)     Total                          Min: 0, Avg:  2.2, Max: 9, Diff: 9, Sum: 9, Workers: 4
[10.091s][debug][gc,phases      ] GC(17)   StringDedup Table Weak         Min:  0.0, Avg:  0.0, Max:  0.0, Diff:  0.0, Sum:  0.0, Workers: 4
[10.091s][debug][gc,phases      ] GC(17)     Dead                           Min: 0, Avg:  0.0, Max: 0, Diff: 0, Sum: 0, Workers: 4
[10.091s][debug][gc,phases      ] GC(17)     Total                          Min: 0, Avg:  0.0, Max: 0, Diff: 0, Sum: 0, Workers: 4
[10.091s][debug][gc,phases      ] GC(17)   StringDedup Requests0 Weak     Min:  0.0, Avg:  0.0, Max:  0.0, Diff:  0.0, Sum:  0.0, Workers: 4
[10.091s][debug][gc,phases      ] GC(17)     Dead                           Min: 0, Avg:  0.0, Max: 0, Diff: 0, Sum: 0, Workers: 4
[10.091s][debug][gc,phases      ] GC(17)     Total                          Min: 0, Avg:  0.0, Max: 0, Diff: 0, Sum: 0, Workers: 4
[10.091s][debug][gc,phases      ] GC(17)   StringDedup Requests1 Weak     Min:  0.0, Avg:  0.0, Max:  0.0, Diff:  0.0, Sum:  0.0, Workers: 4
[10.091s][debug][gc,phases      ] GC(17)     Dead                           Min: 0, Avg:  0.0, Max: 0, Diff: 0, Sum: 0, Workers: 4
[10.091s][debug][gc,phases      ] GC(17)     Total                          Min: 0, Avg:  0.0, Max: 0, Diff: 0, Sum: 0, Workers: 4
[10.091s][debug][gc,phases      ] GC(17)   Weak JFR Old Object Samples    Min:  0.0, Avg:  0.0, Max:  0.0, Diff:  0.0, Sum:  0.0, Workers: 4
[10.091s][debug][gc,phases      ] GC(17)     Dead                           Min: 0, Avg:  0.0, Max: 0, Diff: 0, Sum: 0, Workers: 4
[10.091s][debug][gc,phases      ] GC(17)     Total                          Min: 0, Avg:  0.0, Max: 0, Diff: 0, Sum: 0, Workers: 4
[10.091s][debug][gc,phases      ] GC(17) Weak Processing 0.647ms
[10.091s][debug][gc,age         ] GC(17) Desired survivor size 290455552 bytes, new threshold 11 (max threshold 15)
[10.091s][info ][gc,heap        ] GC(17) PSYoungGen: 1690602K(1804288K)->145053K(1799680K) Eden: 1506816K(1506816K)->0K(1506816K) From: 183786K(297472K)->145053K(292864K)
[10.091s][info ][gc,heap        ] GC(17) ParOldGen: 18660K(39936K)->62659K(62976K)
[10.091s][info ][gc,metaspace   ] GC(17) Metaspace: 60770K(61504K)->60770K(61504K) NonClass: 51740K(52160K)->51740K(52160K) Class: 9030K(9344K)->9030K(9344K)
[10.091s][info ][gc             ] GC(17) Pause Young (Allocation Failure) 1669M->202M(1819M) 94.694ms
[10.091s][info ][gc,cpu         ] GC(17) User=0.36s Sys=0.02s Real=0.09s
[10.091s][debug][gc,phases      ] GC(18) Pre Compact 0.015ms
[10.091s][info ][gc,start       ] GC(18) Pause Full (Ergonomics)
[10.091s][info ][gc,phases,start] GC(18) Marking Phase
[10.184s][debug][gc,phases      ] GC(18) Par Mark 92.797ms
[10.184s][debug][gc,ref         ] GC(18) Skipped phase 1 of Reference Processing: no references
[10.185s][debug][gc,ref         ] GC(18) ReferenceProcessor::execute queues: 4, RefProcThreadModel::Multi, marks_oops_alive: false
[10.185s][debug][gc,ref         ] GC(18) Skipped phase 3 of Reference Processing: no references
[10.185s][debug][gc,ref         ] GC(18) ReferenceProcessor::execute queues: 1, RefProcThreadModel::Single, marks_oops_alive: false
[10.185s][debug][gc,phases      ] GC(18) Reference Processing 0.299ms
[10.185s][debug][gc,phases      ] GC(18)   VM Weak                        Min:  0.0, Avg:  0.0, Max:  0.0, Diff:  0.0, Sum:  0.0, Workers: 4
[10.185s][debug][gc,phases      ] GC(18)     Dead                           Min: 0, Avg:  0.0, Max: 0, Diff: 0, Sum: 0, Workers: 4
[10.185s][debug][gc,phases      ] GC(18)     Total                          Min: 0, Avg: 136.0, Max: 352, Diff: 352, Sum: 544, Workers: 4
[10.185s][debug][gc,phases      ] GC(18)   ObjectSynchronizer Weak        Min:  0.0, Avg:  0.0, Max:  0.0, Diff:  0.0, Sum:  0.0, Workers: 4
[10.185s][debug][gc,phases      ] GC(18)     Dead                           Min: 0, Avg:  0.0, Max: 0, Diff: 0, Sum: 0, Workers: 4
[10.185s][debug][gc,phases      ] GC(18)     Total                          Min: 0, Avg: 84.5, Max: 128, Diff: 128, Sum: 338, Workers: 4
[10.185s][debug][gc,phases      ] GC(18)   JVMTI Tag Weak OopStorage      Min:  0.0, Avg:  0.0, Max:  0.0, Diff:  0.0, Sum:  0.0, Workers: 4
[10.185s][debug][gc,phases      ] GC(18)     Dead                           Min: 0, Avg:  0.0, Max: 0, Diff: 0, Sum: 0, Workers: 4
[10.185s][debug][gc,phases      ] GC(18)     Total                          Min: 0, Avg:  0.0, Max: 0, Diff: 0, Sum: 0, Workers: 4
[10.185s][debug][gc,phases      ] GC(18)   StringTable Weak               Min:  0.2, Avg:  0.2, Max:  0.2, Diff:  0.0, Sum:  0.6, Workers: 4
[10.185s][debug][gc,phases      ] GC(18)     Dead                           Min: 0, Avg:  0.0, Max: 0, Diff: 0, Sum: 0, Workers: 4
[10.185s][debug][gc,phases      ] GC(18)     Total                          Min: 9408, Avg: 10159.2, Max: 11072, Diff: 1664, Sum: 40637, Workers: 4
[10.185s][debug][gc,phases      ] GC(18)   ResolvedMethodTable Weak       Min:  0.0, Avg:  0.0, Max:  0.0, Diff:  0.0, Sum:  0.1, Workers: 4
[10.185s][debug][gc,phases      ] GC(18)     Dead                           Min: 0, Avg:  0.0, Max: 0, Diff: 0, Sum: 0, Workers: 4
[10.185s][debug][gc,phases      ] GC(18)     Total                          Min: 1472, Avg: 1575.2, Max: 1791, Diff: 319, Sum: 6301, Workers: 4
[10.185s][debug][gc,phases      ] GC(18)   JNI Weak                       Min:  0.0, Avg:  0.0, Max:  0.0, Diff:  0.0, Sum:  0.0, Workers: 4
[10.185s][debug][gc,phases      ] GC(18)     Dead                           Min: 0, Avg:  0.0, Max: 0, Diff: 0, Sum: 0, Workers: 4
[10.185s][debug][gc,phases      ] GC(18)     Total                          Min: 0, Avg:  2.2, Max: 9, Diff: 9, Sum: 9, Workers: 4
[10.185s][debug][gc,phases      ] GC(18)   StringDedup Table Weak         Min:  0.0, Avg:  0.0, Max:  0.0, Diff:  0.0, Sum:  0.0, Workers: 4
[10.185s][debug][gc,phases      ] GC(18)     Dead                           Min: 0, Avg:  0.0, Max: 0, Diff: 0, Sum: 0, Workers: 4
[10.185s][debug][gc,phases      ] GC(18)     Total                          Min: 0, Avg:  0.0, Max: 0, Diff: 0, Sum: 0, Workers: 4
[10.185s][debug][gc,phases      ] GC(18)   StringDedup Requests0 Weak     Min:  0.0, Avg:  0.0, Max:  0.0, Diff:  0.0, Sum:  0.0, Workers: 4
[10.185s][debug][gc,phases      ] GC(18)     Dead                           Min: 0, Avg:  0.0, Max: 0, Diff: 0, Sum: 0, Workers: 4
[10.185s][debug][gc,phases      ] GC(18)     Total                          Min: 0, Avg:  0.0, Max: 0, Diff: 0, Sum: 0, Workers: 4
[10.185s][debug][gc,phases      ] GC(18)   StringDedup Requests1 Weak     Min:  0.0, Avg:  0.0, Max:  0.0, Diff:  0.0, Sum:  0.0, Workers: 4
[10.185s][debug][gc,phases      ] GC(18)     Dead                           Min: 0, Avg:  0.0, Max: 0, Diff: 0, Sum: 0, Workers: 4
[10.185s][debug][gc,phases      ] GC(18)     Total                          Min: 0, Avg:  0.0, Max: 0, Diff: 0, Sum: 0, Workers: 4
[10.185s][debug][gc,phases      ] GC(18)   Weak JFR Old Object Samples    Min:  0.0, Avg:  0.0, Max:  0.0, Diff:  0.0, Sum:  0.0, Workers: 4
[10.185s][debug][gc,phases      ] GC(18)     Dead                           Min: 0, Avg:  0.0, Max: 0, Diff: 0, Sum: 0, Workers: 4
[10.185s][debug][gc,phases      ] GC(18)     Total                          Min: 0, Avg:  0.0, Max: 0, Diff: 0, Sum: 0, Workers: 4
[10.185s][debug][gc,phases      ] GC(18) Weak Processing 0.362ms
[10.185s][debug][gc,phases      ] GC(18) ClassLoaderData 0.072ms
[10.185s][debug][gc,phases      ] GC(18) Trigger cleanups 0.000ms
[10.193s][debug][gc,phases      ] GC(18) Class Unloading 7.491ms
[10.193s][info ][gc,phases      ] GC(18) Marking Phase 101.114ms
[10.193s][info ][gc,phases,start] GC(18) Summary Phase
[10.193s][info ][gc,phases      ] GC(18) Summary Phase 0.010ms
[10.193s][info ][gc,phases,start] GC(18) Adjust Roots
[10.202s][info ][gc,phases      ] GC(18) Adjust Roots 9.734ms
[10.202s][info ][gc,phases,start] GC(18) Compaction Phase
[10.993s][info ][gc,phases      ] GC(18) Compaction Phase 790.873ms
[10.993s][info ][gc,phases,start] GC(18) Post Compact
[10.994s][info ][gc,phases      ] GC(18) Post Compact 0.783ms
[10.994s][info ][gc,heap        ] GC(18) PSYoungGen: 145053K(1799680K)->144841K(1799680K) Eden: 0K(1506816K)->0K(1506816K) From: 145053K(292864K)->144841K(292864K)
[10.994s][info ][gc,heap        ] GC(18) ParOldGen: 62659K(62976K)->62467K(106496K)
[10.994s][info ][gc,metaspace   ] GC(18) Metaspace: 60770K(61504K)->60770K(61504K) NonClass: 51740K(52160K)->51740K(52160K) Class: 9030K(9344K)->9030K(9344K)
[10.994s][info ][gc             ] GC(18) Pause Full (Ergonomics) 202M->202M(1861M) 902.746ms
[10.994s][info ][gc,cpu         ] GC(18) User=2.06s Sys=0.03s Real=0.90s
[10.994s][info ][safepoint      ] Safepoint "ParallelGCFailedAllocation", Time since last: 366946839 ns, Reaching safepoint: 204704 ns, At safepoint: 997634312 ns, Total: 997839016 ns
[11.284s][info ][gc,start       ] GC(19) Pause Young (Allocation Failure)
[11.386s][debug][gc,phases      ] GC(19) Scavenge 102.144ms
[11.386s][debug][gc,ref         ] GC(19) Skipped phase 1 of Reference Processing: no references
[11.386s][debug][gc,ref         ] GC(19) ReferenceProcessor::execute queues: 1, RefProcThreadModel::Single, marks_oops_alive: false
[11.386s][debug][gc,ref         ] GC(19) Skipped phase 3 of Reference Processing: no references
[11.386s][debug][gc,ref         ] GC(19) ReferenceProcessor::execute queues: 1, RefProcThreadModel::Single, marks_oops_alive: false
[11.386s][debug][gc,phases      ] GC(19) Reference Processing 0.172ms
[11.387s][debug][gc,phases      ] GC(19)   VM Weak                        Min:  0.0, Avg:  0.0, Max:  0.0, Diff:  0.0, Sum:  0.0, Workers: 4
[11.387s][debug][gc,phases      ] GC(19)     Dead                           Min: 0, Avg:  0.0, Max: 0, Diff: 0, Sum: 0, Workers: 4
[11.387s][debug][gc,phases      ] GC(19)     Total                          Min: 0, Avg: 137.2, Max: 549, Diff: 549, Sum: 549, Workers: 4
[11.387s][debug][gc,phases      ] GC(19)   ObjectSynchronizer Weak        Min:  0.0, Avg:  0.0, Max:  0.0, Diff:  0.0, Sum:  0.0, Workers: 4
[11.387s][debug][gc,phases      ] GC(19)     Dead                           Min: 0, Avg:  0.0, Max: 0, Diff: 0, Sum: 0, Workers: 4
[11.387s][debug][gc,phases      ] GC(19)     Total                          Min: 0, Avg: 84.5, Max: 210, Diff: 210, Sum: 338, Workers: 4
[11.387s][debug][gc,phases      ] GC(19)   JVMTI Tag Weak OopStorage      Min:  0.0, Avg:  0.0, Max:  0.0, Diff:  0.0, Sum:  0.0, Workers: 4
[11.387s][debug][gc,phases      ] GC(19)     Dead                           Min: 0, Avg:  0.0, Max: 0, Diff: 0, Sum: 0, Workers: 4
[11.387s][debug][gc,phases      ] GC(19)     Total                          Min: 0, Avg:  0.0, Max: 0, Diff: 0, Sum: 0, Workers: 4
[11.387s][debug][gc,phases      ] GC(19)   StringTable Weak               Min:  0.0, Avg:  0.2, Max:  0.3, Diff:  0.3, Sum:  0.9, Workers: 4
[11.387s][debug][gc,phases      ] GC(19)     Dead                           Min: 0, Avg:  4.2, Max: 13, Diff: 13, Sum: 17, Workers: 4
[11.387s][debug][gc,phases      ] GC(19)     Total                          Min: 0, Avg: 10187.5, Max: 15808, Diff: 15808, Sum: 40750, Workers: 4
[11.387s][debug][gc,phases      ] GC(19)   ResolvedMethodTable Weak       Min:  0.0, Avg:  0.0, Max:  0.1, Diff:  0.1, Sum:  0.2, Workers: 4
[11.387s][debug][gc,phases      ] GC(19)     Dead                           Min: 0, Avg:  6.2, Max: 25, Diff: 25, Sum: 25, Workers: 4
[11.387s][debug][gc,phases      ] GC(19)     Total                          Min: 0, Avg: 1592.5, Max: 2432, Diff: 2432, Sum: 6370, Workers: 4
[11.387s][debug][gc,phases      ] GC(19)   JNI Weak                       Min:  0.0, Avg:  0.0, Max:  0.0, Diff:  0.0, Sum:  0.0, Workers: 4
[11.387s][debug][gc,phases      ] GC(19)     Dead                           Min: 0, Avg:  0.0, Max: 0, Diff: 0, Sum: 0, Workers: 4
[11.387s][debug][gc,phases      ] GC(19)     Total                          Min: 0, Avg:  0.0, Max: 0, Diff: 0, Sum: 0, Workers: 4
[11.387s][debug][gc,phases      ] GC(19)   StringDedup Table Weak         Min:  0.0, Avg:  0.0, Max:  0.0, Diff:  0.0, Sum:  0.0, Workers: 4
[11.387s][debug][gc,phases      ] GC(19)     Dead                           Min: 0, Avg:  0.0, Max: 0, Diff: 0, Sum: 0, Workers: 4
[11.387s][debug][gc,phases      ] GC(19)     Total                          Min: 0, Avg:  0.0, Max: 0, Diff: 0, Sum: 0, Workers: 4
[11.387s][debug][gc,phases      ] GC(19)   StringDedup Requests0 Weak     Min:  0.0, Avg:  0.0, Max:  0.0, Diff:  0.0, Sum:  0.0, Workers: 4
[11.387s][debug][gc,phases      ] GC(19)     Dead                           Min: 0, Avg:  0.0, Max: 0, Diff: 0, Sum: 0, Workers: 4
[11.387s][debug][gc,phases      ] GC(19)     Total                          Min: 0, Avg:  0.0, Max: 0, Diff: 0, Sum: 0, Workers: 4
[11.387s][debug][gc,phases      ] GC(19)   StringDedup Requests1 Weak     Min:  0.0, Avg:  0.0, Max:  0.0, Diff:  0.0, Sum:  0.0, Workers: 4
[11.387s][debug][gc,phases      ] GC(19)     Dead                           Min: 0, Avg:  0.0, Max: 0, Diff: 0, Sum: 0, Workers: 4
[11.387s][debug][gc,phases      ] GC(19)     Total                          Min: 0, Avg:  0.0, Max: 0, Diff: 0, Sum: 0, Workers: 4
[11.387s][debug][gc,phases      ] GC(19)   Weak JFR Old Object Samples    Min:  0.0, Avg:  0.0, Max:  0.0, Diff:  0.0, Sum:  0.0, Workers: 4
[11.387s][debug][gc,phases      ] GC(19)     Dead                           Min: 0, Avg:  0.0, Max: 0, Diff: 0, Sum: 0, Workers: 4
[11.387s][debug][gc,phases      ] GC(19)     Total                          Min: 0, Avg:  0.0, Max: 0, Diff: 0, Sum: 0, Workers: 4
[11.387s][debug][gc,phases      ] GC(19) Weak Processing 0.547ms
[11.387s][debug][gc,age         ] GC(19) Desired survivor size 301465600 bytes, new threshold 12 (max threshold 15)
[11.387s][info ][gc,heap        ] GC(19) PSYoungGen: 1651657K(1799680K)->29093K(1792000K) Eden: 1506816K(1506816K)->0K(1508352K) From: 144841K(292864K)->29093K(283648K)
[11.387s][info ][gc,heap        ] GC(19) ParOldGen: 62467K(106496K)->181967K(182272K)
[11.387s][info ][gc,metaspace   ] GC(19) Metaspace: 61293K(62016K)->61293K(62016K) NonClass: 52197K(52608K)->52197K(52608K) Class: 9095K(9408K)->9095K(9408K)
[11.387s][info ][gc             ] GC(19) Pause Young (Allocation Failure) 1673M->206M(1928M) 103.008ms
[11.387s][info ][gc,cpu         ] GC(19) User=0.39s Sys=0.02s Real=0.10s
[11.387s][debug][gc,phases      ] GC(20) Pre Compact 0.010ms
[11.387s][info ][gc,start       ] GC(20) Pause Full (Ergonomics)
[11.387s][info ][gc,phases,start] GC(20) Marking Phase
[11.465s][debug][gc,phases      ] GC(20) Par Mark 78.230ms
[11.465s][debug][gc,ref         ] GC(20) Skipped phase 1 of Reference Processing: no references
[11.465s][debug][gc,ref         ] GC(20) ReferenceProcessor::execute queues: 1, RefProcThreadModel::Single, marks_oops_alive: false
[11.465s][debug][gc,ref         ] GC(20) Skipped phase 3 of Reference Processing: no references
[11.465s][debug][gc,ref         ] GC(20) ReferenceProcessor::execute queues: 1, RefProcThreadModel::Single, marks_oops_alive: false
[11.465s][debug][gc,phases      ] GC(20) Reference Processing 0.159ms
[11.466s][debug][gc,phases      ] GC(20)   VM Weak                        Min:  0.0, Avg:  0.0, Max:  0.0, Diff:  0.0, Sum:  0.0, Workers: 4
[11.466s][debug][gc,phases      ] GC(20)     Dead                           Min: 0, Avg:  0.0, Max: 0, Diff: 0, Sum: 0, Workers: 4
[11.466s][debug][gc,phases      ] GC(20)     Total                          Min: 0, Avg: 137.2, Max: 448, Diff: 448, Sum: 549, Workers: 4
[11.466s][debug][gc,phases      ] GC(20)   ObjectSynchronizer Weak        Min:  0.0, Avg:  0.0, Max:  0.0, Diff:  0.0, Sum:  0.0, Workers: 4
[11.466s][debug][gc,phases      ] GC(20)     Dead                           Min: 0, Avg:  0.0, Max: 0, Diff: 0, Sum: 0, Workers: 4
[11.466s][debug][gc,phases      ] GC(20)     Total                          Min: 0, Avg: 84.5, Max: 128, Diff: 128, Sum: 338, Workers: 4
[11.466s][debug][gc,phases      ] GC(20)   JVMTI Tag Weak OopStorage      Min:  0.0, Avg:  0.0, Max:  0.0, Diff:  0.0, Sum:  0.0, Workers: 4
[11.466s][debug][gc,phases      ] GC(20)     Dead                           Min: 0, Avg:  0.0, Max: 0, Diff: 0, Sum: 0, Workers: 4
[11.466s][debug][gc,phases      ] GC(20)     Total                          Min: 0, Avg:  0.0, Max: 0, Diff: 0, Sum: 0, Workers: 4
[11.466s][debug][gc,phases      ] GC(20)   StringTable Weak               Min:  0.1, Avg:  0.1, Max:  0.1, Diff:  0.0, Sum:  0.5, Workers: 4
[11.466s][debug][gc,phases      ] GC(20)     Dead                           Min: 0, Avg:  0.0, Max: 0, Diff: 0, Sum: 0, Workers: 4
[11.466s][debug][gc,phases      ] GC(20)     Total                          Min: 9728, Avg: 10187.5, Max: 10752, Diff: 1024, Sum: 40750, Workers: 4
[11.466s][debug][gc,phases      ] GC(20)   ResolvedMethodTable Weak       Min:  0.0, Avg:  0.0, Max:  0.0, Diff:  0.0, Sum:  0.1, Workers: 4
[11.466s][debug][gc,phases      ] GC(20)     Dead                           Min: 0, Avg:  0.2, Max: 1, Diff: 1, Sum: 1, Workers: 4
[11.466s][debug][gc,phases      ] GC(20)     Total                          Min: 1515, Avg: 1592.5, Max: 1792, Diff: 277, Sum: 6370, Workers: 4
[11.466s][debug][gc,phases      ] GC(20)   JNI Weak                       Min:  0.0, Avg:  0.0, Max:  0.0, Diff:  0.0, Sum:  0.0, Workers: 4
[11.466s][debug][gc,phases      ] GC(20)     Dead                           Min: 0, Avg:  0.0, Max: 0, Diff: 0, Sum: 0, Workers: 4
[11.466s][debug][gc,phases      ] GC(20)     Total                          Min: 0, Avg:  0.0, Max: 0, Diff: 0, Sum: 0, Workers: 4
[11.466s][debug][gc,phases      ] GC(20)   StringDedup Table Weak         Min:  0.0, Avg:  0.0, Max:  0.0, Diff:  0.0, Sum:  0.0, Workers: 4
[11.466s][debug][gc,phases      ] GC(20)     Dead                           Min: 0, Avg:  0.0, Max: 0, Diff: 0, Sum: 0, Workers: 4
[11.466s][debug][gc,phases      ] GC(20)     Total                          Min: 0, Avg:  0.0, Max: 0, Diff: 0, Sum: 0, Workers: 4
[11.466s][debug][gc,phases      ] GC(20)   StringDedup Requests0 Weak     Min:  0.0, Avg:  0.0, Max:  0.0, Diff:  0.0, Sum:  0.0, Workers: 4
[11.466s][debug][gc,phases      ] GC(20)     Dead                           Min: 0, Avg:  0.0, Max: 0, Diff: 0, Sum: 0, Workers: 4
[11.466s][debug][gc,phases      ] GC(20)     Total                          Min: 0, Avg:  0.0, Max: 0, Diff: 0, Sum: 0, Workers: 4
[11.466s][debug][gc,phases      ] GC(20)   StringDedup Requests1 Weak     Min:  0.0, Avg:  0.0, Max:  0.0, Diff:  0.0, Sum:  0.0, Workers: 4
[11.466s][debug][gc,phases      ] GC(20)     Dead                           Min: 0, Avg:  0.0, Max: 0, Diff: 0, Sum: 0, Workers: 4
[11.466s][debug][gc,phases      ] GC(20)     Total                          Min: 0, Avg:  0.0, Max: 0, Diff: 0, Sum: 0, Workers: 4
[11.466s][debug][gc,phases      ] GC(20)   Weak JFR Old Object Samples    Min:  0.0, Avg:  0.0, Max:  0.0, Diff:  0.0, Sum:  0.0, Workers: 4
[11.466s][debug][gc,phases      ] GC(20)     Dead                           Min: 0, Avg:  0.0, Max: 0, Diff: 0, Sum: 0, Workers: 4
[11.466s][debug][gc,phases      ] GC(20)     Total                          Min: 0, Avg:  0.0, Max: 0, Diff: 0, Sum: 0, Workers: 4
[11.466s][debug][gc,phases      ] GC(20) Weak Processing 0.349ms
[11.466s][debug][gc,phases      ] GC(20) ClassLoaderData 0.078ms
[11.466s][debug][gc,phases      ] GC(20) Trigger cleanups 0.000ms
[11.473s][debug][gc,phases      ] GC(20) Class Unloading 7.756ms
[11.474s][info ][gc,phases      ] GC(20) Marking Phase 86.664ms
[11.474s][info ][gc,phases,start] GC(20) Summary Phase
[11.474s][info ][gc,phases      ] GC(20) Summary Phase 0.008ms
[11.474s][info ][gc,phases,start] GC(20) Adjust Roots
[11.482s][info ][gc,phases      ] GC(20) Adjust Roots 8.925ms
[11.483s][info ][gc,phases,start] GC(20) Compaction Phase
[11.801s][info ][gc,phases      ] GC(20) Compaction Phase 318.759ms
[11.801s][info ][gc,phases,start] GC(20) Post Compact
[11.802s][info ][gc,phases      ] GC(20) Post Compact 0.690ms
[11.802s][info ][gc,heap        ] GC(20) PSYoungGen: 29093K(1792000K)->28472K(1792000K) Eden: 0K(1508352K)->0K(1508352K) From: 29093K(283648K)->28472K(283648K)
[11.802s][info ][gc,heap        ] GC(20) ParOldGen: 181967K(182272K)->181961K(278016K)
[11.802s][info ][gc,metaspace   ] GC(20) Metaspace: 61293K(62016K)->61293K(62016K) NonClass: 52197K(52608K)->52197K(52608K) Class: 9095K(9408K)->9095K(9408K)
[11.802s][info ][gc             ] GC(20) Pause Full (Ergonomics) 206M->205M(2021M) 415.344ms
[11.802s][info ][gc,cpu         ] GC(20) User=1.34s Sys=0.00s Real=0.42s
[11.803s][info ][safepoint      ] Safepoint "ParallelGCFailedAllocation", Time since last: 289205079 ns, Reaching safepoint: 218104 ns, At safepoint: 519553699 ns, Total: 519771803 ns
[12.154s][info ][gc,start       ] GC(21) Pause Young (Allocation Failure)
[12.198s][debug][gc,phases      ] GC(21) Scavenge 44.054ms
[12.198s][debug][gc,ref         ] GC(21) Skipped phase 1 of Reference Processing: no references
[12.198s][debug][gc,ref         ] GC(21) ReferenceProcessor::execute queues: 1, RefProcThreadModel::Single, marks_oops_alive: false
[12.198s][debug][gc,ref         ] GC(21) Skipped phase 3 of Reference Processing: no references
[12.198s][debug][gc,ref         ] GC(21) ReferenceProcessor::execute queues: 1, RefProcThreadModel::Single, marks_oops_alive: false
[12.198s][debug][gc,phases      ] GC(21) Reference Processing 0.167ms
[12.198s][debug][gc,phases      ] GC(21)   VM Weak                        Min:  0.0, Avg:  0.0, Max:  0.0, Diff:  0.0, Sum:  0.0, Workers: 4
[12.198s][debug][gc,phases      ] GC(21)     Dead                           Min: 0, Avg:  0.0, Max: 0, Diff: 0, Sum: 0, Workers: 4
[12.198s][debug][gc,phases      ] GC(21)     Total                          Min: 0, Avg: 137.2, Max: 448, Diff: 448, Sum: 549, Workers: 4
[12.198s][debug][gc,phases      ] GC(21)   ObjectSynchronizer Weak        Min:  0.0, Avg:  0.0, Max:  0.0, Diff:  0.0, Sum:  0.0, Workers: 4
[12.198s][debug][gc,phases      ] GC(21)     Dead                           Min: 0, Avg:  0.0, Max: 0, Diff: 0, Sum: 0, Workers: 4
[12.198s][debug][gc,phases      ] GC(21)     Total                          Min: 18, Avg: 84.5, Max: 128, Diff: 110, Sum: 338, Workers: 4
[12.198s][debug][gc,phases      ] GC(21)   JVMTI Tag Weak OopStorage      Min:  0.0, Avg:  0.0, Max:  0.0, Diff:  0.0, Sum:  0.0, Workers: 4
[12.198s][debug][gc,phases      ] GC(21)     Dead                           Min: 0, Avg:  0.0, Max: 0, Diff: 0, Sum: 0, Workers: 4
[12.198s][debug][gc,phases      ] GC(21)     Total                          Min: 0, Avg:  0.0, Max: 0, Diff: 0, Sum: 0, Workers: 4
[12.198s][debug][gc,phases      ] GC(21)   StringTable Weak               Min:  0.1, Avg:  0.1, Max:  0.1, Diff:  0.0, Sum:  0.5, Workers: 4
[12.198s][debug][gc,phases      ] GC(21)     Dead                           Min: 0, Avg:  2.8, Max: 11, Diff: 11, Sum: 11, Workers: 4
[12.198s][debug][gc,phases      ] GC(21)     Total                          Min: 9088, Avg: 10375.2, Max: 11072, Diff: 1984, Sum: 41501, Workers: 4
[12.198s][debug][gc,phases      ] GC(21)   ResolvedMethodTable Weak       Min:  0.0, Avg:  0.0, Max:  0.0, Diff:  0.0, Sum:  0.1, Workers: 4
[12.198s][debug][gc,phases      ] GC(21)     Dead                           Min: 1, Avg: 13.5, Max: 25, Diff: 24, Sum: 54, Workers: 4
[12.198s][debug][gc,phases      ] GC(21)     Total                          Min: 1472, Avg: 1605.0, Max: 1728, Diff: 256, Sum: 6420, Workers: 4
[12.198s][debug][gc,phases      ] GC(21)   JNI Weak                       Min:  0.0, Avg:  0.0, Max:  0.0, Diff:  0.0, Sum:  0.0, Workers: 4
[12.198s][debug][gc,phases      ] GC(21)     Dead                           Min: 0, Avg:  0.0, Max: 0, Diff: 0, Sum: 0, Workers: 4
[12.198s][debug][gc,phases      ] GC(21)     Total                          Min: 0, Avg:  0.2, Max: 1, Diff: 1, Sum: 1, Workers: 4
[12.198s][debug][gc,phases      ] GC(21)   StringDedup Table Weak         Min:  0.0, Avg:  0.0, Max:  0.0, Diff:  0.0, Sum:  0.0, Workers: 4
[12.198s][debug][gc,phases      ] GC(21)     Dead                           Min: 0, Avg:  0.0, Max: 0, Diff: 0, Sum: 0, Workers: 4
[12.198s][debug][gc,phases      ] GC(21)     Total                          Min: 0, Avg:  0.0, Max: 0, Diff: 0, Sum: 0, Workers: 4
[12.198s][debug][gc,phases      ] GC(21)   StringDedup Requests0 Weak     Min:  0.0, Avg:  0.0, Max:  0.0, Diff:  0.0, Sum:  0.0, Workers: 4
[12.198s][debug][gc,phases      ] GC(21)     Dead                           Min: 0, Avg:  0.0, Max: 0, Diff: 0, Sum: 0, Workers: 4
[12.198s][debug][gc,phases      ] GC(21)     Total                          Min: 0, Avg:  0.0, Max: 0, Diff: 0, Sum: 0, Workers: 4
[12.198s][debug][gc,phases      ] GC(21)   StringDedup Requests1 Weak     Min:  0.0, Avg:  0.0, Max:  0.0, Diff:  0.0, Sum:  0.0, Workers: 4
[12.198s][debug][gc,phases      ] GC(21)     Dead                           Min: 0, Avg:  0.0, Max: 0, Diff: 0, Sum: 0, Workers: 4
[12.198s][debug][gc,phases      ] GC(21)     Total                          Min: 0, Avg:  0.0, Max: 0, Diff: 0, Sum: 0, Workers: 4
[12.198s][debug][gc,phases      ] GC(21)   Weak JFR Old Object Samples    Min:  0.0, Avg:  0.0, Max:  0.0, Diff:  0.0, Sum:  0.0, Workers: 4
[12.198s][debug][gc,phases      ] GC(21)     Dead                           Min: 0, Avg:  0.0, Max: 0, Diff: 0, Sum: 0, Workers: 4
[12.198s][debug][gc,phases      ] GC(21)     Total                          Min: 0, Avg:  0.0, Max: 0, Diff: 0, Sum: 0, Workers: 4
[12.198s][debug][gc,phases      ] GC(21) Weak Processing 0.352ms
[12.198s][debug][gc,age         ] GC(21) Desired survivor size 307757056 bytes, new threshold 13 (max threshold 15)
[12.198s][info ][gc,heap        ] GC(21) PSYoungGen: 1536824K(1792000K)->29005K(1537536K) Eden: 1508352K(1508352K)->0K(1508352K) From: 28472K(283648K)->29005K(29184K)
[12.198s][info ][gc,heap        ] GC(21) ParOldGen: 181961K(278016K)->181969K(278016K)
[12.198s][info ][gc,metaspace   ] GC(21) Metaspace: 62797K(63616K)->62797K(63616K) NonClass: 53515K(53952K)->53515K(53952K) Class: 9281K(9664K)->9281K(9664K)
[12.199s][info ][gc             ] GC(21) Pause Young (Allocation Failure) 1678M->206M(1773M) 44.710ms
[12.199s][info ][gc,cpu         ] GC(21) User=0.15s Sys=0.01s Real=0.05s
[12.199s][info ][safepoint      ] Safepoint "ParallelGCFailedAllocation", Time since last: 350272783 ns, Reaching safepoint: 173004 ns, At safepoint: 44812257 ns, Total: 44985261 ns
[12.459s][info ][gc,start       ] GC(22) Pause Young (Allocation Failure)
[12.475s][debug][gc,phases      ] GC(22) Scavenge 16.645ms
[12.475s][debug][gc,ref         ] GC(22) Skipped phase 1 of Reference Processing: no references
[12.476s][debug][gc,ref         ] GC(22) ReferenceProcessor::execute queues: 1, RefProcThreadModel::Single, marks_oops_alive: false
[12.476s][debug][gc,ref         ] GC(22) Skipped phase 3 of Reference Processing: no references
[12.476s][debug][gc,ref         ] GC(22) ReferenceProcessor::execute queues: 1, RefProcThreadModel::Single, marks_oops_alive: false
[12.476s][debug][gc,phases      ] GC(22) Reference Processing 0.238ms
[12.476s][debug][gc,phases      ] GC(22)   VM Weak                        Min:  0.0, Avg:  0.0, Max:  0.0, Diff:  0.0, Sum:  0.0, Workers: 4
[12.476s][debug][gc,phases      ] GC(22)     Dead                           Min: 0, Avg:  0.0, Max: 0, Diff: 0, Sum: 0, Workers: 4
[12.476s][debug][gc,phases      ] GC(22)     Total                          Min: 0, Avg: 139.5, Max: 558, Diff: 558, Sum: 558, Workers: 4
[12.476s][debug][gc,phases      ] GC(22)   ObjectSynchronizer Weak        Min:  0.0, Avg:  0.0, Max:  0.0, Diff:  0.0, Sum:  0.0, Workers: 4
[12.476s][debug][gc,phases      ] GC(22)     Dead                           Min: 0, Avg:  0.0, Max: 0, Diff: 0, Sum: 0, Workers: 4
[12.476s][debug][gc,phases      ] GC(22)     Total                          Min: 0, Avg: 84.8, Max: 192, Diff: 192, Sum: 339, Workers: 4
[12.476s][debug][gc,phases      ] GC(22)   JVMTI Tag Weak OopStorage      Min:  0.0, Avg:  0.0, Max:  0.0, Diff:  0.0, Sum:  0.0, Workers: 4
[12.476s][debug][gc,phases      ] GC(22)     Dead                           Min: 0, Avg:  0.0, Max: 0, Diff: 0, Sum: 0, Workers: 4
[12.476s][debug][gc,phases      ] GC(22)     Total                          Min: 0, Avg:  0.0, Max: 0, Diff: 0, Sum: 0, Workers: 4
[12.476s][debug][gc,phases      ] GC(22)   StringTable Weak               Min:  0.1, Avg:  0.1, Max:  0.1, Diff:  0.0, Sum:  0.5, Workers: 4
[12.476s][debug][gc,phases      ] GC(22)     Dead                           Min: 1, Avg:  3.2, Max: 8, Diff: 7, Sum: 13, Workers: 4
[12.476s][debug][gc,phases      ] GC(22)     Total                          Min: 9736, Avg: 10514.0, Max: 11520, Diff: 1784, Sum: 42056, Workers: 4
[12.476s][debug][gc,phases      ] GC(22)   ResolvedMethodTable Weak       Min:  0.0, Avg:  0.0, Max:  0.0, Diff:  0.0, Sum:  0.1, Workers: 4
[12.476s][debug][gc,phases      ] GC(22)     Dead                           Min: 0, Avg: 21.5, Max: 47, Diff: 47, Sum: 86, Workers: 4
[12.476s][debug][gc,phases      ] GC(22)     Total                          Min: 1471, Avg: 1638.2, Max: 1792, Diff: 321, Sum: 6553, Workers: 4
[12.476s][debug][gc,phases      ] GC(22)   JNI Weak                       Min:  0.0, Avg:  0.0, Max:  0.0, Diff:  0.0, Sum:  0.0, Workers: 4
[12.476s][debug][gc,phases      ] GC(22)     Dead                           Min: 0, Avg:  0.0, Max: 0, Diff: 0, Sum: 0, Workers: 4
[12.476s][debug][gc,phases      ] GC(22)     Total                          Min: 0, Avg:  3.5, Max: 14, Diff: 14, Sum: 14, Workers: 4
[12.476s][debug][gc,phases      ] GC(22)   StringDedup Table Weak         Min:  0.0, Avg:  0.0, Max:  0.0, Diff:  0.0, Sum:  0.0, Workers: 4
[12.476s][debug][gc,phases      ] GC(22)     Dead                           Min: 0, Avg:  0.0, Max: 0, Diff: 0, Sum: 0, Workers: 4
[12.476s][debug][gc,phases      ] GC(22)     Total                          Min: 0, Avg:  0.0, Max: 0, Diff: 0, Sum: 0, Workers: 4
[12.476s][debug][gc,phases      ] GC(22)   StringDedup Requests0 Weak     Min:  0.0, Avg:  0.0, Max:  0.0, Diff:  0.0, Sum:  0.0, Workers: 4
[12.476s][debug][gc,phases      ] GC(22)     Dead                           Min: 0, Avg:  0.0, Max: 0, Diff: 0, Sum: 0, Workers: 4
[12.476s][debug][gc,phases      ] GC(22)     Total                          Min: 0, Avg:  0.0, Max: 0, Diff: 0, Sum: 0, Workers: 4
[12.476s][debug][gc,phases      ] GC(22)   StringDedup Requests1 Weak     Min:  0.0, Avg:  0.0, Max:  0.0, Diff:  0.0, Sum:  0.0, Workers: 4
[12.476s][debug][gc,phases      ] GC(22)     Dead                           Min: 0, Avg:  0.0, Max: 0, Diff: 0, Sum: 0, Workers: 4
[12.476s][debug][gc,phases      ] GC(22)     Total                          Min: 0, Avg:  0.0, Max: 0, Diff: 0, Sum: 0, Workers: 4
[12.476s][debug][gc,phases      ] GC(22)   Weak JFR Old Object Samples    Min:  0.0, Avg:  0.0, Max:  0.0, Diff:  0.0, Sum:  0.0, Workers: 4
[12.476s][debug][gc,phases      ] GC(22)     Dead                           Min: 0, Avg:  0.0, Max: 0, Diff: 0, Sum: 0, Workers: 4
[12.476s][debug][gc,phases      ] GC(22)     Total                          Min: 0, Avg:  0.0, Max: 0, Diff: 0, Sum: 0, Workers: 4
[12.476s][debug][gc,phases      ] GC(22) Weak Processing 0.428ms
[12.476s][debug][gc,age         ] GC(22) Desired survivor size 309854208 bytes, new threshold 14 (max threshold 15)
[12.476s][info ][gc,heap        ] GC(22) PSYoungGen: 1537357K(1537536K)->31099K(1792512K) Eden: 1508352K(1508352K)->0K(1491968K) From: 29005K(29184K)->31099K(300544K)
[12.476s][info ][gc,heap        ] GC(22) ParOldGen: 181969K(278016K)->181977K(278016K)
[12.476s][info ][gc,metaspace   ] GC(22) Metaspace: 65445K(66176K)->65445K(66176K) NonClass: 55843K(56192K)->55843K(56192K) Class: 9601K(9984K)->9601K(9984K)
[12.476s][info ][gc             ] GC(22) Pause Young (Allocation Failure) 1679M->208M(2022M) 17.470ms
[12.476s][info ][gc,cpu         ] GC(22) User=0.08s Sys=0.00s Real=0.02s
[12.476s][info ][safepoint      ] Safepoint "ParallelGCFailedAllocation", Time since last: 259908653 ns, Reaching safepoint: 235405 ns, At safepoint: 17581575 ns, Total: 17816980 ns
[12.872s][info ][gc,start       ] GC(23) Pause Young (Allocation Failure)
[12.912s][debug][gc,phases      ] GC(23) Scavenge 39.517ms
[12.912s][debug][gc,ref         ] GC(23) Skipped phase 1 of Reference Processing: no references
[12.912s][debug][gc,ref         ] GC(23) ReferenceProcessor::execute queues: 2, RefProcThreadModel::Multi, marks_oops_alive: false
[12.912s][debug][gc,ref         ] GC(23) Skipped phase 3 of Reference Processing: no references
[12.912s][debug][gc,ref         ] GC(23) ReferenceProcessor::execute queues: 1, RefProcThreadModel::Single, marks_oops_alive: false
[12.912s][debug][gc,phases      ] GC(23) Reference Processing 0.254ms
[12.912s][debug][gc,phases      ] GC(23)   VM Weak                        Min:  0.0, Avg:  0.0, Max:  0.0, Diff:  0.0, Sum:  0.0, Workers: 4
[12.912s][debug][gc,phases      ] GC(23)     Dead                           Min: 0, Avg:  0.0, Max: 0, Diff: 0, Sum: 0, Workers: 4
[12.912s][debug][gc,phases      ] GC(23)     Total                          Min: 0, Avg: 142.8, Max: 571, Diff: 571, Sum: 571, Workers: 4
[12.912s][debug][gc,phases      ] GC(23)   ObjectSynchronizer Weak        Min:  0.0, Avg:  0.0, Max:  0.0, Diff:  0.0, Sum:  0.0, Workers: 4
[12.912s][debug][gc,phases      ] GC(23)     Dead                           Min: 0, Avg:  0.0, Max: 0, Diff: 0, Sum: 0, Workers: 4
[12.912s][debug][gc,phases      ] GC(23)     Total                          Min: 0, Avg: 84.8, Max: 211, Diff: 211, Sum: 339, Workers: 4
[12.912s][debug][gc,phases      ] GC(23)   JVMTI Tag Weak OopStorage      Min:  0.0, Avg:  0.0, Max:  0.0, Diff:  0.0, Sum:  0.0, Workers: 4
[12.912s][debug][gc,phases      ] GC(23)     Dead                           Min: 0, Avg:  0.0, Max: 0, Diff: 0, Sum: 0, Workers: 4
[12.912s][debug][gc,phases      ] GC(23)     Total                          Min: 0, Avg:  0.0, Max: 0, Diff: 0, Sum: 0, Workers: 4
[12.912s][debug][gc,phases      ] GC(23)   StringTable Weak               Min:  0.0, Avg:  0.1, Max:  0.2, Diff:  0.2, Sum:  0.5, Workers: 4
[12.912s][debug][gc,phases      ] GC(23)     Dead                           Min: 0, Avg:  3.5, Max: 11, Diff: 11, Sum: 14, Workers: 4
[12.912s][debug][gc,phases      ] GC(23)     Total                          Min: 0, Avg: 10562.0, Max: 15032, Diff: 15032, Sum: 42248, Workers: 4
[12.912s][debug][gc,phases      ] GC(23)   ResolvedMethodTable Weak       Min:  0.0, Avg:  0.0, Max:  0.0, Diff:  0.0, Sum:  0.1, Workers: 4
[12.912s][debug][gc,phases      ] GC(23)     Dead                           Min: 0, Avg:  5.2, Max: 19, Diff: 19, Sum: 21, Workers: 4
[12.912s][debug][gc,phases      ] GC(23)     Total                          Min: 0, Avg: 1664.8, Max: 2496, Diff: 2496, Sum: 6659, Workers: 4
[12.912s][debug][gc,phases      ] GC(23)   JNI Weak                       Min:  0.0, Avg:  0.0, Max:  0.0, Diff:  0.0, Sum:  0.0, Workers: 4
[12.912s][debug][gc,phases      ] GC(23)     Dead                           Min: 0, Avg:  0.0, Max: 0, Diff: 0, Sum: 0, Workers: 4
[12.912s][debug][gc,phases      ] GC(23)     Total                          Min: 0, Avg:  2.8, Max: 11, Diff: 11, Sum: 11, Workers: 4
[12.912s][debug][gc,phases      ] GC(23)   StringDedup Table Weak         Min:  0.0, Avg:  0.0, Max:  0.0, Diff:  0.0, Sum:  0.0, Workers: 4
[12.912s][debug][gc,phases      ] GC(23)     Dead                           Min: 0, Avg:  0.0, Max: 0, Diff: 0, Sum: 0, Workers: 4
[12.912s][debug][gc,phases      ] GC(23)     Total                          Min: 0, Avg:  0.0, Max: 0, Diff: 0, Sum: 0, Workers: 4
[12.912s][debug][gc,phases      ] GC(23)   StringDedup Requests0 Weak     Min:  0.0, Avg:  0.0, Max:  0.0, Diff:  0.0, Sum:  0.0, Workers: 4
[12.912s][debug][gc,phases      ] GC(23)     Dead                           Min: 0, Avg:  0.0, Max: 0, Diff: 0, Sum: 0, Workers: 4
[12.912s][debug][gc,phases      ] GC(23)     Total                          Min: 0, Avg:  0.0, Max: 0, Diff: 0, Sum: 0, Workers: 4
[12.912s][debug][gc,phases      ] GC(23)   StringDedup Requests1 Weak     Min:  0.0, Avg:  0.0, Max:  0.0, Diff:  0.0, Sum:  0.0, Workers: 4
[12.912s][debug][gc,phases      ] GC(23)     Dead                           Min: 0, Avg:  0.0, Max: 0, Diff: 0, Sum: 0, Workers: 4
[12.912s][debug][gc,phases      ] GC(23)     Total                          Min: 0, Avg:  0.0, Max: 0, Diff: 0, Sum: 0, Workers: 4
[12.912s][debug][gc,phases      ] GC(23)   Weak JFR Old Object Samples    Min:  0.0, Avg:  0.0, Max:  0.0, Diff:  0.0, Sum:  0.0, Workers: 4
[12.913s][debug][gc,phases      ] GC(23)     Dead                           Min: 0, Avg:  0.0, Max: 0, Diff: 0, Sum: 0, Workers: 4
[12.913s][debug][gc,phases      ] GC(23)     Total                          Min: 0, Avg:  0.0, Max: 0, Diff: 0, Sum: 0, Workers: 4
[12.913s][debug][gc,phases      ] GC(23) Weak Processing 0.413ms
[12.913s][debug][gc,age         ] GC(23) Desired survivor size 301989888 bytes, new threshold 15 (max threshold 15)
[12.913s][info ][gc,heap        ] GC(23) PSYoungGen: 1523067K(1792512K)->69595K(1794560K) Eden: 1491968K(1491968K)->0K(1491968K) From: 31099K(300544K)->69595K(302592K)
[12.913s][info ][gc,heap        ] GC(23) ParOldGen: 181977K(278016K)->181985K(278016K)
[12.913s][info ][gc,metaspace   ] GC(23) Metaspace: 66122K(66880K)->66122K(66880K) NonClass: 56433K(56832K)->56433K(56832K) Class: 9688K(10048K)->9688K(10048K)
[12.913s][info ][gc             ] GC(23) Pause Young (Allocation Failure) 1665M->245M(2024M) 40.345ms
[12.913s][info ][gc,cpu         ] GC(23) User=0.16s Sys=0.00s Real=0.04s
[12.913s][info ][safepoint      ] Safepoint "ParallelGCFailedAllocation", Time since last: 395666353 ns, Reaching safepoint: 209804 ns, At safepoint: 40457065 ns, Total: 40666869 ns
[13.227s][info ][gc,start       ] GC(24) Pause Young (Allocation Failure)
[13.307s][debug][gc,phases      ] GC(24) Scavenge 80.462ms
[13.308s][debug][gc,ref         ] GC(24) Skipped phase 1 of Reference Processing: no references
[13.308s][debug][gc,ref         ] GC(24) ReferenceProcessor::execute queues: 1, RefProcThreadModel::Single, marks_oops_alive: false
[13.308s][debug][gc,ref         ] GC(24) Skipped phase 3 of Reference Processing: no references
[13.308s][debug][gc,ref         ] GC(24) ReferenceProcessor::execute queues: 1, RefProcThreadModel::Single, marks_oops_alive: false
[13.308s][debug][gc,phases      ] GC(24) Reference Processing 0.200ms
[13.308s][debug][gc,phases      ] GC(24)   VM Weak                        Min:  0.0, Avg:  0.0, Max:  0.0, Diff:  0.0, Sum:  0.0, Workers: 4
[13.308s][debug][gc,phases      ] GC(24)     Dead                           Min: 0, Avg:  0.0, Max: 0, Diff: 0, Sum: 0, Workers: 4
[13.308s][debug][gc,phases      ] GC(24)     Total                          Min: 0, Avg: 142.8, Max: 507, Diff: 507, Sum: 571, Workers: 4
[13.308s][debug][gc,phases      ] GC(24)   ObjectSynchronizer Weak        Min:  0.0, Avg:  0.0, Max:  0.0, Diff:  0.0, Sum:  0.0, Workers: 4
[13.308s][debug][gc,phases      ] GC(24)     Dead                           Min: 0, Avg:  0.0, Max: 0, Diff: 0, Sum: 0, Workers: 4
[13.308s][debug][gc,phases      ] GC(24)     Total                          Min: 0, Avg: 84.8, Max: 147, Diff: 147, Sum: 339, Workers: 4
[13.308s][debug][gc,phases      ] GC(24)   JVMTI Tag Weak OopStorage      Min:  0.0, Avg:  0.0, Max:  0.0, Diff:  0.0, Sum:  0.0, Workers: 4
[13.308s][debug][gc,phases      ] GC(24)     Dead                           Min: 0, Avg:  0.0, Max: 0, Diff: 0, Sum: 0, Workers: 4
[13.308s][debug][gc,phases      ] GC(24)     Total                          Min: 0, Avg:  0.0, Max: 0, Diff: 0, Sum: 0, Workers: 4
[13.308s][debug][gc,phases      ] GC(24)   StringTable Weak               Min:  0.1, Avg:  0.1, Max:  0.1, Diff:  0.0, Sum:  0.5, Workers: 4
[13.308s][debug][gc,phases      ] GC(24)     Dead                           Min: 0, Avg:  0.0, Max: 0, Diff: 0, Sum: 0, Workers: 4
[13.308s][debug][gc,phases      ] GC(24)     Total                          Min: 9728, Avg: 10562.0, Max: 11637, Diff: 1909, Sum: 42248, Workers: 4
[13.308s][debug][gc,phases      ] GC(24)   ResolvedMethodTable Weak       Min:  0.0, Avg:  0.0, Max:  0.0, Diff:  0.0, Sum:  0.1, Workers: 4
[13.308s][debug][gc,phases      ] GC(24)     Dead                           Min: 0, Avg:  0.0, Max: 0, Diff: 0, Sum: 0, Workers: 4
[13.308s][debug][gc,phases      ] GC(24)     Total                          Min: 1472, Avg: 1665.0, Max: 1856, Diff: 384, Sum: 6660, Workers: 4
[13.308s][debug][gc,phases      ] GC(24)   JNI Weak                       Min:  0.0, Avg:  0.0, Max:  0.0, Diff:  0.0, Sum:  0.0, Workers: 4
[13.308s][debug][gc,phases      ] GC(24)     Dead                           Min: 0, Avg:  0.0, Max: 0, Diff: 0, Sum: 0, Workers: 4
[13.308s][debug][gc,phases      ] GC(24)     Total                          Min: 0, Avg:  4.5, Max: 18, Diff: 18, Sum: 18, Workers: 4
[13.308s][debug][gc,phases      ] GC(24)   StringDedup Table Weak         Min:  0.0, Avg:  0.0, Max:  0.0, Diff:  0.0, Sum:  0.0, Workers: 4
[13.308s][debug][gc,phases      ] GC(24)     Dead                           Min: 0, Avg:  0.0, Max: 0, Diff: 0, Sum: 0, Workers: 4
[13.308s][debug][gc,phases      ] GC(24)     Total                          Min: 0, Avg:  0.0, Max: 0, Diff: 0, Sum: 0, Workers: 4
[13.308s][debug][gc,phases      ] GC(24)   StringDedup Requests0 Weak     Min:  0.0, Avg:  0.0, Max:  0.0, Diff:  0.0, Sum:  0.0, Workers: 4
[13.308s][debug][gc,phases      ] GC(24)     Dead                           Min: 0, Avg:  0.0, Max: 0, Diff: 0, Sum: 0, Workers: 4
[13.308s][debug][gc,phases      ] GC(24)     Total                          Min: 0, Avg:  0.0, Max: 0, Diff: 0, Sum: 0, Workers: 4
[13.308s][debug][gc,phases      ] GC(24)   StringDedup Requests1 Weak     Min:  0.0, Avg:  0.0, Max:  0.0, Diff:  0.0, Sum:  0.0, Workers: 4
[13.308s][debug][gc,phases      ] GC(24)     Dead                           Min: 0, Avg:  0.0, Max: 0, Diff: 0, Sum: 0, Workers: 4
[13.308s][debug][gc,phases      ] GC(24)     Total                          Min: 0, Avg:  0.0, Max: 0, Diff: 0, Sum: 0, Workers: 4
[13.308s][debug][gc,phases      ] GC(24)   Weak JFR Old Object Samples    Min:  0.0, Avg:  0.0, Max:  0.0, Diff:  0.0, Sum:  0.0, Workers: 4
[13.308s][debug][gc,phases      ] GC(24)     Dead                           Min: 0, Avg:  0.0, Max: 0, Diff: 0, Sum: 0, Workers: 4
[13.308s][debug][gc,phases      ] GC(24)     Total                          Min: 0, Avg:  0.0, Max: 0, Diff: 0, Sum: 0, Workers: 4
[13.308s][debug][gc,phases      ] GC(24) Weak Processing 0.364ms
[13.308s][debug][gc,age         ] GC(24) Desired survivor size 287834112 bytes, new threshold 15 (max threshold 15)
[13.308s][info ][gc,heap        ] GC(24) PSYoungGen: 1561563K(1794560K)->130731K(1816064K) Eden: 1491968K(1491968K)->0K(1521152K) From: 69595K(302592K)->130731K(294912K)
[13.308s][info ][gc,heap        ] GC(24) ParOldGen: 181985K(278016K)->181985K(278016K)
[13.308s][info ][gc,metaspace   ] GC(24) Metaspace: 66124K(66880K)->66124K(66880K) NonClass: 56435K(56832K)->56435K(56832K) Class: 9688K(10048K)->9688K(10048K)
[13.308s][info ][gc             ] GC(24) Pause Young (Allocation Failure) 1702M->305M(2045M) 81.174ms
[13.308s][info ][gc,cpu         ] GC(24) User=0.40s Sys=0.01s Real=0.09s
[13.308s][info ][safepoint      ] Safepoint "ParallelGCFailedAllocation", Time since last: 314164211 ns, Reaching safepoint: 137003 ns, At safepoint: 81281337 ns, Total: 81418340 ns
[13.613s][info ][gc,start       ] GC(25) Pause Young (Allocation Failure)
[13.791s][debug][gc,phases      ] GC(25) Scavenge 178.186ms
[13.792s][debug][gc,ref         ] GC(25) Skipped phase 1 of Reference Processing: no references
[13.792s][debug][gc,ref         ] GC(25) ReferenceProcessor::execute queues: 1, RefProcThreadModel::Single, marks_oops_alive: false
[13.792s][debug][gc,ref         ] GC(25) Skipped phase 3 of Reference Processing: no references
[13.792s][debug][gc,ref         ] GC(25) ReferenceProcessor::execute queues: 1, RefProcThreadModel::Single, marks_oops_alive: false
[13.792s][debug][gc,phases      ] GC(25) Reference Processing 0.184ms
[13.792s][debug][gc,phases      ] GC(25)   VM Weak                        Min:  0.0, Avg:  0.0, Max:  0.0, Diff:  0.0, Sum:  0.0, Workers: 4
[13.792s][debug][gc,phases      ] GC(25)     Dead                           Min: 0, Avg:  0.0, Max: 0, Diff: 0, Sum: 0, Workers: 4
[13.792s][debug][gc,phases      ] GC(25)     Total                          Min: 0, Avg: 142.8, Max: 384, Diff: 384, Sum: 571, Workers: 4
[13.792s][debug][gc,phases      ] GC(25)   ObjectSynchronizer Weak        Min:  0.0, Avg:  0.0, Max:  0.0, Diff:  0.0, Sum:  0.0, Workers: 4
[13.792s][debug][gc,phases      ] GC(25)     Dead                           Min: 0, Avg:  0.0, Max: 0, Diff: 0, Sum: 0, Workers: 4
[13.792s][debug][gc,phases      ] GC(25)     Total                          Min: 0, Avg: 84.8, Max: 128, Diff: 128, Sum: 339, Workers: 4
[13.792s][debug][gc,phases      ] GC(25)   JVMTI Tag Weak OopStorage      Min:  0.0, Avg:  0.0, Max:  0.0, Diff:  0.0, Sum:  0.0, Workers: 4
[13.792s][debug][gc,phases      ] GC(25)     Dead                           Min: 0, Avg:  0.0, Max: 0, Diff: 0, Sum: 0, Workers: 4
[13.792s][debug][gc,phases      ] GC(25)     Total                          Min: 0, Avg:  0.0, Max: 0, Diff: 0, Sum: 0, Workers: 4
[13.792s][debug][gc,phases      ] GC(25)   StringTable Weak               Min:  0.1, Avg:  0.1, Max:  0.1, Diff:  0.0, Sum:  0.5, Workers: 4
[13.792s][debug][gc,phases      ] GC(25)     Dead                           Min: 0, Avg:  2.8, Max: 8, Diff: 8, Sum: 11, Workers: 4
[13.792s][debug][gc,phases      ] GC(25)     Total                          Min: 9664, Avg: 10562.0, Max: 11336, Diff: 1672, Sum: 42248, Workers: 4
[13.792s][debug][gc,phases      ] GC(25)   ResolvedMethodTable Weak       Min:  0.0, Avg:  0.0, Max:  0.0, Diff:  0.0, Sum:  0.1, Workers: 4
[13.792s][debug][gc,phases      ] GC(25)     Dead                           Min: 0, Avg:  0.0, Max: 0, Diff: 0, Sum: 0, Workers: 4
[13.792s][debug][gc,phases      ] GC(25)     Total                          Min: 1408, Avg: 1665.0, Max: 1792, Diff: 384, Sum: 6660, Workers: 4
[13.792s][debug][gc,phases      ] GC(25)   JNI Weak                       Min:  0.0, Avg:  0.0, Max:  0.0, Diff:  0.0, Sum:  0.0, Workers: 4
[13.792s][debug][gc,phases      ] GC(25)     Dead                           Min: 0, Avg:  0.0, Max: 0, Diff: 0, Sum: 0, Workers: 4
[13.792s][debug][gc,phases      ] GC(25)     Total                          Min: 0, Avg:  2.5, Max: 10, Diff: 10, Sum: 10, Workers: 4
[13.792s][debug][gc,phases      ] GC(25)   StringDedup Table Weak         Min:  0.0, Avg:  0.0, Max:  0.0, Diff:  0.0, Sum:  0.0, Workers: 4
[13.792s][debug][gc,phases      ] GC(25)     Dead                           Min: 0, Avg:  0.0, Max: 0, Diff: 0, Sum: 0, Workers: 4
[13.792s][debug][gc,phases      ] GC(25)     Total                          Min: 0, Avg:  0.0, Max: 0, Diff: 0, Sum: 0, Workers: 4
[13.792s][debug][gc,phases      ] GC(25)   StringDedup Requests0 Weak     Min:  0.0, Avg:  0.0, Max:  0.0, Diff:  0.0, Sum:  0.0, Workers: 4
[13.792s][debug][gc,phases      ] GC(25)     Dead                           Min: 0, Avg:  0.0, Max: 0, Diff: 0, Sum: 0, Workers: 4
[13.792s][debug][gc,phases      ] GC(25)     Total                          Min: 0, Avg:  0.0, Max: 0, Diff: 0, Sum: 0, Workers: 4
[13.792s][debug][gc,phases      ] GC(25)   StringDedup Requests1 Weak     Min:  0.0, Avg:  0.0, Max:  0.0, Diff:  0.0, Sum:  0.0, Workers: 4
[13.792s][debug][gc,phases      ] GC(25)     Dead                           Min: 0, Avg:  0.0, Max: 0, Diff: 0, Sum: 0, Workers: 4
[13.792s][debug][gc,phases      ] GC(25)     Total                          Min: 0, Avg:  0.0, Max: 0, Diff: 0, Sum: 0, Workers: 4
[13.792s][debug][gc,phases      ] GC(25)   Weak JFR Old Object Samples    Min:  0.0, Avg:  0.0, Max:  0.0, Diff:  0.0, Sum:  0.0, Workers: 4
[13.792s][debug][gc,phases      ] GC(25)     Dead                           Min: 0, Avg:  0.0, Max: 0, Diff: 0, Sum: 0, Workers: 4
[13.792s][debug][gc,phases      ] GC(25)     Total                          Min: 0, Avg:  0.0, Max: 0, Diff: 0, Sum: 0, Workers: 4
[13.792s][debug][gc,phases      ] GC(25) Weak Processing 0.347ms
[13.792s][debug][gc,age         ] GC(25) Desired survivor size 343408640 bytes, new threshold 14 (max threshold 15)
[13.792s][info ][gc,heap        ] GC(25) PSYoungGen: 1651883K(1816064K)->281086K(1802240K) Eden: 1521152K(1521152K)->0K(1521152K) From: 130731K(294912K)->281086K(281088K)
[13.792s][info ][gc,heap        ] GC(25) ParOldGen: 181985K(278016K)->213711K(278016K)
[13.792s][info ][gc,metaspace   ] GC(25) Metaspace: 66146K(66880K)->66146K(66880K) NonClass: 56457K(56832K)->56457K(56832K) Class: 9688K(10048K)->9688K(10048K)
[13.792s][info ][gc             ] GC(25) Pause Young (Allocation Failure) 1790M->483M(2031M) 178.907ms
[13.792s][info ][gc,cpu         ] GC(25) User=0.70s Sys=0.02s Real=0.18s
[13.792s][info ][safepoint      ] Safepoint "ParallelGCFailedAllocation", Time since last: 304854412 ns, Reaching safepoint: 143903 ns, At safepoint: 179016525 ns, Total: 179160428 ns
[13.970s][info ][safepoint      ] Safepoint "ICBufferFull", Time since last: 172997495 ns, Reaching safepoint: 4577998 ns, At safepoint: 42001 ns, Total: 4619999 ns
[14.083s][info ][safepoint      ] Safepoint "ICBufferFull", Time since last: 113284220 ns, Reaching safepoint: 179104 ns, At safepoint: 25800 ns, Total: 204904 ns
[14.101s][info ][gc,start       ] GC(26) Pause Young (Allocation Failure)
[14.273s][debug][gc,phases      ] GC(26) Scavenge 172.464ms
[14.273s][debug][gc,ref         ] GC(26) Skipped phase 1 of Reference Processing: no references
[14.273s][debug][gc,ref         ] GC(26) ReferenceProcessor::execute queues: 2, RefProcThreadModel::Multi, marks_oops_alive: false
[14.274s][debug][gc,ref         ] GC(26) Skipped phase 3 of Reference Processing: no references
[14.274s][debug][gc,ref         ] GC(26) ReferenceProcessor::execute queues: 1, RefProcThreadModel::Single, marks_oops_alive: false
[14.274s][debug][gc,phases      ] GC(26) Reference Processing 1.291ms
[14.275s][debug][gc,phases      ] GC(26)   VM Weak                        Min:  0.0, Avg:  0.0, Max:  0.0, Diff:  0.0, Sum:  0.0, Workers: 4
[14.275s][debug][gc,phases      ] GC(26)     Dead                           Min: 0, Avg:  0.0, Max: 0, Diff: 0, Sum: 0, Workers: 4
[14.275s][debug][gc,phases      ] GC(26)     Total                          Min: 0, Avg: 145.5, Max: 512, Diff: 512, Sum: 582, Workers: 4
[14.275s][debug][gc,phases      ] GC(26)   ObjectSynchronizer Weak        Min:  0.0, Avg:  0.0, Max:  0.0, Diff:  0.0, Sum:  0.0, Workers: 4
[14.275s][debug][gc,phases      ] GC(26)     Dead                           Min: 0, Avg:  0.0, Max: 0, Diff: 0, Sum: 0, Workers: 4
[14.275s][debug][gc,phases      ] GC(26)     Total                          Min: 0, Avg: 84.8, Max: 192, Diff: 192, Sum: 339, Workers: 4
[14.275s][debug][gc,phases      ] GC(26)   JVMTI Tag Weak OopStorage      Min:  0.0, Avg:  0.0, Max:  0.0, Diff:  0.0, Sum:  0.0, Workers: 4
[14.275s][debug][gc,phases      ] GC(26)     Dead                           Min: 0, Avg:  0.0, Max: 0, Diff: 0, Sum: 0, Workers: 4
[14.275s][debug][gc,phases      ] GC(26)     Total                          Min: 0, Avg:  0.0, Max: 0, Diff: 0, Sum: 0, Workers: 4
[14.275s][debug][gc,phases      ] GC(26)   StringTable Weak               Min:  0.1, Avg:  0.1, Max:  0.1, Diff:  0.0, Sum:  0.5, Workers: 4
[14.275s][debug][gc,phases      ] GC(26)     Dead                           Min: 0, Avg:  4.0, Max: 16, Diff: 16, Sum: 16, Workers: 4
[14.275s][debug][gc,phases      ] GC(26)     Total                          Min: 9216, Avg: 10628.8, Max: 12243, Diff: 3027, Sum: 42515, Workers: 4
[14.275s][debug][gc,phases      ] GC(26)   ResolvedMethodTable Weak       Min:  0.0, Avg:  0.0, Max:  0.0, Diff:  0.0, Sum:  0.1, Workers: 4
[14.275s][debug][gc,phases      ] GC(26)     Dead                           Min: 1, Avg:  9.0, Max: 31, Diff: 30, Sum: 36, Workers: 4
[14.275s][debug][gc,phases      ] GC(26)     Total                          Min: 1663, Avg: 1739.5, Max: 1967, Diff: 304, Sum: 6958, Workers: 4
[14.275s][debug][gc,phases      ] GC(26)   JNI Weak                       Min:  0.0, Avg:  0.0, Max:  0.0, Diff:  0.0, Sum:  0.0, Workers: 4
[14.275s][debug][gc,phases      ] GC(26)     Dead                           Min: 0, Avg:  0.0, Max: 0, Diff: 0, Sum: 0, Workers: 4
[14.275s][debug][gc,phases      ] GC(26)     Total                          Min: 0, Avg:  2.0, Max: 8, Diff: 8, Sum: 8, Workers: 4
[14.275s][debug][gc,phases      ] GC(26)   StringDedup Table Weak         Min:  0.0, Avg:  0.0, Max:  0.0, Diff:  0.0, Sum:  0.0, Workers: 4
[14.275s][debug][gc,phases      ] GC(26)     Dead                           Min: 0, Avg:  0.0, Max: 0, Diff: 0, Sum: 0, Workers: 4
[14.275s][debug][gc,phases      ] GC(26)     Total                          Min: 0, Avg:  0.0, Max: 0, Diff: 0, Sum: 0, Workers: 4
[14.275s][debug][gc,phases      ] GC(26)   StringDedup Requests0 Weak     Min:  0.0, Avg:  0.0, Max:  0.0, Diff:  0.0, Sum:  0.0, Workers: 4
[14.275s][debug][gc,phases      ] GC(26)     Dead                           Min: 0, Avg:  0.0, Max: 0, Diff: 0, Sum: 0, Workers: 4
[14.275s][debug][gc,phases      ] GC(26)     Total                          Min: 0, Avg:  0.0, Max: 0, Diff: 0, Sum: 0, Workers: 4
[14.275s][debug][gc,phases      ] GC(26)   StringDedup Requests1 Weak     Min:  0.0, Avg:  0.0, Max:  0.0, Diff:  0.0, Sum:  0.0, Workers: 4
[14.275s][debug][gc,phases      ] GC(26)     Dead                           Min: 0, Avg:  0.0, Max: 0, Diff: 0, Sum: 0, Workers: 4
[14.275s][debug][gc,phases      ] GC(26)     Total                          Min: 0, Avg:  0.0, Max: 0, Diff: 0, Sum: 0, Workers: 4
[14.275s][debug][gc,phases      ] GC(26)   Weak JFR Old Object Samples    Min:  0.0, Avg:  0.0, Max:  0.0, Diff:  0.0, Sum:  0.0, Workers: 4
[14.275s][debug][gc,phases      ] GC(26)     Dead                           Min: 0, Avg:  0.0, Max: 0, Diff: 0, Sum: 0, Workers: 4
[14.275s][debug][gc,phases      ] GC(26)     Total                          Min: 0, Avg:  0.0, Max: 0, Diff: 0, Sum: 0, Workers: 4
[14.275s][debug][gc,phases      ] GC(26) Weak Processing 0.351ms
[14.275s][debug][gc,age         ] GC(26) Desired survivor size 389545984 bytes, new threshold 13 (max threshold 15)
[14.275s][info ][gc,heap        ] GC(26) PSYoungGen: 1802238K(1802240K)->294902K(1631232K) Eden: 1521152K(1521152K)->0K(1336320K) From: 281086K(281088K)->294902K(294912K)
[14.275s][info ][gc,heap        ] GC(26) ParOldGen: 213711K(278016K)->234636K(278016K)
[14.275s][info ][gc,metaspace   ] GC(26) Metaspace: 67264K(68096K)->67264K(68096K) NonClass: 57394K(57856K)->57394K(57856K) Class: 9869K(10240K)->9869K(10240K)
[14.275s][info ][gc             ] GC(26) Pause Young (Allocation Failure) 1968M->517M(1864M) 174.252ms
[14.275s][info ][gc,cpu         ] GC(26) User=0.64s Sys=0.05s Real=0.17s
[14.275s][debug][gc,phases      ] GC(27) Pre Compact 0.010ms
[14.275s][info ][gc,start       ] GC(27) Pause Full (Ergonomics)
[14.275s][info ][gc,phases,start] GC(27) Marking Phase
[14.487s][debug][gc,phases      ] GC(27) Par Mark 212.359ms
[14.487s][debug][gc,ref         ] GC(27) Skipped phase 1 of Reference Processing: no references
[14.488s][debug][gc,ref         ] GC(27) ReferenceProcessor::execute queues: 4, RefProcThreadModel::Multi, marks_oops_alive: false
[14.488s][debug][gc,ref         ] GC(27) Skipped phase 3 of Reference Processing: no references
[14.488s][debug][gc,ref         ] GC(27) ReferenceProcessor::execute queues: 1, RefProcThreadModel::Single, marks_oops_alive: false
[14.488s][debug][gc,phases      ] GC(27) Reference Processing 0.605ms
[14.488s][debug][gc,phases      ] GC(27)   VM Weak                        Min:  0.0, Avg:  0.0, Max:  0.0, Diff:  0.0, Sum:  0.0, Workers: 4
[14.488s][debug][gc,phases      ] GC(27)     Dead                           Min: 0, Avg:  0.0, Max: 0, Diff: 0, Sum: 0, Workers: 4
[14.488s][debug][gc,phases      ] GC(27)     Total                          Min: 64, Avg: 145.5, Max: 320, Diff: 256, Sum: 582, Workers: 4
[14.488s][debug][gc,phases      ] GC(27)   ObjectSynchronizer Weak        Min:  0.0, Avg:  0.0, Max:  0.0, Diff:  0.0, Sum:  0.0, Workers: 4
[14.488s][debug][gc,phases      ] GC(27)     Dead                           Min: 0, Avg:  0.2, Max: 1, Diff: 1, Sum: 1, Workers: 4
[14.488s][debug][gc,phases      ] GC(27)     Total                          Min: 19, Avg: 84.8, Max: 128, Diff: 109, Sum: 339, Workers: 4
[14.488s][debug][gc,phases      ] GC(27)   JVMTI Tag Weak OopStorage      Min:  0.0, Avg:  0.0, Max:  0.0, Diff:  0.0, Sum:  0.0, Workers: 4
[14.488s][debug][gc,phases      ] GC(27)     Dead                           Min: 0, Avg:  0.0, Max: 0, Diff: 0, Sum: 0, Workers: 4
[14.488s][debug][gc,phases      ] GC(27)     Total                          Min: 0, Avg:  0.0, Max: 0, Diff: 0, Sum: 0, Workers: 4
[14.488s][debug][gc,phases      ] GC(27)   StringTable Weak               Min:  0.2, Avg:  0.2, Max:  0.2, Diff:  0.0, Sum:  0.7, Workers: 4
[14.488s][debug][gc,phases      ] GC(27)     Dead                           Min: 0, Avg:  0.0, Max: 0, Diff: 0, Sum: 0, Workers: 4
[14.488s][debug][gc,phases      ] GC(27)     Total                          Min: 8768, Avg: 10628.8, Max: 12032, Diff: 3264, Sum: 42515, Workers: 4
[14.488s][debug][gc,phases      ] GC(27)   ResolvedMethodTable Weak       Min:  0.0, Avg:  0.0, Max:  0.0, Diff:  0.0, Sum:  0.1, Workers: 4
[14.488s][debug][gc,phases      ] GC(27)     Dead                           Min: 0, Avg:  0.0, Max: 0, Diff: 0, Sum: 0, Workers: 4
[14.488s][debug][gc,phases      ] GC(27)     Total                          Min: 1280, Avg: 1739.5, Max: 2030, Diff: 750, Sum: 6958, Workers: 4
[14.488s][debug][gc,phases      ] GC(27)   JNI Weak                       Min:  0.0, Avg:  0.0, Max:  0.0, Diff:  0.0, Sum:  0.0, Workers: 4
[14.488s][debug][gc,phases      ] GC(27)     Dead                           Min: 0, Avg:  0.0, Max: 0, Diff: 0, Sum: 0, Workers: 4
[14.488s][debug][gc,phases      ] GC(27)     Total                          Min: 0, Avg:  2.0, Max: 8, Diff: 8, Sum: 8, Workers: 4
[14.488s][debug][gc,phases      ] GC(27)   StringDedup Table Weak         Min:  0.0, Avg:  0.0, Max:  0.0, Diff:  0.0, Sum:  0.0, Workers: 4
[14.488s][debug][gc,phases      ] GC(27)     Dead                           Min: 0, Avg:  0.0, Max: 0, Diff: 0, Sum: 0, Workers: 4
[14.488s][debug][gc,phases      ] GC(27)     Total                          Min: 0, Avg:  0.0, Max: 0, Diff: 0, Sum: 0, Workers: 4
[14.488s][debug][gc,phases      ] GC(27)   StringDedup Requests0 Weak     Min:  0.0, Avg:  0.0, Max:  0.0, Diff:  0.0, Sum:  0.0, Workers: 4
[14.488s][debug][gc,phases      ] GC(27)     Dead                           Min: 0, Avg:  0.0, Max: 0, Diff: 0, Sum: 0, Workers: 4
[14.488s][debug][gc,phases      ] GC(27)     Total                          Min: 0, Avg:  0.0, Max: 0, Diff: 0, Sum: 0, Workers: 4
[14.488s][debug][gc,phases      ] GC(27)   StringDedup Requests1 Weak     Min:  0.0, Avg:  0.0, Max:  0.0, Diff:  0.0, Sum:  0.0, Workers: 4
[14.488s][debug][gc,phases      ] GC(27)     Dead                           Min: 0, Avg:  0.0, Max: 0, Diff: 0, Sum: 0, Workers: 4
[14.488s][debug][gc,phases      ] GC(27)     Total                          Min: 0, Avg:  0.0, Max: 0, Diff: 0, Sum: 0, Workers: 4
[14.488s][debug][gc,phases      ] GC(27)   Weak JFR Old Object Samples    Min:  0.0, Avg:  0.0, Max:  0.0, Diff:  0.0, Sum:  0.0, Workers: 4
[14.488s][debug][gc,phases      ] GC(27)     Dead                           Min: 0, Avg:  0.0, Max: 0, Diff: 0, Sum: 0, Workers: 4
[14.488s][debug][gc,phases      ] GC(27)     Total                          Min: 0, Avg:  0.0, Max: 0, Diff: 0, Sum: 0, Workers: 4
[14.488s][debug][gc,phases      ] GC(27) Weak Processing 0.409ms
[14.489s][debug][gc,phases      ] GC(27) ClassLoaderData 0.085ms
[14.489s][debug][gc,phases      ] GC(27) Trigger cleanups 0.000ms
[14.497s][debug][gc,phases      ] GC(27) Class Unloading 8.609ms
[14.497s][info ][gc,phases      ] GC(27) Marking Phase 222.162ms
[14.497s][info ][gc,phases,start] GC(27) Summary Phase
[14.497s][info ][gc,phases      ] GC(27) Summary Phase 0.031ms
[14.497s][info ][gc,phases,start] GC(27) Adjust Roots
[14.507s][info ][gc,phases      ] GC(27) Adjust Roots 9.644ms
[14.507s][info ][gc,phases,start] GC(27) Compaction Phase
[15.118s][info ][gc,phases      ] GC(27) Compaction Phase 611.466ms
[15.118s][info ][gc,phases,start] GC(27) Post Compact
[15.120s][info ][gc,phases      ] GC(27) Post Compact 1.889ms
[15.120s][info ][gc,heap        ] GC(27) PSYoungGen: 294902K(1631232K)->251002K(1631232K) Eden: 0K(1336320K)->0K(1336320K) From: 294902K(294912K)->251002K(294912K)
[15.120s][info ][gc,heap        ] GC(27) ParOldGen: 234636K(278016K)->277544K(377344K)
[15.120s][info ][gc,metaspace   ] GC(27) Metaspace: 67264K(68096K)->67264K(68096K) NonClass: 57394K(57856K)->57394K(57856K) Class: 9869K(10240K)->9869K(10240K)
[15.120s][info ][gc             ] GC(27) Pause Full (Ergonomics) 517M->516M(1961M) 845.530ms
[15.120s][info ][gc,cpu         ] GC(27) User=3.31s Sys=0.00s Real=0.85s
[15.123s][info ][safepoint      ] Safepoint "ParallelGCFailedAllocation", Time since last: 17090366 ns, Reaching safepoint: 131902 ns, At safepoint: 1022572246 ns, Total: 1022704148 ns
[15.169s][info ][safepoint      ] Safepoint "ICBufferFull", Time since last: 45518172 ns, Reaching safepoint: 131503 ns, At safepoint: 32901 ns, Total: 164404 ns
[15.179s][info ][safepoint      ] Safepoint "ICBufferFull", Time since last: 10023014 ns, Reaching safepoint: 133603 ns, At safepoint: 28900 ns, Total: 162503 ns
[15.204s][info ][safepoint      ] Safepoint "ICBufferFull", Time since last: 25171438 ns, Reaching safepoint: 128303 ns, At safepoint: 24400 ns, Total: 152703 ns
[15.220s][info ][safepoint      ] Safepoint "ICBufferFull", Time since last: 15670135 ns, Reaching safepoint: 148903 ns, At safepoint: 22801 ns, Total: 171704 ns
[15.256s][info ][safepoint      ] Safepoint "ICBufferFull", Time since last: 35799164 ns, Reaching safepoint: 125203 ns, At safepoint: 27701 ns, Total: 152904 ns
[15.273s][info ][safepoint      ] Safepoint "ICBufferFull", Time since last: 16855560 ns, Reaching safepoint: 118602 ns, At safepoint: 26001 ns, Total: 144603 ns
[15.289s][info ][safepoint      ] Safepoint "ICBufferFull", Time since last: 12333763 ns, Reaching safepoint: 3174768 ns, At safepoint: 36101 ns, Total: 3210869 ns
[15.317s][info ][safepoint      ] Safepoint "ICBufferFull", Time since last: 28451408 ns, Reaching safepoint: 128203 ns, At safepoint: 34900 ns, Total: 163103 ns
[15.460s][info ][safepoint      ] Safepoint "ICBufferFull", Time since last: 142159437 ns, Reaching safepoint: 161704 ns, At safepoint: 29900 ns, Total: 191604 ns
[15.499s][info ][gc,start       ] GC(28) Pause Young (Allocation Failure)
[15.634s][debug][gc,phases      ] GC(28) Scavenge 135.655ms
[15.634s][debug][gc,ref         ] GC(28) Skipped phase 1 of Reference Processing: no references
[15.634s][debug][gc,ref         ] GC(28) ReferenceProcessor::execute queues: 1, RefProcThreadModel::Single, marks_oops_alive: false
[15.634s][debug][gc,ref         ] GC(28) Skipped phase 3 of Reference Processing: no references
[15.634s][debug][gc,ref         ] GC(28) Skipped phase 4 of Reference Processing: no references
[15.635s][debug][gc,phases      ] GC(28) Reference Processing 0.115ms
[15.635s][debug][gc,phases      ] GC(28)   VM Weak                        Min:  0.0, Avg:  0.0, Max:  0.0, Diff:  0.0, Sum:  0.0, Workers: 4
[15.635s][debug][gc,phases      ] GC(28)     Dead                           Min: 0, Avg:  0.0, Max: 0, Diff: 0, Sum: 0, Workers: 4
[15.635s][debug][gc,phases      ] GC(28)     Total                          Min: 0, Avg: 145.5, Max: 582, Diff: 582, Sum: 582, Workers: 4
[15.635s][debug][gc,phases      ] GC(28)   ObjectSynchronizer Weak        Min:  0.0, Avg:  0.0, Max:  0.0, Diff:  0.0, Sum:  0.0, Workers: 4
[15.635s][debug][gc,phases      ] GC(28)     Dead                           Min: 0, Avg:  0.0, Max: 0, Diff: 0, Sum: 0, Workers: 4
[15.635s][debug][gc,phases      ] GC(28)     Total                          Min: 0, Avg: 84.8, Max: 275, Diff: 275, Sum: 339, Workers: 4
[15.635s][debug][gc,phases      ] GC(28)   JVMTI Tag Weak OopStorage      Min:  0.0, Avg:  0.0, Max:  0.0, Diff:  0.0, Sum:  0.0, Workers: 4
[15.635s][debug][gc,phases      ] GC(28)     Dead                           Min: 0, Avg:  0.0, Max: 0, Diff: 0, Sum: 0, Workers: 4
[15.635s][debug][gc,phases      ] GC(28)     Total                          Min: 0, Avg:  0.0, Max: 0, Diff: 0, Sum: 0, Workers: 4
[15.635s][debug][gc,phases      ] GC(28)   StringTable Weak               Min:  0.1, Avg:  0.1, Max:  0.1, Diff:  0.0, Sum:  0.4, Workers: 4
[15.635s][debug][gc,phases      ] GC(28)     Dead                           Min: 0, Avg:  2.8, Max: 11, Diff: 11, Sum: 11, Workers: 4
[15.635s][debug][gc,phases      ] GC(28)     Total                          Min: 9856, Avg: 10638.2, Max: 11072, Diff: 1216, Sum: 42553, Workers: 4
[15.635s][debug][gc,phases      ] GC(28)   ResolvedMethodTable Weak       Min:  0.0, Avg:  0.0, Max:  0.0, Diff:  0.0, Sum:  0.1, Workers: 4
[15.635s][debug][gc,phases      ] GC(28)     Dead                           Min: 0, Avg:  0.0, Max: 0, Diff: 0, Sum: 0, Workers: 4
[15.635s][debug][gc,phases      ] GC(28)     Total                          Min: 1599, Avg: 1739.5, Max: 1839, Diff: 240, Sum: 6958, Workers: 4
[15.635s][debug][gc,phases      ] GC(28)   JNI Weak                       Min:  0.0, Avg:  0.0, Max:  0.0, Diff:  0.0, Sum:  0.0, Workers: 4
[15.635s][debug][gc,phases      ] GC(28)     Dead                           Min: 0, Avg:  0.0, Max: 0, Diff: 0, Sum: 0, Workers: 4
[15.635s][debug][gc,phases      ] GC(28)     Total                          Min: 0, Avg:  2.2, Max: 9, Diff: 9, Sum: 9, Workers: 4
[15.635s][debug][gc,phases      ] GC(28)   StringDedup Table Weak         Min:  0.0, Avg:  0.0, Max:  0.0, Diff:  0.0, Sum:  0.0, Workers: 4
[15.635s][debug][gc,phases      ] GC(28)     Dead                           Min: 0, Avg:  0.0, Max: 0, Diff: 0, Sum: 0, Workers: 4
[15.635s][debug][gc,phases      ] GC(28)     Total                          Min: 0, Avg:  0.0, Max: 0, Diff: 0, Sum: 0, Workers: 4
[15.635s][debug][gc,phases      ] GC(28)   StringDedup Requests0 Weak     Min:  0.0, Avg:  0.0, Max:  0.0, Diff:  0.0, Sum:  0.0, Workers: 4
[15.635s][debug][gc,phases      ] GC(28)     Dead                           Min: 0, Avg:  0.0, Max: 0, Diff: 0, Sum: 0, Workers: 4
[15.635s][debug][gc,phases      ] GC(28)     Total                          Min: 0, Avg:  0.0, Max: 0, Diff: 0, Sum: 0, Workers: 4
[15.635s][debug][gc,phases      ] GC(28)   StringDedup Requests1 Weak     Min:  0.0, Avg:  0.0, Max:  0.0, Diff:  0.0, Sum:  0.0, Workers: 4
[15.635s][debug][gc,phases      ] GC(28)     Dead                           Min: 0, Avg:  0.0, Max: 0, Diff: 0, Sum: 0, Workers: 4
[15.635s][debug][gc,phases      ] GC(28)     Total                          Min: 0, Avg:  0.0, Max: 0, Diff: 0, Sum: 0, Workers: 4
[15.635s][debug][gc,phases      ] GC(28)   Weak JFR Old Object Samples    Min:  0.0, Avg:  0.0, Max:  0.0, Diff:  0.0, Sum:  0.0, Workers: 4
[15.635s][debug][gc,phases      ] GC(28)     Dead                           Min: 0, Avg:  0.0, Max: 0, Diff: 0, Sum: 0, Workers: 4
[15.635s][debug][gc,phases      ] GC(28)     Total                          Min: 0, Avg:  0.0, Max: 0, Diff: 0, Sum: 0, Workers: 4
[15.635s][debug][gc,phases      ] GC(28) Weak Processing 0.308ms
[15.635s][debug][gc,age         ] GC(28) Desired survivor size 402653184 bytes, new threshold 14 (max threshold 15)
[15.635s][info ][gc,heap        ] GC(28) PSYoungGen: 1587322K(1631232K)->252142K(1588736K) Eden: 1336320K(1336320K)->0K(1336320K) From: 251002K(294912K)->252142K(252416K)
[15.635s][info ][gc,heap        ] GC(28) ParOldGen: 277544K(377344K)->277560K(377344K)
[15.635s][info ][gc,metaspace   ] GC(28) Metaspace: 67333K(68096K)->67333K(68096K) NonClass: 57463K(57856K)->57463K(57856K) Class: 9870K(10240K)->9870K(10240K)
[15.635s][info ][gc             ] GC(28) Pause Young (Allocation Failure) 1821M->517M(1920M) 136.212ms
[15.635s][info ][gc,cpu         ] GC(28) User=0.55s Sys=0.00s Real=0.13s
[15.635s][info ][safepoint      ] Safepoint "ParallelGCFailedAllocation", Time since last: 38861831 ns, Reaching safepoint: 127102 ns, At safepoint: 136331013 ns, Total: 136458115 ns
[15.885s][info ][gc,start       ] GC(29) Pause Young (Allocation Failure)
[16.009s][debug][gc,phases      ] GC(29) Scavenge 123.409ms
[16.009s][debug][gc,ref         ] GC(29) Skipped phase 1 of Reference Processing: no references
[16.009s][debug][gc,ref         ] GC(29) ReferenceProcessor::execute queues: 1, RefProcThreadModel::Single, marks_oops_alive: false
[16.009s][debug][gc,ref         ] GC(29) Skipped phase 3 of Reference Processing: no references
[16.009s][debug][gc,ref         ] GC(29) ReferenceProcessor::execute queues: 1, RefProcThreadModel::Single, marks_oops_alive: false
[16.009s][debug][gc,phases      ] GC(29) Reference Processing 0.106ms
[16.009s][debug][gc,phases      ] GC(29)   VM Weak                        Min:  0.0, Avg:  0.0, Max:  0.0, Diff:  0.0, Sum:  0.0, Workers: 4
[16.009s][debug][gc,phases      ] GC(29)     Dead                           Min: 0, Avg:  0.0, Max: 0, Diff: 0, Sum: 0, Workers: 4
[16.009s][debug][gc,phases      ] GC(29)     Total                          Min: 0, Avg: 145.5, Max: 326, Diff: 326, Sum: 582, Workers: 4
[16.009s][debug][gc,phases      ] GC(29)   ObjectSynchronizer Weak        Min:  0.0, Avg:  0.0, Max:  0.0, Diff:  0.0, Sum:  0.0, Workers: 4
[16.009s][debug][gc,phases      ] GC(29)     Dead                           Min: 0, Avg:  0.0, Max: 0, Diff: 0, Sum: 0, Workers: 4
[16.009s][debug][gc,phases      ] GC(29)     Total                          Min: 0, Avg: 84.8, Max: 192, Diff: 192, Sum: 339, Workers: 4
[16.009s][debug][gc,phases      ] GC(29)   JVMTI Tag Weak OopStorage      Min:  0.0, Avg:  0.0, Max:  0.0, Diff:  0.0, Sum:  0.0, Workers: 4
[16.009s][debug][gc,phases      ] GC(29)     Dead                           Min: 0, Avg:  0.0, Max: 0, Diff: 0, Sum: 0, Workers: 4
[16.009s][debug][gc,phases      ] GC(29)     Total                          Min: 0, Avg:  0.0, Max: 0, Diff: 0, Sum: 0, Workers: 4
[16.009s][debug][gc,phases      ] GC(29)   StringTable Weak               Min:  0.1, Avg:  0.1, Max:  0.1, Diff:  0.0, Sum:  0.4, Workers: 4
[16.009s][debug][gc,phases      ] GC(29)     Dead                           Min: 0, Avg:  2.8, Max: 11, Diff: 11, Sum: 11, Workers: 4
[16.009s][debug][gc,phases      ] GC(29)     Total                          Min: 8584, Avg: 10642.0, Max: 11968, Diff: 3384, Sum: 42568, Workers: 4
[16.009s][debug][gc,phases      ] GC(29)   ResolvedMethodTable Weak       Min:  0.0, Avg:  0.0, Max:  0.0, Diff:  0.0, Sum:  0.1, Workers: 4
[16.009s][debug][gc,phases      ] GC(29)     Dead                           Min: 0, Avg:  0.0, Max: 0, Diff: 0, Sum: 0, Workers: 4
[16.009s][debug][gc,phases      ] GC(29)     Total                          Min: 1600, Avg: 1740.0, Max: 1904, Diff: 304, Sum: 6960, Workers: 4
[16.009s][debug][gc,phases      ] GC(29)   JNI Weak                       Min:  0.0, Avg:  0.0, Max:  0.0, Diff:  0.0, Sum:  0.0, Workers: 4
[16.009s][debug][gc,phases      ] GC(29)     Dead                           Min: 0, Avg:  0.0, Max: 0, Diff: 0, Sum: 0, Workers: 4
[16.009s][debug][gc,phases      ] GC(29)     Total                          Min: 0, Avg:  0.8, Max: 3, Diff: 3, Sum: 3, Workers: 4
[16.009s][debug][gc,phases      ] GC(29)   StringDedup Table Weak         Min:  0.0, Avg:  0.0, Max:  0.0, Diff:  0.0, Sum:  0.0, Workers: 4
[16.009s][debug][gc,phases      ] GC(29)     Dead                           Min: 0, Avg:  0.0, Max: 0, Diff: 0, Sum: 0, Workers: 4
[16.009s][debug][gc,phases      ] GC(29)     Total                          Min: 0, Avg:  0.0, Max: 0, Diff: 0, Sum: 0, Workers: 4
[16.009s][debug][gc,phases      ] GC(29)   StringDedup Requests0 Weak     Min:  0.0, Avg:  0.0, Max:  0.0, Diff:  0.0, Sum:  0.0, Workers: 4
[16.009s][debug][gc,phases      ] GC(29)     Dead                           Min: 0, Avg:  0.0, Max: 0, Diff: 0, Sum: 0, Workers: 4
[16.009s][debug][gc,phases      ] GC(29)     Total                          Min: 0, Avg:  0.0, Max: 0, Diff: 0, Sum: 0, Workers: 4
[16.009s][debug][gc,phases      ] GC(29)   StringDedup Requests1 Weak     Min:  0.0, Avg:  0.0, Max:  0.0, Diff:  0.0, Sum:  0.0, Workers: 4
[16.009s][debug][gc,phases      ] GC(29)     Dead                           Min: 0, Avg:  0.0, Max: 0, Diff: 0, Sum: 0, Workers: 4
[16.009s][debug][gc,phases      ] GC(29)     Total                          Min: 0, Avg:  0.0, Max: 0, Diff: 0, Sum: 0, Workers: 4
[16.009s][debug][gc,phases      ] GC(29)   Weak JFR Old Object Samples    Min:  0.0, Avg:  0.0, Max:  0.0, Diff:  0.0, Sum:  0.0, Workers: 4
[16.009s][debug][gc,phases      ] GC(29)     Dead                           Min: 0, Avg:  0.0, Max: 0, Diff: 0, Sum: 0, Workers: 4
[16.009s][debug][gc,phases      ] GC(29)     Total                          Min: 0, Avg:  0.0, Max: 0, Diff: 0, Sum: 0, Workers: 4
[16.009s][debug][gc,phases      ] GC(29) Weak Processing 0.299ms
[16.009s][debug][gc,age         ] GC(29) Desired survivor size 411041792 bytes, new threshold 15 (max threshold 15)
[16.009s][info ][gc,heap        ] GC(29) PSYoungGen: 1588462K(1588736K)->251726K(1687552K) Eden: 1336320K(1336320K)->0K(1294336K) From: 252142K(252416K)->251726K(393216K)
[16.009s][info ][gc,heap        ] GC(29) ParOldGen: 277560K(377344K)->277568K(377344K)
[16.009s][info ][gc,metaspace   ] GC(29) Metaspace: 67405K(68160K)->67405K(68160K) NonClass: 57532K(57920K)->57532K(57920K) Class: 9872K(10240K)->9872K(10240K)
[16.009s][info ][gc             ] GC(29) Pause Young (Allocation Failure) 1822M->516M(2016M) 123.955ms
[16.009s][info ][gc,cpu         ] GC(29) User=0.50s Sys=0.00s Real=0.13s
[16.009s][info ][safepoint      ] Safepoint "ParallelGCFailedAllocation", Time since last: 250194445 ns, Reaching safepoint: 193904 ns, At safepoint: 124074351 ns, Total: 124268255 ns
[16.301s][info ][gc,start       ] GC(30) Pause Young (Allocation Failure)
[16.398s][debug][gc,phases      ] GC(30) Scavenge 96.585ms
[16.398s][debug][gc,ref         ] GC(30) Skipped phase 1 of Reference Processing: no references
[16.398s][debug][gc,ref         ] GC(30) ReferenceProcessor::execute queues: 1, RefProcThreadModel::Single, marks_oops_alive: false
[16.398s][debug][gc,ref         ] GC(30) Skipped phase 3 of Reference Processing: no references
[16.398s][debug][gc,ref         ] GC(30) ReferenceProcessor::execute queues: 1, RefProcThreadModel::Single, marks_oops_alive: false
[16.398s][debug][gc,phases      ] GC(30) Reference Processing 0.109ms
[16.398s][debug][gc,phases      ] GC(30)   VM Weak                        Min:  0.0, Avg:  0.0, Max:  0.0, Diff:  0.0, Sum:  0.0, Workers: 4
[16.398s][debug][gc,phases      ] GC(30)     Dead                           Min: 0, Avg:  0.0, Max: 0, Diff: 0, Sum: 0, Workers: 4
[16.398s][debug][gc,phases      ] GC(30)     Total                          Min: 0, Avg: 146.8, Max: 587, Diff: 587, Sum: 587, Workers: 4
[16.398s][debug][gc,phases      ] GC(30)   ObjectSynchronizer Weak        Min:  0.0, Avg:  0.0, Max:  0.0, Diff:  0.0, Sum:  0.0, Workers: 4
[16.398s][debug][gc,phases      ] GC(30)     Dead                           Min: 0, Avg:  0.0, Max: 0, Diff: 0, Sum: 0, Workers: 4
[16.398s][debug][gc,phases      ] GC(30)     Total                          Min: 0, Avg: 84.8, Max: 339, Diff: 339, Sum: 339, Workers: 4
[16.398s][debug][gc,phases      ] GC(30)   JVMTI Tag Weak OopStorage      Min:  0.0, Avg:  0.0, Max:  0.0, Diff:  0.0, Sum:  0.0, Workers: 4
[16.398s][debug][gc,phases      ] GC(30)     Dead                           Min: 0, Avg:  0.0, Max: 0, Diff: 0, Sum: 0, Workers: 4
[16.398s][debug][gc,phases      ] GC(30)     Total                          Min: 0, Avg:  0.0, Max: 0, Diff: 0, Sum: 0, Workers: 4
[16.398s][debug][gc,phases      ] GC(30)   StringTable Weak               Min:  0.1, Avg:  0.1, Max:  0.1, Diff:  0.0, Sum:  0.4, Workers: 4
[16.398s][debug][gc,phases      ] GC(30)     Dead                           Min: 0, Avg:  2.8, Max: 11, Diff: 11, Sum: 11, Workers: 4
[16.398s][debug][gc,phases      ] GC(30)     Total                          Min: 8914, Avg: 10657.8, Max: 12032, Diff: 3118, Sum: 42631, Workers: 4
[16.398s][debug][gc,phases      ] GC(30)   ResolvedMethodTable Weak       Min:  0.0, Avg:  0.0, Max:  0.0, Diff:  0.0, Sum:  0.1, Workers: 4
[16.398s][debug][gc,phases      ] GC(30)     Dead                           Min: 0, Avg:  7.5, Max: 19, Diff: 19, Sum: 30, Workers: 4
[16.398s][debug][gc,phases      ] GC(30)     Total                          Min: 1654, Avg: 1755.2, Max: 1848, Diff: 194, Sum: 7021, Workers: 4
[16.398s][debug][gc,phases      ] GC(30)   JNI Weak                       Min:  0.0, Avg:  0.0, Max:  0.0, Diff:  0.0, Sum:  0.0, Workers: 4
[16.398s][debug][gc,phases      ] GC(30)     Dead                           Min: 0, Avg:  0.0, Max: 0, Diff: 0, Sum: 0, Workers: 4
[16.398s][debug][gc,phases      ] GC(30)     Total                          Min: 0, Avg:  0.8, Max: 3, Diff: 3, Sum: 3, Workers: 4
[16.398s][debug][gc,phases      ] GC(30)   StringDedup Table Weak         Min:  0.0, Avg:  0.0, Max:  0.0, Diff:  0.0, Sum:  0.0, Workers: 4
[16.398s][debug][gc,phases      ] GC(30)     Dead                           Min: 0, Avg:  0.0, Max: 0, Diff: 0, Sum: 0, Workers: 4
[16.398s][debug][gc,phases      ] GC(30)     Total                          Min: 0, Avg:  0.0, Max: 0, Diff: 0, Sum: 0, Workers: 4
[16.398s][debug][gc,phases      ] GC(30)   StringDedup Requests0 Weak     Min:  0.0, Avg:  0.0, Max:  0.0, Diff:  0.0, Sum:  0.0, Workers: 4
[16.398s][debug][gc,phases      ] GC(30)     Dead                           Min: 0, Avg:  0.0, Max: 0, Diff: 0, Sum: 0, Workers: 4
[16.398s][debug][gc,phases      ] GC(30)     Total                          Min: 0, Avg:  0.0, Max: 0, Diff: 0, Sum: 0, Workers: 4
[16.398s][debug][gc,phases      ] GC(30)   StringDedup Requests1 Weak     Min:  0.0, Avg:  0.0, Max:  0.0, Diff:  0.0, Sum:  0.0, Workers: 4
[16.398s][debug][gc,phases      ] GC(30)     Dead                           Min: 0, Avg:  0.0, Max: 0, Diff: 0, Sum: 0, Workers: 4
[16.398s][debug][gc,phases      ] GC(30)     Total                          Min: 0, Avg:  0.0, Max: 0, Diff: 0, Sum: 0, Workers: 4
[16.398s][debug][gc,phases      ] GC(30)   Weak JFR Old Object Samples    Min:  0.0, Avg:  0.0, Max:  0.0, Diff:  0.0, Sum:  0.0, Workers: 4
[16.398s][debug][gc,phases      ] GC(30)     Dead                           Min: 0, Avg:  0.0, Max: 0, Diff: 0, Sum: 0, Workers: 4
[16.398s][debug][gc,phases      ] GC(30)     Total                          Min: 0, Avg:  0.0, Max: 0, Diff: 0, Sum: 0, Workers: 4
[16.398s][debug][gc,phases      ] GC(30) Weak Processing 0.306ms
[16.398s][debug][gc,age         ] GC(30) Desired survivor size 416284672 bytes, new threshold 15 (max threshold 15)
[16.398s][info ][gc,heap        ] GC(30) PSYoungGen: 1546062K(1687552K)->251198K(1545728K) Eden: 1294336K(1294336K)->0K(1294336K) From: 251726K(393216K)->251198K(251392K)
[16.398s][info ][gc,heap        ] GC(30) ParOldGen: 277568K(377344K)->277568K(377344K)
[16.399s][info ][gc,metaspace   ] GC(30) Metaspace: 67603K(68352K)->67603K(68352K) NonClass: 57699K(58112K)->57699K(58112K) Class: 9904K(10240K)->9904K(10240K)
[16.399s][info ][gc             ] GC(30) Pause Young (Allocation Failure) 1780M->516M(1878M) 97.137ms
[16.399s][info ][gc,cpu         ] GC(30) User=0.39s Sys=0.00s Real=0.10s
[16.399s][info ][safepoint      ] Safepoint "ParallelGCFailedAllocation", Time since last: 291725032 ns, Reaching safepoint: 210904 ns, At safepoint: 97251278 ns, Total: 97462182 ns
[16.732s][info ][gc,start       ] GC(31) Pause Young (Allocation Failure)
[16.841s][debug][gc,phases      ] GC(31) Scavenge 108.140ms
[16.841s][debug][gc,ref         ] GC(31) Skipped phase 1 of Reference Processing: no references
[16.841s][debug][gc,ref         ] GC(31) ReferenceProcessor::execute queues: 1, RefProcThreadModel::Single, marks_oops_alive: false
[16.841s][debug][gc,ref         ] GC(31) Skipped phase 3 of Reference Processing: no references
[16.841s][debug][gc,ref         ] GC(31) Skipped phase 4 of Reference Processing: no references
[16.841s][debug][gc,phases      ] GC(31) Reference Processing 0.118ms
[16.841s][debug][gc,phases      ] GC(31)   VM Weak                        Min:  0.0, Avg:  0.0, Max:  0.0, Diff:  0.0, Sum:  0.0, Workers: 4
[16.841s][debug][gc,phases      ] GC(31)     Dead                           Min: 0, Avg:  0.0, Max: 0, Diff: 0, Sum: 0, Workers: 4
[16.841s][debug][gc,phases      ] GC(31)     Total                          Min: 0, Avg: 146.8, Max: 587, Diff: 587, Sum: 587, Workers: 4
[16.841s][debug][gc,phases      ] GC(31)   ObjectSynchronizer Weak        Min:  0.0, Avg:  0.0, Max:  0.0, Diff:  0.0, Sum:  0.0, Workers: 4
[16.841s][debug][gc,phases      ] GC(31)     Dead                           Min: 0, Avg:  0.0, Max: 0, Diff: 0, Sum: 0, Workers: 4
[16.841s][debug][gc,phases      ] GC(31)     Total                          Min: 0, Avg: 84.8, Max: 320, Diff: 320, Sum: 339, Workers: 4
[16.841s][debug][gc,phases      ] GC(31)   JVMTI Tag Weak OopStorage      Min:  0.0, Avg:  0.0, Max:  0.0, Diff:  0.0, Sum:  0.0, Workers: 4
[16.841s][debug][gc,phases      ] GC(31)     Dead                           Min: 0, Avg:  0.0, Max: 0, Diff: 0, Sum: 0, Workers: 4
[16.841s][debug][gc,phases      ] GC(31)     Total                          Min: 0, Avg:  0.0, Max: 0, Diff: 0, Sum: 0, Workers: 4
[16.841s][debug][gc,phases      ] GC(31)   StringTable Weak               Min:  0.1, Avg:  0.1, Max:  0.1, Diff:  0.0, Sum:  0.5, Workers: 4
[16.841s][debug][gc,phases      ] GC(31)     Dead                           Min: 0, Avg:  2.8, Max: 11, Diff: 11, Sum: 11, Workers: 4
[16.841s][debug][gc,phases      ] GC(31)     Total                          Min: 10037, Avg: 10661.0, Max: 11712, Diff: 1675, Sum: 42644, Workers: 4
[16.841s][debug][gc,phases      ] GC(31)   ResolvedMethodTable Weak       Min:  0.0, Avg:  0.0, Max:  0.0, Diff:  0.0, Sum:  0.1, Workers: 4
[16.841s][debug][gc,phases      ] GC(31)     Dead                           Min: 0, Avg:  0.0, Max: 0, Diff: 0, Sum: 0, Workers: 4
[16.841s][debug][gc,phases      ] GC(31)     Total                          Min: 1654, Avg: 1755.2, Max: 1920, Diff: 266, Sum: 7021, Workers: 4
[16.841s][debug][gc,phases      ] GC(31)   JNI Weak                       Min:  0.0, Avg:  0.0, Max:  0.0, Diff:  0.0, Sum:  0.0, Workers: 4
[16.841s][debug][gc,phases      ] GC(31)     Dead                           Min: 0, Avg:  0.0, Max: 0, Diff: 0, Sum: 0, Workers: 4
[16.841s][debug][gc,phases      ] GC(31)     Total                          Min: 0, Avg:  3.2, Max: 13, Diff: 13, Sum: 13, Workers: 4
[16.841s][debug][gc,phases      ] GC(31)   StringDedup Table Weak         Min:  0.0, Avg:  0.0, Max:  0.0, Diff:  0.0, Sum:  0.0, Workers: 4
[16.841s][debug][gc,phases      ] GC(31)     Dead                           Min: 0, Avg:  0.0, Max: 0, Diff: 0, Sum: 0, Workers: 4
[16.841s][debug][gc,phases      ] GC(31)     Total                          Min: 0, Avg:  0.0, Max: 0, Diff: 0, Sum: 0, Workers: 4
[16.841s][debug][gc,phases      ] GC(31)   StringDedup Requests0 Weak     Min:  0.0, Avg:  0.0, Max:  0.0, Diff:  0.0, Sum:  0.0, Workers: 4
[16.841s][debug][gc,phases      ] GC(31)     Dead                           Min: 0, Avg:  0.0, Max: 0, Diff: 0, Sum: 0, Workers: 4
[16.841s][debug][gc,phases      ] GC(31)     Total                          Min: 0, Avg:  0.0, Max: 0, Diff: 0, Sum: 0, Workers: 4
[16.841s][debug][gc,phases      ] GC(31)   StringDedup Requests1 Weak     Min:  0.0, Avg:  0.0, Max:  0.0, Diff:  0.0, Sum:  0.0, Workers: 4
[16.841s][debug][gc,phases      ] GC(31)     Dead                           Min: 0, Avg:  0.0, Max: 0, Diff: 0, Sum: 0, Workers: 4
[16.841s][debug][gc,phases      ] GC(31)     Total                          Min: 0, Avg:  0.0, Max: 0, Diff: 0, Sum: 0, Workers: 4
[16.841s][debug][gc,phases      ] GC(31)   Weak JFR Old Object Samples    Min:  0.0, Avg:  0.0, Max:  0.0, Diff:  0.0, Sum:  0.0, Workers: 4
[16.841s][debug][gc,phases      ] GC(31)     Dead                           Min: 0, Avg:  0.0, Max: 0, Diff: 0, Sum: 0, Workers: 4
[16.841s][debug][gc,phases      ] GC(31)     Total                          Min: 0, Avg:  0.0, Max: 0, Diff: 0, Sum: 0, Workers: 4
[16.841s][debug][gc,phases      ] GC(31) Weak Processing 0.336ms
[16.841s][debug][gc,age         ] GC(31) Desired survivor size 418381824 bytes, new threshold 15 (max threshold 15)
[16.841s][info ][gc,heap        ] GC(31) PSYoungGen: 1545534K(1545728K)->249742K(1686528K) Eden: 1294336K(1294336K)->0K(1280000K) From: 251198K(251392K)->249742K(406528K)
[16.841s][info ][gc,heap        ] GC(31) ParOldGen: 277568K(377344K)->277568K(377344K)
[16.841s][info ][gc,metaspace   ] GC(31) Metaspace: 67683K(68416K)->67683K(68416K) NonClass: 57779K(58176K)->57779K(58176K) Class: 9904K(10240K)->9904K(10240K)
[16.841s][info ][gc             ] GC(31) Pause Young (Allocation Failure) 1780M->514M(2015M) 108.739ms
[16.841s][info ][gc,cpu         ] GC(31) User=0.43s Sys=0.00s Real=0.11s
[16.841s][info ][safepoint      ] Safepoint "ParallelGCFailedAllocation", Time since last: 333501925 ns, Reaching safepoint: 186804 ns, At safepoint: 108865125 ns, Total: 109051929 ns
[17.112s][info ][safepoint      ] Safepoint "ParallelGCFailedAllocation", Time since last: 270616082 ns, Reaching safepoint: 158703 ns, At safepoint: 38601 ns, Total: 197304 ns
[17.112s][info ][gc,start       ] GC(32) Pause Young (GCLocker Initiated GC)
[17.228s][debug][gc,phases      ] GC(32) Scavenge 115.929ms
[17.228s][debug][gc,ref         ] GC(32) Skipped phase 1 of Reference Processing: no references
[17.228s][debug][gc,ref         ] GC(32) ReferenceProcessor::execute queues: 1, RefProcThreadModel::Single, marks_oops_alive: false
[17.228s][debug][gc,ref         ] GC(32) Skipped phase 3 of Reference Processing: no references
[17.228s][debug][gc,ref         ] GC(32) ReferenceProcessor::execute queues: 1, RefProcThreadModel::Single, marks_oops_alive: false
[17.228s][debug][gc,phases      ] GC(32) Reference Processing 0.118ms
[17.229s][debug][gc,phases      ] GC(32)   VM Weak                        Min:  0.0, Avg:  0.0, Max:  0.0, Diff:  0.0, Sum:  0.0, Workers: 4
[17.229s][debug][gc,phases      ] GC(32)     Dead                           Min: 0, Avg:  0.0, Max: 0, Diff: 0, Sum: 0, Workers: 4
[17.229s][debug][gc,phases      ] GC(32)     Total                          Min: 0, Avg: 146.8, Max: 587, Diff: 587, Sum: 587, Workers: 4
[17.229s][debug][gc,phases      ] GC(32)   ObjectSynchronizer Weak        Min:  0.0, Avg:  0.0, Max:  0.0, Diff:  0.0, Sum:  0.0, Workers: 4
[17.229s][debug][gc,phases      ] GC(32)     Dead                           Min: 0, Avg:  0.0, Max: 0, Diff: 0, Sum: 0, Workers: 4
[17.229s][debug][gc,phases      ] GC(32)     Total                          Min: 0, Avg: 84.8, Max: 339, Diff: 339, Sum: 339, Workers: 4
[17.229s][debug][gc,phases      ] GC(32)   JVMTI Tag Weak OopStorage      Min:  0.0, Avg:  0.0, Max:  0.0, Diff:  0.0, Sum:  0.0, Workers: 4
[17.229s][debug][gc,phases      ] GC(32)     Dead                           Min: 0, Avg:  0.0, Max: 0, Diff: 0, Sum: 0, Workers: 4
[17.229s][debug][gc,phases      ] GC(32)     Total                          Min: 0, Avg:  0.0, Max: 0, Diff: 0, Sum: 0, Workers: 4
[17.229s][debug][gc,phases      ] GC(32)   StringTable Weak               Min:  0.1, Avg:  0.1, Max:  0.1, Diff:  0.0, Sum:  0.5, Workers: 4
[17.229s][debug][gc,phases      ] GC(32)     Dead                           Min: 0, Avg:  0.0, Max: 0, Diff: 0, Sum: 0, Workers: 4
[17.229s][debug][gc,phases      ] GC(32)     Total                          Min: 8832, Avg: 10665.5, Max: 12032, Diff: 3200, Sum: 42662, Workers: 4
[17.229s][debug][gc,phases      ] GC(32)   ResolvedMethodTable Weak       Min:  0.0, Avg:  0.0, Max:  0.0, Diff:  0.0, Sum:  0.1, Workers: 4
[17.229s][debug][gc,phases      ] GC(32)     Dead                           Min: 0, Avg:  0.0, Max: 0, Diff: 0, Sum: 0, Workers: 4
[17.229s][debug][gc,phases      ] GC(32)     Total                          Min: 1654, Avg: 1755.2, Max: 1856, Diff: 202, Sum: 7021, Workers: 4
[17.229s][debug][gc,phases      ] GC(32)   JNI Weak                       Min:  0.0, Avg:  0.0, Max:  0.0, Diff:  0.0, Sum:  0.0, Workers: 4
[17.229s][debug][gc,phases      ] GC(32)     Dead                           Min: 0, Avg:  0.0, Max: 0, Diff: 0, Sum: 0, Workers: 4
[17.229s][debug][gc,phases      ] GC(32)     Total                          Min: 0, Avg:  3.5, Max: 14, Diff: 14, Sum: 14, Workers: 4
[17.229s][debug][gc,phases      ] GC(32)   StringDedup Table Weak         Min:  0.0, Avg:  0.0, Max:  0.0, Diff:  0.0, Sum:  0.0, Workers: 4
[17.229s][debug][gc,phases      ] GC(32)     Dead                           Min: 0, Avg:  0.0, Max: 0, Diff: 0, Sum: 0, Workers: 4
[17.229s][debug][gc,phases      ] GC(32)     Total                          Min: 0, Avg:  0.0, Max: 0, Diff: 0, Sum: 0, Workers: 4
[17.229s][debug][gc,phases      ] GC(32)   StringDedup Requests0 Weak     Min:  0.0, Avg:  0.0, Max:  0.0, Diff:  0.0, Sum:  0.0, Workers: 4
[17.229s][debug][gc,phases      ] GC(32)     Dead                           Min: 0, Avg:  0.0, Max: 0, Diff: 0, Sum: 0, Workers: 4
[17.229s][debug][gc,phases      ] GC(32)     Total                          Min: 0, Avg:  0.0, Max: 0, Diff: 0, Sum: 0, Workers: 4
[17.229s][debug][gc,phases      ] GC(32)   StringDedup Requests1 Weak     Min:  0.0, Avg:  0.0, Max:  0.0, Diff:  0.0, Sum:  0.0, Workers: 4
[17.229s][debug][gc,phases      ] GC(32)     Dead                           Min: 0, Avg:  0.0, Max: 0, Diff: 0, Sum: 0, Workers: 4
[17.229s][debug][gc,phases      ] GC(32)     Total                          Min: 0, Avg:  0.0, Max: 0, Diff: 0, Sum: 0, Workers: 4
[17.229s][debug][gc,phases      ] GC(32)   Weak JFR Old Object Samples    Min:  0.0, Avg:  0.0, Max:  0.0, Diff:  0.0, Sum:  0.0, Workers: 4
[17.229s][debug][gc,phases      ] GC(32)     Dead                           Min: 0, Avg:  0.0, Max: 0, Diff: 0, Sum: 0, Workers: 4
[17.229s][debug][gc,phases      ] GC(32)     Total                          Min: 0, Avg:  0.0, Max: 0, Diff: 0, Sum: 0, Workers: 4
[17.229s][debug][gc,phases      ] GC(32) Weak Processing 0.390ms
[17.229s][debug][gc,age         ] GC(32) Desired survivor size 418381824 bytes, new threshold 15 (max threshold 15)
[17.229s][info ][gc,heap        ] GC(32) PSYoungGen: 1529742K(1686528K)->248526K(1688576K) Eden: 1280000K(1280000K)->0K(1280000K) From: 249742K(406528K)->248526K(408576K)
[17.229s][info ][gc,heap        ] GC(32) ParOldGen: 277568K(377344K)->277576K(377344K)
[17.229s][info ][gc,metaspace   ] GC(32) Metaspace: 67726K(68480K)->67726K(68480K) NonClass: 57822K(58240K)->57822K(58240K) Class: 9904K(10240K)->9904K(10240K)
[17.229s][info ][gc             ] GC(32) Pause Young (GCLocker Initiated GC) 1764M->513M(2017M) 116.555ms
[17.229s][info ][gc,cpu         ] GC(32) User=0.48s Sys=0.00s Real=0.12s
[17.229s][info ][safepoint      ] Safepoint "ParallelGCSystemGC", Time since last: 83301 ns, Reaching safepoint: 112103 ns, At safepoint: 116674192 ns, Total: 116786295 ns
[17.409s][info ][safepoint      ] Safepoint "ICBufferFull", Time since last: 180258951 ns, Reaching safepoint: 208805 ns, At safepoint: 44601 ns, Total: 253406 ns
[17.446s][info ][safepoint      ] Safepoint "ICBufferFull", Time since last: 35996169 ns, Reaching safepoint: 151503 ns, At safepoint: 25501 ns, Total: 177004 ns
[17.447s][info ][safepoint      ] Safepoint "ICBufferFull", Time since last: 1400630 ns, Reaching safepoint: 124802 ns, At safepoint: 31001 ns, Total: 155803 ns
[17.456s][info ][safepoint      ] Safepoint "ICBufferFull", Time since last: 8951791 ns, Reaching safepoint: 294806 ns, At safepoint: 36301 ns, Total: 331107 ns
[17.458s][info ][safepoint      ] Safepoint "ICBufferFull", Time since last: 1089223 ns, Reaching safepoint: 134403 ns, At safepoint: 32301 ns, Total: 166704 ns
[17.459s][info ][safepoint      ] Safepoint "ICBufferFull", Time since last: 1158825 ns, Reaching safepoint: 107902 ns, At safepoint: 34201 ns, Total: 142103 ns
[17.460s][info ][safepoint      ] Safepoint "ICBufferFull", Time since last: 1039322 ns, Reaching safepoint: 104702 ns, At safepoint: 51801 ns, Total: 156503 ns
[17.461s][info ][safepoint      ] Safepoint "ICBufferFull", Time since last: 933220 ns, Reaching safepoint: 96902 ns, At safepoint: 35701 ns, Total: 132603 ns
[17.462s][info ][safepoint      ] Safepoint "ICBufferFull", Time since last: 995421 ns, Reaching safepoint: 101803 ns, At safepoint: 29900 ns, Total: 131703 ns
[17.463s][info ][safepoint      ] Safepoint "ICBufferFull", Time since last: 942220 ns, Reaching safepoint: 95302 ns, At safepoint: 31501 ns, Total: 126803 ns
[17.466s][info ][safepoint      ] Safepoint "ICBufferFull", Time since last: 2343450 ns, Reaching safepoint: 113202 ns, At safepoint: 33201 ns, Total: 146403 ns
[17.477s][info ][safepoint      ] Safepoint "ICBufferFull", Time since last: 11145338 ns, Reaching safepoint: 128103 ns, At safepoint: 34201 ns, Total: 162304 ns
[17.478s][info ][safepoint      ] Safepoint "ICBufferFull", Time since last: 1113124 ns, Reaching safepoint: 113602 ns, At safepoint: 29801 ns, Total: 143403 ns
[17.484s][info ][safepoint      ] Safepoint "ICBufferFull", Time since last: 1585233 ns, Reaching safepoint: 4136989 ns, At safepoint: 41301 ns, Total: 4178290 ns
[17.486s][info ][safepoint      ] Safepoint "ICBufferFull", Time since last: 1297427 ns, Reaching safepoint: 113603 ns, At safepoint: 36801 ns, Total: 150404 ns
[17.487s][info ][safepoint      ] Safepoint "ICBufferFull", Time since last: 1005321 ns, Reaching safepoint: 101402 ns, At safepoint: 31301 ns, Total: 132703 ns
[17.611s][info ][gc,start       ] GC(33) Pause Young (Allocation Failure)
[17.712s][debug][gc,phases      ] GC(33) Scavenge 100.591ms
[17.712s][debug][gc,ref         ] GC(33) Skipped phase 1 of Reference Processing: no references
[17.712s][debug][gc,ref         ] GC(33) ReferenceProcessor::execute queues: 1, RefProcThreadModel::Single, marks_oops_alive: false
[17.712s][debug][gc,ref         ] GC(33) Skipped phase 3 of Reference Processing: no references
[17.712s][debug][gc,ref         ] GC(33) ReferenceProcessor::execute queues: 1, RefProcThreadModel::Single, marks_oops_alive: false
[17.712s][debug][gc,phases      ] GC(33) Reference Processing 0.151ms
[17.712s][debug][gc,phases      ] GC(33)   VM Weak                        Min:  0.0, Avg:  0.0, Max:  0.0, Diff:  0.0, Sum:  0.0, Workers: 4
[17.712s][debug][gc,phases      ] GC(33)     Dead                           Min: 0, Avg:  0.0, Max: 0, Diff: 0, Sum: 0, Workers: 4
[17.712s][debug][gc,phases      ] GC(33)     Total                          Min: 0, Avg: 146.8, Max: 331, Diff: 331, Sum: 587, Workers: 4
[17.712s][debug][gc,phases      ] GC(33)   ObjectSynchronizer Weak        Min:  0.0, Avg:  0.0, Max:  0.0, Diff:  0.0, Sum:  0.0, Workers: 4
[17.712s][debug][gc,phases      ] GC(33)     Dead                           Min: 0, Avg:  0.0, Max: 0, Diff: 0, Sum: 0, Workers: 4
[17.712s][debug][gc,phases      ] GC(33)     Total                          Min: 0, Avg: 84.8, Max: 128, Diff: 128, Sum: 339, Workers: 4
[17.712s][debug][gc,phases      ] GC(33)   JVMTI Tag Weak OopStorage      Min:  0.0, Avg:  0.0, Max:  0.0, Diff:  0.0, Sum:  0.0, Workers: 4
[17.712s][debug][gc,phases      ] GC(33)     Dead                           Min: 0, Avg:  0.0, Max: 0, Diff: 0, Sum: 0, Workers: 4
[17.712s][debug][gc,phases      ] GC(33)     Total                          Min: 0, Avg:  0.0, Max: 0, Diff: 0, Sum: 0, Workers: 4
[17.712s][debug][gc,phases      ] GC(33)   StringTable Weak               Min:  0.1, Avg:  0.1, Max:  0.1, Diff:  0.0, Sum:  0.4, Workers: 4
[17.712s][debug][gc,phases      ] GC(33)     Dead                           Min: 0, Avg:  2.8, Max: 11, Diff: 11, Sum: 11, Workers: 4
[17.712s][debug][gc,phases      ] GC(33)     Total                          Min: 9920, Avg: 10675.5, Max: 11712, Diff: 1792, Sum: 42702, Workers: 4
[17.712s][debug][gc,phases      ] GC(33)   ResolvedMethodTable Weak       Min:  0.0, Avg:  0.0, Max:  0.0, Diff:  0.0, Sum:  0.1, Workers: 4
[17.712s][debug][gc,phases      ] GC(33)     Dead                           Min: 0, Avg:  0.0, Max: 0, Diff: 0, Sum: 0, Workers: 4
[17.712s][debug][gc,phases      ] GC(33)     Total                          Min: 1600, Avg: 1772.2, Max: 2048, Diff: 448, Sum: 7089, Workers: 4
[17.712s][debug][gc,phases      ] GC(33)   JNI Weak                       Min:  0.0, Avg:  0.0, Max:  0.0, Diff:  0.0, Sum:  0.0, Workers: 4
[17.712s][debug][gc,phases      ] GC(33)     Dead                           Min: 0, Avg:  0.0, Max: 0, Diff: 0, Sum: 0, Workers: 4
[17.712s][debug][gc,phases      ] GC(33)     Total                          Min: 0, Avg:  1.8, Max: 7, Diff: 7, Sum: 7, Workers: 4
[17.712s][debug][gc,phases      ] GC(33)   StringDedup Table Weak         Min:  0.0, Avg:  0.0, Max:  0.0, Diff:  0.0, Sum:  0.0, Workers: 4
[17.712s][debug][gc,phases      ] GC(33)     Dead                           Min: 0, Avg:  0.0, Max: 0, Diff: 0, Sum: 0, Workers: 4
[17.712s][debug][gc,phases      ] GC(33)     Total                          Min: 0, Avg:  0.0, Max: 0, Diff: 0, Sum: 0, Workers: 4
[17.712s][debug][gc,phases      ] GC(33)   StringDedup Requests0 Weak     Min:  0.0, Avg:  0.0, Max:  0.0, Diff:  0.0, Sum:  0.0, Workers: 4
[17.712s][debug][gc,phases      ] GC(33)     Dead                           Min: 0, Avg:  0.0, Max: 0, Diff: 0, Sum: 0, Workers: 4
[17.712s][debug][gc,phases      ] GC(33)     Total                          Min: 0, Avg:  0.0, Max: 0, Diff: 0, Sum: 0, Workers: 4
[17.712s][debug][gc,phases      ] GC(33)   StringDedup Requests1 Weak     Min:  0.0, Avg:  0.0, Max:  0.0, Diff:  0.0, Sum:  0.0, Workers: 4
[17.712s][debug][gc,phases      ] GC(33)     Dead                           Min: 0, Avg:  0.0, Max: 0, Diff: 0, Sum: 0, Workers: 4
[17.712s][debug][gc,phases      ] GC(33)     Total                          Min: 0, Avg:  0.0, Max: 0, Diff: 0, Sum: 0, Workers: 4
[17.712s][debug][gc,phases      ] GC(33)   Weak JFR Old Object Samples    Min:  0.0, Avg:  0.0, Max:  0.0, Diff:  0.0, Sum:  0.0, Workers: 4
[17.712s][debug][gc,phases      ] GC(33)     Dead                           Min: 0, Avg:  0.0, Max: 0, Diff: 0, Sum: 0, Workers: 4
[17.712s][debug][gc,phases      ] GC(33)     Total                          Min: 0, Avg:  0.0, Max: 0, Diff: 0, Sum: 0, Workers: 4
[17.712s][debug][gc,phases      ] GC(33) Weak Processing 0.314ms
[17.712s][debug][gc,age         ] GC(33) Desired survivor size 416284672 bytes, new threshold 15 (max threshold 15)
[17.712s][info ][gc,heap        ] GC(33) PSYoungGen: 1528526K(1688576K)->248750K(1690624K) Eden: 1280000K(1280000K)->0K(1282048K) From: 248526K(408576K)->248750K(408576K)
[17.712s][info ][gc,heap        ] GC(33) ParOldGen: 277578K(377344K)->277586K(377344K)
[17.712s][info ][gc,metaspace   ] GC(33) Metaspace: 67865K(68608K)->67865K(68608K) NonClass: 57935K(58304K)->57935K(58304K) Class: 9929K(10304K)->9929K(10304K)
[17.712s][info ][gc             ] GC(33) Pause Young (Allocation Failure) 1763M->514M(2019M) 101.205ms
[17.713s][info ][gc,cpu         ] GC(33) User=0.41s Sys=0.00s Real=0.10s
[17.713s][info ][safepoint      ] Safepoint "ParallelGCFailedAllocation", Time since last: 124279455 ns, Reaching safepoint: 181104 ns, At safepoint: 101330265 ns, Total: 101511369 ns
[17.727s][info ][safepoint      ] Safepoint "ICBufferFull", Time since last: 13884396 ns, Reaching safepoint: 143903 ns, At safepoint: 28901 ns, Total: 172804 ns
[17.799s][info ][safepoint      ] Safepoint "ICBufferFull", Time since last: 72418847 ns, Reaching safepoint: 217305 ns, At safepoint: 37500 ns, Total: 254805 ns
[17.801s][info ][safepoint      ] Safepoint "ICBufferFull", Time since last: 1668036 ns, Reaching safepoint: 109402 ns, At safepoint: 43601 ns, Total: 153003 ns
[17.924s][info ][safepoint      ] Safepoint "ICBufferFull", Time since last: 122351414 ns, Reaching safepoint: 167004 ns, At safepoint: 42501 ns, Total: 209505 ns
[17.932s][info ][gc,start       ] GC(34) Pause Young (Allocation Failure)
[18.027s][debug][gc,phases      ] GC(34) Scavenge 95.170ms
[18.027s][debug][gc,ref         ] GC(34) Skipped phase 1 of Reference Processing: no references
[18.027s][debug][gc,ref         ] GC(34) ReferenceProcessor::execute queues: 1, RefProcThreadModel::Single, marks_oops_alive: false
[18.027s][debug][gc,ref         ] GC(34) Skipped phase 3 of Reference Processing: no references
[18.027s][debug][gc,ref         ] GC(34) ReferenceProcessor::execute queues: 1, RefProcThreadModel::Single, marks_oops_alive: false
[18.027s][debug][gc,phases      ] GC(34) Reference Processing 0.110ms
[18.027s][debug][gc,phases      ] GC(34)   VM Weak                        Min:  0.0, Avg:  0.0, Max:  0.0, Diff:  0.0, Sum:  0.0, Workers: 4
[18.027s][debug][gc,phases      ] GC(34)     Dead                           Min: 0, Avg:  0.0, Max: 0, Diff: 0, Sum: 0, Workers: 4
[18.027s][debug][gc,phases      ] GC(34)     Total                          Min: 0, Avg: 147.5, Max: 206, Diff: 206, Sum: 590, Workers: 4
[18.027s][debug][gc,phases      ] GC(34)   ObjectSynchronizer Weak        Min:  0.0, Avg:  0.0, Max:  0.0, Diff:  0.0, Sum:  0.0, Workers: 4
[18.027s][debug][gc,phases      ] GC(34)     Dead                           Min: 0, Avg:  0.0, Max: 0, Diff: 0, Sum: 0, Workers: 4
[18.027s][debug][gc,phases      ] GC(34)     Total                          Min: 0, Avg: 84.8, Max: 147, Diff: 147, Sum: 339, Workers: 4
[18.027s][debug][gc,phases      ] GC(34)   JVMTI Tag Weak OopStorage      Min:  0.0, Avg:  0.0, Max:  0.0, Diff:  0.0, Sum:  0.0, Workers: 4
[18.027s][debug][gc,phases      ] GC(34)     Dead                           Min: 0, Avg:  0.0, Max: 0, Diff: 0, Sum: 0, Workers: 4
[18.027s][debug][gc,phases      ] GC(34)     Total                          Min: 0, Avg:  0.0, Max: 0, Diff: 0, Sum: 0, Workers: 4
[18.027s][debug][gc,phases      ] GC(34)   StringTable Weak               Min:  0.0, Avg:  0.1, Max:  0.1, Diff:  0.1, Sum:  0.4, Workers: 4
[18.027s][debug][gc,phases      ] GC(34)     Dead                           Min: 0, Avg:  2.8, Max: 11, Diff: 11, Sum: 11, Workers: 4
[18.027s][debug][gc,phases      ] GC(34)     Total                          Min: 0, Avg: 10679.5, Max: 14453, Diff: 14453, Sum: 42718, Workers: 4
[18.027s][debug][gc,phases      ] GC(34)   ResolvedMethodTable Weak       Min:  0.0, Avg:  0.0, Max:  0.0, Diff:  0.0, Sum:  0.1, Workers: 4
[18.027s][debug][gc,phases      ] GC(34)     Dead                           Min: 0, Avg:  0.0, Max: 0, Diff: 0, Sum: 0, Workers: 4
[18.027s][debug][gc,phases      ] GC(34)     Total                          Min: 0, Avg: 1774.5, Max: 2431, Diff: 2431, Sum: 7098, Workers: 4
[18.027s][debug][gc,phases      ] GC(34)   JNI Weak                       Min:  0.0, Avg:  0.0, Max:  0.0, Diff:  0.0, Sum:  0.0, Workers: 4
[18.027s][debug][gc,phases      ] GC(34)     Dead                           Min: 0, Avg:  0.0, Max: 0, Diff: 0, Sum: 0, Workers: 4
[18.027s][debug][gc,phases      ] GC(34)     Total                          Min: 0, Avg:  0.0, Max: 0, Diff: 0, Sum: 0, Workers: 4
[18.027s][debug][gc,phases      ] GC(34)   StringDedup Table Weak         Min:  0.0, Avg:  0.0, Max:  0.0, Diff:  0.0, Sum:  0.0, Workers: 4
[18.027s][debug][gc,phases      ] GC(34)     Dead                           Min: 0, Avg:  0.0, Max: 0, Diff: 0, Sum: 0, Workers: 4
[18.027s][debug][gc,phases      ] GC(34)     Total                          Min: 0, Avg:  0.0, Max: 0, Diff: 0, Sum: 0, Workers: 4
[18.027s][debug][gc,phases      ] GC(34)   StringDedup Requests0 Weak     Min:  0.0, Avg:  0.0, Max:  0.0, Diff:  0.0, Sum:  0.0, Workers: 4
[18.027s][debug][gc,phases      ] GC(34)     Dead                           Min: 0, Avg:  0.0, Max: 0, Diff: 0, Sum: 0, Workers: 4
[18.027s][debug][gc,phases      ] GC(34)     Total                          Min: 0, Avg:  0.0, Max: 0, Diff: 0, Sum: 0, Workers: 4
[18.027s][debug][gc,phases      ] GC(34)   StringDedup Requests1 Weak     Min:  0.0, Avg:  0.0, Max:  0.0, Diff:  0.0, Sum:  0.0, Workers: 4
[18.027s][debug][gc,phases      ] GC(34)     Dead                           Min: 0, Avg:  0.0, Max: 0, Diff: 0, Sum: 0, Workers: 4
[18.027s][debug][gc,phases      ] GC(34)     Total                          Min: 0, Avg:  0.0, Max: 0, Diff: 0, Sum: 0, Workers: 4
[18.027s][debug][gc,phases      ] GC(34)   Weak JFR Old Object Samples    Min:  0.0, Avg:  0.0, Max:  0.0, Diff:  0.0, Sum:  0.0, Workers: 4
[18.027s][debug][gc,phases      ] GC(34)     Dead                           Min: 0, Avg:  0.0, Max: 0, Diff: 0, Sum: 0, Workers: 4
[18.027s][debug][gc,phases      ] GC(34)     Total                          Min: 0, Avg:  0.0, Max: 0, Diff: 0, Sum: 0, Workers: 4
[18.027s][debug][gc,phases      ] GC(34) Weak Processing 0.363ms
[18.027s][debug][gc,age         ] GC(34) Desired survivor size 413138944 bytes, new threshold 15 (max threshold 15)
[18.027s][info ][gc,heap        ] GC(34) PSYoungGen: 1530798K(1690624K)->248494K(1688576K) Eden: 1282048K(1282048K)->0K(1282048K) From: 248750K(408576K)->248494K(406528K)
[18.027s][info ][gc,heap        ] GC(34) ParOldGen: 277586K(377344K)->277594K(377344K)
[18.027s][info ][gc,metaspace   ] GC(34) Metaspace: 67899K(68672K)->67899K(68672K) NonClass: 57966K(58368K)->57966K(58368K) Class: 9932K(10304K)->9932K(10304K)
[18.027s][info ][gc             ] GC(34) Pause Young (Allocation Failure) 1766M->513M(2017M) 95.777ms
[18.027s][info ][gc,cpu         ] GC(34) User=0.38s Sys=0.00s Real=0.09s
[18.027s][info ][safepoint      ] Safepoint "ParallelGCFailedAllocation", Time since last: 7738765 ns, Reaching safepoint: 112102 ns, At safepoint: 95892849 ns, Total: 96004951 ns
[18.298s][info ][gc,start       ] GC(35) Pause Young (Allocation Failure)
[18.404s][debug][gc,phases      ] GC(35) Scavenge 106.609ms
[18.404s][debug][gc,ref         ] GC(35) Skipped phase 1 of Reference Processing: no references
[18.404s][debug][gc,ref         ] GC(35) ReferenceProcessor::execute queues: 1, RefProcThreadModel::Single, marks_oops_alive: false
[18.404s][debug][gc,ref         ] GC(35) Skipped phase 3 of Reference Processing: no references
[18.404s][debug][gc,ref         ] GC(35) ReferenceProcessor::execute queues: 1, RefProcThreadModel::Single, marks_oops_alive: false
[18.404s][debug][gc,phases      ] GC(35) Reference Processing 0.110ms
[18.405s][debug][gc,phases      ] GC(35)   VM Weak                        Min:  0.0, Avg:  0.0, Max:  0.0, Diff:  0.0, Sum:  0.0, Workers: 4
[18.405s][debug][gc,phases      ] GC(35)     Dead                           Min: 0, Avg:  0.0, Max: 0, Diff: 0, Sum: 0, Workers: 4
[18.405s][debug][gc,phases      ] GC(35)     Total                          Min: 0, Avg: 147.5, Max: 590, Diff: 590, Sum: 590, Workers: 4
[18.405s][debug][gc,phases      ] GC(35)   ObjectSynchronizer Weak        Min:  0.0, Avg:  0.0, Max:  0.0, Diff:  0.0, Sum:  0.0, Workers: 4
[18.405s][debug][gc,phases      ] GC(35)     Dead                           Min: 0, Avg:  0.0, Max: 0, Diff: 0, Sum: 0, Workers: 4
[18.405s][debug][gc,phases      ] GC(35)     Total                          Min: 0, Avg: 84.8, Max: 339, Diff: 339, Sum: 339, Workers: 4
[18.405s][debug][gc,phases      ] GC(35)   JVMTI Tag Weak OopStorage      Min:  0.0, Avg:  0.0, Max:  0.0, Diff:  0.0, Sum:  0.0, Workers: 4
[18.405s][debug][gc,phases      ] GC(35)     Dead                           Min: 0, Avg:  0.0, Max: 0, Diff: 0, Sum: 0, Workers: 4
[18.405s][debug][gc,phases      ] GC(35)     Total                          Min: 0, Avg:  0.0, Max: 0, Diff: 0, Sum: 0, Workers: 4
[18.405s][debug][gc,phases      ] GC(35)   StringTable Weak               Min:  0.1, Avg:  0.1, Max:  0.1, Diff:  0.0, Sum:  0.4, Workers: 4
[18.405s][debug][gc,phases      ] GC(35)     Dead                           Min: 0, Avg:  2.8, Max: 7, Diff: 7, Sum: 11, Workers: 4
[18.405s][debug][gc,phases      ] GC(35)     Total                          Min: 8742, Avg: 10681.5, Max: 11584, Diff: 2842, Sum: 42726, Workers: 4
[18.405s][debug][gc,phases      ] GC(35)   ResolvedMethodTable Weak       Min:  0.0, Avg:  0.0, Max:  0.0, Diff:  0.0, Sum:  0.1, Workers: 4
[18.405s][debug][gc,phases      ] GC(35)     Dead                           Min: 0, Avg:  0.0, Max: 0, Diff: 0, Sum: 0, Workers: 4
[18.405s][debug][gc,phases      ] GC(35)     Total                          Min: 1536, Avg: 1774.5, Max: 1920, Diff: 384, Sum: 7098, Workers: 4
[18.405s][debug][gc,phases      ] GC(35)   JNI Weak                       Min:  0.0, Avg:  0.0, Max:  0.0, Diff:  0.0, Sum:  0.0, Workers: 4
[18.405s][debug][gc,phases      ] GC(35)     Dead                           Min: 0, Avg:  0.0, Max: 0, Diff: 0, Sum: 0, Workers: 4
[18.405s][debug][gc,phases      ] GC(35)     Total                          Min: 0, Avg:  0.0, Max: 0, Diff: 0, Sum: 0, Workers: 4
[18.405s][debug][gc,phases      ] GC(35)   StringDedup Table Weak         Min:  0.0, Avg:  0.0, Max:  0.0, Diff:  0.0, Sum:  0.0, Workers: 4
[18.405s][debug][gc,phases      ] GC(35)     Dead                           Min: 0, Avg:  0.0, Max: 0, Diff: 0, Sum: 0, Workers: 4
[18.405s][debug][gc,phases      ] GC(35)     Total                          Min: 0, Avg:  0.0, Max: 0, Diff: 0, Sum: 0, Workers: 4
[18.405s][debug][gc,phases      ] GC(35)   StringDedup Requests0 Weak     Min:  0.0, Avg:  0.0, Max:  0.0, Diff:  0.0, Sum:  0.0, Workers: 4
[18.405s][debug][gc,phases      ] GC(35)     Dead                           Min: 0, Avg:  0.0, Max: 0, Diff: 0, Sum: 0, Workers: 4
[18.405s][debug][gc,phases      ] GC(35)     Total                          Min: 0, Avg:  0.0, Max: 0, Diff: 0, Sum: 0, Workers: 4
[18.405s][debug][gc,phases      ] GC(35)   StringDedup Requests1 Weak     Min:  0.0, Avg:  0.0, Max:  0.0, Diff:  0.0, Sum:  0.0, Workers: 4
[18.405s][debug][gc,phases      ] GC(35)     Dead                           Min: 0, Avg:  0.0, Max: 0, Diff: 0, Sum: 0, Workers: 4
[18.405s][debug][gc,phases      ] GC(35)     Total                          Min: 0, Avg:  0.0, Max: 0, Diff: 0, Sum: 0, Workers: 4
[18.405s][debug][gc,phases      ] GC(35)   Weak JFR Old Object Samples    Min:  0.0, Avg:  0.0, Max:  0.0, Diff:  0.0, Sum:  0.0, Workers: 4
[18.405s][debug][gc,phases      ] GC(35)     Dead                           Min: 0, Avg:  0.0, Max: 0, Diff: 0, Sum: 0, Workers: 4
[18.405s][debug][gc,phases      ] GC(35)     Total                          Min: 0, Avg:  0.0, Max: 0, Diff: 0, Sum: 0, Workers: 4
[18.405s][debug][gc,phases      ] GC(35) Weak Processing 0.334ms
[18.405s][debug][gc,age         ] GC(35) Desired survivor size 408420352 bytes, new threshold 15 (max threshold 15)
[18.405s][info ][gc,heap        ] GC(35) PSYoungGen: 1530542K(1688576K)->247726K(1698304K) Eden: 1282048K(1282048K)->0K(1294848K) From: 248494K(406528K)->247726K(403456K)
[18.405s][info ][gc,heap        ] GC(35) ParOldGen: 277594K(377344K)->277602K(377344K)
[18.405s][info ][gc,metaspace   ] GC(35) Metaspace: 67955K(68800K)->67955K(68800K) NonClass: 58023K(58496K)->58023K(58496K) Class: 9932K(10304K)->9932K(10304K)
[18.405s][info ][gc             ] GC(35) Pause Young (Allocation Failure) 1765M->513M(2027M) 107.187ms
[18.405s][info ][gc,cpu         ] GC(35) User=0.43s Sys=0.00s Real=0.10s
[18.405s][info ][safepoint      ] Safepoint "ParallelGCFailedAllocation", Time since last: 269832065 ns, Reaching safepoint: 327307 ns, At safepoint: 107302492 ns, Total: 107629799 ns
[18.640s][info ][safepoint      ] Safepoint "ICBufferFull", Time since last: 234521610 ns, Reaching safepoint: 221905 ns, At safepoint: 24500 ns, Total: 246405 ns
[18.669s][info ][safepoint      ] Safepoint "ICBufferFull", Time since last: 29298826 ns, Reaching safepoint: 130003 ns, At safepoint: 26001 ns, Total: 156004 ns
[18.681s][info ][safepoint      ] Safepoint "ICBufferFull", Time since last: 11882854 ns, Reaching safepoint: 139902 ns, At safepoint: 28801 ns, Total: 168703 ns
[18.683s][info ][safepoint      ] Safepoint "ICBufferFull", Time since last: 1205426 ns, Reaching safepoint: 116002 ns, At safepoint: 35601 ns, Total: 151603 ns
[18.684s][info ][safepoint      ] Safepoint "ICBufferFull", Time since last: 1158325 ns, Reaching safepoint: 110102 ns, At safepoint: 22601 ns, Total: 132703 ns
[18.685s][info ][safepoint      ] Safepoint "ICBufferFull", Time since last: 1073923 ns, Reaching safepoint: 110802 ns, At safepoint: 22400 ns, Total: 133202 ns
[18.686s][info ][safepoint      ] Safepoint "ICBufferFull", Time since last: 1084924 ns, Reaching safepoint: 106302 ns, At safepoint: 23000 ns, Total: 129302 ns
[18.687s][info ][safepoint      ] Safepoint "ICBufferFull", Time since last: 1045723 ns, Reaching safepoint: 112402 ns, At safepoint: 23901 ns, Total: 136303 ns
[18.689s][info ][safepoint      ] Safepoint "ICBufferFull", Time since last: 1057322 ns, Reaching safepoint: 107503 ns, At safepoint: 21400 ns, Total: 128903 ns
[18.690s][info ][safepoint      ] Safepoint "ICBufferFull", Time since last: 1065423 ns, Reaching safepoint: 108902 ns, At safepoint: 20601 ns, Total: 129503 ns
[18.691s][info ][safepoint      ] Safepoint "ICBufferFull", Time since last: 1068422 ns, Reaching safepoint: 113803 ns, At safepoint: 23900 ns, Total: 137703 ns
[18.692s][info ][gc,start       ] GC(36) Pause Young (Allocation Failure)
[18.798s][debug][gc,phases      ] GC(36) Scavenge 105.706ms
[18.798s][debug][gc,ref         ] GC(36) Skipped phase 1 of Reference Processing: no references
[18.798s][debug][gc,ref         ] GC(36) ReferenceProcessor::execute queues: 1, RefProcThreadModel::Single, marks_oops_alive: false
[18.798s][debug][gc,ref         ] GC(36) Skipped phase 3 of Reference Processing: no references
[18.798s][debug][gc,ref         ] GC(36) ReferenceProcessor::execute queues: 1, RefProcThreadModel::Single, marks_oops_alive: false
[18.798s][debug][gc,phases      ] GC(36) Reference Processing 0.106ms
[18.798s][debug][gc,phases      ] GC(36)   VM Weak                        Min:  0.0, Avg:  0.0, Max:  0.0, Diff:  0.0, Sum:  0.0, Workers: 4
[18.798s][debug][gc,phases      ] GC(36)     Dead                           Min: 0, Avg:  0.0, Max: 0, Diff: 0, Sum: 0, Workers: 4
[18.798s][debug][gc,phases      ] GC(36)     Total                          Min: 0, Avg: 147.5, Max: 590, Diff: 590, Sum: 590, Workers: 4
[18.798s][debug][gc,phases      ] GC(36)   ObjectSynchronizer Weak        Min:  0.0, Avg:  0.0, Max:  0.0, Diff:  0.0, Sum:  0.0, Workers: 4
[18.798s][debug][gc,phases      ] GC(36)     Dead                           Min: 0, Avg:  0.0, Max: 0, Diff: 0, Sum: 0, Workers: 4
[18.798s][debug][gc,phases      ] GC(36)     Total                          Min: 0, Avg: 84.8, Max: 275, Diff: 275, Sum: 339, Workers: 4
[18.798s][debug][gc,phases      ] GC(36)   JVMTI Tag Weak OopStorage      Min:  0.0, Avg:  0.0, Max:  0.0, Diff:  0.0, Sum:  0.0, Workers: 4
[18.798s][debug][gc,phases      ] GC(36)     Dead                           Min: 0, Avg:  0.0, Max: 0, Diff: 0, Sum: 0, Workers: 4
[18.798s][debug][gc,phases      ] GC(36)     Total                          Min: 0, Avg:  0.0, Max: 0, Diff: 0, Sum: 0, Workers: 4
[18.798s][debug][gc,phases      ] GC(36)   StringTable Weak               Min:  0.1, Avg:  0.1, Max:  0.1, Diff:  0.0, Sum:  0.4, Workers: 4
[18.798s][debug][gc,phases      ] GC(36)     Dead                           Min: 0, Avg:  0.0, Max: 0, Diff: 0, Sum: 0, Workers: 4
[18.798s][debug][gc,phases      ] GC(36)     Total                          Min: 8128, Avg: 10687.0, Max: 12288, Diff: 4160, Sum: 42748, Workers: 4
[18.798s][debug][gc,phases      ] GC(36)   ResolvedMethodTable Weak       Min:  0.0, Avg:  0.0, Max:  0.0, Diff:  0.0, Sum:  0.1, Workers: 4
[18.798s][debug][gc,phases      ] GC(36)     Dead                           Min: 0, Avg:  0.0, Max: 0, Diff: 0, Sum: 0, Workers: 4
[18.798s][debug][gc,phases      ] GC(36)     Total                          Min: 1408, Avg: 1774.5, Max: 2047, Diff: 639, Sum: 7098, Workers: 4
[18.798s][debug][gc,phases      ] GC(36)   JNI Weak                       Min:  0.0, Avg:  0.0, Max:  0.0, Diff:  0.0, Sum:  0.0, Workers: 4
[18.798s][debug][gc,phases      ] GC(36)     Dead                           Min: 0, Avg:  0.0, Max: 0, Diff: 0, Sum: 0, Workers: 4
[18.798s][debug][gc,phases      ] GC(36)     Total                          Min: 0, Avg:  1.8, Max: 7, Diff: 7, Sum: 7, Workers: 4
[18.798s][debug][gc,phases      ] GC(36)   StringDedup Table Weak         Min:  0.0, Avg:  0.0, Max:  0.0, Diff:  0.0, Sum:  0.0, Workers: 4
[18.798s][debug][gc,phases      ] GC(36)     Dead                           Min: 0, Avg:  0.0, Max: 0, Diff: 0, Sum: 0, Workers: 4
[18.798s][debug][gc,phases      ] GC(36)     Total                          Min: 0, Avg:  0.0, Max: 0, Diff: 0, Sum: 0, Workers: 4
[18.798s][debug][gc,phases      ] GC(36)   StringDedup Requests0 Weak     Min:  0.0, Avg:  0.0, Max:  0.0, Diff:  0.0, Sum:  0.0, Workers: 4
[18.798s][debug][gc,phases      ] GC(36)     Dead                           Min: 0, Avg:  0.0, Max: 0, Diff: 0, Sum: 0, Workers: 4
[18.798s][debug][gc,phases      ] GC(36)     Total                          Min: 0, Avg:  0.0, Max: 0, Diff: 0, Sum: 0, Workers: 4
[18.798s][debug][gc,phases      ] GC(36)   StringDedup Requests1 Weak     Min:  0.0, Avg:  0.0, Max:  0.0, Diff:  0.0, Sum:  0.0, Workers: 4
[18.798s][debug][gc,phases      ] GC(36)     Dead                           Min: 0, Avg:  0.0, Max: 0, Diff: 0, Sum: 0, Workers: 4
[18.798s][debug][gc,phases      ] GC(36)     Total                          Min: 0, Avg:  0.0, Max: 0, Diff: 0, Sum: 0, Workers: 4
[18.798s][debug][gc,phases      ] GC(36)   Weak JFR Old Object Samples    Min:  0.0, Avg:  0.0, Max:  0.0, Diff:  0.0, Sum:  0.0, Workers: 4
[18.798s][debug][gc,phases      ] GC(36)     Dead                           Min: 0, Avg:  0.0, Max: 0, Diff: 0, Sum: 0, Workers: 4
[18.798s][debug][gc,phases      ] GC(36)     Total                          Min: 0, Avg:  0.0, Max: 0, Diff: 0, Sum: 0, Workers: 4
[18.798s][debug][gc,phases      ] GC(36) Weak Processing 0.310ms
[18.798s][debug][gc,age         ] GC(36) Desired survivor size 403177472 bytes, new threshold 15 (max threshold 15)
[18.798s][info ][gc,heap        ] GC(36) PSYoungGen: 1542574K(1698304K)->247502K(1693696K) Eden: 1294848K(1294848K)->0K(1294848K) From: 247726K(403456K)->247502K(398848K)
[18.798s][info ][gc,heap        ] GC(36) ParOldGen: 277602K(377344K)->277602K(377344K)
[18.798s][info ][gc,metaspace   ] GC(36) Metaspace: 68134K(68928K)->68134K(68928K) NonClass: 58187K(58624K)->58187K(58624K) Class: 9947K(10304K)->9947K(10304K)
[18.798s][info ][gc             ] GC(36) Pause Young (Allocation Failure) 1777M->512M(2022M) 106.267ms
[18.798s][info ][gc,cpu         ] GC(36) User=0.47s Sys=0.00s Real=0.11s
[18.799s][info ][safepoint      ] Safepoint "ParallelGCFailedAllocation", Time since last: 1008822 ns, Reaching safepoint: 152303 ns, At safepoint: 106414273 ns, Total: 106566576 ns
[18.808s][info ][safepoint      ] Safepoint "ICBufferFull", Time since last: 9553605 ns, Reaching safepoint: 129902 ns, At safepoint: 53601 ns, Total: 183503 ns
[19.122s][info ][gc,start       ] GC(37) Pause Young (Allocation Failure)
[19.214s][debug][gc,phases      ] GC(37) Scavenge 91.578ms
[19.214s][debug][gc,ref         ] GC(37) Skipped phase 1 of Reference Processing: no references
[19.214s][debug][gc,ref         ] GC(37) ReferenceProcessor::execute queues: 1, RefProcThreadModel::Single, marks_oops_alive: false
[19.214s][debug][gc,ref         ] GC(37) Skipped phase 3 of Reference Processing: no references
[19.214s][debug][gc,ref         ] GC(37) ReferenceProcessor::execute queues: 1, RefProcThreadModel::Single, marks_oops_alive: false
[19.214s][debug][gc,phases      ] GC(37) Reference Processing 0.112ms
[19.214s][debug][gc,phases      ] GC(37)   VM Weak                        Min:  0.0, Avg:  0.0, Max:  0.0, Diff:  0.0, Sum:  0.0, Workers: 4
[19.214s][debug][gc,phases      ] GC(37)     Dead                           Min: 0, Avg:  0.0, Max: 0, Diff: 0, Sum: 0, Workers: 4
[19.214s][debug][gc,phases      ] GC(37)     Total                          Min: 0, Avg: 147.5, Max: 576, Diff: 576, Sum: 590, Workers: 4
[19.214s][debug][gc,phases      ] GC(37)   ObjectSynchronizer Weak        Min:  0.0, Avg:  0.0, Max:  0.0, Diff:  0.0, Sum:  0.0, Workers: 4
[19.214s][debug][gc,phases      ] GC(37)     Dead                           Min: 0, Avg:  0.0, Max: 0, Diff: 0, Sum: 0, Workers: 4
[19.214s][debug][gc,phases      ] GC(37)     Total                          Min: 0, Avg: 84.8, Max: 147, Diff: 147, Sum: 339, Workers: 4
[19.214s][debug][gc,phases      ] GC(37)   JVMTI Tag Weak OopStorage      Min:  0.0, Avg:  0.0, Max:  0.0, Diff:  0.0, Sum:  0.0, Workers: 4
[19.214s][debug][gc,phases      ] GC(37)     Dead                           Min: 0, Avg:  0.0, Max: 0, Diff: 0, Sum: 0, Workers: 4
[19.214s][debug][gc,phases      ] GC(37)     Total                          Min: 0, Avg:  0.0, Max: 0, Diff: 0, Sum: 0, Workers: 4
[19.214s][debug][gc,phases      ] GC(37)   StringTable Weak               Min:  0.0, Avg:  0.1, Max:  0.1, Diff:  0.1, Sum:  0.4, Workers: 4
[19.214s][debug][gc,phases      ] GC(37)     Dead                           Min: 0, Avg:  2.8, Max: 7, Diff: 7, Sum: 11, Workers: 4
[19.214s][debug][gc,phases      ] GC(37)     Total                          Min: 0, Avg: 10687.2, Max: 14976, Diff: 14976, Sum: 42749, Workers: 4
[19.214s][debug][gc,phases      ] GC(37)   ResolvedMethodTable Weak       Min:  0.0, Avg:  0.0, Max:  0.0, Diff:  0.0, Sum:  0.1, Workers: 4
[19.214s][debug][gc,phases      ] GC(37)     Dead                           Min: 0, Avg:  0.0, Max: 0, Diff: 0, Sum: 0, Workers: 4
[19.214s][debug][gc,phases      ] GC(37)     Total                          Min: 0, Avg: 1774.5, Max: 2368, Diff: 2368, Sum: 7098, Workers: 4
[19.214s][debug][gc,phases      ] GC(37)   JNI Weak                       Min:  0.0, Avg:  0.0, Max:  0.0, Diff:  0.0, Sum:  0.0, Workers: 4
[19.214s][debug][gc,phases      ] GC(37)     Dead                           Min: 0, Avg:  0.0, Max: 0, Diff: 0, Sum: 0, Workers: 4
[19.214s][debug][gc,phases      ] GC(37)     Total                          Min: 0, Avg:  0.8, Max: 3, Diff: 3, Sum: 3, Workers: 4
[19.214s][debug][gc,phases      ] GC(37)   StringDedup Table Weak         Min:  0.0, Avg:  0.0, Max:  0.0, Diff:  0.0, Sum:  0.0, Workers: 4
[19.214s][debug][gc,phases      ] GC(37)     Dead                           Min: 0, Avg:  0.0, Max: 0, Diff: 0, Sum: 0, Workers: 4
[19.214s][debug][gc,phases      ] GC(37)     Total                          Min: 0, Avg:  0.0, Max: 0, Diff: 0, Sum: 0, Workers: 4
[19.214s][debug][gc,phases      ] GC(37)   StringDedup Requests0 Weak     Min:  0.0, Avg:  0.0, Max:  0.0, Diff:  0.0, Sum:  0.0, Workers: 4
[19.214s][debug][gc,phases      ] GC(37)     Dead                           Min: 0, Avg:  0.0, Max: 0, Diff: 0, Sum: 0, Workers: 4
[19.214s][debug][gc,phases      ] GC(37)     Total                          Min: 0, Avg:  0.0, Max: 0, Diff: 0, Sum: 0, Workers: 4
[19.214s][debug][gc,phases      ] GC(37)   StringDedup Requests1 Weak     Min:  0.0, Avg:  0.0, Max:  0.0, Diff:  0.0, Sum:  0.0, Workers: 4
[19.214s][debug][gc,phases      ] GC(37)     Dead                           Min: 0, Avg:  0.0, Max: 0, Diff: 0, Sum: 0, Workers: 4
[19.214s][debug][gc,phases      ] GC(37)     Total                          Min: 0, Avg:  0.0, Max: 0, Diff: 0, Sum: 0, Workers: 4
[19.214s][debug][gc,phases      ] GC(37)   Weak JFR Old Object Samples    Min:  0.0, Avg:  0.0, Max:  0.0, Diff:  0.0, Sum:  0.0, Workers: 4
[19.214s][debug][gc,phases      ] GC(37)     Dead                           Min: 0, Avg:  0.0, Max: 0, Diff: 0, Sum: 0, Workers: 4
[19.214s][debug][gc,phases      ] GC(37)     Total                          Min: 0, Avg:  0.0, Max: 0, Diff: 0, Sum: 0, Workers: 4
[19.214s][debug][gc,phases      ] GC(37) Weak Processing 0.339ms
[19.214s][debug][gc,age         ] GC(37) Desired survivor size 396886016 bytes, new threshold 15 (max threshold 15)
[19.214s][info ][gc,heap        ] GC(37) PSYoungGen: 1542350K(1693696K)->245166K(1709568K) Eden: 1294848K(1294848K)->0K(1315840K) From: 247502K(398848K)->245166K(393728K)
[19.214s][info ][gc,heap        ] GC(37) ParOldGen: 277602K(377344K)->277610K(377344K)
[19.214s][info ][gc,metaspace   ] GC(37) Metaspace: 68149K(68928K)->68149K(68928K) NonClass: 58202K(58624K)->58202K(58624K) Class: 9947K(10304K)->9947K(10304K)
[19.215s][info ][gc             ] GC(37) Pause Young (Allocation Failure) 1777M->510M(2038M) 92.175ms
[19.215s][info ][gc,cpu         ] GC(37) User=0.37s Sys=0.00s Real=0.09s
[19.215s][info ][safepoint      ] Safepoint "ParallelGCFailedAllocation", Time since last: 313799404 ns, Reaching safepoint: 185304 ns, At safepoint: 92290972 ns, Total: 92476276 ns
[19.329s][info ][safepoint      ] Safepoint "ICBufferFull", Time since last: 114502946 ns, Reaching safepoint: 153003 ns, At safepoint: 31101 ns, Total: 184104 ns
[19.344s][info ][safepoint      ] Safepoint "ICBufferFull", Time since last: 14856017 ns, Reaching safepoint: 140103 ns, At safepoint: 40801 ns, Total: 180904 ns
[19.478s][info ][gc,start       ] GC(38) Pause Young (Allocation Failure)
[19.575s][debug][gc,phases      ] GC(38) Scavenge 96.668ms
[19.575s][debug][gc,ref         ] GC(38) Skipped phase 1 of Reference Processing: no references
[19.575s][debug][gc,ref         ] GC(38) ReferenceProcessor::execute queues: 1, RefProcThreadModel::Single, marks_oops_alive: false
[19.575s][debug][gc,ref         ] GC(38) Skipped phase 3 of Reference Processing: no references
[19.575s][debug][gc,ref         ] GC(38) ReferenceProcessor::execute queues: 1, RefProcThreadModel::Single, marks_oops_alive: false
[19.575s][debug][gc,phases      ] GC(38) Reference Processing 0.124ms
[19.575s][debug][gc,phases      ] GC(38)   VM Weak                        Min:  0.0, Avg:  0.0, Max:  0.0, Diff:  0.0, Sum:  0.0, Workers: 4
[19.575s][debug][gc,phases      ] GC(38)     Dead                           Min: 0, Avg:  0.0, Max: 0, Diff: 0, Sum: 0, Workers: 4
[19.575s][debug][gc,phases      ] GC(38)     Total                          Min: 0, Avg: 147.5, Max: 384, Diff: 384, Sum: 590, Workers: 4
[19.575s][debug][gc,phases      ] GC(38)   ObjectSynchronizer Weak        Min:  0.0, Avg:  0.0, Max:  0.0, Diff:  0.0, Sum:  0.0, Workers: 4
[19.575s][debug][gc,phases      ] GC(38)     Dead                           Min: 0, Avg:  0.0, Max: 0, Diff: 0, Sum: 0, Workers: 4
[19.575s][debug][gc,phases      ] GC(38)     Total                          Min: 0, Avg: 84.8, Max: 192, Diff: 192, Sum: 339, Workers: 4
[19.575s][debug][gc,phases      ] GC(38)   JVMTI Tag Weak OopStorage      Min:  0.0, Avg:  0.0, Max:  0.0, Diff:  0.0, Sum:  0.0, Workers: 4
[19.575s][debug][gc,phases      ] GC(38)     Dead                           Min: 0, Avg:  0.0, Max: 0, Diff: 0, Sum: 0, Workers: 4
[19.575s][debug][gc,phases      ] GC(38)     Total                          Min: 0, Avg:  0.0, Max: 0, Diff: 0, Sum: 0, Workers: 4
[19.575s][debug][gc,phases      ] GC(38)   StringTable Weak               Min:  0.1, Avg:  0.1, Max:  0.1, Diff:  0.0, Sum:  0.4, Workers: 4
[19.575s][debug][gc,phases      ] GC(38)     Dead                           Min: 0, Avg:  2.8, Max: 7, Diff: 7, Sum: 11, Workers: 4
[19.575s][debug][gc,phases      ] GC(38)     Total                          Min: 8903, Avg: 10689.8, Max: 12032, Diff: 3129, Sum: 42759, Workers: 4
[19.575s][debug][gc,phases      ] GC(38)   ResolvedMethodTable Weak       Min:  0.0, Avg:  0.0, Max:  0.0, Diff:  0.0, Sum:  0.1, Workers: 4
[19.575s][debug][gc,phases      ] GC(38)     Dead                           Min: 0, Avg:  0.0, Max: 0, Diff: 0, Sum: 0, Workers: 4
[19.575s][debug][gc,phases      ] GC(38)     Total                          Min: 1471, Avg: 1774.5, Max: 1984, Diff: 513, Sum: 7098, Workers: 4
[19.575s][debug][gc,phases      ] GC(38)   JNI Weak                       Min:  0.0, Avg:  0.0, Max:  0.0, Diff:  0.0, Sum:  0.0, Workers: 4
[19.575s][debug][gc,phases      ] GC(38)     Dead                           Min: 0, Avg:  0.0, Max: 0, Diff: 0, Sum: 0, Workers: 4
[19.575s][debug][gc,phases      ] GC(38)     Total                          Min: 0, Avg:  0.2, Max: 1, Diff: 1, Sum: 1, Workers: 4
[19.575s][debug][gc,phases      ] GC(38)   StringDedup Table Weak         Min:  0.0, Avg:  0.0, Max:  0.0, Diff:  0.0, Sum:  0.0, Workers: 4
[19.575s][debug][gc,phases      ] GC(38)     Dead                           Min: 0, Avg:  0.0, Max: 0, Diff: 0, Sum: 0, Workers: 4
[19.575s][debug][gc,phases      ] GC(38)     Total                          Min: 0, Avg:  0.0, Max: 0, Diff: 0, Sum: 0, Workers: 4
[19.575s][debug][gc,phases      ] GC(38)   StringDedup Requests0 Weak     Min:  0.0, Avg:  0.0, Max:  0.0, Diff:  0.0, Sum:  0.0, Workers: 4
[19.575s][debug][gc,phases      ] GC(38)     Dead                           Min: 0, Avg:  0.0, Max: 0, Diff: 0, Sum: 0, Workers: 4
[19.575s][debug][gc,phases      ] GC(38)     Total                          Min: 0, Avg:  0.0, Max: 0, Diff: 0, Sum: 0, Workers: 4
[19.575s][debug][gc,phases      ] GC(38)   StringDedup Requests1 Weak     Min:  0.0, Avg:  0.0, Max:  0.0, Diff:  0.0, Sum:  0.0, Workers: 4
[19.575s][debug][gc,phases      ] GC(38)     Dead                           Min: 0, Avg:  0.0, Max: 0, Diff: 0, Sum: 0, Workers: 4
[19.575s][debug][gc,phases      ] GC(38)     Total                          Min: 0, Avg:  0.0, Max: 0, Diff: 0, Sum: 0, Workers: 4
[19.575s][debug][gc,phases      ] GC(38)   Weak JFR Old Object Samples    Min:  0.0, Avg:  0.0, Max:  0.0, Diff:  0.0, Sum:  0.0, Workers: 4
[19.575s][debug][gc,phases      ] GC(38)     Dead                           Min: 0, Avg:  0.0, Max: 0, Diff: 0, Sum: 0, Workers: 4
[19.575s][debug][gc,phases      ] GC(38)     Total                          Min: 0, Avg:  0.0, Max: 0, Diff: 0, Sum: 0, Workers: 4
[19.575s][debug][gc,phases      ] GC(38) Weak Processing 0.331ms
[19.575s][debug][gc,age         ] GC(38) Desired survivor size 389021696 bytes, new threshold 15 (max threshold 15)
[19.575s][info ][gc,heap        ] GC(38) PSYoungGen: 1561006K(1709568K)->242190K(1703424K) Eden: 1315840K(1315840K)->0K(1315840K) From: 245166K(393728K)->242190K(387584K)
[19.575s][info ][gc,heap        ] GC(38) ParOldGen: 277610K(377344K)->277614K(377344K)
[19.575s][info ][gc,metaspace   ] GC(38) Metaspace: 68182K(68992K)->68182K(68992K) NonClass: 58235K(58688K)->58235K(58688K) Class: 9947K(10304K)->9947K(10304K)
[19.575s][info ][gc             ] GC(38) Pause Young (Allocation Failure) 1795M->507M(2032M) 97.266ms
[19.575s][info ][gc,cpu         ] GC(38) User=0.39s Sys=0.00s Real=0.09s
[19.576s][info ][safepoint      ] Safepoint "ParallelGCFailedAllocation", Time since last: 133660356 ns, Reaching safepoint: 169103 ns, At safepoint: 97385481 ns, Total: 97554584 ns
[19.862s][info ][gc,start       ] GC(39) Pause Young (Allocation Failure)
[19.952s][debug][gc,phases      ] GC(39) Scavenge 89.977ms
[19.952s][debug][gc,ref         ] GC(39) Skipped phase 1 of Reference Processing: no references
[19.952s][debug][gc,ref         ] GC(39) ReferenceProcessor::execute queues: 1, RefProcThreadModel::Single, marks_oops_alive: false
[19.952s][debug][gc,ref         ] GC(39) Skipped phase 3 of Reference Processing: no references
[19.952s][debug][gc,ref         ] GC(39) ReferenceProcessor::execute queues: 1, RefProcThreadModel::Single, marks_oops_alive: false
[19.952s][debug][gc,phases      ] GC(39) Reference Processing 0.141ms
[19.952s][debug][gc,phases      ] GC(39)   VM Weak                        Min:  0.0, Avg:  0.0, Max:  0.0, Diff:  0.0, Sum:  0.0, Workers: 4
[19.952s][debug][gc,phases      ] GC(39)     Dead                           Min: 0, Avg:  0.0, Max: 0, Diff: 0, Sum: 0, Workers: 4
[19.952s][debug][gc,phases      ] GC(39)     Total                          Min: 0, Avg: 147.5, Max: 590, Diff: 590, Sum: 590, Workers: 4
[19.952s][debug][gc,phases      ] GC(39)   ObjectSynchronizer Weak        Min:  0.0, Avg:  0.0, Max:  0.0, Diff:  0.0, Sum:  0.0, Workers: 4
[19.952s][debug][gc,phases      ] GC(39)     Dead                           Min: 0, Avg:  0.0, Max: 0, Diff: 0, Sum: 0, Workers: 4
[19.952s][debug][gc,phases      ] GC(39)     Total                          Min: 0, Avg: 84.8, Max: 192, Diff: 192, Sum: 339, Workers: 4
[19.952s][debug][gc,phases      ] GC(39)   JVMTI Tag Weak OopStorage      Min:  0.0, Avg:  0.0, Max:  0.0, Diff:  0.0, Sum:  0.0, Workers: 4
[19.952s][debug][gc,phases      ] GC(39)     Dead                           Min: 0, Avg:  0.0, Max: 0, Diff: 0, Sum: 0, Workers: 4
[19.952s][debug][gc,phases      ] GC(39)     Total                          Min: 0, Avg:  0.0, Max: 0, Diff: 0, Sum: 0, Workers: 4
[19.952s][debug][gc,phases      ] GC(39)   StringTable Weak               Min:  0.1, Avg:  0.1, Max:  0.1, Diff:  0.0, Sum:  0.4, Workers: 4
[19.952s][debug][gc,phases      ] GC(39)     Dead                           Min: 0, Avg:  2.8, Max: 11, Diff: 11, Sum: 11, Workers: 4
[19.952s][debug][gc,phases      ] GC(39)     Total                          Min: 9935, Avg: 10690.0, Max: 11584, Diff: 1649, Sum: 42760, Workers: 4
[19.952s][debug][gc,phases      ] GC(39)   ResolvedMethodTable Weak       Min:  0.0, Avg:  0.0, Max:  0.0, Diff:  0.0, Sum:  0.1, Workers: 4
[19.952s][debug][gc,phases      ] GC(39)     Dead                           Min: 0, Avg:  0.0, Max: 0, Diff: 0, Sum: 0, Workers: 4
[19.952s][debug][gc,phases      ] GC(39)     Total                          Min: 1600, Avg: 1774.5, Max: 1979, Diff: 379, Sum: 7098, Workers: 4
[19.952s][debug][gc,phases      ] GC(39)   JNI Weak                       Min:  0.0, Avg:  0.0, Max:  0.0, Diff:  0.0, Sum:  0.0, Workers: 4
[19.952s][debug][gc,phases      ] GC(39)     Dead                           Min: 0, Avg:  0.0, Max: 0, Diff: 0, Sum: 0, Workers: 4
[19.952s][debug][gc,phases      ] GC(39)     Total                          Min: 0, Avg:  1.0, Max: 4, Diff: 4, Sum: 4, Workers: 4
[19.952s][debug][gc,phases      ] GC(39)   StringDedup Table Weak         Min:  0.0, Avg:  0.0, Max:  0.0, Diff:  0.0, Sum:  0.0, Workers: 4
[19.952s][debug][gc,phases      ] GC(39)     Dead                           Min: 0, Avg:  0.0, Max: 0, Diff: 0, Sum: 0, Workers: 4
[19.952s][debug][gc,phases      ] GC(39)     Total                          Min: 0, Avg:  0.0, Max: 0, Diff: 0, Sum: 0, Workers: 4
[19.952s][debug][gc,phases      ] GC(39)   StringDedup Requests0 Weak     Min:  0.0, Avg:  0.0, Max:  0.0, Diff:  0.0, Sum:  0.0, Workers: 4
[19.952s][debug][gc,phases      ] GC(39)     Dead                           Min: 0, Avg:  0.0, Max: 0, Diff: 0, Sum: 0, Workers: 4
[19.952s][debug][gc,phases      ] GC(39)     Total                          Min: 0, Avg:  0.0, Max: 0, Diff: 0, Sum: 0, Workers: 4
[19.952s][debug][gc,phases      ] GC(39)   StringDedup Requests1 Weak     Min:  0.0, Avg:  0.0, Max:  0.0, Diff:  0.0, Sum:  0.0, Workers: 4
[19.952s][debug][gc,phases      ] GC(39)     Dead                           Min: 0, Avg:  0.0, Max: 0, Diff: 0, Sum: 0, Workers: 4
[19.952s][debug][gc,phases      ] GC(39)     Total                          Min: 0, Avg:  0.0, Max: 0, Diff: 0, Sum: 0, Workers: 4
[19.952s][debug][gc,phases      ] GC(39)   Weak JFR Old Object Samples    Min:  0.0, Avg:  0.0, Max:  0.0, Diff:  0.0, Sum:  0.0, Workers: 4
[19.952s][debug][gc,phases      ] GC(39)     Dead                           Min: 0, Avg:  0.0, Max: 0, Diff: 0, Sum: 0, Workers: 4
[19.952s][debug][gc,phases      ] GC(39)     Total                          Min: 0, Avg:  0.0, Max: 0, Diff: 0, Sum: 0, Workers: 4
[19.952s][debug][gc,phases      ] GC(39) Weak Processing 0.302ms
[19.952s][debug][gc,age         ] GC(39) Desired survivor size 374341632 bytes, new threshold 15 (max threshold 15)
[19.952s][info ][gc,heap        ] GC(39) PSYoungGen: 1558030K(1703424K)->224894K(1731584K) Eden: 1315840K(1315840K)->0K(1351680K) From: 242190K(387584K)->224894K(379904K)
[19.953s][info ][gc,heap        ] GC(39) ParOldGen: 277614K(377344K)->289278K(377344K)
[19.953s][info ][gc,metaspace   ] GC(39) Metaspace: 68197K(68992K)->68197K(68992K) NonClass: 58250K(58688K)->58250K(58688K) Class: 9947K(10304K)->9947K(10304K)
[19.953s][info ][gc             ] GC(39) Pause Young (Allocation Failure) 1792M->502M(2059M) 90.561ms
[19.953s][info ][gc,cpu         ] GC(39) User=0.37s Sys=0.00s Real=0.09s
[19.953s][info ][safepoint      ] Safepoint "ParallelGCFailedAllocation", Time since last: 286254215 ns, Reaching safepoint: 144403 ns, At safepoint: 90679738 ns, Total: 90824141 ns
[20.191s][info ][safepoint      ] Safepoint "ICBufferFull", Time since last: 237836881 ns, Reaching safepoint: 182204 ns, At safepoint: 27500 ns, Total: 209704 ns
[20.218s][info ][gc,start       ] GC(40) Pause Young (Allocation Failure)
[20.318s][debug][gc,phases      ] GC(40) Scavenge 100.496ms
[20.318s][debug][gc,ref         ] GC(40) Skipped phase 1 of Reference Processing: no references
[20.318s][debug][gc,ref         ] GC(40) ReferenceProcessor::execute queues: 1, RefProcThreadModel::Single, marks_oops_alive: false
[20.318s][debug][gc,ref         ] GC(40) Skipped phase 3 of Reference Processing: no references
[20.318s][debug][gc,ref         ] GC(40) ReferenceProcessor::execute queues: 1, RefProcThreadModel::Single, marks_oops_alive: false
[20.318s][debug][gc,phases      ] GC(40) Reference Processing 0.119ms
[20.319s][debug][gc,phases      ] GC(40)   VM Weak                        Min:  0.0, Avg:  0.0, Max:  0.0, Diff:  0.0, Sum:  0.0, Workers: 4
[20.319s][debug][gc,phases      ] GC(40)     Dead                           Min: 0, Avg:  0.0, Max: 0, Diff: 0, Sum: 0, Workers: 4
[20.319s][debug][gc,phases      ] GC(40)     Total                          Min: 0, Avg: 147.5, Max: 384, Diff: 384, Sum: 590, Workers: 4
[20.319s][debug][gc,phases      ] GC(40)   ObjectSynchronizer Weak        Min:  0.0, Avg:  0.0, Max:  0.0, Diff:  0.0, Sum:  0.0, Workers: 4
[20.319s][debug][gc,phases      ] GC(40)     Dead                           Min: 0, Avg:  0.0, Max: 0, Diff: 0, Sum: 0, Workers: 4
[20.319s][debug][gc,phases      ] GC(40)     Total                          Min: 0, Avg: 84.8, Max: 192, Diff: 192, Sum: 339, Workers: 4
[20.319s][debug][gc,phases      ] GC(40)   JVMTI Tag Weak OopStorage      Min:  0.0, Avg:  0.0, Max:  0.0, Diff:  0.0, Sum:  0.0, Workers: 4
[20.319s][debug][gc,phases      ] GC(40)     Dead                           Min: 0, Avg:  0.0, Max: 0, Diff: 0, Sum: 0, Workers: 4
[20.319s][debug][gc,phases      ] GC(40)     Total                          Min: 0, Avg:  0.0, Max: 0, Diff: 0, Sum: 0, Workers: 4
[20.319s][debug][gc,phases      ] GC(40)   StringTable Weak               Min:  0.1, Avg:  0.1, Max:  0.1, Diff:  0.0, Sum:  0.4, Workers: 4
[20.319s][debug][gc,phases      ] GC(40)     Dead                           Min: 0, Avg:  0.5, Max: 2, Diff: 2, Sum: 2, Workers: 4
[20.319s][debug][gc,phases      ] GC(40)     Total                          Min: 10432, Avg: 10698.0, Max: 11135, Diff: 703, Sum: 42792, Workers: 4
[20.319s][debug][gc,phases      ] GC(40)   ResolvedMethodTable Weak       Min:  0.0, Avg:  0.0, Max:  0.0, Diff:  0.0, Sum:  0.1, Workers: 4
[20.319s][debug][gc,phases      ] GC(40)     Dead                           Min: 0, Avg:  0.0, Max: 0, Diff: 0, Sum: 0, Workers: 4
[20.319s][debug][gc,phases      ] GC(40)     Total                          Min: 1600, Avg: 1782.8, Max: 1920, Diff: 320, Sum: 7131, Workers: 4
[20.319s][debug][gc,phases      ] GC(40)   JNI Weak                       Min:  0.0, Avg:  0.0, Max:  0.0, Diff:  0.0, Sum:  0.0, Workers: 4
[20.319s][debug][gc,phases      ] GC(40)     Dead                           Min: 0, Avg:  0.0, Max: 0, Diff: 0, Sum: 0, Workers: 4
[20.319s][debug][gc,phases      ] GC(40)     Total                          Min: 0, Avg:  0.0, Max: 0, Diff: 0, Sum: 0, Workers: 4
[20.319s][debug][gc,phases      ] GC(40)   StringDedup Table Weak         Min:  0.0, Avg:  0.0, Max:  0.0, Diff:  0.0, Sum:  0.0, Workers: 4
[20.319s][debug][gc,phases      ] GC(40)     Dead                           Min: 0, Avg:  0.0, Max: 0, Diff: 0, Sum: 0, Workers: 4
[20.319s][debug][gc,phases      ] GC(40)     Total                          Min: 0, Avg:  0.0, Max: 0, Diff: 0, Sum: 0, Workers: 4
[20.319s][debug][gc,phases      ] GC(40)   StringDedup Requests0 Weak     Min:  0.0, Avg:  0.0, Max:  0.0, Diff:  0.0, Sum:  0.0, Workers: 4
[20.319s][debug][gc,phases      ] GC(40)     Dead                           Min: 0, Avg:  0.0, Max: 0, Diff: 0, Sum: 0, Workers: 4
[20.319s][debug][gc,phases      ] GC(40)     Total                          Min: 0, Avg:  0.0, Max: 0, Diff: 0, Sum: 0, Workers: 4
[20.319s][debug][gc,phases      ] GC(40)   StringDedup Requests1 Weak     Min:  0.0, Avg:  0.0, Max:  0.0, Diff:  0.0, Sum:  0.0, Workers: 4
[20.319s][debug][gc,phases      ] GC(40)     Dead                           Min: 0, Avg:  0.0, Max: 0, Diff: 0, Sum: 0, Workers: 4
[20.319s][debug][gc,phases      ] GC(40)     Total                          Min: 0, Avg:  0.0, Max: 0, Diff: 0, Sum: 0, Workers: 4
[20.319s][debug][gc,phases      ] GC(40)   Weak JFR Old Object Samples    Min:  0.0, Avg:  0.0, Max:  0.0, Diff:  0.0, Sum:  0.0, Workers: 4
[20.319s][debug][gc,phases      ] GC(40)     Dead                           Min: 0, Avg:  0.0, Max: 0, Diff: 0, Sum: 0, Workers: 4
[20.319s][debug][gc,phases      ] GC(40)     Total                          Min: 0, Avg:  0.0, Max: 0, Diff: 0, Sum: 0, Workers: 4
[20.319s][debug][gc,phases      ] GC(40) Weak Processing 0.302ms
[20.319s][debug][gc,age         ] GC(40) Desired survivor size 364904448 bytes, new threshold 15 (max threshold 15)
[20.319s][info ][gc,heap        ] GC(40) PSYoungGen: 1576574K(1731584K)->189214K(1717248K) Eden: 1351680K(1351680K)->0K(1351680K) From: 224894K(379904K)->189214K(365568K)
[20.319s][info ][gc,heap        ] GC(40) ParOldGen: 289278K(377344K)->326430K(377344K)
[20.319s][info ][gc,metaspace   ] GC(40) Metaspace: 68302K(69056K)->68302K(69056K) NonClass: 58337K(58752K)->58337K(58752K) Class: 9964K(10304K)->9964K(10304K)
[20.319s][info ][gc             ] GC(40) Pause Young (Allocation Failure) 1822M->503M(2045M) 101.066ms
[20.319s][info ][gc,cpu         ] GC(40) User=0.39s Sys=0.02s Real=0.10s
[20.319s][info ][safepoint      ] Safepoint "ParallelGCFailedAllocation", Time since last: 26892075 ns, Reaching safepoint: 199804 ns, At safepoint: 101302864 ns, Total: 101502668 ns
[20.442s][info ][safepoint      ] Safepoint "ICBufferFull", Time since last: 122435016 ns, Reaching safepoint: 136103 ns, At safepoint: 29300 ns, Total: 165403 ns
[20.483s][info ][safepoint      ] Safepoint "ICBufferFull", Time since last: 40774171 ns, Reaching safepoint: 158104 ns, At safepoint: 48701 ns, Total: 206805 ns
[20.589s][info ][safepoint      ] Safepoint "ICBufferFull", Time since last: 105960764 ns, Reaching safepoint: 217404 ns, At safepoint: 21401 ns, Total: 238805 ns
[20.648s][info ][gc,start       ] GC(41) Pause Young (Allocation Failure)
[20.761s][debug][gc,phases      ] GC(41) Scavenge 112.133ms
[20.761s][debug][gc,ref         ] GC(41) Skipped phase 1 of Reference Processing: no references
[20.761s][debug][gc,ref         ] GC(41) ReferenceProcessor::execute queues: 1, RefProcThreadModel::Single, marks_oops_alive: false
[20.761s][debug][gc,ref         ] GC(41) Skipped phase 3 of Reference Processing: no references
[20.761s][debug][gc,ref         ] GC(41) ReferenceProcessor::execute queues: 1, RefProcThreadModel::Single, marks_oops_alive: false
[20.761s][debug][gc,phases      ] GC(41) Reference Processing 0.110ms
[20.761s][debug][gc,phases      ] GC(41)   VM Weak                        Min:  0.0, Avg:  0.0, Max:  0.0, Diff:  0.0, Sum:  0.0, Workers: 4
[20.761s][debug][gc,phases      ] GC(41)     Dead                           Min: 0, Avg:  0.0, Max: 0, Diff: 0, Sum: 0, Workers: 4
[20.761s][debug][gc,phases      ] GC(41)     Total                          Min: 0, Avg: 147.5, Max: 590, Diff: 590, Sum: 590, Workers: 4
[20.761s][debug][gc,phases      ] GC(41)   ObjectSynchronizer Weak        Min:  0.0, Avg:  0.0, Max:  0.0, Diff:  0.0, Sum:  0.0, Workers: 4
[20.761s][debug][gc,phases      ] GC(41)     Dead                           Min: 0, Avg:  0.0, Max: 0, Diff: 0, Sum: 0, Workers: 4
[20.761s][debug][gc,phases      ] GC(41)     Total                          Min: 0, Avg: 84.8, Max: 192, Diff: 192, Sum: 339, Workers: 4
[20.761s][debug][gc,phases      ] GC(41)   JVMTI Tag Weak OopStorage      Min:  0.0, Avg:  0.0, Max:  0.0, Diff:  0.0, Sum:  0.0, Workers: 4
[20.761s][debug][gc,phases      ] GC(41)     Dead                           Min: 0, Avg:  0.0, Max: 0, Diff: 0, Sum: 0, Workers: 4
[20.761s][debug][gc,phases      ] GC(41)     Total                          Min: 0, Avg:  0.0, Max: 0, Diff: 0, Sum: 0, Workers: 4
[20.761s][debug][gc,phases      ] GC(41)   StringTable Weak               Min:  0.1, Avg:  0.1, Max:  0.1, Diff:  0.0, Sum:  0.4, Workers: 4
[20.761s][debug][gc,phases      ] GC(41)     Dead                           Min: 0, Avg:  2.8, Max: 11, Diff: 11, Sum: 11, Workers: 4
[20.761s][debug][gc,phases      ] GC(41)     Total                          Min: 7473, Avg: 10700.2, Max: 12288, Diff: 4815, Sum: 42801, Workers: 4
[20.761s][debug][gc,phases      ] GC(41)   ResolvedMethodTable Weak       Min:  0.0, Avg:  0.0, Max:  0.0, Diff:  0.0, Sum:  0.1, Workers: 4
[20.761s][debug][gc,phases      ] GC(41)     Dead                           Min: 0, Avg:  0.0, Max: 0, Diff: 0, Sum: 0, Workers: 4
[20.761s][debug][gc,phases      ] GC(41)     Total                          Min: 1344, Avg: 1782.8, Max: 2112, Diff: 768, Sum: 7131, Workers: 4
[20.761s][debug][gc,phases      ] GC(41)   JNI Weak                       Min:  0.0, Avg:  0.0, Max:  0.0, Diff:  0.0, Sum:  0.0, Workers: 4
[20.761s][debug][gc,phases      ] GC(41)     Dead                           Min: 0, Avg:  0.0, Max: 0, Diff: 0, Sum: 0, Workers: 4
[20.761s][debug][gc,phases      ] GC(41)     Total                          Min: 0, Avg:  1.2, Max: 5, Diff: 5, Sum: 5, Workers: 4
[20.761s][debug][gc,phases      ] GC(41)   StringDedup Table Weak         Min:  0.0, Avg:  0.0, Max:  0.0, Diff:  0.0, Sum:  0.0, Workers: 4
[20.761s][debug][gc,phases      ] GC(41)     Dead                           Min: 0, Avg:  0.0, Max: 0, Diff: 0, Sum: 0, Workers: 4
[20.761s][debug][gc,phases      ] GC(41)     Total                          Min: 0, Avg:  0.0, Max: 0, Diff: 0, Sum: 0, Workers: 4
[20.761s][debug][gc,phases      ] GC(41)   StringDedup Requests0 Weak     Min:  0.0, Avg:  0.0, Max:  0.0, Diff:  0.0, Sum:  0.0, Workers: 4
[20.761s][debug][gc,phases      ] GC(41)     Dead                           Min: 0, Avg:  0.0, Max: 0, Diff: 0, Sum: 0, Workers: 4
[20.761s][debug][gc,phases      ] GC(41)     Total                          Min: 0, Avg:  0.0, Max: 0, Diff: 0, Sum: 0, Workers: 4
[20.761s][debug][gc,phases      ] GC(41)   StringDedup Requests1 Weak     Min:  0.0, Avg:  0.0, Max:  0.0, Diff:  0.0, Sum:  0.0, Workers: 4
[20.761s][debug][gc,phases      ] GC(41)     Dead                           Min: 0, Avg:  0.0, Max: 0, Diff: 0, Sum: 0, Workers: 4
[20.761s][debug][gc,phases      ] GC(41)     Total                          Min: 0, Avg:  0.0, Max: 0, Diff: 0, Sum: 0, Workers: 4
[20.761s][debug][gc,phases      ] GC(41)   Weak JFR Old Object Samples    Min:  0.0, Avg:  0.0, Max:  0.0, Diff:  0.0, Sum:  0.0, Workers: 4
[20.761s][debug][gc,phases      ] GC(41)     Dead                           Min: 0, Avg:  0.0, Max: 0, Diff: 0, Sum: 0, Workers: 4
[20.761s][debug][gc,phases      ] GC(41)     Total                          Min: 0, Avg:  0.0, Max: 0, Diff: 0, Sum: 0, Workers: 4
[20.761s][debug][gc,phases      ] GC(41) Weak Processing 0.314ms
[20.761s][debug][gc,age         ] GC(41) Desired survivor size 377487360 bytes, new threshold 15 (max threshold 15)
[20.761s][info ][gc,heap        ] GC(41) PSYoungGen: 1540894K(1717248K)->64462K(1716224K) Eden: 1351680K(1351680K)->0K(1359872K) From: 189214K(365568K)->64462K(356352K)
[20.761s][info ][gc,heap        ] GC(41) ParOldGen: 326430K(377344K)->453270K(453632K)
[20.761s][info ][gc,metaspace   ] GC(41) Metaspace: 68309K(69056K)->68309K(69056K) NonClass: 58345K(58752K)->58345K(58752K) Class: 9964K(10304K)->9964K(10304K)
[20.761s][info ][gc             ] GC(41) Pause Young (Allocation Failure) 1823M->505M(2119M) 112.692ms
[20.761s][info ][gc,cpu         ] GC(41) User=0.41s Sys=0.04s Real=0.11s
[20.761s][debug][gc,phases      ] GC(42) Pre Compact 0.008ms
[20.761s][info ][gc,start       ] GC(42) Pause Full (Ergonomics)
[20.761s][info ][gc,phases,start] GC(42) Marking Phase
[20.933s][debug][gc,phases      ] GC(42) Par Mark 171.456ms
[20.933s][debug][gc,ref         ] GC(42) Skipped phase 1 of Reference Processing: no references
[20.933s][debug][gc,ref         ] GC(42) ReferenceProcessor::execute queues: 4, RefProcThreadModel::Multi, marks_oops_alive: false
[20.933s][debug][gc,ref         ] GC(42) Skipped phase 3 of Reference Processing: no references
[20.933s][debug][gc,ref         ] GC(42) ReferenceProcessor::execute queues: 1, RefProcThreadModel::Single, marks_oops_alive: false
[20.933s][debug][gc,phases      ] GC(42) Reference Processing 0.510ms
[20.933s][debug][gc,phases      ] GC(42)   VM Weak                        Min:  0.0, Avg:  0.0, Max:  0.0, Diff:  0.0, Sum:  0.0, Workers: 4
[20.933s][debug][gc,phases      ] GC(42)     Dead                           Min: 0, Avg:  0.0, Max: 0, Diff: 0, Sum: 0, Workers: 4
[20.933s][debug][gc,phases      ] GC(42)     Total                          Min: 0, Avg: 147.5, Max: 334, Diff: 334, Sum: 590, Workers: 4
[20.933s][debug][gc,phases      ] GC(42)   ObjectSynchronizer Weak        Min:  0.0, Avg:  0.0, Max:  0.0, Diff:  0.0, Sum:  0.0, Workers: 4
[20.933s][debug][gc,phases      ] GC(42)     Dead                           Min: 0, Avg:  1.0, Max: 2, Diff: 2, Sum: 4, Workers: 4
[20.933s][debug][gc,phases      ] GC(42)     Total                          Min: 0, Avg: 84.8, Max: 128, Diff: 128, Sum: 339, Workers: 4
[20.933s][debug][gc,phases      ] GC(42)   JVMTI Tag Weak OopStorage      Min:  0.0, Avg:  0.0, Max:  0.0, Diff:  0.0, Sum:  0.0, Workers: 4
[20.933s][debug][gc,phases      ] GC(42)     Dead                           Min: 0, Avg:  0.0, Max: 0, Diff: 0, Sum: 0, Workers: 4
[20.933s][debug][gc,phases      ] GC(42)     Total                          Min: 0, Avg:  0.0, Max: 0, Diff: 0, Sum: 0, Workers: 4
[20.933s][debug][gc,phases      ] GC(42)   StringTable Weak               Min:  0.1, Avg:  0.1, Max:  0.1, Diff:  0.0, Sum:  0.5, Workers: 4
[20.933s][debug][gc,phases      ] GC(42)     Dead                           Min: 0, Avg:  0.0, Max: 0, Diff: 0, Sum: 0, Workers: 4
[20.933s][debug][gc,phases      ] GC(42)     Total                          Min: 9344, Avg: 10700.2, Max: 12145, Diff: 2801, Sum: 42801, Workers: 4
[20.933s][debug][gc,phases      ] GC(42)   ResolvedMethodTable Weak       Min:  0.0, Avg:  0.0, Max:  0.0, Diff:  0.0, Sum:  0.1, Workers: 4
[20.933s][debug][gc,phases      ] GC(42)     Dead                           Min: 0, Avg:  0.0, Max: 0, Diff: 0, Sum: 0, Workers: 4
[20.933s][debug][gc,phases      ] GC(42)     Total                          Min: 1600, Avg: 1782.8, Max: 1920, Diff: 320, Sum: 7131, Workers: 4
[20.933s][debug][gc,phases      ] GC(42)   JNI Weak                       Min:  0.0, Avg:  0.0, Max:  0.0, Diff:  0.0, Sum:  0.0, Workers: 4
[20.933s][debug][gc,phases      ] GC(42)     Dead                           Min: 0, Avg:  0.0, Max: 0, Diff: 0, Sum: 0, Workers: 4
[20.933s][debug][gc,phases      ] GC(42)     Total                          Min: 0, Avg:  1.2, Max: 5, Diff: 5, Sum: 5, Workers: 4
[20.933s][debug][gc,phases      ] GC(42)   StringDedup Table Weak         Min:  0.0, Avg:  0.0, Max:  0.0, Diff:  0.0, Sum:  0.0, Workers: 4
[20.933s][debug][gc,phases      ] GC(42)     Dead                           Min: 0, Avg:  0.0, Max: 0, Diff: 0, Sum: 0, Workers: 4
[20.933s][debug][gc,phases      ] GC(42)     Total                          Min: 0, Avg:  0.0, Max: 0, Diff: 0, Sum: 0, Workers: 4
[20.933s][debug][gc,phases      ] GC(42)   StringDedup Requests0 Weak     Min:  0.0, Avg:  0.0, Max:  0.0, Diff:  0.0, Sum:  0.0, Workers: 4
[20.933s][debug][gc,phases      ] GC(42)     Dead                           Min: 0, Avg:  0.0, Max: 0, Diff: 0, Sum: 0, Workers: 4
[20.934s][debug][gc,phases      ] GC(42)     Total                          Min: 0, Avg:  0.0, Max: 0, Diff: 0, Sum: 0, Workers: 4
[20.934s][debug][gc,phases      ] GC(42)   StringDedup Requests1 Weak     Min:  0.0, Avg:  0.0, Max:  0.0, Diff:  0.0, Sum:  0.0, Workers: 4
[20.934s][debug][gc,phases      ] GC(42)     Dead                           Min: 0, Avg:  0.0, Max: 0, Diff: 0, Sum: 0, Workers: 4
[20.934s][debug][gc,phases      ] GC(42)     Total                          Min: 0, Avg:  0.0, Max: 0, Diff: 0, Sum: 0, Workers: 4
[20.934s][debug][gc,phases      ] GC(42)   Weak JFR Old Object Samples    Min:  0.0, Avg:  0.0, Max:  0.0, Diff:  0.0, Sum:  0.0, Workers: 4
[20.934s][debug][gc,phases      ] GC(42)     Dead                           Min: 0, Avg:  0.0, Max: 0, Diff: 0, Sum: 0, Workers: 4
[20.934s][debug][gc,phases      ] GC(42)     Total                          Min: 0, Avg:  0.0, Max: 0, Diff: 0, Sum: 0, Workers: 4
[20.934s][debug][gc,phases      ] GC(42) Weak Processing 0.346ms
[20.934s][debug][gc,phases      ] GC(42) ClassLoaderData 0.085ms
[20.934s][debug][gc,phases      ] GC(42) Trigger cleanups 0.000ms
[20.943s][debug][gc,phases      ] GC(42) Class Unloading 9.309ms
[20.943s][info ][gc,phases      ] GC(42) Marking Phase 181.743ms
[20.943s][info ][gc,phases,start] GC(42) Summary Phase
[20.943s][info ][gc,phases      ] GC(42) Summary Phase 0.011ms
[20.943s][info ][gc,phases,start] GC(42) Adjust Roots
[20.952s][info ][gc,phases      ] GC(42) Adjust Roots 8.641ms
[20.952s][info ][gc,phases,start] GC(42) Compaction Phase
[21.377s][info ][gc,phases      ] GC(42) Compaction Phase 424.948ms
[21.377s][info ][gc,phases,start] GC(42) Post Compact
[21.378s][info ][gc,phases      ] GC(42) Post Compact 1.711ms
[21.379s][info ][gc,heap        ] GC(42) PSYoungGen: 64462K(1716224K)->52228K(1716224K) Eden: 0K(1359872K)->0K(1359872K) From: 64462K(356352K)->52228K(356352K)
[21.379s][info ][gc,heap        ] GC(42) ParOldGen: 453270K(453632K)->453185K(590336K)
[21.379s][info ][gc,metaspace   ] GC(42) Metaspace: 68309K(69056K)->68309K(69056K) NonClass: 58345K(58752K)->58345K(58752K) Class: 9964K(10304K)->9964K(10304K)
[21.379s][info ][gc             ] GC(42) Pause Full (Ergonomics) 505M->493M(2252M) 617.417ms
[21.379s][info ][gc,cpu         ] GC(42) User=2.40s Sys=0.00s Real=0.62s
[21.394s][info ][safepoint      ] Safepoint "ParallelGCFailedAllocation", Time since last: 59389668 ns, Reaching safepoint: 144404 ns, At safepoint: 745665730 ns, Total: 745810134 ns
[21.604s][info ][safepoint      ] Safepoint "ICBufferFull", Time since last: 209975086 ns, Reaching safepoint: 167903 ns, At safepoint: 34701 ns, Total: 202604 ns
[21.611s][info ][safepoint      ] Safepoint "ICBufferFull", Time since last: 7130752 ns, Reaching safepoint: 114303 ns, At safepoint: 23400 ns, Total: 137703 ns
[21.617s][info ][safepoint      ] Safepoint "ICBufferFull", Time since last: 5821724 ns, Reaching safepoint: 115703 ns, At safepoint: 28201 ns, Total: 143904 ns
[21.619s][info ][safepoint      ] Safepoint "ICBufferFull", Time since last: 1033622 ns, Reaching safepoint: 112202 ns, At safepoint: 27001 ns, Total: 139203 ns
[21.620s][info ][safepoint      ] Safepoint "ICBufferFull", Time since last: 1232226 ns, Reaching safepoint: 178304 ns, At safepoint: 34000 ns, Total: 212304 ns
[21.628s][info ][gc,start       ] GC(43) Pause Young (Allocation Failure)
[21.707s][debug][gc,phases      ] GC(43) Scavenge 79.228ms
[21.708s][debug][gc,ref         ] GC(43) Skipped phase 1 of Reference Processing: no references
[21.708s][debug][gc,ref         ] GC(43) ReferenceProcessor::execute queues: 1, RefProcThreadModel::Single, marks_oops_alive: false
[21.708s][debug][gc,ref         ] GC(43) Skipped phase 3 of Reference Processing: no references
[21.708s][debug][gc,ref         ] GC(43) ReferenceProcessor::execute queues: 1, RefProcThreadModel::Single, marks_oops_alive: false
[21.708s][debug][gc,phases      ] GC(43) Reference Processing 0.114ms
[21.708s][debug][gc,phases      ] GC(43)   VM Weak                        Min:  0.0, Avg:  0.0, Max:  0.0, Diff:  0.0, Sum:  0.0, Workers: 4
[21.708s][debug][gc,phases      ] GC(43)     Dead                           Min: 0, Avg:  0.0, Max: 0, Diff: 0, Sum: 0, Workers: 4
[21.708s][debug][gc,phases      ] GC(43)     Total                          Min: 0, Avg: 147.5, Max: 512, Diff: 512, Sum: 590, Workers: 4
[21.708s][debug][gc,phases      ] GC(43)   ObjectSynchronizer Weak        Min:  0.0, Avg:  0.0, Max:  0.0, Diff:  0.0, Sum:  0.0, Workers: 4
[21.708s][debug][gc,phases      ] GC(43)     Dead                           Min: 0, Avg:  0.0, Max: 0, Diff: 0, Sum: 0, Workers: 4
[21.708s][debug][gc,phases      ] GC(43)     Total                          Min: 0, Avg: 84.8, Max: 128, Diff: 128, Sum: 339, Workers: 4
[21.708s][debug][gc,phases      ] GC(43)   JVMTI Tag Weak OopStorage      Min:  0.0, Avg:  0.0, Max:  0.0, Diff:  0.0, Sum:  0.0, Workers: 4
[21.708s][debug][gc,phases      ] GC(43)     Dead                           Min: 0, Avg:  0.0, Max: 0, Diff: 0, Sum: 0, Workers: 4
[21.708s][debug][gc,phases      ] GC(43)     Total                          Min: 0, Avg:  0.0, Max: 0, Diff: 0, Sum: 0, Workers: 4
[21.708s][debug][gc,phases      ] GC(43)   StringTable Weak               Min:  0.1, Avg:  0.1, Max:  0.1, Diff:  0.0, Sum:  0.4, Workers: 4
[21.708s][debug][gc,phases      ] GC(43)     Dead                           Min: 0, Avg:  2.8, Max: 11, Diff: 11, Sum: 11, Workers: 4
[21.708s][debug][gc,phases      ] GC(43)     Total                          Min: 9728, Avg: 10701.0, Max: 11252, Diff: 1524, Sum: 42804, Workers: 4
[21.708s][debug][gc,phases      ] GC(43)   ResolvedMethodTable Weak       Min:  0.0, Avg:  0.0, Max:  0.0, Diff:  0.0, Sum:  0.1, Workers: 4
[21.708s][debug][gc,phases      ] GC(43)     Dead                           Min: 0, Avg:  0.0, Max: 0, Diff: 0, Sum: 0, Workers: 4
[21.708s][debug][gc,phases      ] GC(43)     Total                          Min: 1663, Avg: 1782.8, Max: 1920, Diff: 257, Sum: 7131, Workers: 4
[21.708s][debug][gc,phases      ] GC(43)   JNI Weak                       Min:  0.0, Avg:  0.0, Max:  0.0, Diff:  0.0, Sum:  0.0, Workers: 4
[21.708s][debug][gc,phases      ] GC(43)     Dead                           Min: 0, Avg:  0.0, Max: 0, Diff: 0, Sum: 0, Workers: 4
[21.708s][debug][gc,phases      ] GC(43)     Total                          Min: 0, Avg:  2.0, Max: 8, Diff: 8, Sum: 8, Workers: 4
[21.708s][debug][gc,phases      ] GC(43)   StringDedup Table Weak         Min:  0.0, Avg:  0.0, Max:  0.0, Diff:  0.0, Sum:  0.0, Workers: 4
[21.708s][debug][gc,phases      ] GC(43)     Dead                           Min: 0, Avg:  0.0, Max: 0, Diff: 0, Sum: 0, Workers: 4
[21.708s][debug][gc,phases      ] GC(43)     Total                          Min: 0, Avg:  0.0, Max: 0, Diff: 0, Sum: 0, Workers: 4
[21.708s][debug][gc,phases      ] GC(43)   StringDedup Requests0 Weak     Min:  0.0, Avg:  0.0, Max:  0.0, Diff:  0.0, Sum:  0.0, Workers: 4
[21.708s][debug][gc,phases      ] GC(43)     Dead                           Min: 0, Avg:  0.0, Max: 0, Diff: 0, Sum: 0, Workers: 4
[21.708s][debug][gc,phases      ] GC(43)     Total                          Min: 0, Avg:  0.0, Max: 0, Diff: 0, Sum: 0, Workers: 4
[21.708s][debug][gc,phases      ] GC(43)   StringDedup Requests1 Weak     Min:  0.0, Avg:  0.0, Max:  0.0, Diff:  0.0, Sum:  0.0, Workers: 4
[21.708s][debug][gc,phases      ] GC(43)     Dead                           Min: 0, Avg:  0.0, Max: 0, Diff: 0, Sum: 0, Workers: 4
[21.708s][debug][gc,phases      ] GC(43)     Total                          Min: 0, Avg:  0.0, Max: 0, Diff: 0, Sum: 0, Workers: 4
[21.708s][debug][gc,phases      ] GC(43)   Weak JFR Old Object Samples    Min:  0.0, Avg:  0.0, Max:  0.0, Diff:  0.0, Sum:  0.0, Workers: 4
[21.708s][debug][gc,phases      ] GC(43)     Dead                           Min: 0, Avg:  0.0, Max: 0, Diff: 0, Sum: 0, Workers: 4
[21.708s][debug][gc,phases      ] GC(43)     Total                          Min: 0, Avg:  0.0, Max: 0, Diff: 0, Sum: 0, Workers: 4
[21.708s][debug][gc,phases      ] GC(43) Weak Processing 0.306ms
[21.708s][debug][gc,age         ] GC(43) Desired survivor size 387973120 bytes, new threshold 15 (max threshold 15)
[21.708s][info ][gc,heap        ] GC(43) PSYoungGen: 1412100K(1716224K)->44128K(1404416K) Eden: 1359872K(1359872K)->0K(1359872K) From: 52228K(356352K)->44128K(44544K)
[21.708s][info ][gc,heap        ] GC(43) ParOldGen: 453185K(590336K)->465673K(590336K)
[21.708s][info ][gc,metaspace   ] GC(43) Metaspace: 68331K(69056K)->68331K(69056K) NonClass: 58366K(58752K)->58366K(58752K) Class: 9964K(10304K)->9964K(10304K)
[21.708s][info ][gc             ] GC(43) Pause Young (Allocation Failure) 1821M->497M(1948M) 79.784ms
[21.708s][info ][gc,cpu         ] GC(43) User=0.29s Sys=0.03s Real=0.07s
[21.708s][info ][safepoint      ] Safepoint "ParallelGCFailedAllocation", Time since last: 7676764 ns, Reaching safepoint: 428910 ns, At safepoint: 80006709 ns, Total: 80435619 ns
[21.742s][info ][safepoint      ] Safepoint "ICBufferFull", Time since last: 33750021 ns, Reaching safepoint: 141503 ns, At safepoint: 30401 ns, Total: 171904 ns
[21.805s][info ][safepoint      ] Safepoint "ICBufferFull", Time since last: 62537536 ns, Reaching safepoint: 144403 ns, At safepoint: 27400 ns, Total: 171803 ns
[21.902s][info ][safepoint      ] Safepoint "ICBufferFull", Time since last: 96610464 ns, Reaching safepoint: 135103 ns, At safepoint: 24601 ns, Total: 159704 ns
[22.023s][info ][safepoint      ] Safepoint "ICBufferFull", Time since last: 120861982 ns, Reaching safepoint: 167203 ns, At safepoint: 24201 ns, Total: 191404 ns
[22.055s][info ][safepoint      ] Safepoint "ICBufferFull", Time since last: 27642090 ns, Reaching safepoint: 4294492 ns, At safepoint: 34101 ns, Total: 4328593 ns
[22.057s][info ][gc,start       ] GC(44) Pause Young (Allocation Failure)
[22.070s][debug][gc,phases      ] GC(44) Scavenge 13.252ms
[22.070s][debug][gc,ref         ] GC(44) Skipped phase 1 of Reference Processing: no references
[22.070s][debug][gc,ref         ] GC(44) ReferenceProcessor::execute queues: 1, RefProcThreadModel::Single, marks_oops_alive: false
[22.070s][debug][gc,ref         ] GC(44) Skipped phase 3 of Reference Processing: no references
[22.070s][debug][gc,ref         ] GC(44) ReferenceProcessor::execute queues: 1, RefProcThreadModel::Single, marks_oops_alive: false
[22.070s][debug][gc,phases      ] GC(44) Reference Processing 0.115ms
[22.070s][debug][gc,phases      ] GC(44)   VM Weak                        Min:  0.0, Avg:  0.0, Max:  0.0, Diff:  0.0, Sum:  0.0, Workers: 4
[22.070s][debug][gc,phases      ] GC(44)     Dead                           Min: 0, Avg:  0.0, Max: 0, Diff: 0, Sum: 0, Workers: 4
[22.070s][debug][gc,phases      ] GC(44)     Total                          Min: 0, Avg: 147.5, Max: 590, Diff: 590, Sum: 590, Workers: 4
[22.070s][debug][gc,phases      ] GC(44)   ObjectSynchronizer Weak        Min:  0.0, Avg:  0.0, Max:  0.0, Diff:  0.0, Sum:  0.0, Workers: 4
[22.070s][debug][gc,phases      ] GC(44)     Dead                           Min: 0, Avg:  0.0, Max: 0, Diff: 0, Sum: 0, Workers: 4
[22.070s][debug][gc,phases      ] GC(44)     Total                          Min: 0, Avg: 84.8, Max: 275, Diff: 275, Sum: 339, Workers: 4
[22.070s][debug][gc,phases      ] GC(44)   JVMTI Tag Weak OopStorage      Min:  0.0, Avg:  0.0, Max:  0.0, Diff:  0.0, Sum:  0.0, Workers: 4
[22.070s][debug][gc,phases      ] GC(44)     Dead                           Min: 0, Avg:  0.0, Max: 0, Diff: 0, Sum: 0, Workers: 4
[22.070s][debug][gc,phases      ] GC(44)     Total                          Min: 0, Avg:  0.0, Max: 0, Diff: 0, Sum: 0, Workers: 4
[22.070s][debug][gc,phases      ] GC(44)   StringTable Weak               Min:  0.1, Avg:  0.1, Max:  0.1, Diff:  0.0, Sum:  0.4, Workers: 4
[22.070s][debug][gc,phases      ] GC(44)     Dead                           Min: 0, Avg:  2.8, Max: 11, Diff: 11, Sum: 11, Workers: 4
[22.070s][debug][gc,phases      ] GC(44)     Total                          Min: 9984, Avg: 10701.2, Max: 11264, Diff: 1280, Sum: 42805, Workers: 4
[22.070s][debug][gc,phases      ] GC(44)   ResolvedMethodTable Weak       Min:  0.0, Avg:  0.0, Max:  0.0, Diff:  0.0, Sum:  0.1, Workers: 4
[22.070s][debug][gc,phases      ] GC(44)     Dead                           Min: 0, Avg:  0.0, Max: 0, Diff: 0, Sum: 0, Workers: 4
[22.070s][debug][gc,phases      ] GC(44)     Total                          Min: 1664, Avg: 1782.8, Max: 2048, Diff: 384, Sum: 7131, Workers: 4
[22.070s][debug][gc,phases      ] GC(44)   JNI Weak                       Min:  0.0, Avg:  0.0, Max:  0.0, Diff:  0.0, Sum:  0.0, Workers: 4
[22.070s][debug][gc,phases      ] GC(44)     Dead                           Min: 0, Avg:  0.0, Max: 0, Diff: 0, Sum: 0, Workers: 4
[22.070s][debug][gc,phases      ] GC(44)     Total                          Min: 0, Avg:  0.5, Max: 2, Diff: 2, Sum: 2, Workers: 4
[22.070s][debug][gc,phases      ] GC(44)   StringDedup Table Weak         Min:  0.0, Avg:  0.0, Max:  0.0, Diff:  0.0, Sum:  0.0, Workers: 4
[22.070s][debug][gc,phases      ] GC(44)     Dead                           Min: 0, Avg:  0.0, Max: 0, Diff: 0, Sum: 0, Workers: 4
[22.070s][debug][gc,phases      ] GC(44)     Total                          Min: 0, Avg:  0.0, Max: 0, Diff: 0, Sum: 0, Workers: 4
[22.070s][debug][gc,phases      ] GC(44)   StringDedup Requests0 Weak     Min:  0.0, Avg:  0.0, Max:  0.0, Diff:  0.0, Sum:  0.0, Workers: 4
[22.070s][debug][gc,phases      ] GC(44)     Dead                           Min: 0, Avg:  0.0, Max: 0, Diff: 0, Sum: 0, Workers: 4
[22.070s][debug][gc,phases      ] GC(44)     Total                          Min: 0, Avg:  0.0, Max: 0, Diff: 0, Sum: 0, Workers: 4
[22.070s][debug][gc,phases      ] GC(44)   StringDedup Requests1 Weak     Min:  0.0, Avg:  0.0, Max:  0.0, Diff:  0.0, Sum:  0.0, Workers: 4
[22.070s][debug][gc,phases      ] GC(44)     Dead                           Min: 0, Avg:  0.0, Max: 0, Diff: 0, Sum: 0, Workers: 4
[22.070s][debug][gc,phases      ] GC(44)     Total                          Min: 0, Avg:  0.0, Max: 0, Diff: 0, Sum: 0, Workers: 4
[22.070s][debug][gc,phases      ] GC(44)   Weak JFR Old Object Samples    Min:  0.0, Avg:  0.0, Max:  0.0, Diff:  0.0, Sum:  0.0, Workers: 4
[22.070s][debug][gc,phases      ] GC(44)     Dead                           Min: 0, Avg:  0.0, Max: 0, Diff: 0, Sum: 0, Workers: 4
[22.070s][debug][gc,phases      ] GC(44)     Total                          Min: 0, Avg:  0.0, Max: 0, Diff: 0, Sum: 0, Workers: 4
[22.070s][debug][gc,phases      ] GC(44) Weak Processing 0.312ms
[22.070s][debug][gc,age         ] GC(44) Desired survivor size 392691712 bytes, new threshold 15 (max threshold 15)
[22.070s][info ][gc,heap        ] GC(44) PSYoungGen: 1404000K(1404416K)->44944K(1709056K) Eden: 1359872K(1359872K)->0K(1330176K) From: 44128K(44544K)->44944K(378880K)
[22.070s][info ][gc,heap        ] GC(44) ParOldGen: 465673K(590336K)->466993K(590336K)
[22.070s][info ][gc,metaspace   ] GC(44) Metaspace: 68346K(69120K)->68346K(69120K) NonClass: 58381K(58816K)->58381K(58816K) Class: 9964K(10304K)->9964K(10304K)
[22.071s][info ][gc             ] GC(44) Pause Young (Allocation Failure) 1825M->499M(2245M) 13.793ms
[22.071s][info ][gc,cpu         ] GC(44) User=0.05s Sys=0.00s Real=0.01s
[22.071s][info ][safepoint      ] Safepoint "ParallelGCFailedAllocation", Time since last: 1842039 ns, Reaching safepoint: 241105 ns, At safepoint: 13899597 ns, Total: 14140702 ns
[22.214s][info ][safepoint      ] Safepoint "ICBufferFull", Time since last: 143314162 ns, Reaching safepoint: 175704 ns, At safepoint: 40701 ns, Total: 216405 ns
[22.268s][info ][safepoint      ] Safepoint "ICBufferFull", Time since last: 53802149 ns, Reaching safepoint: 125403 ns, At safepoint: 28300 ns, Total: 153703 ns
[22.269s][info ][safepoint      ] Safepoint "ICBufferFull", Time since last: 1274528 ns, Reaching safepoint: 107502 ns, At safepoint: 21800 ns, Total: 129302 ns
[22.296s][info ][safepoint      ] Safepoint "ICBufferFull", Time since last: 26589268 ns, Reaching safepoint: 157104 ns, At safepoint: 30100 ns, Total: 187204 ns
[22.310s][info ][gc,start       ] GC(45) Pause Young (Allocation Failure)
[22.325s][debug][gc,phases      ] GC(45) Scavenge 15.047ms
[22.325s][debug][gc,ref         ] GC(45) Skipped phase 1 of Reference Processing: no references
[22.326s][debug][gc,ref         ] GC(45) ReferenceProcessor::execute queues: 1, RefProcThreadModel::Single, marks_oops_alive: false
[22.326s][debug][gc,ref         ] GC(45) Skipped phase 3 of Reference Processing: no references
[22.326s][debug][gc,ref         ] GC(45) ReferenceProcessor::execute queues: 1, RefProcThreadModel::Single, marks_oops_alive: false
[22.326s][debug][gc,phases      ] GC(45) Reference Processing 0.136ms
[22.326s][debug][gc,phases      ] GC(45)   VM Weak                        Min:  0.0, Avg:  0.0, Max:  0.0, Diff:  0.0, Sum:  0.0, Workers: 4
[22.326s][debug][gc,phases      ] GC(45)     Dead                           Min: 0, Avg:  0.0, Max: 0, Diff: 0, Sum: 0, Workers: 4
[22.326s][debug][gc,phases      ] GC(45)     Total                          Min: 0, Avg: 147.5, Max: 320, Diff: 320, Sum: 590, Workers: 4
[22.326s][debug][gc,phases      ] GC(45)   ObjectSynchronizer Weak        Min:  0.0, Avg:  0.0, Max:  0.0, Diff:  0.0, Sum:  0.0, Workers: 4
[22.326s][debug][gc,phases      ] GC(45)     Dead                           Min: 0, Avg:  0.0, Max: 0, Diff: 0, Sum: 0, Workers: 4
[22.326s][debug][gc,phases      ] GC(45)     Total                          Min: 0, Avg: 84.8, Max: 192, Diff: 192, Sum: 339, Workers: 4
[22.326s][debug][gc,phases      ] GC(45)   JVMTI Tag Weak OopStorage      Min:  0.0, Avg:  0.0, Max:  0.0, Diff:  0.0, Sum:  0.0, Workers: 4
[22.326s][debug][gc,phases      ] GC(45)     Dead                           Min: 0, Avg:  0.0, Max: 0, Diff: 0, Sum: 0, Workers: 4
[22.326s][debug][gc,phases      ] GC(45)     Total                          Min: 0, Avg:  0.0, Max: 0, Diff: 0, Sum: 0, Workers: 4
[22.326s][debug][gc,phases      ] GC(45)   StringTable Weak               Min:  0.1, Avg:  0.1, Max:  0.1, Diff:  0.0, Sum:  0.4, Workers: 4
[22.326s][debug][gc,phases      ] GC(45)     Dead                           Min: 0, Avg:  0.0, Max: 0, Diff: 0, Sum: 0, Workers: 4
[22.326s][debug][gc,phases      ] GC(45)     Total                          Min: 10368, Avg: 10703.8, Max: 11072, Diff: 704, Sum: 42815, Workers: 4
[22.326s][debug][gc,phases      ] GC(45)   ResolvedMethodTable Weak       Min:  0.0, Avg:  0.0, Max:  0.0, Diff:  0.0, Sum:  0.1, Workers: 4
[22.326s][debug][gc,phases      ] GC(45)     Dead                           Min: 0, Avg:  0.0, Max: 0, Diff: 0, Sum: 0, Workers: 4
[22.326s][debug][gc,phases      ] GC(45)     Total                          Min: 1728, Avg: 1782.8, Max: 1856, Diff: 128, Sum: 7131, Workers: 4
[22.326s][debug][gc,phases      ] GC(45)   JNI Weak                       Min:  0.0, Avg:  0.0, Max:  0.0, Diff:  0.0, Sum:  0.0, Workers: 4
[22.326s][debug][gc,phases      ] GC(45)     Dead                           Min: 0, Avg:  0.0, Max: 0, Diff: 0, Sum: 0, Workers: 4
[22.326s][debug][gc,phases      ] GC(45)     Total                          Min: 0, Avg:  0.8, Max: 3, Diff: 3, Sum: 3, Workers: 4
[22.326s][debug][gc,phases      ] GC(45)   StringDedup Table Weak         Min:  0.0, Avg:  0.0, Max:  0.0, Diff:  0.0, Sum:  0.0, Workers: 4
[22.326s][debug][gc,phases      ] GC(45)     Dead                           Min: 0, Avg:  0.0, Max: 0, Diff: 0, Sum: 0, Workers: 4
[22.326s][debug][gc,phases      ] GC(45)     Total                          Min: 0, Avg:  0.0, Max: 0, Diff: 0, Sum: 0, Workers: 4
[22.326s][debug][gc,phases      ] GC(45)   StringDedup Requests0 Weak     Min:  0.0, Avg:  0.0, Max:  0.0, Diff:  0.0, Sum:  0.0, Workers: 4
[22.326s][debug][gc,phases      ] GC(45)     Dead                           Min: 0, Avg:  0.0, Max: 0, Diff: 0, Sum: 0, Workers: 4
[22.326s][debug][gc,phases      ] GC(45)     Total                          Min: 0, Avg:  0.0, Max: 0, Diff: 0, Sum: 0, Workers: 4
[22.326s][debug][gc,phases      ] GC(45)   StringDedup Requests1 Weak     Min:  0.0, Avg:  0.0, Max:  0.0, Diff:  0.0, Sum:  0.0, Workers: 4
[22.326s][debug][gc,phases      ] GC(45)     Dead                           Min: 0, Avg:  0.0, Max: 0, Diff: 0, Sum: 0, Workers: 4
[22.326s][debug][gc,phases      ] GC(45)     Total                          Min: 0, Avg:  0.0, Max: 0, Diff: 0, Sum: 0, Workers: 4
[22.326s][debug][gc,phases      ] GC(45)   Weak JFR Old Object Samples    Min:  0.0, Avg:  0.0, Max:  0.0, Diff:  0.0, Sum:  0.0, Workers: 4
[22.326s][debug][gc,phases      ] GC(45)     Dead                           Min: 0, Avg:  0.0, Max: 0, Diff: 0, Sum: 0, Workers: 4
[22.326s][debug][gc,phases      ] GC(45)     Total                          Min: 0, Avg:  0.0, Max: 0, Diff: 0, Sum: 0, Workers: 4
[22.326s][debug][gc,phases      ] GC(45) Weak Processing 0.365ms
[22.326s][debug][gc,age         ] GC(45) Desired survivor size 393216000 bytes, new threshold 15 (max threshold 15)
[22.326s][info ][gc,heap        ] GC(45) PSYoungGen: 1375120K(1709056K)->44368K(1374720K) Eden: 1330176K(1330176K)->0K(1330176K) From: 44944K(378880K)->44368K(44544K)
[22.326s][info ][gc,heap        ] GC(45) ParOldGen: 466993K(590336K)->468897K(590336K)
[22.326s][info ][gc,metaspace   ] GC(45) Metaspace: 68371K(69120K)->68371K(69120K) NonClass: 58406K(58816K)->58406K(58816K) Class: 9964K(10304K)->9964K(10304K)
[22.326s][info ][gc             ] GC(45) Pause Young (Allocation Failure) 1798M->501M(1919M) 15.714ms
[22.326s][info ][gc,cpu         ] GC(45) User=0.06s Sys=0.00s Real=0.01s
[22.326s][info ][safepoint      ] Safepoint "ParallelGCFailedAllocation", Time since last: 13835796 ns, Reaching safepoint: 154303 ns, At safepoint: 15860039 ns, Total: 16014342 ns
[22.359s][info ][safepoint      ] Safepoint "ICBufferFull", Time since last: 32664698 ns, Reaching safepoint: 148203 ns, At safepoint: 37701 ns, Total: 185904 ns
[22.360s][info ][safepoint      ] Safepoint "ICBufferFull", Time since last: 1057722 ns, Reaching safepoint: 181504 ns, At safepoint: 24701 ns, Total: 206205 ns
[22.362s][info ][safepoint      ] Safepoint "ICBufferFull", Time since last: 1048822 ns, Reaching safepoint: 447910 ns, At safepoint: 26600 ns, Total: 474510 ns
[22.371s][info ][safepoint      ] Safepoint "ICBufferFull", Time since last: 9074194 ns, Reaching safepoint: 124303 ns, At safepoint: 24900 ns, Total: 149203 ns
[22.372s][info ][safepoint      ] Safepoint "ICBufferFull", Time since last: 1044423 ns, Reaching safepoint: 123402 ns, At safepoint: 26201 ns, Total: 149603 ns
[22.373s][info ][safepoint      ] Safepoint "ICBufferFull", Time since last: 1208126 ns, Reaching safepoint: 104702 ns, At safepoint: 25901 ns, Total: 130603 ns
[22.377s][info ][safepoint      ] Safepoint "ICBufferFull", Time since last: 1101423 ns, Reaching safepoint: 2125946 ns, At safepoint: 28300 ns, Total: 2154246 ns
[22.387s][info ][safepoint      ] Safepoint "ICBufferFull", Time since last: 10073315 ns, Reaching safepoint: 200805 ns, At safepoint: 45301 ns, Total: 246106 ns
[22.501s][info ][safepoint      ] Safepoint "ICBufferFull", Time since last: 113352121 ns, Reaching safepoint: 146103 ns, At safepoint: 25501 ns, Total: 171604 ns
[22.512s][info ][safepoint      ] Safepoint "ICBufferFull", Time since last: 11657949 ns, Reaching safepoint: 145303 ns, At safepoint: 30801 ns, Total: 176104 ns
[22.649s][info ][gc,start       ] GC(46) Pause Young (Allocation Failure)
[22.668s][debug][gc,phases      ] GC(46) Scavenge 18.851ms
[22.668s][debug][gc,ref         ] GC(46) Skipped phase 1 of Reference Processing: no references
[22.668s][debug][gc,ref         ] GC(46) ReferenceProcessor::execute queues: 1, RefProcThreadModel::Single, marks_oops_alive: false
[22.668s][debug][gc,ref         ] GC(46) Skipped phase 3 of Reference Processing: no references
[22.668s][debug][gc,ref         ] GC(46) ReferenceProcessor::execute queues: 1, RefProcThreadModel::Single, marks_oops_alive: false
[22.668s][debug][gc,phases      ] GC(46) Reference Processing 0.116ms
[22.669s][debug][gc,phases      ] GC(46)   VM Weak                        Min:  0.0, Avg:  0.0, Max:  0.0, Diff:  0.0, Sum:  0.0, Workers: 4
[22.669s][debug][gc,phases      ] GC(46)     Dead                           Min: 0, Avg:  0.0, Max: 0, Diff: 0, Sum: 0, Workers: 4
[22.669s][debug][gc,phases      ] GC(46)     Total                          Min: 0, Avg: 147.5, Max: 512, Diff: 512, Sum: 590, Workers: 4
[22.669s][debug][gc,phases      ] GC(46)   ObjectSynchronizer Weak        Min:  0.0, Avg:  0.0, Max:  0.0, Diff:  0.0, Sum:  0.0, Workers: 4
[22.669s][debug][gc,phases      ] GC(46)     Dead                           Min: 0, Avg:  0.0, Max: 0, Diff: 0, Sum: 0, Workers: 4
[22.669s][debug][gc,phases      ] GC(46)     Total                          Min: 0, Avg: 84.8, Max: 147, Diff: 147, Sum: 339, Workers: 4
[22.669s][debug][gc,phases      ] GC(46)   JVMTI Tag Weak OopStorage      Min:  0.0, Avg:  0.0, Max:  0.0, Diff:  0.0, Sum:  0.0, Workers: 4
[22.669s][debug][gc,phases      ] GC(46)     Dead                           Min: 0, Avg:  0.0, Max: 0, Diff: 0, Sum: 0, Workers: 4
[22.669s][debug][gc,phases      ] GC(46)     Total                          Min: 0, Avg:  0.0, Max: 0, Diff: 0, Sum: 0, Workers: 4
[22.669s][debug][gc,phases      ] GC(46)   StringTable Weak               Min:  0.1, Avg:  0.1, Max:  0.1, Diff:  0.0, Sum:  0.4, Workers: 4
[22.669s][debug][gc,phases      ] GC(46)     Dead                           Min: 0, Avg:  2.8, Max: 11, Diff: 11, Sum: 11, Workers: 4
[22.669s][debug][gc,phases      ] GC(46)     Total                          Min: 9984, Avg: 10705.2, Max: 11269, Diff: 1285, Sum: 42821, Workers: 4
[22.669s][debug][gc,phases      ] GC(46)   ResolvedMethodTable Weak       Min:  0.0, Avg:  0.0, Max:  0.0, Diff:  0.0, Sum:  0.1, Workers: 4
[22.669s][debug][gc,phases      ] GC(46)     Dead                           Min: 0, Avg:  0.0, Max: 0, Diff: 0, Sum: 0, Workers: 4
[22.669s][debug][gc,phases      ] GC(46)     Total                          Min: 1728, Avg: 1783.2, Max: 1856, Diff: 128, Sum: 7133, Workers: 4
[22.669s][debug][gc,phases      ] GC(46)   JNI Weak                       Min:  0.0, Avg:  0.0, Max:  0.0, Diff:  0.0, Sum:  0.0, Workers: 4
[22.669s][debug][gc,phases      ] GC(46)     Dead                           Min: 0, Avg:  0.0, Max: 0, Diff: 0, Sum: 0, Workers: 4
[22.669s][debug][gc,phases      ] GC(46)     Total                          Min: 0, Avg:  1.0, Max: 4, Diff: 4, Sum: 4, Workers: 4
[22.669s][debug][gc,phases      ] GC(46)   StringDedup Table Weak         Min:  0.0, Avg:  0.0, Max:  0.0, Diff:  0.0, Sum:  0.0, Workers: 4
[22.669s][debug][gc,phases      ] GC(46)     Dead                           Min: 0, Avg:  0.0, Max: 0, Diff: 0, Sum: 0, Workers: 4
[22.669s][debug][gc,phases      ] GC(46)     Total                          Min: 0, Avg:  0.0, Max: 0, Diff: 0, Sum: 0, Workers: 4
[22.669s][debug][gc,phases      ] GC(46)   StringDedup Requests0 Weak     Min:  0.0, Avg:  0.0, Max:  0.0, Diff:  0.0, Sum:  0.0, Workers: 4
[22.669s][debug][gc,phases      ] GC(46)     Dead                           Min: 0, Avg:  0.0, Max: 0, Diff: 0, Sum: 0, Workers: 4
[22.669s][debug][gc,phases      ] GC(46)     Total                          Min: 0, Avg:  0.0, Max: 0, Diff: 0, Sum: 0, Workers: 4
[22.669s][debug][gc,phases      ] GC(46)   StringDedup Requests1 Weak     Min:  0.0, Avg:  0.0, Max:  0.0, Diff:  0.0, Sum:  0.0, Workers: 4
[22.669s][debug][gc,phases      ] GC(46)     Dead                           Min: 0, Avg:  0.0, Max: 0, Diff: 0, Sum: 0, Workers: 4
[22.669s][debug][gc,phases      ] GC(46)     Total                          Min: 0, Avg:  0.0, Max: 0, Diff: 0, Sum: 0, Workers: 4
[22.669s][debug][gc,phases      ] GC(46)   Weak JFR Old Object Samples    Min:  0.0, Avg:  0.0, Max:  0.0, Diff:  0.0, Sum:  0.0, Workers: 4
[22.669s][debug][gc,phases      ] GC(46)     Dead                           Min: 0, Avg:  0.0, Max: 0, Diff: 0, Sum: 0, Workers: 4
[22.669s][debug][gc,phases      ] GC(46)     Total                          Min: 0, Avg:  0.0, Max: 0, Diff: 0, Sum: 0, Workers: 4
[22.669s][debug][gc,phases      ] GC(46) Weak Processing 0.311ms
[22.669s][debug][gc,age         ] GC(46) Desired survivor size 390070272 bytes, new threshold 15 (max threshold 15)
[22.669s][info ][gc,heap        ] GC(46) PSYoungGen: 1374544K(1374720K)->46320K(1716224K) Eden: 1330176K(1330176K)->0K(1332224K) From: 44368K(44544K)->46320K(384000K)
[22.669s][info ][gc,heap        ] GC(46) ParOldGen: 468897K(590336K)->471129K(590336K)
[22.669s][info ][gc,metaspace   ] GC(46) Metaspace: 68409K(69120K)->68409K(69120K) NonClass: 58443K(58816K)->58443K(58816K) Class: 9965K(10304K)->9965K(10304K)
[22.669s][info ][gc             ] GC(46) Pause Young (Allocation Failure) 1800M->505M(2252M) 19.411ms
[22.669s][info ][gc,cpu         ] GC(46) User=0.08s Sys=0.00s Real=0.02s
[22.669s][info ][safepoint      ] Safepoint "ParallelGCFailedAllocation", Time since last: 136689120 ns, Reaching safepoint: 161503 ns, At safepoint: 19524217 ns, Total: 19685720 ns
[22.846s][info ][safepoint      ] Safepoint "ICBufferFull", Time since last: 177345889 ns, Reaching safepoint: 156004 ns, At safepoint: 27300 ns, Total: 183304 ns
[22.904s][info ][safepoint      ] Safepoint "ICBufferFull", Time since last: 57672032 ns, Reaching safepoint: 132703 ns, At safepoint: 30901 ns, Total: 163604 ns
[22.913s][info ][gc,start       ] GC(47) Pause Young (Allocation Failure)
[22.928s][debug][gc,phases      ] GC(47) Scavenge 14.755ms
[22.928s][debug][gc,ref         ] GC(47) Skipped phase 1 of Reference Processing: no references
[22.928s][debug][gc,ref         ] GC(47) ReferenceProcessor::execute queues: 1, RefProcThreadModel::Single, marks_oops_alive: false
[22.928s][debug][gc,ref         ] GC(47) Skipped phase 3 of Reference Processing: no references
[22.928s][debug][gc,ref         ] GC(47) ReferenceProcessor::execute queues: 1, RefProcThreadModel::Single, marks_oops_alive: false
[22.928s][debug][gc,phases      ] GC(47) Reference Processing 0.114ms
[22.929s][debug][gc,phases      ] GC(47)   VM Weak                        Min:  0.0, Avg:  0.0, Max:  0.0, Diff:  0.0, Sum:  0.0, Workers: 4
[22.929s][debug][gc,phases      ] GC(47)     Dead                           Min: 0, Avg:  0.0, Max: 0, Diff: 0, Sum: 0, Workers: 4
[22.929s][debug][gc,phases      ] GC(47)     Total                          Min: 0, Avg: 147.5, Max: 576, Diff: 576, Sum: 590, Workers: 4
[22.929s][debug][gc,phases      ] GC(47)   ObjectSynchronizer Weak        Min:  0.0, Avg:  0.0, Max:  0.0, Diff:  0.0, Sum:  0.0, Workers: 4
[22.929s][debug][gc,phases      ] GC(47)     Dead                           Min: 0, Avg:  0.0, Max: 0, Diff: 0, Sum: 0, Workers: 4
[22.929s][debug][gc,phases      ] GC(47)     Total                          Min: 0, Avg: 84.8, Max: 192, Diff: 192, Sum: 339, Workers: 4
[22.929s][debug][gc,phases      ] GC(47)   JVMTI Tag Weak OopStorage      Min:  0.0, Avg:  0.0, Max:  0.0, Diff:  0.0, Sum:  0.0, Workers: 4
[22.929s][debug][gc,phases      ] GC(47)     Dead                           Min: 0, Avg:  0.0, Max: 0, Diff: 0, Sum: 0, Workers: 4
[22.929s][debug][gc,phases      ] GC(47)     Total                          Min: 0, Avg:  0.0, Max: 0, Diff: 0, Sum: 0, Workers: 4
[22.929s][debug][gc,phases      ] GC(47)   StringTable Weak               Min:  0.1, Avg:  0.1, Max:  0.1, Diff:  0.0, Sum:  0.4, Workers: 4
[22.929s][debug][gc,phases      ] GC(47)     Dead                           Min: 0, Avg:  2.8, Max: 11, Diff: 11, Sum: 11, Workers: 4
[22.929s][debug][gc,phases      ] GC(47)     Total                          Min: 9973, Avg: 10705.5, Max: 11665, Diff: 1692, Sum: 42822, Workers: 4
[22.929s][debug][gc,phases      ] GC(47)   ResolvedMethodTable Weak       Min:  0.0, Avg:  0.0, Max:  0.0, Diff:  0.0, Sum:  0.1, Workers: 4
[22.929s][debug][gc,phases      ] GC(47)     Dead                           Min: 0, Avg:  0.0, Max: 0, Diff: 0, Sum: 0, Workers: 4
[22.929s][debug][gc,phases      ] GC(47)     Total                          Min: 1600, Avg: 1783.2, Max: 1949, Diff: 349, Sum: 7133, Workers: 4
[22.929s][debug][gc,phases      ] GC(47)   JNI Weak                       Min:  0.0, Avg:  0.0, Max:  0.0, Diff:  0.0, Sum:  0.0, Workers: 4
[22.929s][debug][gc,phases      ] GC(47)     Dead                           Min: 0, Avg:  0.0, Max: 0, Diff: 0, Sum: 0, Workers: 4
[22.929s][debug][gc,phases      ] GC(47)     Total                          Min: 0, Avg:  0.2, Max: 1, Diff: 1, Sum: 1, Workers: 4
[22.929s][debug][gc,phases      ] GC(47)   StringDedup Table Weak         Min:  0.0, Avg:  0.0, Max:  0.0, Diff:  0.0, Sum:  0.0, Workers: 4
[22.929s][debug][gc,phases      ] GC(47)     Dead                           Min: 0, Avg:  0.0, Max: 0, Diff: 0, Sum: 0, Workers: 4
[22.929s][debug][gc,phases      ] GC(47)     Total                          Min: 0, Avg:  0.0, Max: 0, Diff: 0, Sum: 0, Workers: 4
[22.929s][debug][gc,phases      ] GC(47)   StringDedup Requests0 Weak     Min:  0.0, Avg:  0.0, Max:  0.0, Diff:  0.0, Sum:  0.0, Workers: 4
[22.929s][debug][gc,phases      ] GC(47)     Dead                           Min: 0, Avg:  0.0, Max: 0, Diff: 0, Sum: 0, Workers: 4
[22.929s][debug][gc,phases      ] GC(47)     Total                          Min: 0, Avg:  0.0, Max: 0, Diff: 0, Sum: 0, Workers: 4
[22.929s][debug][gc,phases      ] GC(47)   StringDedup Requests1 Weak     Min:  0.0, Avg:  0.0, Max:  0.0, Diff:  0.0, Sum:  0.0, Workers: 4
[22.929s][debug][gc,phases      ] GC(47)     Dead                           Min: 0, Avg:  0.0, Max: 0, Diff: 0, Sum: 0, Workers: 4
[22.929s][debug][gc,phases      ] GC(47)     Total                          Min: 0, Avg:  0.0, Max: 0, Diff: 0, Sum: 0, Workers: 4
[22.929s][debug][gc,phases      ] GC(47)   Weak JFR Old Object Samples    Min:  0.0, Avg:  0.0, Max:  0.0, Diff:  0.0, Sum:  0.0, Workers: 4
[22.929s][debug][gc,phases      ] GC(47)     Dead                           Min: 0, Avg:  0.0, Max: 0, Diff: 0, Sum: 0, Workers: 4
[22.929s][debug][gc,phases      ] GC(47)     Total                          Min: 0, Avg:  0.0, Max: 0, Diff: 0, Sum: 0, Workers: 4
[22.929s][debug][gc,phases      ] GC(47) Weak Processing 0.310ms
[22.929s][debug][gc,age         ] GC(47) Desired survivor size 383778816 bytes, new threshold 15 (max threshold 15)
[22.929s][info ][gc,heap        ] GC(47) PSYoungGen: 1378544K(1716224K)->45792K(1713152K) Eden: 1332224K(1332224K)->0K(1332224K) From: 46320K(384000K)->45792K(380928K)
[22.929s][info ][gc,heap        ] GC(47) ParOldGen: 471129K(590336K)->475257K(590336K)
[22.929s][info ][gc,metaspace   ] GC(47) Metaspace: 68409K(69120K)->68409K(69120K) NonClass: 58444K(58816K)->58444K(58816K) Class: 9965K(10304K)->9965K(10304K)
[22.929s][info ][gc             ] GC(47) Pause Young (Allocation Failure) 1806M->508M(2249M) 15.322ms
[22.929s][info ][gc,cpu         ] GC(47) User=0.06s Sys=0.00s Real=0.02s
[22.929s][info ][safepoint      ] Safepoint "ParallelGCFailedAllocation", Time since last: 9073194 ns, Reaching safepoint: 125202 ns, At safepoint: 15430230 ns, Total: 15555432 ns
[22.988s][info ][safepoint      ] Safepoint "ICBufferFull", Time since last: 58557051 ns, Reaching safepoint: 150203 ns, At safepoint: 22501 ns, Total: 172704 ns
[23.147s][info ][safepoint      ] Safepoint "ICBufferFull", Time since last: 158816093 ns, Reaching safepoint: 153403 ns, At safepoint: 21400 ns, Total: 174803 ns
[23.219s][info ][safepoint      ] Safepoint "ICBufferFull", Time since last: 72297745 ns, Reaching safepoint: 122102 ns, At safepoint: 33601 ns, Total: 155703 ns
[23.265s][info ][gc,start       ] GC(48) Pause Young (Allocation Failure)
[23.279s][debug][gc,phases      ] GC(48) Scavenge 14.362ms
[23.279s][debug][gc,ref         ] GC(48) Skipped phase 1 of Reference Processing: no references
[23.279s][debug][gc,ref         ] GC(48) ReferenceProcessor::execute queues: 1, RefProcThreadModel::Single, marks_oops_alive: false
[23.279s][debug][gc,ref         ] GC(48) Skipped phase 3 of Reference Processing: no references
[23.279s][debug][gc,ref         ] GC(48) ReferenceProcessor::execute queues: 1, RefProcThreadModel::Single, marks_oops_alive: false
[23.279s][debug][gc,phases      ] GC(48) Reference Processing 0.115ms
[23.279s][debug][gc,phases      ] GC(48)   VM Weak                        Min:  0.0, Avg:  0.0, Max:  0.0, Diff:  0.0, Sum:  0.0, Workers: 4
[23.279s][debug][gc,phases      ] GC(48)     Dead                           Min: 0, Avg:  0.0, Max: 0, Diff: 0, Sum: 0, Workers: 4
[23.279s][debug][gc,phases      ] GC(48)     Total                          Min: 0, Avg: 147.5, Max: 590, Diff: 590, Sum: 590, Workers: 4
[23.279s][debug][gc,phases      ] GC(48)   ObjectSynchronizer Weak        Min:  0.0, Avg:  0.0, Max:  0.0, Diff:  0.0, Sum:  0.0, Workers: 4
[23.279s][debug][gc,phases      ] GC(48)     Dead                           Min: 0, Avg:  0.0, Max: 0, Diff: 0, Sum: 0, Workers: 4
[23.279s][debug][gc,phases      ] GC(48)     Total                          Min: 0, Avg: 84.8, Max: 339, Diff: 339, Sum: 339, Workers: 4
[23.279s][debug][gc,phases      ] GC(48)   JVMTI Tag Weak OopStorage      Min:  0.0, Avg:  0.0, Max:  0.0, Diff:  0.0, Sum:  0.0, Workers: 4
[23.279s][debug][gc,phases      ] GC(48)     Dead                           Min: 0, Avg:  0.0, Max: 0, Diff: 0, Sum: 0, Workers: 4
[23.279s][debug][gc,phases      ] GC(48)     Total                          Min: 0, Avg:  0.0, Max: 0, Diff: 0, Sum: 0, Workers: 4
[23.279s][debug][gc,phases      ] GC(48)   StringTable Weak               Min:  0.1, Avg:  0.1, Max:  0.1, Diff:  0.0, Sum:  0.4, Workers: 4
[23.279s][debug][gc,phases      ] GC(48)     Dead                           Min: 0, Avg:  0.0, Max: 0, Diff: 0, Sum: 0, Workers: 4
[23.279s][debug][gc,phases      ] GC(48)     Total                          Min: 9333, Avg: 10705.8, Max: 11648, Diff: 2315, Sum: 42823, Workers: 4
[23.279s][debug][gc,phases      ] GC(48)   ResolvedMethodTable Weak       Min:  0.0, Avg:  0.0, Max:  0.0, Diff:  0.0, Sum:  0.1, Workers: 4
[23.279s][debug][gc,phases      ] GC(48)     Dead                           Min: 0, Avg:  0.0, Max: 0, Diff: 0, Sum: 0, Workers: 4
[23.279s][debug][gc,phases      ] GC(48)     Total                          Min: 1664, Avg: 1783.2, Max: 1920, Diff: 256, Sum: 7133, Workers: 4
[23.279s][debug][gc,phases      ] GC(48)   JNI Weak                       Min:  0.0, Avg:  0.0, Max:  0.0, Diff:  0.0, Sum:  0.0, Workers: 4
[23.279s][debug][gc,phases      ] GC(48)     Dead                           Min: 0, Avg:  0.0, Max: 0, Diff: 0, Sum: 0, Workers: 4
[23.279s][debug][gc,phases      ] GC(48)     Total                          Min: 0, Avg:  0.0, Max: 0, Diff: 0, Sum: 0, Workers: 4
[23.279s][debug][gc,phases      ] GC(48)   StringDedup Table Weak         Min:  0.0, Avg:  0.0, Max:  0.0, Diff:  0.0, Sum:  0.0, Workers: 4
[23.279s][debug][gc,phases      ] GC(48)     Dead                           Min: 0, Avg:  0.0, Max: 0, Diff: 0, Sum: 0, Workers: 4
[23.279s][debug][gc,phases      ] GC(48)     Total                          Min: 0, Avg:  0.0, Max: 0, Diff: 0, Sum: 0, Workers: 4
[23.279s][debug][gc,phases      ] GC(48)   StringDedup Requests0 Weak     Min:  0.0, Avg:  0.0, Max:  0.0, Diff:  0.0, Sum:  0.0, Workers: 4
[23.280s][debug][gc,phases      ] GC(48)     Dead                           Min: 0, Avg:  0.0, Max: 0, Diff: 0, Sum: 0, Workers: 4
[23.280s][debug][gc,phases      ] GC(48)     Total                          Min: 0, Avg:  0.0, Max: 0, Diff: 0, Sum: 0, Workers: 4
[23.280s][debug][gc,phases      ] GC(48)   StringDedup Requests1 Weak     Min:  0.0, Avg:  0.0, Max:  0.0, Diff:  0.0, Sum:  0.0, Workers: 4
[23.280s][debug][gc,phases      ] GC(48)     Dead                           Min: 0, Avg:  0.0, Max: 0, Diff: 0, Sum: 0, Workers: 4
[23.280s][debug][gc,phases      ] GC(48)     Total                          Min: 0, Avg:  0.0, Max: 0, Diff: 0, Sum: 0, Workers: 4
[23.280s][debug][gc,phases      ] GC(48)   Weak JFR Old Object Samples    Min:  0.0, Avg:  0.0, Max:  0.0, Diff:  0.0, Sum:  0.0, Workers: 4
[23.280s][debug][gc,phases      ] GC(48)     Dead                           Min: 0, Avg:  0.0, Max: 0, Diff: 0, Sum: 0, Workers: 4
[23.280s][debug][gc,phases      ] GC(48)     Total                          Min: 0, Avg:  0.0, Max: 0, Diff: 0, Sum: 0, Workers: 4
[23.280s][debug][gc,phases      ] GC(48) Weak Processing 0.304ms
[23.280s][debug][gc,age         ] GC(48) Desired survivor size 375914496 bytes, new threshold 15 (max threshold 15)
[23.280s][info ][gc,heap        ] GC(48) PSYoungGen: 1378016K(1713152K)->44064K(1730048K) Eden: 1332224K(1332224K)->0K(1355264K) From: 45792K(380928K)->44064K(374784K)
[23.280s][info ][gc,heap        ] GC(48) ParOldGen: 475257K(590336K)->479169K(590336K)
[23.280s][info ][gc,metaspace   ] GC(48) Metaspace: 68416K(69184K)->68416K(69184K) NonClass: 58450K(58880K)->58450K(58880K) Class: 9965K(10304K)->9965K(10304K)
[23.280s][info ][gc             ] GC(48) Pause Young (Allocation Failure) 1809M->510M(2266M) 14.925ms
[23.280s][info ][gc,cpu         ] GC(48) User=0.05s Sys=0.01s Real=0.02s
[23.280s][info ][safepoint      ] Safepoint "ParallelGCFailedAllocation", Time since last: 45511172 ns, Reaching safepoint: 141003 ns, At safepoint: 15040422 ns, Total: 15181425 ns
[23.331s][info ][safepoint      ] Safepoint "ICBufferFull", Time since last: 48085927 ns, Reaching safepoint: 3214869 ns, At safepoint: 38201 ns, Total: 3253070 ns
[23.430s][info ][safepoint      ] Safepoint "ICBufferFull", Time since last: 99011915 ns, Reaching safepoint: 151303 ns, At safepoint: 27901 ns, Total: 179204 ns
[23.497s][info ][safepoint      ] Safepoint "ICBufferFull", Time since last: 66276916 ns, Reaching safepoint: 124002 ns, At safepoint: 31801 ns, Total: 155803 ns
[23.521s][info ][gc,start       ] GC(49) Pause Young (Allocation Failure)
[23.535s][debug][gc,phases      ] GC(49) Scavenge 13.140ms
[23.535s][debug][gc,ref         ] GC(49) Skipped phase 1 of Reference Processing: no references
[23.535s][debug][gc,ref         ] GC(49) ReferenceProcessor::execute queues: 1, RefProcThreadModel::Single, marks_oops_alive: false
[23.535s][debug][gc,ref         ] GC(49) Skipped phase 3 of Reference Processing: no references
[23.535s][debug][gc,ref         ] GC(49) ReferenceProcessor::execute queues: 1, RefProcThreadModel::Single, marks_oops_alive: false
[23.535s][debug][gc,phases      ] GC(49) Reference Processing 0.113ms
[23.535s][debug][gc,phases      ] GC(49)   VM Weak                        Min:  0.0, Avg:  0.0, Max:  0.0, Diff:  0.0, Sum:  0.0, Workers: 4
[23.535s][debug][gc,phases      ] GC(49)     Dead                           Min: 0, Avg:  0.0, Max: 0, Diff: 0, Sum: 0, Workers: 4
[23.535s][debug][gc,phases      ] GC(49)     Total                          Min: 0, Avg: 147.5, Max: 576, Diff: 576, Sum: 590, Workers: 4
[23.535s][debug][gc,phases      ] GC(49)   ObjectSynchronizer Weak        Min:  0.0, Avg:  0.0, Max:  0.0, Diff:  0.0, Sum:  0.0, Workers: 4
[23.535s][debug][gc,phases      ] GC(49)     Dead                           Min: 0, Avg:  0.0, Max: 0, Diff: 0, Sum: 0, Workers: 4
[23.535s][debug][gc,phases      ] GC(49)     Total                          Min: 0, Avg: 84.8, Max: 192, Diff: 192, Sum: 339, Workers: 4
[23.535s][debug][gc,phases      ] GC(49)   JVMTI Tag Weak OopStorage      Min:  0.0, Avg:  0.0, Max:  0.0, Diff:  0.0, Sum:  0.0, Workers: 4
[23.535s][debug][gc,phases      ] GC(49)     Dead                           Min: 0, Avg:  0.0, Max: 0, Diff: 0, Sum: 0, Workers: 4
[23.535s][debug][gc,phases      ] GC(49)     Total                          Min: 0, Avg:  0.0, Max: 0, Diff: 0, Sum: 0, Workers: 4
[23.535s][debug][gc,phases      ] GC(49)   StringTable Weak               Min:  0.1, Avg:  0.1, Max:  0.1, Diff:  0.0, Sum:  0.4, Workers: 4
[23.535s][debug][gc,phases      ] GC(49)     Dead                           Min: 0, Avg:  2.8, Max: 11, Diff: 11, Sum: 11, Workers: 4
[23.535s][debug][gc,phases      ] GC(49)     Total                          Min: 9472, Avg: 10706.8, Max: 11904, Diff: 2432, Sum: 42827, Workers: 4
[23.535s][debug][gc,phases      ] GC(49)   ResolvedMethodTable Weak       Min:  0.0, Avg:  0.0, Max:  0.0, Diff:  0.0, Sum:  0.1, Workers: 4
[23.535s][debug][gc,phases      ] GC(49)     Dead                           Min: 0, Avg:  0.0, Max: 0, Diff: 0, Sum: 0, Workers: 4
[23.535s][debug][gc,phases      ] GC(49)     Total                          Min: 1629, Avg: 1783.2, Max: 1984, Diff: 355, Sum: 7133, Workers: 4
[23.535s][debug][gc,phases      ] GC(49)   JNI Weak                       Min:  0.0, Avg:  0.0, Max:  0.0, Diff:  0.0, Sum:  0.0, Workers: 4
[23.535s][debug][gc,phases      ] GC(49)     Dead                           Min: 0, Avg:  0.0, Max: 0, Diff: 0, Sum: 0, Workers: 4
[23.535s][debug][gc,phases      ] GC(49)     Total                          Min: 0, Avg:  0.0, Max: 0, Diff: 0, Sum: 0, Workers: 4
[23.535s][debug][gc,phases      ] GC(49)   StringDedup Table Weak         Min:  0.0, Avg:  0.0, Max:  0.0, Diff:  0.0, Sum:  0.0, Workers: 4
[23.535s][debug][gc,phases      ] GC(49)     Dead                           Min: 0, Avg:  0.0, Max: 0, Diff: 0, Sum: 0, Workers: 4
[23.535s][debug][gc,phases      ] GC(49)     Total                          Min: 0, Avg:  0.0, Max: 0, Diff: 0, Sum: 0, Workers: 4
[23.535s][debug][gc,phases      ] GC(49)   StringDedup Requests0 Weak     Min:  0.0, Avg:  0.0, Max:  0.0, Diff:  0.0, Sum:  0.0, Workers: 4
[23.535s][debug][gc,phases      ] GC(49)     Dead                           Min: 0, Avg:  0.0, Max: 0, Diff: 0, Sum: 0, Workers: 4
[23.535s][debug][gc,phases      ] GC(49)     Total                          Min: 0, Avg:  0.0, Max: 0, Diff: 0, Sum: 0, Workers: 4
[23.535s][debug][gc,phases      ] GC(49)   StringDedup Requests1 Weak     Min:  0.0, Avg:  0.0, Max:  0.0, Diff:  0.0, Sum:  0.0, Workers: 4
[23.535s][debug][gc,phases      ] GC(49)     Dead                           Min: 0, Avg:  0.0, Max: 0, Diff: 0, Sum: 0, Workers: 4
[23.535s][debug][gc,phases      ] GC(49)     Total                          Min: 0, Avg:  0.0, Max: 0, Diff: 0, Sum: 0, Workers: 4
[23.535s][debug][gc,phases      ] GC(49)   Weak JFR Old Object Samples    Min:  0.0, Avg:  0.0, Max:  0.0, Diff:  0.0, Sum:  0.0, Workers: 4
[23.535s][debug][gc,phases      ] GC(49)     Dead                           Min: 0, Avg:  0.0, Max: 0, Diff: 0, Sum: 0, Workers: 4
[23.535s][debug][gc,phases      ] GC(49)     Total                          Min: 0, Avg:  0.0, Max: 0, Diff: 0, Sum: 0, Workers: 4
[23.535s][debug][gc,phases      ] GC(49) Weak Processing 0.311ms
[23.535s][debug][gc,age         ] GC(49) Desired survivor size 365953024 bytes, new threshold 15 (max threshold 15)
[23.535s][info ][gc,heap        ] GC(49) PSYoungGen: 1399328K(1730048K)->44224K(1722368K) Eden: 1355264K(1355264K)->0K(1355264K) From: 44064K(374784K)->44224K(367104K)
[23.535s][info ][gc,heap        ] GC(49) ParOldGen: 479169K(590336K)->481185K(590336K)
[23.535s][info ][gc,metaspace   ] GC(49) Metaspace: 68419K(69184K)->68419K(69184K) NonClass: 58454K(58880K)->58454K(58880K) Class: 9965K(10304K)->9965K(10304K)
[23.535s][info ][gc             ] GC(49) Pause Young (Allocation Failure) 1834M->513M(2258M) 13.698ms
[23.535s][info ][gc,cpu         ] GC(49) User=0.06s Sys=0.00s Real=0.01s
[23.535s][info ][safepoint      ] Safepoint "ParallelGCFailedAllocation", Time since last: 24691727 ns, Reaching safepoint: 140503 ns, At safepoint: 13819196 ns, Total: 13959699 ns
[23.562s][info ][safepoint      ] Safepoint "ICBufferFull", Time since last: 26883474 ns, Reaching safepoint: 133703 ns, At safepoint: 25600 ns, Total: 159303 ns
[23.665s][info ][safepoint      ] Safepoint "ICBufferFull", Time since last: 102827697 ns, Reaching safepoint: 132403 ns, At safepoint: 25501 ns, Total: 157904 ns
[23.802s][info ][gc,start       ] GC(50) Pause Young (Allocation Failure)
[23.818s][debug][gc,phases      ] GC(50) Scavenge 15.126ms
[23.818s][debug][gc,ref         ] GC(50) Skipped phase 1 of Reference Processing: no references
[23.818s][debug][gc,ref         ] GC(50) ReferenceProcessor::execute queues: 1, RefProcThreadModel::Single, marks_oops_alive: false
[23.818s][debug][gc,ref         ] GC(50) Skipped phase 3 of Reference Processing: no references
[23.818s][debug][gc,ref         ] GC(50) ReferenceProcessor::execute queues: 1, RefProcThreadModel::Single, marks_oops_alive: false
[23.818s][debug][gc,phases      ] GC(50) Reference Processing 0.118ms
[23.818s][debug][gc,phases      ] GC(50)   VM Weak                        Min:  0.0, Avg:  0.0, Max:  0.0, Diff:  0.0, Sum:  0.0, Workers: 4
[23.818s][debug][gc,phases      ] GC(50)     Dead                           Min: 0, Avg:  0.0, Max: 0, Diff: 0, Sum: 0, Workers: 4
[23.818s][debug][gc,phases      ] GC(50)     Total                          Min: 0, Avg: 147.5, Max: 320, Diff: 320, Sum: 590, Workers: 4
[23.818s][debug][gc,phases      ] GC(50)   ObjectSynchronizer Weak        Min:  0.0, Avg:  0.0, Max:  0.0, Diff:  0.0, Sum:  0.0, Workers: 4
[23.818s][debug][gc,phases      ] GC(50)     Dead                           Min: 0, Avg:  0.0, Max: 0, Diff: 0, Sum: 0, Workers: 4
[23.818s][debug][gc,phases      ] GC(50)     Total                          Min: 0, Avg: 84.8, Max: 192, Diff: 192, Sum: 339, Workers: 4
[23.818s][debug][gc,phases      ] GC(50)   JVMTI Tag Weak OopStorage      Min:  0.0, Avg:  0.0, Max:  0.0, Diff:  0.0, Sum:  0.0, Workers: 4
[23.818s][debug][gc,phases      ] GC(50)     Dead                           Min: 0, Avg:  0.0, Max: 0, Diff: 0, Sum: 0, Workers: 4
[23.818s][debug][gc,phases      ] GC(50)     Total                          Min: 0, Avg:  0.0, Max: 0, Diff: 0, Sum: 0, Workers: 4
[23.818s][debug][gc,phases      ] GC(50)   StringTable Weak               Min:  0.1, Avg:  0.1, Max:  0.1, Diff:  0.0, Sum:  0.4, Workers: 4
[23.818s][debug][gc,phases      ] GC(50)     Dead                           Min: 0, Avg:  0.0, Max: 0, Diff: 0, Sum: 0, Workers: 4
[23.818s][debug][gc,phases      ] GC(50)     Total                          Min: 9920, Avg: 10706.8, Max: 11648, Diff: 1728, Sum: 42827, Workers: 4
[23.818s][debug][gc,phases      ] GC(50)   ResolvedMethodTable Weak       Min:  0.0, Avg:  0.0, Max:  0.0, Diff:  0.0, Sum:  0.1, Workers: 4
[23.818s][debug][gc,phases      ] GC(50)     Dead                           Min: 0, Avg:  0.0, Max: 0, Diff: 0, Sum: 0, Workers: 4
[23.818s][debug][gc,phases      ] GC(50)     Total                          Min: 1536, Avg: 1783.2, Max: 2077, Diff: 541, Sum: 7133, Workers: 4
[23.818s][debug][gc,phases      ] GC(50)   JNI Weak                       Min:  0.0, Avg:  0.0, Max:  0.0, Diff:  0.0, Sum:  0.0, Workers: 4
[23.818s][debug][gc,phases      ] GC(50)     Dead                           Min: 0, Avg:  0.0, Max: 0, Diff: 0, Sum: 0, Workers: 4
[23.818s][debug][gc,phases      ] GC(50)     Total                          Min: 0, Avg:  0.0, Max: 0, Diff: 0, Sum: 0, Workers: 4
[23.818s][debug][gc,phases      ] GC(50)   StringDedup Table Weak         Min:  0.0, Avg:  0.0, Max:  0.0, Diff:  0.0, Sum:  0.0, Workers: 4
[23.818s][debug][gc,phases      ] GC(50)     Dead                           Min: 0, Avg:  0.0, Max: 0, Diff: 0, Sum: 0, Workers: 4
[23.818s][debug][gc,phases      ] GC(50)     Total                          Min: 0, Avg:  0.0, Max: 0, Diff: 0, Sum: 0, Workers: 4
[23.818s][debug][gc,phases      ] GC(50)   StringDedup Requests0 Weak     Min:  0.0, Avg:  0.0, Max:  0.0, Diff:  0.0, Sum:  0.0, Workers: 4
[23.818s][debug][gc,phases      ] GC(50)     Dead                           Min: 0, Avg:  0.0, Max: 0, Diff: 0, Sum: 0, Workers: 4
[23.818s][debug][gc,phases      ] GC(50)     Total                          Min: 0, Avg:  0.0, Max: 0, Diff: 0, Sum: 0, Workers: 4
[23.818s][debug][gc,phases      ] GC(50)   StringDedup Requests1 Weak     Min:  0.0, Avg:  0.0, Max:  0.0, Diff:  0.0, Sum:  0.0, Workers: 4
[23.818s][debug][gc,phases      ] GC(50)     Dead                           Min: 0, Avg:  0.0, Max: 0, Diff: 0, Sum: 0, Workers: 4
[23.818s][debug][gc,phases      ] GC(50)     Total                          Min: 0, Avg:  0.0, Max: 0, Diff: 0, Sum: 0, Workers: 4
[23.818s][debug][gc,phases      ] GC(50)   Weak JFR Old Object Samples    Min:  0.0, Avg:  0.0, Max:  0.0, Diff:  0.0, Sum:  0.0, Workers: 4
[23.818s][debug][gc,phases      ] GC(50)     Dead                           Min: 0, Avg:  0.0, Max: 0, Diff: 0, Sum: 0, Workers: 4
[23.818s][debug][gc,phases      ] GC(50)     Total                          Min: 0, Avg:  0.0, Max: 0, Diff: 0, Sum: 0, Workers: 4
[23.818s][debug][gc,phases      ] GC(50) Weak Processing 0.291ms
[23.818s][debug][gc,age         ] GC(50) Desired survivor size 354942976 bytes, new threshold 15 (max threshold 15)
[23.818s][info ][gc,heap        ] GC(50) PSYoungGen: 1399488K(1722368K)->43198K(1750528K) Eden: 1355264K(1355264K)->0K(1393152K) From: 44224K(367104K)->43198K(357376K)
[23.818s][info ][gc,heap        ] GC(50) ParOldGen: 481185K(590336K)->484345K(590336K)
[23.818s][info ][gc,metaspace   ] GC(50) Metaspace: 68429K(69184K)->68429K(69184K) NonClass: 58463K(58880K)->58463K(58880K) Class: 9965K(10304K)->9965K(10304K)
[23.818s][info ][gc             ] GC(50) Pause Young (Allocation Failure) 1836M->515M(2286M) 15.676ms
[23.818s][info ][gc,cpu         ] GC(50) User=0.06s Sys=0.00s Real=0.02s
[23.818s][info ][safepoint      ] Safepoint "ParallelGCFailedAllocation", Time since last: 136931625 ns, Reaching safepoint: 133003 ns, At safepoint: 15791937 ns, Total: 15924940 ns
[23.879s][info ][safepoint      ] Safepoint "ICBufferFull", Time since last: 60873001 ns, Reaching safepoint: 135303 ns, At safepoint: 28700 ns, Total: 164003 ns
[23.995s][info ][safepoint      ] Safepoint "ICBufferFull", Time since last: 115618470 ns, Reaching safepoint: 141803 ns, At safepoint: 26901 ns, Total: 168704 ns
[24.012s][info ][safepoint      ] Safepoint "ICBufferFull", Time since last: 17202467 ns, Reaching safepoint: 121303 ns, At safepoint: 23200 ns, Total: 144503 ns
[24.045s][info ][safepoint      ] Safepoint "ICBufferFull", Time since last: 32046785 ns, Reaching safepoint: 143303 ns, At safepoint: 29001 ns, Total: 172304 ns
[24.047s][info ][gc,start       ] GC(51) Pause Young (Allocation Failure)
[24.064s][debug][gc,phases      ] GC(51) Scavenge 16.892ms
[24.064s][debug][gc,ref         ] GC(51) Skipped phase 1 of Reference Processing: no references
[24.064s][debug][gc,ref         ] GC(51) ReferenceProcessor::execute queues: 1, RefProcThreadModel::Single, marks_oops_alive: false
[24.064s][debug][gc,ref         ] GC(51) Skipped phase 3 of Reference Processing: no references
[24.064s][debug][gc,ref         ] GC(51) ReferenceProcessor::execute queues: 1, RefProcThreadModel::Single, marks_oops_alive: false
[24.064s][debug][gc,phases      ] GC(51) Reference Processing 0.107ms
[24.064s][debug][gc,phases      ] GC(51)   VM Weak                        Min:  0.0, Avg:  0.0, Max:  0.0, Diff:  0.0, Sum:  0.0, Workers: 4
[24.064s][debug][gc,phases      ] GC(51)     Dead                           Min: 0, Avg:  0.0, Max: 0, Diff: 0, Sum: 0, Workers: 4
[24.064s][debug][gc,phases      ] GC(51)     Total                          Min: 0, Avg: 147.5, Max: 462, Diff: 462, Sum: 590, Workers: 4
[24.064s][debug][gc,phases      ] GC(51)   ObjectSynchronizer Weak        Min:  0.0, Avg:  0.0, Max:  0.0, Diff:  0.0, Sum:  0.0, Workers: 4
[24.064s][debug][gc,phases      ] GC(51)     Dead                           Min: 0, Avg:  0.0, Max: 0, Diff: 0, Sum: 0, Workers: 4
[24.064s][debug][gc,phases      ] GC(51)     Total                          Min: 0, Avg: 84.8, Max: 211, Diff: 211, Sum: 339, Workers: 4
[24.064s][debug][gc,phases      ] GC(51)   JVMTI Tag Weak OopStorage      Min:  0.0, Avg:  0.0, Max:  0.0, Diff:  0.0, Sum:  0.0, Workers: 4
[24.064s][debug][gc,phases      ] GC(51)     Dead                           Min: 0, Avg:  0.0, Max: 0, Diff: 0, Sum: 0, Workers: 4
[24.064s][debug][gc,phases      ] GC(51)     Total                          Min: 0, Avg:  0.0, Max: 0, Diff: 0, Sum: 0, Workers: 4
[24.064s][debug][gc,phases      ] GC(51)   StringTable Weak               Min:  0.1, Avg:  0.1, Max:  0.1, Diff:  0.0, Sum:  0.4, Workers: 4
[24.064s][debug][gc,phases      ] GC(51)     Dead                           Min: 0, Avg:  2.8, Max: 6, Diff: 6, Sum: 11, Workers: 4
[24.064s][debug][gc,phases      ] GC(51)     Total                          Min: 9984, Avg: 10709.8, Max: 11520, Diff: 1536, Sum: 42839, Workers: 4
[24.064s][debug][gc,phases      ] GC(51)   ResolvedMethodTable Weak       Min:  0.0, Avg:  0.0, Max:  0.0, Diff:  0.0, Sum:  0.1, Workers: 4
[24.064s][debug][gc,phases      ] GC(51)     Dead                           Min: 0, Avg:  0.0, Max: 0, Diff: 0, Sum: 0, Workers: 4
[24.064s][debug][gc,phases      ] GC(51)     Total                          Min: 1693, Avg: 1783.2, Max: 1920, Diff: 227, Sum: 7133, Workers: 4
[24.065s][debug][gc,phases      ] GC(51)   JNI Weak                       Min:  0.0, Avg:  0.0, Max:  0.0, Diff:  0.0, Sum:  0.0, Workers: 4
[24.065s][debug][gc,phases      ] GC(51)     Dead                           Min: 0, Avg:  0.0, Max: 0, Diff: 0, Sum: 0, Workers: 4
[24.065s][debug][gc,phases      ] GC(51)     Total                          Min: 0, Avg:  0.0, Max: 0, Diff: 0, Sum: 0, Workers: 4
[24.065s][debug][gc,phases      ] GC(51)   StringDedup Table Weak         Min:  0.0, Avg:  0.0, Max:  0.0, Diff:  0.0, Sum:  0.0, Workers: 4
[24.065s][debug][gc,phases      ] GC(51)     Dead                           Min: 0, Avg:  0.0, Max: 0, Diff: 0, Sum: 0, Workers: 4
[24.065s][debug][gc,phases      ] GC(51)     Total                          Min: 0, Avg:  0.0, Max: 0, Diff: 0, Sum: 0, Workers: 4
[24.065s][debug][gc,phases      ] GC(51)   StringDedup Requests0 Weak     Min:  0.0, Avg:  0.0, Max:  0.0, Diff:  0.0, Sum:  0.0, Workers: 4
[24.065s][debug][gc,phases      ] GC(51)     Dead                           Min: 0, Avg:  0.0, Max: 0, Diff: 0, Sum: 0, Workers: 4
[24.065s][debug][gc,phases      ] GC(51)     Total                          Min: 0, Avg:  0.0, Max: 0, Diff: 0, Sum: 0, Workers: 4
[24.065s][debug][gc,phases      ] GC(51)   StringDedup Requests1 Weak     Min:  0.0, Avg:  0.0, Max:  0.0, Diff:  0.0, Sum:  0.0, Workers: 4
[24.065s][debug][gc,phases      ] GC(51)     Dead                           Min: 0, Avg:  0.0, Max: 0, Diff: 0, Sum: 0, Workers: 4
[24.065s][debug][gc,phases      ] GC(51)     Total                          Min: 0, Avg:  0.0, Max: 0, Diff: 0, Sum: 0, Workers: 4
[24.065s][debug][gc,phases      ] GC(51)   Weak JFR Old Object Samples    Min:  0.0, Avg:  0.0, Max:  0.0, Diff:  0.0, Sum:  0.0, Workers: 4
[24.065s][debug][gc,phases      ] GC(51)     Dead                           Min: 0, Avg:  0.0, Max: 0, Diff: 0, Sum: 0, Workers: 4
[24.065s][debug][gc,phases      ] GC(51)     Total                          Min: 0, Avg:  0.0, Max: 0, Diff: 0, Sum: 0, Workers: 4
[24.065s][debug][gc,phases      ] GC(51) Weak Processing 0.301ms
[24.065s][debug][gc,age         ] GC(51) Desired survivor size 343408640 bytes, new threshold 15 (max threshold 15)
[24.065s][info ][gc,heap        ] GC(51) PSYoungGen: 1436350K(1750528K)->42672K(1739776K) Eden: 1393152K(1393152K)->0K(1393152K) From: 43198K(357376K)->42672K(346624K)
[24.065s][info ][gc,heap        ] GC(51) ParOldGen: 484345K(590336K)->487345K(590336K)
[24.065s][info ][gc,metaspace   ] GC(51) Metaspace: 68442K(69184K)->68442K(69184K) NonClass: 58475K(58880K)->58475K(58880K) Class: 9966K(10304K)->9966K(10304K)
[24.065s][info ][gc             ] GC(51) Pause Young (Allocation Failure) 1875M->517M(2275M) 17.420ms
[24.065s][info ][gc,cpu         ] GC(51) User=0.06s Sys=0.01s Real=0.02s
[24.065s][info ][safepoint      ] Safepoint "ParallelGCFailedAllocation", Time since last: 2509553 ns, Reaching safepoint: 113203 ns, At safepoint: 17522974 ns, Total: 17636177 ns
[24.162s][info ][safepoint      ] Safepoint "ICBufferFull", Time since last: 96594264 ns, Reaching safepoint: 135603 ns, At safepoint: 107302 ns, Total: 242905 ns
[24.285s][info ][safepoint      ] Safepoint "ICBufferFull", Time since last: 122835324 ns, Reaching safepoint: 138603 ns, At safepoint: 23901 ns, Total: 162504 ns
[24.364s][info ][safepoint      ] Safepoint "ICBufferFull", Time since last: 79131490 ns, Reaching safepoint: 145703 ns, At safepoint: 30201 ns, Total: 175904 ns
[24.408s][info ][gc,start       ] GC(52) Pause Young (Allocation Failure)
[24.425s][debug][gc,phases      ] GC(52) Scavenge 16.703ms
[24.425s][debug][gc,ref         ] GC(52) Skipped phase 1 of Reference Processing: no references
[24.425s][debug][gc,ref         ] GC(52) ReferenceProcessor::execute queues: 1, RefProcThreadModel::Single, marks_oops_alive: false
[24.425s][debug][gc,ref         ] GC(52) Skipped phase 3 of Reference Processing: no references
[24.425s][debug][gc,ref         ] GC(52) ReferenceProcessor::execute queues: 1, RefProcThreadModel::Single, marks_oops_alive: false
[24.425s][debug][gc,phases      ] GC(52) Reference Processing 0.113ms
[24.425s][debug][gc,phases      ] GC(52)   VM Weak                        Min:  0.0, Avg:  0.0, Max:  0.0, Diff:  0.0, Sum:  0.0, Workers: 4
[24.425s][debug][gc,phases      ] GC(52)     Dead                           Min: 0, Avg:  0.0, Max: 0, Diff: 0, Sum: 0, Workers: 4
[24.425s][debug][gc,phases      ] GC(52)     Total                          Min: 14, Avg: 147.5, Max: 384, Diff: 370, Sum: 590, Workers: 4
[24.425s][debug][gc,phases      ] GC(52)   ObjectSynchronizer Weak        Min:  0.0, Avg:  0.0, Max:  0.0, Diff:  0.0, Sum:  0.0, Workers: 4
[24.425s][debug][gc,phases      ] GC(52)     Dead                           Min: 0, Avg:  0.0, Max: 0, Diff: 0, Sum: 0, Workers: 4
[24.425s][debug][gc,phases      ] GC(52)     Total                          Min: 19, Avg: 84.8, Max: 128, Diff: 109, Sum: 339, Workers: 4
[24.425s][debug][gc,phases      ] GC(52)   JVMTI Tag Weak OopStorage      Min:  0.0, Avg:  0.0, Max:  0.0, Diff:  0.0, Sum:  0.0, Workers: 4
[24.425s][debug][gc,phases      ] GC(52)     Dead                           Min: 0, Avg:  0.0, Max: 0, Diff: 0, Sum: 0, Workers: 4
[24.425s][debug][gc,phases      ] GC(52)     Total                          Min: 0, Avg:  0.0, Max: 0, Diff: 0, Sum: 0, Workers: 4
[24.425s][debug][gc,phases      ] GC(52)   StringTable Weak               Min:  0.1, Avg:  0.1, Max:  0.1, Diff:  0.0, Sum:  0.4, Workers: 4
[24.425s][debug][gc,phases      ] GC(52)     Dead                           Min: 0, Avg:  2.8, Max: 11, Diff: 11, Sum: 11, Workers: 4
[24.425s][debug][gc,phases      ] GC(52)     Total                          Min: 9792, Avg: 10710.0, Max: 11642, Diff: 1850, Sum: 42840, Workers: 4
[24.425s][debug][gc,phases      ] GC(52)   ResolvedMethodTable Weak       Min:  0.0, Avg:  0.0, Max:  0.0, Diff:  0.0, Sum:  0.1, Workers: 4
[24.425s][debug][gc,phases      ] GC(52)     Dead                           Min: 0, Avg:  0.0, Max: 0, Diff: 0, Sum: 0, Workers: 4
[24.425s][debug][gc,phases      ] GC(52)     Total                          Min: 1664, Avg: 1783.2, Max: 1949, Diff: 285, Sum: 7133, Workers: 4
[24.425s][debug][gc,phases      ] GC(52)   JNI Weak                       Min:  0.0, Avg:  0.0, Max:  0.0, Diff:  0.0, Sum:  0.0, Workers: 4
[24.425s][debug][gc,phases      ] GC(52)     Dead                           Min: 0, Avg:  0.0, Max: 0, Diff: 0, Sum: 0, Workers: 4
[24.425s][debug][gc,phases      ] GC(52)     Total                          Min: 0, Avg:  0.0, Max: 0, Diff: 0, Sum: 0, Workers: 4
[24.425s][debug][gc,phases      ] GC(52)   StringDedup Table Weak         Min:  0.0, Avg:  0.0, Max:  0.0, Diff:  0.0, Sum:  0.0, Workers: 4
[24.425s][debug][gc,phases      ] GC(52)     Dead                           Min: 0, Avg:  0.0, Max: 0, Diff: 0, Sum: 0, Workers: 4
[24.425s][debug][gc,phases      ] GC(52)     Total                          Min: 0, Avg:  0.0, Max: 0, Diff: 0, Sum: 0, Workers: 4
[24.425s][debug][gc,phases      ] GC(52)   StringDedup Requests0 Weak     Min:  0.0, Avg:  0.0, Max:  0.0, Diff:  0.0, Sum:  0.0, Workers: 4
[24.425s][debug][gc,phases      ] GC(52)     Dead                           Min: 0, Avg:  0.0, Max: 0, Diff: 0, Sum: 0, Workers: 4
[24.425s][debug][gc,phases      ] GC(52)     Total                          Min: 0, Avg:  0.0, Max: 0, Diff: 0, Sum: 0, Workers: 4
[24.425s][debug][gc,phases      ] GC(52)   StringDedup Requests1 Weak     Min:  0.0, Avg:  0.0, Max:  0.0, Diff:  0.0, Sum:  0.0, Workers: 4
[24.425s][debug][gc,phases      ] GC(52)     Dead                           Min: 0, Avg:  0.0, Max: 0, Diff: 0, Sum: 0, Workers: 4
[24.425s][debug][gc,phases      ] GC(52)     Total                          Min: 0, Avg:  0.0, Max: 0, Diff: 0, Sum: 0, Workers: 4
[24.425s][debug][gc,phases      ] GC(52)   Weak JFR Old Object Samples    Min:  0.0, Avg:  0.0, Max:  0.0, Diff:  0.0, Sum:  0.0, Workers: 4
[24.425s][debug][gc,phases      ] GC(52)     Dead                           Min: 0, Avg:  0.0, Max: 0, Diff: 0, Sum: 0, Workers: 4
[24.425s][debug][gc,phases      ] GC(52)     Total                          Min: 0, Avg:  0.0, Max: 0, Diff: 0, Sum: 0, Workers: 4
[24.425s][debug][gc,phases      ] GC(52) Weak Processing 0.315ms
[24.425s][debug][gc,age         ] GC(52) Desired survivor size 330825728 bytes, new threshold 15 (max threshold 15)
[24.425s][info ][gc,heap        ] GC(52) PSYoungGen: 1435824K(1739776K)->42871K(1774080K) Eden: 1393152K(1393152K)->0K(1438720K) From: 42672K(346624K)->42871K(335360K)
[24.425s][info ][gc,heap        ] GC(52) ParOldGen: 487345K(590336K)->490233K(590336K)
[24.425s][info ][gc,metaspace   ] GC(52) Metaspace: 68444K(69184K)->68444K(69184K) NonClass: 58477K(58880K)->58477K(58880K) Class: 9966K(10304K)->9966K(10304K)
[24.426s][info ][gc             ] GC(52) Pause Young (Allocation Failure) 1878M->520M(2309M) 17.270ms
[24.426s][info ][gc,cpu         ] GC(52) User=0.06s Sys=0.00s Real=0.01s
[24.426s][info ][safepoint      ] Safepoint "ParallelGCFailedAllocation", Time since last: 44226245 ns, Reaching safepoint: 146203 ns, At safepoint: 17371471 ns, Total: 17517674 ns
[24.550s][info ][safepoint      ] Safepoint "ICBufferFull", Time since last: 124625963 ns, Reaching safepoint: 135103 ns, At safepoint: 40500 ns, Total: 175603 ns
[24.604s][info ][safepoint      ] Safepoint "ICBufferFull", Time since last: 53936753 ns, Reaching safepoint: 136403 ns, At safepoint: 27700 ns, Total: 164103 ns
[24.668s][info ][safepoint      ] Safepoint "ICBufferFull", Time since last: 63645360 ns, Reaching safepoint: 137903 ns, At safepoint: 29801 ns, Total: 167704 ns
[24.671s][info ][gc,start       ] GC(53) Pause Young (Allocation Failure)
[24.686s][debug][gc,phases      ] GC(53) Scavenge 14.226ms
[24.686s][debug][gc,ref         ] GC(53) Skipped phase 1 of Reference Processing: no references
[24.686s][debug][gc,ref         ] GC(53) ReferenceProcessor::execute queues: 1, RefProcThreadModel::Single, marks_oops_alive: false
[24.686s][debug][gc,ref         ] GC(53) Skipped phase 3 of Reference Processing: no references
[24.686s][debug][gc,ref         ] GC(53) ReferenceProcessor::execute queues: 1, RefProcThreadModel::Single, marks_oops_alive: false
[24.686s][debug][gc,phases      ] GC(53) Reference Processing 0.109ms
[24.686s][debug][gc,phases      ] GC(53)   VM Weak                        Min:  0.0, Avg:  0.0, Max:  0.0, Diff:  0.0, Sum:  0.0, Workers: 4
[24.686s][debug][gc,phases      ] GC(53)     Dead                           Min: 0, Avg:  0.0, Max: 0, Diff: 0, Sum: 0, Workers: 4
[24.686s][debug][gc,phases      ] GC(53)     Total                          Min: 0, Avg: 147.5, Max: 590, Diff: 590, Sum: 590, Workers: 4
[24.686s][debug][gc,phases      ] GC(53)   ObjectSynchronizer Weak        Min:  0.0, Avg:  0.0, Max:  0.0, Diff:  0.0, Sum:  0.0, Workers: 4
[24.686s][debug][gc,phases      ] GC(53)     Dead                           Min: 0, Avg:  0.0, Max: 0, Diff: 0, Sum: 0, Workers: 4
[24.686s][debug][gc,phases      ] GC(53)     Total                          Min: 0, Avg: 84.8, Max: 339, Diff: 339, Sum: 339, Workers: 4
[24.686s][debug][gc,phases      ] GC(53)   JVMTI Tag Weak OopStorage      Min:  0.0, Avg:  0.0, Max:  0.0, Diff:  0.0, Sum:  0.0, Workers: 4
[24.686s][debug][gc,phases      ] GC(53)     Dead                           Min: 0, Avg:  0.0, Max: 0, Diff: 0, Sum: 0, Workers: 4
[24.686s][debug][gc,phases      ] GC(53)     Total                          Min: 0, Avg:  0.0, Max: 0, Diff: 0, Sum: 0, Workers: 4
[24.686s][debug][gc,phases      ] GC(53)   StringTable Weak               Min:  0.1, Avg:  0.1, Max:  0.1, Diff:  0.0, Sum:  0.4, Workers: 4
[24.686s][debug][gc,phases      ] GC(53)     Dead                           Min: 0, Avg:  0.5, Max: 2, Diff: 2, Sum: 2, Workers: 4
[24.686s][debug][gc,phases      ] GC(53)     Total                          Min: 9728, Avg: 10720.2, Max: 11777, Diff: 2049, Sum: 42881, Workers: 4
[24.686s][debug][gc,phases      ] GC(53)   ResolvedMethodTable Weak       Min:  0.0, Avg:  0.0, Max:  0.0, Diff:  0.0, Sum:  0.1, Workers: 4
[24.686s][debug][gc,phases      ] GC(53)     Dead                           Min: 0, Avg:  4.2, Max: 17, Diff: 17, Sum: 17, Workers: 4
[24.686s][debug][gc,phases      ] GC(53)     Total                          Min: 1599, Avg: 1784.8, Max: 2095, Diff: 496, Sum: 7139, Workers: 4
[24.686s][debug][gc,phases      ] GC(53)   JNI Weak                       Min:  0.0, Avg:  0.0, Max:  0.0, Diff:  0.0, Sum:  0.0, Workers: 4
[24.686s][debug][gc,phases      ] GC(53)     Dead                           Min: 0, Avg:  0.0, Max: 0, Diff: 0, Sum: 0, Workers: 4
[24.686s][debug][gc,phases      ] GC(53)     Total                          Min: 0, Avg:  0.2, Max: 1, Diff: 1, Sum: 1, Workers: 4
[24.686s][debug][gc,phases      ] GC(53)   StringDedup Table Weak         Min:  0.0, Avg:  0.0, Max:  0.0, Diff:  0.0, Sum:  0.0, Workers: 4
[24.686s][debug][gc,phases      ] GC(53)     Dead                           Min: 0, Avg:  0.0, Max: 0, Diff: 0, Sum: 0, Workers: 4
[24.686s][debug][gc,phases      ] GC(53)     Total                          Min: 0, Avg:  0.0, Max: 0, Diff: 0, Sum: 0, Workers: 4
[24.686s][debug][gc,phases      ] GC(53)   StringDedup Requests0 Weak     Min:  0.0, Avg:  0.0, Max:  0.0, Diff:  0.0, Sum:  0.0, Workers: 4
[24.686s][debug][gc,phases      ] GC(53)     Dead                           Min: 0, Avg:  0.0, Max: 0, Diff: 0, Sum: 0, Workers: 4
[24.686s][debug][gc,phases      ] GC(53)     Total                          Min: 0, Avg:  0.0, Max: 0, Diff: 0, Sum: 0, Workers: 4
[24.686s][debug][gc,phases      ] GC(53)   StringDedup Requests1 Weak     Min:  0.0, Avg:  0.0, Max:  0.0, Diff:  0.0, Sum:  0.0, Workers: 4
[24.686s][debug][gc,phases      ] GC(53)     Dead                           Min: 0, Avg:  0.0, Max: 0, Diff: 0, Sum: 0, Workers: 4
[24.686s][debug][gc,phases      ] GC(53)     Total                          Min: 0, Avg:  0.0, Max: 0, Diff: 0, Sum: 0, Workers: 4
[24.686s][debug][gc,phases      ] GC(53)   Weak JFR Old Object Samples    Min:  0.0, Avg:  0.0, Max:  0.0, Diff:  0.0, Sum:  0.0, Workers: 4
[24.686s][debug][gc,phases      ] GC(53)     Dead                           Min: 0, Avg:  0.0, Max: 0, Diff: 0, Sum: 0, Workers: 4
[24.686s][debug][gc,phases      ] GC(53)     Total                          Min: 0, Avg:  0.0, Max: 0, Diff: 0, Sum: 0, Workers: 4
[24.686s][debug][gc,phases      ] GC(53) Weak Processing 0.300ms
[24.686s][debug][gc,age         ] GC(53) Desired survivor size 317718528 bytes, new threshold 15 (max threshold 15)
[24.686s][info ][gc,heap        ] GC(53) PSYoungGen: 1481591K(1774080K)->41648K(1761792K) Eden: 1438720K(1438720K)->0K(1438720K) From: 42871K(335360K)->41648K(323072K)
[24.686s][info ][gc,heap        ] GC(53) ParOldGen: 490233K(590336K)->494113K(590336K)
[24.686s][info ][gc,metaspace   ] GC(53) Metaspace: 68532K(69248K)->68532K(69248K) NonClass: 58558K(58944K)->58558K(58944K) Class: 9973K(10304K)->9973K(10304K)
[24.686s][info ][gc             ] GC(53) Pause Young (Allocation Failure) 1925M->523M(2297M) 14.759ms
[24.686s][info ][gc,cpu         ] GC(53) User=0.05s Sys=0.01s Real=0.01s
[24.686s][info ][safepoint      ] Safepoint "ParallelGCFailedAllocation", Time since last: 2820760 ns, Reaching safepoint: 111802 ns, At safepoint: 14865918 ns, Total: 14977720 ns
[24.844s][info ][safepoint      ] Safepoint "ICBufferFull", Time since last: 158029176 ns, Reaching safepoint: 146703 ns, At safepoint: 28801 ns, Total: 175504 ns
[24.852s][info ][safepoint      ] Safepoint "ICBufferFull", Time since last: 7867768 ns, Reaching safepoint: 104402 ns, At safepoint: 27301 ns, Total: 131703 ns
[25.059s][info ][safepoint      ] Safepoint "ICBufferFull", Time since last: 206114103 ns, Reaching safepoint: 138103 ns, At safepoint: 30601 ns, Total: 168704 ns
[25.076s][info ][gc,start       ] GC(54) Pause Young (Allocation Failure)
[25.099s][debug][gc,phases      ] GC(54) Scavenge 23.218ms
[25.099s][debug][gc,ref         ] GC(54) Skipped phase 1 of Reference Processing: no references
[25.099s][debug][gc,ref         ] GC(54) ReferenceProcessor::execute queues: 1, RefProcThreadModel::Single, marks_oops_alive: false
[25.099s][debug][gc,ref         ] GC(54) Skipped phase 3 of Reference Processing: no references
[25.099s][debug][gc,ref         ] GC(54) ReferenceProcessor::execute queues: 1, RefProcThreadModel::Single, marks_oops_alive: false
[25.099s][debug][gc,phases      ] GC(54) Reference Processing 0.110ms
[25.099s][debug][gc,phases      ] GC(54)   VM Weak                        Min:  0.0, Avg:  0.0, Max:  0.0, Diff:  0.0, Sum:  0.0, Workers: 4
[25.099s][debug][gc,phases      ] GC(54)     Dead                           Min: 0, Avg:  0.0, Max: 0, Diff: 0, Sum: 0, Workers: 4
[25.099s][debug][gc,phases      ] GC(54)     Total                          Min: 0, Avg: 148.2, Max: 384, Diff: 384, Sum: 593, Workers: 4
[25.099s][debug][gc,phases      ] GC(54)   ObjectSynchronizer Weak        Min:  0.0, Avg:  0.0, Max:  0.0, Diff:  0.0, Sum:  0.0, Workers: 4
[25.099s][debug][gc,phases      ] GC(54)     Dead                           Min: 0, Avg:  0.0, Max: 0, Diff: 0, Sum: 0, Workers: 4
[25.099s][debug][gc,phases      ] GC(54)     Total                          Min: 0, Avg: 84.8, Max: 192, Diff: 192, Sum: 339, Workers: 4
[25.099s][debug][gc,phases      ] GC(54)   JVMTI Tag Weak OopStorage      Min:  0.0, Avg:  0.0, Max:  0.0, Diff:  0.0, Sum:  0.0, Workers: 4
[25.099s][debug][gc,phases      ] GC(54)     Dead                           Min: 0, Avg:  0.0, Max: 0, Diff: 0, Sum: 0, Workers: 4
[25.099s][debug][gc,phases      ] GC(54)     Total                          Min: 0, Avg:  0.0, Max: 0, Diff: 0, Sum: 0, Workers: 4
[25.099s][debug][gc,phases      ] GC(54)   StringTable Weak               Min:  0.1, Avg:  0.1, Max:  0.1, Diff:  0.0, Sum:  0.4, Workers: 4
[25.099s][debug][gc,phases      ] GC(54)     Dead                           Min: 0, Avg:  2.8, Max: 11, Diff: 11, Sum: 11, Workers: 4
[25.099s][debug][gc,phases      ] GC(54)     Total                          Min: 9408, Avg: 10726.5, Max: 12352, Diff: 2944, Sum: 42906, Workers: 4
[25.099s][debug][gc,phases      ] GC(54)   ResolvedMethodTable Weak       Min:  0.0, Avg:  0.0, Max:  0.0, Diff:  0.0, Sum:  0.1, Workers: 4
[25.099s][debug][gc,phases      ] GC(54)     Dead                           Min: 0, Avg:  0.0, Max: 0, Diff: 0, Sum: 0, Workers: 4
[25.099s][debug][gc,phases      ] GC(54)     Total                          Min: 1600, Avg: 1788.5, Max: 2106, Diff: 506, Sum: 7154, Workers: 4
[25.099s][debug][gc,phases      ] GC(54)   JNI Weak                       Min:  0.0, Avg:  0.0, Max:  0.0, Diff:  0.0, Sum:  0.0, Workers: 4
[25.099s][debug][gc,phases      ] GC(54)     Dead                           Min: 0, Avg:  0.0, Max: 0, Diff: 0, Sum: 0, Workers: 4
[25.099s][debug][gc,phases      ] GC(54)     Total                          Min: 0, Avg:  6.0, Max: 24, Diff: 24, Sum: 24, Workers: 4
[25.099s][debug][gc,phases      ] GC(54)   StringDedup Table Weak         Min:  0.0, Avg:  0.0, Max:  0.0, Diff:  0.0, Sum:  0.0, Workers: 4
[25.099s][debug][gc,phases      ] GC(54)     Dead                           Min: 0, Avg:  0.0, Max: 0, Diff: 0, Sum: 0, Workers: 4
[25.099s][debug][gc,phases      ] GC(54)     Total                          Min: 0, Avg:  0.0, Max: 0, Diff: 0, Sum: 0, Workers: 4
[25.099s][debug][gc,phases      ] GC(54)   StringDedup Requests0 Weak     Min:  0.0, Avg:  0.0, Max:  0.0, Diff:  0.0, Sum:  0.0, Workers: 4
[25.099s][debug][gc,phases      ] GC(54)     Dead                           Min: 0, Avg:  0.0, Max: 0, Diff: 0, Sum: 0, Workers: 4
[25.099s][debug][gc,phases      ] GC(54)     Total                          Min: 0, Avg:  0.0, Max: 0, Diff: 0, Sum: 0, Workers: 4
[25.099s][debug][gc,phases      ] GC(54)   StringDedup Requests1 Weak     Min:  0.0, Avg:  0.0, Max:  0.0, Diff:  0.0, Sum:  0.0, Workers: 4
[25.099s][debug][gc,phases      ] GC(54)     Dead                           Min: 0, Avg:  0.0, Max: 0, Diff: 0, Sum: 0, Workers: 4
[25.099s][debug][gc,phases      ] GC(54)     Total                          Min: 0, Avg:  0.0, Max: 0, Diff: 0, Sum: 0, Workers: 4
[25.099s][debug][gc,phases      ] GC(54)   Weak JFR Old Object Samples    Min:  0.0, Avg:  0.0, Max:  0.0, Diff:  0.0, Sum:  0.0, Workers: 4
[25.099s][debug][gc,phases      ] GC(54)     Dead                           Min: 0, Avg:  0.0, Max: 0, Diff: 0, Sum: 0, Workers: 4
[25.099s][debug][gc,phases      ] GC(54)     Total                          Min: 0, Avg:  0.0, Max: 0, Diff: 0, Sum: 0, Workers: 4
[25.099s][debug][gc,phases      ] GC(54) Weak Processing 0.306ms
[25.099s][debug][gc,age         ] GC(54) Desired survivor size 304611328 bytes, new threshold 15 (max threshold 15)
[25.099s][info ][gc,heap        ] GC(54) PSYoungGen: 1480368K(1761792K)->42460K(1799680K) Eden: 1438720K(1438720K)->0K(1489408K) From: 41648K(323072K)->42460K(310272K)
[25.099s][info ][gc,heap        ] GC(54) ParOldGen: 494113K(590336K)->499377K(590336K)
[25.099s][info ][gc,metaspace   ] GC(54) Metaspace: 68644K(69440K)->68644K(69440K) NonClass: 58657K(59072K)->58657K(59072K) Class: 9987K(10368K)->9987K(10368K)
[25.099s][info ][gc             ] GC(54) Pause Young (Allocation Failure) 1928M->529M(2334M) 23.771ms
[25.100s][info ][gc,cpu         ] GC(54) User=0.08s Sys=0.00s Real=0.03s
[25.100s][info ][safepoint      ] Safepoint "ParallelGCFailedAllocation", Time since last: 16967762 ns, Reaching safepoint: 134903 ns, At safepoint: 23887910 ns, Total: 24022813 ns
[25.217s][info ][safepoint      ] Safepoint "ICBufferFull", Time since last: 116935099 ns, Reaching safepoint: 126502 ns, At safepoint: 29901 ns, Total: 156403 ns
[25.369s][info ][safepoint      ] Safepoint "ICBufferFull", Time since last: 151896045 ns, Reaching safepoint: 129303 ns, At safepoint: 26500 ns, Total: 155803 ns
[25.371s][info ][gc,start       ] GC(55) Pause Young (Allocation Failure)
[25.388s][debug][gc,phases      ] GC(55) Scavenge 16.922ms
[25.388s][debug][gc,ref         ] GC(55) Skipped phase 1 of Reference Processing: no references
[25.389s][debug][gc,ref         ] GC(55) ReferenceProcessor::execute queues: 1, RefProcThreadModel::Single, marks_oops_alive: false
[25.389s][debug][gc,ref         ] GC(55) Skipped phase 3 of Reference Processing: no references
[25.389s][debug][gc,ref         ] GC(55) ReferenceProcessor::execute queues: 1, RefProcThreadModel::Single, marks_oops_alive: false
[25.389s][debug][gc,phases      ] GC(55) Reference Processing 0.113ms
[25.389s][debug][gc,phases      ] GC(55)   VM Weak                        Min:  0.0, Avg:  0.0, Max:  0.0, Diff:  0.0, Sum:  0.0, Workers: 4
[25.389s][debug][gc,phases      ] GC(55)     Dead                           Min: 0, Avg:  0.0, Max: 0, Diff: 0, Sum: 0, Workers: 4
[25.389s][debug][gc,phases      ] GC(55)     Total                          Min: 0, Avg: 148.2, Max: 593, Diff: 593, Sum: 593, Workers: 4
[25.389s][debug][gc,phases      ] GC(55)   ObjectSynchronizer Weak        Min:  0.0, Avg:  0.0, Max:  0.0, Diff:  0.0, Sum:  0.0, Workers: 4
[25.389s][debug][gc,phases      ] GC(55)     Dead                           Min: 0, Avg:  0.0, Max: 0, Diff: 0, Sum: 0, Workers: 4
[25.389s][debug][gc,phases      ] GC(55)     Total                          Min: 0, Avg: 84.8, Max: 211, Diff: 211, Sum: 339, Workers: 4
[25.389s][debug][gc,phases      ] GC(55)   JVMTI Tag Weak OopStorage      Min:  0.0, Avg:  0.0, Max:  0.0, Diff:  0.0, Sum:  0.0, Workers: 4
[25.389s][debug][gc,phases      ] GC(55)     Dead                           Min: 0, Avg:  0.0, Max: 0, Diff: 0, Sum: 0, Workers: 4
[25.389s][debug][gc,phases      ] GC(55)     Total                          Min: 0, Avg:  0.0, Max: 0, Diff: 0, Sum: 0, Workers: 4
[25.389s][debug][gc,phases      ] GC(55)   StringTable Weak               Min:  0.1, Avg:  0.1, Max:  0.1, Diff:  0.0, Sum:  0.4, Workers: 4
[25.389s][debug][gc,phases      ] GC(55)     Dead                           Min: 0, Avg:  0.0, Max: 0, Diff: 0, Sum: 0, Workers: 4
[25.389s][debug][gc,phases      ] GC(55)     Total                          Min: 10240, Avg: 10726.5, Max: 11509, Diff: 1269, Sum: 42906, Workers: 4
[25.389s][debug][gc,phases      ] GC(55)   ResolvedMethodTable Weak       Min:  0.0, Avg:  0.0, Max:  0.0, Diff:  0.0, Sum:  0.1, Workers: 4
[25.389s][debug][gc,phases      ] GC(55)     Dead                           Min: 0, Avg:  0.0, Max: 0, Diff: 0, Sum: 0, Workers: 4
[25.389s][debug][gc,phases      ] GC(55)     Total                          Min: 1722, Avg: 1788.5, Max: 1978, Diff: 256, Sum: 7154, Workers: 4
[25.389s][debug][gc,phases      ] GC(55)   JNI Weak                       Min:  0.0, Avg:  0.0, Max:  0.0, Diff:  0.0, Sum:  0.0, Workers: 4
[25.389s][debug][gc,phases      ] GC(55)     Dead                           Min: 0, Avg:  0.0, Max: 0, Diff: 0, Sum: 0, Workers: 4
[25.389s][debug][gc,phases      ] GC(55)     Total                          Min: 0, Avg:  0.0, Max: 0, Diff: 0, Sum: 0, Workers: 4
[25.389s][debug][gc,phases      ] GC(55)   StringDedup Table Weak         Min:  0.0, Avg:  0.0, Max:  0.0, Diff:  0.0, Sum:  0.0, Workers: 4
[25.389s][debug][gc,phases      ] GC(55)     Dead                           Min: 0, Avg:  0.0, Max: 0, Diff: 0, Sum: 0, Workers: 4
[25.389s][debug][gc,phases      ] GC(55)     Total                          Min: 0, Avg:  0.0, Max: 0, Diff: 0, Sum: 0, Workers: 4
[25.389s][debug][gc,phases      ] GC(55)   StringDedup Requests0 Weak     Min:  0.0, Avg:  0.0, Max:  0.0, Diff:  0.0, Sum:  0.0, Workers: 4
[25.389s][debug][gc,phases      ] GC(55)     Dead                           Min: 0, Avg:  0.0, Max: 0, Diff: 0, Sum: 0, Workers: 4
[25.389s][debug][gc,phases      ] GC(55)     Total                          Min: 0, Avg:  0.0, Max: 0, Diff: 0, Sum: 0, Workers: 4
[25.389s][debug][gc,phases      ] GC(55)   StringDedup Requests1 Weak     Min:  0.0, Avg:  0.0, Max:  0.0, Diff:  0.0, Sum:  0.0, Workers: 4
[25.389s][debug][gc,phases      ] GC(55)     Dead                           Min: 0, Avg:  0.0, Max: 0, Diff: 0, Sum: 0, Workers: 4
[25.389s][debug][gc,phases      ] GC(55)     Total                          Min: 0, Avg:  0.0, Max: 0, Diff: 0, Sum: 0, Workers: 4
[25.389s][debug][gc,phases      ] GC(55)   Weak JFR Old Object Samples    Min:  0.0, Avg:  0.0, Max:  0.0, Diff:  0.0, Sum:  0.0, Workers: 4
[25.389s][debug][gc,phases      ] GC(55)     Dead                           Min: 0, Avg:  0.0, Max: 0, Diff: 0, Sum: 0, Workers: 4
[25.389s][debug][gc,phases      ] GC(55)     Total                          Min: 0, Avg:  0.0, Max: 0, Diff: 0, Sum: 0, Workers: 4
[25.389s][debug][gc,phases      ] GC(55) Weak Processing 0.299ms
[25.389s][debug][gc,age         ] GC(55) Desired survivor size 291504128 bytes, new threshold 15 (max threshold 15)
[25.389s][info ][gc,heap        ] GC(55) PSYoungGen: 1531868K(1799680K)->40016K(1786880K) Eden: 1489408K(1489408K)->0K(1489408K) From: 42460K(310272K)->40016K(297472K)
[25.389s][info ][gc,heap        ] GC(55) ParOldGen: 499377K(590336K)->504761K(590336K)
[25.389s][info ][gc,metaspace   ] GC(55) Metaspace: 68644K(69440K)->68644K(69440K) NonClass: 58657K(59072K)->58657K(59072K) Class: 9987K(10368K)->9987K(10368K)
[25.389s][info ][gc             ] GC(55) Pause Young (Allocation Failure) 1983M->532M(2321M) 17.456ms
[25.389s][info ][gc,cpu         ] GC(55) User=0.07s Sys=0.00s Real=0.02s
[25.389s][info ][safepoint      ] Safepoint "ParallelGCFailedAllocation", Time since last: 2583055 ns, Reaching safepoint: 110103 ns, At safepoint: 17563475 ns, Total: 17673578 ns
[25.511s][info ][safepoint      ] Safepoint "ICBufferFull", Time since last: 121457295 ns, Reaching safepoint: 127603 ns, At safepoint: 36200 ns, Total: 163803 ns
[25.620s][info ][safepoint      ] Safepoint "ICBufferFull", Time since last: 109637743 ns, Reaching safepoint: 140803 ns, At safepoint: 41001 ns, Total: 181804 ns
[25.662s][info ][gc,start       ] GC(56) Pause Young (Allocation Failure)
[25.680s][debug][gc,phases      ] GC(56) Scavenge 17.228ms
[25.680s][debug][gc,ref         ] GC(56) Skipped phase 1 of Reference Processing: no references
[25.680s][debug][gc,ref         ] GC(56) ReferenceProcessor::execute queues: 1, RefProcThreadModel::Single, marks_oops_alive: false
[25.680s][debug][gc,ref         ] GC(56) Skipped phase 3 of Reference Processing: no references
[25.680s][debug][gc,ref         ] GC(56) ReferenceProcessor::execute queues: 1, RefProcThreadModel::Single, marks_oops_alive: false
[25.680s][debug][gc,phases      ] GC(56) Reference Processing 0.110ms
[25.680s][debug][gc,phases      ] GC(56)   VM Weak                        Min:  0.0, Avg:  0.0, Max:  0.0, Diff:  0.0, Sum:  0.0, Workers: 4
[25.680s][debug][gc,phases      ] GC(56)     Dead                           Min: 0, Avg:  0.0, Max: 0, Diff: 0, Sum: 0, Workers: 4
[25.680s][debug][gc,phases      ] GC(56)     Total                          Min: 0, Avg: 148.2, Max: 465, Diff: 465, Sum: 593, Workers: 4
[25.680s][debug][gc,phases      ] GC(56)   ObjectSynchronizer Weak        Min:  0.0, Avg:  0.0, Max:  0.0, Diff:  0.0, Sum:  0.0, Workers: 4
[25.680s][debug][gc,phases      ] GC(56)     Dead                           Min: 0, Avg:  0.0, Max: 0, Diff: 0, Sum: 0, Workers: 4
[25.680s][debug][gc,phases      ] GC(56)     Total                          Min: 0, Avg: 84.8, Max: 128, Diff: 128, Sum: 339, Workers: 4
[25.680s][debug][gc,phases      ] GC(56)   JVMTI Tag Weak OopStorage      Min:  0.0, Avg:  0.0, Max:  0.0, Diff:  0.0, Sum:  0.0, Workers: 4
[25.680s][debug][gc,phases      ] GC(56)     Dead                           Min: 0, Avg:  0.0, Max: 0, Diff: 0, Sum: 0, Workers: 4
[25.680s][debug][gc,phases      ] GC(56)     Total                          Min: 0, Avg:  0.0, Max: 0, Diff: 0, Sum: 0, Workers: 4
[25.680s][debug][gc,phases      ] GC(56)   StringTable Weak               Min:  0.1, Avg:  0.1, Max:  0.1, Diff:  0.0, Sum:  0.4, Workers: 4
[25.680s][debug][gc,phases      ] GC(56)     Dead                           Min: 0, Avg:  2.8, Max: 11, Diff: 11, Sum: 11, Workers: 4
[25.680s][debug][gc,phases      ] GC(56)     Total                          Min: 9792, Avg: 10726.8, Max: 11392, Diff: 1600, Sum: 42907, Workers: 4
[25.680s][debug][gc,phases      ] GC(56)   ResolvedMethodTable Weak       Min:  0.0, Avg:  0.0, Max:  0.0, Diff:  0.0, Sum:  0.1, Workers: 4
[25.680s][debug][gc,phases      ] GC(56)     Dead                           Min: 0, Avg:  0.0, Max: 0, Diff: 0, Sum: 0, Workers: 4
[25.680s][debug][gc,phases      ] GC(56)     Total                          Min: 1594, Avg: 1788.5, Max: 2042, Diff: 448, Sum: 7154, Workers: 4
[25.680s][debug][gc,phases      ] GC(56)   JNI Weak                       Min:  0.0, Avg:  0.0, Max:  0.0, Diff:  0.0, Sum:  0.0, Workers: 4
[25.680s][debug][gc,phases      ] GC(56)     Dead                           Min: 0, Avg:  0.0, Max: 0, Diff: 0, Sum: 0, Workers: 4
[25.680s][debug][gc,phases      ] GC(56)     Total                          Min: 0, Avg:  0.0, Max: 0, Diff: 0, Sum: 0, Workers: 4
[25.680s][debug][gc,phases      ] GC(56)   StringDedup Table Weak         Min:  0.0, Avg:  0.0, Max:  0.0, Diff:  0.0, Sum:  0.0, Workers: 4
[25.680s][debug][gc,phases      ] GC(56)     Dead                           Min: 0, Avg:  0.0, Max: 0, Diff: 0, Sum: 0, Workers: 4
[25.680s][debug][gc,phases      ] GC(56)     Total                          Min: 0, Avg:  0.0, Max: 0, Diff: 0, Sum: 0, Workers: 4
[25.680s][debug][gc,phases      ] GC(56)   StringDedup Requests0 Weak     Min:  0.0, Avg:  0.0, Max:  0.0, Diff:  0.0, Sum:  0.0, Workers: 4
[25.680s][debug][gc,phases      ] GC(56)     Dead                           Min: 0, Avg:  0.0, Max: 0, Diff: 0, Sum: 0, Workers: 4
[25.680s][debug][gc,phases      ] GC(56)     Total                          Min: 0, Avg:  0.0, Max: 0, Diff: 0, Sum: 0, Workers: 4
[25.680s][debug][gc,phases      ] GC(56)   StringDedup Requests1 Weak     Min:  0.0, Avg:  0.0, Max:  0.0, Diff:  0.0, Sum:  0.0, Workers: 4
[25.680s][debug][gc,phases      ] GC(56)     Dead                           Min: 0, Avg:  0.0, Max: 0, Diff: 0, Sum: 0, Workers: 4
[25.680s][debug][gc,phases      ] GC(56)     Total                          Min: 0, Avg:  0.0, Max: 0, Diff: 0, Sum: 0, Workers: 4
[25.680s][debug][gc,phases      ] GC(56)   Weak JFR Old Object Samples    Min:  0.0, Avg:  0.0, Max:  0.0, Diff:  0.0, Sum:  0.0, Workers: 4
[25.680s][debug][gc,phases      ] GC(56)     Dead                           Min: 0, Avg:  0.0, Max: 0, Diff: 0, Sum: 0, Workers: 4
[25.680s][debug][gc,phases      ] GC(56)     Total                          Min: 0, Avg:  0.0, Max: 0, Diff: 0, Sum: 0, Workers: 4
[25.680s][debug][gc,phases      ] GC(56) Weak Processing 0.330ms
[25.680s][debug][gc,age         ] GC(56) Desired survivor size 278396928 bytes, new threshold 15 (max threshold 15)
[25.680s][info ][gc,heap        ] GC(56) PSYoungGen: 1529424K(1786880K)->39536K(1825280K) Eden: 1489408K(1489408K)->0K(1540608K) From: 40016K(297472K)->39536K(284672K)
[25.680s][info ][gc,heap        ] GC(56) ParOldGen: 504761K(590336K)->507137K(590336K)
[25.680s][info ][gc,metaspace   ] GC(56) Metaspace: 68646K(69440K)->68646K(69440K) NonClass: 58659K(59072K)->58659K(59072K) Class: 9987K(10368K)->9987K(10368K)
[25.680s][info ][gc             ] GC(56) Pause Young (Allocation Failure) 1986M->533M(2359M) 17.806ms
[25.680s][info ][gc,cpu         ] GC(56) User=0.06s Sys=0.00s Real=0.02s
[25.680s][info ][safepoint      ] Safepoint "ParallelGCFailedAllocation", Time since last: 41807893 ns, Reaching safepoint: 145203 ns, At safepoint: 17919683 ns, Total: 18064886 ns
[25.768s][info ][safepoint      ] Safepoint "ICBufferFull", Time since last: 87050459 ns, Reaching safepoint: 138803 ns, At safepoint: 29201 ns, Total: 168004 ns
[25.890s][info ][safepoint      ] Safepoint "ICBufferFull", Time since last: 122659221 ns, Reaching safepoint: 141303 ns, At safepoint: 26800 ns, Total: 168103 ns
[25.966s][info ][safepoint      ] Safepoint "ICBufferFull", Time since last: 75420811 ns, Reaching safepoint: 152404 ns, At safepoint: 27300 ns, Total: 179704 ns
[25.995s][info ][gc,start       ] GC(57) Pause Young (Allocation Failure)
[26.014s][debug][gc,phases      ] GC(57) Scavenge 18.008ms
[26.014s][debug][gc,ref         ] GC(57) Skipped phase 1 of Reference Processing: no references
[26.014s][debug][gc,ref         ] GC(57) ReferenceProcessor::execute queues: 1, RefProcThreadModel::Single, marks_oops_alive: false
[26.014s][debug][gc,ref         ] GC(57) Skipped phase 3 of Reference Processing: no references
[26.014s][debug][gc,ref         ] GC(57) ReferenceProcessor::execute queues: 1, RefProcThreadModel::Single, marks_oops_alive: false
[26.014s][debug][gc,phases      ] GC(57) Reference Processing 0.106ms
[26.014s][debug][gc,phases      ] GC(57)   VM Weak                        Min:  0.0, Avg:  0.0, Max:  0.0, Diff:  0.0, Sum:  0.0, Workers: 4
[26.014s][debug][gc,phases      ] GC(57)     Dead                           Min: 0, Avg:  0.0, Max: 0, Diff: 0, Sum: 0, Workers: 4
[26.014s][debug][gc,phases      ] GC(57)     Total                          Min: 0, Avg: 148.2, Max: 529, Diff: 529, Sum: 593, Workers: 4
[26.014s][debug][gc,phases      ] GC(57)   ObjectSynchronizer Weak        Min:  0.0, Avg:  0.0, Max:  0.0, Diff:  0.0, Sum:  0.0, Workers: 4
[26.014s][debug][gc,phases      ] GC(57)     Dead                           Min: 0, Avg:  0.0, Max: 0, Diff: 0, Sum: 0, Workers: 4
[26.014s][debug][gc,phases      ] GC(57)     Total                          Min: 0, Avg: 84.8, Max: 256, Diff: 256, Sum: 339, Workers: 4
[26.014s][debug][gc,phases      ] GC(57)   JVMTI Tag Weak OopStorage      Min:  0.0, Avg:  0.0, Max:  0.0, Diff:  0.0, Sum:  0.0, Workers: 4
[26.014s][debug][gc,phases      ] GC(57)     Dead                           Min: 0, Avg:  0.0, Max: 0, Diff: 0, Sum: 0, Workers: 4
[26.014s][debug][gc,phases      ] GC(57)     Total                          Min: 0, Avg:  0.0, Max: 0, Diff: 0, Sum: 0, Workers: 4
[26.014s][debug][gc,phases      ] GC(57)   StringTable Weak               Min:  0.1, Avg:  0.1, Max:  0.1, Diff:  0.0, Sum:  0.4, Workers: 4
[26.014s][debug][gc,phases      ] GC(57)     Dead                           Min: 0, Avg:  2.8, Max: 11, Diff: 11, Sum: 11, Workers: 4
[26.014s][debug][gc,phases      ] GC(57)     Total                          Min: 10368, Avg: 10727.2, Max: 11112, Diff: 744, Sum: 42909, Workers: 4
[26.014s][debug][gc,phases      ] GC(57)   ResolvedMethodTable Weak       Min:  0.0, Avg:  0.0, Max:  0.0, Diff:  0.0, Sum:  0.1, Workers: 4
[26.014s][debug][gc,phases      ] GC(57)     Dead                           Min: 0, Avg:  0.0, Max: 0, Diff: 0, Sum: 0, Workers: 4
[26.014s][debug][gc,phases      ] GC(57)     Total                          Min: 1658, Avg: 1788.5, Max: 1856, Diff: 198, Sum: 7154, Workers: 4
[26.014s][debug][gc,phases      ] GC(57)   JNI Weak                       Min:  0.0, Avg:  0.0, Max:  0.0, Diff:  0.0, Sum:  0.0, Workers: 4
[26.014s][debug][gc,phases      ] GC(57)     Dead                           Min: 0, Avg:  0.0, Max: 0, Diff: 0, Sum: 0, Workers: 4
[26.014s][debug][gc,phases      ] GC(57)     Total                          Min: 0, Avg:  0.2, Max: 1, Diff: 1, Sum: 1, Workers: 4
[26.014s][debug][gc,phases      ] GC(57)   StringDedup Table Weak         Min:  0.0, Avg:  0.0, Max:  0.0, Diff:  0.0, Sum:  0.0, Workers: 4
[26.014s][debug][gc,phases      ] GC(57)     Dead                           Min: 0, Avg:  0.0, Max: 0, Diff: 0, Sum: 0, Workers: 4
[26.014s][debug][gc,phases      ] GC(57)     Total                          Min: 0, Avg:  0.0, Max: 0, Diff: 0, Sum: 0, Workers: 4
[26.014s][debug][gc,phases      ] GC(57)   StringDedup Requests0 Weak     Min:  0.0, Avg:  0.0, Max:  0.0, Diff:  0.0, Sum:  0.0, Workers: 4
[26.014s][debug][gc,phases      ] GC(57)     Dead                           Min: 0, Avg:  0.0, Max: 0, Diff: 0, Sum: 0, Workers: 4
[26.014s][debug][gc,phases      ] GC(57)     Total                          Min: 0, Avg:  0.0, Max: 0, Diff: 0, Sum: 0, Workers: 4
[26.014s][debug][gc,phases      ] GC(57)   StringDedup Requests1 Weak     Min:  0.0, Avg:  0.0, Max:  0.0, Diff:  0.0, Sum:  0.0, Workers: 4
[26.014s][debug][gc,phases      ] GC(57)     Dead                           Min: 0, Avg:  0.0, Max: 0, Diff: 0, Sum: 0, Workers: 4
[26.014s][debug][gc,phases      ] GC(57)     Total                          Min: 0, Avg:  0.0, Max: 0, Diff: 0, Sum: 0, Workers: 4
[26.014s][debug][gc,phases      ] GC(57)   Weak JFR Old Object Samples    Min:  0.0, Avg:  0.0, Max:  0.0, Diff:  0.0, Sum:  0.0, Workers: 4
[26.014s][debug][gc,phases      ] GC(57)     Dead                           Min: 0, Avg:  0.0, Max: 0, Diff: 0, Sum: 0, Workers: 4
[26.014s][debug][gc,phases      ] GC(57)     Total                          Min: 0, Avg:  0.0, Max: 0, Diff: 0, Sum: 0, Workers: 4
[26.014s][debug][gc,phases      ] GC(57) Weak Processing 0.309ms
[26.014s][debug][gc,age         ] GC(57) Desired survivor size 265289728 bytes, new threshold 15 (max threshold 15)
[26.014s][info ][gc,heap        ] GC(57) PSYoungGen: 1580144K(1825280K)->42560K(1812480K) Eden: 1540608K(1540608K)->0K(1540608K) From: 39536K(284672K)->42560K(271872K)
[26.014s][info ][gc,heap        ] GC(57) ParOldGen: 507137K(590336K)->508617K(590336K)
[26.014s][info ][gc,metaspace   ] GC(57) Metaspace: 68648K(69440K)->68648K(69440K) NonClass: 58661K(59072K)->58661K(59072K) Class: 9987K(10368K)->9987K(10368K)
[26.014s][info ][gc             ] GC(57) Pause Young (Allocation Failure) 2038M->538M(2346M) 18.587ms
[26.014s][info ][gc,cpu         ] GC(57) User=0.08s Sys=0.00s Real=0.02s
[26.014s][info ][safepoint      ] Safepoint "ParallelGCFailedAllocation", Time since last: 29377028 ns, Reaching safepoint: 133603 ns, At safepoint: 18700199 ns, Total: 18833802 ns
[26.076s][info ][safepoint      ] Safepoint "ICBufferFull", Time since last: 61404012 ns, Reaching safepoint: 156803 ns, At safepoint: 35201 ns, Total: 192004 ns
[26.121s][info ][safepoint      ] Safepoint "ICBufferFull", Time since last: 44861059 ns, Reaching safepoint: 132502 ns, At safepoint: 33201 ns, Total: 165703 ns
[26.251s][info ][safepoint      ] Safepoint "ICBufferFull", Time since last: 130188581 ns, Reaching safepoint: 156204 ns, At safepoint: 30600 ns, Total: 186804 ns
[26.296s][info ][gc,start       ] GC(58) Pause Young (Allocation Failure)
[26.317s][debug][gc,phases      ] GC(58) Scavenge 21.057ms
[26.317s][debug][gc,ref         ] GC(58) Skipped phase 1 of Reference Processing: no references
[26.317s][debug][gc,ref         ] GC(58) ReferenceProcessor::execute queues: 1, RefProcThreadModel::Single, marks_oops_alive: false
[26.317s][debug][gc,ref         ] GC(58) Skipped phase 3 of Reference Processing: no references
[26.317s][debug][gc,ref         ] GC(58) ReferenceProcessor::execute queues: 1, RefProcThreadModel::Single, marks_oops_alive: false
[26.317s][debug][gc,phases      ] GC(58) Reference Processing 0.107ms
[26.317s][debug][gc,phases      ] GC(58)   VM Weak                        Min:  0.0, Avg:  0.0, Max:  0.0, Diff:  0.0, Sum:  0.0, Workers: 4
[26.317s][debug][gc,phases      ] GC(58)     Dead                           Min: 0, Avg:  0.0, Max: 0, Diff: 0, Sum: 0, Workers: 4
[26.318s][debug][gc,phases      ] GC(58)     Total                          Min: 0, Avg: 148.2, Max: 576, Diff: 576, Sum: 593, Workers: 4
[26.318s][debug][gc,phases      ] GC(58)   ObjectSynchronizer Weak        Min:  0.0, Avg:  0.0, Max:  0.0, Diff:  0.0, Sum:  0.0, Workers: 4
[26.318s][debug][gc,phases      ] GC(58)     Dead                           Min: 0, Avg:  0.0, Max: 0, Diff: 0, Sum: 0, Workers: 4
[26.318s][debug][gc,phases      ] GC(58)     Total                          Min: 0, Avg: 84.8, Max: 147, Diff: 147, Sum: 339, Workers: 4
[26.318s][debug][gc,phases      ] GC(58)   JVMTI Tag Weak OopStorage      Min:  0.0, Avg:  0.0, Max:  0.0, Diff:  0.0, Sum:  0.0, Workers: 4
[26.318s][debug][gc,phases      ] GC(58)     Dead                           Min: 0, Avg:  0.0, Max: 0, Diff: 0, Sum: 0, Workers: 4
[26.318s][debug][gc,phases      ] GC(58)     Total                          Min: 0, Avg:  0.0, Max: 0, Diff: 0, Sum: 0, Workers: 4
[26.318s][debug][gc,phases      ] GC(58)   StringTable Weak               Min:  0.1, Avg:  0.1, Max:  0.1, Diff:  0.0, Sum:  0.4, Workers: 4
[26.318s][debug][gc,phases      ] GC(58)     Dead                           Min: 0, Avg:  0.0, Max: 0, Diff: 0, Sum: 0, Workers: 4
[26.318s][debug][gc,phases      ] GC(58)     Total                          Min: 9920, Avg: 10727.8, Max: 11584, Diff: 1664, Sum: 42911, Workers: 4
[26.318s][debug][gc,phases      ] GC(58)   ResolvedMethodTable Weak       Min:  0.0, Avg:  0.0, Max:  0.0, Diff:  0.0, Sum:  0.1, Workers: 4
[26.318s][debug][gc,phases      ] GC(58)     Dead                           Min: 0, Avg:  0.0, Max: 0, Diff: 0, Sum: 0, Workers: 4
[26.318s][debug][gc,phases      ] GC(58)     Total                          Min: 1658, Avg: 1788.5, Max: 1984, Diff: 326, Sum: 7154, Workers: 4
[26.318s][debug][gc,phases      ] GC(58)   JNI Weak                       Min:  0.0, Avg:  0.0, Max:  0.0, Diff:  0.0, Sum:  0.0, Workers: 4
[26.318s][debug][gc,phases      ] GC(58)     Dead                           Min: 0, Avg:  0.0, Max: 0, Diff: 0, Sum: 0, Workers: 4
[26.318s][debug][gc,phases      ] GC(58)     Total                          Min: 0, Avg:  0.8, Max: 3, Diff: 3, Sum: 3, Workers: 4
[26.318s][debug][gc,phases      ] GC(58)   StringDedup Table Weak         Min:  0.0, Avg:  0.0, Max:  0.0, Diff:  0.0, Sum:  0.0, Workers: 4
[26.318s][debug][gc,phases      ] GC(58)     Dead                           Min: 0, Avg:  0.0, Max: 0, Diff: 0, Sum: 0, Workers: 4
[26.318s][debug][gc,phases      ] GC(58)     Total                          Min: 0, Avg:  0.0, Max: 0, Diff: 0, Sum: 0, Workers: 4
[26.318s][debug][gc,phases      ] GC(58)   StringDedup Requests0 Weak     Min:  0.0, Avg:  0.0, Max:  0.0, Diff:  0.0, Sum:  0.0, Workers: 4
[26.318s][debug][gc,phases      ] GC(58)     Dead                           Min: 0, Avg:  0.0, Max: 0, Diff: 0, Sum: 0, Workers: 4
[26.318s][debug][gc,phases      ] GC(58)     Total                          Min: 0, Avg:  0.0, Max: 0, Diff: 0, Sum: 0, Workers: 4
[26.318s][debug][gc,phases      ] GC(58)   StringDedup Requests1 Weak     Min:  0.0, Avg:  0.0, Max:  0.0, Diff:  0.0, Sum:  0.0, Workers: 4
[26.318s][debug][gc,phases      ] GC(58)     Dead                           Min: 0, Avg:  0.0, Max: 0, Diff: 0, Sum: 0, Workers: 4
[26.318s][debug][gc,phases      ] GC(58)     Total                          Min: 0, Avg:  0.0, Max: 0, Diff: 0, Sum: 0, Workers: 4
[26.318s][debug][gc,phases      ] GC(58)   Weak JFR Old Object Samples    Min:  0.0, Avg:  0.0, Max:  0.0, Diff:  0.0, Sum:  0.0, Workers: 4
[26.318s][debug][gc,phases      ] GC(58)     Dead                           Min: 0, Avg:  0.0, Max: 0, Diff: 0, Sum: 0, Workers: 4
[26.318s][debug][gc,phases      ] GC(58)     Total                          Min: 0, Avg:  0.0, Max: 0, Diff: 0, Sum: 0, Workers: 4
[26.318s][debug][gc,phases      ] GC(58) Weak Processing 0.309ms
[26.318s][debug][gc,age         ] GC(58) Desired survivor size 252182528 bytes, new threshold 15 (max threshold 15)
[26.318s][info ][gc,heap        ] GC(58) PSYoungGen: 1583168K(1812480K)->43072K(1850880K) Eden: 1540608K(1540608K)->0K(1591808K) From: 42560K(271872K)->43072K(259072K)
[26.318s][info ][gc,heap        ] GC(58) ParOldGen: 508617K(590336K)->512337K(590336K)
[26.318s][info ][gc,metaspace   ] GC(58) Metaspace: 68653K(69440K)->68653K(69440K) NonClass: 58666K(59072K)->58666K(59072K) Class: 9987K(10368K)->9987K(10368K)
[26.318s][info ][gc             ] GC(58) Pause Young (Allocation Failure) 2042M->542M(2384M) 21.628ms
[26.318s][info ][gc,cpu         ] GC(58) User=0.09s Sys=0.01s Real=0.03s
[26.318s][info ][safepoint      ] Safepoint "ParallelGCFailedAllocation", Time since last: 44712656 ns, Reaching safepoint: 155503 ns, At safepoint: 21721364 ns, Total: 21876867 ns
[26.467s][info ][safepoint      ] Safepoint "ICBufferFull", Time since last: 149154187 ns, Reaching safepoint: 129002 ns, At safepoint: 26401 ns, Total: 155403 ns
[26.583s][info ][gc,start       ] GC(59) Pause Young (Allocation Failure)
[26.602s][debug][gc,phases      ] GC(59) Scavenge 19.116ms
[26.602s][debug][gc,ref         ] GC(59) Skipped phase 1 of Reference Processing: no references
[26.602s][debug][gc,ref         ] GC(59) ReferenceProcessor::execute queues: 1, RefProcThreadModel::Single, marks_oops_alive: false
[26.602s][debug][gc,ref         ] GC(59) Skipped phase 3 of Reference Processing: no references
[26.602s][debug][gc,ref         ] GC(59) ReferenceProcessor::execute queues: 1, RefProcThreadModel::Single, marks_oops_alive: false
[26.602s][debug][gc,phases      ] GC(59) Reference Processing 0.124ms
[26.602s][debug][gc,phases      ] GC(59)   VM Weak                        Min:  0.0, Avg:  0.0, Max:  0.0, Diff:  0.0, Sum:  0.0, Workers: 4
[26.602s][debug][gc,phases      ] GC(59)     Dead                           Min: 0, Avg:  0.0, Max: 0, Diff: 0, Sum: 0, Workers: 4
[26.602s][debug][gc,phases      ] GC(59)     Total                          Min: 0, Avg: 148.2, Max: 448, Diff: 448, Sum: 593, Workers: 4
[26.602s][debug][gc,phases      ] GC(59)   ObjectSynchronizer Weak        Min:  0.0, Avg:  0.0, Max:  0.0, Diff:  0.0, Sum:  0.0, Workers: 4
[26.602s][debug][gc,phases      ] GC(59)     Dead                           Min: 0, Avg:  0.0, Max: 0, Diff: 0, Sum: 0, Workers: 4
[26.602s][debug][gc,phases      ] GC(59)     Total                          Min: 0, Avg: 84.8, Max: 192, Diff: 192, Sum: 339, Workers: 4
[26.602s][debug][gc,phases      ] GC(59)   JVMTI Tag Weak OopStorage      Min:  0.0, Avg:  0.0, Max:  0.0, Diff:  0.0, Sum:  0.0, Workers: 4
[26.602s][debug][gc,phases      ] GC(59)     Dead                           Min: 0, Avg:  0.0, Max: 0, Diff: 0, Sum: 0, Workers: 4
[26.602s][debug][gc,phases      ] GC(59)     Total                          Min: 0, Avg:  0.0, Max: 0, Diff: 0, Sum: 0, Workers: 4
[26.602s][debug][gc,phases      ] GC(59)   StringTable Weak               Min:  0.1, Avg:  0.1, Max:  0.1, Diff:  0.0, Sum:  0.4, Workers: 4
[26.602s][debug][gc,phases      ] GC(59)     Dead                           Min: 0, Avg:  2.8, Max: 11, Diff: 11, Sum: 11, Workers: 4
[26.602s][debug][gc,phases      ] GC(59)     Total                          Min: 9920, Avg: 10728.2, Max: 11200, Diff: 1280, Sum: 42913, Workers: 4
[26.602s][debug][gc,phases      ] GC(59)   ResolvedMethodTable Weak       Min:  0.0, Avg:  0.0, Max:  0.0, Diff:  0.0, Sum:  0.1, Workers: 4
[26.602s][debug][gc,phases      ] GC(59)     Dead                           Min: 0, Avg:  0.0, Max: 0, Diff: 0, Sum: 0, Workers: 4
[26.602s][debug][gc,phases      ] GC(59)     Total                          Min: 1470, Avg: 1788.5, Max: 1914, Diff: 444, Sum: 7154, Workers: 4
[26.602s][debug][gc,phases      ] GC(59)   JNI Weak                       Min:  0.0, Avg:  0.0, Max:  0.0, Diff:  0.0, Sum:  0.0, Workers: 4
[26.602s][debug][gc,phases      ] GC(59)     Dead                           Min: 0, Avg:  0.0, Max: 0, Diff: 0, Sum: 0, Workers: 4
[26.602s][debug][gc,phases      ] GC(59)     Total                          Min: 0, Avg:  0.0, Max: 0, Diff: 0, Sum: 0, Workers: 4
[26.602s][debug][gc,phases      ] GC(59)   StringDedup Table Weak         Min:  0.0, Avg:  0.0, Max:  0.0, Diff:  0.0, Sum:  0.0, Workers: 4
[26.602s][debug][gc,phases      ] GC(59)     Dead                           Min: 0, Avg:  0.0, Max: 0, Diff: 0, Sum: 0, Workers: 4
[26.602s][debug][gc,phases      ] GC(59)     Total                          Min: 0, Avg:  0.0, Max: 0, Diff: 0, Sum: 0, Workers: 4
[26.602s][debug][gc,phases      ] GC(59)   StringDedup Requests0 Weak     Min:  0.0, Avg:  0.0, Max:  0.0, Diff:  0.0, Sum:  0.0, Workers: 4
[26.602s][debug][gc,phases      ] GC(59)     Dead                           Min: 0, Avg:  0.0, Max: 0, Diff: 0, Sum: 0, Workers: 4
[26.602s][debug][gc,phases      ] GC(59)     Total                          Min: 0, Avg:  0.0, Max: 0, Diff: 0, Sum: 0, Workers: 4
[26.602s][debug][gc,phases      ] GC(59)   StringDedup Requests1 Weak     Min:  0.0, Avg:  0.0, Max:  0.0, Diff:  0.0, Sum:  0.0, Workers: 4
[26.602s][debug][gc,phases      ] GC(59)     Dead                           Min: 0, Avg:  0.0, Max: 0, Diff: 0, Sum: 0, Workers: 4
[26.602s][debug][gc,phases      ] GC(59)     Total                          Min: 0, Avg:  0.0, Max: 0, Diff: 0, Sum: 0, Workers: 4
[26.602s][debug][gc,phases      ] GC(59)   Weak JFR Old Object Samples    Min:  0.0, Avg:  0.0, Max:  0.0, Diff:  0.0, Sum:  0.0, Workers: 4
[26.602s][debug][gc,phases      ] GC(59)     Dead                           Min: 0, Avg:  0.0, Max: 0, Diff: 0, Sum: 0, Workers: 4
[26.602s][debug][gc,phases      ] GC(59)     Total                          Min: 0, Avg:  0.0, Max: 0, Diff: 0, Sum: 0, Workers: 4
[26.602s][debug][gc,phases      ] GC(59) Weak Processing 0.301ms
[26.602s][debug][gc,age         ] GC(59) Desired survivor size 239075328 bytes, new threshold 15 (max threshold 15)
[26.602s][info ][gc,heap        ] GC(59) PSYoungGen: 1634880K(1850880K)->42912K(1838080K) Eden: 1591808K(1591808K)->0K(1591808K) From: 43072K(259072K)->42912K(246272K)
[26.602s][info ][gc,heap        ] GC(59) ParOldGen: 512337K(590336K)->514609K(590336K)
[26.602s][info ][gc,metaspace   ] GC(59) Metaspace: 68654K(69440K)->68654K(69440K) NonClass: 58667K(59072K)->58667K(59072K) Class: 9987K(10368K)->9987K(10368K)
[26.602s][info ][gc             ] GC(59) Pause Young (Allocation Failure) 2096M->544M(2371M) 19.684ms
[26.602s][info ][gc,cpu         ] GC(59) User=0.08s Sys=0.00s Real=0.02s
[26.602s][info ][safepoint      ] Safepoint "ParallelGCFailedAllocation", Time since last: 115353164 ns, Reaching safepoint: 136603 ns, At safepoint: 19808724 ns, Total: 19945327 ns
[26.764s][info ][safepoint      ] Safepoint "ICBufferFull", Time since last: 161808656 ns, Reaching safepoint: 128703 ns, At safepoint: 29001 ns, Total: 157704 ns
[26.862s][info ][safepoint      ] Safepoint "ICBufferFull", Time since last: 97127875 ns, Reaching safepoint: 137903 ns, At safepoint: 25700 ns, Total: 163603 ns
[26.905s][info ][safepoint      ] Safepoint "ParallelGCFailedAllocation", Time since last: 43551031 ns, Reaching safepoint: 128002 ns, At safepoint: 39901 ns, Total: 167903 ns
[26.905s][info ][gc,start       ] GC(60) Pause Young (GCLocker Initiated GC)
[26.926s][debug][gc,phases      ] GC(60) Scavenge 20.008ms
[26.926s][debug][gc,ref         ] GC(60) Skipped phase 1 of Reference Processing: no references
[26.926s][debug][gc,ref         ] GC(60) ReferenceProcessor::execute queues: 1, RefProcThreadModel::Single, marks_oops_alive: false
[26.926s][debug][gc,ref         ] GC(60) Skipped phase 3 of Reference Processing: no references
[26.926s][debug][gc,ref         ] GC(60) ReferenceProcessor::execute queues: 1, RefProcThreadModel::Single, marks_oops_alive: false
[26.926s][debug][gc,phases      ] GC(60) Reference Processing 0.104ms
[26.926s][debug][gc,phases      ] GC(60)   VM Weak                        Min:  0.0, Avg:  0.0, Max:  0.0, Diff:  0.0, Sum:  0.0, Workers: 4
[26.926s][debug][gc,phases      ] GC(60)     Dead                           Min: 0, Avg:  0.0, Max: 0, Diff: 0, Sum: 0, Workers: 4
[26.926s][debug][gc,phases      ] GC(60)     Total                          Min: 0, Avg: 148.2, Max: 593, Diff: 593, Sum: 593, Workers: 4
[26.926s][debug][gc,phases      ] GC(60)   ObjectSynchronizer Weak        Min:  0.0, Avg:  0.0, Max:  0.0, Diff:  0.0, Sum:  0.0, Workers: 4
[26.926s][debug][gc,phases      ] GC(60)     Dead                           Min: 0, Avg:  0.0, Max: 0, Diff: 0, Sum: 0, Workers: 4
[26.926s][debug][gc,phases      ] GC(60)     Total                          Min: 0, Avg: 84.8, Max: 192, Diff: 192, Sum: 339, Workers: 4
[26.926s][debug][gc,phases      ] GC(60)   JVMTI Tag Weak OopStorage      Min:  0.0, Avg:  0.0, Max:  0.0, Diff:  0.0, Sum:  0.0, Workers: 4
[26.926s][debug][gc,phases      ] GC(60)     Dead                           Min: 0, Avg:  0.0, Max: 0, Diff: 0, Sum: 0, Workers: 4
[26.926s][debug][gc,phases      ] GC(60)     Total                          Min: 0, Avg:  0.0, Max: 0, Diff: 0, Sum: 0, Workers: 4
[26.926s][debug][gc,phases      ] GC(60)   StringTable Weak               Min:  0.1, Avg:  0.1, Max:  0.1, Diff:  0.0, Sum:  0.4, Workers: 4
[26.926s][debug][gc,phases      ] GC(60)     Dead                           Min: 0, Avg:  0.0, Max: 0, Diff: 0, Sum: 0, Workers: 4
[26.926s][debug][gc,phases      ] GC(60)     Total                          Min: 10176, Avg: 10728.2, Max: 11136, Diff: 960, Sum: 42913, Workers: 4
[26.926s][debug][gc,phases      ] GC(60)   ResolvedMethodTable Weak       Min:  0.0, Avg:  0.0, Max:  0.0, Diff:  0.0, Sum:  0.1, Workers: 4
[26.926s][debug][gc,phases      ] GC(60)     Dead                           Min: 0, Avg:  0.0, Max: 0, Diff: 0, Sum: 0, Workers: 4
[26.926s][debug][gc,phases      ] GC(60)     Total                          Min: 1664, Avg: 1788.5, Max: 1982, Diff: 318, Sum: 7154, Workers: 4
[26.926s][debug][gc,phases      ] GC(60)   JNI Weak                       Min:  0.0, Avg:  0.0, Max:  0.0, Diff:  0.0, Sum:  0.0, Workers: 4
[26.926s][debug][gc,phases      ] GC(60)     Dead                           Min: 0, Avg:  0.0, Max: 0, Diff: 0, Sum: 0, Workers: 4
[26.926s][debug][gc,phases      ] GC(60)     Total                          Min: 0, Avg:  0.0, Max: 0, Diff: 0, Sum: 0, Workers: 4
[26.926s][debug][gc,phases      ] GC(60)   StringDedup Table Weak         Min:  0.0, Avg:  0.0, Max:  0.0, Diff:  0.0, Sum:  0.0, Workers: 4
[26.926s][debug][gc,phases      ] GC(60)     Dead                           Min: 0, Avg:  0.0, Max: 0, Diff: 0, Sum: 0, Workers: 4
[26.926s][debug][gc,phases      ] GC(60)     Total                          Min: 0, Avg:  0.0, Max: 0, Diff: 0, Sum: 0, Workers: 4
[26.926s][debug][gc,phases      ] GC(60)   StringDedup Requests0 Weak     Min:  0.0, Avg:  0.0, Max:  0.0, Diff:  0.0, Sum:  0.0, Workers: 4
[26.926s][debug][gc,phases      ] GC(60)     Dead                           Min: 0, Avg:  0.0, Max: 0, Diff: 0, Sum: 0, Workers: 4
[26.926s][debug][gc,phases      ] GC(60)     Total                          Min: 0, Avg:  0.0, Max: 0, Diff: 0, Sum: 0, Workers: 4
[26.926s][debug][gc,phases      ] GC(60)   StringDedup Requests1 Weak     Min:  0.0, Avg:  0.0, Max:  0.0, Diff:  0.0, Sum:  0.0, Workers: 4
[26.926s][debug][gc,phases      ] GC(60)     Dead                           Min: 0, Avg:  0.0, Max: 0, Diff: 0, Sum: 0, Workers: 4
[26.926s][debug][gc,phases      ] GC(60)     Total                          Min: 0, Avg:  0.0, Max: 0, Diff: 0, Sum: 0, Workers: 4
[26.926s][debug][gc,phases      ] GC(60)   Weak JFR Old Object Samples    Min:  0.0, Avg:  0.0, Max:  0.0, Diff:  0.0, Sum:  0.0, Workers: 4
[26.926s][debug][gc,phases      ] GC(60)     Dead                           Min: 0, Avg:  0.0, Max: 0, Diff: 0, Sum: 0, Workers: 4
[26.926s][debug][gc,phases      ] GC(60)     Total                          Min: 0, Avg:  0.0, Max: 0, Diff: 0, Sum: 0, Workers: 4
[26.926s][debug][gc,phases      ] GC(60) Weak Processing 0.299ms
[26.926s][debug][gc,age         ] GC(60) Desired survivor size 226492416 bytes, new threshold 15 (max threshold 15)
[26.926s][info ][gc,heap        ] GC(60) PSYoungGen: 1634720K(1838080K)->45856K(1875968K) Eden: 1591808K(1591808K)->0K(1642496K) From: 42912K(246272K)->45856K(233472K)
[26.926s][info ][gc,heap        ] GC(60) ParOldGen: 514609K(590336K)->515881K(590336K)
[26.926s][info ][gc,metaspace   ] GC(60) Metaspace: 68654K(69440K)->68654K(69440K) NonClass: 58667K(59072K)->58667K(59072K) Class: 9987K(10368K)->9987K(10368K)
[26.926s][info ][gc             ] GC(60) Pause Young (GCLocker Initiated GC) 2098M->548M(2408M) 20.517ms
[26.926s][info ][gc,cpu         ] GC(60) User=0.07s Sys=0.00s Real=0.02s
[26.926s][info ][safepoint      ] Safepoint "ParallelGCSystemGC", Time since last: 72202 ns, Reaching safepoint: 86202 ns, At safepoint: 20630740 ns, Total: 20716942 ns
[27.161s][info ][safepoint      ] Safepoint "ICBufferFull", Time since last: 234896719 ns, Reaching safepoint: 148303 ns, At safepoint: 28601 ns, Total: 176904 ns
[27.218s][info ][gc,start       ] GC(61) Pause Young (Allocation Failure)
[27.238s][debug][gc,phases      ] GC(61) Scavenge 19.618ms
[27.238s][debug][gc,ref         ] GC(61) Skipped phase 1 of Reference Processing: no references
[27.238s][debug][gc,ref         ] GC(61) ReferenceProcessor::execute queues: 1, RefProcThreadModel::Single, marks_oops_alive: false
[27.238s][debug][gc,ref         ] GC(61) Skipped phase 3 of Reference Processing: no references
[27.238s][debug][gc,ref         ] GC(61) ReferenceProcessor::execute queues: 1, RefProcThreadModel::Single, marks_oops_alive: false
[27.238s][debug][gc,phases      ] GC(61) Reference Processing 0.122ms
[27.238s][debug][gc,phases      ] GC(61)   VM Weak                        Min:  0.0, Avg:  0.0, Max:  0.0, Diff:  0.0, Sum:  0.0, Workers: 4
[27.238s][debug][gc,phases      ] GC(61)     Dead                           Min: 0, Avg:  0.0, Max: 0, Diff: 0, Sum: 0, Workers: 4
[27.238s][debug][gc,phases      ] GC(61)     Total                          Min: 0, Avg: 148.5, Max: 576, Diff: 576, Sum: 594, Workers: 4
[27.238s][debug][gc,phases      ] GC(61)   ObjectSynchronizer Weak        Min:  0.0, Avg:  0.0, Max:  0.0, Diff:  0.0, Sum:  0.0, Workers: 4
[27.238s][debug][gc,phases      ] GC(61)     Dead                           Min: 0, Avg:  0.0, Max: 0, Diff: 0, Sum: 0, Workers: 4
[27.238s][debug][gc,phases      ] GC(61)     Total                          Min: 0, Avg: 84.8, Max: 211, Diff: 211, Sum: 339, Workers: 4
[27.238s][debug][gc,phases      ] GC(61)   JVMTI Tag Weak OopStorage      Min:  0.0, Avg:  0.0, Max:  0.0, Diff:  0.0, Sum:  0.0, Workers: 4
[27.238s][debug][gc,phases      ] GC(61)     Dead                           Min: 0, Avg:  0.0, Max: 0, Diff: 0, Sum: 0, Workers: 4
[27.238s][debug][gc,phases      ] GC(61)     Total                          Min: 0, Avg:  0.0, Max: 0, Diff: 0, Sum: 0, Workers: 4
[27.238s][debug][gc,phases      ] GC(61)   StringTable Weak               Min:  0.1, Avg:  0.1, Max:  0.1, Diff:  0.0, Sum:  0.4, Workers: 4
[27.238s][debug][gc,phases      ] GC(61)     Dead                           Min: 0, Avg:  2.8, Max: 11, Diff: 11, Sum: 11, Workers: 4
[27.238s][debug][gc,phases      ] GC(61)     Total                          Min: 9600, Avg: 10738.8, Max: 11648, Diff: 2048, Sum: 42955, Workers: 4
[27.238s][debug][gc,phases      ] GC(61)   ResolvedMethodTable Weak       Min:  0.0, Avg:  0.0, Max:  0.0, Diff:  0.0, Sum:  0.1, Workers: 4
[27.238s][debug][gc,phases      ] GC(61)     Dead                           Min: 0, Avg:  4.2, Max: 10, Diff: 10, Sum: 17, Workers: 4
[27.238s][debug][gc,phases      ] GC(61)     Total                          Min: 1600, Avg: 1792.8, Max: 2051, Diff: 451, Sum: 7171, Workers: 4
[27.238s][debug][gc,phases      ] GC(61)   JNI Weak                       Min:  0.0, Avg:  0.0, Max:  0.0, Diff:  0.0, Sum:  0.0, Workers: 4
[27.238s][debug][gc,phases      ] GC(61)     Dead                           Min: 0, Avg:  0.0, Max: 0, Diff: 0, Sum: 0, Workers: 4
[27.238s][debug][gc,phases      ] GC(61)     Total                          Min: 0, Avg:  0.0, Max: 0, Diff: 0, Sum: 0, Workers: 4
[27.238s][debug][gc,phases      ] GC(61)   StringDedup Table Weak         Min:  0.0, Avg:  0.0, Max:  0.0, Diff:  0.0, Sum:  0.0, Workers: 4
[27.238s][debug][gc,phases      ] GC(61)     Dead                           Min: 0, Avg:  0.0, Max: 0, Diff: 0, Sum: 0, Workers: 4
[27.238s][debug][gc,phases      ] GC(61)     Total                          Min: 0, Avg:  0.0, Max: 0, Diff: 0, Sum: 0, Workers: 4
[27.238s][debug][gc,phases      ] GC(61)   StringDedup Requests0 Weak     Min:  0.0, Avg:  0.0, Max:  0.0, Diff:  0.0, Sum:  0.0, Workers: 4
[27.238s][debug][gc,phases      ] GC(61)     Dead                           Min: 0, Avg:  0.0, Max: 0, Diff: 0, Sum: 0, Workers: 4
[27.238s][debug][gc,phases      ] GC(61)     Total                          Min: 0, Avg:  0.0, Max: 0, Diff: 0, Sum: 0, Workers: 4
[27.238s][debug][gc,phases      ] GC(61)   StringDedup Requests1 Weak     Min:  0.0, Avg:  0.0, Max:  0.0, Diff:  0.0, Sum:  0.0, Workers: 4
[27.238s][debug][gc,phases      ] GC(61)     Dead                           Min: 0, Avg:  0.0, Max: 0, Diff: 0, Sum: 0, Workers: 4
[27.238s][debug][gc,phases      ] GC(61)     Total                          Min: 0, Avg:  0.0, Max: 0, Diff: 0, Sum: 0, Workers: 4
[27.238s][debug][gc,phases      ] GC(61)   Weak JFR Old Object Samples    Min:  0.0, Avg:  0.0, Max:  0.0, Diff:  0.0, Sum:  0.0, Workers: 4
[27.238s][debug][gc,phases      ] GC(61)     Dead                           Min: 0, Avg:  0.0, Max: 0, Diff: 0, Sum: 0, Workers: 4
[27.238s][debug][gc,phases      ] GC(61)     Total                          Min: 0, Avg:  0.0, Max: 0, Diff: 0, Sum: 0, Workers: 4
[27.238s][debug][gc,phases      ] GC(61) Weak Processing 0.290ms
[27.238s][debug][gc,age         ] GC(61) Desired survivor size 214433792 bytes, new threshold 15 (max threshold 15)
[27.238s][info ][gc,heap        ] GC(61) PSYoungGen: 1688352K(1875968K)->45813K(1863680K) Eden: 1642496K(1642496K)->0K(1642496K) From: 45856K(233472K)->45813K(221184K)
[27.238s][info ][gc,heap        ] GC(61) ParOldGen: 515883K(590336K)->520371K(590336K)
[27.238s][info ][gc,metaspace   ] GC(61) Metaspace: 68721K(69504K)->68721K(69504K) NonClass: 58722K(59136K)->58722K(59136K) Class: 9999K(10368K)->9999K(10368K)
[27.238s][info ][gc             ] GC(61) Pause Young (Allocation Failure) 2152M->552M(2396M) 20.164ms
[27.238s][info ][gc,cpu         ] GC(61) User=0.07s Sys=0.01s Real=0.02s
[27.239s][info ][safepoint      ] Safepoint "ParallelGCFailedAllocation", Time since last: 56922016 ns, Reaching safepoint: 136603 ns, At safepoint: 20273733 ns, Total: 20410336 ns
[27.385s][info ][safepoint      ] Safepoint "ICBufferFull", Time since last: 146357927 ns, Reaching safepoint: 145203 ns, At safepoint: 29600 ns, Total: 174803 ns
[27.459s][info ][safepoint      ] Safepoint "ICBufferFull", Time since last: 73848478 ns, Reaching safepoint: 55401 ns, At safepoint: 19901 ns, Total: 75302 ns
[27.509s][info ][safepoint      ] Safepoint "ICBufferFull", Time since last: 50152071 ns, Reaching safepoint: 96502 ns, At safepoint: 24801 ns, Total: 121303 ns
[27.545s][info ][gc,start       ] GC(62) Pause Young (Allocation Failure)
[27.565s][debug][gc,phases      ] GC(62) Scavenge 19.628ms
[27.565s][debug][gc,ref         ] GC(62) Skipped phase 1 of Reference Processing: no references
[27.565s][debug][gc,ref         ] GC(62) ReferenceProcessor::execute queues: 1, RefProcThreadModel::Single, marks_oops_alive: false
[27.565s][debug][gc,ref         ] GC(62) Skipped phase 3 of Reference Processing: no references
[27.565s][debug][gc,ref         ] GC(62) ReferenceProcessor::execute queues: 1, RefProcThreadModel::Single, marks_oops_alive: false
[27.565s][debug][gc,phases      ] GC(62) Reference Processing 0.114ms
[27.565s][debug][gc,phases      ] GC(62)   VM Weak                        Min:  0.0, Avg:  0.0, Max:  0.0, Diff:  0.0, Sum:  0.0, Workers: 4
[27.565s][debug][gc,phases      ] GC(62)     Dead                           Min: 0, Avg:  0.0, Max: 0, Diff: 0, Sum: 0, Workers: 4
[27.565s][debug][gc,phases      ] GC(62)     Total                          Min: 0, Avg: 148.5, Max: 338, Diff: 338, Sum: 594, Workers: 4
[27.565s][debug][gc,phases      ] GC(62)   ObjectSynchronizer Weak        Min:  0.0, Avg:  0.0, Max:  0.0, Diff:  0.0, Sum:  0.0, Workers: 4
[27.565s][debug][gc,phases      ] GC(62)     Dead                           Min: 0, Avg:  0.0, Max: 0, Diff: 0, Sum: 0, Workers: 4
[27.565s][debug][gc,phases      ] GC(62)     Total                          Min: 0, Avg: 84.8, Max: 128, Diff: 128, Sum: 339, Workers: 4
[27.565s][debug][gc,phases      ] GC(62)   JVMTI Tag Weak OopStorage      Min:  0.0, Avg:  0.0, Max:  0.0, Diff:  0.0, Sum:  0.0, Workers: 4
[27.565s][debug][gc,phases      ] GC(62)     Dead                           Min: 0, Avg:  0.0, Max: 0, Diff: 0, Sum: 0, Workers: 4
[27.565s][debug][gc,phases      ] GC(62)     Total                          Min: 0, Avg:  0.0, Max: 0, Diff: 0, Sum: 0, Workers: 4
[27.565s][debug][gc,phases      ] GC(62)   StringTable Weak               Min:  0.1, Avg:  0.1, Max:  0.1, Diff:  0.0, Sum:  0.4, Workers: 4
[27.565s][debug][gc,phases      ] GC(62)     Dead                           Min: 0, Avg:  2.8, Max: 11, Diff: 11, Sum: 11, Workers: 4
[27.565s][debug][gc,phases      ] GC(62)     Total                          Min: 9984, Avg: 10740.0, Max: 11419, Diff: 1435, Sum: 42960, Workers: 4
[27.565s][debug][gc,phases      ] GC(62)   ResolvedMethodTable Weak       Min:  0.0, Avg:  0.0, Max:  0.0, Diff:  0.0, Sum:  0.1, Workers: 4
[27.565s][debug][gc,phases      ] GC(62)     Dead                           Min: 0, Avg:  0.0, Max: 0, Diff: 0, Sum: 0, Workers: 4
[27.565s][debug][gc,phases      ] GC(62)     Total                          Min: 1472, Avg: 1792.8, Max: 1987, Diff: 515, Sum: 7171, Workers: 4
[27.565s][debug][gc,phases      ] GC(62)   JNI Weak                       Min:  0.0, Avg:  0.0, Max:  0.0, Diff:  0.0, Sum:  0.0, Workers: 4
[27.565s][debug][gc,phases      ] GC(62)     Dead                           Min: 0, Avg:  0.0, Max: 0, Diff: 0, Sum: 0, Workers: 4
[27.565s][debug][gc,phases      ] GC(62)     Total                          Min: 0, Avg:  0.2, Max: 1, Diff: 1, Sum: 1, Workers: 4
[27.565s][debug][gc,phases      ] GC(62)   StringDedup Table Weak         Min:  0.0, Avg:  0.0, Max:  0.0, Diff:  0.0, Sum:  0.0, Workers: 4
[27.565s][debug][gc,phases      ] GC(62)     Dead                           Min: 0, Avg:  0.0, Max: 0, Diff: 0, Sum: 0, Workers: 4
[27.565s][debug][gc,phases      ] GC(62)     Total                          Min: 0, Avg:  0.0, Max: 0, Diff: 0, Sum: 0, Workers: 4
[27.565s][debug][gc,phases      ] GC(62)   StringDedup Requests0 Weak     Min:  0.0, Avg:  0.0, Max:  0.0, Diff:  0.0, Sum:  0.0, Workers: 4
[27.565s][debug][gc,phases      ] GC(62)     Dead                           Min: 0, Avg:  0.0, Max: 0, Diff: 0, Sum: 0, Workers: 4
[27.565s][debug][gc,phases      ] GC(62)     Total                          Min: 0, Avg:  0.0, Max: 0, Diff: 0, Sum: 0, Workers: 4
[27.565s][debug][gc,phases      ] GC(62)   StringDedup Requests1 Weak     Min:  0.0, Avg:  0.0, Max:  0.0, Diff:  0.0, Sum:  0.0, Workers: 4
[27.565s][debug][gc,phases      ] GC(62)     Dead                           Min: 0, Avg:  0.0, Max: 0, Diff: 0, Sum: 0, Workers: 4
[27.565s][debug][gc,phases      ] GC(62)     Total                          Min: 0, Avg:  0.0, Max: 0, Diff: 0, Sum: 0, Workers: 4
[27.565s][debug][gc,phases      ] GC(62)   Weak JFR Old Object Samples    Min:  0.0, Avg:  0.0, Max:  0.0, Diff:  0.0, Sum:  0.0, Workers: 4
[27.565s][debug][gc,phases      ] GC(62)     Dead                           Min: 0, Avg:  0.0, Max: 0, Diff: 0, Sum: 0, Workers: 4
[27.565s][debug][gc,phases      ] GC(62)     Total                          Min: 0, Avg:  0.0, Max: 0, Diff: 0, Sum: 0, Workers: 4
[27.565s][debug][gc,phases      ] GC(62) Weak Processing 0.324ms
[27.565s][debug][gc,age         ] GC(62) Desired survivor size 202375168 bytes, new threshold 15 (max threshold 15)
[27.565s][info ][gc,heap        ] GC(62) PSYoungGen: 1688309K(1863680K)->47776K(1899520K) Eden: 1642496K(1642496K)->0K(1690112K) From: 45813K(221184K)->47776K(209408K)
[27.565s][info ][gc,heap        ] GC(62) ParOldGen: 520371K(590336K)->523691K(590336K)
[27.565s][info ][gc,metaspace   ] GC(62) Metaspace: 68732K(69504K)->68732K(69504K) NonClass: 58733K(59136K)->58733K(59136K) Class: 9999K(10368K)->9999K(10368K)
[27.565s][info ][gc             ] GC(62) Pause Young (Allocation Failure) 2156M->558M(2431M) 20.196ms
[27.565s][info ][gc,cpu         ] GC(62) User=0.08s Sys=0.00s Real=0.02s
[27.565s][info ][safepoint      ] Safepoint "ParallelGCFailedAllocation", Time since last: 35701162 ns, Reaching safepoint: 147204 ns, At safepoint: 20313134 ns, Total: 20460338 ns
[27.621s][info ][safepoint      ] Safepoint "ICBufferFull", Time since last: 53358940 ns, Reaching safepoint: 2147145 ns, At safepoint: 22101 ns, Total: 2169246 ns
[27.700s][info ][safepoint      ] Safepoint "ICBufferFull", Time since last: 78878085 ns, Reaching safepoint: 141503 ns, At safepoint: 20901 ns, Total: 162404 ns
[27.808s][info ][safepoint      ] Safepoint "ICBufferFull", Time since last: 108320714 ns, Reaching safepoint: 130002 ns, At safepoint: 20801 ns, Total: 150803 ns
[27.889s][info ][gc,start       ] GC(63) Pause Young (Allocation Failure)
[27.911s][debug][gc,phases      ] GC(63) Scavenge 22.038ms
[27.911s][debug][gc,ref         ] GC(63) Skipped phase 1 of Reference Processing: no references
[27.912s][debug][gc,ref         ] GC(63) ReferenceProcessor::execute queues: 1, RefProcThreadModel::Single, marks_oops_alive: false
[27.912s][debug][gc,ref         ] GC(63) Skipped phase 3 of Reference Processing: no references
[27.912s][debug][gc,ref         ] GC(63) ReferenceProcessor::execute queues: 1, RefProcThreadModel::Single, marks_oops_alive: false
[27.912s][debug][gc,phases      ] GC(63) Reference Processing 0.126ms
[27.912s][debug][gc,phases      ] GC(63)   VM Weak                        Min:  0.0, Avg:  0.0, Max:  0.0, Diff:  0.0, Sum:  0.0, Workers: 4
[27.912s][debug][gc,phases      ] GC(63)     Dead                           Min: 0, Avg:  0.0, Max: 0, Diff: 0, Sum: 0, Workers: 4
[27.912s][debug][gc,phases      ] GC(63)     Total                          Min: 0, Avg: 148.5, Max: 594, Diff: 594, Sum: 594, Workers: 4
[27.912s][debug][gc,phases      ] GC(63)   ObjectSynchronizer Weak        Min:  0.0, Avg:  0.0, Max:  0.0, Diff:  0.0, Sum:  0.0, Workers: 4
[27.912s][debug][gc,phases      ] GC(63)     Dead                           Min: 0, Avg:  0.0, Max: 0, Diff: 0, Sum: 0, Workers: 4
[27.912s][debug][gc,phases      ] GC(63)     Total                          Min: 0, Avg: 84.8, Max: 339, Diff: 339, Sum: 339, Workers: 4
[27.912s][debug][gc,phases      ] GC(63)   JVMTI Tag Weak OopStorage      Min:  0.0, Avg:  0.0, Max:  0.0, Diff:  0.0, Sum:  0.0, Workers: 4
[27.912s][debug][gc,phases      ] GC(63)     Dead                           Min: 0, Avg:  0.0, Max: 0, Diff: 0, Sum: 0, Workers: 4
[27.912s][debug][gc,phases      ] GC(63)     Total                          Min: 0, Avg:  0.0, Max: 0, Diff: 0, Sum: 0, Workers: 4
[27.912s][debug][gc,phases      ] GC(63)   StringTable Weak               Min:  0.1, Avg:  0.1, Max:  0.1, Diff:  0.0, Sum:  0.4, Workers: 4
[27.912s][debug][gc,phases      ] GC(63)     Dead                           Min: 0, Avg:  0.0, Max: 0, Diff: 0, Sum: 0, Workers: 4
[27.912s][debug][gc,phases      ] GC(63)     Total                          Min: 9408, Avg: 10740.0, Max: 11675, Diff: 2267, Sum: 42960, Workers: 4
[27.912s][debug][gc,phases      ] GC(63)   ResolvedMethodTable Weak       Min:  0.0, Avg:  0.0, Max:  0.0, Diff:  0.0, Sum:  0.1, Workers: 4
[27.912s][debug][gc,phases      ] GC(63)     Dead                           Min: 0, Avg:  0.0, Max: 0, Diff: 0, Sum: 0, Workers: 4
[27.912s][debug][gc,phases      ] GC(63)     Total                          Min: 1667, Avg: 1792.8, Max: 1920, Diff: 253, Sum: 7171, Workers: 4
[27.912s][debug][gc,phases      ] GC(63)   JNI Weak                       Min:  0.0, Avg:  0.0, Max:  0.0, Diff:  0.0, Sum:  0.0, Workers: 4
[27.912s][debug][gc,phases      ] GC(63)     Dead                           Min: 0, Avg:  0.0, Max: 0, Diff: 0, Sum: 0, Workers: 4
[27.912s][debug][gc,phases      ] GC(63)     Total                          Min: 0, Avg:  0.2, Max: 1, Diff: 1, Sum: 1, Workers: 4
[27.912s][debug][gc,phases      ] GC(63)   StringDedup Table Weak         Min:  0.0, Avg:  0.0, Max:  0.0, Diff:  0.0, Sum:  0.0, Workers: 4
[27.912s][debug][gc,phases      ] GC(63)     Dead                           Min: 0, Avg:  0.0, Max: 0, Diff: 0, Sum: 0, Workers: 4
[27.912s][debug][gc,phases      ] GC(63)     Total                          Min: 0, Avg:  0.0, Max: 0, Diff: 0, Sum: 0, Workers: 4
[27.912s][debug][gc,phases      ] GC(63)   StringDedup Requests0 Weak     Min:  0.0, Avg:  0.0, Max:  0.0, Diff:  0.0, Sum:  0.0, Workers: 4
[27.912s][debug][gc,phases      ] GC(63)     Dead                           Min: 0, Avg:  0.0, Max: 0, Diff: 0, Sum: 0, Workers: 4
[27.912s][debug][gc,phases      ] GC(63)     Total                          Min: 0, Avg:  0.0, Max: 0, Diff: 0, Sum: 0, Workers: 4
[27.912s][debug][gc,phases      ] GC(63)   StringDedup Requests1 Weak     Min:  0.0, Avg:  0.0, Max:  0.0, Diff:  0.0, Sum:  0.0, Workers: 4
[27.912s][debug][gc,phases      ] GC(63)     Dead                           Min: 0, Avg:  0.0, Max: 0, Diff: 0, Sum: 0, Workers: 4
[27.912s][debug][gc,phases      ] GC(63)     Total                          Min: 0, Avg:  0.0, Max: 0, Diff: 0, Sum: 0, Workers: 4
[27.912s][debug][gc,phases      ] GC(63)   Weak JFR Old Object Samples    Min:  0.0, Avg:  0.0, Max:  0.0, Diff:  0.0, Sum:  0.0, Workers: 4
[27.912s][debug][gc,phases      ] GC(63)     Dead                           Min: 0, Avg:  0.0, Max: 0, Diff: 0, Sum: 0, Workers: 4
[27.912s][debug][gc,phases      ] GC(63)     Total                          Min: 0, Avg:  0.0, Max: 0, Diff: 0, Sum: 0, Workers: 4
[27.912s][debug][gc,phases      ] GC(63) Weak Processing 0.286ms
[27.912s][debug][gc,age         ] GC(63) Desired survivor size 191365120 bytes, new threshold 15 (max threshold 15)
[27.912s][info ][gc,heap        ] GC(63) PSYoungGen: 1737888K(1899520K)->49696K(1887744K) Eden: 1690112K(1690112K)->0K(1690112K) From: 47776K(209408K)->49696K(197632K)
[27.912s][info ][gc,heap        ] GC(63) ParOldGen: 523691K(590336K)->525683K(590336K)
[27.912s][info ][gc,metaspace   ] GC(63) Metaspace: 68739K(69504K)->68739K(69504K) NonClass: 58739K(59136K)->58739K(59136K) Class: 9999K(10368K)->9999K(10368K)
[27.912s][info ][gc             ] GC(63) Pause Young (Allocation Failure) 2208M->561M(2420M) 22.593ms
[27.912s][info ][gc,cpu         ] GC(63) User=0.09s Sys=0.00s Real=0.02s
[27.912s][info ][safepoint      ] Safepoint "ParallelGCFailedAllocation", Time since last: 80710724 ns, Reaching safepoint: 140103 ns, At safepoint: 22707785 ns, Total: 22847888 ns
[27.993s][info ][safepoint      ] Safepoint "ICBufferFull", Time since last: 80981230 ns, Reaching safepoint: 133403 ns, At safepoint: 33801 ns, Total: 167204 ns
[28.164s][info ][safepoint      ] Safepoint "ICBufferFull", Time since last: 171119256 ns, Reaching safepoint: 138103 ns, At safepoint: 24100 ns, Total: 162203 ns
[28.216s][info ][gc,start       ] GC(64) Pause Young (Allocation Failure)
[28.239s][debug][gc,phases      ] GC(64) Scavenge 22.926ms
[28.239s][debug][gc,ref         ] GC(64) Skipped phase 1 of Reference Processing: no references
[28.239s][debug][gc,ref         ] GC(64) ReferenceProcessor::execute queues: 1, RefProcThreadModel::Single, marks_oops_alive: false
[28.239s][debug][gc,ref         ] GC(64) Skipped phase 3 of Reference Processing: no references
[28.239s][debug][gc,ref         ] GC(64) ReferenceProcessor::execute queues: 1, RefProcThreadModel::Single, marks_oops_alive: false
[28.239s][debug][gc,phases      ] GC(64) Reference Processing 0.117ms
[28.239s][debug][gc,phases      ] GC(64)   VM Weak                        Min:  0.0, Avg:  0.0, Max:  0.0, Diff:  0.0, Sum:  0.0, Workers: 4
[28.239s][debug][gc,phases      ] GC(64)     Dead                           Min: 0, Avg:  0.0, Max: 0, Diff: 0, Sum: 0, Workers: 4
[28.239s][debug][gc,phases      ] GC(64)     Total                          Min: 0, Avg: 148.5, Max: 320, Diff: 320, Sum: 594, Workers: 4
[28.239s][debug][gc,phases      ] GC(64)   ObjectSynchronizer Weak        Min:  0.0, Avg:  0.0, Max:  0.0, Diff:  0.0, Sum:  0.0, Workers: 4
[28.239s][debug][gc,phases      ] GC(64)     Dead                           Min: 0, Avg:  0.0, Max: 0, Diff: 0, Sum: 0, Workers: 4
[28.239s][debug][gc,phases      ] GC(64)     Total                          Min: 0, Avg: 84.8, Max: 128, Diff: 128, Sum: 339, Workers: 4
[28.239s][debug][gc,phases      ] GC(64)   JVMTI Tag Weak OopStorage      Min:  0.0, Avg:  0.0, Max:  0.0, Diff:  0.0, Sum:  0.0, Workers: 4
[28.239s][debug][gc,phases      ] GC(64)     Dead                           Min: 0, Avg:  0.0, Max: 0, Diff: 0, Sum: 0, Workers: 4
[28.239s][debug][gc,phases      ] GC(64)     Total                          Min: 0, Avg:  0.0, Max: 0, Diff: 0, Sum: 0, Workers: 4
[28.239s][debug][gc,phases      ] GC(64)   StringTable Weak               Min:  0.1, Avg:  0.1, Max:  0.1, Diff:  0.0, Sum:  0.5, Workers: 4
[28.239s][debug][gc,phases      ] GC(64)     Dead                           Min: 0, Avg:  2.8, Max: 10, Diff: 10, Sum: 11, Workers: 4
[28.239s][debug][gc,phases      ] GC(64)     Total                          Min: 9152, Avg: 10740.2, Max: 11729, Diff: 2577, Sum: 42961, Workers: 4
[28.239s][debug][gc,phases      ] GC(64)   ResolvedMethodTable Weak       Min:  0.0, Avg:  0.0, Max:  0.0, Diff:  0.0, Sum:  0.1, Workers: 4
[28.239s][debug][gc,phases      ] GC(64)     Dead                           Min: 0, Avg:  0.0, Max: 0, Diff: 0, Sum: 0, Workers: 4
[28.239s][debug][gc,phases      ] GC(64)     Total                          Min: 1664, Avg: 1792.8, Max: 1923, Diff: 259, Sum: 7171, Workers: 4
[28.239s][debug][gc,phases      ] GC(64)   JNI Weak                       Min:  0.0, Avg:  0.0, Max:  0.0, Diff:  0.0, Sum:  0.0, Workers: 4
[28.239s][debug][gc,phases      ] GC(64)     Dead                           Min: 0, Avg:  0.0, Max: 0, Diff: 0, Sum: 0, Workers: 4
[28.239s][debug][gc,phases      ] GC(64)     Total                          Min: 0, Avg:  0.8, Max: 3, Diff: 3, Sum: 3, Workers: 4
[28.239s][debug][gc,phases      ] GC(64)   StringDedup Table Weak         Min:  0.0, Avg:  0.0, Max:  0.0, Diff:  0.0, Sum:  0.0, Workers: 4
[28.239s][debug][gc,phases      ] GC(64)     Dead                           Min: 0, Avg:  0.0, Max: 0, Diff: 0, Sum: 0, Workers: 4
[28.239s][debug][gc,phases      ] GC(64)     Total                          Min: 0, Avg:  0.0, Max: 0, Diff: 0, Sum: 0, Workers: 4
[28.239s][debug][gc,phases      ] GC(64)   StringDedup Requests0 Weak     Min:  0.0, Avg:  0.0, Max:  0.0, Diff:  0.0, Sum:  0.0, Workers: 4
[28.239s][debug][gc,phases      ] GC(64)     Dead                           Min: 0, Avg:  0.0, Max: 0, Diff: 0, Sum: 0, Workers: 4
[28.239s][debug][gc,phases      ] GC(64)     Total                          Min: 0, Avg:  0.0, Max: 0, Diff: 0, Sum: 0, Workers: 4
[28.239s][debug][gc,phases      ] GC(64)   StringDedup Requests1 Weak     Min:  0.0, Avg:  0.0, Max:  0.0, Diff:  0.0, Sum:  0.0, Workers: 4
[28.239s][debug][gc,phases      ] GC(64)     Dead                           Min: 0, Avg:  0.0, Max: 0, Diff: 0, Sum: 0, Workers: 4
[28.239s][debug][gc,phases      ] GC(64)     Total                          Min: 0, Avg:  0.0, Max: 0, Diff: 0, Sum: 0, Workers: 4
[28.239s][debug][gc,phases      ] GC(64)   Weak JFR Old Object Samples    Min:  0.0, Avg:  0.0, Max:  0.0, Diff:  0.0, Sum:  0.0, Workers: 4
[28.239s][debug][gc,phases      ] GC(64)     Dead                           Min: 0, Avg:  0.0, Max: 0, Diff: 0, Sum: 0, Workers: 4
[28.239s][debug][gc,phases      ] GC(64)     Total                          Min: 0, Avg:  0.0, Max: 0, Diff: 0, Sum: 0, Workers: 4
[28.239s][debug][gc,phases      ] GC(64) Weak Processing 0.371ms
[28.239s][debug][gc,age         ] GC(64) Desired survivor size 180355072 bytes, new threshold 15 (max threshold 15)
[28.239s][info ][gc,heap        ] GC(64) PSYoungGen: 1739808K(1887744K)->51648K(1921024K) Eden: 1690112K(1690112K)->0K(1734144K) From: 49696K(197632K)->51648K(186880K)
[28.239s][info ][gc,heap        ] GC(64) ParOldGen: 525683K(590336K)->527715K(590336K)
[28.239s][info ][gc,metaspace   ] GC(64) Metaspace: 68746K(69504K)->68746K(69504K) NonClass: 58747K(59136K)->58747K(59136K) Class: 9999K(10368K)->9999K(10368K)
[28.239s][info ][gc             ] GC(64) Pause Young (Allocation Failure) 2212M->565M(2452M) 23.585ms
[28.239s][info ][gc,cpu         ] GC(64) User=0.11s Sys=0.00s Real=0.03s
[28.239s][info ][safepoint      ] Safepoint "ParallelGCFailedAllocation", Time since last: 51074091 ns, Reaching safepoint: 129703 ns, At safepoint: 23711807 ns, Total: 23841510 ns
[28.373s][info ][safepoint      ] Safepoint "ICBufferFull", Time since last: 133071443 ns, Reaching safepoint: 127203 ns, At safepoint: 26600 ns, Total: 153803 ns
[28.534s][info ][safepoint      ] Safepoint "ICBufferFull", Time since last: 161073941 ns, Reaching safepoint: 134003 ns, At safepoint: 29501 ns, Total: 163504 ns
[28.571s][info ][gc,start       ] GC(65) Pause Young (Allocation Failure)
[28.592s][debug][gc,phases      ] GC(65) Scavenge 21.013ms
[28.592s][debug][gc,ref         ] GC(65) Skipped phase 1 of Reference Processing: no references
[28.592s][debug][gc,ref         ] GC(65) ReferenceProcessor::execute queues: 1, RefProcThreadModel::Single, marks_oops_alive: false
[28.592s][debug][gc,ref         ] GC(65) Skipped phase 3 of Reference Processing: no references
[28.592s][debug][gc,ref         ] GC(65) ReferenceProcessor::execute queues: 1, RefProcThreadModel::Single, marks_oops_alive: false
[28.592s][debug][gc,phases      ] GC(65) Reference Processing 0.111ms
[28.593s][debug][gc,phases      ] GC(65)   VM Weak                        Min:  0.0, Avg:  0.0, Max:  0.0, Diff:  0.0, Sum:  0.0, Workers: 4
[28.593s][debug][gc,phases      ] GC(65)     Dead                           Min: 0, Avg:  0.0, Max: 0, Diff: 0, Sum: 0, Workers: 4
[28.593s][debug][gc,phases      ] GC(65)     Total                          Min: 0, Avg: 148.5, Max: 320, Diff: 320, Sum: 594, Workers: 4
[28.593s][debug][gc,phases      ] GC(65)   ObjectSynchronizer Weak        Min:  0.0, Avg:  0.0, Max:  0.0, Diff:  0.0, Sum:  0.0, Workers: 4
[28.593s][debug][gc,phases      ] GC(65)     Dead                           Min: 0, Avg:  0.0, Max: 0, Diff: 0, Sum: 0, Workers: 4
[28.593s][debug][gc,phases      ] GC(65)     Total                          Min: 0, Avg: 84.8, Max: 128, Diff: 128, Sum: 339, Workers: 4
[28.593s][debug][gc,phases      ] GC(65)   JVMTI Tag Weak OopStorage      Min:  0.0, Avg:  0.0, Max:  0.0, Diff:  0.0, Sum:  0.0, Workers: 4
[28.593s][debug][gc,phases      ] GC(65)     Dead                           Min: 0, Avg:  0.0, Max: 0, Diff: 0, Sum: 0, Workers: 4
[28.593s][debug][gc,phases      ] GC(65)     Total                          Min: 0, Avg:  0.0, Max: 0, Diff: 0, Sum: 0, Workers: 4
[28.593s][debug][gc,phases      ] GC(65)   StringTable Weak               Min:  0.1, Avg:  0.1, Max:  0.1, Diff:  0.0, Sum:  0.4, Workers: 4
[28.593s][debug][gc,phases      ] GC(65)     Dead                           Min: 0, Avg:  2.8, Max: 11, Diff: 11, Sum: 11, Workers: 4
[28.593s][debug][gc,phases      ] GC(65)     Total                          Min: 10112, Avg: 10741.0, Max: 11638, Diff: 1526, Sum: 42964, Workers: 4
[28.593s][debug][gc,phases      ] GC(65)   ResolvedMethodTable Weak       Min:  0.0, Avg:  0.0, Max:  0.0, Diff:  0.0, Sum:  0.1, Workers: 4
[28.593s][debug][gc,phases      ] GC(65)     Dead                           Min: 0, Avg:  0.0, Max: 0, Diff: 0, Sum: 0, Workers: 4
[28.593s][debug][gc,phases      ] GC(65)     Total                          Min: 1664, Avg: 1792.8, Max: 1920, Diff: 256, Sum: 7171, Workers: 4
[28.593s][debug][gc,phases      ] GC(65)   JNI Weak                       Min:  0.0, Avg:  0.0, Max:  0.0, Diff:  0.0, Sum:  0.0, Workers: 4
[28.593s][debug][gc,phases      ] GC(65)     Dead                           Min: 0, Avg:  0.0, Max: 0, Diff: 0, Sum: 0, Workers: 4
[28.593s][debug][gc,phases      ] GC(65)     Total                          Min: 0, Avg:  0.2, Max: 1, Diff: 1, Sum: 1, Workers: 4
[28.593s][debug][gc,phases      ] GC(65)   StringDedup Table Weak         Min:  0.0, Avg:  0.0, Max:  0.0, Diff:  0.0, Sum:  0.0, Workers: 4
[28.593s][debug][gc,phases      ] GC(65)     Dead                           Min: 0, Avg:  0.0, Max: 0, Diff: 0, Sum: 0, Workers: 4
[28.593s][debug][gc,phases      ] GC(65)     Total                          Min: 0, Avg:  0.0, Max: 0, Diff: 0, Sum: 0, Workers: 4
[28.593s][debug][gc,phases      ] GC(65)   StringDedup Requests0 Weak     Min:  0.0, Avg:  0.0, Max:  0.0, Diff:  0.0, Sum:  0.0, Workers: 4
[28.593s][debug][gc,phases      ] GC(65)     Dead                           Min: 0, Avg:  0.0, Max: 0, Diff: 0, Sum: 0, Workers: 4
[28.593s][debug][gc,phases      ] GC(65)     Total                          Min: 0, Avg:  0.0, Max: 0, Diff: 0, Sum: 0, Workers: 4
[28.593s][debug][gc,phases      ] GC(65)   StringDedup Requests1 Weak     Min:  0.0, Avg:  0.0, Max:  0.0, Diff:  0.0, Sum:  0.0, Workers: 4
[28.593s][debug][gc,phases      ] GC(65)     Dead                           Min: 0, Avg:  0.0, Max: 0, Diff: 0, Sum: 0, Workers: 4
[28.593s][debug][gc,phases      ] GC(65)     Total                          Min: 0, Avg:  0.0, Max: 0, Diff: 0, Sum: 0, Workers: 4
[28.593s][debug][gc,phases      ] GC(65)   Weak JFR Old Object Samples    Min:  0.0, Avg:  0.0, Max:  0.0, Diff:  0.0, Sum:  0.0, Workers: 4
[28.593s][debug][gc,phases      ] GC(65)     Dead                           Min: 0, Avg:  0.0, Max: 0, Diff: 0, Sum: 0, Workers: 4
[28.593s][debug][gc,phases      ] GC(65)     Total                          Min: 0, Avg:  0.0, Max: 0, Diff: 0, Sum: 0, Workers: 4
[28.593s][debug][gc,phases      ] GC(65) Weak Processing 0.301ms
[28.593s][debug][gc,age         ] GC(65) Desired survivor size 169869312 bytes, new threshold 15 (max threshold 15)
[28.593s][info ][gc,heap        ] GC(65) PSYoungGen: 1785792K(1921024K)->53312K(1910272K) Eden: 1734144K(1734144K)->0K(1734144K) From: 51648K(186880K)->53312K(176128K)
[28.593s][info ][gc,heap        ] GC(65) ParOldGen: 527715K(590336K)->529483K(590336K)
[28.593s][info ][gc,metaspace   ] GC(65) Metaspace: 68748K(69504K)->68748K(69504K) NonClass: 58749K(59136K)->58749K(59136K) Class: 9999K(10368K)->9999K(10368K)
[28.593s][info ][gc             ] GC(65) Pause Young (Allocation Failure) 2259M->569M(2442M) 21.582ms
[28.593s][info ][gc,cpu         ] GC(65) User=0.08s Sys=0.00s Real=0.02s
[28.593s][info ][safepoint      ] Safepoint "ParallelGCFailedAllocation", Time since last: 37197195 ns, Reaching safepoint: 79301 ns, At safepoint: 21693464 ns, Total: 21772765 ns
[28.740s][info ][safepoint      ] Safepoint "ICBufferFull", Time since last: 147007240 ns, Reaching safepoint: 146004 ns, At safepoint: 27500 ns, Total: 173504 ns
[28.917s][info ][safepoint      ] Safepoint "ICBufferFull", Time since last: 177161185 ns, Reaching safepoint: 136303 ns, At safepoint: 24400 ns, Total: 160703 ns
[28.929s][info ][gc,start       ] GC(66) Pause Young (Allocation Failure)
[28.961s][debug][gc,phases      ] GC(66) Scavenge 31.574ms
[28.961s][debug][gc,ref         ] GC(66) Skipped phase 1 of Reference Processing: no references
[28.961s][debug][gc,ref         ] GC(66) ReferenceProcessor::execute queues: 1, RefProcThreadModel::Single, marks_oops_alive: false
[28.961s][debug][gc,ref         ] GC(66) Skipped phase 3 of Reference Processing: no references
[28.961s][debug][gc,ref         ] GC(66) ReferenceProcessor::execute queues: 1, RefProcThreadModel::Single, marks_oops_alive: false
[28.961s][debug][gc,phases      ] GC(66) Reference Processing 0.213ms
[28.961s][debug][gc,phases      ] GC(66)   VM Weak                        Min:  0.0, Avg:  0.0, Max:  0.0, Diff:  0.0, Sum:  0.0, Workers: 4
[28.961s][debug][gc,phases      ] GC(66)     Dead                           Min: 0, Avg:  0.0, Max: 0, Diff: 0, Sum: 0, Workers: 4
[28.961s][debug][gc,phases      ] GC(66)     Total                          Min: 0, Avg: 148.5, Max: 594, Diff: 594, Sum: 594, Workers: 4
[28.961s][debug][gc,phases      ] GC(66)   ObjectSynchronizer Weak        Min:  0.0, Avg:  0.0, Max:  0.0, Diff:  0.0, Sum:  0.0, Workers: 4
[28.961s][debug][gc,phases      ] GC(66)     Dead                           Min: 0, Avg:  0.0, Max: 0, Diff: 0, Sum: 0, Workers: 4
[28.961s][debug][gc,phases      ] GC(66)     Total                          Min: 0, Avg: 84.8, Max: 211, Diff: 211, Sum: 339, Workers: 4
[28.961s][debug][gc,phases      ] GC(66)   JVMTI Tag Weak OopStorage      Min:  0.0, Avg:  0.0, Max:  0.0, Diff:  0.0, Sum:  0.0, Workers: 4
[28.961s][debug][gc,phases      ] GC(66)     Dead                           Min: 0, Avg:  0.0, Max: 0, Diff: 0, Sum: 0, Workers: 4
[28.961s][debug][gc,phases      ] GC(66)     Total                          Min: 0, Avg:  0.0, Max: 0, Diff: 0, Sum: 0, Workers: 4
[28.961s][debug][gc,phases      ] GC(66)   StringTable Weak               Min:  0.1, Avg:  0.1, Max:  0.1, Diff:  0.0, Sum:  0.4, Workers: 4
[28.961s][debug][gc,phases      ] GC(66)     Dead                           Min: 0, Avg:  0.0, Max: 0, Diff: 0, Sum: 0, Workers: 4
[28.961s][debug][gc,phases      ] GC(66)     Total                          Min: 10038, Avg: 10741.0, Max: 11840, Diff: 1802, Sum: 42964, Workers: 4
[28.961s][debug][gc,phases      ] GC(66)   ResolvedMethodTable Weak       Min:  0.0, Avg:  0.0, Max:  0.0, Diff:  0.0, Sum:  0.1, Workers: 4
[28.961s][debug][gc,phases      ] GC(66)     Dead                           Min: 0, Avg:  0.0, Max: 0, Diff: 0, Sum: 0, Workers: 4
[28.961s][debug][gc,phases      ] GC(66)     Total                          Min: 1664, Avg: 1792.8, Max: 1987, Diff: 323, Sum: 7171, Workers: 4
[28.961s][debug][gc,phases      ] GC(66)   JNI Weak                       Min:  0.0, Avg:  0.0, Max:  0.0, Diff:  0.0, Sum:  0.0, Workers: 4
[28.961s][debug][gc,phases      ] GC(66)     Dead                           Min: 0, Avg:  0.0, Max: 0, Diff: 0, Sum: 0, Workers: 4
[28.961s][debug][gc,phases      ] GC(66)     Total                          Min: 0, Avg:  0.2, Max: 1, Diff: 1, Sum: 1, Workers: 4
[28.961s][debug][gc,phases      ] GC(66)   StringDedup Table Weak         Min:  0.0, Avg:  0.0, Max:  0.0, Diff:  0.0, Sum:  0.0, Workers: 4
[28.961s][debug][gc,phases      ] GC(66)     Dead                           Min: 0, Avg:  0.0, Max: 0, Diff: 0, Sum: 0, Workers: 4
[28.961s][debug][gc,phases      ] GC(66)     Total                          Min: 0, Avg:  0.0, Max: 0, Diff: 0, Sum: 0, Workers: 4
[28.961s][debug][gc,phases      ] GC(66)   StringDedup Requests0 Weak     Min:  0.0, Avg:  0.0, Max:  0.0, Diff:  0.0, Sum:  0.0, Workers: 4
[28.961s][debug][gc,phases      ] GC(66)     Dead                           Min: 0, Avg:  0.0, Max: 0, Diff: 0, Sum: 0, Workers: 4
[28.961s][debug][gc,phases      ] GC(66)     Total                          Min: 0, Avg:  0.0, Max: 0, Diff: 0, Sum: 0, Workers: 4
[28.961s][debug][gc,phases      ] GC(66)   StringDedup Requests1 Weak     Min:  0.0, Avg:  0.0, Max:  0.0, Diff:  0.0, Sum:  0.0, Workers: 4
[28.961s][debug][gc,phases      ] GC(66)     Dead                           Min: 0, Avg:  0.0, Max: 0, Diff: 0, Sum: 0, Workers: 4
[28.961s][debug][gc,phases      ] GC(66)     Total                          Min: 0, Avg:  0.0, Max: 0, Diff: 0, Sum: 0, Workers: 4
[28.961s][debug][gc,phases      ] GC(66)   Weak JFR Old Object Samples    Min:  0.0, Avg:  0.0, Max:  0.0, Diff:  0.0, Sum:  0.0, Workers: 4
[28.961s][debug][gc,phases      ] GC(66)     Dead                           Min: 0, Avg:  0.0, Max: 0, Diff: 0, Sum: 0, Workers: 4
[28.961s][debug][gc,phases      ] GC(66)     Total                          Min: 0, Avg:  0.0, Max: 0, Diff: 0, Sum: 0, Workers: 4
[28.961s][debug][gc,phases      ] GC(66) Weak Processing 0.327ms
[28.961s][debug][gc,age         ] GC(66) Desired survivor size 159383552 bytes, new threshold 15 (max threshold 15)
[28.961s][info ][gc,heap        ] GC(66) PSYoungGen: 1787456K(1910272K)->57621K(1941504K) Eden: 1734144K(1734144K)->0K(1775616K) From: 53312K(176128K)->57621K(165888K)
[28.961s][info ][gc,heap        ] GC(66) ParOldGen: 529483K(590336K)->531971K(590336K)
[28.961s][info ][gc,metaspace   ] GC(66) Metaspace: 68762K(69568K)->68762K(69568K) NonClass: 58763K(59200K)->58763K(59200K) Class: 9999K(10368K)->9999K(10368K)
[28.962s][info ][gc             ] GC(66) Pause Young (Allocation Failure) 2262M->575M(2472M) 32.261ms
[28.962s][info ][gc,cpu         ] GC(66) User=0.15s Sys=0.00s Real=0.03s
[28.962s][info ][safepoint      ] Safepoint "ParallelGCFailedAllocation", Time since last: 11791952 ns, Reaching safepoint: 137903 ns, At safepoint: 32378292 ns, Total: 32516195 ns
[29.162s][info ][safepoint      ] Safepoint "ICBufferFull", Time since last: 191905100 ns, Reaching safepoint: 8067572 ns, At safepoint: 58302 ns, Total: 8125874 ns
[29.278s][info ][gc,start       ] GC(67) Pause Young (Allocation Failure)
[29.305s][debug][gc,phases      ] GC(67) Scavenge 27.575ms
[29.305s][debug][gc,ref         ] GC(67) Skipped phase 1 of Reference Processing: no references
[29.305s][debug][gc,ref         ] GC(67) ReferenceProcessor::execute queues: 1, RefProcThreadModel::Single, marks_oops_alive: false
[29.305s][debug][gc,ref         ] GC(67) Skipped phase 3 of Reference Processing: no references
[29.305s][debug][gc,ref         ] GC(67) ReferenceProcessor::execute queues: 1, RefProcThreadModel::Single, marks_oops_alive: false
[29.305s][debug][gc,phases      ] GC(67) Reference Processing 0.130ms
[29.306s][debug][gc,phases      ] GC(67)   VM Weak                        Min:  0.0, Avg:  0.0, Max:  0.0, Diff:  0.0, Sum:  0.0, Workers: 4
[29.306s][debug][gc,phases      ] GC(67)     Dead                           Min: 0, Avg:  0.0, Max: 0, Diff: 0, Sum: 0, Workers: 4
[29.306s][debug][gc,phases      ] GC(67)     Total                          Min: 0, Avg: 148.5, Max: 448, Diff: 448, Sum: 594, Workers: 4
[29.306s][debug][gc,phases      ] GC(67)   ObjectSynchronizer Weak        Min:  0.0, Avg:  0.0, Max:  0.0, Diff:  0.0, Sum:  0.0, Workers: 4
[29.306s][debug][gc,phases      ] GC(67)     Dead                           Min: 0, Avg:  0.0, Max: 0, Diff: 0, Sum: 0, Workers: 4
[29.306s][debug][gc,phases      ] GC(67)     Total                          Min: 0, Avg: 84.8, Max: 192, Diff: 192, Sum: 339, Workers: 4
[29.306s][debug][gc,phases      ] GC(67)   JVMTI Tag Weak OopStorage      Min:  0.0, Avg:  0.0, Max:  0.0, Diff:  0.0, Sum:  0.0, Workers: 4
[29.306s][debug][gc,phases      ] GC(67)     Dead                           Min: 0, Avg:  0.0, Max: 0, Diff: 0, Sum: 0, Workers: 4
[29.306s][debug][gc,phases      ] GC(67)     Total                          Min: 0, Avg:  0.0, Max: 0, Diff: 0, Sum: 0, Workers: 4
[29.306s][debug][gc,phases      ] GC(67)   StringTable Weak               Min:  0.1, Avg:  0.1, Max:  0.1, Diff:  0.0, Sum:  0.5, Workers: 4
[29.306s][debug][gc,phases      ] GC(67)     Dead                           Min: 0, Avg:  2.8, Max: 10, Diff: 10, Sum: 11, Workers: 4
[29.306s][debug][gc,phases      ] GC(67)     Total                          Min: 8512, Avg: 10742.0, Max: 12096, Diff: 3584, Sum: 42968, Workers: 4
[29.306s][debug][gc,phases      ] GC(67)   ResolvedMethodTable Weak       Min:  0.0, Avg:  0.0, Max:  0.0, Diff:  0.0, Sum:  0.1, Workers: 4
[29.306s][debug][gc,phases      ] GC(67)     Dead                           Min: 0, Avg:  0.0, Max: 0, Diff: 0, Sum: 0, Workers: 4
[29.306s][debug][gc,phases      ] GC(67)     Total                          Min: 1280, Avg: 1792.8, Max: 2115, Diff: 835, Sum: 7171, Workers: 4
[29.306s][debug][gc,phases      ] GC(67)   JNI Weak                       Min:  0.0, Avg:  0.0, Max:  0.0, Diff:  0.0, Sum:  0.0, Workers: 4
[29.306s][debug][gc,phases      ] GC(67)     Dead                           Min: 0, Avg:  0.0, Max: 0, Diff: 0, Sum: 0, Workers: 4
[29.306s][debug][gc,phases      ] GC(67)     Total                          Min: 0, Avg:  0.0, Max: 0, Diff: 0, Sum: 0, Workers: 4
[29.306s][debug][gc,phases      ] GC(67)   StringDedup Table Weak         Min:  0.0, Avg:  0.0, Max:  0.0, Diff:  0.0, Sum:  0.0, Workers: 4
[29.306s][debug][gc,phases      ] GC(67)     Dead                           Min: 0, Avg:  0.0, Max: 0, Diff: 0, Sum: 0, Workers: 4
[29.306s][debug][gc,phases      ] GC(67)     Total                          Min: 0, Avg:  0.0, Max: 0, Diff: 0, Sum: 0, Workers: 4
[29.306s][debug][gc,phases      ] GC(67)   StringDedup Requests0 Weak     Min:  0.0, Avg:  0.0, Max:  0.0, Diff:  0.0, Sum:  0.0, Workers: 4
[29.306s][debug][gc,phases      ] GC(67)     Dead                           Min: 0, Avg:  0.0, Max: 0, Diff: 0, Sum: 0, Workers: 4
[29.306s][debug][gc,phases      ] GC(67)     Total                          Min: 0, Avg:  0.0, Max: 0, Diff: 0, Sum: 0, Workers: 4
[29.306s][debug][gc,phases      ] GC(67)   StringDedup Requests1 Weak     Min:  0.0, Avg:  0.0, Max:  0.0, Diff:  0.0, Sum:  0.0, Workers: 4
[29.306s][debug][gc,phases      ] GC(67)     Dead                           Min: 0, Avg:  0.0, Max: 0, Diff: 0, Sum: 0, Workers: 4
[29.306s][debug][gc,phases      ] GC(67)     Total                          Min: 0, Avg:  0.0, Max: 0, Diff: 0, Sum: 0, Workers: 4
[29.306s][debug][gc,phases      ] GC(67)   Weak JFR Old Object Samples    Min:  0.0, Avg:  0.0, Max:  0.0, Diff:  0.0, Sum:  0.0, Workers: 4
[29.306s][debug][gc,phases      ] GC(67)     Dead                           Min: 0, Avg:  0.0, Max: 0, Diff: 0, Sum: 0, Workers: 4
[29.306s][debug][gc,phases      ] GC(67)     Total                          Min: 0, Avg:  0.0, Max: 0, Diff: 0, Sum: 0, Workers: 4
[29.306s][debug][gc,phases      ] GC(67) Weak Processing 0.334ms
[29.306s][debug][gc,age         ] GC(67) Desired survivor size 149422080 bytes, new threshold 15 (max threshold 15)
[29.306s][info ][gc,heap        ] GC(67) PSYoungGen: 1833237K(1941504K)->59664K(1931264K) Eden: 1775616K(1775616K)->0K(1775616K) From: 57621K(165888K)->59664K(155648K)
[29.306s][info ][gc,heap        ] GC(67) ParOldGen: 531971K(590336K)->534763K(590336K)
[29.306s][info ][gc,metaspace   ] GC(67) Metaspace: 68762K(69568K)->68762K(69568K) NonClass: 58763K(59200K)->58763K(59200K) Class: 9999K(10368K)->9999K(10368K)
[29.306s][info ][gc             ] GC(67) Pause Young (Allocation Failure) 2309M->580M(2462M) 28.192ms
[29.306s][info ][gc,cpu         ] GC(67) User=0.09s Sys=0.00s Real=0.02s
[29.306s][info ][safepoint      ] Safepoint "ParallelGCFailedAllocation", Time since last: 115834474 ns, Reaching safepoint: 201105 ns, At safepoint: 28320105 ns, Total: 28521210 ns
[29.446s][info ][safepoint      ] Safepoint "ICBufferFull", Time since last: 140043192 ns, Reaching safepoint: 137903 ns, At safepoint: 22600 ns, Total: 160503 ns
[29.558s][info ][safepoint      ] Safepoint "ICBufferFull", Time since last: 111992693 ns, Reaching safepoint: 137503 ns, At safepoint: 27300 ns, Total: 164803 ns
[29.590s][info ][gc,start       ] GC(68) Pause Young (Allocation Failure)
[29.622s][debug][gc,phases      ] GC(68) Scavenge 31.889ms
[29.622s][debug][gc,ref         ] GC(68) Skipped phase 1 of Reference Processing: no references
[29.622s][debug][gc,ref         ] GC(68) ReferenceProcessor::execute queues: 1, RefProcThreadModel::Single, marks_oops_alive: false
[29.622s][debug][gc,ref         ] GC(68) Skipped phase 3 of Reference Processing: no references
[29.622s][debug][gc,ref         ] GC(68) Skipped phase 4 of Reference Processing: no references
[29.622s][debug][gc,phases      ] GC(68) Reference Processing 0.106ms
[29.622s][debug][gc,phases      ] GC(68)   VM Weak                        Min:  0.0, Avg:  0.0, Max:  0.0, Diff:  0.0, Sum:  0.0, Workers: 4
[29.622s][debug][gc,phases      ] GC(68)     Dead                           Min: 0, Avg:  0.0, Max: 0, Diff: 0, Sum: 0, Workers: 4
[29.622s][debug][gc,phases      ] GC(68)     Total                          Min: 0, Avg: 148.5, Max: 384, Diff: 384, Sum: 594, Workers: 4
[29.622s][debug][gc,phases      ] GC(68)   ObjectSynchronizer Weak        Min:  0.0, Avg:  0.0, Max:  0.0, Diff:  0.0, Sum:  0.0, Workers: 4
[29.622s][debug][gc,phases      ] GC(68)     Dead                           Min: 0, Avg:  0.0, Max: 0, Diff: 0, Sum: 0, Workers: 4
[29.622s][debug][gc,phases      ] GC(68)     Total                          Min: 0, Avg: 84.8, Max: 211, Diff: 211, Sum: 339, Workers: 4
[29.622s][debug][gc,phases      ] GC(68)   JVMTI Tag Weak OopStorage      Min:  0.0, Avg:  0.0, Max:  0.0, Diff:  0.0, Sum:  0.0, Workers: 4
[29.622s][debug][gc,phases      ] GC(68)     Dead                           Min: 0, Avg:  0.0, Max: 0, Diff: 0, Sum: 0, Workers: 4
[29.622s][debug][gc,phases      ] GC(68)     Total                          Min: 0, Avg:  0.0, Max: 0, Diff: 0, Sum: 0, Workers: 4
[29.622s][debug][gc,phases      ] GC(68)   StringTable Weak               Min:  0.1, Avg:  0.1, Max:  0.1, Diff:  0.0, Sum:  0.4, Workers: 4
[29.622s][debug][gc,phases      ] GC(68)     Dead                           Min: 0, Avg:  2.8, Max: 11, Diff: 11, Sum: 11, Workers: 4
[29.622s][debug][gc,phases      ] GC(68)     Total                          Min: 9657, Avg: 10747.8, Max: 13312, Diff: 3655, Sum: 42991, Workers: 4
[29.622s][debug][gc,phases      ] GC(68)   ResolvedMethodTable Weak       Min:  0.0, Avg:  0.0, Max:  0.0, Diff:  0.0, Sum:  0.1, Workers: 4
[29.622s][debug][gc,phases      ] GC(68)     Dead                           Min: 0, Avg:  0.0, Max: 0, Diff: 0, Sum: 0, Workers: 4
[29.622s][debug][gc,phases      ] GC(68)     Total                          Min: 1603, Avg: 1792.8, Max: 2112, Diff: 509, Sum: 7171, Workers: 4
[29.622s][debug][gc,phases      ] GC(68)   JNI Weak                       Min:  0.0, Avg:  0.0, Max:  0.0, Diff:  0.0, Sum:  0.0, Workers: 4
[29.622s][debug][gc,phases      ] GC(68)     Dead                           Min: 0, Avg:  0.0, Max: 0, Diff: 0, Sum: 0, Workers: 4
[29.622s][debug][gc,phases      ] GC(68)     Total                          Min: 0, Avg:  0.0, Max: 0, Diff: 0, Sum: 0, Workers: 4
[29.622s][debug][gc,phases      ] GC(68)   StringDedup Table Weak         Min:  0.0, Avg:  0.0, Max:  0.0, Diff:  0.0, Sum:  0.0, Workers: 4
[29.622s][debug][gc,phases      ] GC(68)     Dead                           Min: 0, Avg:  0.0, Max: 0, Diff: 0, Sum: 0, Workers: 4
[29.622s][debug][gc,phases      ] GC(68)     Total                          Min: 0, Avg:  0.0, Max: 0, Diff: 0, Sum: 0, Workers: 4
[29.622s][debug][gc,phases      ] GC(68)   StringDedup Requests0 Weak     Min:  0.0, Avg:  0.0, Max:  0.0, Diff:  0.0, Sum:  0.0, Workers: 4
[29.622s][debug][gc,phases      ] GC(68)     Dead                           Min: 0, Avg:  0.0, Max: 0, Diff: 0, Sum: 0, Workers: 4
[29.622s][debug][gc,phases      ] GC(68)     Total                          Min: 0, Avg:  0.0, Max: 0, Diff: 0, Sum: 0, Workers: 4
[29.622s][debug][gc,phases      ] GC(68)   StringDedup Requests1 Weak     Min:  0.0, Avg:  0.0, Max:  0.0, Diff:  0.0, Sum:  0.0, Workers: 4
[29.622s][debug][gc,phases      ] GC(68)     Dead                           Min: 0, Avg:  0.0, Max: 0, Diff: 0, Sum: 0, Workers: 4
[29.622s][debug][gc,phases      ] GC(68)     Total                          Min: 0, Avg:  0.0, Max: 0, Diff: 0, Sum: 0, Workers: 4
[29.622s][debug][gc,phases      ] GC(68)   Weak JFR Old Object Samples    Min:  0.0, Avg:  0.0, Max:  0.0, Diff:  0.0, Sum:  0.0, Workers: 4
[29.622s][debug][gc,phases      ] GC(68)     Dead                           Min: 0, Avg:  0.0, Max: 0, Diff: 0, Sum: 0, Workers: 4
[29.622s][debug][gc,phases      ] GC(68)     Total                          Min: 0, Avg:  0.0, Max: 0, Diff: 0, Sum: 0, Workers: 4
[29.622s][debug][gc,phases      ] GC(68) Weak Processing 0.304ms
[29.623s][debug][gc,age         ] GC(68) Desired survivor size 142082048 bytes, new threshold 15 (max threshold 15)
[29.623s][info ][gc,heap        ] GC(68) PSYoungGen: 1835280K(1931264K)->63584K(1958400K) Eden: 1775616K(1775616K)->0K(1812480K) From: 59664K(155648K)->63584K(145920K)
[29.623s][info ][gc,heap        ] GC(68) ParOldGen: 534763K(590336K)->537355K(590336K)
[29.623s][info ][gc,metaspace   ] GC(68) Metaspace: 68765K(69568K)->68765K(69568K) NonClass: 58765K(59200K)->58765K(59200K) Class: 10000K(10368K)->10000K(10368K)
[29.623s][info ][gc             ] GC(68) Pause Young (Allocation Failure) 2314M->586M(2489M) 32.439ms
[29.623s][info ][gc,cpu         ] GC(68) User=0.11s Sys=0.01s Real=0.03s
[29.623s][info ][safepoint      ] Safepoint "ParallelGCFailedAllocation", Time since last: 31602275 ns, Reaching safepoint: 131503 ns, At safepoint: 32553296 ns, Total: 32684799 ns
[29.698s][info ][safepoint      ] Safepoint "ICBufferFull", Time since last: 75625115 ns, Reaching safepoint: 142603 ns, At safepoint: 33501 ns, Total: 176104 ns
[29.811s][info ][safepoint      ] Safepoint "ICBufferFull", Time since last: 112468503 ns, Reaching safepoint: 128303 ns, At safepoint: 23800 ns, Total: 152103 ns
[29.914s][info ][safepoint      ] Safepoint "ICBufferFull", Time since last: 102580392 ns, Reaching safepoint: 122402 ns, At safepoint: 30101 ns, Total: 152503 ns
[29.944s][info ][gc,start       ] GC(69) Pause Young (Allocation Failure)
[29.973s][debug][gc,phases      ] GC(69) Scavenge 28.779ms
[29.973s][debug][gc,ref         ] GC(69) Skipped phase 1 of Reference Processing: no references
[29.973s][debug][gc,ref         ] GC(69) ReferenceProcessor::execute queues: 1, RefProcThreadModel::Single, marks_oops_alive: false
[29.973s][debug][gc,ref         ] GC(69) Skipped phase 3 of Reference Processing: no references
[29.973s][debug][gc,ref         ] GC(69) Skipped phase 4 of Reference Processing: no references
[29.973s][debug][gc,phases      ] GC(69) Reference Processing 0.107ms
[29.973s][debug][gc,phases      ] GC(69)   VM Weak                        Min:  0.0, Avg:  0.0, Max:  0.0, Diff:  0.0, Sum:  0.0, Workers: 4
[29.973s][debug][gc,phases      ] GC(69)     Dead                           Min: 0, Avg:  0.0, Max: 0, Diff: 0, Sum: 0, Workers: 4
[29.973s][debug][gc,phases      ] GC(69)     Total                          Min: 0, Avg: 148.5, Max: 512, Diff: 512, Sum: 594, Workers: 4
[29.973s][debug][gc,phases      ] GC(69)   ObjectSynchronizer Weak        Min:  0.0, Avg:  0.0, Max:  0.0, Diff:  0.0, Sum:  0.0, Workers: 4
[29.973s][debug][gc,phases      ] GC(69)     Dead                           Min: 0, Avg:  0.0, Max: 0, Diff: 0, Sum: 0, Workers: 4
[29.973s][debug][gc,phases      ] GC(69)     Total                          Min: 0, Avg: 84.8, Max: 211, Diff: 211, Sum: 339, Workers: 4
[29.974s][debug][gc,phases      ] GC(69)   JVMTI Tag Weak OopStorage      Min:  0.0, Avg:  0.0, Max:  0.0, Diff:  0.0, Sum:  0.0, Workers: 4
[29.974s][debug][gc,phases      ] GC(69)     Dead                           Min: 0, Avg:  0.0, Max: 0, Diff: 0, Sum: 0, Workers: 4
[29.974s][debug][gc,phases      ] GC(69)     Total                          Min: 0, Avg:  0.0, Max: 0, Diff: 0, Sum: 0, Workers: 4
[29.974s][debug][gc,phases      ] GC(69)   StringTable Weak               Min:  0.1, Avg:  0.1, Max:  0.1, Diff:  0.0, Sum:  0.5, Workers: 4
[29.974s][debug][gc,phases      ] GC(69)     Dead                           Min: 0, Avg:  0.0, Max: 0, Diff: 0, Sum: 0, Workers: 4
[29.974s][debug][gc,phases      ] GC(69)     Total                          Min: 9664, Avg: 10747.8, Max: 12608, Diff: 2944, Sum: 42991, Workers: 4
[29.974s][debug][gc,phases      ] GC(69)   ResolvedMethodTable Weak       Min:  0.0, Avg:  0.0, Max:  0.0, Diff:  0.0, Sum:  0.1, Workers: 4
[29.974s][debug][gc,phases      ] GC(69)     Dead                           Min: 0, Avg:  0.0, Max: 0, Diff: 0, Sum: 0, Workers: 4
[29.974s][debug][gc,phases      ] GC(69)     Total                          Min: 1600, Avg: 1792.8, Max: 2179, Diff: 579, Sum: 7171, Workers: 4
[29.974s][debug][gc,phases      ] GC(69)   JNI Weak                       Min:  0.0, Avg:  0.0, Max:  0.0, Diff:  0.0, Sum:  0.0, Workers: 4
[29.974s][debug][gc,phases      ] GC(69)     Dead                           Min: 0, Avg:  0.0, Max: 0, Diff: 0, Sum: 0, Workers: 4
[29.974s][debug][gc,phases      ] GC(69)     Total                          Min: 0, Avg:  0.0, Max: 0, Diff: 0, Sum: 0, Workers: 4
[29.974s][debug][gc,phases      ] GC(69)   StringDedup Table Weak         Min:  0.0, Avg:  0.0, Max:  0.0, Diff:  0.0, Sum:  0.0, Workers: 4
[29.974s][debug][gc,phases      ] GC(69)     Dead                           Min: 0, Avg:  0.0, Max: 0, Diff: 0, Sum: 0, Workers: 4
[29.974s][debug][gc,phases      ] GC(69)     Total                          Min: 0, Avg:  0.0, Max: 0, Diff: 0, Sum: 0, Workers: 4
[29.974s][debug][gc,phases      ] GC(69)   StringDedup Requests0 Weak     Min:  0.0, Avg:  0.0, Max:  0.0, Diff:  0.0, Sum:  0.0, Workers: 4
[29.974s][debug][gc,phases      ] GC(69)     Dead                           Min: 0, Avg:  0.0, Max: 0, Diff: 0, Sum: 0, Workers: 4
[29.974s][debug][gc,phases      ] GC(69)     Total                          Min: 0, Avg:  0.0, Max: 0, Diff: 0, Sum: 0, Workers: 4
[29.974s][debug][gc,phases      ] GC(69)   StringDedup Requests1 Weak     Min:  0.0, Avg:  0.0, Max:  0.0, Diff:  0.0, Sum:  0.0, Workers: 4
[29.974s][debug][gc,phases      ] GC(69)     Dead                           Min: 0, Avg:  0.0, Max: 0, Diff: 0, Sum: 0, Workers: 4
[29.974s][debug][gc,phases      ] GC(69)     Total                          Min: 0, Avg:  0.0, Max: 0, Diff: 0, Sum: 0, Workers: 4
[29.974s][debug][gc,phases      ] GC(69)   Weak JFR Old Object Samples    Min:  0.0, Avg:  0.0, Max:  0.0, Diff:  0.0, Sum:  0.0, Workers: 4
[29.974s][debug][gc,phases      ] GC(69)     Dead                           Min: 0, Avg:  0.0, Max: 0, Diff: 0, Sum: 0, Workers: 4
[29.974s][debug][gc,phases      ] GC(69)     Total                          Min: 0, Avg:  0.0, Max: 0, Diff: 0, Sum: 0, Workers: 4
[29.974s][debug][gc,phases      ] GC(69) Weak Processing 0.360ms
[29.974s][debug][gc,age         ] GC(69) Desired survivor size 134742016 bytes, new threshold 15 (max threshold 15)
[29.974s][info ][gc,heap        ] GC(69) PSYoungGen: 1876064K(1958400K)->61056K(1951232K) Eden: 1812480K(1812480K)->0K(1812480K) From: 63584K(145920K)->61056K(138752K)
[29.974s][info ][gc,heap        ] GC(69) ParOldGen: 537355K(590336K)->543595K(590336K)
[29.974s][info ][gc,metaspace   ] GC(69) Metaspace: 68765K(69568K)->68765K(69568K) NonClass: 58765K(59200K)->58765K(59200K) Class: 10000K(10368K)->10000K(10368K)
[29.974s][info ][gc             ] GC(69) Pause Young (Allocation Failure) 2356M->590M(2482M) 29.389ms
[29.974s][info ][gc,cpu         ] GC(69) User=0.11s Sys=0.00s Real=0.03s
[29.974s][info ][safepoint      ] Safepoint "ParallelGCFailedAllocation", Time since last: 30335348 ns, Reaching safepoint: 131803 ns, At safepoint: 29527031 ns, Total: 29658834 ns
[30.005s][info ][safepoint      ] Safepoint "ICBufferFull", Time since last: 30659955 ns, Reaching safepoint: 127202 ns, At safepoint: 29501 ns, Total: 156703 ns
[30.239s][info ][safepoint      ] Safepoint "ICBufferFull", Time since last: 234012100 ns, Reaching safepoint: 150603 ns, At safepoint: 23500 ns, Total: 174103 ns
[30.303s][info ][gc,start       ] GC(70) Pause Young (Allocation Failure)
[30.337s][debug][gc,phases      ] GC(70) Scavenge 33.559ms
[30.337s][debug][gc,ref         ] GC(70) Skipped phase 1 of Reference Processing: no references
[30.337s][debug][gc,ref         ] GC(70) ReferenceProcessor::execute queues: 1, RefProcThreadModel::Single, marks_oops_alive: false
[30.337s][debug][gc,ref         ] GC(70) Skipped phase 3 of Reference Processing: no references
[30.337s][debug][gc,ref         ] GC(70) ReferenceProcessor::execute queues: 1, RefProcThreadModel::Single, marks_oops_alive: false
[30.337s][debug][gc,phases      ] GC(70) Reference Processing 0.103ms
[30.337s][debug][gc,phases      ] GC(70)   VM Weak                        Min:  0.0, Avg:  0.0, Max:  0.0, Diff:  0.0, Sum:  0.0, Workers: 4
[30.337s][debug][gc,phases      ] GC(70)     Dead                           Min: 0, Avg:  0.0, Max: 0, Diff: 0, Sum: 0, Workers: 4
[30.337s][debug][gc,phases      ] GC(70)     Total                          Min: 0, Avg: 148.5, Max: 320, Diff: 320, Sum: 594, Workers: 4
[30.337s][debug][gc,phases      ] GC(70)   ObjectSynchronizer Weak        Min:  0.0, Avg:  0.0, Max:  0.0, Diff:  0.0, Sum:  0.0, Workers: 4
[30.337s][debug][gc,phases      ] GC(70)     Dead                           Min: 0, Avg:  0.0, Max: 0, Diff: 0, Sum: 0, Workers: 4
[30.337s][debug][gc,phases      ] GC(70)     Total                          Min: 0, Avg: 84.8, Max: 192, Diff: 192, Sum: 339, Workers: 4
[30.337s][debug][gc,phases      ] GC(70)   JVMTI Tag Weak OopStorage      Min:  0.0, Avg:  0.0, Max:  0.0, Diff:  0.0, Sum:  0.0, Workers: 4
[30.337s][debug][gc,phases      ] GC(70)     Dead                           Min: 0, Avg:  0.0, Max: 0, Diff: 0, Sum: 0, Workers: 4
[30.337s][debug][gc,phases      ] GC(70)     Total                          Min: 0, Avg:  0.0, Max: 0, Diff: 0, Sum: 0, Workers: 4
[30.337s][debug][gc,phases      ] GC(70)   StringTable Weak               Min:  0.1, Avg:  0.1, Max:  0.1, Diff:  0.0, Sum:  0.4, Workers: 4
[30.337s][debug][gc,phases      ] GC(70)     Dead                           Min: 0, Avg:  2.8, Max: 10, Diff: 10, Sum: 11, Workers: 4
[30.337s][debug][gc,phases      ] GC(70)     Total                          Min: 9984, Avg: 10749.8, Max: 11191, Diff: 1207, Sum: 42999, Workers: 4
[30.337s][debug][gc,phases      ] GC(70)   ResolvedMethodTable Weak       Min:  0.0, Avg:  0.0, Max:  0.0, Diff:  0.0, Sum:  0.1, Workers: 4
[30.337s][debug][gc,phases      ] GC(70)     Dead                           Min: 0, Avg:  0.0, Max: 0, Diff: 0, Sum: 0, Workers: 4
[30.337s][debug][gc,phases      ] GC(70)     Total                          Min: 1603, Avg: 1792.8, Max: 1984, Diff: 381, Sum: 7171, Workers: 4
[30.337s][debug][gc,phases      ] GC(70)   JNI Weak                       Min:  0.0, Avg:  0.0, Max:  0.0, Diff:  0.0, Sum:  0.0, Workers: 4
[30.337s][debug][gc,phases      ] GC(70)     Dead                           Min: 0, Avg:  0.0, Max: 0, Diff: 0, Sum: 0, Workers: 4
[30.337s][debug][gc,phases      ] GC(70)     Total                          Min: 0, Avg:  0.0, Max: 0, Diff: 0, Sum: 0, Workers: 4
[30.337s][debug][gc,phases      ] GC(70)   StringDedup Table Weak         Min:  0.0, Avg:  0.0, Max:  0.0, Diff:  0.0, Sum:  0.0, Workers: 4
[30.337s][debug][gc,phases      ] GC(70)     Dead                           Min: 0, Avg:  0.0, Max: 0, Diff: 0, Sum: 0, Workers: 4
[30.337s][debug][gc,phases      ] GC(70)     Total                          Min: 0, Avg:  0.0, Max: 0, Diff: 0, Sum: 0, Workers: 4
[30.337s][debug][gc,phases      ] GC(70)   StringDedup Requests0 Weak     Min:  0.0, Avg:  0.0, Max:  0.0, Diff:  0.0, Sum:  0.0, Workers: 4
[30.337s][debug][gc,phases      ] GC(70)     Dead                           Min: 0, Avg:  0.0, Max: 0, Diff: 0, Sum: 0, Workers: 4
[30.337s][debug][gc,phases      ] GC(70)     Total                          Min: 0, Avg:  0.0, Max: 0, Diff: 0, Sum: 0, Workers: 4
[30.337s][debug][gc,phases      ] GC(70)   StringDedup Requests1 Weak     Min:  0.0, Avg:  0.0, Max:  0.0, Diff:  0.0, Sum:  0.0, Workers: 4
[30.337s][debug][gc,phases      ] GC(70)     Dead                           Min: 0, Avg:  0.0, Max: 0, Diff: 0, Sum: 0, Workers: 4
[30.337s][debug][gc,phases      ] GC(70)     Total                          Min: 0, Avg:  0.0, Max: 0, Diff: 0, Sum: 0, Workers: 4
[30.337s][debug][gc,phases      ] GC(70)   Weak JFR Old Object Samples    Min:  0.0, Avg:  0.0, Max:  0.0, Diff:  0.0, Sum:  0.0, Workers: 4
[30.337s][debug][gc,phases      ] GC(70)     Dead                           Min: 0, Avg:  0.0, Max: 0, Diff: 0, Sum: 0, Workers: 4
[30.337s][debug][gc,phases      ] GC(70)     Total                          Min: 0, Avg:  0.0, Max: 0, Diff: 0, Sum: 0, Workers: 4
[30.337s][debug][gc,phases      ] GC(70) Weak Processing 0.312ms
[30.337s][debug][gc,age         ] GC(70) Desired survivor size 128974848 bytes, new threshold 15 (max threshold 15)
[30.337s][info ][gc,heap        ] GC(70) PSYoungGen: 1873536K(1951232K)->65307K(1971200K) Eden: 1812480K(1812480K)->0K(1839616K) From: 61056K(138752K)->65307K(131584K)
[30.337s][info ][gc,heap        ] GC(70) ParOldGen: 543595K(590336K)->546403K(590336K)
[30.337s][info ][gc,metaspace   ] GC(70) Metaspace: 68776K(69568K)->68776K(69568K) NonClass: 58776K(59200K)->58776K(59200K) Class: 10000K(10368K)->10000K(10368K)
[30.337s][info ][gc             ] GC(70) Pause Young (Allocation Failure) 2360M->597M(2501M) 34.102ms
[30.337s][info ][gc,cpu         ] GC(70) User=0.12s Sys=0.00s Real=0.04s
[30.337s][info ][safepoint      ] Safepoint "ParallelGCFailedAllocation", Time since last: 64117670 ns, Reaching safepoint: 132203 ns, At safepoint: 34202631 ns, Total: 34334834 ns
[30.670s][info ][gc,start       ] GC(71) Pause Young (Allocation Failure)
[30.703s][debug][gc,phases      ] GC(71) Scavenge 33.391ms
[30.703s][debug][gc,ref         ] GC(71) Skipped phase 1 of Reference Processing: no references
[30.703s][debug][gc,ref         ] GC(71) ReferenceProcessor::execute queues: 1, RefProcThreadModel::Single, marks_oops_alive: false
[30.703s][debug][gc,ref         ] GC(71) Skipped phase 3 of Reference Processing: no references
[30.703s][debug][gc,ref         ] GC(71) ReferenceProcessor::execute queues: 1, RefProcThreadModel::Single, marks_oops_alive: false
[30.703s][debug][gc,phases      ] GC(71) Reference Processing 0.121ms
[30.703s][debug][gc,phases      ] GC(71)   VM Weak                        Min:  0.0, Avg:  0.0, Max:  0.0, Diff:  0.0, Sum:  0.0, Workers: 4
[30.703s][debug][gc,phases      ] GC(71)     Dead                           Min: 0, Avg:  0.0, Max: 0, Diff: 0, Sum: 0, Workers: 4
[30.703s][debug][gc,phases      ] GC(71)     Total                          Min: 0, Avg: 148.5, Max: 338, Diff: 338, Sum: 594, Workers: 4
[30.703s][debug][gc,phases      ] GC(71)   ObjectSynchronizer Weak        Min:  0.0, Avg:  0.0, Max:  0.0, Diff:  0.0, Sum:  0.0, Workers: 4
[30.703s][debug][gc,phases      ] GC(71)     Dead                           Min: 0, Avg:  0.0, Max: 0, Diff: 0, Sum: 0, Workers: 4
[30.703s][debug][gc,phases      ] GC(71)     Total                          Min: 19, Avg: 84.8, Max: 128, Diff: 109, Sum: 339, Workers: 4
[30.703s][debug][gc,phases      ] GC(71)   JVMTI Tag Weak OopStorage      Min:  0.0, Avg:  0.0, Max:  0.0, Diff:  0.0, Sum:  0.0, Workers: 4
[30.704s][debug][gc,phases      ] GC(71)     Dead                           Min: 0, Avg:  0.0, Max: 0, Diff: 0, Sum: 0, Workers: 4
[30.704s][debug][gc,phases      ] GC(71)     Total                          Min: 0, Avg:  0.0, Max: 0, Diff: 0, Sum: 0, Workers: 4
[30.704s][debug][gc,phases      ] GC(71)   StringTable Weak               Min:  0.1, Avg:  0.1, Max:  0.1, Diff:  0.0, Sum:  0.4, Workers: 4
[30.704s][debug][gc,phases      ] GC(71)     Dead                           Min: 0, Avg:  2.8, Max: 9, Diff: 9, Sum: 11, Workers: 4
[30.704s][debug][gc,phases      ] GC(71)     Total                          Min: 10240, Avg: 10749.8, Max: 11392, Diff: 1152, Sum: 42999, Workers: 4
[30.704s][debug][gc,phases      ] GC(71)   ResolvedMethodTable Weak       Min:  0.0, Avg:  0.0, Max:  0.0, Diff:  0.0, Sum:  0.1, Workers: 4
[30.704s][debug][gc,phases      ] GC(71)     Dead                           Min: 0, Avg:  0.0, Max: 0, Diff: 0, Sum: 0, Workers: 4
[30.704s][debug][gc,phases      ] GC(71)     Total                          Min: 1728, Avg: 1792.8, Max: 1856, Diff: 128, Sum: 7171, Workers: 4
[30.704s][debug][gc,phases      ] GC(71)   JNI Weak                       Min:  0.0, Avg:  0.0, Max:  0.0, Diff:  0.0, Sum:  0.0, Workers: 4
[30.704s][debug][gc,phases      ] GC(71)     Dead                           Min: 0, Avg:  0.0, Max: 0, Diff: 0, Sum: 0, Workers: 4
[30.704s][debug][gc,phases      ] GC(71)     Total                          Min: 0, Avg:  1.2, Max: 5, Diff: 5, Sum: 5, Workers: 4
[30.704s][debug][gc,phases      ] GC(71)   StringDedup Table Weak         Min:  0.0, Avg:  0.0, Max:  0.0, Diff:  0.0, Sum:  0.0, Workers: 4
[30.704s][debug][gc,phases      ] GC(71)     Dead                           Min: 0, Avg:  0.0, Max: 0, Diff: 0, Sum: 0, Workers: 4
[30.704s][debug][gc,phases      ] GC(71)     Total                          Min: 0, Avg:  0.0, Max: 0, Diff: 0, Sum: 0, Workers: 4
[30.704s][debug][gc,phases      ] GC(71)   StringDedup Requests0 Weak     Min:  0.0, Avg:  0.0, Max:  0.0, Diff:  0.0, Sum:  0.0, Workers: 4
[30.704s][debug][gc,phases      ] GC(71)     Dead                           Min: 0, Avg:  0.0, Max: 0, Diff: 0, Sum: 0, Workers: 4
[30.704s][debug][gc,phases      ] GC(71)     Total                          Min: 0, Avg:  0.0, Max: 0, Diff: 0, Sum: 0, Workers: 4
[30.704s][debug][gc,phases      ] GC(71)   StringDedup Requests1 Weak     Min:  0.0, Avg:  0.0, Max:  0.0, Diff:  0.0, Sum:  0.0, Workers: 4
[30.704s][debug][gc,phases      ] GC(71)     Dead                           Min: 0, Avg:  0.0, Max: 0, Diff: 0, Sum: 0, Workers: 4
[30.704s][debug][gc,phases      ] GC(71)     Total                          Min: 0, Avg:  0.0, Max: 0, Diff: 0, Sum: 0, Workers: 4
[30.704s][debug][gc,phases      ] GC(71)   Weak JFR Old Object Samples    Min:  0.0, Avg:  0.0, Max:  0.0, Diff:  0.0, Sum:  0.0, Workers: 4
[30.704s][debug][gc,phases      ] GC(71)     Dead                           Min: 0, Avg:  0.0, Max: 0, Diff: 0, Sum: 0, Workers: 4
[30.704s][debug][gc,phases      ] GC(71)     Total                          Min: 0, Avg:  0.0, Max: 0, Diff: 0, Sum: 0, Workers: 4
[30.704s][debug][gc,phases      ] GC(71) Weak Processing 0.305ms
[30.704s][debug][gc,age         ] GC(71) Desired survivor size 124780544 bytes, new threshold 15 (max threshold 15)
[30.704s][info ][gc,heap        ] GC(71) PSYoungGen: 1904923K(1971200K)->67331K(1965568K) Eden: 1839616K(1839616K)->0K(1839616K) From: 65307K(131584K)->67331K(125952K)
[30.704s][info ][gc,heap        ] GC(71) ParOldGen: 546403K(590336K)->548171K(590336K)
[30.704s][info ][gc,metaspace   ] GC(71) Metaspace: 68776K(69568K)->68776K(69568K) NonClass: 58776K(59200K)->58776K(59200K) Class: 10000K(10368K)->10000K(10368K)
[30.704s][info ][gc             ] GC(71) Pause Young (Allocation Failure) 2393M->601M(2496M) 33.953ms
[30.704s][info ][gc,cpu         ] GC(71) User=0.12s Sys=0.00s Real=0.03s
[30.704s][info ][safepoint      ] Safepoint "ParallelGCFailedAllocation", Time since last: 332288099 ns, Reaching safepoint: 146703 ns, At safepoint: 34069228 ns, Total: 34215931 ns
[31.040s][info ][gc,start       ] GC(72) Pause Young (Allocation Failure)
[31.079s][debug][gc,phases      ] GC(72) Scavenge 38.445ms
[31.079s][debug][gc,ref         ] GC(72) Skipped phase 1 of Reference Processing: no references
[31.079s][debug][gc,ref         ] GC(72) ReferenceProcessor::execute queues: 1, RefProcThreadModel::Single, marks_oops_alive: false
[31.079s][debug][gc,ref         ] GC(72) Skipped phase 3 of Reference Processing: no references
[31.079s][debug][gc,ref         ] GC(72) ReferenceProcessor::execute queues: 1, RefProcThreadModel::Single, marks_oops_alive: false
[31.079s][debug][gc,phases      ] GC(72) Reference Processing 0.144ms
[31.079s][debug][gc,phases      ] GC(72)   VM Weak                        Min:  0.0, Avg:  0.0, Max:  0.0, Diff:  0.0, Sum:  0.0, Workers: 4
[31.079s][debug][gc,phases      ] GC(72)     Dead                           Min: 0, Avg:  0.0, Max: 0, Diff: 0, Sum: 0, Workers: 4
[31.079s][debug][gc,phases      ] GC(72)     Total                          Min: 0, Avg: 148.5, Max: 512, Diff: 512, Sum: 594, Workers: 4
[31.079s][debug][gc,phases      ] GC(72)   ObjectSynchronizer Weak        Min:  0.0, Avg:  0.0, Max:  0.0, Diff:  0.0, Sum:  0.0, Workers: 4
[31.079s][debug][gc,phases      ] GC(72)     Dead                           Min: 0, Avg:  0.0, Max: 0, Diff: 0, Sum: 0, Workers: 4
[31.079s][debug][gc,phases      ] GC(72)     Total                          Min: 0, Avg: 85.0, Max: 148, Diff: 148, Sum: 340, Workers: 4
[31.079s][debug][gc,phases      ] GC(72)   JVMTI Tag Weak OopStorage      Min:  0.0, Avg:  0.0, Max:  0.0, Diff:  0.0, Sum:  0.0, Workers: 4
[31.079s][debug][gc,phases      ] GC(72)     Dead                           Min: 0, Avg:  0.0, Max: 0, Diff: 0, Sum: 0, Workers: 4
[31.079s][debug][gc,phases      ] GC(72)     Total                          Min: 0, Avg:  0.0, Max: 0, Diff: 0, Sum: 0, Workers: 4
[31.079s][debug][gc,phases      ] GC(72)   StringTable Weak               Min:  0.1, Avg:  0.1, Max:  0.1, Diff:  0.0, Sum:  0.4, Workers: 4
[31.079s][debug][gc,phases      ] GC(72)     Dead                           Min: 0, Avg:  2.8, Max: 7, Diff: 7, Sum: 11, Workers: 4
[31.079s][debug][gc,phases      ] GC(72)     Total                          Min: 9792, Avg: 10753.5, Max: 11776, Diff: 1984, Sum: 43014, Workers: 4
[31.079s][debug][gc,phases      ] GC(72)   ResolvedMethodTable Weak       Min:  0.0, Avg:  0.0, Max:  0.0, Diff:  0.0, Sum:  0.1, Workers: 4
[31.079s][debug][gc,phases      ] GC(72)     Dead                           Min: 0, Avg:  0.0, Max: 0, Diff: 0, Sum: 0, Workers: 4
[31.079s][debug][gc,phases      ] GC(72)     Total                          Min: 1664, Avg: 1792.8, Max: 1923, Diff: 259, Sum: 7171, Workers: 4
[31.079s][debug][gc,phases      ] GC(72)   JNI Weak                       Min:  0.0, Avg:  0.0, Max:  0.0, Diff:  0.0, Sum:  0.0, Workers: 4
[31.079s][debug][gc,phases      ] GC(72)     Dead                           Min: 0, Avg:  0.0, Max: 0, Diff: 0, Sum: 0, Workers: 4
[31.079s][debug][gc,phases      ] GC(72)     Total                          Min: 0, Avg:  0.8, Max: 3, Diff: 3, Sum: 3, Workers: 4
[31.079s][debug][gc,phases      ] GC(72)   StringDedup Table Weak         Min:  0.0, Avg:  0.0, Max:  0.0, Diff:  0.0, Sum:  0.0, Workers: 4
[31.079s][debug][gc,phases      ] GC(72)     Dead                           Min: 0, Avg:  0.0, Max: 0, Diff: 0, Sum: 0, Workers: 4
[31.079s][debug][gc,phases      ] GC(72)     Total                          Min: 0, Avg:  0.0, Max: 0, Diff: 0, Sum: 0, Workers: 4
[31.079s][debug][gc,phases      ] GC(72)   StringDedup Requests0 Weak     Min:  0.0, Avg:  0.0, Max:  0.0, Diff:  0.0, Sum:  0.0, Workers: 4
[31.079s][debug][gc,phases      ] GC(72)     Dead                           Min: 0, Avg:  0.0, Max: 0, Diff: 0, Sum: 0, Workers: 4
[31.079s][debug][gc,phases      ] GC(72)     Total                          Min: 0, Avg:  0.0, Max: 0, Diff: 0, Sum: 0, Workers: 4
[31.079s][debug][gc,phases      ] GC(72)   StringDedup Requests1 Weak     Min:  0.0, Avg:  0.0, Max:  0.0, Diff:  0.0, Sum:  0.0, Workers: 4
[31.079s][debug][gc,phases      ] GC(72)     Dead                           Min: 0, Avg:  0.0, Max: 0, Diff: 0, Sum: 0, Workers: 4
[31.079s][debug][gc,phases      ] GC(72)     Total                          Min: 0, Avg:  0.0, Max: 0, Diff: 0, Sum: 0, Workers: 4
[31.079s][debug][gc,phases      ] GC(72)   Weak JFR Old Object Samples    Min:  0.0, Avg:  0.0, Max:  0.0, Diff:  0.0, Sum:  0.0, Workers: 4
[31.079s][debug][gc,phases      ] GC(72)     Dead                           Min: 0, Avg:  0.0, Max: 0, Diff: 0, Sum: 0, Workers: 4
[31.079s][debug][gc,phases      ] GC(72)     Total                          Min: 0, Avg:  0.0, Max: 0, Diff: 0, Sum: 0, Workers: 4
[31.079s][debug][gc,phases      ] GC(72) Weak Processing 0.351ms
[31.079s][debug][gc,age         ] GC(72) Desired survivor size 121634816 bytes, new threshold 15 (max threshold 15)
[31.079s][info ][gc,heap        ] GC(72) PSYoungGen: 1906947K(1965568K)->68955K(1978368K) Eden: 1839616K(1839616K)->0K(1856512K) From: 67331K(125952K)->68955K(121856K)
[31.079s][info ][gc,heap        ] GC(72) ParOldGen: 548171K(590336K)->553035K(590336K)
[31.079s][info ][gc,metaspace   ] GC(72) Metaspace: 68778K(69568K)->68778K(69568K) NonClass: 58778K(59200K)->58778K(59200K) Class: 10000K(10368K)->10000K(10368K)
[31.079s][info ][gc             ] GC(72) Pause Young (Allocation Failure) 2397M->607M(2508M) 39.099ms
[31.079s][info ][gc,cpu         ] GC(72) User=0.14s Sys=0.00s Real=0.04s
[31.079s][info ][safepoint      ] Safepoint "ParallelGCFailedAllocation", Time since last: 336399387 ns, Reaching safepoint: 145303 ns, At safepoint: 39200837 ns, Total: 39346140 ns
[31.495s][info ][gc,start       ] GC(73) Pause Young (Allocation Failure)
[31.535s][debug][gc,phases      ] GC(73) Scavenge 39.508ms
[31.535s][debug][gc,ref         ] GC(73) Skipped phase 1 of Reference Processing: no references
[31.535s][debug][gc,ref         ] GC(73) ReferenceProcessor::execute queues: 1, RefProcThreadModel::Single, marks_oops_alive: false
[31.535s][debug][gc,ref         ] GC(73) Skipped phase 3 of Reference Processing: no references
[31.535s][debug][gc,ref         ] GC(73) ReferenceProcessor::execute queues: 1, RefProcThreadModel::Single, marks_oops_alive: false
[31.535s][debug][gc,phases      ] GC(73) Reference Processing 0.092ms
[31.535s][debug][gc,phases      ] GC(73)   VM Weak                        Min:  0.0, Avg:  0.0, Max:  0.0, Diff:  0.0, Sum:  0.0, Workers: 4
[31.535s][debug][gc,phases      ] GC(73)     Dead                           Min: 0, Avg:  0.0, Max: 0, Diff: 0, Sum: 0, Workers: 4
[31.535s][debug][gc,phases      ] GC(73)     Total                          Min: 0, Avg: 148.5, Max: 594, Diff: 594, Sum: 594, Workers: 4
[31.535s][debug][gc,phases      ] GC(73)   ObjectSynchronizer Weak        Min:  0.0, Avg:  0.0, Max:  0.0, Diff:  0.0, Sum:  0.0, Workers: 4
[31.535s][debug][gc,phases      ] GC(73)     Dead                           Min: 0, Avg:  0.0, Max: 0, Diff: 0, Sum: 0, Workers: 4
[31.535s][debug][gc,phases      ] GC(73)     Total                          Min: 0, Avg: 85.0, Max: 212, Diff: 212, Sum: 340, Workers: 4
[31.535s][debug][gc,phases      ] GC(73)   JVMTI Tag Weak OopStorage      Min:  0.0, Avg:  0.0, Max:  0.0, Diff:  0.0, Sum:  0.0, Workers: 4
[31.535s][debug][gc,phases      ] GC(73)     Dead                           Min: 0, Avg:  0.0, Max: 0, Diff: 0, Sum: 0, Workers: 4
[31.535s][debug][gc,phases      ] GC(73)     Total                          Min: 0, Avg:  0.0, Max: 0, Diff: 0, Sum: 0, Workers: 4
[31.535s][debug][gc,phases      ] GC(73)   StringTable Weak               Min:  0.1, Avg:  0.1, Max:  0.1, Diff:  0.0, Sum:  0.4, Workers: 4
[31.535s][debug][gc,phases      ] GC(73)     Dead                           Min: 0, Avg:  2.8, Max: 11, Diff: 11, Sum: 11, Workers: 4
[31.535s][debug][gc,phases      ] GC(73)     Total                          Min: 9536, Avg: 10756.0, Max: 12123, Diff: 2587, Sum: 43024, Workers: 4
[31.535s][debug][gc,phases      ] GC(73)   ResolvedMethodTable Weak       Min:  0.0, Avg:  0.0, Max:  0.0, Diff:  0.0, Sum:  0.1, Workers: 4
[31.535s][debug][gc,phases      ] GC(73)     Dead                           Min: 0, Avg:  0.0, Max: 0, Diff: 0, Sum: 0, Workers: 4
[31.535s][debug][gc,phases      ] GC(73)     Total                          Min: 1536, Avg: 1796.2, Max: 2129, Diff: 593, Sum: 7185, Workers: 4
[31.535s][debug][gc,phases      ] GC(73)   JNI Weak                       Min:  0.0, Avg:  0.0, Max:  0.0, Diff:  0.0, Sum:  0.0, Workers: 4
[31.535s][debug][gc,phases      ] GC(73)     Dead                           Min: 0, Avg:  0.0, Max: 0, Diff: 0, Sum: 0, Workers: 4
[31.535s][debug][gc,phases      ] GC(73)     Total                          Min: 0, Avg:  2.0, Max: 8, Diff: 8, Sum: 8, Workers: 4
[31.535s][debug][gc,phases      ] GC(73)   StringDedup Table Weak         Min:  0.0, Avg:  0.0, Max:  0.0, Diff:  0.0, Sum:  0.0, Workers: 4
[31.535s][debug][gc,phases      ] GC(73)     Dead                           Min: 0, Avg:  0.0, Max: 0, Diff: 0, Sum: 0, Workers: 4
[31.535s][debug][gc,phases      ] GC(73)     Total                          Min: 0, Avg:  0.0, Max: 0, Diff: 0, Sum: 0, Workers: 4
[31.535s][debug][gc,phases      ] GC(73)   StringDedup Requests0 Weak     Min:  0.0, Avg:  0.0, Max:  0.0, Diff:  0.0, Sum:  0.0, Workers: 4
[31.535s][debug][gc,phases      ] GC(73)     Dead                           Min: 0, Avg:  0.0, Max: 0, Diff: 0, Sum: 0, Workers: 4
[31.535s][debug][gc,phases      ] GC(73)     Total                          Min: 0, Avg:  0.0, Max: 0, Diff: 0, Sum: 0, Workers: 4
[31.535s][debug][gc,phases      ] GC(73)   StringDedup Requests1 Weak     Min:  0.0, Avg:  0.0, Max:  0.0, Diff:  0.0, Sum:  0.0, Workers: 4
[31.535s][debug][gc,phases      ] GC(73)     Dead                           Min: 0, Avg:  0.0, Max: 0, Diff: 0, Sum: 0, Workers: 4
[31.535s][debug][gc,phases      ] GC(73)     Total                          Min: 0, Avg:  0.0, Max: 0, Diff: 0, Sum: 0, Workers: 4
[31.535s][debug][gc,phases      ] GC(73)   Weak JFR Old Object Samples    Min:  0.0, Avg:  0.0, Max:  0.0, Diff:  0.0, Sum:  0.0, Workers: 4
[31.535s][debug][gc,phases      ] GC(73)     Dead                           Min: 0, Avg:  0.0, Max: 0, Diff: 0, Sum: 0, Workers: 4
[31.535s][debug][gc,phases      ] GC(73)     Total                          Min: 0, Avg:  0.0, Max: 0, Diff: 0, Sum: 0, Workers: 4
[31.535s][debug][gc,phases      ] GC(73) Weak Processing 0.301ms
[31.535s][debug][gc,age         ] GC(73) Desired survivor size 117964800 bytes, new threshold 15 (max threshold 15)
[31.542s][info ][gc,heap        ] GC(73) PSYoungGen: 1925467K(1978368K)->67472K(1975296K) Eden: 1856512K(1856512K)->0K(1856512K) From: 68955K(121856K)->67472K(118784K)
[31.542s][info ][gc,heap        ] GC(73) ParOldGen: 553035K(590336K)->556995K(590336K)
[31.542s][info ][gc,metaspace   ] GC(73) Metaspace: 68825K(69568K)->68825K(69568K) NonClass: 58817K(59200K)->58817K(59200K) Class: 10008K(10368K)->10008K(10368K)
[31.542s][info ][gc             ] GC(73) Pause Young (Allocation Failure) 2420M->609M(2505M) 46.187ms
[31.542s][info ][gc,cpu         ] GC(73) User=0.14s Sys=0.01s Real=0.05s
[31.542s][info ][safepoint      ] Safepoint "ParallelGCFailedAllocation", Time since last: 415689782 ns, Reaching safepoint: 223604 ns, At safepoint: 46312690 ns, Total: 46536294 ns
[31.973s][info ][gc,start       ] GC(74) Pause Young (Allocation Failure)
[31.998s][debug][gc,phases      ] GC(74) Scavenge 24.889ms
[31.998s][debug][gc,ref         ] GC(74) Skipped phase 1 of Reference Processing: no references
[31.998s][debug][gc,ref         ] GC(74) ReferenceProcessor::execute queues: 1, RefProcThreadModel::Single, marks_oops_alive: false
[31.998s][debug][gc,ref         ] GC(74) Skipped phase 3 of Reference Processing: no references
[31.998s][debug][gc,ref         ] GC(74) ReferenceProcessor::execute queues: 1, RefProcThreadModel::Single, marks_oops_alive: false
[31.998s][debug][gc,phases      ] GC(74) Reference Processing 0.114ms
[31.998s][debug][gc,phases      ] GC(74)   VM Weak                        Min:  0.0, Avg:  0.0, Max:  0.0, Diff:  0.0, Sum:  0.0, Workers: 4
[31.998s][debug][gc,phases      ] GC(74)     Dead                           Min: 0, Avg:  0.0, Max: 0, Diff: 0, Sum: 0, Workers: 4
[31.998s][debug][gc,phases      ] GC(74)     Total                          Min: 0, Avg: 148.8, Max: 403, Diff: 403, Sum: 595, Workers: 4
[31.998s][debug][gc,phases      ] GC(74)   ObjectSynchronizer Weak        Min:  0.0, Avg:  0.0, Max:  0.0, Diff:  0.0, Sum:  0.0, Workers: 4
[31.998s][debug][gc,phases      ] GC(74)     Dead                           Min: 0, Avg:  0.0, Max: 0, Diff: 0, Sum: 0, Workers: 4
[31.998s][debug][gc,phases      ] GC(74)     Total                          Min: 0, Avg: 85.2, Max: 149, Diff: 149, Sum: 341, Workers: 4
[31.998s][debug][gc,phases      ] GC(74)   JVMTI Tag Weak OopStorage      Min:  0.0, Avg:  0.0, Max:  0.0, Diff:  0.0, Sum:  0.0, Workers: 4
[31.998s][debug][gc,phases      ] GC(74)     Dead                           Min: 0, Avg:  0.0, Max: 0, Diff: 0, Sum: 0, Workers: 4
[31.998s][debug][gc,phases      ] GC(74)     Total                          Min: 0, Avg:  0.0, Max: 0, Diff: 0, Sum: 0, Workers: 4
[31.998s][debug][gc,phases      ] GC(74)   StringTable Weak               Min:  0.1, Avg:  0.1, Max:  0.1, Diff:  0.0, Sum:  0.4, Workers: 4
[31.998s][debug][gc,phases      ] GC(74)     Dead                           Min: 0, Avg:  0.0, Max: 0, Diff: 0, Sum: 0, Workers: 4
[31.998s][debug][gc,phases      ] GC(74)     Total                          Min: 9984, Avg: 10840.2, Max: 12032, Diff: 2048, Sum: 43361, Workers: 4
[31.998s][debug][gc,phases      ] GC(74)   ResolvedMethodTable Weak       Min:  0.0, Avg:  0.0, Max:  0.0, Diff:  0.0, Sum:  0.1, Workers: 4
[31.998s][debug][gc,phases      ] GC(74)     Dead                           Min: 0, Avg:  7.5, Max: 13, Diff: 13, Sum: 30, Workers: 4
[31.998s][debug][gc,phases      ] GC(74)     Total                          Min: 1664, Avg: 1826.8, Max: 2060, Diff: 396, Sum: 7307, Workers: 4
[31.998s][debug][gc,phases      ] GC(74)   JNI Weak                       Min:  0.0, Avg:  0.0, Max:  0.0, Diff:  0.0, Sum:  0.0, Workers: 4
[31.998s][debug][gc,phases      ] GC(74)     Dead                           Min: 0, Avg:  0.0, Max: 0, Diff: 0, Sum: 0, Workers: 4
[31.998s][debug][gc,phases      ] GC(74)     Total                          Min: 0, Avg:  0.5, Max: 2, Diff: 2, Sum: 2, Workers: 4
[31.998s][debug][gc,phases      ] GC(74)   StringDedup Table Weak         Min:  0.0, Avg:  0.0, Max:  0.0, Diff:  0.0, Sum:  0.0, Workers: 4
[31.998s][debug][gc,phases      ] GC(74)     Dead                           Min: 0, Avg:  0.0, Max: 0, Diff: 0, Sum: 0, Workers: 4
[31.998s][debug][gc,phases      ] GC(74)     Total                          Min: 0, Avg:  0.0, Max: 0, Diff: 0, Sum: 0, Workers: 4
[31.998s][debug][gc,phases      ] GC(74)   StringDedup Requests0 Weak     Min:  0.0, Avg:  0.0, Max:  0.0, Diff:  0.0, Sum:  0.0, Workers: 4
[31.998s][debug][gc,phases      ] GC(74)     Dead                           Min: 0, Avg:  0.0, Max: 0, Diff: 0, Sum: 0, Workers: 4
[31.998s][debug][gc,phases      ] GC(74)     Total                          Min: 0, Avg:  0.0, Max: 0, Diff: 0, Sum: 0, Workers: 4
[31.998s][debug][gc,phases      ] GC(74)   StringDedup Requests1 Weak     Min:  0.0, Avg:  0.0, Max:  0.0, Diff:  0.0, Sum:  0.0, Workers: 4
[31.998s][debug][gc,phases      ] GC(74)     Dead                           Min: 0, Avg:  0.0, Max: 0, Diff: 0, Sum: 0, Workers: 4
[31.998s][debug][gc,phases      ] GC(74)     Total                          Min: 0, Avg:  0.0, Max: 0, Diff: 0, Sum: 0, Workers: 4
[31.998s][debug][gc,phases      ] GC(74)   Weak JFR Old Object Samples    Min:  0.0, Avg:  0.0, Max:  0.0, Diff:  0.0, Sum:  0.0, Workers: 4
[31.998s][debug][gc,phases      ] GC(74)     Dead                           Min: 0, Avg:  0.0, Max: 0, Diff: 0, Sum: 0, Workers: 4
[31.998s][debug][gc,phases      ] GC(74)     Total                          Min: 0, Avg:  0.0, Max: 0, Diff: 0, Sum: 0, Workers: 4
[31.998s][debug][gc,phases      ] GC(74) Weak Processing 0.299ms
[31.998s][debug][gc,age         ] GC(74) Desired survivor size 112721920 bytes, new threshold 15 (max threshold 15)
[31.998s][info ][gc,heap        ] GC(74) PSYoungGen: 1923984K(1975296K)->62368K(1987072K) Eden: 1856512K(1856512K)->0K(1871872K) From: 67472K(118784K)->62368K(115200K)
[31.998s][info ][gc,heap        ] GC(74) ParOldGen: 556995K(590336K)->559019K(590336K)
[31.998s][info ][gc,metaspace   ] GC(74) Metaspace: 69486K(70208K)->69486K(70208K) NonClass: 59379K(59776K)->59379K(59776K) Class: 10106K(10432K)->10106K(10432K)
[31.998s][info ][gc             ] GC(74) Pause Young (Allocation Failure) 2422M->606M(2517M) 25.440ms
[31.998s][info ][gc,cpu         ] GC(74) User=0.10s Sys=0.00s Real=0.03s
[31.998s][info ][safepoint      ] Safepoint "ParallelGCFailedAllocation", Time since last: 430946807 ns, Reaching safepoint: 229405 ns, At safepoint: 25557146 ns, Total: 25786551 ns
[32.353s][info ][gc,start       ] GC(75) Pause Young (Allocation Failure)
[32.381s][debug][gc,phases      ] GC(75) Scavenge 27.875ms
[32.381s][debug][gc,ref         ] GC(75) Skipped phase 1 of Reference Processing: no references
[32.381s][debug][gc,ref         ] GC(75) ReferenceProcessor::execute queues: 1, RefProcThreadModel::Single, marks_oops_alive: false
[32.381s][debug][gc,ref         ] GC(75) Skipped phase 3 of Reference Processing: no references
[32.381s][debug][gc,ref         ] GC(75) ReferenceProcessor::execute queues: 1, RefProcThreadModel::Single, marks_oops_alive: false
[32.382s][debug][gc,phases      ] GC(75) Reference Processing 0.129ms
[32.382s][debug][gc,phases      ] GC(75)   VM Weak                        Min:  0.0, Avg:  0.0, Max:  0.0, Diff:  0.0, Sum:  0.0, Workers: 4
[32.382s][debug][gc,phases      ] GC(75)     Dead                           Min: 0, Avg:  0.0, Max: 0, Diff: 0, Sum: 0, Workers: 4
[32.382s][debug][gc,phases      ] GC(75)     Total                          Min: 0, Avg: 150.0, Max: 344, Diff: 344, Sum: 600, Workers: 4
[32.382s][debug][gc,phases      ] GC(75)   ObjectSynchronizer Weak        Min:  0.0, Avg:  0.0, Max:  0.0, Diff:  0.0, Sum:  0.0, Workers: 4
[32.382s][debug][gc,phases      ] GC(75)     Dead                           Min: 0, Avg:  0.0, Max: 0, Diff: 0, Sum: 0, Workers: 4
[32.382s][debug][gc,phases      ] GC(75)     Total                          Min: 0, Avg: 85.2, Max: 149, Diff: 149, Sum: 341, Workers: 4
[32.382s][debug][gc,phases      ] GC(75)   JVMTI Tag Weak OopStorage      Min:  0.0, Avg:  0.0, Max:  0.0, Diff:  0.0, Sum:  0.0, Workers: 4
[32.382s][debug][gc,phases      ] GC(75)     Dead                           Min: 0, Avg:  0.0, Max: 0, Diff: 0, Sum: 0, Workers: 4
[32.382s][debug][gc,phases      ] GC(75)     Total                          Min: 0, Avg:  0.0, Max: 0, Diff: 0, Sum: 0, Workers: 4
[32.382s][debug][gc,phases      ] GC(75)   StringTable Weak               Min:  0.1, Avg:  0.1, Max:  0.1, Diff:  0.0, Sum:  0.4, Workers: 4
[32.382s][debug][gc,phases      ] GC(75)     Dead                           Min: 0, Avg:  3.0, Max: 10, Diff: 10, Sum: 12, Workers: 4
[32.382s][debug][gc,phases      ] GC(75)     Total                          Min: 10240, Avg: 10887.0, Max: 11484, Diff: 1244, Sum: 43548, Workers: 4
[32.382s][debug][gc,phases      ] GC(75)   ResolvedMethodTable Weak       Min:  0.0, Avg:  0.0, Max:  0.0, Diff:  0.0, Sum:  0.1, Workers: 4
[32.382s][debug][gc,phases      ] GC(75)     Dead                           Min: 0, Avg:  6.0, Max: 24, Diff: 24, Sum: 24, Workers: 4
[32.382s][debug][gc,phases      ] GC(75)     Total                          Min: 1664, Avg: 1853.2, Max: 2176, Diff: 512, Sum: 7413, Workers: 4
[32.382s][debug][gc,phases      ] GC(75)   JNI Weak                       Min:  0.0, Avg:  0.0, Max:  0.0, Diff:  0.0, Sum:  0.0, Workers: 4
[32.382s][debug][gc,phases      ] GC(75)     Dead                           Min: 0, Avg:  0.0, Max: 0, Diff: 0, Sum: 0, Workers: 4
[32.382s][debug][gc,phases      ] GC(75)     Total                          Min: 0, Avg:  0.2, Max: 1, Diff: 1, Sum: 1, Workers: 4
[32.382s][debug][gc,phases      ] GC(75)   StringDedup Table Weak         Min:  0.0, Avg:  0.0, Max:  0.0, Diff:  0.0, Sum:  0.0, Workers: 4
[32.382s][debug][gc,phases      ] GC(75)     Dead                           Min: 0, Avg:  0.0, Max: 0, Diff: 0, Sum: 0, Workers: 4
[32.382s][debug][gc,phases      ] GC(75)     Total                          Min: 0, Avg:  0.0, Max: 0, Diff: 0, Sum: 0, Workers: 4
[32.382s][debug][gc,phases      ] GC(75)   StringDedup Requests0 Weak     Min:  0.0, Avg:  0.0, Max:  0.0, Diff:  0.0, Sum:  0.0, Workers: 4
[32.382s][debug][gc,phases      ] GC(75)     Dead                           Min: 0, Avg:  0.0, Max: 0, Diff: 0, Sum: 0, Workers: 4
[32.382s][debug][gc,phases      ] GC(75)     Total                          Min: 0, Avg:  0.0, Max: 0, Diff: 0, Sum: 0, Workers: 4
[32.382s][debug][gc,phases      ] GC(75)   StringDedup Requests1 Weak     Min:  0.0, Avg:  0.0, Max:  0.0, Diff:  0.0, Sum:  0.0, Workers: 4
[32.382s][debug][gc,phases      ] GC(75)     Dead                           Min: 0, Avg:  0.0, Max: 0, Diff: 0, Sum: 0, Workers: 4
[32.382s][debug][gc,phases      ] GC(75)     Total                          Min: 0, Avg:  0.0, Max: 0, Diff: 0, Sum: 0, Workers: 4
[32.382s][debug][gc,phases      ] GC(75)   Weak JFR Old Object Samples    Min:  0.0, Avg:  0.0, Max:  0.0, Diff:  0.0, Sum:  0.0, Workers: 4
[32.382s][debug][gc,phases      ] GC(75)     Dead                           Min: 0, Avg:  0.0, Max: 0, Diff: 0, Sum: 0, Workers: 4
[32.382s][debug][gc,phases      ] GC(75)     Total                          Min: 0, Avg:  0.0, Max: 0, Diff: 0, Sum: 0, Workers: 4
[32.382s][debug][gc,phases      ] GC(75) Weak Processing 0.315ms
[32.382s][debug][gc,age         ] GC(75) Desired survivor size 108003328 bytes, new threshold 15 (max threshold 15)
[32.382s][info ][gc,heap        ] GC(75) PSYoungGen: 1934240K(1987072K)->60784K(1981952K) Eden: 1871872K(1871872K)->0K(1871872K) From: 62368K(115200K)->60784K(110080K)
[32.382s][info ][gc,heap        ] GC(75) ParOldGen: 559019K(590336K)->563147K(590336K)
[32.382s][info ][gc,metaspace   ] GC(75) Metaspace: 70357K(71104K)->70357K(71104K) NonClass: 60137K(60544K)->60137K(60544K) Class: 10220K(10560K)->10220K(10560K)
[32.382s][info ][gc             ] GC(75) Pause Young (Allocation Failure) 2434M->609M(2512M) 28.459ms
[32.382s][info ][gc,cpu         ] GC(75) User=0.10s Sys=0.01s Real=0.03s
[32.382s][info ][safepoint      ] Safepoint "ParallelGCFailedAllocation", Time since last: 354345470 ns, Reaching safepoint: 599513 ns, At safepoint: 28573210 ns, Total: 29172723 ns
[32.773s][info ][gc,start       ] GC(76) Pause Young (Allocation Failure)
[32.803s][debug][gc,phases      ] GC(76) Scavenge 29.406ms
[32.803s][debug][gc,ref         ] GC(76) Skipped phase 1 of Reference Processing: no references
[32.803s][debug][gc,ref         ] GC(76) ReferenceProcessor::execute queues: 1, RefProcThreadModel::Single, marks_oops_alive: false
[32.803s][debug][gc,ref         ] GC(76) Skipped phase 3 of Reference Processing: no references
[32.803s][debug][gc,ref         ] GC(76) ReferenceProcessor::execute queues: 1, RefProcThreadModel::Single, marks_oops_alive: false
[32.803s][debug][gc,phases      ] GC(76) Reference Processing 0.122ms
[32.803s][debug][gc,phases      ] GC(76)   VM Weak                        Min:  0.0, Avg:  0.0, Max:  0.0, Diff:  0.0, Sum:  0.0, Workers: 4
[32.803s][debug][gc,phases      ] GC(76)     Dead                           Min: 0, Avg:  0.0, Max: 0, Diff: 0, Sum: 0, Workers: 4
[32.803s][debug][gc,phases      ] GC(76)     Total                          Min: 0, Avg: 152.8, Max: 547, Diff: 547, Sum: 611, Workers: 4
[32.803s][debug][gc,phases      ] GC(76)   ObjectSynchronizer Weak        Min:  0.0, Avg:  0.0, Max:  0.0, Diff:  0.0, Sum:  0.0, Workers: 4
[32.803s][debug][gc,phases      ] GC(76)     Dead                           Min: 0, Avg:  0.0, Max: 0, Diff: 0, Sum: 0, Workers: 4
[32.803s][debug][gc,phases      ] GC(76)     Total                          Min: 0, Avg: 85.2, Max: 192, Diff: 192, Sum: 341, Workers: 4
[32.803s][debug][gc,phases      ] GC(76)   JVMTI Tag Weak OopStorage      Min:  0.0, Avg:  0.0, Max:  0.0, Diff:  0.0, Sum:  0.0, Workers: 4
[32.803s][debug][gc,phases      ] GC(76)     Dead                           Min: 0, Avg:  0.0, Max: 0, Diff: 0, Sum: 0, Workers: 4
[32.803s][debug][gc,phases      ] GC(76)     Total                          Min: 0, Avg:  0.0, Max: 0, Diff: 0, Sum: 0, Workers: 4
[32.803s][debug][gc,phases      ] GC(76)   StringTable Weak               Min:  0.1, Avg:  0.1, Max:  0.1, Diff:  0.0, Sum:  0.4, Workers: 4
[32.803s][debug][gc,phases      ] GC(76)     Dead                           Min: 0, Avg:  1.2, Max: 3, Diff: 3, Sum: 5, Workers: 4
[32.803s][debug][gc,phases      ] GC(76)     Total                          Min: 10368, Avg: 10953.8, Max: 11648, Diff: 1280, Sum: 43815, Workers: 4
[32.803s][debug][gc,phases      ] GC(76)   ResolvedMethodTable Weak       Min:  0.0, Avg:  0.0, Max:  0.0, Diff:  0.0, Sum:  0.1, Workers: 4
[32.803s][debug][gc,phases      ] GC(76)     Dead                           Min: 0, Avg:  8.2, Max: 20, Diff: 20, Sum: 33, Workers: 4
[32.803s][debug][gc,phases      ] GC(76)     Total                          Min: 1728, Avg: 1892.8, Max: 2132, Diff: 404, Sum: 7571, Workers: 4
[32.803s][debug][gc,phases      ] GC(76)   JNI Weak                       Min:  0.0, Avg:  0.0, Max:  0.0, Diff:  0.0, Sum:  0.0, Workers: 4
[32.803s][debug][gc,phases      ] GC(76)     Dead                           Min: 0, Avg:  0.0, Max: 0, Diff: 0, Sum: 0, Workers: 4
[32.803s][debug][gc,phases      ] GC(76)     Total                          Min: 0, Avg:  7.0, Max: 28, Diff: 28, Sum: 28, Workers: 4
[32.803s][debug][gc,phases      ] GC(76)   StringDedup Table Weak         Min:  0.0, Avg:  0.0, Max:  0.0, Diff:  0.0, Sum:  0.0, Workers: 4
[32.803s][debug][gc,phases      ] GC(76)     Dead                           Min: 0, Avg:  0.0, Max: 0, Diff: 0, Sum: 0, Workers: 4
[32.803s][debug][gc,phases      ] GC(76)     Total                          Min: 0, Avg:  0.0, Max: 0, Diff: 0, Sum: 0, Workers: 4
[32.803s][debug][gc,phases      ] GC(76)   StringDedup Requests0 Weak     Min:  0.0, Avg:  0.0, Max:  0.0, Diff:  0.0, Sum:  0.0, Workers: 4
[32.803s][debug][gc,phases      ] GC(76)     Dead                           Min: 0, Avg:  0.0, Max: 0, Diff: 0, Sum: 0, Workers: 4
[32.803s][debug][gc,phases      ] GC(76)     Total                          Min: 0, Avg:  0.0, Max: 0, Diff: 0, Sum: 0, Workers: 4
[32.803s][debug][gc,phases      ] GC(76)   StringDedup Requests1 Weak     Min:  0.0, Avg:  0.0, Max:  0.0, Diff:  0.0, Sum:  0.0, Workers: 4
[32.803s][debug][gc,phases      ] GC(76)     Dead                           Min: 0, Avg:  0.0, Max: 0, Diff: 0, Sum: 0, Workers: 4
[32.803s][debug][gc,phases      ] GC(76)     Total                          Min: 0, Avg:  0.0, Max: 0, Diff: 0, Sum: 0, Workers: 4
[32.803s][debug][gc,phases      ] GC(76)   Weak JFR Old Object Samples    Min:  0.0, Avg:  0.0, Max:  0.0, Diff:  0.0, Sum:  0.0, Workers: 4
[32.803s][debug][gc,phases      ] GC(76)     Dead                           Min: 0, Avg:  0.0, Max: 0, Diff: 0, Sum: 0, Workers: 4
[32.803s][debug][gc,phases      ] GC(76)     Total                          Min: 0, Avg:  0.0, Max: 0, Diff: 0, Sum: 0, Workers: 4
[32.803s][debug][gc,phases      ] GC(76) Weak Processing 0.321ms
[32.803s][debug][gc,age         ] GC(76) Desired survivor size 104333312 bytes, new threshold 15 (max threshold 15)
[32.803s][info ][gc,heap        ] GC(76) PSYoungGen: 1932656K(1981952K)->58416K(1995264K) Eden: 1871872K(1871872K)->0K(1889792K) From: 60784K(110080K)->58416K(105472K)
[32.803s][info ][gc,heap        ] GC(76) ParOldGen: 563147K(590336K)->567291K(590336K)
[32.803s][info ][gc,metaspace   ] GC(76) Metaspace: 71076K(71872K)->71076K(71872K) NonClass: 60742K(61184K)->60742K(61184K) Class: 10333K(10688K)->10333K(10688K)
[32.803s][info ][gc             ] GC(76) Pause Young (Allocation Failure) 2437M->611M(2525M) 29.968ms
[32.803s][info ][gc,cpu         ] GC(76) User=0.13s Sys=0.00s Real=0.03s
[32.803s][info ][safepoint      ] Safepoint "ParallelGCFailedAllocation", Time since last: 390985954 ns, Reaching safepoint: 287106 ns, At safepoint: 30080242 ns, Total: 30367348 ns
[33.049s][info ][safepoint      ] Safepoint "ICBufferFull", Time since last: 245159238 ns, Reaching safepoint: 267506 ns, At safepoint: 22300 ns, Total: 289806 ns
[33.241s][info ][gc,start       ] GC(77) Pause Young (Allocation Failure)
[33.267s][debug][gc,phases      ] GC(77) Scavenge 26.304ms
[33.267s][debug][gc,ref         ] GC(77) Skipped phase 1 of Reference Processing: no references
[33.267s][debug][gc,ref         ] GC(77) ReferenceProcessor::execute queues: 1, RefProcThreadModel::Single, marks_oops_alive: false
[33.267s][debug][gc,ref         ] GC(77) Skipped phase 3 of Reference Processing: no references
[33.267s][debug][gc,ref         ] GC(77) ReferenceProcessor::execute queues: 1, RefProcThreadModel::Single, marks_oops_alive: false
[33.267s][debug][gc,phases      ] GC(77) Reference Processing 0.152ms
[33.268s][debug][gc,phases      ] GC(77)   VM Weak                        Min:  0.0, Avg:  0.0, Max:  0.0, Diff:  0.0, Sum:  0.0, Workers: 4
[33.268s][debug][gc,phases      ] GC(77)     Dead                           Min: 0, Avg:  0.0, Max: 0, Diff: 0, Sum: 0, Workers: 4
[33.268s][debug][gc,phases      ] GC(77)     Total                          Min: 0, Avg: 153.0, Max: 612, Diff: 612, Sum: 612, Workers: 4
[33.268s][debug][gc,phases      ] GC(77)   ObjectSynchronizer Weak        Min:  0.0, Avg:  0.0, Max:  0.0, Diff:  0.0, Sum:  0.0, Workers: 4
[33.268s][debug][gc,phases      ] GC(77)     Dead                           Min: 0, Avg:  0.0, Max: 0, Diff: 0, Sum: 0, Workers: 4
[33.268s][debug][gc,phases      ] GC(77)     Total                          Min: 0, Avg: 85.2, Max: 192, Diff: 192, Sum: 341, Workers: 4
[33.268s][debug][gc,phases      ] GC(77)   JVMTI Tag Weak OopStorage      Min:  0.0, Avg:  0.0, Max:  0.0, Diff:  0.0, Sum:  0.0, Workers: 4
[33.268s][debug][gc,phases      ] GC(77)     Dead                           Min: 0, Avg:  0.0, Max: 0, Diff: 0, Sum: 0, Workers: 4
[33.268s][debug][gc,phases      ] GC(77)     Total                          Min: 0, Avg:  0.0, Max: 0, Diff: 0, Sum: 0, Workers: 4
[33.268s][debug][gc,phases      ] GC(77)   StringTable Weak               Min:  0.1, Avg:  0.1, Max:  0.1, Diff:  0.0, Sum:  0.4, Workers: 4
[33.268s][debug][gc,phases      ] GC(77)     Dead                           Min: 0, Avg:  0.2, Max: 1, Diff: 1, Sum: 1, Workers: 4
[33.268s][debug][gc,phases      ] GC(77)     Total                          Min: 10176, Avg: 10969.8, Max: 12351, Diff: 2175, Sum: 43879, Workers: 4
[33.268s][debug][gc,phases      ] GC(77)   ResolvedMethodTable Weak       Min:  0.0, Avg:  0.0, Max:  0.0, Diff:  0.0, Sum:  0.1, Workers: 4
[33.268s][debug][gc,phases      ] GC(77)     Dead                           Min: 0, Avg:  0.0, Max: 0, Diff: 0, Sum: 0, Workers: 4
[33.268s][debug][gc,phases      ] GC(77)     Total                          Min: 1792, Avg: 1900.0, Max: 2035, Diff: 243, Sum: 7600, Workers: 4
[33.268s][debug][gc,phases      ] GC(77)   JNI Weak                       Min:  0.0, Avg:  0.0, Max:  0.0, Diff:  0.0, Sum:  0.0, Workers: 4
[33.268s][debug][gc,phases      ] GC(77)     Dead                           Min: 0, Avg:  0.0, Max: 0, Diff: 0, Sum: 0, Workers: 4
[33.268s][debug][gc,phases      ] GC(77)     Total                          Min: 0, Avg:  2.5, Max: 10, Diff: 10, Sum: 10, Workers: 4
[33.268s][debug][gc,phases      ] GC(77)   StringDedup Table Weak         Min:  0.0, Avg:  0.0, Max:  0.0, Diff:  0.0, Sum:  0.0, Workers: 4
[33.268s][debug][gc,phases      ] GC(77)     Dead                           Min: 0, Avg:  0.0, Max: 0, Diff: 0, Sum: 0, Workers: 4
[33.268s][debug][gc,phases      ] GC(77)     Total                          Min: 0, Avg:  0.0, Max: 0, Diff: 0, Sum: 0, Workers: 4
[33.268s][debug][gc,phases      ] GC(77)   StringDedup Requests0 Weak     Min:  0.0, Avg:  0.0, Max:  0.0, Diff:  0.0, Sum:  0.0, Workers: 4
[33.268s][debug][gc,phases      ] GC(77)     Dead                           Min: 0, Avg:  0.0, Max: 0, Diff: 0, Sum: 0, Workers: 4
[33.268s][debug][gc,phases      ] GC(77)     Total                          Min: 0, Avg:  0.0, Max: 0, Diff: 0, Sum: 0, Workers: 4
[33.268s][debug][gc,phases      ] GC(77)   StringDedup Requests1 Weak     Min:  0.0, Avg:  0.0, Max:  0.0, Diff:  0.0, Sum:  0.0, Workers: 4
[33.268s][debug][gc,phases      ] GC(77)     Dead                           Min: 0, Avg:  0.0, Max: 0, Diff: 0, Sum: 0, Workers: 4
[33.268s][debug][gc,phases      ] GC(77)     Total                          Min: 0, Avg:  0.0, Max: 0, Diff: 0, Sum: 0, Workers: 4
[33.268s][debug][gc,phases      ] GC(77)   Weak JFR Old Object Samples    Min:  0.0, Avg:  0.0, Max:  0.0, Diff:  0.0, Sum:  0.0, Workers: 4
[33.268s][debug][gc,phases      ] GC(77)     Dead                           Min: 0, Avg:  0.0, Max: 0, Diff: 0, Sum: 0, Workers: 4
[33.268s][debug][gc,phases      ] GC(77)     Total                          Min: 0, Avg:  0.0, Max: 0, Diff: 0, Sum: 0, Workers: 4
[33.268s][debug][gc,phases      ] GC(77) Weak Processing 0.297ms
[33.268s][debug][gc,age         ] GC(77) Desired survivor size 101187584 bytes, new threshold 15 (max threshold 15)
[33.268s][info ][gc,heap        ] GC(77) PSYoungGen: 1948208K(1995264K)->57136K(1991680K) Eden: 1889792K(1889792K)->0K(1889792K) From: 58416K(105472K)->57136K(101888K)
[33.268s][info ][gc,heap        ] GC(77) ParOldGen: 567291K(590336K)->572467K(590336K)
[33.268s][info ][gc,metaspace   ] GC(77) Metaspace: 71515K(72256K)->71515K(72256K) NonClass: 61150K(61568K)->61150K(61568K) Class: 10365K(10688K)->10365K(10688K)
[33.268s][info ][gc             ] GC(77) Pause Young (Allocation Failure) 2456M->614M(2521M) 26.893ms
[33.268s][info ][gc,cpu         ] GC(77) User=0.13s Sys=0.00s Real=0.02s
[33.268s][info ][safepoint      ] Safepoint "ParallelGCFailedAllocation", Time since last: 191904900 ns, Reaching safepoint: 204905 ns, At safepoint: 27005577 ns, Total: 27210482 ns
[33.624s][info ][safepoint      ] Safepoint "ICBufferFull", Time since last: 355792101 ns, Reaching safepoint: 284306 ns, At safepoint: 37801 ns, Total: 322107 ns
[33.739s][info ][gc,start       ] GC(78) Pause Young (Allocation Failure)
[33.768s][debug][gc,phases      ] GC(78) Scavenge 28.835ms
[33.768s][debug][gc,ref         ] GC(78) Skipped phase 1 of Reference Processing: no references
[33.768s][debug][gc,ref         ] GC(78) ReferenceProcessor::execute queues: 1, RefProcThreadModel::Single, marks_oops_alive: false
[33.768s][debug][gc,ref         ] GC(78) Skipped phase 3 of Reference Processing: no references
[33.768s][debug][gc,ref         ] GC(78) ReferenceProcessor::execute queues: 1, RefProcThreadModel::Single, marks_oops_alive: false
[33.768s][debug][gc,phases      ] GC(78) Reference Processing 0.139ms
[33.768s][debug][gc,phases      ] GC(78)   VM Weak                        Min:  0.0, Avg:  0.0, Max:  0.0, Diff:  0.0, Sum:  0.0, Workers: 4
[33.768s][debug][gc,phases      ] GC(78)     Dead                           Min: 0, Avg:  0.0, Max: 0, Diff: 0, Sum: 0, Workers: 4
[33.768s][debug][gc,phases      ] GC(78)     Total                          Min: 0, Avg: 153.0, Max: 612, Diff: 612, Sum: 612, Workers: 4
[33.768s][debug][gc,phases      ] GC(78)   ObjectSynchronizer Weak        Min:  0.0, Avg:  0.0, Max:  0.0, Diff:  0.0, Sum:  0.0, Workers: 4
[33.768s][debug][gc,phases      ] GC(78)     Dead                           Min: 0, Avg:  0.0, Max: 0, Diff: 0, Sum: 0, Workers: 4
[33.768s][debug][gc,phases      ] GC(78)     Total                          Min: 0, Avg: 85.5, Max: 192, Diff: 192, Sum: 342, Workers: 4
[33.768s][debug][gc,phases      ] GC(78)   JVMTI Tag Weak OopStorage      Min:  0.0, Avg:  0.0, Max:  0.0, Diff:  0.0, Sum:  0.0, Workers: 4
[33.768s][debug][gc,phases      ] GC(78)     Dead                           Min: 0, Avg:  0.0, Max: 0, Diff: 0, Sum: 0, Workers: 4
[33.768s][debug][gc,phases      ] GC(78)     Total                          Min: 0, Avg:  0.0, Max: 0, Diff: 0, Sum: 0, Workers: 4
[33.768s][debug][gc,phases      ] GC(78)   StringTable Weak               Min:  0.1, Avg:  0.1, Max:  0.2, Diff:  0.0, Sum:  0.5, Workers: 4
[33.768s][debug][gc,phases      ] GC(78)     Dead                           Min: 0, Avg:  0.2, Max: 1, Diff: 1, Sum: 1, Workers: 4
[33.768s][debug][gc,phases      ] GC(78)     Total                          Min: 10304, Avg: 10978.8, Max: 11712, Diff: 1408, Sum: 43915, Workers: 4
[33.768s][debug][gc,phases      ] GC(78)   ResolvedMethodTable Weak       Min:  0.0, Avg:  0.0, Max:  0.0, Diff:  0.0, Sum:  0.1, Workers: 4
[33.768s][debug][gc,phases      ] GC(78)     Dead                           Min: 0, Avg:  0.0, Max: 0, Diff: 0, Sum: 0, Workers: 4
[33.768s][debug][gc,phases      ] GC(78)     Total                          Min: 0, Avg: 1901.5, Max: 2622, Diff: 2622, Sum: 7606, Workers: 4
[33.768s][debug][gc,phases      ] GC(78)   JNI Weak                       Min:  0.0, Avg:  0.0, Max:  0.0, Diff:  0.0, Sum:  0.0, Workers: 4
[33.768s][debug][gc,phases      ] GC(78)     Dead                           Min: 0, Avg:  0.0, Max: 0, Diff: 0, Sum: 0, Workers: 4
[33.768s][debug][gc,phases      ] GC(78)     Total                          Min: 0, Avg:  1.2, Max: 5, Diff: 5, Sum: 5, Workers: 4
[33.768s][debug][gc,phases      ] GC(78)   StringDedup Table Weak         Min:  0.0, Avg:  0.0, Max:  0.0, Diff:  0.0, Sum:  0.0, Workers: 4
[33.768s][debug][gc,phases      ] GC(78)     Dead                           Min: 0, Avg:  0.0, Max: 0, Diff: 0, Sum: 0, Workers: 4
[33.768s][debug][gc,phases      ] GC(78)     Total                          Min: 0, Avg:  0.0, Max: 0, Diff: 0, Sum: 0, Workers: 4
[33.768s][debug][gc,phases      ] GC(78)   StringDedup Requests0 Weak     Min:  0.0, Avg:  0.0, Max:  0.0, Diff:  0.0, Sum:  0.0, Workers: 4
[33.768s][debug][gc,phases      ] GC(78)     Dead                           Min: 0, Avg:  0.0, Max: 0, Diff: 0, Sum: 0, Workers: 4
[33.768s][debug][gc,phases      ] GC(78)     Total                          Min: 0, Avg:  0.0, Max: 0, Diff: 0, Sum: 0, Workers: 4
[33.768s][debug][gc,phases      ] GC(78)   StringDedup Requests1 Weak     Min:  0.0, Avg:  0.0, Max:  0.0, Diff:  0.0, Sum:  0.0, Workers: 4
[33.768s][debug][gc,phases      ] GC(78)     Dead                           Min: 0, Avg:  0.0, Max: 0, Diff: 0, Sum: 0, Workers: 4
[33.768s][debug][gc,phases      ] GC(78)     Total                          Min: 0, Avg:  0.0, Max: 0, Diff: 0, Sum: 0, Workers: 4
[33.768s][debug][gc,phases      ] GC(78)   Weak JFR Old Object Samples    Min:  0.0, Avg:  0.0, Max:  0.0, Diff:  0.0, Sum:  0.0, Workers: 4
[33.768s][debug][gc,phases      ] GC(78)     Dead                           Min: 0, Avg:  0.0, Max: 0, Diff: 0, Sum: 0, Workers: 4
[33.768s][debug][gc,phases      ] GC(78)     Total                          Min: 0, Avg:  0.0, Max: 0, Diff: 0, Sum: 0, Workers: 4
[33.768s][debug][gc,phases      ] GC(78) Weak Processing 0.345ms
[33.768s][debug][gc,age         ] GC(78) Desired survivor size 98041856 bytes, new threshold 15 (max threshold 15)
[33.768s][info ][gc,heap        ] GC(78) PSYoungGen: 1946928K(1991680K)->58992K(2001408K) Eden: 1889792K(1889792K)->0K(1902592K) From: 57136K(101888K)->58992K(98816K)
[33.768s][info ][gc,heap        ] GC(78) ParOldGen: 572467K(590336K)->576259K(590336K)
[33.768s][info ][gc,metaspace   ] GC(78) Metaspace: 71780K(72512K)->71780K(72512K) NonClass: 61407K(61824K)->61407K(61824K) Class: 10372K(10688K)->10372K(10688K)
[33.768s][info ][gc             ] GC(78) Pause Young (Allocation Failure) 2460M->620M(2531M) 29.452ms
[33.768s][info ][gc,cpu         ] GC(78) User=0.11s Sys=0.01s Real=0.03s
[33.768s][info ][safepoint      ] Safepoint "ParallelGCFailedAllocation", Time since last: 114622149 ns, Reaching safepoint: 236305 ns, At safepoint: 29561731 ns, Total: 29798036 ns
[34.230s][info ][gc,start       ] GC(79) Pause Young (Allocation Failure)
[34.254s][debug][gc,phases      ] GC(79) Scavenge 24.190ms
[34.255s][debug][gc,ref         ] GC(79) Skipped phase 1 of Reference Processing: no references
[34.255s][debug][gc,ref         ] GC(79) ReferenceProcessor::execute queues: 1, RefProcThreadModel::Single, marks_oops_alive: false
[34.255s][debug][gc,ref         ] GC(79) Skipped phase 3 of Reference Processing: no references
[34.255s][debug][gc,ref         ] GC(79) ReferenceProcessor::execute queues: 1, RefProcThreadModel::Single, marks_oops_alive: false
[34.255s][debug][gc,phases      ] GC(79) Reference Processing 0.131ms
[34.255s][debug][gc,phases      ] GC(79)   VM Weak                        Min:  0.0, Avg:  0.0, Max:  0.0, Diff:  0.0, Sum:  0.0, Workers: 4
[34.255s][debug][gc,phases      ] GC(79)     Dead                           Min: 0, Avg:  0.0, Max: 0, Diff: 0, Sum: 0, Workers: 4
[34.255s][debug][gc,phases      ] GC(79)     Total                          Min: 0, Avg: 153.0, Max: 356, Diff: 356, Sum: 612, Workers: 4
[34.255s][debug][gc,phases      ] GC(79)   ObjectSynchronizer Weak        Min:  0.0, Avg:  0.0, Max:  0.0, Diff:  0.0, Sum:  0.0, Workers: 4
[34.255s][debug][gc,phases      ] GC(79)     Dead                           Min: 0, Avg:  0.2, Max: 1, Diff: 1, Sum: 1, Workers: 4
[34.255s][debug][gc,phases      ] GC(79)     Total                          Min: 0, Avg: 85.8, Max: 151, Diff: 151, Sum: 343, Workers: 4
[34.255s][debug][gc,phases      ] GC(79)   JVMTI Tag Weak OopStorage      Min:  0.0, Avg:  0.0, Max:  0.0, Diff:  0.0, Sum:  0.0, Workers: 4
[34.255s][debug][gc,phases      ] GC(79)     Dead                           Min: 0, Avg:  0.0, Max: 0, Diff: 0, Sum: 0, Workers: 4
[34.255s][debug][gc,phases      ] GC(79)     Total                          Min: 0, Avg:  0.0, Max: 0, Diff: 0, Sum: 0, Workers: 4
[34.255s][debug][gc,phases      ] GC(79)   StringTable Weak               Min:  0.1, Avg:  0.1, Max:  0.1, Diff:  0.0, Sum:  0.4, Workers: 4
[34.255s][debug][gc,phases      ] GC(79)     Dead                           Min: 0, Avg:  0.0, Max: 0, Diff: 0, Sum: 0, Workers: 4
[34.255s][debug][gc,phases      ] GC(79)     Total                          Min: 10496, Avg: 10979.5, Max: 11392, Diff: 896, Sum: 43918, Workers: 4
[34.255s][debug][gc,phases      ] GC(79)   ResolvedMethodTable Weak       Min:  0.0, Avg:  0.0, Max:  0.0, Diff:  0.0, Sum:  0.1, Workers: 4
[34.255s][debug][gc,phases      ] GC(79)     Dead                           Min: 0, Avg:  0.0, Max: 0, Diff: 0, Sum: 0, Workers: 4
[34.255s][debug][gc,phases      ] GC(79)     Total                          Min: 1600, Avg: 1901.5, Max: 2233, Diff: 633, Sum: 7606, Workers: 4
[34.255s][debug][gc,phases      ] GC(79)   JNI Weak                       Min:  0.0, Avg:  0.0, Max:  0.0, Diff:  0.0, Sum:  0.0, Workers: 4
[34.255s][debug][gc,phases      ] GC(79)     Dead                           Min: 0, Avg:  0.0, Max: 0, Diff: 0, Sum: 0, Workers: 4
[34.255s][debug][gc,phases      ] GC(79)     Total                          Min: 0, Avg:  1.8, Max: 7, Diff: 7, Sum: 7, Workers: 4
[34.255s][debug][gc,phases      ] GC(79)   StringDedup Table Weak         Min:  0.0, Avg:  0.0, Max:  0.0, Diff:  0.0, Sum:  0.0, Workers: 4
[34.255s][debug][gc,phases      ] GC(79)     Dead                           Min: 0, Avg:  0.0, Max: 0, Diff: 0, Sum: 0, Workers: 4
[34.255s][debug][gc,phases      ] GC(79)     Total                          Min: 0, Avg:  0.0, Max: 0, Diff: 0, Sum: 0, Workers: 4
[34.255s][debug][gc,phases      ] GC(79)   StringDedup Requests0 Weak     Min:  0.0, Avg:  0.0, Max:  0.0, Diff:  0.0, Sum:  0.0, Workers: 4
[34.255s][debug][gc,phases      ] GC(79)     Dead                           Min: 0, Avg:  0.0, Max: 0, Diff: 0, Sum: 0, Workers: 4
[34.255s][debug][gc,phases      ] GC(79)     Total                          Min: 0, Avg:  0.0, Max: 0, Diff: 0, Sum: 0, Workers: 4
[34.255s][debug][gc,phases      ] GC(79)   StringDedup Requests1 Weak     Min:  0.0, Avg:  0.0, Max:  0.0, Diff:  0.0, Sum:  0.0, Workers: 4
[34.255s][debug][gc,phases      ] GC(79)     Dead                           Min: 0, Avg:  0.0, Max: 0, Diff: 0, Sum: 0, Workers: 4
[34.255s][debug][gc,phases      ] GC(79)     Total                          Min: 0, Avg:  0.0, Max: 0, Diff: 0, Sum: 0, Workers: 4
[34.255s][debug][gc,phases      ] GC(79)   Weak JFR Old Object Samples    Min:  0.0, Avg:  0.0, Max:  0.0, Diff:  0.0, Sum:  0.0, Workers: 4
[34.255s][debug][gc,phases      ] GC(79)     Dead                           Min: 0, Avg:  0.0, Max: 0, Diff: 0, Sum: 0, Workers: 4
[34.255s][debug][gc,phases      ] GC(79)     Total                          Min: 0, Avg:  0.0, Max: 0, Diff: 0, Sum: 0, Workers: 4
[34.255s][debug][gc,phases      ] GC(79) Weak Processing 0.327ms
[34.255s][debug][gc,age         ] GC(79) Desired survivor size 96468992 bytes, new threshold 15 (max threshold 15)
[34.255s][info ][gc,heap        ] GC(79) PSYoungGen: 1961584K(2001408K)->49104K(1998336K) Eden: 1902592K(1902592K)->0K(1902592K) From: 58992K(98816K)->49104K(95744K)
[34.255s][info ][gc,heap        ] GC(79) ParOldGen: 576259K(590336K)->579927K(590336K)
[34.255s][info ][gc,metaspace   ] GC(79) Metaspace: 71866K(72640K)->71866K(72640K) NonClass: 61493K(61952K)->61493K(61952K) Class: 10372K(10688K)->10372K(10688K)
[34.255s][info ][gc             ] GC(79) Pause Young (Allocation Failure) 2478M->614M(2528M) 24.789ms
[34.255s][info ][gc,cpu         ] GC(79) User=0.12s Sys=0.00s Real=0.02s
[34.255s][info ][safepoint      ] Safepoint "ParallelGCFailedAllocation", Time since last: 461572662 ns, Reaching safepoint: 221305 ns, At safepoint: 24903932 ns, Total: 25125237 ns
[34.683s][info ][gc,start       ] GC(80) Pause Young (Allocation Failure)
[34.718s][debug][gc,phases      ] GC(80) Scavenge 34.509ms
[34.718s][debug][gc,ref         ] GC(80) Skipped phase 1 of Reference Processing: no references
[34.718s][debug][gc,ref         ] GC(80) ReferenceProcessor::execute queues: 1, RefProcThreadModel::Single, marks_oops_alive: false
[34.718s][debug][gc,ref         ] GC(80) Skipped phase 3 of Reference Processing: no references
[34.718s][debug][gc,ref         ] GC(80) ReferenceProcessor::execute queues: 1, RefProcThreadModel::Single, marks_oops_alive: false
[34.718s][debug][gc,phases      ] GC(80) Reference Processing 0.149ms
[34.718s][debug][gc,phases      ] GC(80)   VM Weak                        Min:  0.0, Avg:  0.0, Max:  0.0, Diff:  0.0, Sum:  0.0, Workers: 4
[34.718s][debug][gc,phases      ] GC(80)     Dead                           Min: 0, Avg:  0.0, Max: 0, Diff: 0, Sum: 0, Workers: 4
[34.718s][debug][gc,phases      ] GC(80)     Total                          Min: 0, Avg: 153.0, Max: 612, Diff: 612, Sum: 612, Workers: 4
[34.718s][debug][gc,phases      ] GC(80)   ObjectSynchronizer Weak        Min:  0.0, Avg:  0.0, Max:  0.0, Diff:  0.0, Sum:  0.0, Workers: 4
[34.718s][debug][gc,phases      ] GC(80)     Dead                           Min: 0, Avg:  0.0, Max: 0, Diff: 0, Sum: 0, Workers: 4
[34.718s][debug][gc,phases      ] GC(80)     Total                          Min: 0, Avg: 85.8, Max: 192, Diff: 192, Sum: 343, Workers: 4
[34.718s][debug][gc,phases      ] GC(80)   JVMTI Tag Weak OopStorage      Min:  0.0, Avg:  0.0, Max:  0.0, Diff:  0.0, Sum:  0.0, Workers: 4
[34.718s][debug][gc,phases      ] GC(80)     Dead                           Min: 0, Avg:  0.0, Max: 0, Diff: 0, Sum: 0, Workers: 4
[34.718s][debug][gc,phases      ] GC(80)     Total                          Min: 0, Avg:  0.0, Max: 0, Diff: 0, Sum: 0, Workers: 4
[34.718s][debug][gc,phases      ] GC(80)   StringTable Weak               Min:  0.1, Avg:  0.1, Max:  0.1, Diff:  0.0, Sum:  0.5, Workers: 4
[34.718s][debug][gc,phases      ] GC(80)     Dead                           Min: 0, Avg:  0.0, Max: 0, Diff: 0, Sum: 0, Workers: 4
[34.719s][debug][gc,phases      ] GC(80)     Total                          Min: 8917, Avg: 10981.2, Max: 12736, Diff: 3819, Sum: 43925, Workers: 4
[34.719s][debug][gc,phases      ] GC(80)   ResolvedMethodTable Weak       Min:  0.0, Avg:  0.0, Max:  0.0, Diff:  0.0, Sum:  0.1, Workers: 4
[34.719s][debug][gc,phases      ] GC(80)     Dead                           Min: 0, Avg:  0.0, Max: 0, Diff: 0, Sum: 0, Workers: 4
[34.719s][debug][gc,phases      ] GC(80)     Total                          Min: 1727, Avg: 1901.8, Max: 2239, Diff: 512, Sum: 7607, Workers: 4
[34.719s][debug][gc,phases      ] GC(80)   JNI Weak                       Min:  0.0, Avg:  0.0, Max:  0.0, Diff:  0.0, Sum:  0.0, Workers: 4
[34.719s][debug][gc,phases      ] GC(80)     Dead                           Min: 0, Avg:  0.0, Max: 0, Diff: 0, Sum: 0, Workers: 4
[34.719s][debug][gc,phases      ] GC(80)     Total                          Min: 0, Avg:  2.0, Max: 8, Diff: 8, Sum: 8, Workers: 4
[34.719s][debug][gc,phases      ] GC(80)   StringDedup Table Weak         Min:  0.0, Avg:  0.0, Max:  0.0, Diff:  0.0, Sum:  0.0, Workers: 4
[34.719s][debug][gc,phases      ] GC(80)     Dead                           Min: 0, Avg:  0.0, Max: 0, Diff: 0, Sum: 0, Workers: 4
[34.719s][debug][gc,phases      ] GC(80)     Total                          Min: 0, Avg:  0.0, Max: 0, Diff: 0, Sum: 0, Workers: 4
[34.719s][debug][gc,phases      ] GC(80)   StringDedup Requests0 Weak     Min:  0.0, Avg:  0.0, Max:  0.0, Diff:  0.0, Sum:  0.0, Workers: 4
[34.719s][debug][gc,phases      ] GC(80)     Dead                           Min: 0, Avg:  0.0, Max: 0, Diff: 0, Sum: 0, Workers: 4
[34.719s][debug][gc,phases      ] GC(80)     Total                          Min: 0, Avg:  0.0, Max: 0, Diff: 0, Sum: 0, Workers: 4
[34.719s][debug][gc,phases      ] GC(80)   StringDedup Requests1 Weak     Min:  0.0, Avg:  0.0, Max:  0.0, Diff:  0.0, Sum:  0.0, Workers: 4
[34.719s][debug][gc,phases      ] GC(80)     Dead                           Min: 0, Avg:  0.0, Max: 0, Diff: 0, Sum: 0, Workers: 4
[34.719s][debug][gc,phases      ] GC(80)     Total                          Min: 0, Avg:  0.0, Max: 0, Diff: 0, Sum: 0, Workers: 4
[34.719s][debug][gc,phases      ] GC(80)   Weak JFR Old Object Samples    Min:  0.0, Avg:  0.0, Max:  0.0, Diff:  0.0, Sum:  0.0, Workers: 4
[34.719s][debug][gc,phases      ] GC(80)     Dead                           Min: 0, Avg:  0.0, Max: 0, Diff: 0, Sum: 0, Workers: 4
[34.719s][debug][gc,phases      ] GC(80)     Total                          Min: 0, Avg:  0.0, Max: 0, Diff: 0, Sum: 0, Workers: 4
[34.719s][debug][gc,phases      ] GC(80) Weak Processing 0.351ms
[34.719s][debug][gc,age         ] GC(80) Desired survivor size 93847552 bytes, new threshold 15 (max threshold 15)
[34.719s][info ][gc,heap        ] GC(80) PSYoungGen: 1951696K(1998336K)->54080K(2005504K) Eden: 1902592K(1902592K)->0K(1911296K) From: 49104K(95744K)->54080K(94208K)
[34.719s][info ][gc,heap        ] GC(80) ParOldGen: 579927K(590336K)->582959K(590336K)
[34.719s][info ][gc,metaspace   ] GC(80) Metaspace: 71951K(72704K)->71951K(72704K) NonClass: 61578K(62016K)->61578K(62016K) Class: 10372K(10688K)->10372K(10688K)
[34.719s][info ][gc             ] GC(80) Pause Young (Allocation Failure) 2472M->622M(2535M) 35.142ms
[34.719s][info ][gc,cpu         ] GC(80) User=0.16s Sys=0.00s Real=0.04s
[34.719s][debug][gc,phases      ] GC(81) Pre Compact 0.011ms
[34.719s][info ][gc,start       ] GC(81) Pause Full (Ergonomics)
[34.719s][info ][gc,phases,start] GC(81) Marking Phase
[34.842s][debug][gc,phases      ] GC(81) Par Mark 123.527ms
[34.842s][debug][gc,ref         ] GC(81) Skipped phase 1 of Reference Processing: no references
[34.843s][debug][gc,ref         ] GC(81) ReferenceProcessor::execute queues: 4, RefProcThreadModel::Multi, marks_oops_alive: false
[34.843s][debug][gc,ref         ] GC(81) Skipped phase 3 of Reference Processing: no references
[34.843s][debug][gc,ref         ] GC(81) ReferenceProcessor::execute queues: 1, RefProcThreadModel::Single, marks_oops_alive: false
[34.843s][debug][gc,phases      ] GC(81) Reference Processing 0.527ms
[34.843s][debug][gc,phases      ] GC(81)   VM Weak                        Min:  0.0, Avg:  0.0, Max:  0.0, Diff:  0.0, Sum:  0.0, Workers: 4
[34.843s][debug][gc,phases      ] GC(81)     Dead                           Min: 0, Avg:  0.0, Max: 0, Diff: 0, Sum: 0, Workers: 4
[34.843s][debug][gc,phases      ] GC(81)     Total                          Min: 0, Avg: 153.0, Max: 384, Diff: 384, Sum: 612, Workers: 4
[34.843s][debug][gc,phases      ] GC(81)   ObjectSynchronizer Weak        Min:  0.0, Avg:  0.0, Max:  0.0, Diff:  0.0, Sum:  0.0, Workers: 4
[34.843s][debug][gc,phases      ] GC(81)     Dead                           Min: 0, Avg:  0.0, Max: 0, Diff: 0, Sum: 0, Workers: 4
[34.843s][debug][gc,phases      ] GC(81)     Total                          Min: 23, Avg: 85.8, Max: 128, Diff: 105, Sum: 343, Workers: 4
[34.843s][debug][gc,phases      ] GC(81)   JVMTI Tag Weak OopStorage      Min:  0.0, Avg:  0.0, Max:  0.0, Diff:  0.0, Sum:  0.0, Workers: 4
[34.843s][debug][gc,phases      ] GC(81)     Dead                           Min: 0, Avg:  0.0, Max: 0, Diff: 0, Sum: 0, Workers: 4
[34.843s][debug][gc,phases      ] GC(81)     Total                          Min: 0, Avg:  0.0, Max: 0, Diff: 0, Sum: 0, Workers: 4
[34.843s][debug][gc,phases      ] GC(81)   StringTable Weak               Min:  0.1, Avg:  0.1, Max:  0.1, Diff:  0.0, Sum:  0.6, Workers: 4
[34.843s][debug][gc,phases      ] GC(81)     Dead                           Min: 0, Avg:  0.0, Max: 0, Diff: 0, Sum: 0, Workers: 4
[34.843s][debug][gc,phases      ] GC(81)     Total                          Min: 9280, Avg: 10981.2, Max: 12309, Diff: 3029, Sum: 43925, Workers: 4
[34.843s][debug][gc,phases      ] GC(81)   ResolvedMethodTable Weak       Min:  0.0, Avg:  0.0, Max:  0.0, Diff:  0.0, Sum:  0.1, Workers: 4
[34.843s][debug][gc,phases      ] GC(81)     Dead                           Min: 0, Avg:  0.0, Max: 0, Diff: 0, Sum: 0, Workers: 4
[34.843s][debug][gc,phases      ] GC(81)     Total                          Min: 1664, Avg: 1901.8, Max: 2175, Diff: 511, Sum: 7607, Workers: 4
[34.843s][debug][gc,phases      ] GC(81)   JNI Weak                       Min:  0.0, Avg:  0.0, Max:  0.0, Diff:  0.0, Sum:  0.0, Workers: 4
[34.843s][debug][gc,phases      ] GC(81)     Dead                           Min: 0, Avg:  0.0, Max: 0, Diff: 0, Sum: 0, Workers: 4
[34.843s][debug][gc,phases      ] GC(81)     Total                          Min: 0, Avg:  2.0, Max: 8, Diff: 8, Sum: 8, Workers: 4
[34.843s][debug][gc,phases      ] GC(81)   StringDedup Table Weak         Min:  0.0, Avg:  0.0, Max:  0.0, Diff:  0.0, Sum:  0.0, Workers: 4
[34.843s][debug][gc,phases      ] GC(81)     Dead                           Min: 0, Avg:  0.0, Max: 0, Diff: 0, Sum: 0, Workers: 4
[34.843s][debug][gc,phases      ] GC(81)     Total                          Min: 0, Avg:  0.0, Max: 0, Diff: 0, Sum: 0, Workers: 4
[34.843s][debug][gc,phases      ] GC(81)   StringDedup Requests0 Weak     Min:  0.0, Avg:  0.0, Max:  0.0, Diff:  0.0, Sum:  0.0, Workers: 4
[34.843s][debug][gc,phases      ] GC(81)     Dead                           Min: 0, Avg:  0.0, Max: 0, Diff: 0, Sum: 0, Workers: 4
[34.843s][debug][gc,phases      ] GC(81)     Total                          Min: 0, Avg:  0.0, Max: 0, Diff: 0, Sum: 0, Workers: 4
[34.843s][debug][gc,phases      ] GC(81)   StringDedup Requests1 Weak     Min:  0.0, Avg:  0.0, Max:  0.0, Diff:  0.0, Sum:  0.0, Workers: 4
[34.843s][debug][gc,phases      ] GC(81)     Dead                           Min: 0, Avg:  0.0, Max: 0, Diff: 0, Sum: 0, Workers: 4
[34.843s][debug][gc,phases      ] GC(81)     Total                          Min: 0, Avg:  0.0, Max: 0, Diff: 0, Sum: 0, Workers: 4
[34.843s][debug][gc,phases      ] GC(81)   Weak JFR Old Object Samples    Min:  0.0, Avg:  0.0, Max:  0.0, Diff:  0.0, Sum:  0.0, Workers: 4
[34.843s][debug][gc,phases      ] GC(81)     Dead                           Min: 0, Avg:  0.0, Max: 0, Diff: 0, Sum: 0, Workers: 4
[34.843s][debug][gc,phases      ] GC(81)     Total                          Min: 0, Avg:  0.0, Max: 0, Diff: 0, Sum: 0, Workers: 4
[34.843s][debug][gc,phases      ] GC(81) Weak Processing 0.368ms
[34.843s][debug][gc,phases      ] GC(81) ClassLoaderData 0.085ms
[34.843s][debug][gc,phases      ] GC(81) Trigger cleanups 0.000ms
[34.855s][debug][gc,phases      ] GC(81) Class Unloading 11.734ms
[34.855s][info ][gc,phases      ] GC(81) Marking Phase 136.324ms
[34.855s][info ][gc,phases,start] GC(81) Summary Phase
[34.855s][info ][gc,phases      ] GC(81) Summary Phase 0.020ms
[34.855s][info ][gc,phases,start] GC(81) Adjust Roots
[34.865s][info ][gc,phases      ] GC(81) Adjust Roots 9.528ms
[34.865s][info ][gc,phases,start] GC(81) Compaction Phase
[35.010s][info ][gc,phases      ] GC(81) Compaction Phase 145.158ms
[35.010s][info ][gc,phases,start] GC(81) Post Compact
[35.012s][info ][gc,phases      ] GC(81) Post Compact 2.062ms
[35.013s][info ][gc,heap        ] GC(81) PSYoungGen: 54080K(2005504K)->0K(2002944K) Eden: 0K(1911296K)->0K(1911296K) From: 54080K(94208K)->0K(91648K)
[35.013s][info ][gc,heap        ] GC(81) ParOldGen: 582959K(590336K)->363846K(439808K)
[35.013s][info ][gc,metaspace   ] GC(81) Metaspace: 71951K(72704K)->71951K(72704K) NonClass: 61578K(62016K)->61578K(62016K) Class: 10372K(10688K)->10372K(10688K)
[35.013s][info ][gc             ] GC(81) Pause Full (Ergonomics) 622M->355M(2385M) 294.041ms
[35.013s][info ][gc,cpu         ] GC(81) User=1.10s Sys=0.01s Real=0.29s
[35.014s][info ][safepoint      ] Safepoint "ParallelGCFailedAllocation", Time since last: 428097846 ns, Reaching safepoint: 262405 ns, At safepoint: 330425960 ns, Total: 330688365 ns
[35.443s][info ][safepoint      ] Safepoint "ICBufferFull", Time since last: 428618957 ns, Reaching safepoint: 352108 ns, At safepoint: 38201 ns, Total: 390309 ns
[35.447s][info ][gc,start       ] GC(82) Pause Young (Allocation Failure)
[35.456s][debug][gc,phases      ] GC(82) Scavenge 8.490ms
[35.456s][debug][gc,ref         ] GC(82) Skipped phase 1 of Reference Processing: no references
[35.456s][debug][gc,ref         ] GC(82) Skipped phase 2 of Reference Processing: no references
[35.456s][debug][gc,ref         ] GC(82) Skipped phase 3 of Reference Processing: no references
[35.456s][debug][gc,ref         ] GC(82) Skipped phase 4 of Reference Processing: no references
[35.456s][debug][gc,phases      ] GC(82) Reference Processing 0.026ms
[35.456s][debug][gc,phases      ] GC(82)   VM Weak                        Min:  0.0, Avg:  0.0, Max:  0.0, Diff:  0.0, Sum:  0.0, Workers: 4
[35.456s][debug][gc,phases      ] GC(82)     Dead                           Min: 0, Avg:  0.0, Max: 0, Diff: 0, Sum: 0, Workers: 4
[35.456s][debug][gc,phases      ] GC(82)     Total                          Min: 0, Avg: 153.0, Max: 512, Diff: 512, Sum: 612, Workers: 4
[35.456s][debug][gc,phases      ] GC(82)   ObjectSynchronizer Weak        Min:  0.0, Avg:  0.0, Max:  0.0, Diff:  0.0, Sum:  0.0, Workers: 4
[35.456s][debug][gc,phases      ] GC(82)     Dead                           Min: 0, Avg:  0.0, Max: 0, Diff: 0, Sum: 0, Workers: 4
[35.456s][debug][gc,phases      ] GC(82)     Total                          Min: 0, Avg: 85.8, Max: 151, Diff: 151, Sum: 343, Workers: 4
[35.456s][debug][gc,phases      ] GC(82)   JVMTI Tag Weak OopStorage      Min:  0.0, Avg:  0.0, Max:  0.0, Diff:  0.0, Sum:  0.0, Workers: 4
[35.456s][debug][gc,phases      ] GC(82)     Dead                           Min: 0, Avg:  0.0, Max: 0, Diff: 0, Sum: 0, Workers: 4
[35.456s][debug][gc,phases      ] GC(82)     Total                          Min: 0, Avg:  0.0, Max: 0, Diff: 0, Sum: 0, Workers: 4
[35.456s][debug][gc,phases      ] GC(82)   StringTable Weak               Min:  0.1, Avg:  0.1, Max:  0.1, Diff:  0.0, Sum:  0.4, Workers: 4
[35.456s][debug][gc,phases      ] GC(82)     Dead                           Min: 0, Avg:  0.0, Max: 0, Diff: 0, Sum: 0, Workers: 4
[35.456s][debug][gc,phases      ] GC(82)     Total                          Min: 9984, Avg: 10982.5, Max: 11584, Diff: 1600, Sum: 43930, Workers: 4
[35.456s][debug][gc,phases      ] GC(82)   ResolvedMethodTable Weak       Min:  0.0, Avg:  0.0, Max:  0.0, Diff:  0.0, Sum:  0.1, Workers: 4
[35.456s][debug][gc,phases      ] GC(82)     Dead                           Min: 0, Avg:  0.0, Max: 0, Diff: 0, Sum: 0, Workers: 4
[35.456s][debug][gc,phases      ] GC(82)     Total                          Min: 1791, Avg: 1901.8, Max: 2168, Diff: 377, Sum: 7607, Workers: 4
[35.456s][debug][gc,phases      ] GC(82)   JNI Weak                       Min:  0.0, Avg:  0.0, Max:  0.0, Diff:  0.0, Sum:  0.0, Workers: 4
[35.456s][debug][gc,phases      ] GC(82)     Dead                           Min: 0, Avg:  0.0, Max: 0, Diff: 0, Sum: 0, Workers: 4
[35.456s][debug][gc,phases      ] GC(82)     Total                          Min: 0, Avg:  1.0, Max: 4, Diff: 4, Sum: 4, Workers: 4
[35.456s][debug][gc,phases      ] GC(82)   StringDedup Table Weak         Min:  0.0, Avg:  0.0, Max:  0.0, Diff:  0.0, Sum:  0.0, Workers: 4
[35.456s][debug][gc,phases      ] GC(82)     Dead                           Min: 0, Avg:  0.0, Max: 0, Diff: 0, Sum: 0, Workers: 4
[35.456s][debug][gc,phases      ] GC(82)     Total                          Min: 0, Avg:  0.0, Max: 0, Diff: 0, Sum: 0, Workers: 4
[35.456s][debug][gc,phases      ] GC(82)   StringDedup Requests0 Weak     Min:  0.0, Avg:  0.0, Max:  0.0, Diff:  0.0, Sum:  0.0, Workers: 4
[35.456s][debug][gc,phases      ] GC(82)     Dead                           Min: 0, Avg:  0.0, Max: 0, Diff: 0, Sum: 0, Workers: 4
[35.456s][debug][gc,phases      ] GC(82)     Total                          Min: 0, Avg:  0.0, Max: 0, Diff: 0, Sum: 0, Workers: 4
[35.456s][debug][gc,phases      ] GC(82)   StringDedup Requests1 Weak     Min:  0.0, Avg:  0.0, Max:  0.0, Diff:  0.0, Sum:  0.0, Workers: 4
[35.456s][debug][gc,phases      ] GC(82)     Dead                           Min: 0, Avg:  0.0, Max: 0, Diff: 0, Sum: 0, Workers: 4
[35.456s][debug][gc,phases      ] GC(82)     Total                          Min: 0, Avg:  0.0, Max: 0, Diff: 0, Sum: 0, Workers: 4
[35.456s][debug][gc,phases      ] GC(82)   Weak JFR Old Object Samples    Min:  0.0, Avg:  0.0, Max:  0.0, Diff:  0.0, Sum:  0.0, Workers: 4
[35.456s][debug][gc,phases      ] GC(82)     Dead                           Min: 0, Avg:  0.0, Max: 0, Diff: 0, Sum: 0, Workers: 4
[35.456s][debug][gc,phases      ] GC(82)     Total                          Min: 0, Avg:  0.0, Max: 0, Diff: 0, Sum: 0, Workers: 4
[35.456s][debug][gc,phases      ] GC(82) Weak Processing 0.358ms
[35.456s][debug][gc,age         ] GC(82) Desired survivor size 100663296 bytes, new threshold 15 (max threshold 15)
[35.456s][info ][gc,heap        ] GC(82) PSYoungGen: 1911296K(2002944K)->3248K(1992192K) Eden: 1911296K(1911296K)->0K(1900544K) From: 0K(91648K)->3248K(91648K)
[35.456s][info ][gc,heap        ] GC(82) ParOldGen: 363846K(439808K)->363854K(439808K)
[35.456s][info ][gc,metaspace   ] GC(82) Metaspace: 72024K(72768K)->72024K(72768K) NonClass: 61649K(62080K)->61649K(62080K) Class: 10374K(10688K)->10374K(10688K)
[35.456s][info ][gc             ] GC(82) Pause Young (Allocation Failure) 2221M->358M(2375M) 9.011ms
[35.456s][info ][gc,cpu         ] GC(82) User=0.02s Sys=0.00s Real=0.02s
[35.456s][info ][safepoint      ] Safepoint "ParallelGCFailedAllocation", Time since last: 4133888 ns, Reaching safepoint: 135903 ns, At safepoint: 9139895 ns, Total: 9275798 ns
[35.890s][info ][gc,start       ] GC(83) Pause Young (Allocation Failure)
[35.894s][debug][gc,phases      ] GC(83) Scavenge 4.222ms
[35.894s][debug][gc,ref         ] GC(83) Skipped phase 1 of Reference Processing: no references
[35.894s][debug][gc,ref         ] GC(83) Skipped phase 2 of Reference Processing: no references
[35.894s][debug][gc,ref         ] GC(83) Skipped phase 3 of Reference Processing: no references
[35.894s][debug][gc,ref         ] GC(83) Skipped phase 4 of Reference Processing: no references
[35.894s][debug][gc,phases      ] GC(83) Reference Processing 0.023ms
[35.895s][debug][gc,phases      ] GC(83)   VM Weak                        Min:  0.0, Avg:  0.0, Max:  0.0, Diff:  0.0, Sum:  0.0, Workers: 4
[35.895s][debug][gc,phases      ] GC(83)     Dead                           Min: 0, Avg:  0.0, Max: 0, Diff: 0, Sum: 0, Workers: 4
[35.895s][debug][gc,phases      ] GC(83)     Total                          Min: 0, Avg: 153.0, Max: 320, Diff: 320, Sum: 612, Workers: 4
[35.895s][debug][gc,phases      ] GC(83)   ObjectSynchronizer Weak        Min:  0.0, Avg:  0.0, Max:  0.0, Diff:  0.0, Sum:  0.0, Workers: 4
[35.895s][debug][gc,phases      ] GC(83)     Dead                           Min: 0, Avg:  0.0, Max: 0, Diff: 0, Sum: 0, Workers: 4
[35.895s][debug][gc,phases      ] GC(83)     Total                          Min: 0, Avg: 85.8, Max: 192, Diff: 192, Sum: 343, Workers: 4
[35.895s][debug][gc,phases      ] GC(83)   JVMTI Tag Weak OopStorage      Min:  0.0, Avg:  0.0, Max:  0.0, Diff:  0.0, Sum:  0.0, Workers: 4
[35.895s][debug][gc,phases      ] GC(83)     Dead                           Min: 0, Avg:  0.0, Max: 0, Diff: 0, Sum: 0, Workers: 4
[35.895s][debug][gc,phases      ] GC(83)     Total                          Min: 0, Avg:  0.0, Max: 0, Diff: 0, Sum: 0, Workers: 4
[35.895s][debug][gc,phases      ] GC(83)   StringTable Weak               Min:  0.1, Avg:  0.1, Max:  0.1, Diff:  0.0, Sum:  0.4, Workers: 4
[35.895s][debug][gc,phases      ] GC(83)     Dead                           Min: 0, Avg:  0.0, Max: 0, Diff: 0, Sum: 0, Workers: 4
[35.895s][debug][gc,phases      ] GC(83)     Total                          Min: 9563, Avg: 10982.8, Max: 12672, Diff: 3109, Sum: 43931, Workers: 4
[35.895s][debug][gc,phases      ] GC(83)   ResolvedMethodTable Weak       Min:  0.0, Avg:  0.0, Max:  0.0, Diff:  0.0, Sum:  0.1, Workers: 4
[35.895s][debug][gc,phases      ] GC(83)     Dead                           Min: 0, Avg:  0.0, Max: 0, Diff: 0, Sum: 0, Workers: 4
[35.895s][debug][gc,phases      ] GC(83)     Total                          Min: 1728, Avg: 1901.8, Max: 2048, Diff: 320, Sum: 7607, Workers: 4
[35.895s][debug][gc,phases      ] GC(83)   JNI Weak                       Min:  0.0, Avg:  0.0, Max:  0.0, Diff:  0.0, Sum:  0.0, Workers: 4
[35.895s][debug][gc,phases      ] GC(83)     Dead                           Min: 0, Avg:  0.0, Max: 0, Diff: 0, Sum: 0, Workers: 4
[35.895s][debug][gc,phases      ] GC(83)     Total                          Min: 0, Avg:  1.0, Max: 4, Diff: 4, Sum: 4, Workers: 4
[35.895s][debug][gc,phases      ] GC(83)   StringDedup Table Weak         Min:  0.0, Avg:  0.0, Max:  0.0, Diff:  0.0, Sum:  0.0, Workers: 4
[35.895s][debug][gc,phases      ] GC(83)     Dead                           Min: 0, Avg:  0.0, Max: 0, Diff: 0, Sum: 0, Workers: 4
[35.895s][debug][gc,phases      ] GC(83)     Total                          Min: 0, Avg:  0.0, Max: 0, Diff: 0, Sum: 0, Workers: 4
[35.895s][debug][gc,phases      ] GC(83)   StringDedup Requests0 Weak     Min:  0.0, Avg:  0.0, Max:  0.0, Diff:  0.0, Sum:  0.0, Workers: 4
[35.895s][debug][gc,phases      ] GC(83)     Dead                           Min: 0, Avg:  0.0, Max: 0, Diff: 0, Sum: 0, Workers: 4
[35.895s][debug][gc,phases      ] GC(83)     Total                          Min: 0, Avg:  0.0, Max: 0, Diff: 0, Sum: 0, Workers: 4
[35.895s][debug][gc,phases      ] GC(83)   StringDedup Requests1 Weak     Min:  0.0, Avg:  0.0, Max:  0.0, Diff:  0.0, Sum:  0.0, Workers: 4
[35.895s][debug][gc,phases      ] GC(83)     Dead                           Min: 0, Avg:  0.0, Max: 0, Diff: 0, Sum: 0, Workers: 4
[35.895s][debug][gc,phases      ] GC(83)     Total                          Min: 0, Avg:  0.0, Max: 0, Diff: 0, Sum: 0, Workers: 4
[35.895s][debug][gc,phases      ] GC(83)   Weak JFR Old Object Samples    Min:  0.0, Avg:  0.0, Max:  0.0, Diff:  0.0, Sum:  0.0, Workers: 4
[35.895s][debug][gc,phases      ] GC(83)     Dead                           Min: 0, Avg:  0.0, Max: 0, Diff: 0, Sum: 0, Workers: 4
[35.895s][debug][gc,phases      ] GC(83)     Total                          Min: 0, Avg:  0.0, Max: 0, Diff: 0, Sum: 0, Workers: 4
[35.895s][debug][gc,phases      ] GC(83) Weak Processing 0.304ms
[35.895s][debug][gc,age         ] GC(83) Desired survivor size 104857600 bytes, new threshold 15 (max threshold 15)
[35.895s][info ][gc,heap        ] GC(83) PSYoungGen: 1903792K(1992192K)->3616K(1904640K) Eden: 1900544K(1900544K)->0K(1900544K) From: 3248K(91648K)->3616K(4096K)
[35.895s][info ][gc,heap        ] GC(83) ParOldGen: 363854K(439808K)->363854K(439808K)
[35.895s][info ][gc,metaspace   ] GC(83) Metaspace: 72065K(72768K)->72065K(72768K) NonClass: 61690K(62080K)->61690K(62080K) Class: 10374K(10688K)->10374K(10688K)
[35.895s][info ][gc             ] GC(83) Pause Young (Allocation Failure) 2214M->358M(2289M) 4.680ms
[35.895s][info ][gc,cpu         ] GC(83) User=0.03s Sys=0.00s Real=0.00s
[35.895s][info ][safepoint      ] Safepoint "ParallelGCFailedAllocation", Time since last: 433460561 ns, Reaching safepoint: 241005 ns, At safepoint: 4794703 ns, Total: 5035708 ns
[36.244s][info ][gc,start       ] GC(84) Pause Young (Allocation Failure)
[36.247s][debug][gc,phases      ] GC(84) Scavenge 3.213ms
[36.247s][debug][gc,ref         ] GC(84) Skipped phase 1 of Reference Processing: no references
[36.247s][debug][gc,ref         ] GC(84) Skipped phase 2 of Reference Processing: no references
[36.247s][debug][gc,ref         ] GC(84) Skipped phase 3 of Reference Processing: no references
[36.247s][debug][gc,ref         ] GC(84) Skipped phase 4 of Reference Processing: no references
[36.247s][debug][gc,phases      ] GC(84) Reference Processing 0.023ms
[36.248s][debug][gc,phases      ] GC(84)   VM Weak                        Min:  0.0, Avg:  0.0, Max:  0.0, Diff:  0.0, Sum:  0.0, Workers: 4
[36.248s][debug][gc,phases      ] GC(84)     Dead                           Min: 0, Avg:  0.0, Max: 0, Diff: 0, Sum: 0, Workers: 4
[36.248s][debug][gc,phases      ] GC(84)     Total                          Min: 0, Avg: 153.0, Max: 384, Diff: 384, Sum: 612, Workers: 4
[36.248s][debug][gc,phases      ] GC(84)   ObjectSynchronizer Weak        Min:  0.0, Avg:  0.0, Max:  0.0, Diff:  0.0, Sum:  0.0, Workers: 4
[36.248s][debug][gc,phases      ] GC(84)     Dead                           Min: 0, Avg:  0.0, Max: 0, Diff: 0, Sum: 0, Workers: 4
[36.248s][debug][gc,phases      ] GC(84)     Total                          Min: 0, Avg: 85.8, Max: 215, Diff: 215, Sum: 343, Workers: 4
[36.248s][debug][gc,phases      ] GC(84)   JVMTI Tag Weak OopStorage      Min:  0.0, Avg:  0.0, Max:  0.0, Diff:  0.0, Sum:  0.0, Workers: 4
[36.248s][debug][gc,phases      ] GC(84)     Dead                           Min: 0, Avg:  0.0, Max: 0, Diff: 0, Sum: 0, Workers: 4
[36.248s][debug][gc,phases      ] GC(84)     Total                          Min: 0, Avg:  0.0, Max: 0, Diff: 0, Sum: 0, Workers: 4
[36.248s][debug][gc,phases      ] GC(84)   StringTable Weak               Min:  0.1, Avg:  0.1, Max:  0.1, Diff:  0.0, Sum:  0.4, Workers: 4
[36.248s][debug][gc,phases      ] GC(84)     Dead                           Min: 0, Avg:  0.0, Max: 0, Diff: 0, Sum: 0, Workers: 4
[36.248s][debug][gc,phases      ] GC(84)     Total                          Min: 10560, Avg: 10983.0, Max: 11548, Diff: 988, Sum: 43932, Workers: 4
[36.248s][debug][gc,phases      ] GC(84)   ResolvedMethodTable Weak       Min:  0.0, Avg:  0.0, Max:  0.0, Diff:  0.0, Sum:  0.1, Workers: 4
[36.248s][debug][gc,phases      ] GC(84)     Dead                           Min: 0, Avg:  0.0, Max: 0, Diff: 0, Sum: 0, Workers: 4
[36.248s][debug][gc,phases      ] GC(84)     Total                          Min: 1600, Avg: 1901.8, Max: 2168, Diff: 568, Sum: 7607, Workers: 4
[36.248s][debug][gc,phases      ] GC(84)   JNI Weak                       Min:  0.0, Avg:  0.0, Max:  0.0, Diff:  0.0, Sum:  0.0, Workers: 4
[36.248s][debug][gc,phases      ] GC(84)     Dead                           Min: 0, Avg:  0.0, Max: 0, Diff: 0, Sum: 0, Workers: 4
[36.248s][debug][gc,phases      ] GC(84)     Total                          Min: 0, Avg:  0.0, Max: 0, Diff: 0, Sum: 0, Workers: 4
[36.248s][debug][gc,phases      ] GC(84)   StringDedup Table Weak         Min:  0.0, Avg:  0.0, Max:  0.0, Diff:  0.0, Sum:  0.0, Workers: 4
[36.248s][debug][gc,phases      ] GC(84)     Dead                           Min: 0, Avg:  0.0, Max: 0, Diff: 0, Sum: 0, Workers: 4
[36.248s][debug][gc,phases      ] GC(84)     Total                          Min: 0, Avg:  0.0, Max: 0, Diff: 0, Sum: 0, Workers: 4
[36.248s][debug][gc,phases      ] GC(84)   StringDedup Requests0 Weak     Min:  0.0, Avg:  0.0, Max:  0.0, Diff:  0.0, Sum:  0.0, Workers: 4
[36.248s][debug][gc,phases      ] GC(84)     Dead                           Min: 0, Avg:  0.0, Max: 0, Diff: 0, Sum: 0, Workers: 4
[36.248s][debug][gc,phases      ] GC(84)     Total                          Min: 0, Avg:  0.0, Max: 0, Diff: 0, Sum: 0, Workers: 4
[36.248s][debug][gc,phases      ] GC(84)   StringDedup Requests1 Weak     Min:  0.0, Avg:  0.0, Max:  0.0, Diff:  0.0, Sum:  0.0, Workers: 4
[36.248s][debug][gc,phases      ] GC(84)     Dead                           Min: 0, Avg:  0.0, Max: 0, Diff: 0, Sum: 0, Workers: 4
[36.248s][debug][gc,phases      ] GC(84)     Total                          Min: 0, Avg:  0.0, Max: 0, Diff: 0, Sum: 0, Workers: 4
[36.248s][debug][gc,phases      ] GC(84)   Weak JFR Old Object Samples    Min:  0.0, Avg:  0.0, Max:  0.0, Diff:  0.0, Sum:  0.0, Workers: 4
[36.248s][debug][gc,phases      ] GC(84)     Dead                           Min: 0, Avg:  0.0, Max: 0, Diff: 0, Sum: 0, Workers: 4
[36.248s][debug][gc,phases      ] GC(84)     Total                          Min: 0, Avg:  0.0, Max: 0, Diff: 0, Sum: 0, Workers: 4
[36.248s][debug][gc,phases      ] GC(84) Weak Processing 0.306ms
[36.248s][debug][gc,age         ] GC(84) Desired survivor size 106954752 bytes, new threshold 15 (max threshold 15)
[36.248s][info ][gc,heap        ] GC(84) PSYoungGen: 1904160K(1904640K)->3840K(1990656K) Eden: 1900544K(1900544K)->0K(1888256K) From: 3616K(4096K)->3840K(102400K)
[36.248s][info ][gc,heap        ] GC(84) ParOldGen: 363854K(439808K)->363854K(439808K)
[36.248s][info ][gc,metaspace   ] GC(84) Metaspace: 72076K(72768K)->72076K(72768K) NonClass: 61701K(62080K)->61701K(62080K) Class: 10374K(10688K)->10374K(10688K)
[36.248s][info ][gc             ] GC(84) Pause Young (Allocation Failure) 2214M->359M(2373M) 3.672ms
[36.248s][info ][gc,cpu         ] GC(84) User=0.02s Sys=0.00s Real=0.00s
[36.248s][info ][safepoint      ] Safepoint "ParallelGCFailedAllocation", Time since last: 349124258 ns, Reaching safepoint: 205005 ns, At safepoint: 3790081 ns, Total: 3995086 ns
[36.610s][info ][gc,start       ] GC(85) Pause Young (Allocation Failure)
[36.613s][debug][gc,phases      ] GC(85) Scavenge 3.232ms
[36.613s][debug][gc,ref         ] GC(85) Skipped phase 1 of Reference Processing: no references
[36.613s][debug][gc,ref         ] GC(85) Skipped phase 2 of Reference Processing: no references
[36.613s][debug][gc,ref         ] GC(85) Skipped phase 3 of Reference Processing: no references
[36.613s][debug][gc,ref         ] GC(85) Skipped phase 4 of Reference Processing: no references
[36.613s][debug][gc,phases      ] GC(85) Reference Processing 0.024ms
[36.613s][debug][gc,phases      ] GC(85)   VM Weak                        Min:  0.0, Avg:  0.0, Max:  0.0, Diff:  0.0, Sum:  0.0, Workers: 4
[36.613s][debug][gc,phases      ] GC(85)     Dead                           Min: 0, Avg:  0.0, Max: 0, Diff: 0, Sum: 0, Workers: 4
[36.613s][debug][gc,phases      ] GC(85)     Total                          Min: 0, Avg: 153.0, Max: 320, Diff: 320, Sum: 612, Workers: 4
[36.613s][debug][gc,phases      ] GC(85)   ObjectSynchronizer Weak        Min:  0.0, Avg:  0.0, Max:  0.0, Diff:  0.0, Sum:  0.0, Workers: 4
[36.613s][debug][gc,phases      ] GC(85)     Dead                           Min: 0, Avg:  0.0, Max: 0, Diff: 0, Sum: 0, Workers: 4
[36.613s][debug][gc,phases      ] GC(85)     Total                          Min: 0, Avg: 85.8, Max: 192, Diff: 192, Sum: 343, Workers: 4
[36.613s][debug][gc,phases      ] GC(85)   JVMTI Tag Weak OopStorage      Min:  0.0, Avg:  0.0, Max:  0.0, Diff:  0.0, Sum:  0.0, Workers: 4
[36.613s][debug][gc,phases      ] GC(85)     Dead                           Min: 0, Avg:  0.0, Max: 0, Diff: 0, Sum: 0, Workers: 4
[36.613s][debug][gc,phases      ] GC(85)     Total                          Min: 0, Avg:  0.0, Max: 0, Diff: 0, Sum: 0, Workers: 4
[36.613s][debug][gc,phases      ] GC(85)   StringTable Weak               Min:  0.1, Avg:  0.1, Max:  0.1, Diff:  0.0, Sum:  0.4, Workers: 4
[36.613s][debug][gc,phases      ] GC(85)     Dead                           Min: 0, Avg:  0.0, Max: 0, Diff: 0, Sum: 0, Workers: 4
[36.613s][debug][gc,phases      ] GC(85)     Total                          Min: 10304, Avg: 10983.0, Max: 11420, Diff: 1116, Sum: 43932, Workers: 4
[36.613s][debug][gc,phases      ] GC(85)   ResolvedMethodTable Weak       Min:  0.0, Avg:  0.0, Max:  0.0, Diff:  0.0, Sum:  0.1, Workers: 4
[36.613s][debug][gc,phases      ] GC(85)     Dead                           Min: 0, Avg:  0.0, Max: 0, Diff: 0, Sum: 0, Workers: 4
[36.613s][debug][gc,phases      ] GC(85)     Total                          Min: 1792, Avg: 1901.8, Max: 1984, Diff: 192, Sum: 7607, Workers: 4
[36.613s][debug][gc,phases      ] GC(85)   JNI Weak                       Min:  0.0, Avg:  0.0, Max:  0.0, Diff:  0.0, Sum:  0.0, Workers: 4
[36.613s][debug][gc,phases      ] GC(85)     Dead                           Min: 0, Avg:  0.0, Max: 0, Diff: 0, Sum: 0, Workers: 4
[36.613s][debug][gc,phases      ] GC(85)     Total                          Min: 0, Avg:  0.2, Max: 1, Diff: 1, Sum: 1, Workers: 4
[36.613s][debug][gc,phases      ] GC(85)   StringDedup Table Weak         Min:  0.0, Avg:  0.0, Max:  0.0, Diff:  0.0, Sum:  0.0, Workers: 4
[36.613s][debug][gc,phases      ] GC(85)     Dead                           Min: 0, Avg:  0.0, Max: 0, Diff: 0, Sum: 0, Workers: 4
[36.613s][debug][gc,phases      ] GC(85)     Total                          Min: 0, Avg:  0.0, Max: 0, Diff: 0, Sum: 0, Workers: 4
[36.613s][debug][gc,phases      ] GC(85)   StringDedup Requests0 Weak     Min:  0.0, Avg:  0.0, Max:  0.0, Diff:  0.0, Sum:  0.0, Workers: 4
[36.614s][debug][gc,phases      ] GC(85)     Dead                           Min: 0, Avg:  0.0, Max: 0, Diff: 0, Sum: 0, Workers: 4
[36.614s][debug][gc,phases      ] GC(85)     Total                          Min: 0, Avg:  0.0, Max: 0, Diff: 0, Sum: 0, Workers: 4
[36.614s][debug][gc,phases      ] GC(85)   StringDedup Requests1 Weak     Min:  0.0, Avg:  0.0, Max:  0.0, Diff:  0.0, Sum:  0.0, Workers: 4
[36.614s][debug][gc,phases      ] GC(85)     Dead                           Min: 0, Avg:  0.0, Max: 0, Diff: 0, Sum: 0, Workers: 4
[36.614s][debug][gc,phases      ] GC(85)     Total                          Min: 0, Avg:  0.0, Max: 0, Diff: 0, Sum: 0, Workers: 4
[36.614s][debug][gc,phases      ] GC(85)   Weak JFR Old Object Samples    Min:  0.0, Avg:  0.0, Max:  0.0, Diff:  0.0, Sum:  0.0, Workers: 4
[36.614s][debug][gc,phases      ] GC(85)     Dead                           Min: 0, Avg:  0.0, Max: 0, Diff: 0, Sum: 0, Workers: 4
[36.614s][debug][gc,phases      ] GC(85)     Total                          Min: 0, Avg:  0.0, Max: 0, Diff: 0, Sum: 0, Workers: 4
[36.614s][debug][gc,phases      ] GC(85) Weak Processing 0.319ms
[36.614s][debug][gc,age         ] GC(85) Desired survivor size 108003328 bytes, new threshold 15 (max threshold 15)
[36.614s][info ][gc,heap        ] GC(85) PSYoungGen: 1892096K(1990656K)->4064K(1892352K) Eden: 1888256K(1888256K)->0K(1888256K) From: 3840K(102400K)->4064K(4096K)
[36.614s][info ][gc,heap        ] GC(85) ParOldGen: 363854K(439808K)->363854K(439808K)
[36.614s][info ][gc,metaspace   ] GC(85) Metaspace: 72128K(72832K)->72128K(72832K) NonClass: 61753K(62144K)->61753K(62144K) Class: 10374K(10688K)->10374K(10688K)
[36.614s][info ][gc             ] GC(85) Pause Young (Allocation Failure) 2203M->359M(2277M) 3.704ms
[36.614s][info ][gc,cpu         ] GC(85) User=0.02s Sys=0.00s Real=0.00s
[36.614s][info ][safepoint      ] Safepoint "ParallelGCFailedAllocation", Time since last: 361750129 ns, Reaching safepoint: 185004 ns, At safepoint: 3810281 ns, Total: 3995285 ns
[36.986s][info ][gc,start       ] GC(86) Pause Young (Allocation Failure)
[36.989s][debug][gc,phases      ] GC(86) Scavenge 3.387ms
[36.989s][debug][gc,ref         ] GC(86) Skipped phase 1 of Reference Processing: no references
[36.989s][debug][gc,ref         ] GC(86) Skipped phase 2 of Reference Processing: no references
[36.989s][debug][gc,ref         ] GC(86) Skipped phase 3 of Reference Processing: no references
[36.989s][debug][gc,ref         ] GC(86) Skipped phase 4 of Reference Processing: no references
[36.989s][debug][gc,phases      ] GC(86) Reference Processing 0.024ms
[36.989s][debug][gc,phases      ] GC(86)   VM Weak                        Min:  0.0, Avg:  0.0, Max:  0.0, Diff:  0.0, Sum:  0.0, Workers: 4
[36.989s][debug][gc,phases      ] GC(86)     Dead                           Min: 0, Avg:  0.0, Max: 0, Diff: 0, Sum: 0, Workers: 4
[36.989s][debug][gc,phases      ] GC(86)     Total                          Min: 0, Avg: 153.0, Max: 320, Diff: 320, Sum: 612, Workers: 4
[36.989s][debug][gc,phases      ] GC(86)   ObjectSynchronizer Weak        Min:  0.0, Avg:  0.0, Max:  0.0, Diff:  0.0, Sum:  0.0, Workers: 4
[36.989s][debug][gc,phases      ] GC(86)     Dead                           Min: 0, Avg:  0.0, Max: 0, Diff: 0, Sum: 0, Workers: 4
[36.989s][debug][gc,phases      ] GC(86)     Total                          Min: 0, Avg: 85.8, Max: 128, Diff: 128, Sum: 343, Workers: 4
[36.989s][debug][gc,phases      ] GC(86)   JVMTI Tag Weak OopStorage      Min:  0.0, Avg:  0.0, Max:  0.0, Diff:  0.0, Sum:  0.0, Workers: 4
[36.989s][debug][gc,phases      ] GC(86)     Dead                           Min: 0, Avg:  0.0, Max: 0, Diff: 0, Sum: 0, Workers: 4
[36.989s][debug][gc,phases      ] GC(86)     Total                          Min: 0, Avg:  0.0, Max: 0, Diff: 0, Sum: 0, Workers: 4
[36.989s][debug][gc,phases      ] GC(86)   StringTable Weak               Min:  0.1, Avg:  0.1, Max:  0.1, Diff:  0.0, Sum:  0.4, Workers: 4
[36.989s][debug][gc,phases      ] GC(86)     Dead                           Min: 0, Avg:  0.0, Max: 0, Diff: 0, Sum: 0, Workers: 4
[36.990s][debug][gc,phases      ] GC(86)     Total                          Min: 10432, Avg: 10983.0, Max: 11520, Diff: 1088, Sum: 43932, Workers: 4
[36.990s][debug][gc,phases      ] GC(86)   ResolvedMethodTable Weak       Min:  0.0, Avg:  0.0, Max:  0.0, Diff:  0.0, Sum:  0.1, Workers: 4
[36.990s][debug][gc,phases      ] GC(86)     Dead                           Min: 0, Avg:  0.0, Max: 0, Diff: 0, Sum: 0, Workers: 4
[36.990s][debug][gc,phases      ] GC(86)     Total                          Min: 1855, Avg: 1901.8, Max: 1984, Diff: 129, Sum: 7607, Workers: 4
[36.990s][debug][gc,phases      ] GC(86)   JNI Weak                       Min:  0.0, Avg:  0.0, Max:  0.0, Diff:  0.0, Sum:  0.0, Workers: 4
[36.990s][debug][gc,phases      ] GC(86)     Dead                           Min: 0, Avg:  0.0, Max: 0, Diff: 0, Sum: 0, Workers: 4
[36.990s][debug][gc,phases      ] GC(86)     Total                          Min: 0, Avg:  0.0, Max: 0, Diff: 0, Sum: 0, Workers: 4
[36.990s][debug][gc,phases      ] GC(86)   StringDedup Table Weak         Min:  0.0, Avg:  0.0, Max:  0.0, Diff:  0.0, Sum:  0.0, Workers: 4
[36.990s][debug][gc,phases      ] GC(86)     Dead                           Min: 0, Avg:  0.0, Max: 0, Diff: 0, Sum: 0, Workers: 4
[36.990s][debug][gc,phases      ] GC(86)     Total                          Min: 0, Avg:  0.0, Max: 0, Diff: 0, Sum: 0, Workers: 4
[36.990s][debug][gc,phases      ] GC(86)   StringDedup Requests0 Weak     Min:  0.0, Avg:  0.0, Max:  0.0, Diff:  0.0, Sum:  0.0, Workers: 4
[36.990s][debug][gc,phases      ] GC(86)     Dead                           Min: 0, Avg:  0.0, Max: 0, Diff: 0, Sum: 0, Workers: 4
[36.990s][debug][gc,phases      ] GC(86)     Total                          Min: 0, Avg:  0.0, Max: 0, Diff: 0, Sum: 0, Workers: 4
[36.990s][debug][gc,phases      ] GC(86)   StringDedup Requests1 Weak     Min:  0.0, Avg:  0.0, Max:  0.0, Diff:  0.0, Sum:  0.0, Workers: 4
[36.990s][debug][gc,phases      ] GC(86)     Dead                           Min: 0, Avg:  0.0, Max: 0, Diff: 0, Sum: 0, Workers: 4
[36.990s][debug][gc,phases      ] GC(86)     Total                          Min: 0, Avg:  0.0, Max: 0, Diff: 0, Sum: 0, Workers: 4
[36.990s][debug][gc,phases      ] GC(86)   Weak JFR Old Object Samples    Min:  0.0, Avg:  0.0, Max:  0.0, Diff:  0.0, Sum:  0.0, Workers: 4
[36.990s][debug][gc,phases      ] GC(86)     Dead                           Min: 0, Avg:  0.0, Max: 0, Diff: 0, Sum: 0, Workers: 4
[36.990s][debug][gc,phases      ] GC(86)     Total                          Min: 0, Avg:  0.0, Max: 0, Diff: 0, Sum: 0, Workers: 4
[36.990s][debug][gc,phases      ] GC(86) Weak Processing 0.316ms
[36.990s][debug][gc,age         ] GC(86) Desired survivor size 107479040 bytes, new threshold 15 (max threshold 15)
[36.990s][info ][gc,heap        ] GC(86) PSYoungGen: 1892320K(1892352K)->4320K(1992192K) Eden: 1888256K(1888256K)->0K(1886720K) From: 4064K(4096K)->4320K(105472K)
[36.990s][info ][gc,heap        ] GC(86) ParOldGen: 363854K(439808K)->363854K(439808K)
[36.990s][info ][gc,metaspace   ] GC(86) Metaspace: 72131K(72832K)->72131K(72832K) NonClass: 61756K(62144K)->61756K(62144K) Class: 10374K(10688K)->10374K(10688K)
[36.990s][info ][gc             ] GC(86) Pause Young (Allocation Failure) 2203M->359M(2375M) 3.856ms
[36.990s][info ][gc,cpu         ] GC(86) User=0.02s Sys=0.00s Real=0.01s
[36.990s][info ][safepoint      ] Safepoint "ParallelGCFailedAllocation", Time since last: 371893045 ns, Reaching safepoint: 170004 ns, At safepoint: 3958785 ns, Total: 4128789 ns
[37.360s][info ][gc,start       ] GC(87) Pause Young (Allocation Failure)
[37.363s][debug][gc,phases      ] GC(87) Scavenge 3.433ms
[37.363s][debug][gc,ref         ] GC(87) Skipped phase 1 of Reference Processing: no references
[37.363s][debug][gc,ref         ] GC(87) Skipped phase 2 of Reference Processing: no references
[37.363s][debug][gc,ref         ] GC(87) Skipped phase 3 of Reference Processing: no references
[37.363s][debug][gc,ref         ] GC(87) Skipped phase 4 of Reference Processing: no references
[37.363s][debug][gc,phases      ] GC(87) Reference Processing 0.041ms
[37.364s][debug][gc,phases      ] GC(87)   VM Weak                        Min:  0.0, Avg:  0.0, Max:  0.0, Diff:  0.0, Sum:  0.0, Workers: 4
[37.364s][debug][gc,phases      ] GC(87)     Dead                           Min: 0, Avg:  0.0, Max: 0, Diff: 0, Sum: 0, Workers: 4
[37.364s][debug][gc,phases      ] GC(87)     Total                          Min: 0, Avg: 153.0, Max: 356, Diff: 356, Sum: 612, Workers: 4
[37.364s][debug][gc,phases      ] GC(87)   ObjectSynchronizer Weak        Min:  0.0, Avg:  0.0, Max:  0.0, Diff:  0.0, Sum:  0.0, Workers: 4
[37.364s][debug][gc,phases      ] GC(87)     Dead                           Min: 0, Avg:  0.0, Max: 0, Diff: 0, Sum: 0, Workers: 4
[37.364s][debug][gc,phases      ] GC(87)     Total                          Min: 0, Avg: 85.8, Max: 192, Diff: 192, Sum: 343, Workers: 4
[37.364s][debug][gc,phases      ] GC(87)   JVMTI Tag Weak OopStorage      Min:  0.0, Avg:  0.0, Max:  0.0, Diff:  0.0, Sum:  0.0, Workers: 4
[37.364s][debug][gc,phases      ] GC(87)     Dead                           Min: 0, Avg:  0.0, Max: 0, Diff: 0, Sum: 0, Workers: 4
[37.364s][debug][gc,phases      ] GC(87)     Total                          Min: 0, Avg:  0.0, Max: 0, Diff: 0, Sum: 0, Workers: 4
[37.364s][debug][gc,phases      ] GC(87)   StringTable Weak               Min:  0.1, Avg:  0.1, Max:  0.1, Diff:  0.0, Sum:  0.4, Workers: 4
[37.364s][debug][gc,phases      ] GC(87)     Dead                           Min: 0, Avg:  0.0, Max: 0, Diff: 0, Sum: 0, Workers: 4
[37.364s][debug][gc,phases      ] GC(87)     Total                          Min: 10304, Avg: 10983.0, Max: 12032, Diff: 1728, Sum: 43932, Workers: 4
[37.364s][debug][gc,phases      ] GC(87)   ResolvedMethodTable Weak       Min:  0.0, Avg:  0.0, Max:  0.0, Diff:  0.0, Sum:  0.1, Workers: 4
[37.364s][debug][gc,phases      ] GC(87)     Dead                           Min: 0, Avg:  0.0, Max: 0, Diff: 0, Sum: 0, Workers: 4
[37.364s][debug][gc,phases      ] GC(87)     Total                          Min: 1792, Avg: 1901.8, Max: 1983, Diff: 191, Sum: 7607, Workers: 4
[37.364s][debug][gc,phases      ] GC(87)   JNI Weak                       Min:  0.0, Avg:  0.0, Max:  0.0, Diff:  0.0, Sum:  0.0, Workers: 4
[37.364s][debug][gc,phases      ] GC(87)     Dead                           Min: 0, Avg:  0.0, Max: 0, Diff: 0, Sum: 0, Workers: 4
[37.364s][debug][gc,phases      ] GC(87)     Total                          Min: 0, Avg:  0.0, Max: 0, Diff: 0, Sum: 0, Workers: 4
[37.364s][debug][gc,phases      ] GC(87)   StringDedup Table Weak         Min:  0.0, Avg:  0.0, Max:  0.0, Diff:  0.0, Sum:  0.0, Workers: 4
[37.364s][debug][gc,phases      ] GC(87)     Dead                           Min: 0, Avg:  0.0, Max: 0, Diff: 0, Sum: 0, Workers: 4
[37.364s][debug][gc,phases      ] GC(87)     Total                          Min: 0, Avg:  0.0, Max: 0, Diff: 0, Sum: 0, Workers: 4
[37.364s][debug][gc,phases      ] GC(87)   StringDedup Requests0 Weak     Min:  0.0, Avg:  0.0, Max:  0.0, Diff:  0.0, Sum:  0.0, Workers: 4
[37.364s][debug][gc,phases      ] GC(87)     Dead                           Min: 0, Avg:  0.0, Max: 0, Diff: 0, Sum: 0, Workers: 4
[37.364s][debug][gc,phases      ] GC(87)     Total                          Min: 0, Avg:  0.0, Max: 0, Diff: 0, Sum: 0, Workers: 4
[37.364s][debug][gc,phases      ] GC(87)   StringDedup Requests1 Weak     Min:  0.0, Avg:  0.0, Max:  0.0, Diff:  0.0, Sum:  0.0, Workers: 4
[37.364s][debug][gc,phases      ] GC(87)     Dead                           Min: 0, Avg:  0.0, Max: 0, Diff: 0, Sum: 0, Workers: 4
[37.364s][debug][gc,phases      ] GC(87)     Total                          Min: 0, Avg:  0.0, Max: 0, Diff: 0, Sum: 0, Workers: 4
[37.364s][debug][gc,phases      ] GC(87)   Weak JFR Old Object Samples    Min:  0.0, Avg:  0.0, Max:  0.0, Diff:  0.0, Sum:  0.0, Workers: 4
[37.364s][debug][gc,phases      ] GC(87)     Dead                           Min: 0, Avg:  0.0, Max: 0, Diff: 0, Sum: 0, Workers: 4
[37.364s][debug][gc,phases      ] GC(87)     Total                          Min: 0, Avg:  0.0, Max: 0, Diff: 0, Sum: 0, Workers: 4
[37.364s][debug][gc,phases      ] GC(87) Weak Processing 0.334ms
[37.364s][debug][gc,age         ] GC(87) Desired survivor size 106430464 bytes, new threshold 15 (max threshold 15)
[37.364s][info ][gc,heap        ] GC(87) PSYoungGen: 1891040K(1992192K)->4512K(1991680K) Eden: 1886720K(1886720K)->0K(1886720K) From: 4320K(105472K)->4512K(104960K)
[37.364s][info ][gc,heap        ] GC(87) ParOldGen: 363854K(439808K)->363854K(439808K)
[37.364s][info ][gc,metaspace   ] GC(87) Metaspace: 72134K(72832K)->72134K(72832K) NonClass: 61759K(62144K)->61759K(62144K) Class: 10374K(10688K)->10374K(10688K)
[37.364s][info ][gc             ] GC(87) Pause Young (Allocation Failure) 2202M->359M(2374M) 3.950ms
[37.364s][info ][gc,cpu         ] GC(87) User=0.02s Sys=0.00s Real=0.00s
[37.364s][info ][safepoint      ] Safepoint "ParallelGCFailedAllocation", Time since last: 369891002 ns, Reaching safepoint: 164104 ns, At safepoint: 4075487 ns, Total: 4239591 ns
[37.717s][info ][gc,start       ] GC(88) Pause Young (Allocation Failure)
[37.720s][debug][gc,phases      ] GC(88) Scavenge 3.455ms
[37.720s][debug][gc,ref         ] GC(88) Skipped phase 1 of Reference Processing: no references
[37.720s][debug][gc,ref         ] GC(88) Skipped phase 2 of Reference Processing: no references
[37.720s][debug][gc,ref         ] GC(88) Skipped phase 3 of Reference Processing: no references
[37.720s][debug][gc,ref         ] GC(88) Skipped phase 4 of Reference Processing: no references
[37.720s][debug][gc,phases      ] GC(88) Reference Processing 0.025ms
[37.720s][debug][gc,phases      ] GC(88)   VM Weak                        Min:  0.0, Avg:  0.0, Max:  0.0, Diff:  0.0, Sum:  0.0, Workers: 4
[37.720s][debug][gc,phases      ] GC(88)     Dead                           Min: 0, Avg:  0.0, Max: 0, Diff: 0, Sum: 0, Workers: 4
[37.720s][debug][gc,phases      ] GC(88)     Total                          Min: 0, Avg: 153.0, Max: 548, Diff: 548, Sum: 612, Workers: 4
[37.720s][debug][gc,phases      ] GC(88)   ObjectSynchronizer Weak        Min:  0.0, Avg:  0.0, Max:  0.0, Diff:  0.0, Sum:  0.0, Workers: 4
[37.720s][debug][gc,phases      ] GC(88)     Dead                           Min: 0, Avg:  0.0, Max: 0, Diff: 0, Sum: 0, Workers: 4
[37.720s][debug][gc,phases      ] GC(88)     Total                          Min: 0, Avg: 85.8, Max: 192, Diff: 192, Sum: 343, Workers: 4
[37.720s][debug][gc,phases      ] GC(88)   JVMTI Tag Weak OopStorage      Min:  0.0, Avg:  0.0, Max:  0.0, Diff:  0.0, Sum:  0.0, Workers: 4
[37.720s][debug][gc,phases      ] GC(88)     Dead                           Min: 0, Avg:  0.0, Max: 0, Diff: 0, Sum: 0, Workers: 4
[37.720s][debug][gc,phases      ] GC(88)     Total                          Min: 0, Avg:  0.0, Max: 0, Diff: 0, Sum: 0, Workers: 4
[37.720s][debug][gc,phases      ] GC(88)   StringTable Weak               Min:  0.1, Avg:  0.1, Max:  0.1, Diff:  0.0, Sum:  0.4, Workers: 4
[37.720s][debug][gc,phases      ] GC(88)     Dead                           Min: 0, Avg:  0.0, Max: 0, Diff: 0, Sum: 0, Workers: 4
[37.720s][debug][gc,phases      ] GC(88)     Total                          Min: 10463, Avg: 10983.8, Max: 11712, Diff: 1249, Sum: 43935, Workers: 4
[37.720s][debug][gc,phases      ] GC(88)   ResolvedMethodTable Weak       Min:  0.0, Avg:  0.0, Max:  0.0, Diff:  0.0, Sum:  0.1, Workers: 4
[37.720s][debug][gc,phases      ] GC(88)     Dead                           Min: 0, Avg:  0.0, Max: 0, Diff: 0, Sum: 0, Workers: 4
[37.720s][debug][gc,phases      ] GC(88)     Total                          Min: 1728, Avg: 1901.8, Max: 2175, Diff: 447, Sum: 7607, Workers: 4
[37.720s][debug][gc,phases      ] GC(88)   JNI Weak                       Min:  0.0, Avg:  0.0, Max:  0.0, Diff:  0.0, Sum:  0.0, Workers: 4
[37.720s][debug][gc,phases      ] GC(88)     Dead                           Min: 0, Avg:  0.0, Max: 0, Diff: 0, Sum: 0, Workers: 4
[37.720s][debug][gc,phases      ] GC(88)     Total                          Min: 0, Avg:  0.0, Max: 0, Diff: 0, Sum: 0, Workers: 4
[37.720s][debug][gc,phases      ] GC(88)   StringDedup Table Weak         Min:  0.0, Avg:  0.0, Max:  0.0, Diff:  0.0, Sum:  0.0, Workers: 4
[37.720s][debug][gc,phases      ] GC(88)     Dead                           Min: 0, Avg:  0.0, Max: 0, Diff: 0, Sum: 0, Workers: 4
[37.720s][debug][gc,phases      ] GC(88)     Total                          Min: 0, Avg:  0.0, Max: 0, Diff: 0, Sum: 0, Workers: 4
[37.720s][debug][gc,phases      ] GC(88)   StringDedup Requests0 Weak     Min:  0.0, Avg:  0.0, Max:  0.0, Diff:  0.0, Sum:  0.0, Workers: 4
[37.720s][debug][gc,phases      ] GC(88)     Dead                           Min: 0, Avg:  0.0, Max: 0, Diff: 0, Sum: 0, Workers: 4
[37.720s][debug][gc,phases      ] GC(88)     Total                          Min: 0, Avg:  0.0, Max: 0, Diff: 0, Sum: 0, Workers: 4
[37.720s][debug][gc,phases      ] GC(88)   StringDedup Requests1 Weak     Min:  0.0, Avg:  0.0, Max:  0.0, Diff:  0.0, Sum:  0.0, Workers: 4
[37.720s][debug][gc,phases      ] GC(88)     Dead                           Min: 0, Avg:  0.0, Max: 0, Diff: 0, Sum: 0, Workers: 4
[37.720s][debug][gc,phases      ] GC(88)     Total                          Min: 0, Avg:  0.0, Max: 0, Diff: 0, Sum: 0, Workers: 4
[37.720s][debug][gc,phases      ] GC(88)   Weak JFR Old Object Samples    Min:  0.0, Avg:  0.0, Max:  0.0, Diff:  0.0, Sum:  0.0, Workers: 4
[37.720s][debug][gc,phases      ] GC(88)     Dead                           Min: 0, Avg:  0.0, Max: 0, Diff: 0, Sum: 0, Workers: 4
[37.720s][debug][gc,phases      ] GC(88)     Total                          Min: 0, Avg:  0.0, Max: 0, Diff: 0, Sum: 0, Workers: 4
[37.720s][debug][gc,phases      ] GC(88) Weak Processing 0.307ms
[37.720s][debug][gc,age         ] GC(88) Desired survivor size 104333312 bytes, new threshold 15 (max threshold 15)
[37.720s][info ][gc,heap        ] GC(88) PSYoungGen: 1891232K(1991680K)->4800K(1995264K) Eden: 1886720K(1886720K)->0K(1891328K) From: 4512K(104960K)->4800K(103936K)
[37.720s][info ][gc,heap        ] GC(88) ParOldGen: 363854K(439808K)->363854K(439808K)
[37.720s][info ][gc,metaspace   ] GC(88) Metaspace: 72140K(72832K)->72140K(72832K) NonClass: 61765K(62144K)->61765K(62144K) Class: 10374K(10688K)->10374K(10688K)
[37.720s][info ][gc             ] GC(88) Pause Young (Allocation Failure) 2202M->360M(2378M) 3.939ms
[37.721s][info ][gc,cpu         ] GC(88) User=0.01s Sys=0.00s Real=0.00s
[37.721s][info ][safepoint      ] Safepoint "ParallelGCFailedAllocation", Time since last: 352536432 ns, Reaching safepoint: 164003 ns, At safepoint: 4035187 ns, Total: 4199190 ns
[38.108s][info ][gc,start       ] GC(89) Pause Young (Allocation Failure)
[38.111s][debug][gc,phases      ] GC(89) Scavenge 3.545ms
[38.111s][debug][gc,ref         ] GC(89) Skipped phase 1 of Reference Processing: no references
[38.111s][debug][gc,ref         ] GC(89) Skipped phase 2 of Reference Processing: no references
[38.111s][debug][gc,ref         ] GC(89) Skipped phase 3 of Reference Processing: no references
[38.111s][debug][gc,ref         ] GC(89) Skipped phase 4 of Reference Processing: no references
[38.111s][debug][gc,phases      ] GC(89) Reference Processing 0.023ms
[38.111s][debug][gc,phases      ] GC(89)   VM Weak                        Min:  0.0, Avg:  0.0, Max:  0.0, Diff:  0.0, Sum:  0.0, Workers: 4
[38.111s][debug][gc,phases      ] GC(89)     Dead                           Min: 0, Avg:  0.0, Max: 0, Diff: 0, Sum: 0, Workers: 4
[38.111s][debug][gc,phases      ] GC(89)     Total                          Min: 0, Avg: 153.0, Max: 384, Diff: 384, Sum: 612, Workers: 4
[38.111s][debug][gc,phases      ] GC(89)   ObjectSynchronizer Weak        Min:  0.0, Avg:  0.0, Max:  0.0, Diff:  0.0, Sum:  0.0, Workers: 4
[38.111s][debug][gc,phases      ] GC(89)     Dead                           Min: 0, Avg:  0.0, Max: 0, Diff: 0, Sum: 0, Workers: 4
[38.111s][debug][gc,phases      ] GC(89)     Total                          Min: 0, Avg: 85.8, Max: 192, Diff: 192, Sum: 343, Workers: 4
[38.111s][debug][gc,phases      ] GC(89)   JVMTI Tag Weak OopStorage      Min:  0.0, Avg:  0.0, Max:  0.0, Diff:  0.0, Sum:  0.0, Workers: 4
[38.111s][debug][gc,phases      ] GC(89)     Dead                           Min: 0, Avg:  0.0, Max: 0, Diff: 0, Sum: 0, Workers: 4
[38.111s][debug][gc,phases      ] GC(89)     Total                          Min: 0, Avg:  0.0, Max: 0, Diff: 0, Sum: 0, Workers: 4
[38.111s][debug][gc,phases      ] GC(89)   StringTable Weak               Min:  0.1, Avg:  0.1, Max:  0.1, Diff:  0.0, Sum:  0.4, Workers: 4
[38.111s][debug][gc,phases      ] GC(89)     Dead                           Min: 0, Avg:  0.0, Max: 0, Diff: 0, Sum: 0, Workers: 4
[38.111s][debug][gc,phases      ] GC(89)     Total                          Min: 10271, Avg: 10983.8, Max: 11328, Diff: 1057, Sum: 43935, Workers: 4
[38.111s][debug][gc,phases      ] GC(89)   ResolvedMethodTable Weak       Min:  0.0, Avg:  0.0, Max:  0.0, Diff:  0.0, Sum:  0.1, Workers: 4
[38.111s][debug][gc,phases      ] GC(89)     Dead                           Min: 0, Avg:  0.0, Max: 0, Diff: 0, Sum: 0, Workers: 4
[38.111s][debug][gc,phases      ] GC(89)     Total                          Min: 1792, Avg: 1901.8, Max: 1977, Diff: 185, Sum: 7607, Workers: 4
[38.111s][debug][gc,phases      ] GC(89)   JNI Weak                       Min:  0.0, Avg:  0.0, Max:  0.0, Diff:  0.0, Sum:  0.0, Workers: 4
[38.111s][debug][gc,phases      ] GC(89)     Dead                           Min: 0, Avg:  0.0, Max: 0, Diff: 0, Sum: 0, Workers: 4
[38.111s][debug][gc,phases      ] GC(89)     Total                          Min: 0, Avg:  0.0, Max: 0, Diff: 0, Sum: 0, Workers: 4
[38.111s][debug][gc,phases      ] GC(89)   StringDedup Table Weak         Min:  0.0, Avg:  0.0, Max:  0.0, Diff:  0.0, Sum:  0.0, Workers: 4
[38.111s][debug][gc,phases      ] GC(89)     Dead                           Min: 0, Avg:  0.0, Max: 0, Diff: 0, Sum: 0, Workers: 4
[38.111s][debug][gc,phases      ] GC(89)     Total                          Min: 0, Avg:  0.0, Max: 0, Diff: 0, Sum: 0, Workers: 4
[38.111s][debug][gc,phases      ] GC(89)   StringDedup Requests0 Weak     Min:  0.0, Avg:  0.0, Max:  0.0, Diff:  0.0, Sum:  0.0, Workers: 4
[38.111s][debug][gc,phases      ] GC(89)     Dead                           Min: 0, Avg:  0.0, Max: 0, Diff: 0, Sum: 0, Workers: 4
[38.112s][debug][gc,phases      ] GC(89)     Total                          Min: 0, Avg:  0.0, Max: 0, Diff: 0, Sum: 0, Workers: 4
[38.112s][debug][gc,phases      ] GC(89)   StringDedup Requests1 Weak     Min:  0.0, Avg:  0.0, Max:  0.0, Diff:  0.0, Sum:  0.0, Workers: 4
[38.112s][debug][gc,phases      ] GC(89)     Dead                           Min: 0, Avg:  0.0, Max: 0, Diff: 0, Sum: 0, Workers: 4
[38.112s][debug][gc,phases      ] GC(89)     Total                          Min: 0, Avg:  0.0, Max: 0, Diff: 0, Sum: 0, Workers: 4
[38.112s][debug][gc,phases      ] GC(89)   Weak JFR Old Object Samples    Min:  0.0, Avg:  0.0, Max:  0.0, Diff:  0.0, Sum:  0.0, Workers: 4
[38.112s][debug][gc,phases      ] GC(89)     Dead                           Min: 0, Avg:  0.0, Max: 0, Diff: 0, Sum: 0, Workers: 4
[38.112s][debug][gc,phases      ] GC(89)     Total                          Min: 0, Avg:  0.0, Max: 0, Diff: 0, Sum: 0, Workers: 4
[38.112s][debug][gc,phases      ] GC(89) Weak Processing 0.316ms
[38.112s][debug][gc,age         ] GC(89) Desired survivor size 101187584 bytes, new threshold 15 (max threshold 15)
[38.112s][info ][gc,heap        ] GC(89) PSYoungGen: 1896128K(1995264K)->5056K(1993216K) Eden: 1891328K(1891328K)->0K(1891328K) From: 4800K(103936K)->5056K(101888K)
[38.112s][info ][gc,heap        ] GC(89) ParOldGen: 363854K(439808K)->363854K(439808K)
[38.112s][info ][gc,metaspace   ] GC(89) Metaspace: 72141K(72832K)->72141K(72832K) NonClass: 61766K(62144K)->61766K(62144K) Class: 10374K(10688K)->10374K(10688K)
[38.112s][info ][gc             ] GC(89) Pause Young (Allocation Failure) 2207M->360M(2376M) 4.011ms
[38.112s][info ][gc,cpu         ] GC(89) User=0.01s Sys=0.00s Real=0.01s
[38.112s][info ][safepoint      ] Safepoint "ParallelGCFailedAllocation", Time since last: 386830664 ns, Reaching safepoint: 138603 ns, At safepoint: 4118188 ns, Total: 4256791 ns
[38.477s][info ][gc,start       ] GC(90) Pause Young (Allocation Failure)
[38.482s][debug][gc,phases      ] GC(90) Scavenge 4.045ms
[38.482s][debug][gc,ref         ] GC(90) Skipped phase 1 of Reference Processing: no references
[38.482s][debug][gc,ref         ] GC(90) Skipped phase 2 of Reference Processing: no references
[38.482s][debug][gc,ref         ] GC(90) Skipped phase 3 of Reference Processing: no references
[38.482s][debug][gc,ref         ] GC(90) Skipped phase 4 of Reference Processing: no references
[38.482s][debug][gc,phases      ] GC(90) Reference Processing 0.024ms
[38.482s][debug][gc,phases      ] GC(90)   VM Weak                        Min:  0.0, Avg:  0.0, Max:  0.0, Diff:  0.0, Sum:  0.0, Workers: 4
[38.482s][debug][gc,phases      ] GC(90)     Dead                           Min: 0, Avg:  0.0, Max: 0, Diff: 0, Sum: 0, Workers: 4
[38.482s][debug][gc,phases      ] GC(90)     Total                          Min: 0, Avg: 153.0, Max: 512, Diff: 512, Sum: 612, Workers: 4
[38.482s][debug][gc,phases      ] GC(90)   ObjectSynchronizer Weak        Min:  0.0, Avg:  0.0, Max:  0.0, Diff:  0.0, Sum:  0.0, Workers: 4
[38.482s][debug][gc,phases      ] GC(90)     Dead                           Min: 0, Avg:  0.0, Max: 0, Diff: 0, Sum: 0, Workers: 4
[38.482s][debug][gc,phases      ] GC(90)     Total                          Min: 0, Avg: 85.8, Max: 128, Diff: 128, Sum: 343, Workers: 4
[38.482s][debug][gc,phases      ] GC(90)   JVMTI Tag Weak OopStorage      Min:  0.0, Avg:  0.0, Max:  0.0, Diff:  0.0, Sum:  0.0, Workers: 4
[38.482s][debug][gc,phases      ] GC(90)     Dead                           Min: 0, Avg:  0.0, Max: 0, Diff: 0, Sum: 0, Workers: 4
[38.482s][debug][gc,phases      ] GC(90)     Total                          Min: 0, Avg:  0.0, Max: 0, Diff: 0, Sum: 0, Workers: 4
[38.482s][debug][gc,phases      ] GC(90)   StringTable Weak               Min:  0.1, Avg:  0.1, Max:  0.1, Diff:  0.0, Sum:  0.4, Workers: 4
[38.482s][debug][gc,phases      ] GC(90)     Dead                           Min: 0, Avg:  0.0, Max: 0, Diff: 0, Sum: 0, Workers: 4
[38.482s][debug][gc,phases      ] GC(90)     Total                          Min: 7424, Avg: 10984.0, Max: 12736, Diff: 5312, Sum: 43936, Workers: 4
[38.482s][debug][gc,phases      ] GC(90)   ResolvedMethodTable Weak       Min:  0.0, Avg:  0.0, Max:  0.0, Diff:  0.0, Sum:  0.1, Workers: 4
[38.482s][debug][gc,phases      ] GC(90)     Dead                           Min: 0, Avg:  0.0, Max: 0, Diff: 0, Sum: 0, Workers: 4
[38.482s][debug][gc,phases      ] GC(90)     Total                          Min: 1536, Avg: 1901.8, Max: 2233, Diff: 697, Sum: 7607, Workers: 4
[38.482s][debug][gc,phases      ] GC(90)   JNI Weak                       Min:  0.0, Avg:  0.0, Max:  0.0, Diff:  0.0, Sum:  0.0, Workers: 4
[38.482s][debug][gc,phases      ] GC(90)     Dead                           Min: 0, Avg:  0.0, Max: 0, Diff: 0, Sum: 0, Workers: 4
[38.482s][debug][gc,phases      ] GC(90)     Total                          Min: 0, Avg:  0.0, Max: 0, Diff: 0, Sum: 0, Workers: 4
[38.482s][debug][gc,phases      ] GC(90)   StringDedup Table Weak         Min:  0.0, Avg:  0.0, Max:  0.0, Diff:  0.0, Sum:  0.0, Workers: 4
[38.482s][debug][gc,phases      ] GC(90)     Dead                           Min: 0, Avg:  0.0, Max: 0, Diff: 0, Sum: 0, Workers: 4
[38.482s][debug][gc,phases      ] GC(90)     Total                          Min: 0, Avg:  0.0, Max: 0, Diff: 0, Sum: 0, Workers: 4
[38.482s][debug][gc,phases      ] GC(90)   StringDedup Requests0 Weak     Min:  0.0, Avg:  0.0, Max:  0.0, Diff:  0.0, Sum:  0.0, Workers: 4
[38.482s][debug][gc,phases      ] GC(90)     Dead                           Min: 0, Avg:  0.0, Max: 0, Diff: 0, Sum: 0, Workers: 4
[38.482s][debug][gc,phases      ] GC(90)     Total                          Min: 0, Avg:  0.0, Max: 0, Diff: 0, Sum: 0, Workers: 4
[38.482s][debug][gc,phases      ] GC(90)   StringDedup Requests1 Weak     Min:  0.0, Avg:  0.0, Max:  0.0, Diff:  0.0, Sum:  0.0, Workers: 4
[38.482s][debug][gc,phases      ] GC(90)     Dead                           Min: 0, Avg:  0.0, Max: 0, Diff: 0, Sum: 0, Workers: 4
[38.482s][debug][gc,phases      ] GC(90)     Total                          Min: 0, Avg:  0.0, Max: 0, Diff: 0, Sum: 0, Workers: 4
[38.482s][debug][gc,phases      ] GC(90)   Weak JFR Old Object Samples    Min:  0.0, Avg:  0.0, Max:  0.0, Diff:  0.0, Sum:  0.0, Workers: 4
[38.482s][debug][gc,phases      ] GC(90)     Dead                           Min: 0, Avg:  0.0, Max: 0, Diff: 0, Sum: 0, Workers: 4
[38.482s][debug][gc,phases      ] GC(90)     Total                          Min: 0, Avg:  0.0, Max: 0, Diff: 0, Sum: 0, Workers: 4
[38.482s][debug][gc,phases      ] GC(90) Weak Processing 0.347ms
[38.482s][debug][gc,age         ] GC(90) Desired survivor size 98041856 bytes, new threshold 15 (max threshold 15)
[38.482s][info ][gc,heap        ] GC(90) PSYoungGen: 1896384K(1993216K)->5344K(2001408K) Eden: 1891328K(1891328K)->0K(1902592K) From: 5056K(101888K)->5344K(98816K)
[38.482s][info ][gc,heap        ] GC(90) ParOldGen: 363854K(439808K)->363854K(439808K)
[38.482s][info ][gc,metaspace   ] GC(90) Metaspace: 72143K(72832K)->72143K(72832K) NonClass: 61768K(62144K)->61768K(62144K) Class: 10374K(10688K)->10374K(10688K)
[38.482s][info ][gc             ] GC(90) Pause Young (Allocation Failure) 2207M->360M(2384M) 4.570ms
[38.482s][info ][gc,cpu         ] GC(90) User=0.01s Sys=0.00s Real=0.00s
[38.482s][info ][safepoint      ] Safepoint "ParallelGCFailedAllocation", Time since last: 365629112 ns, Reaching safepoint: 153703 ns, At safepoint: 4681800 ns, Total: 4835503 ns
[38.849s][info ][gc,start       ] GC(91) Pause Young (Allocation Failure)
[38.853s][debug][gc,phases      ] GC(91) Scavenge 3.588ms
[38.853s][debug][gc,ref         ] GC(91) Skipped phase 1 of Reference Processing: no references
[38.853s][debug][gc,ref         ] GC(91) Skipped phase 2 of Reference Processing: no references
[38.853s][debug][gc,ref         ] GC(91) Skipped phase 3 of Reference Processing: no references
[38.853s][debug][gc,ref         ] GC(91) Skipped phase 4 of Reference Processing: no references
[38.853s][debug][gc,phases      ] GC(91) Reference Processing 0.024ms
[38.853s][debug][gc,phases      ] GC(91)   VM Weak                        Min:  0.0, Avg:  0.0, Max:  0.0, Diff:  0.0, Sum:  0.0, Workers: 4
[38.853s][debug][gc,phases      ] GC(91)     Dead                           Min: 0, Avg:  0.0, Max: 0, Diff: 0, Sum: 0, Workers: 4
[38.853s][debug][gc,phases      ] GC(91)     Total                          Min: 0, Avg: 153.0, Max: 612, Diff: 612, Sum: 612, Workers: 4
[38.853s][debug][gc,phases      ] GC(91)   ObjectSynchronizer Weak        Min:  0.0, Avg:  0.0, Max:  0.0, Diff:  0.0, Sum:  0.0, Workers: 4
[38.853s][debug][gc,phases      ] GC(91)     Dead                           Min: 0, Avg:  0.0, Max: 0, Diff: 0, Sum: 0, Workers: 4
[38.853s][debug][gc,phases      ] GC(91)     Total                          Min: 0, Avg: 85.8, Max: 343, Diff: 343, Sum: 343, Workers: 4
[38.853s][debug][gc,phases      ] GC(91)   JVMTI Tag Weak OopStorage      Min:  0.0, Avg:  0.0, Max:  0.0, Diff:  0.0, Sum:  0.0, Workers: 4
[38.853s][debug][gc,phases      ] GC(91)     Dead                           Min: 0, Avg:  0.0, Max: 0, Diff: 0, Sum: 0, Workers: 4
[38.853s][debug][gc,phases      ] GC(91)     Total                          Min: 0, Avg:  0.0, Max: 0, Diff: 0, Sum: 0, Workers: 4
[38.853s][debug][gc,phases      ] GC(91)   StringTable Weak               Min:  0.1, Avg:  0.1, Max:  0.1, Diff:  0.0, Sum:  0.4, Workers: 4
[38.853s][debug][gc,phases      ] GC(91)     Dead                           Min: 0, Avg:  0.0, Max: 0, Diff: 0, Sum: 0, Workers: 4
[38.853s][debug][gc,phases      ] GC(91)     Total                          Min: 9600, Avg: 10984.2, Max: 12096, Diff: 2496, Sum: 43937, Workers: 4
[38.853s][debug][gc,phases      ] GC(91)   ResolvedMethodTable Weak       Min:  0.0, Avg:  0.0, Max:  0.0, Diff:  0.0, Sum:  0.1, Workers: 4
[38.853s][debug][gc,phases      ] GC(91)     Dead                           Min: 0, Avg:  0.0, Max: 0, Diff: 0, Sum: 0, Workers: 4
[38.853s][debug][gc,phases      ] GC(91)     Total                          Min: 1791, Avg: 1901.8, Max: 2168, Diff: 377, Sum: 7607, Workers: 4
[38.853s][debug][gc,phases      ] GC(91)   JNI Weak                       Min:  0.0, Avg:  0.0, Max:  0.0, Diff:  0.0, Sum:  0.0, Workers: 4
[38.853s][debug][gc,phases      ] GC(91)     Dead                           Min: 0, Avg:  0.0, Max: 0, Diff: 0, Sum: 0, Workers: 4
[38.853s][debug][gc,phases      ] GC(91)     Total                          Min: 0, Avg:  0.0, Max: 0, Diff: 0, Sum: 0, Workers: 4
[38.853s][debug][gc,phases      ] GC(91)   StringDedup Table Weak         Min:  0.0, Avg:  0.0, Max:  0.0, Diff:  0.0, Sum:  0.0, Workers: 4
[38.853s][debug][gc,phases      ] GC(91)     Dead                           Min: 0, Avg:  0.0, Max: 0, Diff: 0, Sum: 0, Workers: 4
[38.853s][debug][gc,phases      ] GC(91)     Total                          Min: 0, Avg:  0.0, Max: 0, Diff: 0, Sum: 0, Workers: 4
[38.853s][debug][gc,phases      ] GC(91)   StringDedup Requests0 Weak     Min:  0.0, Avg:  0.0, Max:  0.0, Diff:  0.0, Sum:  0.0, Workers: 4
[38.853s][debug][gc,phases      ] GC(91)     Dead                           Min: 0, Avg:  0.0, Max: 0, Diff: 0, Sum: 0, Workers: 4
[38.853s][debug][gc,phases      ] GC(91)     Total                          Min: 0, Avg:  0.0, Max: 0, Diff: 0, Sum: 0, Workers: 4
[38.853s][debug][gc,phases      ] GC(91)   StringDedup Requests1 Weak     Min:  0.0, Avg:  0.0, Max:  0.0, Diff:  0.0, Sum:  0.0, Workers: 4
[38.853s][debug][gc,phases      ] GC(91)     Dead                           Min: 0, Avg:  0.0, Max: 0, Diff: 0, Sum: 0, Workers: 4
[38.853s][debug][gc,phases      ] GC(91)     Total                          Min: 0, Avg:  0.0, Max: 0, Diff: 0, Sum: 0, Workers: 4
[38.853s][debug][gc,phases      ] GC(91)   Weak JFR Old Object Samples    Min:  0.0, Avg:  0.0, Max:  0.0, Diff:  0.0, Sum:  0.0, Workers: 4
[38.853s][debug][gc,phases      ] GC(91)     Dead                           Min: 0, Avg:  0.0, Max: 0, Diff: 0, Sum: 0, Workers: 4
[38.853s][debug][gc,phases      ] GC(91)     Total                          Min: 0, Avg:  0.0, Max: 0, Diff: 0, Sum: 0, Workers: 4
[38.853s][debug][gc,phases      ] GC(91) Weak Processing 0.556ms
[38.853s][debug][gc,age         ] GC(91) Desired survivor size 94371840 bytes, new threshold 15 (max threshold 15)
[38.853s][info ][gc,heap        ] GC(91) PSYoungGen: 1907936K(2001408K)->5632K(1998336K) Eden: 1902592K(1902592K)->0K(1902592K) From: 5344K(98816K)->5632K(95744K)
[38.853s][info ][gc,heap        ] GC(91) ParOldGen: 363854K(439808K)->363854K(439808K)
[38.853s][info ][gc,metaspace   ] GC(91) Metaspace: 72174K(72896K)->72174K(72896K) NonClass: 61799K(62208K)->61799K(62208K) Class: 10374K(10688K)->10374K(10688K)
[38.853s][info ][gc             ] GC(91) Pause Young (Allocation Failure) 2218M->360M(2381M) 4.307ms
[38.854s][info ][gc,cpu         ] GC(91) User=0.02s Sys=0.00s Real=0.00s
[38.854s][info ][safepoint      ] Safepoint "ParallelGCFailedAllocation", Time since last: 366893339 ns, Reaching safepoint: 143503 ns, At safepoint: 4421894 ns, Total: 4565397 ns
[39.236s][info ][gc,start       ] GC(92) Pause Young (Allocation Failure)
[39.242s][debug][gc,phases      ] GC(92) Scavenge 6.057ms
[39.242s][debug][gc,ref         ] GC(92) Skipped phase 1 of Reference Processing: no references
[39.242s][debug][gc,ref         ] GC(92) Skipped phase 2 of Reference Processing: no references
[39.242s][debug][gc,ref         ] GC(92) Skipped phase 3 of Reference Processing: no references
[39.242s][debug][gc,ref         ] GC(92) Skipped phase 4 of Reference Processing: no references
[39.242s][debug][gc,phases      ] GC(92) Reference Processing 0.025ms
[39.242s][debug][gc,phases      ] GC(92)   VM Weak                        Min:  0.0, Avg:  0.0, Max:  0.0, Diff:  0.0, Sum:  0.0, Workers: 4
[39.242s][debug][gc,phases      ] GC(92)     Dead                           Min: 0, Avg:  0.0, Max: 0, Diff: 0, Sum: 0, Workers: 4
[39.242s][debug][gc,phases      ] GC(92)     Total                          Min: 0, Avg: 153.0, Max: 320, Diff: 320, Sum: 612, Workers: 4
[39.242s][debug][gc,phases      ] GC(92)   ObjectSynchronizer Weak        Min:  0.0, Avg:  0.0, Max:  0.0, Diff:  0.0, Sum:  0.0, Workers: 4
[39.242s][debug][gc,phases      ] GC(92)     Dead                           Min: 0, Avg:  0.0, Max: 0, Diff: 0, Sum: 0, Workers: 4
[39.242s][debug][gc,phases      ] GC(92)     Total                          Min: 0, Avg: 85.8, Max: 128, Diff: 128, Sum: 343, Workers: 4
[39.242s][debug][gc,phases      ] GC(92)   JVMTI Tag Weak OopStorage      Min:  0.0, Avg:  0.0, Max:  0.0, Diff:  0.0, Sum:  0.0, Workers: 4
[39.242s][debug][gc,phases      ] GC(92)     Dead                           Min: 0, Avg:  0.0, Max: 0, Diff: 0, Sum: 0, Workers: 4
[39.242s][debug][gc,phases      ] GC(92)     Total                          Min: 0, Avg:  0.0, Max: 0, Diff: 0, Sum: 0, Workers: 4
[39.242s][debug][gc,phases      ] GC(92)   StringTable Weak               Min:  0.1, Avg:  0.1, Max:  0.1, Diff:  0.0, Sum:  0.4, Workers: 4
[39.242s][debug][gc,phases      ] GC(92)     Dead                           Min: 0, Avg:  0.0, Max: 0, Diff: 0, Sum: 0, Workers: 4
[39.242s][debug][gc,phases      ] GC(92)     Total                          Min: 10148, Avg: 10985.0, Max: 11904, Diff: 1756, Sum: 43940, Workers: 4
[39.242s][debug][gc,phases      ] GC(92)   ResolvedMethodTable Weak       Min:  0.0, Avg:  0.0, Max:  0.0, Diff:  0.0, Sum:  0.1, Workers: 4
[39.242s][debug][gc,phases      ] GC(92)     Dead                           Min: 0, Avg:  0.0, Max: 0, Diff: 0, Sum: 0, Workers: 4
[39.242s][debug][gc,phases      ] GC(92)     Total                          Min: 1785, Avg: 1901.8, Max: 2175, Diff: 390, Sum: 7607, Workers: 4
[39.242s][debug][gc,phases      ] GC(92)   JNI Weak                       Min:  0.0, Avg:  0.0, Max:  0.0, Diff:  0.0, Sum:  0.0, Workers: 4
[39.242s][debug][gc,phases      ] GC(92)     Dead                           Min: 0, Avg:  0.0, Max: 0, Diff: 0, Sum: 0, Workers: 4
[39.242s][debug][gc,phases      ] GC(92)     Total                          Min: 0, Avg:  0.0, Max: 0, Diff: 0, Sum: 0, Workers: 4
[39.242s][debug][gc,phases      ] GC(92)   StringDedup Table Weak         Min:  0.0, Avg:  0.0, Max:  0.0, Diff:  0.0, Sum:  0.0, Workers: 4
[39.242s][debug][gc,phases      ] GC(92)     Dead                           Min: 0, Avg:  0.0, Max: 0, Diff: 0, Sum: 0, Workers: 4
[39.242s][debug][gc,phases      ] GC(92)     Total                          Min: 0, Avg:  0.0, Max: 0, Diff: 0, Sum: 0, Workers: 4
[39.242s][debug][gc,phases      ] GC(92)   StringDedup Requests0 Weak     Min:  0.0, Avg:  0.0, Max:  0.0, Diff:  0.0, Sum:  0.0, Workers: 4
[39.242s][debug][gc,phases      ] GC(92)     Dead                           Min: 0, Avg:  0.0, Max: 0, Diff: 0, Sum: 0, Workers: 4
[39.242s][debug][gc,phases      ] GC(92)     Total                          Min: 0, Avg:  0.0, Max: 0, Diff: 0, Sum: 0, Workers: 4
[39.242s][debug][gc,phases      ] GC(92)   StringDedup Requests1 Weak     Min:  0.0, Avg:  0.0, Max:  0.0, Diff:  0.0, Sum:  0.0, Workers: 4
[39.242s][debug][gc,phases      ] GC(92)     Dead                           Min: 0, Avg:  0.0, Max: 0, Diff: 0, Sum: 0, Workers: 4
[39.242s][debug][gc,phases      ] GC(92)     Total                          Min: 0, Avg:  0.0, Max: 0, Diff: 0, Sum: 0, Workers: 4
[39.242s][debug][gc,phases      ] GC(92)   Weak JFR Old Object Samples    Min:  0.0, Avg:  0.0, Max:  0.0, Diff:  0.0, Sum:  0.0, Workers: 4
[39.242s][debug][gc,phases      ] GC(92)     Dead                           Min: 0, Avg:  0.0, Max: 0, Diff: 0, Sum: 0, Workers: 4
[39.242s][debug][gc,phases      ] GC(92)     Total                          Min: 0, Avg:  0.0, Max: 0, Diff: 0, Sum: 0, Workers: 4
[39.242s][debug][gc,phases      ] GC(92) Weak Processing 0.311ms
[39.242s][debug][gc,age         ] GC(92) Desired survivor size 90701824 bytes, new threshold 15 (max threshold 15)
[39.242s][info ][gc,heap        ] GC(92) PSYoungGen: 1908224K(1998336K)->5984K(2008576K) Eden: 1902592K(1902592K)->0K(1916416K) From: 5632K(95744K)->5984K(92160K)
[39.242s][info ][gc,heap        ] GC(92) ParOldGen: 363854K(439808K)->363854K(439808K)
[39.242s][info ][gc,metaspace   ] GC(92) Metaspace: 72177K(72896K)->72177K(72896K) NonClass: 61802K(62208K)->61802K(62208K) Class: 10375K(10688K)->10375K(10688K)
[39.242s][info ][gc             ] GC(92) Pause Young (Allocation Failure) 2218M->361M(2391M) 6.529ms
[39.242s][info ][gc,cpu         ] GC(92) User=0.02s Sys=0.00s Real=0.01s
[39.242s][info ][safepoint      ] Safepoint "ParallelGCFailedAllocation", Time since last: 381758557 ns, Reaching safepoint: 182904 ns, At safepoint: 6642142 ns, Total: 6825046 ns
[39.624s][info ][gc,start       ] GC(93) Pause Young (Allocation Failure)
[39.629s][debug][gc,phases      ] GC(93) Scavenge 4.862ms
[39.629s][debug][gc,ref         ] GC(93) Skipped phase 1 of Reference Processing: no references
[39.629s][debug][gc,ref         ] GC(93) Skipped phase 2 of Reference Processing: no references
[39.629s][debug][gc,ref         ] GC(93) Skipped phase 3 of Reference Processing: no references
[39.629s][debug][gc,ref         ] GC(93) Skipped phase 4 of Reference Processing: no references
[39.629s][debug][gc,phases      ] GC(93) Reference Processing 0.024ms
[39.630s][debug][gc,phases      ] GC(93)   VM Weak                        Min:  0.0, Avg:  0.0, Max:  0.0, Diff:  0.0, Sum:  0.0, Workers: 4
[39.630s][debug][gc,phases      ] GC(93)     Dead                           Min: 0, Avg:  0.0, Max: 0, Diff: 0, Sum: 0, Workers: 4
[39.630s][debug][gc,phases      ] GC(93)     Total                          Min: 0, Avg: 153.0, Max: 612, Diff: 612, Sum: 612, Workers: 4
[39.630s][debug][gc,phases      ] GC(93)   ObjectSynchronizer Weak        Min:  0.0, Avg:  0.0, Max:  0.0, Diff:  0.0, Sum:  0.0, Workers: 4
[39.630s][debug][gc,phases      ] GC(93)     Dead                           Min: 0, Avg:  0.0, Max: 0, Diff: 0, Sum: 0, Workers: 4
[39.630s][debug][gc,phases      ] GC(93)     Total                          Min: 0, Avg: 85.8, Max: 279, Diff: 279, Sum: 343, Workers: 4
[39.630s][debug][gc,phases      ] GC(93)   JVMTI Tag Weak OopStorage      Min:  0.0, Avg:  0.0, Max:  0.0, Diff:  0.0, Sum:  0.0, Workers: 4
[39.630s][debug][gc,phases      ] GC(93)     Dead                           Min: 0, Avg:  0.0, Max: 0, Diff: 0, Sum: 0, Workers: 4
[39.630s][debug][gc,phases      ] GC(93)     Total                          Min: 0, Avg:  0.0, Max: 0, Diff: 0, Sum: 0, Workers: 4
[39.630s][debug][gc,phases      ] GC(93)   StringTable Weak               Min:  0.1, Avg:  0.1, Max:  0.1, Diff:  0.0, Sum:  0.4, Workers: 4
[39.630s][debug][gc,phases      ] GC(93)     Dead                           Min: 0, Avg:  0.0, Max: 0, Diff: 0, Sum: 0, Workers: 4
[39.630s][debug][gc,phases      ] GC(93)     Total                          Min: 10624, Avg: 10986.5, Max: 11136, Diff: 512, Sum: 43946, Workers: 4
[39.630s][debug][gc,phases      ] GC(93)   ResolvedMethodTable Weak       Min:  0.0, Avg:  0.0, Max:  0.0, Diff:  0.0, Sum:  0.1, Workers: 4
[39.630s][debug][gc,phases      ] GC(93)     Dead                           Min: 0, Avg:  0.0, Max: 0, Diff: 0, Sum: 0, Workers: 4
[39.630s][debug][gc,phases      ] GC(93)     Total                          Min: 1720, Avg: 1901.8, Max: 2047, Diff: 327, Sum: 7607, Workers: 4
[39.630s][debug][gc,phases      ] GC(93)   JNI Weak                       Min:  0.0, Avg:  0.0, Max:  0.0, Diff:  0.0, Sum:  0.0, Workers: 4
[39.630s][debug][gc,phases      ] GC(93)     Dead                           Min: 0, Avg:  0.0, Max: 0, Diff: 0, Sum: 0, Workers: 4
[39.630s][debug][gc,phases      ] GC(93)     Total                          Min: 0, Avg:  0.0, Max: 0, Diff: 0, Sum: 0, Workers: 4
[39.630s][debug][gc,phases      ] GC(93)   StringDedup Table Weak         Min:  0.0, Avg:  0.0, Max:  0.0, Diff:  0.0, Sum:  0.0, Workers: 4
[39.630s][debug][gc,phases      ] GC(93)     Dead                           Min: 0, Avg:  0.0, Max: 0, Diff: 0, Sum: 0, Workers: 4
[39.630s][debug][gc,phases      ] GC(93)     Total                          Min: 0, Avg:  0.0, Max: 0, Diff: 0, Sum: 0, Workers: 4
[39.630s][debug][gc,phases      ] GC(93)   StringDedup Requests0 Weak     Min:  0.0, Avg:  0.0, Max:  0.0, Diff:  0.0, Sum:  0.0, Workers: 4
[39.630s][debug][gc,phases      ] GC(93)     Dead                           Min: 0, Avg:  0.0, Max: 0, Diff: 0, Sum: 0, Workers: 4
[39.630s][debug][gc,phases      ] GC(93)     Total                          Min: 0, Avg:  0.0, Max: 0, Diff: 0, Sum: 0, Workers: 4
[39.630s][debug][gc,phases      ] GC(93)   StringDedup Requests1 Weak     Min:  0.0, Avg:  0.0, Max:  0.0, Diff:  0.0, Sum:  0.0, Workers: 4
[39.630s][debug][gc,phases      ] GC(93)     Dead                           Min: 0, Avg:  0.0, Max: 0, Diff: 0, Sum: 0, Workers: 4
[39.630s][debug][gc,phases      ] GC(93)     Total                          Min: 0, Avg:  0.0, Max: 0, Diff: 0, Sum: 0, Workers: 4
[39.630s][debug][gc,phases      ] GC(93)   Weak JFR Old Object Samples    Min:  0.0, Avg:  0.0, Max:  0.0, Diff:  0.0, Sum:  0.0, Workers: 4
[39.630s][debug][gc,phases      ] GC(93)     Dead                           Min: 0, Avg:  0.0, Max: 0, Diff: 0, Sum: 0, Workers: 4
[39.630s][debug][gc,phases      ] GC(93)     Total                          Min: 0, Avg:  0.0, Max: 0, Diff: 0, Sum: 0, Workers: 4
[39.630s][debug][gc,phases      ] GC(93) Weak Processing 0.322ms
[39.630s][debug][gc,age         ] GC(93) Desired survivor size 86507520 bytes, new threshold 15 (max threshold 15)
[39.630s][info ][gc,heap        ] GC(93) PSYoungGen: 1922400K(2008576K)->6272K(2004992K) Eden: 1916416K(1916416K)->0K(1916416K) From: 5984K(92160K)->6272K(88576K)
[39.630s][info ][gc,heap        ] GC(93) ParOldGen: 363854K(439808K)->363854K(439808K)
[39.630s][info ][gc,metaspace   ] GC(93) Metaspace: 72177K(72896K)->72177K(72896K) NonClass: 61802K(62208K)->61802K(62208K) Class: 10375K(10688K)->10375K(10688K)
[39.630s][info ][gc             ] GC(93) Pause Young (Allocation Failure) 2232M->361M(2387M) 5.344ms
[39.630s][info ][gc,cpu         ] GC(93) User=0.02s Sys=0.00s Real=0.01s
[39.630s][info ][safepoint      ] Safepoint "ParallelGCFailedAllocation", Time since last: 381916759 ns, Reaching safepoint: 251406 ns, At safepoint: 5453516 ns, Total: 5704922 ns
[40.011s][info ][gc,start       ] GC(94) Pause Young (Allocation Failure)
[40.014s][debug][gc,phases      ] GC(94) Scavenge 3.842ms
[40.014s][debug][gc,ref         ] GC(94) Skipped phase 1 of Reference Processing: no references
[40.014s][debug][gc,ref         ] GC(94) Skipped phase 2 of Reference Processing: no references
[40.014s][debug][gc,ref         ] GC(94) Skipped phase 3 of Reference Processing: no references
[40.015s][debug][gc,ref         ] GC(94) Skipped phase 4 of Reference Processing: no references
[40.015s][debug][gc,phases      ] GC(94) Reference Processing 0.024ms
[40.015s][debug][gc,phases      ] GC(94)   VM Weak                        Min:  0.0, Avg:  0.0, Max:  0.0, Diff:  0.0, Sum:  0.0, Workers: 4
[40.015s][debug][gc,phases      ] GC(94)     Dead                           Min: 0, Avg:  0.0, Max: 0, Diff: 0, Sum: 0, Workers: 4
[40.015s][debug][gc,phases      ] GC(94)     Total                          Min: 0, Avg: 153.0, Max: 420, Diff: 420, Sum: 612, Workers: 4
[40.015s][debug][gc,phases      ] GC(94)   ObjectSynchronizer Weak        Min:  0.0, Avg:  0.0, Max:  0.0, Diff:  0.0, Sum:  0.0, Workers: 4
[40.015s][debug][gc,phases      ] GC(94)     Dead                           Min: 0, Avg:  0.0, Max: 0, Diff: 0, Sum: 0, Workers: 4
[40.015s][debug][gc,phases      ] GC(94)     Total                          Min: 0, Avg: 85.8, Max: 192, Diff: 192, Sum: 343, Workers: 4
[40.015s][debug][gc,phases      ] GC(94)   JVMTI Tag Weak OopStorage      Min:  0.0, Avg:  0.0, Max:  0.0, Diff:  0.0, Sum:  0.0, Workers: 4
[40.015s][debug][gc,phases      ] GC(94)     Dead                           Min: 0, Avg:  0.0, Max: 0, Diff: 0, Sum: 0, Workers: 4
[40.015s][debug][gc,phases      ] GC(94)     Total                          Min: 0, Avg:  0.0, Max: 0, Diff: 0, Sum: 0, Workers: 4
[40.015s][debug][gc,phases      ] GC(94)   StringTable Weak               Min:  0.1, Avg:  0.1, Max:  0.1, Diff:  0.0, Sum:  0.4, Workers: 4
[40.015s][debug][gc,phases      ] GC(94)     Dead                           Min: 0, Avg:  0.0, Max: 0, Diff: 0, Sum: 0, Workers: 4
[40.015s][debug][gc,phases      ] GC(94)     Total                          Min: 8491, Avg: 10986.8, Max: 12160, Diff: 3669, Sum: 43947, Workers: 4
[40.015s][debug][gc,phases      ] GC(94)   ResolvedMethodTable Weak       Min:  0.0, Avg:  0.0, Max:  0.0, Diff:  0.0, Sum:  0.1, Workers: 4
[40.015s][debug][gc,phases      ] GC(94)     Dead                           Min: 0, Avg:  0.0, Max: 0, Diff: 0, Sum: 0, Workers: 4
[40.015s][debug][gc,phases      ] GC(94)     Total                          Min: 1471, Avg: 1901.8, Max: 2233, Diff: 762, Sum: 7607, Workers: 4
[40.015s][debug][gc,phases      ] GC(94)   JNI Weak                       Min:  0.0, Avg:  0.0, Max:  0.0, Diff:  0.0, Sum:  0.0, Workers: 4
[40.015s][debug][gc,phases      ] GC(94)     Dead                           Min: 0, Avg:  0.0, Max: 0, Diff: 0, Sum: 0, Workers: 4
[40.015s][debug][gc,phases      ] GC(94)     Total                          Min: 0, Avg:  0.0, Max: 0, Diff: 0, Sum: 0, Workers: 4
[40.015s][debug][gc,phases      ] GC(94)   StringDedup Table Weak         Min:  0.0, Avg:  0.0, Max:  0.0, Diff:  0.0, Sum:  0.0, Workers: 4
[40.015s][debug][gc,phases      ] GC(94)     Dead                           Min: 0, Avg:  0.0, Max: 0, Diff: 0, Sum: 0, Workers: 4
[40.015s][debug][gc,phases      ] GC(94)     Total                          Min: 0, Avg:  0.0, Max: 0, Diff: 0, Sum: 0, Workers: 4
[40.015s][debug][gc,phases      ] GC(94)   StringDedup Requests0 Weak     Min:  0.0, Avg:  0.0, Max:  0.0, Diff:  0.0, Sum:  0.0, Workers: 4
[40.015s][debug][gc,phases      ] GC(94)     Dead                           Min: 0, Avg:  0.0, Max: 0, Diff: 0, Sum: 0, Workers: 4
[40.015s][debug][gc,phases      ] GC(94)     Total                          Min: 0, Avg:  0.0, Max: 0, Diff: 0, Sum: 0, Workers: 4
[40.015s][debug][gc,phases      ] GC(94)   StringDedup Requests1 Weak     Min:  0.0, Avg:  0.0, Max:  0.0, Diff:  0.0, Sum:  0.0, Workers: 4
[40.015s][debug][gc,phases      ] GC(94)     Dead                           Min: 0, Avg:  0.0, Max: 0, Diff: 0, Sum: 0, Workers: 4
[40.015s][debug][gc,phases      ] GC(94)     Total                          Min: 0, Avg:  0.0, Max: 0, Diff: 0, Sum: 0, Workers: 4
[40.015s][debug][gc,phases      ] GC(94)   Weak JFR Old Object Samples    Min:  0.0, Avg:  0.0, Max:  0.0, Diff:  0.0, Sum:  0.0, Workers: 4
[40.015s][debug][gc,phases      ] GC(94)     Dead                           Min: 0, Avg:  0.0, Max: 0, Diff: 0, Sum: 0, Workers: 4
[40.015s][debug][gc,phases      ] GC(94)     Total                          Min: 0, Avg:  0.0, Max: 0, Diff: 0, Sum: 0, Workers: 4
[40.015s][debug][gc,phases      ] GC(94) Weak Processing 0.322ms
[40.015s][debug][gc,age         ] GC(94) Desired survivor size 82313216 bytes, new threshold 15 (max threshold 15)
[40.015s][info ][gc,heap        ] GC(94) PSYoungGen: 1922688K(2004992K)->6592K(2016768K) Eden: 1916416K(1916416K)->0K(1932288K) From: 6272K(88576K)->6592K(84480K)
[40.015s][info ][gc,heap        ] GC(94) ParOldGen: 363854K(439808K)->363854K(439808K)
[40.015s][info ][gc,metaspace   ] GC(94) Metaspace: 72179K(72896K)->72179K(72896K) NonClass: 61803K(62208K)->61803K(62208K) Class: 10375K(10688K)->10375K(10688K)
[40.015s][info ][gc             ] GC(94) Pause Young (Allocation Failure) 2232M->361M(2399M) 4.316ms
[40.015s][info ][gc,cpu         ] GC(94) User=0.01s Sys=0.00s Real=0.00s
[40.015s][info ][safepoint      ] Safepoint "ParallelGCFailedAllocation", Time since last: 380627232 ns, Reaching safepoint: 132103 ns, At safepoint: 4425995 ns, Total: 4558098 ns
[40.421s][info ][gc,start       ] GC(95) Pause Young (Allocation Failure)
[40.425s][debug][gc,phases      ] GC(95) Scavenge 4.147ms
[40.425s][debug][gc,ref         ] GC(95) Skipped phase 1 of Reference Processing: no references
[40.425s][debug][gc,ref         ] GC(95) Skipped phase 2 of Reference Processing: no references
[40.425s][debug][gc,ref         ] GC(95) Skipped phase 3 of Reference Processing: no references
[40.425s][debug][gc,ref         ] GC(95) Skipped phase 4 of Reference Processing: no references
[40.425s][debug][gc,phases      ] GC(95) Reference Processing 0.030ms
[40.425s][debug][gc,phases      ] GC(95)   VM Weak                        Min:  0.0, Avg:  0.0, Max:  0.0, Diff:  0.0, Sum:  0.0, Workers: 4
[40.425s][debug][gc,phases      ] GC(95)     Dead                           Min: 0, Avg:  0.0, Max: 0, Diff: 0, Sum: 0, Workers: 4
[40.425s][debug][gc,phases      ] GC(95)     Total                          Min: 0, Avg: 153.0, Max: 548, Diff: 548, Sum: 612, Workers: 4
[40.425s][debug][gc,phases      ] GC(95)   ObjectSynchronizer Weak        Min:  0.0, Avg:  0.0, Max:  0.0, Diff:  0.0, Sum:  0.0, Workers: 4
[40.425s][debug][gc,phases      ] GC(95)     Dead                           Min: 0, Avg:  0.0, Max: 0, Diff: 0, Sum: 0, Workers: 4
[40.425s][debug][gc,phases      ] GC(95)     Total                          Min: 0, Avg: 85.8, Max: 192, Diff: 192, Sum: 343, Workers: 4
[40.425s][debug][gc,phases      ] GC(95)   JVMTI Tag Weak OopStorage      Min:  0.0, Avg:  0.0, Max:  0.0, Diff:  0.0, Sum:  0.0, Workers: 4
[40.425s][debug][gc,phases      ] GC(95)     Dead                           Min: 0, Avg:  0.0, Max: 0, Diff: 0, Sum: 0, Workers: 4
[40.425s][debug][gc,phases      ] GC(95)     Total                          Min: 0, Avg:  0.0, Max: 0, Diff: 0, Sum: 0, Workers: 4
[40.425s][debug][gc,phases      ] GC(95)   StringTable Weak               Min:  0.1, Avg:  0.1, Max:  0.1, Diff:  0.0, Sum:  0.4, Workers: 4
[40.425s][debug][gc,phases      ] GC(95)     Dead                           Min: 0, Avg:  0.0, Max: 0, Diff: 0, Sum: 0, Workers: 4
[40.425s][debug][gc,phases      ] GC(95)     Total                          Min: 10688, Avg: 10986.8, Max: 11691, Diff: 1003, Sum: 43947, Workers: 4
[40.425s][debug][gc,phases      ] GC(95)   ResolvedMethodTable Weak       Min:  0.0, Avg:  0.0, Max:  0.0, Diff:  0.0, Sum:  0.1, Workers: 4
[40.425s][debug][gc,phases      ] GC(95)     Dead                           Min: 0, Avg:  0.0, Max: 0, Diff: 0, Sum: 0, Workers: 4
[40.425s][debug][gc,phases      ] GC(95)     Total                          Min: 1792, Avg: 1901.8, Max: 2041, Diff: 249, Sum: 7607, Workers: 4
[40.425s][debug][gc,phases      ] GC(95)   JNI Weak                       Min:  0.0, Avg:  0.0, Max:  0.0, Diff:  0.0, Sum:  0.0, Workers: 4
[40.425s][debug][gc,phases      ] GC(95)     Dead                           Min: 0, Avg:  0.0, Max: 0, Diff: 0, Sum: 0, Workers: 4
[40.425s][debug][gc,phases      ] GC(95)     Total                          Min: 0, Avg:  0.0, Max: 0, Diff: 0, Sum: 0, Workers: 4
[40.425s][debug][gc,phases      ] GC(95)   StringDedup Table Weak         Min:  0.0, Avg:  0.0, Max:  0.0, Diff:  0.0, Sum:  0.0, Workers: 4
[40.425s][debug][gc,phases      ] GC(95)     Dead                           Min: 0, Avg:  0.0, Max: 0, Diff: 0, Sum: 0, Workers: 4
[40.425s][debug][gc,phases      ] GC(95)     Total                          Min: 0, Avg:  0.0, Max: 0, Diff: 0, Sum: 0, Workers: 4
[40.425s][debug][gc,phases      ] GC(95)   StringDedup Requests0 Weak     Min:  0.0, Avg:  0.0, Max:  0.0, Diff:  0.0, Sum:  0.0, Workers: 4
[40.425s][debug][gc,phases      ] GC(95)     Dead                           Min: 0, Avg:  0.0, Max: 0, Diff: 0, Sum: 0, Workers: 4
[40.425s][debug][gc,phases      ] GC(95)     Total                          Min: 0, Avg:  0.0, Max: 0, Diff: 0, Sum: 0, Workers: 4
[40.425s][debug][gc,phases      ] GC(95)   StringDedup Requests1 Weak     Min:  0.0, Avg:  0.0, Max:  0.0, Diff:  0.0, Sum:  0.0, Workers: 4
[40.425s][debug][gc,phases      ] GC(95)     Dead                           Min: 0, Avg:  0.0, Max: 0, Diff: 0, Sum: 0, Workers: 4
[40.425s][debug][gc,phases      ] GC(95)     Total                          Min: 0, Avg:  0.0, Max: 0, Diff: 0, Sum: 0, Workers: 4
[40.425s][debug][gc,phases      ] GC(95)   Weak JFR Old Object Samples    Min:  0.0, Avg:  0.0, Max:  0.0, Diff:  0.0, Sum:  0.0, Workers: 4
[40.425s][debug][gc,phases      ] GC(95)     Dead                           Min: 0, Avg:  0.0, Max: 0, Diff: 0, Sum: 0, Workers: 4
[40.425s][debug][gc,phases      ] GC(95)     Total                          Min: 0, Avg:  0.0, Max: 0, Diff: 0, Sum: 0, Workers: 4
[40.425s][debug][gc,phases      ] GC(95) Weak Processing 0.378ms
[40.425s][debug][gc,age         ] GC(95) Desired survivor size 78118912 bytes, new threshold 15 (max threshold 15)
[40.425s][info ][gc,heap        ] GC(95) PSYoungGen: 1938880K(2016768K)->6976K(2012672K) Eden: 1932288K(1932288K)->0K(1932288K) From: 6592K(84480K)->6976K(80384K)
[40.425s][info ][gc,heap        ] GC(95) ParOldGen: 363854K(439808K)->363854K(439808K)
[40.425s][info ][gc,metaspace   ] GC(95) Metaspace: 72179K(72896K)->72179K(72896K) NonClass: 61803K(62208K)->61803K(62208K) Class: 10375K(10688K)->10375K(10688K)
[40.425s][info ][gc             ] GC(95) Pause Young (Allocation Failure) 2248M->362M(2395M) 4.736ms
[40.425s][info ][gc,cpu         ] GC(95) User=0.00s Sys=0.01s Real=0.00s
[40.426s][info ][safepoint      ] Safepoint "ParallelGCFailedAllocation", Time since last: 405480063 ns, Reaching safepoint: 167004 ns, At safepoint: 4889304 ns, Total: 5056308 ns
[40.830s][info ][gc,start       ] GC(96) Pause Young (Allocation Failure)
[40.835s][debug][gc,phases      ] GC(96) Scavenge 4.768ms
[40.835s][debug][gc,ref         ] GC(96) Skipped phase 1 of Reference Processing: no references
[40.835s][debug][gc,ref         ] GC(96) Skipped phase 2 of Reference Processing: no references
[40.835s][debug][gc,ref         ] GC(96) Skipped phase 3 of Reference Processing: no references
[40.835s][debug][gc,ref         ] GC(96) Skipped phase 4 of Reference Processing: no references
[40.835s][debug][gc,phases      ] GC(96) Reference Processing 0.024ms
[40.836s][debug][gc,phases      ] GC(96)   VM Weak                        Min:  0.0, Avg:  0.0, Max:  0.0, Diff:  0.0, Sum:  0.0, Workers: 4
[40.836s][debug][gc,phases      ] GC(96)     Dead                           Min: 0, Avg:  0.0, Max: 0, Diff: 0, Sum: 0, Workers: 4
[40.836s][debug][gc,phases      ] GC(96)     Total                          Min: 0, Avg: 153.0, Max: 548, Diff: 548, Sum: 612, Workers: 4
[40.836s][debug][gc,phases      ] GC(96)   ObjectSynchronizer Weak        Min:  0.0, Avg:  0.0, Max:  0.0, Diff:  0.0, Sum:  0.0, Workers: 4
[40.836s][debug][gc,phases      ] GC(96)     Dead                           Min: 0, Avg:  0.0, Max: 0, Diff: 0, Sum: 0, Workers: 4
[40.836s][debug][gc,phases      ] GC(96)     Total                          Min: 0, Avg: 85.8, Max: 192, Diff: 192, Sum: 343, Workers: 4
[40.836s][debug][gc,phases      ] GC(96)   JVMTI Tag Weak OopStorage      Min:  0.0, Avg:  0.0, Max:  0.0, Diff:  0.0, Sum:  0.0, Workers: 4
[40.836s][debug][gc,phases      ] GC(96)     Dead                           Min: 0, Avg:  0.0, Max: 0, Diff: 0, Sum: 0, Workers: 4
[40.836s][debug][gc,phases      ] GC(96)     Total                          Min: 0, Avg:  0.0, Max: 0, Diff: 0, Sum: 0, Workers: 4
[40.836s][debug][gc,phases      ] GC(96)   StringTable Weak               Min:  0.1, Avg:  0.1, Max:  0.1, Diff:  0.1, Sum:  0.5, Workers: 4
[40.836s][debug][gc,phases      ] GC(96)     Dead                           Min: 0, Avg:  0.0, Max: 0, Diff: 0, Sum: 0, Workers: 4
[40.836s][debug][gc,phases      ] GC(96)     Total                          Min: 7040, Avg: 10986.8, Max: 15275, Diff: 8235, Sum: 43947, Workers: 4
[40.836s][debug][gc,phases      ] GC(96)   ResolvedMethodTable Weak       Min:  0.0, Avg:  0.0, Max:  0.0, Diff:  0.0, Sum:  0.1, Workers: 4
[40.836s][debug][gc,phases      ] GC(96)     Dead                           Min: 0, Avg:  0.0, Max: 0, Diff: 0, Sum: 0, Workers: 4
[40.836s][debug][gc,phases      ] GC(96)     Total                          Min: 1663, Avg: 1901.8, Max: 2175, Diff: 512, Sum: 7607, Workers: 4
[40.836s][debug][gc,phases      ] GC(96)   JNI Weak                       Min:  0.0, Avg:  0.0, Max:  0.0, Diff:  0.0, Sum:  0.0, Workers: 4
[40.836s][debug][gc,phases      ] GC(96)     Dead                           Min: 0, Avg:  0.0, Max: 0, Diff: 0, Sum: 0, Workers: 4
[40.836s][debug][gc,phases      ] GC(96)     Total                          Min: 0, Avg:  0.0, Max: 0, Diff: 0, Sum: 0, Workers: 4
[40.836s][debug][gc,phases      ] GC(96)   StringDedup Table Weak         Min:  0.0, Avg:  0.0, Max:  0.0, Diff:  0.0, Sum:  0.0, Workers: 4
[40.836s][debug][gc,phases      ] GC(96)     Dead                           Min: 0, Avg:  0.0, Max: 0, Diff: 0, Sum: 0, Workers: 4
[40.836s][debug][gc,phases      ] GC(96)     Total                          Min: 0, Avg:  0.0, Max: 0, Diff: 0, Sum: 0, Workers: 4
[40.836s][debug][gc,phases      ] GC(96)   StringDedup Requests0 Weak     Min:  0.0, Avg:  0.0, Max:  0.0, Diff:  0.0, Sum:  0.0, Workers: 4
[40.836s][debug][gc,phases      ] GC(96)     Dead                           Min: 0, Avg:  0.0, Max: 0, Diff: 0, Sum: 0, Workers: 4
[40.836s][debug][gc,phases      ] GC(96)     Total                          Min: 0, Avg:  0.0, Max: 0, Diff: 0, Sum: 0, Workers: 4
[40.836s][debug][gc,phases      ] GC(96)   StringDedup Requests1 Weak     Min:  0.0, Avg:  0.0, Max:  0.0, Diff:  0.0, Sum:  0.0, Workers: 4
[40.836s][debug][gc,phases      ] GC(96)     Dead                           Min: 0, Avg:  0.0, Max: 0, Diff: 0, Sum: 0, Workers: 4
[40.836s][debug][gc,phases      ] GC(96)     Total                          Min: 0, Avg:  0.0, Max: 0, Diff: 0, Sum: 0, Workers: 4
[40.836s][debug][gc,phases      ] GC(96)   Weak JFR Old Object Samples    Min:  0.0, Avg:  0.0, Max:  0.0, Diff:  0.0, Sum:  0.0, Workers: 4
[40.836s][debug][gc,phases      ] GC(96)     Dead                           Min: 0, Avg:  0.0, Max: 0, Diff: 0, Sum: 0, Workers: 4
[40.836s][debug][gc,phases      ] GC(96)     Total                          Min: 0, Avg:  0.0, Max: 0, Diff: 0, Sum: 0, Workers: 4
[40.836s][debug][gc,phases      ] GC(96) Weak Processing 0.381ms
[40.836s][debug][gc,age         ] GC(96) Desired survivor size 73924608 bytes, new threshold 15 (max threshold 15)
[40.836s][info ][gc,heap        ] GC(96) PSYoungGen: 1939264K(2012672K)->7328K(2024960K) Eden: 1932288K(1932288K)->0K(1948672K) From: 6976K(80384K)->7328K(76288K)
[40.836s][info ][gc,heap        ] GC(96) ParOldGen: 363854K(439808K)->363854K(439808K)
[40.836s][info ][gc,metaspace   ] GC(96) Metaspace: 72181K(72896K)->72181K(72896K) NonClass: 61805K(62208K)->61805K(62208K) Class: 10375K(10688K)->10375K(10688K)
[40.836s][info ][gc             ] GC(96) Pause Young (Allocation Failure) 2249M->362M(2407M) 5.308ms
[40.836s][info ][gc,cpu         ] GC(96) User=0.02s Sys=0.00s Real=0.00s
[40.836s][info ][safepoint      ] Safepoint "ParallelGCFailedAllocation", Time since last: 404724247 ns, Reaching safepoint: 140303 ns, At safepoint: 5423416 ns, Total: 5563719 ns
[41.238s][info ][gc,start       ] GC(97) Pause Young (Allocation Failure)
[41.243s][debug][gc,phases      ] GC(97) Scavenge 4.567ms
[41.243s][debug][gc,ref         ] GC(97) Skipped phase 1 of Reference Processing: no references
[41.243s][debug][gc,ref         ] GC(97) Skipped phase 2 of Reference Processing: no references
[41.243s][debug][gc,ref         ] GC(97) Skipped phase 3 of Reference Processing: no references
[41.243s][debug][gc,ref         ] GC(97) Skipped phase 4 of Reference Processing: no references
[41.243s][debug][gc,phases      ] GC(97) Reference Processing 0.023ms
[41.243s][debug][gc,phases      ] GC(97)   VM Weak                        Min:  0.0, Avg:  0.0, Max:  0.0, Diff:  0.0, Sum:  0.0, Workers: 4
[41.243s][debug][gc,phases      ] GC(97)     Dead                           Min: 0, Avg:  0.0, Max: 0, Diff: 0, Sum: 0, Workers: 4
[41.243s][debug][gc,phases      ] GC(97)     Total                          Min: 0, Avg: 153.0, Max: 612, Diff: 612, Sum: 612, Workers: 4
[41.243s][debug][gc,phases      ] GC(97)   ObjectSynchronizer Weak        Min:  0.0, Avg:  0.0, Max:  0.0, Diff:  0.0, Sum:  0.0, Workers: 4
[41.243s][debug][gc,phases      ] GC(97)     Dead                           Min: 0, Avg:  0.0, Max: 0, Diff: 0, Sum: 0, Workers: 4
[41.243s][debug][gc,phases      ] GC(97)     Total                          Min: 0, Avg: 85.8, Max: 192, Diff: 192, Sum: 343, Workers: 4
[41.243s][debug][gc,phases      ] GC(97)   JVMTI Tag Weak OopStorage      Min:  0.0, Avg:  0.0, Max:  0.0, Diff:  0.0, Sum:  0.0, Workers: 4
[41.243s][debug][gc,phases      ] GC(97)     Dead                           Min: 0, Avg:  0.0, Max: 0, Diff: 0, Sum: 0, Workers: 4
[41.243s][debug][gc,phases      ] GC(97)     Total                          Min: 0, Avg:  0.0, Max: 0, Diff: 0, Sum: 0, Workers: 4
[41.243s][debug][gc,phases      ] GC(97)   StringTable Weak               Min:  0.0, Avg:  0.1, Max:  0.1, Diff:  0.1, Sum:  0.4, Workers: 4
[41.243s][debug][gc,phases      ] GC(97)     Dead                           Min: 0, Avg:  0.0, Max: 0, Diff: 0, Sum: 0, Workers: 4
[41.243s][debug][gc,phases      ] GC(97)     Total                          Min: 0, Avg: 10987.0, Max: 15552, Diff: 15552, Sum: 43948, Workers: 4
[41.243s][debug][gc,phases      ] GC(97)   ResolvedMethodTable Weak       Min:  0.0, Avg:  0.0, Max:  0.0, Diff:  0.0, Sum:  0.1, Workers: 4
[41.243s][debug][gc,phases      ] GC(97)     Dead                           Min: 0, Avg:  0.0, Max: 0, Diff: 0, Sum: 0, Workers: 4
[41.243s][debug][gc,phases      ] GC(97)     Total                          Min: 0, Avg: 1901.8, Max: 2879, Diff: 2879, Sum: 7607, Workers: 4
[41.243s][debug][gc,phases      ] GC(97)   JNI Weak                       Min:  0.0, Avg:  0.0, Max:  0.0, Diff:  0.0, Sum:  0.0, Workers: 4
[41.243s][debug][gc,phases      ] GC(97)     Dead                           Min: 0, Avg:  0.0, Max: 0, Diff: 0, Sum: 0, Workers: 4
[41.243s][debug][gc,phases      ] GC(97)     Total                          Min: 0, Avg:  0.0, Max: 0, Diff: 0, Sum: 0, Workers: 4
[41.243s][debug][gc,phases      ] GC(97)   StringDedup Table Weak         Min:  0.0, Avg:  0.0, Max:  0.0, Diff:  0.0, Sum:  0.0, Workers: 4
[41.243s][debug][gc,phases      ] GC(97)     Dead                           Min: 0, Avg:  0.0, Max: 0, Diff: 0, Sum: 0, Workers: 4
[41.243s][debug][gc,phases      ] GC(97)     Total                          Min: 0, Avg:  0.0, Max: 0, Diff: 0, Sum: 0, Workers: 4
[41.243s][debug][gc,phases      ] GC(97)   StringDedup Requests0 Weak     Min:  0.0, Avg:  0.0, Max:  0.0, Diff:  0.0, Sum:  0.0, Workers: 4
[41.243s][debug][gc,phases      ] GC(97)     Dead                           Min: 0, Avg:  0.0, Max: 0, Diff: 0, Sum: 0, Workers: 4
[41.243s][debug][gc,phases      ] GC(97)     Total                          Min: 0, Avg:  0.0, Max: 0, Diff: 0, Sum: 0, Workers: 4
[41.243s][debug][gc,phases      ] GC(97)   StringDedup Requests1 Weak     Min:  0.0, Avg:  0.0, Max:  0.0, Diff:  0.0, Sum:  0.0, Workers: 4
[41.243s][debug][gc,phases      ] GC(97)     Dead                           Min: 0, Avg:  0.0, Max: 0, Diff: 0, Sum: 0, Workers: 4
[41.243s][debug][gc,phases      ] GC(97)     Total                          Min: 0, Avg:  0.0, Max: 0, Diff: 0, Sum: 0, Workers: 4
[41.243s][debug][gc,phases      ] GC(97)   Weak JFR Old Object Samples    Min:  0.0, Avg:  0.0, Max:  0.0, Diff:  0.0, Sum:  0.0, Workers: 4
[41.243s][debug][gc,phases      ] GC(97)     Dead                           Min: 0, Avg:  0.0, Max: 0, Diff: 0, Sum: 0, Workers: 4
[41.243s][debug][gc,phases      ] GC(97)     Total                          Min: 0, Avg:  0.0, Max: 0, Diff: 0, Sum: 0, Workers: 4
[41.243s][debug][gc,phases      ] GC(97) Weak Processing 0.361ms
[41.243s][debug][gc,age         ] GC(97) Desired survivor size 70254592 bytes, new threshold 15 (max threshold 15)
[41.243s][info ][gc,heap        ] GC(97) PSYoungGen: 1956000K(2024960K)->5280K(2020864K) Eden: 1948672K(1948672K)->0K(1948672K) From: 7328K(76288K)->5280K(72192K)
[41.243s][info ][gc,heap        ] GC(97) ParOldGen: 363854K(439808K)->366310K(439808K)
[41.243s][info ][gc,metaspace   ] GC(97) Metaspace: 72190K(72896K)->72190K(72896K) NonClass: 61814K(62208K)->61814K(62208K) Class: 10375K(10688K)->10375K(10688K)
[41.243s][info ][gc             ] GC(97) Pause Young (Allocation Failure) 2265M->362M(2403M) 5.090ms
[41.243s][info ][gc,cpu         ] GC(97) User=0.02s Sys=0.00s Real=0.00s
[41.243s][info ][safepoint      ] Safepoint "ParallelGCFailedAllocation", Time since last: 402106591 ns, Reaching safepoint: 150703 ns, At safepoint: 5206711 ns, Total: 5357414 ns
[41.640s][info ][gc,start       ] GC(98) Pause Young (Allocation Failure)
[41.644s][debug][gc,phases      ] GC(98) Scavenge 3.751ms
[41.644s][debug][gc,ref         ] GC(98) Skipped phase 1 of Reference Processing: no references
[41.644s][debug][gc,ref         ] GC(98) Skipped phase 2 of Reference Processing: no references
[41.644s][debug][gc,ref         ] GC(98) Skipped phase 3 of Reference Processing: no references
[41.644s][debug][gc,ref         ] GC(98) Skipped phase 4 of Reference Processing: no references
[41.644s][debug][gc,phases      ] GC(98) Reference Processing 0.046ms
[41.644s][debug][gc,phases      ] GC(98)   VM Weak                        Min:  0.0, Avg:  0.0, Max:  0.0, Diff:  0.0, Sum:  0.0, Workers: 4
[41.644s][debug][gc,phases      ] GC(98)     Dead                           Min: 0, Avg:  0.0, Max: 0, Diff: 0, Sum: 0, Workers: 4
[41.644s][debug][gc,phases      ] GC(98)     Total                          Min: 0, Avg: 153.0, Max: 512, Diff: 512, Sum: 612, Workers: 4
[41.644s][debug][gc,phases      ] GC(98)   ObjectSynchronizer Weak        Min:  0.0, Avg:  0.0, Max:  0.0, Diff:  0.0, Sum:  0.0, Workers: 4
[41.644s][debug][gc,phases      ] GC(98)     Dead                           Min: 0, Avg:  0.0, Max: 0, Diff: 0, Sum: 0, Workers: 4
[41.644s][debug][gc,phases      ] GC(98)     Total                          Min: 0, Avg: 85.8, Max: 215, Diff: 215, Sum: 343, Workers: 4
[41.644s][debug][gc,phases      ] GC(98)   JVMTI Tag Weak OopStorage      Min:  0.0, Avg:  0.0, Max:  0.0, Diff:  0.0, Sum:  0.0, Workers: 4
[41.644s][debug][gc,phases      ] GC(98)     Dead                           Min: 0, Avg:  0.0, Max: 0, Diff: 0, Sum: 0, Workers: 4
[41.644s][debug][gc,phases      ] GC(98)     Total                          Min: 0, Avg:  0.0, Max: 0, Diff: 0, Sum: 0, Workers: 4
[41.644s][debug][gc,phases      ] GC(98)   StringTable Weak               Min:  0.1, Avg:  0.1, Max:  0.1, Diff:  0.0, Sum:  0.5, Workers: 4
[41.644s][debug][gc,phases      ] GC(98)     Dead                           Min: 0, Avg:  0.0, Max: 0, Diff: 0, Sum: 0, Workers: 4
[41.644s][debug][gc,phases      ] GC(98)     Total                          Min: 10092, Avg: 10987.0, Max: 11968, Diff: 1876, Sum: 43948, Workers: 4
[41.644s][debug][gc,phases      ] GC(98)   ResolvedMethodTable Weak       Min:  0.0, Avg:  0.0, Max:  0.0, Diff:  0.0, Sum:  0.1, Workers: 4
[41.644s][debug][gc,phases      ] GC(98)     Dead                           Min: 0, Avg:  0.0, Max: 0, Diff: 0, Sum: 0, Workers: 4
[41.644s][debug][gc,phases      ] GC(98)     Total                          Min: 1791, Avg: 1901.8, Max: 2104, Diff: 313, Sum: 7607, Workers: 4
[41.645s][debug][gc,phases      ] GC(98)   JNI Weak                       Min:  0.0, Avg:  0.0, Max:  0.0, Diff:  0.0, Sum:  0.0, Workers: 4
[41.645s][debug][gc,phases      ] GC(98)     Dead                           Min: 0, Avg:  0.0, Max: 0, Diff: 0, Sum: 0, Workers: 4
[41.645s][debug][gc,phases      ] GC(98)     Total                          Min: 0, Avg:  0.0, Max: 0, Diff: 0, Sum: 0, Workers: 4
[41.645s][debug][gc,phases      ] GC(98)   StringDedup Table Weak         Min:  0.0, Avg:  0.0, Max:  0.0, Diff:  0.0, Sum:  0.0, Workers: 4
[41.645s][debug][gc,phases      ] GC(98)     Dead                           Min: 0, Avg:  0.0, Max: 0, Diff: 0, Sum: 0, Workers: 4
[41.645s][debug][gc,phases      ] GC(98)     Total                          Min: 0, Avg:  0.0, Max: 0, Diff: 0, Sum: 0, Workers: 4
[41.645s][debug][gc,phases      ] GC(98)   StringDedup Requests0 Weak     Min:  0.0, Avg:  0.0, Max:  0.0, Diff:  0.0, Sum:  0.0, Workers: 4
[41.645s][debug][gc,phases      ] GC(98)     Dead                           Min: 0, Avg:  0.0, Max: 0, Diff: 0, Sum: 0, Workers: 4
[41.645s][debug][gc,phases      ] GC(98)     Total                          Min: 0, Avg:  0.0, Max: 0, Diff: 0, Sum: 0, Workers: 4
[41.645s][debug][gc,phases      ] GC(98)   StringDedup Requests1 Weak     Min:  0.0, Avg:  0.0, Max:  0.0, Diff:  0.0, Sum:  0.0, Workers: 4
[41.645s][debug][gc,phases      ] GC(98)     Dead                           Min: 0, Avg:  0.0, Max: 0, Diff: 0, Sum: 0, Workers: 4
[41.645s][debug][gc,phases      ] GC(98)     Total                          Min: 0, Avg:  0.0, Max: 0, Diff: 0, Sum: 0, Workers: 4
[41.645s][debug][gc,phases      ] GC(98)   Weak JFR Old Object Samples    Min:  0.0, Avg:  0.0, Max:  0.0, Diff:  0.0, Sum:  0.0, Workers: 4
[41.645s][debug][gc,phases      ] GC(98)     Dead                           Min: 0, Avg:  0.0, Max: 0, Diff: 0, Sum: 0, Workers: 4
[41.645s][debug][gc,phases      ] GC(98)     Total                          Min: 0, Avg:  0.0, Max: 0, Diff: 0, Sum: 0, Workers: 4
[41.645s][debug][gc,phases      ] GC(98) Weak Processing 0.359ms
[41.645s][debug][gc,age         ] GC(98) Desired survivor size 67108864 bytes, new threshold 15 (max threshold 15)
[41.645s][info ][gc,heap        ] GC(98) PSYoungGen: 1953952K(2020864K)->4672K(2031616K) Eden: 1948672K(1948672K)->0K(1963008K) From: 5280K(72192K)->4672K(68608K)
[41.645s][info ][gc,heap        ] GC(98) ParOldGen: 366310K(439808K)->367302K(439808K)
[41.645s][info ][gc,metaspace   ] GC(98) Metaspace: 72190K(72896K)->72190K(72896K) NonClass: 61815K(62208K)->61815K(62208K) Class: 10375K(10688K)->10375K(10688K)
[41.645s][info ][gc             ] GC(98) Pause Young (Allocation Failure) 2265M->363M(2413M) 4.312ms
[41.645s][info ][gc,cpu         ] GC(98) User=0.01s Sys=0.00s Real=0.00s
[41.645s][info ][safepoint      ] Safepoint "ParallelGCFailedAllocation", Time since last: 396870580 ns, Reaching safepoint: 150903 ns, At safepoint: 4446595 ns, Total: 4597498 ns
[42.049s][info ][gc,start       ] GC(99) Pause Young (Allocation Failure)
[42.052s][debug][gc,phases      ] GC(99) Scavenge 2.599ms
[42.052s][debug][gc,ref         ] GC(99) Skipped phase 1 of Reference Processing: no references
[42.052s][debug][gc,ref         ] GC(99) Skipped phase 2 of Reference Processing: no references
[42.052s][debug][gc,ref         ] GC(99) Skipped phase 3 of Reference Processing: no references
[42.052s][debug][gc,ref         ] GC(99) Skipped phase 4 of Reference Processing: no references
[42.052s][debug][gc,phases      ] GC(99) Reference Processing 0.024ms
[42.052s][debug][gc,phases      ] GC(99)   VM Weak                        Min:  0.0, Avg:  0.0, Max:  0.0, Diff:  0.0, Sum:  0.0, Workers: 4
[42.052s][debug][gc,phases      ] GC(99)     Dead                           Min: 0, Avg:  0.0, Max: 0, Diff: 0, Sum: 0, Workers: 4
[42.052s][debug][gc,phases      ] GC(99)     Total                          Min: 0, Avg: 153.0, Max: 612, Diff: 612, Sum: 612, Workers: 4
[42.052s][debug][gc,phases      ] GC(99)   ObjectSynchronizer Weak        Min:  0.0, Avg:  0.0, Max:  0.0, Diff:  0.0, Sum:  0.0, Workers: 4
[42.052s][debug][gc,phases      ] GC(99)     Dead                           Min: 0, Avg:  0.0, Max: 0, Diff: 0, Sum: 0, Workers: 4
[42.052s][debug][gc,phases      ] GC(99)     Total                          Min: 23, Avg: 85.8, Max: 128, Diff: 105, Sum: 343, Workers: 4
[42.052s][debug][gc,phases      ] GC(99)   JVMTI Tag Weak OopStorage      Min:  0.0, Avg:  0.0, Max:  0.0, Diff:  0.0, Sum:  0.0, Workers: 4
[42.052s][debug][gc,phases      ] GC(99)     Dead                           Min: 0, Avg:  0.0, Max: 0, Diff: 0, Sum: 0, Workers: 4
[42.052s][debug][gc,phases      ] GC(99)     Total                          Min: 0, Avg:  0.0, Max: 0, Diff: 0, Sum: 0, Workers: 4
[42.052s][debug][gc,phases      ] GC(99)   StringTable Weak               Min:  0.1, Avg:  0.1, Max:  0.1, Diff:  0.0, Sum:  0.4, Workers: 4
[42.052s][debug][gc,phases      ] GC(99)     Dead                           Min: 0, Avg:  0.0, Max: 0, Diff: 0, Sum: 0, Workers: 4
[42.052s][debug][gc,phases      ] GC(99)     Total                          Min: 10304, Avg: 10987.2, Max: 11840, Diff: 1536, Sum: 43949, Workers: 4
[42.052s][debug][gc,phases      ] GC(99)   ResolvedMethodTable Weak       Min:  0.0, Avg:  0.0, Max:  0.0, Diff:  0.0, Sum:  0.1, Workers: 4
[42.052s][debug][gc,phases      ] GC(99)     Dead                           Min: 0, Avg:  0.0, Max: 0, Diff: 0, Sum: 0, Workers: 4
[42.052s][debug][gc,phases      ] GC(99)     Total                          Min: 1791, Avg: 1901.8, Max: 2111, Diff: 320, Sum: 7607, Workers: 4
[42.052s][debug][gc,phases      ] GC(99)   JNI Weak                       Min:  0.0, Avg:  0.0, Max:  0.0, Diff:  0.0, Sum:  0.0, Workers: 4
[42.052s][debug][gc,phases      ] GC(99)     Dead                           Min: 0, Avg:  0.0, Max: 0, Diff: 0, Sum: 0, Workers: 4
[42.052s][debug][gc,phases      ] GC(99)     Total                          Min: 0, Avg:  0.0, Max: 0, Diff: 0, Sum: 0, Workers: 4
[42.052s][debug][gc,phases      ] GC(99)   StringDedup Table Weak         Min:  0.0, Avg:  0.0, Max:  0.0, Diff:  0.0, Sum:  0.0, Workers: 4
[42.052s][debug][gc,phases      ] GC(99)     Dead                           Min: 0, Avg:  0.0, Max: 0, Diff: 0, Sum: 0, Workers: 4
[42.052s][debug][gc,phases      ] GC(99)     Total                          Min: 0, Avg:  0.0, Max: 0, Diff: 0, Sum: 0, Workers: 4
[42.052s][debug][gc,phases      ] GC(99)   StringDedup Requests0 Weak     Min:  0.0, Avg:  0.0, Max:  0.0, Diff:  0.0, Sum:  0.0, Workers: 4
[42.052s][debug][gc,phases      ] GC(99)     Dead                           Min: 0, Avg:  0.0, Max: 0, Diff: 0, Sum: 0, Workers: 4
[42.052s][debug][gc,phases      ] GC(99)     Total                          Min: 0, Avg:  0.0, Max: 0, Diff: 0, Sum: 0, Workers: 4
[42.052s][debug][gc,phases      ] GC(99)   StringDedup Requests1 Weak     Min:  0.0, Avg:  0.0, Max:  0.0, Diff:  0.0, Sum:  0.0, Workers: 4
[42.052s][debug][gc,phases      ] GC(99)     Dead                           Min: 0, Avg:  0.0, Max: 0, Diff: 0, Sum: 0, Workers: 4
[42.052s][debug][gc,phases      ] GC(99)     Total                          Min: 0, Avg:  0.0, Max: 0, Diff: 0, Sum: 0, Workers: 4
[42.052s][debug][gc,phases      ] GC(99)   Weak JFR Old Object Samples    Min:  0.0, Avg:  0.0, Max:  0.0, Diff:  0.0, Sum:  0.0, Workers: 4
[42.052s][debug][gc,phases      ] GC(99)     Dead                           Min: 0, Avg:  0.0, Max: 0, Diff: 0, Sum: 0, Workers: 4
[42.052s][debug][gc,phases      ] GC(99)     Total                          Min: 0, Avg:  0.0, Max: 0, Diff: 0, Sum: 0, Workers: 4
[42.052s][debug][gc,phases      ] GC(99) Weak Processing 0.309ms
[42.052s][debug][gc,age         ] GC(99) Desired survivor size 63438848 bytes, new threshold 15 (max threshold 15)
[42.052s][info ][gc,heap        ] GC(99) PSYoungGen: 1967680K(2031616K)->4928K(2028544K) Eden: 1963008K(1963008K)->0K(1963008K) From: 4672K(68608K)->4928K(65536K)
[42.052s][info ][gc,heap        ] GC(99) ParOldGen: 367302K(439808K)->367518K(439808K)
[42.052s][info ][gc,metaspace   ] GC(99) Metaspace: 72218K(72896K)->72218K(72896K) NonClass: 61842K(62208K)->61842K(62208K) Class: 10375K(10688K)->10375K(10688K)
[42.052s][info ][gc             ] GC(99) Pause Young (Allocation Failure) 2280M->363M(2410M) 3.082ms
[42.052s][info ][gc,cpu         ] GC(99) User=0.01s Sys=0.00s Real=0.00s
[42.052s][info ][safepoint      ] Safepoint "ParallelGCFailedAllocation", Time since last: 404156835 ns, Reaching safepoint: 140203 ns, At safepoint: 3182668 ns, Total: 3322871 ns
[42.476s][info ][gc,start       ] GC(100) Pause Young (Allocation Failure)
[42.480s][debug][gc,phases      ] GC(100) Scavenge 3.320ms
[42.480s][debug][gc,ref         ] GC(100) Skipped phase 1 of Reference Processing: no references
[42.480s][debug][gc,ref         ] GC(100) Skipped phase 2 of Reference Processing: no references
[42.480s][debug][gc,ref         ] GC(100) Skipped phase 3 of Reference Processing: no references
[42.480s][debug][gc,ref         ] GC(100) ReferenceProcessor::execute queues: 1, RefProcThreadModel::Single, marks_oops_alive: false
[42.480s][debug][gc,phases      ] GC(100) Reference Processing 0.103ms
[42.480s][debug][gc,phases      ] GC(100)   VM Weak                        Min:  0.0, Avg:  0.0, Max:  0.0, Diff:  0.0, Sum:  0.0, Workers: 4
[42.480s][debug][gc,phases      ] GC(100)     Dead                           Min: 0, Avg:  0.0, Max: 0, Diff: 0, Sum: 0, Workers: 4
[42.480s][debug][gc,phases      ] GC(100)     Total                          Min: 0, Avg: 153.0, Max: 448, Diff: 448, Sum: 612, Workers: 4
[42.480s][debug][gc,phases      ] GC(100)   ObjectSynchronizer Weak        Min:  0.0, Avg:  0.0, Max:  0.0, Diff:  0.0, Sum:  0.0, Workers: 4
[42.480s][debug][gc,phases      ] GC(100)     Dead                           Min: 0, Avg:  0.0, Max: 0, Diff: 0, Sum: 0, Workers: 4
[42.480s][debug][gc,phases      ] GC(100)     Total                          Min: 0, Avg: 85.8, Max: 128, Diff: 128, Sum: 343, Workers: 4
[42.480s][debug][gc,phases      ] GC(100)   JVMTI Tag Weak OopStorage      Min:  0.0, Avg:  0.0, Max:  0.0, Diff:  0.0, Sum:  0.0, Workers: 4
[42.480s][debug][gc,phases      ] GC(100)     Dead                           Min: 0, Avg:  0.0, Max: 0, Diff: 0, Sum: 0, Workers: 4
[42.480s][debug][gc,phases      ] GC(100)     Total                          Min: 0, Avg:  0.0, Max: 0, Diff: 0, Sum: 0, Workers: 4
[42.480s][debug][gc,phases      ] GC(100)   StringTable Weak               Min:  0.1, Avg:  0.1, Max:  0.1, Diff:  0.0, Sum:  0.4, Workers: 4
[42.480s][debug][gc,phases      ] GC(100)     Dead                           Min: 0, Avg:  0.0, Max: 0, Diff: 0, Sum: 0, Workers: 4
[42.480s][debug][gc,phases      ] GC(100)     Total                          Min: 10291, Avg: 10988.8, Max: 12160, Diff: 1869, Sum: 43955, Workers: 4
[42.480s][debug][gc,phases      ] GC(100)   ResolvedMethodTable Weak       Min:  0.0, Avg:  0.0, Max:  0.0, Diff:  0.0, Sum:  0.1, Workers: 4
[42.480s][debug][gc,phases      ] GC(100)     Dead                           Min: 0, Avg:  0.0, Max: 0, Diff: 0, Sum: 0, Workers: 4
[42.480s][debug][gc,phases      ] GC(100)     Total                          Min: 1728, Avg: 1902.0, Max: 2041, Diff: 313, Sum: 7608, Workers: 4
[42.480s][debug][gc,phases      ] GC(100)   JNI Weak                       Min:  0.0, Avg:  0.0, Max:  0.0, Diff:  0.0, Sum:  0.0, Workers: 4
[42.480s][debug][gc,phases      ] GC(100)     Dead                           Min: 0, Avg:  0.0, Max: 0, Diff: 0, Sum: 0, Workers: 4
[42.480s][debug][gc,phases      ] GC(100)     Total                          Min: 0, Avg:  0.0, Max: 0, Diff: 0, Sum: 0, Workers: 4
[42.480s][debug][gc,phases      ] GC(100)   StringDedup Table Weak         Min:  0.0, Avg:  0.0, Max:  0.0, Diff:  0.0, Sum:  0.0, Workers: 4
[42.480s][debug][gc,phases      ] GC(100)     Dead                           Min: 0, Avg:  0.0, Max: 0, Diff: 0, Sum: 0, Workers: 4
[42.480s][debug][gc,phases      ] GC(100)     Total                          Min: 0, Avg:  0.0, Max: 0, Diff: 0, Sum: 0, Workers: 4
[42.480s][debug][gc,phases      ] GC(100)   StringDedup Requests0 Weak     Min:  0.0, Avg:  0.0, Max:  0.0, Diff:  0.0, Sum:  0.0, Workers: 4
[42.480s][debug][gc,phases      ] GC(100)     Dead                           Min: 0, Avg:  0.0, Max: 0, Diff: 0, Sum: 0, Workers: 4
[42.480s][debug][gc,phases      ] GC(100)     Total                          Min: 0, Avg:  0.0, Max: 0, Diff: 0, Sum: 0, Workers: 4
[42.480s][debug][gc,phases      ] GC(100)   StringDedup Requests1 Weak     Min:  0.0, Avg:  0.0, Max:  0.0, Diff:  0.0, Sum:  0.0, Workers: 4
[42.480s][debug][gc,phases      ] GC(100)     Dead                           Min: 0, Avg:  0.0, Max: 0, Diff: 0, Sum: 0, Workers: 4
[42.480s][debug][gc,phases      ] GC(100)     Total                          Min: 0, Avg:  0.0, Max: 0, Diff: 0, Sum: 0, Workers: 4
[42.480s][debug][gc,phases      ] GC(100)   Weak JFR Old Object Samples    Min:  0.0, Avg:  0.0, Max:  0.0, Diff:  0.0, Sum:  0.0, Workers: 4
[42.480s][debug][gc,phases      ] GC(100)     Dead                           Min: 0, Avg:  0.0, Max: 0, Diff: 0, Sum: 0, Workers: 4
[42.480s][debug][gc,phases      ] GC(100)     Total                          Min: 0, Avg:  0.0, Max: 0, Diff: 0, Sum: 0, Workers: 4
[42.480s][debug][gc,phases      ] GC(100) Weak Processing 0.317ms
[42.480s][debug][gc,age         ] GC(100) Desired survivor size 59768832 bytes, new threshold 15 (max threshold 15)
[42.480s][info ][gc,heap        ] GC(100) PSYoungGen: 1967936K(2028544K)->5216K(2038784K) Eden: 1963008K(1963008K)->0K(1976832K) From: 4928K(65536K)->5216K(61952K)
[42.480s][info ][gc,heap        ] GC(100) ParOldGen: 367518K(439808K)->367758K(439808K)
[42.480s][info ][gc,metaspace   ] GC(100) Metaspace: 72244K(73024K)->72244K(73024K) NonClass: 61865K(62272K)->61865K(62272K) Class: 10379K(10752K)->10379K(10752K)
[42.480s][info ][gc             ] GC(100) Pause Young (Allocation Failure) 2280M->364M(2420M) 3.882ms
[42.480s][info ][gc,cpu         ] GC(100) User=0.01s Sys=0.00s Real=0.00s
[42.480s][info ][safepoint      ] Safepoint "ParallelGCFailedAllocation", Time since last: 423863756 ns, Reaching safepoint: 140603 ns, At safepoint: 3984385 ns, Total: 4124988 ns
[42.899s][info ][gc,start       ] GC(101) Pause Young (Allocation Failure)
[42.903s][debug][gc,phases      ] GC(101) Scavenge 3.335ms
[42.903s][debug][gc,ref         ] GC(101) Skipped phase 1 of Reference Processing: no references
[42.903s][debug][gc,ref         ] GC(101) Skipped phase 2 of Reference Processing: no references
[42.903s][debug][gc,ref         ] GC(101) Skipped phase 3 of Reference Processing: no references
[42.903s][debug][gc,ref         ] GC(101) Skipped phase 4 of Reference Processing: no references
[42.903s][debug][gc,phases      ] GC(101) Reference Processing 0.023ms
[42.903s][debug][gc,phases      ] GC(101)   VM Weak                        Min:  0.0, Avg:  0.0, Max:  0.0, Diff:  0.0, Sum:  0.0, Workers: 4
[42.903s][debug][gc,phases      ] GC(101)     Dead                           Min: 0, Avg:  0.0, Max: 0, Diff: 0, Sum: 0, Workers: 4
[42.903s][debug][gc,phases      ] GC(101)     Total                          Min: 0, Avg: 153.0, Max: 320, Diff: 320, Sum: 612, Workers: 4
[42.903s][debug][gc,phases      ] GC(101)   ObjectSynchronizer Weak        Min:  0.0, Avg:  0.0, Max:  0.0, Diff:  0.0, Sum:  0.0, Workers: 4
[42.903s][debug][gc,phases      ] GC(101)     Dead                           Min: 0, Avg:  0.0, Max: 0, Diff: 0, Sum: 0, Workers: 4
[42.903s][debug][gc,phases      ] GC(101)     Total                          Min: 0, Avg: 85.8, Max: 192, Diff: 192, Sum: 343, Workers: 4
[42.903s][debug][gc,phases      ] GC(101)   JVMTI Tag Weak OopStorage      Min:  0.0, Avg:  0.0, Max:  0.0, Diff:  0.0, Sum:  0.0, Workers: 4
[42.903s][debug][gc,phases      ] GC(101)     Dead                           Min: 0, Avg:  0.0, Max: 0, Diff: 0, Sum: 0, Workers: 4
[42.903s][debug][gc,phases      ] GC(101)     Total                          Min: 0, Avg:  0.0, Max: 0, Diff: 0, Sum: 0, Workers: 4
[42.903s][debug][gc,phases      ] GC(101)   StringTable Weak               Min:  0.1, Avg:  0.1, Max:  0.1, Diff:  0.0, Sum:  0.4, Workers: 4
[42.903s][debug][gc,phases      ] GC(101)     Dead                           Min: 0, Avg:  0.0, Max: 0, Diff: 0, Sum: 0, Workers: 4
[42.903s][debug][gc,phases      ] GC(101)     Total                          Min: 10739, Avg: 10988.8, Max: 11328, Diff: 589, Sum: 43955, Workers: 4
[42.903s][debug][gc,phases      ] GC(101)   ResolvedMethodTable Weak       Min:  0.0, Avg:  0.0, Max:  0.0, Diff:  0.0, Sum:  0.1, Workers: 4
[42.903s][debug][gc,phases      ] GC(101)     Dead                           Min: 0, Avg:  0.0, Max: 0, Diff: 0, Sum: 0, Workers: 4
[42.903s][debug][gc,phases      ] GC(101)     Total                          Min: 1792, Avg: 1902.0, Max: 1977, Diff: 185, Sum: 7608, Workers: 4
[42.903s][debug][gc,phases      ] GC(101)   JNI Weak                       Min:  0.0, Avg:  0.0, Max:  0.0, Diff:  0.0, Sum:  0.0, Workers: 4
[42.903s][debug][gc,phases      ] GC(101)     Dead                           Min: 0, Avg:  0.0, Max: 0, Diff: 0, Sum: 0, Workers: 4
[42.903s][debug][gc,phases      ] GC(101)     Total                          Min: 0, Avg:  0.0, Max: 0, Diff: 0, Sum: 0, Workers: 4
[42.903s][debug][gc,phases      ] GC(101)   StringDedup Table Weak         Min:  0.0, Avg:  0.0, Max:  0.0, Diff:  0.0, Sum:  0.0, Workers: 4
[42.903s][debug][gc,phases      ] GC(101)     Dead                           Min: 0, Avg:  0.0, Max: 0, Diff: 0, Sum: 0, Workers: 4
[42.903s][debug][gc,phases      ] GC(101)     Total                          Min: 0, Avg:  0.0, Max: 0, Diff: 0, Sum: 0, Workers: 4
[42.903s][debug][gc,phases      ] GC(101)   StringDedup Requests0 Weak     Min:  0.0, Avg:  0.0, Max:  0.0, Diff:  0.0, Sum:  0.0, Workers: 4
[42.903s][debug][gc,phases      ] GC(101)     Dead                           Min: 0, Avg:  0.0, Max: 0, Diff: 0, Sum: 0, Workers: 4
[42.903s][debug][gc,phases      ] GC(101)     Total                          Min: 0, Avg:  0.0, Max: 0, Diff: 0, Sum: 0, Workers: 4
[42.903s][debug][gc,phases      ] GC(101)   StringDedup Requests1 Weak     Min:  0.0, Avg:  0.0, Max:  0.0, Diff:  0.0, Sum:  0.0, Workers: 4
[42.903s][debug][gc,phases      ] GC(101)     Dead                           Min: 0, Avg:  0.0, Max: 0, Diff: 0, Sum: 0, Workers: 4
[42.903s][debug][gc,phases      ] GC(101)     Total                          Min: 0, Avg:  0.0, Max: 0, Diff: 0, Sum: 0, Workers: 4
[42.903s][debug][gc,phases      ] GC(101)   Weak JFR Old Object Samples    Min:  0.0, Avg:  0.0, Max:  0.0, Diff:  0.0, Sum:  0.0, Workers: 4
[42.903s][debug][gc,phases      ] GC(101)     Dead                           Min: 0, Avg:  0.0, Max: 0, Diff: 0, Sum: 0, Workers: 4
[42.903s][debug][gc,phases      ] GC(101)     Total                          Min: 0, Avg:  0.0, Max: 0, Diff: 0, Sum: 0, Workers: 4
[42.903s][debug][gc,phases      ] GC(101) Weak Processing 0.325ms
[42.903s][debug][gc,age         ] GC(101) Desired survivor size 56623104 bytes, new threshold 15 (max threshold 15)
[42.903s][info ][gc,heap        ] GC(101) PSYoungGen: 1982048K(2038784K)->5472K(2035200K) Eden: 1976832K(1976832K)->0K(1976832K) From: 5216K(61952K)->5472K(58368K)
[42.903s][info ][gc,heap        ] GC(101) ParOldGen: 367758K(439808K)->368038K(439808K)
[42.903s][info ][gc,metaspace   ] GC(101) Metaspace: 72244K(73024K)->72244K(73024K) NonClass: 61865K(62272K)->61865K(62272K) Class: 10379K(10752K)->10379K(10752K)
[42.903s][info ][gc             ] GC(101) Pause Young (Allocation Failure) 2294M->364M(2417M) 3.811ms
[42.903s][info ][gc,cpu         ] GC(101) User=0.02s Sys=0.00s Real=0.00s
[42.903s][info ][safepoint      ] Safepoint "ParallelGCFailedAllocation", Time since last: 419035153 ns, Reaching safepoint: 73601 ns, At safepoint: 3921384 ns, Total: 3994985 ns
[43.318s][info ][gc,start       ] GC(102) Pause Young (Allocation Failure)
[43.321s][debug][gc,phases      ] GC(102) Scavenge 3.254ms
[43.321s][debug][gc,ref         ] GC(102) Skipped phase 1 of Reference Processing: no references
[43.321s][debug][gc,ref         ] GC(102) Skipped phase 2 of Reference Processing: no references
[43.321s][debug][gc,ref         ] GC(102) Skipped phase 3 of Reference Processing: no references
[43.321s][debug][gc,ref         ] GC(102) Skipped phase 4 of Reference Processing: no references
[43.321s][debug][gc,phases      ] GC(102) Reference Processing 0.037ms
[43.321s][debug][gc,phases      ] GC(102)   VM Weak                        Min:  0.0, Avg:  0.0, Max:  0.0, Diff:  0.0, Sum:  0.0, Workers: 4
[43.321s][debug][gc,phases      ] GC(102)     Dead                           Min: 0, Avg:  0.0, Max: 0, Diff: 0, Sum: 0, Workers: 4
[43.321s][debug][gc,phases      ] GC(102)     Total                          Min: 0, Avg: 153.0, Max: 576, Diff: 576, Sum: 612, Workers: 4
[43.321s][debug][gc,phases      ] GC(102)   ObjectSynchronizer Weak        Min:  0.0, Avg:  0.0, Max:  0.0, Diff:  0.0, Sum:  0.0, Workers: 4
[43.321s][debug][gc,phases      ] GC(102)     Dead                           Min: 0, Avg:  0.0, Max: 0, Diff: 0, Sum: 0, Workers: 4
[43.321s][debug][gc,phases      ] GC(102)     Total                          Min: 0, Avg: 85.8, Max: 192, Diff: 192, Sum: 343, Workers: 4
[43.321s][debug][gc,phases      ] GC(102)   JVMTI Tag Weak OopStorage      Min:  0.0, Avg:  0.0, Max:  0.0, Diff:  0.0, Sum:  0.0, Workers: 4
[43.321s][debug][gc,phases      ] GC(102)     Dead                           Min: 0, Avg:  0.0, Max: 0, Diff: 0, Sum: 0, Workers: 4
[43.321s][debug][gc,phases      ] GC(102)     Total                          Min: 0, Avg:  0.0, Max: 0, Diff: 0, Sum: 0, Workers: 4
[43.321s][debug][gc,phases      ] GC(102)   StringTable Weak               Min:  0.1, Avg:  0.1, Max:  0.1, Diff:  0.0, Sum:  0.5, Workers: 4
[43.321s][debug][gc,phases      ] GC(102)     Dead                           Min: 0, Avg:  0.0, Max: 0, Diff: 0, Sum: 0, Workers: 4
[43.321s][debug][gc,phases      ] GC(102)     Total                          Min: 8832, Avg: 10996.8, Max: 13952, Diff: 5120, Sum: 43987, Workers: 4
[43.321s][debug][gc,phases      ] GC(102)   ResolvedMethodTable Weak       Min:  0.0, Avg:  0.0, Max:  0.0, Diff:  0.0, Sum:  0.1, Workers: 4
[43.321s][debug][gc,phases      ] GC(102)     Dead                           Min: 0, Avg:  0.0, Max: 0, Diff: 0, Sum: 0, Workers: 4
[43.321s][debug][gc,phases      ] GC(102)     Total                          Min: 1664, Avg: 1902.0, Max: 2176, Diff: 512, Sum: 7608, Workers: 4
[43.321s][debug][gc,phases      ] GC(102)   JNI Weak                       Min:  0.0, Avg:  0.0, Max:  0.0, Diff:  0.0, Sum:  0.0, Workers: 4
[43.321s][debug][gc,phases      ] GC(102)     Dead                           Min: 0, Avg:  0.0, Max: 0, Diff: 0, Sum: 0, Workers: 4
[43.321s][debug][gc,phases      ] GC(102)     Total                          Min: 0, Avg:  0.0, Max: 0, Diff: 0, Sum: 0, Workers: 4
[43.321s][debug][gc,phases      ] GC(102)   StringDedup Table Weak         Min:  0.0, Avg:  0.0, Max:  0.0, Diff:  0.0, Sum:  0.0, Workers: 4
[43.321s][debug][gc,phases      ] GC(102)     Dead                           Min: 0, Avg:  0.0, Max: 0, Diff: 0, Sum: 0, Workers: 4
[43.321s][debug][gc,phases      ] GC(102)     Total                          Min: 0, Avg:  0.0, Max: 0, Diff: 0, Sum: 0, Workers: 4
[43.321s][debug][gc,phases      ] GC(102)   StringDedup Requests0 Weak     Min:  0.0, Avg:  0.0, Max:  0.0, Diff:  0.0, Sum:  0.0, Workers: 4
[43.321s][debug][gc,phases      ] GC(102)     Dead                           Min: 0, Avg:  0.0, Max: 0, Diff: 0, Sum: 0, Workers: 4
[43.321s][debug][gc,phases      ] GC(102)     Total                          Min: 0, Avg:  0.0, Max: 0, Diff: 0, Sum: 0, Workers: 4
[43.321s][debug][gc,phases      ] GC(102)   StringDedup Requests1 Weak     Min:  0.0, Avg:  0.0, Max:  0.0, Diff:  0.0, Sum:  0.0, Workers: 4
[43.321s][debug][gc,phases      ] GC(102)     Dead                           Min: 0, Avg:  0.0, Max: 0, Diff: 0, Sum: 0, Workers: 4
[43.321s][debug][gc,phases      ] GC(102)     Total                          Min: 0, Avg:  0.0, Max: 0, Diff: 0, Sum: 0, Workers: 4
[43.321s][debug][gc,phases      ] GC(102)   Weak JFR Old Object Samples    Min:  0.0, Avg:  0.0, Max:  0.0, Diff:  0.0, Sum:  0.0, Workers: 4
[43.321s][debug][gc,phases      ] GC(102)     Dead                           Min: 0, Avg:  0.0, Max: 0, Diff: 0, Sum: 0, Workers: 4
[43.321s][debug][gc,phases      ] GC(102)     Total                          Min: 0, Avg:  0.0, Max: 0, Diff: 0, Sum: 0, Workers: 4
[43.322s][debug][gc,phases      ] GC(102) Weak Processing 0.352ms
[43.322s][debug][gc,age         ] GC(102) Desired survivor size 53477376 bytes, new threshold 15 (max threshold 15)
[43.322s][info ][gc,heap        ] GC(102) PSYoungGen: 1982304K(2035200K)->5824K(2044928K) Eden: 1976832K(1976832K)->0K(1989632K) From: 5472K(58368K)->5824K(55296K)
[43.322s][info ][gc,heap        ] GC(102) ParOldGen: 368038K(439808K)->368294K(439808K)
[43.322s][info ][gc,metaspace   ] GC(102) Metaspace: 72253K(73024K)->72253K(73024K) NonClass: 61873K(62272K)->61873K(62272K) Class: 10379K(10752K)->10379K(10752K)
[43.322s][info ][gc             ] GC(102) Pause Young (Allocation Failure) 2295M->365M(2426M) 3.774ms
[43.322s][info ][gc,cpu         ] GC(102) User=0.01s Sys=0.00s Real=0.00s
[43.322s][info ][safepoint      ] Safepoint "ParallelGCFailedAllocation", Time since last: 414389354 ns, Reaching safepoint: 142703 ns, At safepoint: 3885983 ns, Total: 4028686 ns
[43.747s][info ][gc,start       ] GC(103) Pause Young (Allocation Failure)
[43.751s][debug][gc,phases      ] GC(103) Scavenge 3.939ms
[43.751s][debug][gc,ref         ] GC(103) Skipped phase 1 of Reference Processing: no references
[43.751s][debug][gc,ref         ] GC(103) Skipped phase 2 of Reference Processing: no references
[43.751s][debug][gc,ref         ] GC(103) Skipped phase 3 of Reference Processing: no references
[43.751s][debug][gc,ref         ] GC(103) Skipped phase 4 of Reference Processing: no references
[43.751s][debug][gc,phases      ] GC(103) Reference Processing 0.025ms
[43.751s][debug][gc,phases      ] GC(103)   VM Weak                        Min:  0.0, Avg:  0.0, Max:  0.0, Diff:  0.0, Sum:  0.0, Workers: 4
[43.751s][debug][gc,phases      ] GC(103)     Dead                           Min: 0, Avg:  0.0, Max: 0, Diff: 0, Sum: 0, Workers: 4
[43.751s][debug][gc,phases      ] GC(103)     Total                          Min: 0, Avg: 153.0, Max: 612, Diff: 612, Sum: 612, Workers: 4
[43.751s][debug][gc,phases      ] GC(103)   ObjectSynchronizer Weak        Min:  0.0, Avg:  0.0, Max:  0.0, Diff:  0.0, Sum:  0.0, Workers: 4
[43.751s][debug][gc,phases      ] GC(103)     Dead                           Min: 0, Avg:  0.0, Max: 0, Diff: 0, Sum: 0, Workers: 4
[43.751s][debug][gc,phases      ] GC(103)     Total                          Min: 0, Avg: 85.8, Max: 215, Diff: 215, Sum: 343, Workers: 4
[43.751s][debug][gc,phases      ] GC(103)   JVMTI Tag Weak OopStorage      Min:  0.0, Avg:  0.0, Max:  0.0, Diff:  0.0, Sum:  0.0, Workers: 4
[43.751s][debug][gc,phases      ] GC(103)     Dead                           Min: 0, Avg:  0.0, Max: 0, Diff: 0, Sum: 0, Workers: 4
[43.751s][debug][gc,phases      ] GC(103)     Total                          Min: 0, Avg:  0.0, Max: 0, Diff: 0, Sum: 0, Workers: 4
[43.751s][debug][gc,phases      ] GC(103)   StringTable Weak               Min:  0.1, Avg:  0.1, Max:  0.1, Diff:  0.0, Sum:  0.4, Workers: 4
[43.751s][debug][gc,phases      ] GC(103)     Dead                           Min: 0, Avg:  0.0, Max: 0, Diff: 0, Sum: 0, Workers: 4
[43.751s][debug][gc,phases      ] GC(103)     Total                          Min: 7552, Avg: 10999.8, Max: 12639, Diff: 5087, Sum: 43999, Workers: 4
[43.751s][debug][gc,phases      ] GC(103)   ResolvedMethodTable Weak       Min:  0.0, Avg:  0.0, Max:  0.0, Diff:  0.0, Sum:  0.1, Workers: 4
[43.751s][debug][gc,phases      ] GC(103)     Dead                           Min: 0, Avg:  0.0, Max: 0, Diff: 0, Sum: 0, Workers: 4
[43.751s][debug][gc,phases      ] GC(103)     Total                          Min: 1471, Avg: 1902.0, Max: 2048, Diff: 577, Sum: 7608, Workers: 4
[43.751s][debug][gc,phases      ] GC(103)   JNI Weak                       Min:  0.0, Avg:  0.0, Max:  0.0, Diff:  0.0, Sum:  0.0, Workers: 4
[43.751s][debug][gc,phases      ] GC(103)     Dead                           Min: 0, Avg:  0.0, Max: 0, Diff: 0, Sum: 0, Workers: 4
[43.751s][debug][gc,phases      ] GC(103)     Total                          Min: 0, Avg:  0.0, Max: 0, Diff: 0, Sum: 0, Workers: 4
[43.751s][debug][gc,phases      ] GC(103)   StringDedup Table Weak         Min:  0.0, Avg:  0.0, Max:  0.0, Diff:  0.0, Sum:  0.0, Workers: 4
[43.751s][debug][gc,phases      ] GC(103)     Dead                           Min: 0, Avg:  0.0, Max: 0, Diff: 0, Sum: 0, Workers: 4
[43.751s][debug][gc,phases      ] GC(103)     Total                          Min: 0, Avg:  0.0, Max: 0, Diff: 0, Sum: 0, Workers: 4
[43.751s][debug][gc,phases      ] GC(103)   StringDedup Requests0 Weak     Min:  0.0, Avg:  0.0, Max:  0.0, Diff:  0.0, Sum:  0.0, Workers: 4
[43.751s][debug][gc,phases      ] GC(103)     Dead                           Min: 0, Avg:  0.0, Max: 0, Diff: 0, Sum: 0, Workers: 4
[43.751s][debug][gc,phases      ] GC(103)     Total                          Min: 0, Avg:  0.0, Max: 0, Diff: 0, Sum: 0, Workers: 4
[43.751s][debug][gc,phases      ] GC(103)   StringDedup Requests1 Weak     Min:  0.0, Avg:  0.0, Max:  0.0, Diff:  0.0, Sum:  0.0, Workers: 4
[43.751s][debug][gc,phases      ] GC(103)     Dead                           Min: 0, Avg:  0.0, Max: 0, Diff: 0, Sum: 0, Workers: 4
[43.751s][debug][gc,phases      ] GC(103)     Total                          Min: 0, Avg:  0.0, Max: 0, Diff: 0, Sum: 0, Workers: 4
[43.751s][debug][gc,phases      ] GC(103)   Weak JFR Old Object Samples    Min:  0.0, Avg:  0.0, Max:  0.0, Diff:  0.0, Sum:  0.0, Workers: 4
[43.751s][debug][gc,phases      ] GC(103)     Dead                           Min: 0, Avg:  0.0, Max: 0, Diff: 0, Sum: 0, Workers: 4
[43.751s][debug][gc,phases      ] GC(103)     Total                          Min: 0, Avg:  0.0, Max: 0, Diff: 0, Sum: 0, Workers: 4
[43.751s][debug][gc,phases      ] GC(103) Weak Processing 0.339ms
[43.751s][debug][gc,age         ] GC(103) Desired survivor size 49807360 bytes, new threshold 15 (max threshold 15)
[43.751s][info ][gc,heap        ] GC(103) PSYoungGen: 1995456K(2044928K)->6304K(2041856K) Eden: 1989632K(1989632K)->0K(1989632K) From: 5824K(55296K)->6304K(52224K)
[43.751s][info ][gc,heap        ] GC(103) ParOldGen: 368294K(439808K)->368566K(439808K)
[43.751s][info ][gc,metaspace   ] GC(103) Metaspace: 72254K(73024K)->72254K(73024K) NonClass: 61874K(62272K)->61874K(62272K) Class: 10379K(10752K)->10379K(10752K)
[43.751s][info ][gc             ] GC(103) Pause Young (Allocation Failure) 2308M->366M(2423M) 4.445ms
[43.751s][info ][gc,cpu         ] GC(103) User=0.01s Sys=0.00s Real=0.01s
[43.751s][info ][safepoint      ] Safepoint "ParallelGCFailedAllocation", Time since last: 425151184 ns, Reaching safepoint: 123502 ns, At safepoint: 4567198 ns, Total: 4690700 ns
[44.237s][info ][gc,start       ] GC(104) Pause Young (Allocation Failure)
[44.242s][debug][gc,phases      ] GC(104) Scavenge 4.751ms
[44.242s][debug][gc,ref         ] GC(104) Skipped phase 1 of Reference Processing: no references
[44.242s][debug][gc,ref         ] GC(104) Skipped phase 2 of Reference Processing: no references
[44.242s][debug][gc,ref         ] GC(104) Skipped phase 3 of Reference Processing: no references
[44.242s][debug][gc,ref         ] GC(104) Skipped phase 4 of Reference Processing: no references
[44.242s][debug][gc,phases      ] GC(104) Reference Processing 0.023ms
[44.242s][debug][gc,phases      ] GC(104)   VM Weak                        Min:  0.0, Avg:  0.0, Max:  0.0, Diff:  0.0, Sum:  0.0, Workers: 4
[44.242s][debug][gc,phases      ] GC(104)     Dead                           Min: 0, Avg:  0.0, Max: 0, Diff: 0, Sum: 0, Workers: 4
[44.242s][debug][gc,phases      ] GC(104)     Total                          Min: 0, Avg: 153.0, Max: 448, Diff: 448, Sum: 612, Workers: 4
[44.242s][debug][gc,phases      ] GC(104)   ObjectSynchronizer Weak        Min:  0.0, Avg:  0.0, Max:  0.0, Diff:  0.0, Sum:  0.0, Workers: 4
[44.242s][debug][gc,phases      ] GC(104)     Dead                           Min: 0, Avg:  0.0, Max: 0, Diff: 0, Sum: 0, Workers: 4
[44.242s][debug][gc,phases      ] GC(104)     Total                          Min: 0, Avg: 85.8, Max: 128, Diff: 128, Sum: 343, Workers: 4
[44.242s][debug][gc,phases      ] GC(104)   JVMTI Tag Weak OopStorage      Min:  0.0, Avg:  0.0, Max:  0.0, Diff:  0.0, Sum:  0.0, Workers: 4
[44.242s][debug][gc,phases      ] GC(104)     Dead                           Min: 0, Avg:  0.0, Max: 0, Diff: 0, Sum: 0, Workers: 4
[44.242s][debug][gc,phases      ] GC(104)     Total                          Min: 0, Avg:  0.0, Max: 0, Diff: 0, Sum: 0, Workers: 4
[44.242s][debug][gc,phases      ] GC(104)   StringTable Weak               Min:  0.1, Avg:  0.1, Max:  0.1, Diff:  0.0, Sum:  0.4, Workers: 4
[44.242s][debug][gc,phases      ] GC(104)     Dead                           Min: 0, Avg:  0.0, Max: 0, Diff: 0, Sum: 0, Workers: 4
[44.242s][debug][gc,phases      ] GC(104)     Total                          Min: 9856, Avg: 11000.2, Max: 11553, Diff: 1697, Sum: 44001, Workers: 4
[44.242s][debug][gc,phases      ] GC(104)   ResolvedMethodTable Weak       Min:  0.0, Avg:  0.0, Max:  0.0, Diff:  0.0, Sum:  0.1, Workers: 4
[44.242s][debug][gc,phases      ] GC(104)     Dead                           Min: 0, Avg:  0.0, Max: 0, Diff: 0, Sum: 0, Workers: 4
[44.242s][debug][gc,phases      ] GC(104)     Total                          Min: 1792, Avg: 1902.0, Max: 2111, Diff: 319, Sum: 7608, Workers: 4
[44.242s][debug][gc,phases      ] GC(104)   JNI Weak                       Min:  0.0, Avg:  0.0, Max:  0.0, Diff:  0.0, Sum:  0.0, Workers: 4
[44.242s][debug][gc,phases      ] GC(104)     Dead                           Min: 0, Avg:  0.0, Max: 0, Diff: 0, Sum: 0, Workers: 4
[44.242s][debug][gc,phases      ] GC(104)     Total                          Min: 0, Avg:  0.2, Max: 1, Diff: 1, Sum: 1, Workers: 4
[44.242s][debug][gc,phases      ] GC(104)   StringDedup Table Weak         Min:  0.0, Avg:  0.0, Max:  0.0, Diff:  0.0, Sum:  0.0, Workers: 4
[44.242s][debug][gc,phases      ] GC(104)     Dead                           Min: 0, Avg:  0.0, Max: 0, Diff: 0, Sum: 0, Workers: 4
[44.242s][debug][gc,phases      ] GC(104)     Total                          Min: 0, Avg:  0.0, Max: 0, Diff: 0, Sum: 0, Workers: 4
[44.242s][debug][gc,phases      ] GC(104)   StringDedup Requests0 Weak     Min:  0.0, Avg:  0.0, Max:  0.0, Diff:  0.0, Sum:  0.0, Workers: 4
[44.242s][debug][gc,phases      ] GC(104)     Dead                           Min: 0, Avg:  0.0, Max: 0, Diff: 0, Sum: 0, Workers: 4
[44.242s][debug][gc,phases      ] GC(104)     Total                          Min: 0, Avg:  0.0, Max: 0, Diff: 0, Sum: 0, Workers: 4
[44.242s][debug][gc,phases      ] GC(104)   StringDedup Requests1 Weak     Min:  0.0, Avg:  0.0, Max:  0.0, Diff:  0.0, Sum:  0.0, Workers: 4
[44.242s][debug][gc,phases      ] GC(104)     Dead                           Min: 0, Avg:  0.0, Max: 0, Diff: 0, Sum: 0, Workers: 4
[44.242s][debug][gc,phases      ] GC(104)     Total                          Min: 0, Avg:  0.0, Max: 0, Diff: 0, Sum: 0, Workers: 4
[44.242s][debug][gc,phases      ] GC(104)   Weak JFR Old Object Samples    Min:  0.0, Avg:  0.0, Max:  0.0, Diff:  0.0, Sum:  0.0, Workers: 4
[44.242s][debug][gc,phases      ] GC(104)     Dead                           Min: 0, Avg:  0.0, Max: 0, Diff: 0, Sum: 0, Workers: 4
[44.242s][debug][gc,phases      ] GC(104)     Total                          Min: 0, Avg:  0.0, Max: 0, Diff: 0, Sum: 0, Workers: 4
[44.242s][debug][gc,phases      ] GC(104) Weak Processing 0.316ms
[44.242s][debug][gc,age         ] GC(104) Desired survivor size 46661632 bytes, new threshold 15 (max threshold 15)
[44.242s][info ][gc,heap        ] GC(104) PSYoungGen: 1995936K(2041856K)->7392K(2051584K) Eden: 1989632K(1989632K)->0K(2002944K) From: 6304K(52224K)->7392K(48640K)
[44.242s][info ][gc,heap        ] GC(104) ParOldGen: 368566K(439808K)->368862K(439808K)
[44.242s][info ][gc,metaspace   ] GC(104) Metaspace: 72260K(73024K)->72260K(73024K) NonClass: 61881K(62272K)->61881K(62272K) Class: 10379K(10752K)->10379K(10752K)
[44.242s][info ][gc             ] GC(104) Pause Young (Allocation Failure) 2309M->367M(2433M) 5.231ms
[44.242s][info ][gc,cpu         ] GC(104) User=0.03s Sys=0.00s Real=0.00s
[44.242s][info ][safepoint      ] Safepoint "ParallelGCFailedAllocation", Time since last: 485256268 ns, Reaching safepoint: 174803 ns, At safepoint: 5349415 ns, Total: 5524218 ns
[45.242s][info ][safepoint      ] Safepoint "Cleanup", Time since last: 1000088767 ns, Reaching safepoint: 79202 ns, At safepoint: 8000 ns, Total: 87202 ns
[46.243s][info ][safepoint      ] Safepoint "Cleanup", Time since last: 1000110068 ns, Reaching safepoint: 84102 ns, At safepoint: 8200 ns, Total: 92302 ns
[47.243s][info ][safepoint      ] Safepoint "Cleanup", Time since last: 1000130368 ns, Reaching safepoint: 82902 ns, At safepoint: 5700 ns, Total: 88602 ns
[50.243s][info ][safepoint      ] Safepoint "Cleanup", Time since last: 3000210302 ns, Reaching safepoint: 55902 ns, At safepoint: 8600 ns, Total: 64502 ns
[51.243s][info ][safepoint      ] Safepoint "Cleanup", Time since last: 1000116968 ns, Reaching safepoint: 57602 ns, At safepoint: 3800 ns, Total: 61402 ns
[52.243s][info ][safepoint      ] Safepoint "Cleanup", Time since last: 1000110668 ns, Reaching safepoint: 62502 ns, At safepoint: 6400 ns, Total: 68902 ns
[53.244s][info ][safepoint      ] Safepoint "Cleanup", Time since last: 1000112668 ns, Reaching safepoint: 75202 ns, At safepoint: 3100 ns, Total: 78302 ns
[54.244s][info ][safepoint      ] Safepoint "Cleanup", Time since last: 1000130869 ns, Reaching safepoint: 94902 ns, At safepoint: 10900 ns, Total: 105802 ns
[55.245s][info ][safepoint      ] Safepoint "Cleanup", Time since last: 1001330495 ns, Reaching safepoint: 62401 ns, At safepoint: 3101 ns, Total: 65502 ns
[57.246s][info ][safepoint      ] Safepoint "Cleanup", Time since last: 2000175336 ns, Reaching safepoint: 54801 ns, At safepoint: 6001 ns, Total: 60802 ns
[59.246s][info ][safepoint      ] Safepoint "Cleanup", Time since last: 2000179837 ns, Reaching safepoint: 62101 ns, At safepoint: 8700 ns, Total: 70801 ns
[62.246s][info ][safepoint      ] Safepoint "Cleanup", Time since last: 3000257406 ns, Reaching safepoint: 70102 ns, At safepoint: 3200 ns, Total: 73302 ns
[63.246s][info ][safepoint      ] Safepoint "Cleanup", Time since last: 1000114769 ns, Reaching safepoint: 62201 ns, At safepoint: 2900 ns, Total: 65101 ns
[65.247s][info ][safepoint      ] Safepoint "Cleanup", Time since last: 2000190839 ns, Reaching safepoint: 56401 ns, At safepoint: 3100 ns, Total: 59501 ns
[66.247s][info ][safepoint      ] Safepoint "Cleanup", Time since last: 1000122170 ns, Reaching safepoint: 78402 ns, At safepoint: 6100 ns, Total: 84502 ns
[67.247s][info ][safepoint      ] Safepoint "Cleanup", Time since last: 1000133870 ns, Reaching safepoint: 149303 ns, At safepoint: 26201 ns, Total: 175504 ns
[68.247s][info ][safepoint      ] Safepoint "Cleanup", Time since last: 1000139070 ns, Reaching safepoint: 60801 ns, At safepoint: 3500 ns, Total: 64301 ns
[69.018s][info ][safepoint      ] Safepoint "ICBufferFull", Time since last: 770356461 ns, Reaching safepoint: 262705 ns, At safepoint: 9901 ns, Total: 272606 ns
[69.121s][info ][safepoint      ] Safepoint "ICBufferFull", Time since last: 103126003 ns, Reaching safepoint: 210605 ns, At safepoint: 12600 ns, Total: 223205 ns
[69.911s][info ][safepoint      ] Safepoint "ICBufferFull", Time since last: 789567771 ns, Reaching safepoint: 254805 ns, At safepoint: 23501 ns, Total: 278306 ns
[70.000s][info ][safepoint      ] Safepoint "ICBufferFull", Time since last: 88938700 ns, Reaching safepoint: 229505 ns, At safepoint: 12601 ns, Total: 242106 ns
[70.174s][info ][safepoint      ] Safepoint "ICBufferFull", Time since last: 173252901 ns, Reaching safepoint: 368908 ns, At safepoint: 15301 ns, Total: 384209 ns
[70.482s][info ][safepoint      ] Safepoint "ICBufferFull", Time since last: 308004481 ns, Reaching safepoint: 420209 ns, At safepoint: 13500 ns, Total: 433709 ns
[70.810s][info ][safepoint      ] Safepoint "ICBufferFull", Time since last: 327668202 ns, Reaching safepoint: 247105 ns, At safepoint: 10300 ns, Total: 257405 ns
[71.242s][info ][safepoint      ] Safepoint "ICBufferFull", Time since last: 431505320 ns, Reaching safepoint: 121303 ns, At safepoint: 2600 ns, Total: 123903 ns
[71.446s][info ][safepoint      ] Safepoint "ICBufferFull", Time since last: 204314666 ns, Reaching safepoint: 129903 ns, At safepoint: 3000 ns, Total: 132903 ns
[71.465s][info ][gc,start       ] GC(105) Pause Young (Allocation Failure)
[71.504s][debug][gc,phases      ] GC(105) Scavenge 38.978ms
[71.504s][debug][gc,ref         ] GC(105) Skipped phase 1 of Reference Processing: no references
[71.504s][debug][gc,ref         ] GC(105) ReferenceProcessor::execute queues: 1, RefProcThreadModel::Single, marks_oops_alive: false
[71.504s][debug][gc,ref         ] GC(105) Skipped phase 3 of Reference Processing: no references
[71.504s][debug][gc,ref         ] GC(105) ReferenceProcessor::execute queues: 1, RefProcThreadModel::Single, marks_oops_alive: false
[71.504s][debug][gc,phases      ] GC(105) Reference Processing 0.216ms
[71.504s][debug][gc,phases      ] GC(105)   VM Weak                        Min:  0.0, Avg:  0.0, Max:  0.0, Diff:  0.0, Sum:  0.0, Workers: 4
[71.504s][debug][gc,phases      ] GC(105)     Dead                           Min: 0, Avg:  0.0, Max: 0, Diff: 0, Sum: 0, Workers: 4
[71.504s][debug][gc,phases      ] GC(105)     Total                          Min: 0, Avg: 163.2, Max: 640, Diff: 640, Sum: 653, Workers: 4
[71.504s][debug][gc,phases      ] GC(105)   ObjectSynchronizer Weak        Min:  0.0, Avg:  0.0, Max:  0.0, Diff:  0.0, Sum:  0.0, Workers: 4
[71.504s][debug][gc,phases      ] GC(105)     Dead                           Min: 0, Avg:  0.0, Max: 0, Diff: 0, Sum: 0, Workers: 4
[71.504s][debug][gc,phases      ] GC(105)     Total                          Min: 0, Avg: 87.0, Max: 192, Diff: 192, Sum: 348, Workers: 4
[71.505s][debug][gc,phases      ] GC(105)   JVMTI Tag Weak OopStorage      Min:  0.0, Avg:  0.0, Max:  0.0, Diff:  0.0, Sum:  0.0, Workers: 4
[71.505s][debug][gc,phases      ] GC(105)     Dead                           Min: 0, Avg:  0.0, Max: 0, Diff: 0, Sum: 0, Workers: 4
[71.505s][debug][gc,phases      ] GC(105)     Total                          Min: 0, Avg:  0.0, Max: 0, Diff: 0, Sum: 0, Workers: 4
[71.505s][debug][gc,phases      ] GC(105)   StringTable Weak               Min:  0.1, Avg:  0.1, Max:  0.1, Diff:  0.0, Sum:  0.5, Workers: 4
[71.505s][debug][gc,phases      ] GC(105)     Dead                           Min: 0, Avg:  1.5, Max: 5, Diff: 5, Sum: 6, Workers: 4
[71.505s][debug][gc,phases      ] GC(105)     Total                          Min: 10880, Avg: 11749.0, Max: 13120, Diff: 2240, Sum: 46996, Workers: 4
[71.505s][debug][gc,phases      ] GC(105)   ResolvedMethodTable Weak       Min:  0.0, Avg:  0.0, Max:  0.0, Diff:  0.0, Sum:  0.1, Workers: 4
[71.505s][debug][gc,phases      ] GC(105)     Dead                           Min: 8, Avg: 28.8, Max: 58, Diff: 50, Sum: 115, Workers: 4
[71.505s][debug][gc,phases      ] GC(105)     Total                          Min: 1661, Avg: 2052.2, Max: 2624, Diff: 963, Sum: 8209, Workers: 4
[71.505s][debug][gc,phases      ] GC(105)   JNI Weak                       Min:  0.0, Avg:  0.0, Max:  0.0, Diff:  0.0, Sum:  0.0, Workers: 4
[71.505s][debug][gc,phases      ] GC(105)     Dead                           Min: 0, Avg:  0.0, Max: 0, Diff: 0, Sum: 0, Workers: 4
[71.505s][debug][gc,phases      ] GC(105)     Total                          Min: 0, Avg: 17.5, Max: 40, Diff: 40, Sum: 70, Workers: 4
[71.505s][debug][gc,phases      ] GC(105)   StringDedup Table Weak         Min:  0.0, Avg:  0.0, Max:  0.0, Diff:  0.0, Sum:  0.0, Workers: 4
[71.505s][debug][gc,phases      ] GC(105)     Dead                           Min: 0, Avg:  0.0, Max: 0, Diff: 0, Sum: 0, Workers: 4
[71.505s][debug][gc,phases      ] GC(105)     Total                          Min: 0, Avg:  0.0, Max: 0, Diff: 0, Sum: 0, Workers: 4
[71.505s][debug][gc,phases      ] GC(105)   StringDedup Requests0 Weak     Min:  0.0, Avg:  0.0, Max:  0.0, Diff:  0.0, Sum:  0.0, Workers: 4
[71.505s][debug][gc,phases      ] GC(105)     Dead                           Min: 0, Avg:  0.0, Max: 0, Diff: 0, Sum: 0, Workers: 4
[71.505s][debug][gc,phases      ] GC(105)     Total                          Min: 0, Avg:  0.0, Max: 0, Diff: 0, Sum: 0, Workers: 4
[71.505s][debug][gc,phases      ] GC(105)   StringDedup Requests1 Weak     Min:  0.0, Avg:  0.0, Max:  0.0, Diff:  0.0, Sum:  0.0, Workers: 4
[71.505s][debug][gc,phases      ] GC(105)     Dead                           Min: 0, Avg:  0.0, Max: 0, Diff: 0, Sum: 0, Workers: 4
[71.505s][debug][gc,phases      ] GC(105)     Total                          Min: 0, Avg:  0.0, Max: 0, Diff: 0, Sum: 0, Workers: 4
[71.505s][debug][gc,phases      ] GC(105)   Weak JFR Old Object Samples    Min:  0.0, Avg:  0.0, Max:  0.0, Diff:  0.0, Sum:  0.0, Workers: 4
[71.505s][debug][gc,phases      ] GC(105)     Dead                           Min: 0, Avg:  0.0, Max: 0, Diff: 0, Sum: 0, Workers: 4
[71.505s][debug][gc,phases      ] GC(105)     Total                          Min: 0, Avg:  0.0, Max: 0, Diff: 0, Sum: 0, Workers: 4
[71.505s][debug][gc,phases      ] GC(105) Weak Processing 0.373ms
[71.505s][debug][gc,age         ] GC(105) Desired survivor size 79691776 bytes, new threshold 14 (max threshold 15)
[71.505s][info ][gc,heap        ] GC(105) PSYoungGen: 2010336K(2051584K)->45543K(2048512K) Eden: 2002944K(2002944K)->0K(2002944K) From: 7392K(48640K)->45543K(45568K)
[71.505s][info ][gc,heap        ] GC(105) ParOldGen: 368862K(439808K)->430218K(439808K)
[71.505s][info ][gc,metaspace   ] GC(105) Metaspace: 80755K(81536K)->80755K(81536K) NonClass: 69229K(69632K)->69229K(69632K) Class: 11525K(11904K)->11525K(11904K)
[71.505s][info ][gc             ] GC(105) Pause Young (Allocation Failure) 2323M->464M(2430M) 39.706ms
[71.505s][info ][gc,cpu         ] GC(105) User=0.15s Sys=0.00s Real=0.04s
[71.505s][debug][gc,phases      ] GC(106) Pre Compact 0.010ms
[71.505s][info ][gc,start       ] GC(106) Pause Full (Ergonomics)
[71.505s][info ][gc,phases,start] GC(106) Marking Phase
[71.668s][debug][gc,phases      ] GC(106) Par Mark 162.882ms
[71.668s][debug][gc,ref         ] GC(106) Skipped phase 1 of Reference Processing: no references
[71.668s][debug][gc,ref         ] GC(106) ReferenceProcessor::execute queues: 4, RefProcThreadModel::Multi, marks_oops_alive: false
[71.668s][debug][gc,ref         ] GC(106) Skipped phase 3 of Reference Processing: no references
[71.668s][debug][gc,ref         ] GC(106) ReferenceProcessor::execute queues: 1, RefProcThreadModel::Single, marks_oops_alive: false
[71.668s][debug][gc,phases      ] GC(106) Reference Processing 0.535ms
[71.669s][debug][gc,phases      ] GC(106)   VM Weak                        Min:  0.0, Avg:  0.0, Max:  0.0, Diff:  0.0, Sum:  0.0, Workers: 4
[71.669s][debug][gc,phases      ] GC(106)     Dead                           Min: 0, Avg:  0.0, Max: 0, Diff: 0, Sum: 0, Workers: 4
[71.669s][debug][gc,phases      ] GC(106)     Total                          Min: 0, Avg: 163.2, Max: 320, Diff: 320, Sum: 653, Workers: 4
[71.669s][debug][gc,phases      ] GC(106)   ObjectSynchronizer Weak        Min:  0.0, Avg:  0.0, Max:  0.0, Diff:  0.0, Sum:  0.0, Workers: 4
[71.669s][debug][gc,phases      ] GC(106)     Dead                           Min: 0, Avg:  0.2, Max: 1, Diff: 1, Sum: 1, Workers: 4
[71.669s][debug][gc,phases      ] GC(106)     Total                          Min: 0, Avg: 87.0, Max: 128, Diff: 128, Sum: 348, Workers: 4
[71.669s][debug][gc,phases      ] GC(106)   JVMTI Tag Weak OopStorage      Min:  0.0, Avg:  0.0, Max:  0.0, Diff:  0.0, Sum:  0.0, Workers: 4
[71.669s][debug][gc,phases      ] GC(106)     Dead                           Min: 0, Avg:  0.0, Max: 0, Diff: 0, Sum: 0, Workers: 4
[71.669s][debug][gc,phases      ] GC(106)     Total                          Min: 0, Avg:  0.0, Max: 0, Diff: 0, Sum: 0, Workers: 4
[71.669s][debug][gc,phases      ] GC(106)   StringTable Weak               Min:  0.1, Avg:  0.1, Max:  0.1, Diff:  0.0, Sum:  0.6, Workers: 4
[71.669s][debug][gc,phases      ] GC(106)     Dead                           Min: 0, Avg:  0.0, Max: 0, Diff: 0, Sum: 0, Workers: 4
[71.669s][debug][gc,phases      ] GC(106)     Total                          Min: 11072, Avg: 11749.0, Max: 13012, Diff: 1940, Sum: 46996, Workers: 4
[71.669s][debug][gc,phases      ] GC(106)   ResolvedMethodTable Weak       Min:  0.0, Avg:  0.0, Max:  0.0, Diff:  0.0, Sum:  0.1, Workers: 4
[71.669s][debug][gc,phases      ] GC(106)     Dead                           Min: 0, Avg:  0.0, Max: 0, Diff: 0, Sum: 0, Workers: 4
[71.669s][debug][gc,phases      ] GC(106)     Total                          Min: 1856, Avg: 2052.2, Max: 2368, Diff: 512, Sum: 8209, Workers: 4
[71.669s][debug][gc,phases      ] GC(106)   JNI Weak                       Min:  0.0, Avg:  0.0, Max:  0.0, Diff:  0.0, Sum:  0.0, Workers: 4
[71.669s][debug][gc,phases      ] GC(106)     Dead                           Min: 0, Avg:  0.0, Max: 0, Diff: 0, Sum: 0, Workers: 4
[71.669s][debug][gc,phases      ] GC(106)     Total                          Min: 0, Avg: 17.5, Max: 40, Diff: 40, Sum: 70, Workers: 4
[71.669s][debug][gc,phases      ] GC(106)   StringDedup Table Weak         Min:  0.0, Avg:  0.0, Max:  0.0, Diff:  0.0, Sum:  0.0, Workers: 4
[71.669s][debug][gc,phases      ] GC(106)     Dead                           Min: 0, Avg:  0.0, Max: 0, Diff: 0, Sum: 0, Workers: 4
[71.669s][debug][gc,phases      ] GC(106)     Total                          Min: 0, Avg:  0.0, Max: 0, Diff: 0, Sum: 0, Workers: 4
[71.669s][debug][gc,phases      ] GC(106)   StringDedup Requests0 Weak     Min:  0.0, Avg:  0.0, Max:  0.0, Diff:  0.0, Sum:  0.0, Workers: 4
[71.669s][debug][gc,phases      ] GC(106)     Dead                           Min: 0, Avg:  0.0, Max: 0, Diff: 0, Sum: 0, Workers: 4
[71.669s][debug][gc,phases      ] GC(106)     Total                          Min: 0, Avg:  0.0, Max: 0, Diff: 0, Sum: 0, Workers: 4
[71.669s][debug][gc,phases      ] GC(106)   StringDedup Requests1 Weak     Min:  0.0, Avg:  0.0, Max:  0.0, Diff:  0.0, Sum:  0.0, Workers: 4
[71.669s][debug][gc,phases      ] GC(106)     Dead                           Min: 0, Avg:  0.0, Max: 0, Diff: 0, Sum: 0, Workers: 4
[71.669s][debug][gc,phases      ] GC(106)     Total                          Min: 0, Avg:  0.0, Max: 0, Diff: 0, Sum: 0, Workers: 4
[71.669s][debug][gc,phases      ] GC(106)   Weak JFR Old Object Samples    Min:  0.0, Avg:  0.0, Max:  0.0, Diff:  0.0, Sum:  0.0, Workers: 4
[71.669s][debug][gc,phases      ] GC(106)     Dead                           Min: 0, Avg:  0.0, Max: 0, Diff: 0, Sum: 0, Workers: 4
[71.669s][debug][gc,phases      ] GC(106)     Total                          Min: 0, Avg:  0.0, Max: 0, Diff: 0, Sum: 0, Workers: 4
[71.669s][debug][gc,phases      ] GC(106) Weak Processing 0.344ms
[71.669s][debug][gc,phases      ] GC(106) ClassLoaderData 0.087ms
[71.669s][debug][gc,phases      ] GC(106) Trigger cleanups 0.000ms
[71.683s][debug][gc,phases      ] GC(106) Class Unloading 14.455ms
[71.683s][info ][gc,phases      ] GC(106) Marking Phase 178.419ms
[71.683s][info ][gc,phases,start] GC(106) Summary Phase
[71.683s][info ][gc,phases      ] GC(106) Summary Phase 0.011ms
[71.683s][info ][gc,phases,start] GC(106) Adjust Roots
[71.696s][info ][gc,phases      ] GC(106) Adjust Roots 12.662ms
[71.696s][info ][gc,phases,start] GC(106) Compaction Phase
[71.977s][info ][gc,phases      ] GC(106) Compaction Phase 281.543ms
[71.977s][info ][gc,phases,start] GC(106) Post Compact
[71.979s][info ][gc,phases      ] GC(106) Post Compact 1.667ms
[71.979s][info ][gc,heap        ] GC(106) PSYoungGen: 45543K(2048512K)->38357K(2041344K) Eden: 0K(2002944K)->0K(2002944K) From: 45543K(45568K)->38357K(38400K)
[71.979s][info ][gc,heap        ] GC(106) ParOldGen: 430218K(439808K)->430593K(543232K)
[71.979s][info ][gc,metaspace   ] GC(106) Metaspace: 80755K(81536K)->80755K(81536K) NonClass: 69229K(69632K)->69229K(69632K) Class: 11525K(11904K)->11525K(11904K)
[71.979s][info ][gc             ] GC(106) Pause Full (Ergonomics) 464M->457M(2524M) 474.642ms
[71.979s][info ][gc,cpu         ] GC(106) User=1.79s Sys=0.01s Real=0.48s
[71.979s][info ][safepoint      ] Safepoint "ParallelGCFailedAllocation", Time since last: 18517395 ns, Reaching safepoint: 55902 ns, At safepoint: 514498093 ns, Total: 514553995 ns
[72.106s][info ][safepoint      ] Safepoint "ICBufferFull", Time since last: 125986292 ns, Reaching safepoint: 84202 ns, At safepoint: 4000 ns, Total: 88202 ns
[72.213s][info ][safepoint      ] Safepoint "ICBufferFull", Time since last: 107718102 ns, Reaching safepoint: 102302 ns, At safepoint: 3200 ns, Total: 105502 ns
[72.333s][info ][safepoint      ] Safepoint "ICBufferFull", Time since last: 119103545 ns, Reaching safepoint: 117803 ns, At safepoint: 9100 ns, Total: 126903 ns
[72.558s][info ][safepoint      ] Safepoint "ICBufferFull", Time since last: 225515418 ns, Reaching safepoint: 71702 ns, At safepoint: 4800 ns, Total: 76502 ns
[72.778s][info ][safepoint      ] Safepoint "ICBufferFull", Time since last: 220127404 ns, Reaching safepoint: 76101 ns, At safepoint: 3100 ns, Total: 79201 ns
[73.093s][info ][safepoint      ] Safepoint "ICBufferFull", Time since last: 314233115 ns, Reaching safepoint: 69801 ns, At safepoint: 2500 ns, Total: 72301 ns
[73.399s][info ][safepoint      ] Safepoint "ICBufferFull", Time since last: 306143142 ns, Reaching safepoint: 65201 ns, At safepoint: 5501 ns, Total: 70702 ns
[73.703s][info ][safepoint      ] Safepoint "ICBufferFull", Time since last: 303576686 ns, Reaching safepoint: 66402 ns, At safepoint: 2900 ns, Total: 69302 ns
[74.033s][info ][safepoint      ] Safepoint "ICBufferFull", Time since last: 330457061 ns, Reaching safepoint: 78802 ns, At safepoint: 3300 ns, Total: 82102 ns
[74.439s][info ][safepoint      ] Safepoint "ICBufferFull", Time since last: 405511065 ns, Reaching safepoint: 232605 ns, At safepoint: 15100 ns, Total: 247705 ns
[74.634s][info ][safepoint      ] Safepoint "ICBufferFull", Time since last: 194934165 ns, Reaching safepoint: 167204 ns, At safepoint: 4300 ns, Total: 171504 ns
[75.265s][info ][gc,start       ] GC(107) Pause Young (Allocation Failure)
[75.339s][debug][gc,phases      ] GC(107) Scavenge 74.064ms
[75.339s][debug][gc,ref         ] GC(107) Skipped phase 1 of Reference Processing: no references
[75.340s][debug][gc,ref         ] GC(107) ReferenceProcessor::execute queues: 1, RefProcThreadModel::Single, marks_oops_alive: false
[75.340s][debug][gc,ref         ] GC(107) Skipped phase 3 of Reference Processing: no references
[75.340s][debug][gc,ref         ] GC(107) Skipped phase 4 of Reference Processing: no references
[75.340s][debug][gc,phases      ] GC(107) Reference Processing 0.123ms
[75.340s][debug][gc,phases      ] GC(107)   VM Weak                        Min:  0.0, Avg:  0.0, Max:  0.0, Diff:  0.0, Sum:  0.0, Workers: 4
[75.340s][debug][gc,phases      ] GC(107)     Dead                           Min: 0, Avg:  0.0, Max: 0, Diff: 0, Sum: 0, Workers: 4
[75.340s][debug][gc,phases      ] GC(107)     Total                          Min: 0, Avg: 163.2, Max: 640, Diff: 640, Sum: 653, Workers: 4
[75.340s][debug][gc,phases      ] GC(107)   ObjectSynchronizer Weak        Min:  0.0, Avg:  0.0, Max:  0.0, Diff:  0.0, Sum:  0.0, Workers: 4
[75.340s][debug][gc,phases      ] GC(107)     Dead                           Min: 0, Avg:  0.0, Max: 0, Diff: 0, Sum: 0, Workers: 4
[75.340s][debug][gc,phases      ] GC(107)     Total                          Min: 0, Avg: 87.0, Max: 192, Diff: 192, Sum: 348, Workers: 4
[75.340s][debug][gc,phases      ] GC(107)   JVMTI Tag Weak OopStorage      Min:  0.0, Avg:  0.0, Max:  0.0, Diff:  0.0, Sum:  0.0, Workers: 4
[75.340s][debug][gc,phases      ] GC(107)     Dead                           Min: 0, Avg:  0.0, Max: 0, Diff: 0, Sum: 0, Workers: 4
[75.340s][debug][gc,phases      ] GC(107)     Total                          Min: 0, Avg:  0.0, Max: 0, Diff: 0, Sum: 0, Workers: 4
[75.340s][debug][gc,phases      ] GC(107)   StringTable Weak               Min:  0.1, Avg:  0.1, Max:  0.1, Diff:  0.0, Sum:  0.5, Workers: 4
[75.340s][debug][gc,phases      ] GC(107)     Dead                           Min: 0, Avg:  0.2, Max: 1, Diff: 1, Sum: 1, Workers: 4
[75.340s][debug][gc,phases      ] GC(107)     Total                          Min: 10240, Avg: 11767.8, Max: 13280, Diff: 3040, Sum: 47071, Workers: 4
[75.340s][debug][gc,phases      ] GC(107)   ResolvedMethodTable Weak       Min:  0.0, Avg:  0.0, Max:  0.0, Diff:  0.0, Sum:  0.1, Workers: 4
[75.340s][debug][gc,phases      ] GC(107)     Dead                           Min: 0, Avg:  0.0, Max: 0, Diff: 0, Sum: 0, Workers: 4
[75.340s][debug][gc,phases      ] GC(107)     Total                          Min: 1918, Avg: 1979.5, Max: 2102, Diff: 184, Sum: 7918, Workers: 4
[75.340s][debug][gc,phases      ] GC(107)   JNI Weak                       Min:  0.0, Avg:  0.0, Max:  0.0, Diff:  0.0, Sum:  0.0, Workers: 4
[75.340s][debug][gc,phases      ] GC(107)     Dead                           Min: 0, Avg:  0.0, Max: 0, Diff: 0, Sum: 0, Workers: 4
[75.340s][debug][gc,phases      ] GC(107)     Total                          Min: 0, Avg:  5.8, Max: 23, Diff: 23, Sum: 23, Workers: 4
[75.340s][debug][gc,phases      ] GC(107)   StringDedup Table Weak         Min:  0.0, Avg:  0.0, Max:  0.0, Diff:  0.0, Sum:  0.0, Workers: 4
[75.340s][debug][gc,phases      ] GC(107)     Dead                           Min: 0, Avg:  0.0, Max: 0, Diff: 0, Sum: 0, Workers: 4
[75.340s][debug][gc,phases      ] GC(107)     Total                          Min: 0, Avg:  0.0, Max: 0, Diff: 0, Sum: 0, Workers: 4
[75.340s][debug][gc,phases      ] GC(107)   StringDedup Requests0 Weak     Min:  0.0, Avg:  0.0, Max:  0.0, Diff:  0.0, Sum:  0.0, Workers: 4
[75.340s][debug][gc,phases      ] GC(107)     Dead                           Min: 0, Avg:  0.0, Max: 0, Diff: 0, Sum: 0, Workers: 4
[75.340s][debug][gc,phases      ] GC(107)     Total                          Min: 0, Avg:  0.0, Max: 0, Diff: 0, Sum: 0, Workers: 4
[75.340s][debug][gc,phases      ] GC(107)   StringDedup Requests1 Weak     Min:  0.0, Avg:  0.0, Max:  0.0, Diff:  0.0, Sum:  0.0, Workers: 4
[75.340s][debug][gc,phases      ] GC(107)     Dead                           Min: 0, Avg:  0.0, Max: 0, Diff: 0, Sum: 0, Workers: 4
[75.340s][debug][gc,phases      ] GC(107)     Total                          Min: 0, Avg:  0.0, Max: 0, Diff: 0, Sum: 0, Workers: 4
[75.340s][debug][gc,phases      ] GC(107)   Weak JFR Old Object Samples    Min:  0.0, Avg:  0.0, Max:  0.0, Diff:  0.0, Sum:  0.0, Workers: 4
[75.340s][debug][gc,phases      ] GC(107)     Dead                           Min: 0, Avg:  0.0, Max: 0, Diff: 0, Sum: 0, Workers: 4
[75.340s][debug][gc,phases      ] GC(107)     Total                          Min: 0, Avg:  0.0, Max: 0, Diff: 0, Sum: 0, Workers: 4
[75.340s][debug][gc,phases      ] GC(107) Weak Processing 0.328ms
[75.340s][debug][gc,age         ] GC(107) Desired survivor size 109051904 bytes, new threshold 13 (max threshold 15)
[75.340s][info ][gc,heap        ] GC(107) PSYoungGen: 2041301K(2041344K)->55776K(1939968K) Eden: 2002944K(2002944K)->0K(1884160K) From: 38357K(38400K)->55776K(55808K)
[75.340s][info ][gc,heap        ] GC(107) ParOldGen: 430593K(543232K)->487838K(543232K)
[75.340s][info ][gc,metaspace   ] GC(107) Metaspace: 81110K(81920K)->81110K(81920K) NonClass: 69558K(70016K)->69558K(70016K) Class: 11551K(11904K)->11551K(11904K)
[75.340s][info ][gc             ] GC(107) Pause Young (Allocation Failure) 2413M->530M(2425M) 74.650ms
[75.340s][info ][gc,cpu         ] GC(107) User=0.26s Sys=0.04s Real=0.08s
[75.340s][info ][safepoint      ] Safepoint "ParallelGCFailedAllocation", Time since last: 631158286 ns, Reaching safepoint: 174904 ns, At safepoint: 74733797 ns, Total: 74908701 ns
[76.340s][info ][safepoint      ] Safepoint "Cleanup", Time since last: 1000105770 ns, Reaching safepoint: 143503 ns, At safepoint: 3700 ns, Total: 147203 ns
[76.890s][info ][safepoint      ] Safepoint "ICBufferFull", Time since last: 549825649 ns, Reaching safepoint: 210705 ns, At safepoint: 10600 ns, Total: 221305 ns
[77.516s][info ][safepoint      ] Safepoint "ICBufferFull", Time since last: 625333862 ns, Reaching safepoint: 172904 ns, At safepoint: 13100 ns, Total: 186004 ns
[77.944s][info ][safepoint      ] Safepoint "ICBufferFull", Time since last: 427872543 ns, Reaching safepoint: 295306 ns, At safepoint: 13800 ns, Total: 309106 ns
[78.761s][info ][safepoint      ] Safepoint "ICBufferFull", Time since last: 816942757 ns, Reaching safepoint: 176004 ns, At safepoint: 7200 ns, Total: 183204 ns
[79.146s][info ][safepoint      ] Safepoint "ICBufferFull", Time since last: 384742621 ns, Reaching safepoint: 192504 ns, At safepoint: 6600 ns, Total: 199104 ns
[79.555s][info ][safepoint      ] Safepoint "ICBufferFull", Time since last: 408458928 ns, Reaching safepoint: 168804 ns, At safepoint: 6600 ns, Total: 175404 ns
[80.555s][info ][safepoint      ] Safepoint "Cleanup", Time since last: 1000107371 ns, Reaching safepoint: 216404 ns, At safepoint: 10701 ns, Total: 227105 ns
[81.514s][info ][safepoint      ] Safepoint "ICBufferFull", Time since last: 959207896 ns, Reaching safepoint: 182204 ns, At safepoint: 9700 ns, Total: 191904 ns
[82.363s][info ][safepoint      ] Safepoint "ICBufferFull", Time since last: 847937419 ns, Reaching safepoint: 139303 ns, At safepoint: 8001 ns, Total: 147304 ns
[82.748s][info ][safepoint      ] Safepoint "ICBufferFull", Time since last: 385317233 ns, Reaching safepoint: 179404 ns, At safepoint: 7400 ns, Total: 186804 ns
[82.748s][info ][safepoint      ] Safepoint "ICBufferFull", Time since last: 73002 ns, Reaching safepoint: 95802 ns, At safepoint: 15500 ns, Total: 111302 ns
[83.748s][info ][safepoint      ] Safepoint "Cleanup", Time since last: 1000096971 ns, Reaching safepoint: 149003 ns, At safepoint: 13800 ns, Total: 162803 ns
[84.749s][info ][safepoint      ] Safepoint "Cleanup", Time since last: 1000124571 ns, Reaching safepoint: 135803 ns, At safepoint: 10301 ns, Total: 146104 ns
[85.749s][info ][safepoint      ] Safepoint "Cleanup", Time since last: 1000121571 ns, Reaching safepoint: 171503 ns, At safepoint: 12401 ns, Total: 183904 ns
[86.749s][info ][safepoint      ] Safepoint "Cleanup", Time since last: 1000122971 ns, Reaching safepoint: 128203 ns, At safepoint: 10800 ns, Total: 139003 ns
[87.750s][info ][safepoint      ] Safepoint "Cleanup", Time since last: 1000119171 ns, Reaching safepoint: 93402 ns, At safepoint: 8901 ns, Total: 102303 ns
[89.512s][info ][safepoint      ] Safepoint "Cleanup", Time since last: 1761793947 ns, Reaching safepoint: 211605 ns, At safepoint: 13500 ns, Total: 225105 ns
[91.260s][info ][safepoint      ] Safepoint "Cleanup", Time since last: 1748502264 ns, Reaching safepoint: 222505 ns, At safepoint: 12900 ns, Total: 235405 ns
[92.261s][info ][safepoint      ] Safepoint "Cleanup", Time since last: 1000113971 ns, Reaching safepoint: 135103 ns, At safepoint: 11700 ns, Total: 146803 ns
[93.261s][info ][safepoint      ] Safepoint "Cleanup", Time since last: 1000114072 ns, Reaching safepoint: 245805 ns, At safepoint: 9401 ns, Total: 255206 ns
[94.261s][info ][safepoint      ] Safepoint "Cleanup", Time since last: 1000105871 ns, Reaching safepoint: 133903 ns, At safepoint: 11100 ns, Total: 145003 ns
[95.261s][info ][safepoint      ] Safepoint "Cleanup", Time since last: 1000104472 ns, Reaching safepoint: 93402 ns, At safepoint: 12900 ns, Total: 106302 ns
[96.262s][info ][safepoint      ] Safepoint "Cleanup", Time since last: 1000115072 ns, Reaching safepoint: 174104 ns, At safepoint: 19000 ns, Total: 193104 ns
[97.262s][info ][safepoint      ] Safepoint "Cleanup", Time since last: 1000115472 ns, Reaching safepoint: 99002 ns, At safepoint: 5500 ns, Total: 104502 ns
[98.262s][info ][safepoint      ] Safepoint "Cleanup", Time since last: 1000116872 ns, Reaching safepoint: 56601 ns, At safepoint: 3201 ns, Total: 59802 ns
[99.262s][info ][safepoint      ] Safepoint "Cleanup", Time since last: 1000119772 ns, Reaching safepoint: 67701 ns, At safepoint: 7000 ns, Total: 74701 ns
[100.262s][info ][safepoint      ] Safepoint "Cleanup", Time since last: 1000107472 ns, Reaching safepoint: 108203 ns, At safepoint: 12200 ns, Total: 120403 ns
[101.864s][info ][safepoint      ] Safepoint "Cleanup", Time since last: 1600967012 ns, Reaching safepoint: 191204 ns, At safepoint: 12201 ns, Total: 203405 ns
[102.864s][info ][safepoint      ] Safepoint "Cleanup", Time since last: 1000105772 ns, Reaching safepoint: 72901 ns, At safepoint: 3200 ns, Total: 76101 ns
[103.864s][info ][safepoint      ] Safepoint "Cleanup", Time since last: 1000110173 ns, Reaching safepoint: 63901 ns, At safepoint: 12800 ns, Total: 76701 ns
[104.864s][info ][safepoint      ] Safepoint "Cleanup", Time since last: 1000147273 ns, Reaching safepoint: 56802 ns, At safepoint: 8800 ns, Total: 65602 ns
[105.864s][info ][safepoint      ] Safepoint "Cleanup", Time since last: 1000106272 ns, Reaching safepoint: 52901 ns, At safepoint: 4100 ns, Total: 57001 ns
[106.865s][info ][safepoint      ] Safepoint "Cleanup", Time since last: 1000108973 ns, Reaching safepoint: 57501 ns, At safepoint: 8200 ns, Total: 65701 ns
[107.865s][info ][safepoint      ] Safepoint "Cleanup", Time since last: 1000113373 ns, Reaching safepoint: 119503 ns, At safepoint: 48101 ns, Total: 167604 ns
[108.865s][info ][safepoint      ] Safepoint "Cleanup", Time since last: 1000142173 ns, Reaching safepoint: 48201 ns, At safepoint: 8200 ns, Total: 56401 ns
[109.865s][info ][safepoint      ] Safepoint "Cleanup", Time since last: 1000106473 ns, Reaching safepoint: 121702 ns, At safepoint: 42701 ns, Total: 164403 ns
[110.866s][info ][safepoint      ] Safepoint "Cleanup", Time since last: 1000135574 ns, Reaching safepoint: 106602 ns, At safepoint: 37501 ns, Total: 144103 ns
[111.409s][info ][gc,start       ] GC(108) Pause Young (Allocation Failure)
[111.427s][debug][gc,phases      ] GC(108) Scavenge 17.919ms
[111.427s][debug][gc,ref         ] GC(108) Skipped phase 1 of Reference Processing: no references
[111.427s][debug][gc,ref         ] GC(108) ReferenceProcessor::execute queues: 1, RefProcThreadModel::Single, marks_oops_alive: false
[111.427s][debug][gc,ref         ] GC(108) Skipped phase 3 of Reference Processing: no references
[111.427s][debug][gc,ref         ] GC(108) ReferenceProcessor::execute queues: 1, RefProcThreadModel::Single, marks_oops_alive: false
[111.427s][debug][gc,phases      ] GC(108) Reference Processing 0.132ms
[111.427s][debug][gc,phases      ] GC(108)   VM Weak                        Min:  0.0, Avg:  0.0, Max:  0.0, Diff:  0.0, Sum:  0.0, Workers: 4
[111.427s][debug][gc,phases      ] GC(108)     Dead                           Min: 0, Avg:  0.0, Max: 0, Diff: 0, Sum: 0, Workers: 4
[111.427s][debug][gc,phases      ] GC(108)     Total                          Min: 0, Avg: 168.5, Max: 256, Diff: 256, Sum: 674, Workers: 4
[111.427s][debug][gc,phases      ] GC(108)   ObjectSynchronizer Weak        Min:  0.0, Avg:  0.0, Max:  0.0, Diff:  0.0, Sum:  0.0, Workers: 4
[111.427s][debug][gc,phases      ] GC(108)     Dead                           Min: 0, Avg:  1.0, Max: 4, Diff: 4, Sum: 4, Workers: 4
[111.427s][debug][gc,phases      ] GC(108)     Total                          Min: 0, Avg: 88.0, Max: 128, Diff: 128, Sum: 352, Workers: 4
[111.427s][debug][gc,phases      ] GC(108)   JVMTI Tag Weak OopStorage      Min:  0.0, Avg:  0.0, Max:  0.0, Diff:  0.0, Sum:  0.0, Workers: 4
[111.427s][debug][gc,phases      ] GC(108)     Dead                           Min: 0, Avg:  0.0, Max: 0, Diff: 0, Sum: 0, Workers: 4
[111.427s][debug][gc,phases      ] GC(108)     Total                          Min: 0, Avg:  0.0, Max: 0, Diff: 0, Sum: 0, Workers: 4
[111.427s][debug][gc,phases      ] GC(108)   StringTable Weak               Min:  0.1, Avg:  0.1, Max:  0.1, Diff:  0.0, Sum:  0.4, Workers: 4
[111.427s][debug][gc,phases      ] GC(108)     Dead                           Min: 0, Avg:  1.0, Max: 3, Diff: 3, Sum: 4, Workers: 4
[111.427s][debug][gc,phases      ] GC(108)     Total                          Min: 10880, Avg: 11915.0, Max: 13312, Diff: 2432, Sum: 47660, Workers: 4
[111.427s][debug][gc,phases      ] GC(108)   ResolvedMethodTable Weak       Min:  0.0, Avg:  0.0, Max:  0.0, Diff:  0.0, Sum:  0.1, Workers: 4
[111.427s][debug][gc,phases      ] GC(108)     Dead                           Min: 0, Avg:  4.5, Max: 15, Diff: 15, Sum: 18, Workers: 4
[111.427s][debug][gc,phases      ] GC(108)     Total                          Min: 1928, Avg: 2028.5, Max: 2198, Diff: 270, Sum: 8114, Workers: 4
[111.427s][debug][gc,phases      ] GC(108)   JNI Weak                       Min:  0.0, Avg:  0.0, Max:  0.0, Diff:  0.0, Sum:  0.0, Workers: 4
[111.427s][debug][gc,phases      ] GC(108)     Dead                           Min: 0, Avg:  0.0, Max: 0, Diff: 0, Sum: 0, Workers: 4
[111.427s][debug][gc,phases      ] GC(108)     Total                          Min: 0, Avg:  0.0, Max: 0, Diff: 0, Sum: 0, Workers: 4
[111.427s][debug][gc,phases      ] GC(108)   StringDedup Table Weak         Min:  0.0, Avg:  0.0, Max:  0.0, Diff:  0.0, Sum:  0.0, Workers: 4
[111.427s][debug][gc,phases      ] GC(108)     Dead                           Min: 0, Avg:  0.0, Max: 0, Diff: 0, Sum: 0, Workers: 4
[111.427s][debug][gc,phases      ] GC(108)     Total                          Min: 0, Avg:  0.0, Max: 0, Diff: 0, Sum: 0, Workers: 4
[111.427s][debug][gc,phases      ] GC(108)   StringDedup Requests0 Weak     Min:  0.0, Avg:  0.0, Max:  0.0, Diff:  0.0, Sum:  0.0, Workers: 4
[111.427s][debug][gc,phases      ] GC(108)     Dead                           Min: 0, Avg:  0.0, Max: 0, Diff: 0, Sum: 0, Workers: 4
[111.427s][debug][gc,phases      ] GC(108)     Total                          Min: 0, Avg:  0.0, Max: 0, Diff: 0, Sum: 0, Workers: 4
[111.427s][debug][gc,phases      ] GC(108)   StringDedup Requests1 Weak     Min:  0.0, Avg:  0.0, Max:  0.0, Diff:  0.0, Sum:  0.0, Workers: 4
[111.427s][debug][gc,phases      ] GC(108)     Dead                           Min: 0, Avg:  0.0, Max: 0, Diff: 0, Sum: 0, Workers: 4
[111.427s][debug][gc,phases      ] GC(108)     Total                          Min: 0, Avg:  0.0, Max: 0, Diff: 0, Sum: 0, Workers: 4
[111.427s][debug][gc,phases      ] GC(108)   Weak JFR Old Object Samples    Min:  0.0, Avg:  0.0, Max:  0.0, Diff:  0.0, Sum:  0.0, Workers: 4
[111.427s][debug][gc,phases      ] GC(108)     Dead                           Min: 0, Avg:  0.0, Max: 0, Diff: 0, Sum: 0, Workers: 4
[111.427s][debug][gc,phases      ] GC(108)     Total                          Min: 0, Avg:  0.0, Max: 0, Diff: 0, Sum: 0, Workers: 4
[111.427s][debug][gc,phases      ] GC(108) Weak Processing 0.325ms
[111.427s][debug][gc,age         ] GC(108) Desired survivor size 113246208 bytes, new threshold 14 (max threshold 15)
[111.427s][info ][gc,heap        ] GC(108) PSYoungGen: 1939936K(1939968K)->60992K(1945600K) Eden: 1884160K(1884160K)->0K(1884160K) From: 55776K(55808K)->60992K(61440K)
[111.427s][info ][gc,heap        ] GC(108) ParOldGen: 487838K(543232K)->488230K(543232K)
[111.427s][info ][gc,metaspace   ] GC(108) Metaspace: 82100K(82944K)->82100K(82944K) NonClass: 70463K(70912K)->70463K(70912K) Class: 11637K(12032K)->11637K(12032K)
[111.427s][info ][gc             ] GC(108) Pause Young (Allocation Failure) 2370M->536M(2430M) 18.518ms
[111.427s][info ][gc,cpu         ] GC(108) User=0.07s Sys=0.00s Real=0.01s
[111.427s][info ][safepoint      ] Safepoint "ParallelGCFailedAllocation", Time since last: 542945903 ns, Reaching safepoint: 60801 ns, At safepoint: 18604698 ns, Total: 18665499 ns
[112.427s][info ][safepoint      ] Safepoint "Cleanup", Time since last: 1000081372 ns, Reaching safepoint: 58901 ns, At safepoint: 5300 ns, Total: 64201 ns
[113.428s][info ][safepoint      ] Safepoint "Cleanup", Time since last: 1000124674 ns, Reaching safepoint: 53101 ns, At safepoint: 3800 ns, Total: 56901 ns
[114.428s][info ][safepoint      ] Safepoint "Cleanup", Time since last: 1000114773 ns, Reaching safepoint: 75101 ns, At safepoint: 2701 ns, Total: 77802 ns
[115.428s][info ][safepoint      ] Safepoint "Cleanup", Time since last: 1000106973 ns, Reaching safepoint: 70601 ns, At safepoint: 10800 ns, Total: 81401 ns
[116.428s][info ][safepoint      ] Safepoint "Cleanup", Time since last: 1000120474 ns, Reaching safepoint: 79401 ns, At safepoint: 11101 ns, Total: 90502 ns
[117.428s][info ][safepoint      ] Safepoint "Cleanup", Time since last: 1000131173 ns, Reaching safepoint: 54602 ns, At safepoint: 3300 ns, Total: 57902 ns
[118.429s][info ][safepoint      ] Safepoint "Cleanup", Time since last: 1000117873 ns, Reaching safepoint: 48601 ns, At safepoint: 3000 ns, Total: 51601 ns
[119.429s][info ][safepoint      ] Safepoint "Cleanup", Time since last: 1000109374 ns, Reaching safepoint: 68901 ns, At safepoint: 5700 ns, Total: 74601 ns
[120.429s][info ][safepoint      ] Safepoint "Cleanup", Time since last: 1000114174 ns, Reaching safepoint: 74701 ns, At safepoint: 13401 ns, Total: 88102 ns
[121.429s][info ][safepoint      ] Safepoint "Cleanup", Time since last: 1000116673 ns, Reaching safepoint: 60201 ns, At safepoint: 3301 ns, Total: 63502 ns
[122.429s][info ][safepoint      ] Safepoint "Cleanup", Time since last: 1000117173 ns, Reaching safepoint: 59702 ns, At safepoint: 10100 ns, Total: 69802 ns
[123.429s][info ][safepoint      ] Safepoint "Cleanup", Time since last: 1000109273 ns, Reaching safepoint: 57902 ns, At safepoint: 4500 ns, Total: 62402 ns
[124.430s][info ][safepoint      ] Safepoint "Cleanup", Time since last: 1000120974 ns, Reaching safepoint: 61401 ns, At safepoint: 17400 ns, Total: 78801 ns
[125.430s][info ][safepoint      ] Safepoint "Cleanup", Time since last: 1000118474 ns, Reaching safepoint: 83302 ns, At safepoint: 8600 ns, Total: 91902 ns
[126.430s][info ][safepoint      ] Safepoint "Cleanup", Time since last: 1000109274 ns, Reaching safepoint: 76302 ns, At safepoint: 8300 ns, Total: 84602 ns
[128.430s][info ][safepoint      ] Safepoint "Cleanup", Time since last: 2000192947 ns, Reaching safepoint: 78402 ns, At safepoint: 10600 ns, Total: 89002 ns
[129.431s][info ][safepoint      ] Safepoint "Cleanup", Time since last: 1000099674 ns, Reaching safepoint: 99202 ns, At safepoint: 12000 ns, Total: 111202 ns
[130.431s][info ][safepoint      ] Safepoint "Cleanup", Time since last: 1000121875 ns, Reaching safepoint: 112402 ns, At safepoint: 8100 ns, Total: 120502 ns
[131.461s][info ][safepoint      ] Safepoint "Cleanup", Time since last: 1029648206 ns, Reaching safepoint: 197304 ns, At safepoint: 22400 ns, Total: 219704 ns
[132.461s][info ][safepoint      ] Safepoint "Cleanup", Time since last: 1000070374 ns, Reaching safepoint: 169904 ns, At safepoint: 9000 ns, Total: 178904 ns
[133.461s][info ][safepoint      ] Safepoint "Cleanup", Time since last: 1000142875 ns, Reaching safepoint: 176804 ns, At safepoint: 8500 ns, Total: 185304 ns
[134.461s][info ][safepoint      ] Safepoint "Cleanup", Time since last: 1000122374 ns, Reaching safepoint: 65602 ns, At safepoint: 3800 ns, Total: 69402 ns
[135.462s][info ][safepoint      ] Safepoint "Cleanup", Time since last: 1000151575 ns, Reaching safepoint: 137403 ns, At safepoint: 8800 ns, Total: 146203 ns
[136.462s][info ][safepoint      ] Safepoint "Cleanup", Time since last: 1000116775 ns, Reaching safepoint: 66801 ns, At safepoint: 8101 ns, Total: 74902 ns
[138.462s][info ][safepoint      ] Safepoint "Cleanup", Time since last: 2000176848 ns, Reaching safepoint: 127603 ns, At safepoint: 13100 ns, Total: 140703 ns
[139.462s][info ][safepoint      ] Safepoint "Cleanup", Time since last: 1000111275 ns, Reaching safepoint: 62801 ns, At safepoint: 12300 ns, Total: 75101 ns
[140.463s][info ][safepoint      ] Safepoint "Cleanup", Time since last: 1000114775 ns, Reaching safepoint: 53501 ns, At safepoint: 10501 ns, Total: 64002 ns
[141.463s][info ][safepoint      ] Safepoint "Cleanup", Time since last: 1000118575 ns, Reaching safepoint: 70901 ns, At safepoint: 9400 ns, Total: 80301 ns
[142.463s][info ][safepoint      ] Safepoint "Cleanup", Time since last: 1000121175 ns, Reaching safepoint: 63802 ns, At safepoint: 8900 ns, Total: 72702 ns
[143.463s][info ][safepoint      ] Safepoint "Cleanup", Time since last: 1000133875 ns, Reaching safepoint: 65702 ns, At safepoint: 3100 ns, Total: 68802 ns
[144.463s][info ][safepoint      ] Safepoint "Cleanup", Time since last: 1000116975 ns, Reaching safepoint: 58601 ns, At safepoint: 2700 ns, Total: 61301 ns
[145.464s][info ][safepoint      ] Safepoint "Cleanup", Time since last: 1000128376 ns, Reaching safepoint: 56301 ns, At safepoint: 2500 ns, Total: 58801 ns
[146.464s][info ][safepoint      ] Safepoint "Cleanup", Time since last: 1000110775 ns, Reaching safepoint: 75402 ns, At safepoint: 5900 ns, Total: 81302 ns
[148.464s][info ][safepoint      ] Safepoint "Cleanup", Time since last: 2000190050 ns, Reaching safepoint: 70201 ns, At safepoint: 6301 ns, Total: 76502 ns
[149.464s][info ][safepoint      ] Safepoint "Cleanup", Time since last: 1000129475 ns, Reaching safepoint: 60102 ns, At safepoint: 11200 ns, Total: 71302 ns
[150.464s][info ][safepoint      ] Safepoint "Cleanup", Time since last: 1000128176 ns, Reaching safepoint: 70301 ns, At safepoint: 6200 ns, Total: 76501 ns
[152.465s][info ][safepoint      ] Safepoint "Cleanup", Time since last: 2000188651 ns, Reaching safepoint: 67901 ns, At safepoint: 8700 ns, Total: 76601 ns
[153.465s][info ][safepoint      ] Safepoint "Cleanup", Time since last: 1000117276 ns, Reaching safepoint: 54801 ns, At safepoint: 14301 ns, Total: 69102 ns
[154.465s][info ][safepoint      ] Safepoint "Cleanup", Time since last: 1000117176 ns, Reaching safepoint: 70301 ns, At safepoint: 7600 ns, Total: 77901 ns
[155.465s][info ][safepoint      ] Safepoint "Cleanup", Time since last: 1000113376 ns, Reaching safepoint: 63301 ns, At safepoint: 9001 ns, Total: 72302 ns
[156.466s][info ][safepoint      ] Safepoint "Cleanup", Time since last: 1000126176 ns, Reaching safepoint: 200604 ns, At safepoint: 14500 ns, Total: 215104 ns
[157.466s][info ][safepoint      ] Safepoint "Cleanup", Time since last: 1000106376 ns, Reaching safepoint: 72702 ns, At safepoint: 7000 ns, Total: 79702 ns
[158.466s][info ][safepoint      ] Safepoint "Cleanup", Time since last: 1000116276 ns, Reaching safepoint: 55101 ns, At safepoint: 3300 ns, Total: 58401 ns
[159.466s][info ][safepoint      ] Safepoint "Cleanup", Time since last: 1000115676 ns, Reaching safepoint: 52001 ns, At safepoint: 8101 ns, Total: 60102 ns
[160.466s][info ][safepoint      ] Safepoint "Cleanup", Time since last: 1000271479 ns, Reaching safepoint: 57401 ns, At safepoint: 4000 ns, Total: 61401 ns
[162.467s][info ][safepoint      ] Safepoint "Cleanup", Time since last: 2000198952 ns, Reaching safepoint: 64502 ns, At safepoint: 7200 ns, Total: 71702 ns
[163.467s][info ][safepoint      ] Safepoint "Cleanup", Time since last: 1000151777 ns, Reaching safepoint: 56901 ns, At safepoint: 4900 ns, Total: 61801 ns
[164.467s][info ][safepoint      ] Safepoint "Cleanup", Time since last: 1000131077 ns, Reaching safepoint: 43001 ns, At safepoint: 4400 ns, Total: 47401 ns
[165.467s][info ][safepoint      ] Safepoint "Cleanup", Time since last: 1000108476 ns, Reaching safepoint: 52902 ns, At safepoint: 9700 ns, Total: 62602 ns
[166.467s][info ][safepoint      ] Safepoint "Cleanup", Time since last: 1000119476 ns, Reaching safepoint: 61202 ns, At safepoint: 4700 ns, Total: 65902 ns
[167.468s][info ][safepoint      ] Safepoint "Cleanup", Time since last: 1000172878 ns, Reaching safepoint: 51201 ns, At safepoint: 4800 ns, Total: 56001 ns
[168.468s][info ][safepoint      ] Safepoint "Cleanup", Time since last: 1000122777 ns, Reaching safepoint: 56301 ns, At safepoint: 9900 ns, Total: 66201 ns
[169.468s][info ][safepoint      ] Safepoint "Cleanup", Time since last: 1000125077 ns, Reaching safepoint: 85402 ns, At safepoint: 12700 ns, Total: 98102 ns
[171.468s][info ][safepoint      ] Safepoint "Cleanup", Time since last: 2000157352 ns, Reaching safepoint: 60502 ns, At safepoint: 9200 ns, Total: 69702 ns
[172.469s][info ][safepoint      ] Safepoint "Cleanup", Time since last: 1000127077 ns, Reaching safepoint: 64101 ns, At safepoint: 3100 ns, Total: 67201 ns
[173.469s][info ][safepoint      ] Safepoint "Cleanup", Time since last: 1000111377 ns, Reaching safepoint: 48701 ns, At safepoint: 8100 ns, Total: 56801 ns
[174.469s][info ][safepoint      ] Safepoint "Cleanup", Time since last: 1000121478 ns, Reaching safepoint: 58401 ns, At safepoint: 9100 ns, Total: 67501 ns
[176.410s][info ][safepoint      ] Safepoint "Cleanup", Time since last: 1941064590 ns, Reaching safepoint: 159803 ns, At safepoint: 10300 ns, Total: 170103 ns
[178.410s][info ][safepoint      ] Safepoint "Cleanup", Time since last: 2000195654 ns, Reaching safepoint: 130603 ns, At safepoint: 6200 ns, Total: 136803 ns
[182.411s][info ][safepoint      ] Safepoint "Cleanup", Time since last: 4000319007 ns, Reaching safepoint: 98002 ns, At safepoint: 7400 ns, Total: 105402 ns
[183.411s][info ][safepoint      ] Safepoint "Cleanup", Time since last: 1000121878 ns, Reaching safepoint: 75401 ns, At safepoint: 12001 ns, Total: 87402 ns
[184.411s][info ][safepoint      ] Safepoint "Cleanup", Time since last: 1000085377 ns, Reaching safepoint: 58501 ns, At safepoint: 5300 ns, Total: 63801 ns
[185.411s][info ][safepoint      ] Safepoint "Cleanup", Time since last: 1000115478 ns, Reaching safepoint: 56001 ns, At safepoint: 5600 ns, Total: 61601 ns
[186.412s][info ][safepoint      ] Safepoint "Cleanup", Time since last: 1000095677 ns, Reaching safepoint: 51201 ns, At safepoint: 7501 ns, Total: 58702 ns
[186.681s][info ][gc,start       ] GC(109) Pause Young (Allocation Failure)
[186.696s][debug][gc,phases      ] GC(109) Scavenge 15.646ms
[186.696s][debug][gc,ref         ] GC(109) Skipped phase 1 of Reference Processing: no references
[186.697s][debug][gc,ref         ] GC(109) ReferenceProcessor::execute queues: 1, RefProcThreadModel::Single, marks_oops_alive: false
[186.697s][debug][gc,ref         ] GC(109) Skipped phase 3 of Reference Processing: no references
[186.697s][debug][gc,ref         ] GC(109) ReferenceProcessor::execute queues: 1, RefProcThreadModel::Single, marks_oops_alive: false
[186.697s][debug][gc,phases      ] GC(109) Reference Processing 0.122ms
[186.697s][debug][gc,phases      ] GC(109)   VM Weak                        Min:  0.0, Avg:  0.0, Max:  0.0, Diff:  0.0, Sum:  0.0, Workers: 4
[186.697s][debug][gc,phases      ] GC(109)     Dead                           Min: 0, Avg:  0.0, Max: 0, Diff: 0, Sum: 0, Workers: 4
[186.697s][debug][gc,phases      ] GC(109)     Total                          Min: 0, Avg: 168.5, Max: 448, Diff: 448, Sum: 674, Workers: 4
[186.697s][debug][gc,phases      ] GC(109)   ObjectSynchronizer Weak        Min:  0.0, Avg:  0.0, Max:  0.0, Diff:  0.0, Sum:  0.0, Workers: 4
[186.697s][debug][gc,phases      ] GC(109)     Dead                           Min: 0, Avg:  0.0, Max: 0, Diff: 0, Sum: 0, Workers: 4
[186.697s][debug][gc,phases      ] GC(109)     Total                          Min: 0, Avg: 88.0, Max: 192, Diff: 192, Sum: 352, Workers: 4
[186.697s][debug][gc,phases      ] GC(109)   JVMTI Tag Weak OopStorage      Min:  0.0, Avg:  0.0, Max:  0.0, Diff:  0.0, Sum:  0.0, Workers: 4
[186.697s][debug][gc,phases      ] GC(109)     Dead                           Min: 0, Avg:  0.0, Max: 0, Diff: 0, Sum: 0, Workers: 4
[186.697s][debug][gc,phases      ] GC(109)     Total                          Min: 0, Avg:  0.0, Max: 0, Diff: 0, Sum: 0, Workers: 4
[186.697s][debug][gc,phases      ] GC(109)   StringTable Weak               Min:  0.1, Avg:  0.1, Max:  0.1, Diff:  0.0, Sum:  0.5, Workers: 4
[186.697s][debug][gc,phases      ] GC(109)     Dead                           Min: 0, Avg:  0.2, Max: 1, Diff: 1, Sum: 1, Workers: 4
[186.697s][debug][gc,phases      ] GC(109)     Total                          Min: 11776, Avg: 11950.5, Max: 12160, Diff: 384, Sum: 47802, Workers: 4
[186.697s][debug][gc,phases      ] GC(109)   ResolvedMethodTable Weak       Min:  0.0, Avg:  0.0, Max:  0.0, Diff:  0.0, Sum:  0.1, Workers: 4
[186.697s][debug][gc,phases      ] GC(109)     Dead                           Min: 0, Avg:  0.2, Max: 1, Diff: 1, Sum: 1, Workers: 4
[186.697s][debug][gc,phases      ] GC(109)     Total                          Min: 1900, Avg: 2029.8, Max: 2356, Diff: 456, Sum: 8119, Workers: 4
[186.697s][debug][gc,phases      ] GC(109)   JNI Weak                       Min:  0.0, Avg:  0.0, Max:  0.0, Diff:  0.0, Sum:  0.0, Workers: 4
[186.697s][debug][gc,phases      ] GC(109)     Dead                           Min: 0, Avg:  0.0, Max: 0, Diff: 0, Sum: 0, Workers: 4
[186.697s][debug][gc,phases      ] GC(109)     Total                          Min: 0, Avg:  0.0, Max: 0, Diff: 0, Sum: 0, Workers: 4
[186.697s][debug][gc,phases      ] GC(109)   StringDedup Table Weak         Min:  0.0, Avg:  0.0, Max:  0.0, Diff:  0.0, Sum:  0.0, Workers: 4
[186.697s][debug][gc,phases      ] GC(109)     Dead                           Min: 0, Avg:  0.0, Max: 0, Diff: 0, Sum: 0, Workers: 4
[186.697s][debug][gc,phases      ] GC(109)     Total                          Min: 0, Avg:  0.0, Max: 0, Diff: 0, Sum: 0, Workers: 4
[186.697s][debug][gc,phases      ] GC(109)   StringDedup Requests0 Weak     Min:  0.0, Avg:  0.0, Max:  0.0, Diff:  0.0, Sum:  0.0, Workers: 4
[186.697s][debug][gc,phases      ] GC(109)     Dead                           Min: 0, Avg:  0.0, Max: 0, Diff: 0, Sum: 0, Workers: 4
[186.697s][debug][gc,phases      ] GC(109)     Total                          Min: 0, Avg:  0.0, Max: 0, Diff: 0, Sum: 0, Workers: 4
[186.697s][debug][gc,phases      ] GC(109)   StringDedup Requests1 Weak     Min:  0.0, Avg:  0.0, Max:  0.0, Diff:  0.0, Sum:  0.0, Workers: 4
[186.697s][debug][gc,phases      ] GC(109)     Dead                           Min: 0, Avg:  0.0, Max: 0, Diff: 0, Sum: 0, Workers: 4
[186.697s][debug][gc,phases      ] GC(109)     Total                          Min: 0, Avg:  0.0, Max: 0, Diff: 0, Sum: 0, Workers: 4
[186.697s][debug][gc,phases      ] GC(109)   Weak JFR Old Object Samples    Min:  0.0, Avg:  0.0, Max:  0.0, Diff:  0.0, Sum:  0.0, Workers: 4
[186.697s][debug][gc,phases      ] GC(109)     Dead                           Min: 0, Avg:  0.0, Max: 0, Diff: 0, Sum: 0, Workers: 4
[186.697s][debug][gc,phases      ] GC(109)     Total                          Min: 0, Avg:  0.0, Max: 0, Diff: 0, Sum: 0, Workers: 4
[186.697s][debug][gc,phases      ] GC(109) Weak Processing 0.334ms
[186.697s][debug][gc,age         ] GC(109) Desired survivor size 116391936 bytes, new threshold 15 (max threshold 15)
[186.697s][info ][gc,heap        ] GC(109) PSYoungGen: 1945152K(1945600K)->62432K(1980416K) Eden: 1884160K(1884160K)->0K(1869824K) From: 60992K(61440K)->62432K(110592K)
[186.697s][info ][gc,heap        ] GC(109) ParOldGen: 488230K(543232K)->488238K(543232K)
[186.697s][info ][gc,metaspace   ] GC(109) Metaspace: 82382K(83200K)->82382K(83200K) NonClass: 70743K(71168K)->70743K(71168K) Class: 11639K(12032K)->11639K(12032K)
[186.697s][info ][gc             ] GC(109) Pause Young (Allocation Failure) 2376M->537M(2464M) 16.238ms
[186.697s][info ][gc,cpu         ] GC(109) User=0.06s Sys=0.00s Real=0.02s
[186.697s][info ][safepoint      ] Safepoint "ParallelGCFailedAllocation", Time since last: 269011850 ns, Reaching safepoint: 51601 ns, At safepoint: 16327249 ns, Total: 16378850 ns
[187.697s][info ][safepoint      ] Safepoint "Cleanup", Time since last: 1000082477 ns, Reaching safepoint: 57701 ns, At safepoint: 8200 ns, Total: 65901 ns
[188.697s][info ][safepoint      ] Safepoint "Cleanup", Time since last: 1000119778 ns, Reaching safepoint: 63602 ns, At safepoint: 2900 ns, Total: 66502 ns
[189.697s][info ][safepoint      ] Safepoint "Cleanup", Time since last: 1000116478 ns, Reaching safepoint: 62001 ns, At safepoint: 2900 ns, Total: 64901 ns
[190.698s][info ][safepoint      ] Safepoint "Cleanup", Time since last: 1000107878 ns, Reaching safepoint: 52601 ns, At safepoint: 3800 ns, Total: 56401 ns
[193.698s][info ][safepoint      ] Safepoint "Cleanup", Time since last: 3000324034 ns, Reaching safepoint: 61502 ns, At safepoint: 9000 ns, Total: 70502 ns
[195.698s][info ][safepoint      ] Safepoint "Cleanup", Time since last: 2000188756 ns, Reaching safepoint: 54401 ns, At safepoint: 3300 ns, Total: 57701 ns
[196.698s][info ][safepoint      ] Safepoint "Cleanup", Time since last: 1000112778 ns, Reaching safepoint: 55101 ns, At safepoint: 11501 ns, Total: 66602 ns
[197.699s][info ][safepoint      ] Safepoint "Cleanup", Time since last: 1000120378 ns, Reaching safepoint: 63201 ns, At safepoint: 3400 ns, Total: 66601 ns
[198.699s][info ][safepoint      ] Safepoint "Cleanup", Time since last: 1000118379 ns, Reaching safepoint: 53801 ns, At safepoint: 3800 ns, Total: 57601 ns
[199.699s][info ][safepoint      ] Safepoint "Cleanup", Time since last: 1000118679 ns, Reaching safepoint: 61401 ns, At safepoint: 7600 ns, Total: 69001 ns
[200.699s][info ][safepoint      ] Safepoint "Cleanup", Time since last: 1000132679 ns, Reaching safepoint: 135003 ns, At safepoint: 8200 ns, Total: 143203 ns
[201.699s][info ][safepoint      ] Safepoint "Cleanup", Time since last: 1000093179 ns, Reaching safepoint: 85301 ns, At safepoint: 7801 ns, Total: 93102 ns
[203.700s][info ][safepoint      ] Safepoint "Cleanup", Time since last: 2000177656 ns, Reaching safepoint: 75102 ns, At safepoint: 5400 ns, Total: 80502 ns
[204.700s][info ][safepoint      ] Safepoint "Cleanup", Time since last: 1000115679 ns, Reaching safepoint: 56101 ns, At safepoint: 6300 ns, Total: 62401 ns
[205.700s][info ][safepoint      ] Safepoint "Cleanup", Time since last: 1000114379 ns, Reaching safepoint: 75201 ns, At safepoint: 2900 ns, Total: 78101 ns
[206.700s][info ][safepoint      ] Safepoint "Cleanup", Time since last: 1000115579 ns, Reaching safepoint: 60002 ns, At safepoint: 5600 ns, Total: 65602 ns
[207.700s][info ][safepoint      ] Safepoint "Cleanup", Time since last: 1000113479 ns, Reaching safepoint: 59001 ns, At safepoint: 7100 ns, Total: 66101 ns
[208.701s][info ][safepoint      ] Safepoint "Cleanup", Time since last: 1000112579 ns, Reaching safepoint: 71102 ns, At safepoint: 6400 ns, Total: 77502 ns
[211.701s][info ][safepoint      ] Safepoint "Cleanup", Time since last: 3000243535 ns, Reaching safepoint: 53701 ns, At safepoint: 6201 ns, Total: 59902 ns
[212.701s][info ][safepoint      ] Safepoint "Cleanup", Time since last: 1000116979 ns, Reaching safepoint: 56401 ns, At safepoint: 2900 ns, Total: 59301 ns
[214.701s][info ][safepoint      ] Safepoint "Cleanup", Time since last: 2000188558 ns, Reaching safepoint: 67301 ns, At safepoint: 10001 ns, Total: 77302 ns
[215.702s][info ][safepoint      ] Safepoint "Cleanup", Time since last: 1000122879 ns, Reaching safepoint: 53601 ns, At safepoint: 5101 ns, Total: 58702 ns
[216.702s][info ][safepoint      ] Safepoint "Cleanup", Time since last: 1000114979 ns, Reaching safepoint: 60001 ns, At safepoint: 5601 ns, Total: 65602 ns
[217.702s][info ][safepoint      ] Safepoint "Cleanup", Time since last: 1000116679 ns, Reaching safepoint: 57101 ns, At safepoint: 4300 ns, Total: 61401 ns
[219.702s][info ][safepoint      ] Safepoint "Cleanup", Time since last: 2000200659 ns, Reaching safepoint: 68302 ns, At safepoint: 14100 ns, Total: 82402 ns
[220.702s][info ][safepoint      ] Safepoint "Cleanup", Time since last: 1000122780 ns, Reaching safepoint: 62501 ns, At safepoint: 7300 ns, Total: 69801 ns
[222.703s][info ][safepoint      ] Safepoint "Cleanup", Time since last: 2000180559 ns, Reaching safepoint: 66401 ns, At safepoint: 10801 ns, Total: 77202 ns
[223.703s][info ][safepoint      ] Safepoint "Cleanup", Time since last: 1000117280 ns, Reaching safepoint: 55301 ns, At safepoint: 14700 ns, Total: 70001 ns
[224.703s][info ][safepoint      ] Safepoint "Cleanup", Time since last: 1000132580 ns, Reaching safepoint: 64202 ns, At safepoint: 3800 ns, Total: 68002 ns
[225.703s][info ][safepoint      ] Safepoint "Cleanup", Time since last: 1000140780 ns, Reaching safepoint: 53402 ns, At safepoint: 4500 ns, Total: 57902 ns
[227.703s][info ][safepoint      ] Safepoint "Cleanup", Time since last: 2000180059 ns, Reaching safepoint: 56101 ns, At safepoint: 4100 ns, Total: 60201 ns
[229.704s][info ][safepoint      ] Safepoint "Cleanup", Time since last: 2000202660 ns, Reaching safepoint: 53901 ns, At safepoint: 4500 ns, Total: 58401 ns
[230.704s][info ][safepoint      ] Safepoint "Cleanup", Time since last: 1000120481 ns, Reaching safepoint: 126702 ns, At safepoint: 13101 ns, Total: 139803 ns
[231.704s][info ][safepoint      ] Safepoint "Cleanup", Time since last: 1000118080 ns, Reaching safepoint: 68902 ns, At safepoint: 6600 ns, Total: 75502 ns
[232.704s][info ][safepoint      ] Safepoint "Cleanup", Time since last: 1000119580 ns, Reaching safepoint: 114103 ns, At safepoint: 5000 ns, Total: 119103 ns
[233.705s][info ][safepoint      ] Safepoint "Cleanup", Time since last: 1000110080 ns, Reaching safepoint: 113502 ns, At safepoint: 4701 ns, Total: 118203 ns
[234.705s][info ][safepoint      ] Safepoint "Cleanup", Time since last: 1000098580 ns, Reaching safepoint: 123202 ns, At safepoint: 9101 ns, Total: 132303 ns
[235.705s][info ][safepoint      ] Safepoint "Cleanup", Time since last: 1000118180 ns, Reaching safepoint: 153004 ns, At safepoint: 9000 ns, Total: 162004 ns
[236.705s][info ][safepoint      ] Safepoint "Cleanup", Time since last: 1000115480 ns, Reaching safepoint: 128603 ns, At safepoint: 7300 ns, Total: 135903 ns
[238.706s][info ][safepoint      ] Safepoint "Cleanup", Time since last: 2000183161 ns, Reaching safepoint: 130702 ns, At safepoint: 9601 ns, Total: 140303 ns
[239.706s][info ][safepoint      ] Safepoint "Cleanup", Time since last: 1000127181 ns, Reaching safepoint: 135903 ns, At safepoint: 6000 ns, Total: 141903 ns
[240.706s][info ][safepoint      ] Safepoint "Cleanup", Time since last: 1000113281 ns, Reaching safepoint: 137403 ns, At safepoint: 13600 ns, Total: 151003 ns
[241.707s][info ][safepoint      ] Safepoint "Cleanup", Time since last: 1000108681 ns, Reaching safepoint: 119902 ns, At safepoint: 10100 ns, Total: 130002 ns
[242.707s][info ][safepoint      ] Safepoint "Cleanup", Time since last: 1000119081 ns, Reaching safepoint: 124803 ns, At safepoint: 6800 ns, Total: 131603 ns
[244.258s][info ][safepoint      ] Safepoint "Cleanup", Time since last: 1551448468 ns, Reaching safepoint: 169804 ns, At safepoint: 7600 ns, Total: 177404 ns
[245.649s][info ][safepoint      ] Safepoint "Cleanup", Time since last: 1390754532 ns, Reaching safepoint: 66902 ns, At safepoint: 8100 ns, Total: 75002 ns
[246.649s][info ][safepoint      ] Safepoint "Cleanup", Time since last: 1000118281 ns, Reaching safepoint: 64101 ns, At safepoint: 2400 ns, Total: 66501 ns
[247.650s][info ][safepoint      ] Safepoint "Cleanup", Time since last: 1000114882 ns, Reaching safepoint: 53401 ns, At safepoint: 2900 ns, Total: 56301 ns
[248.650s][info ][safepoint      ] Safepoint "Cleanup", Time since last: 1000120081 ns, Reaching safepoint: 53001 ns, At safepoint: 2500 ns, Total: 55501 ns
[249.650s][info ][safepoint      ] Safepoint "Cleanup", Time since last: 1000109382 ns, Reaching safepoint: 69601 ns, At safepoint: 7900 ns, Total: 77501 ns
[250.650s][info ][safepoint      ] Safepoint "Cleanup", Time since last: 1000128182 ns, Reaching safepoint: 74902 ns, At safepoint: 8000 ns, Total: 82902 ns
[251.650s][info ][safepoint      ] Safepoint "Cleanup", Time since last: 1000092181 ns, Reaching safepoint: 56201 ns, At safepoint: 6400 ns, Total: 62601 ns
[252.651s][info ][safepoint      ] Safepoint "Cleanup", Time since last: 1000108481 ns, Reaching safepoint: 68702 ns, At safepoint: 3800 ns, Total: 72502 ns
[255.651s][info ][safepoint      ] Safepoint "Cleanup", Time since last: 3000182041 ns, Reaching safepoint: 55801 ns, At safepoint: 6800 ns, Total: 62601 ns
[256.651s][info ][safepoint      ] Safepoint "Cleanup", Time since last: 1000112082 ns, Reaching safepoint: 56901 ns, At safepoint: 3600 ns, Total: 60501 ns
[257.651s][info ][safepoint      ] Safepoint "Cleanup", Time since last: 1000109682 ns, Reaching safepoint: 56701 ns, At safepoint: 7200 ns, Total: 63901 ns
[258.651s][info ][safepoint      ] Safepoint "Cleanup", Time since last: 1000105182 ns, Reaching safepoint: 50601 ns, At safepoint: 3800 ns, Total: 54401 ns
[259.651s][info ][safepoint      ] Safepoint "Cleanup", Time since last: 1000114182 ns, Reaching safepoint: 63601 ns, At safepoint: 32601 ns, Total: 96202 ns
[260.609s][info ][gc,start       ] GC(110) Pause Young (Allocation Failure)
[260.624s][debug][gc,phases      ] GC(110) Scavenge 14.874ms
[260.624s][debug][gc,ref         ] GC(110) Skipped phase 1 of Reference Processing: no references
[260.624s][debug][gc,ref         ] GC(110) ReferenceProcessor::execute queues: 1, RefProcThreadModel::Single, marks_oops_alive: false
[260.624s][debug][gc,ref         ] GC(110) Skipped phase 3 of Reference Processing: no references
[260.624s][debug][gc,ref         ] GC(110) ReferenceProcessor::execute queues: 1, RefProcThreadModel::Single, marks_oops_alive: false
[260.624s][debug][gc,phases      ] GC(110) Reference Processing 0.137ms
[260.624s][debug][gc,phases      ] GC(110)   VM Weak                        Min:  0.0, Avg:  0.0, Max:  0.0, Diff:  0.0, Sum:  0.0, Workers: 4
[260.624s][debug][gc,phases      ] GC(110)     Dead                           Min: 0, Avg:  0.0, Max: 0, Diff: 0, Sum: 0, Workers: 4
[260.624s][debug][gc,phases      ] GC(110)     Total                          Min: 0, Avg: 168.5, Max: 576, Diff: 576, Sum: 674, Workers: 4
[260.624s][debug][gc,phases      ] GC(110)   ObjectSynchronizer Weak        Min:  0.0, Avg:  0.0, Max:  0.0, Diff:  0.0, Sum:  0.0, Workers: 4
[260.624s][debug][gc,phases      ] GC(110)     Dead                           Min: 0, Avg:  0.0, Max: 0, Diff: 0, Sum: 0, Workers: 4
[260.624s][debug][gc,phases      ] GC(110)     Total                          Min: 0, Avg: 88.0, Max: 224, Diff: 224, Sum: 352, Workers: 4
[260.624s][debug][gc,phases      ] GC(110)   JVMTI Tag Weak OopStorage      Min:  0.0, Avg:  0.0, Max:  0.0, Diff:  0.0, Sum:  0.0, Workers: 4
[260.624s][debug][gc,phases      ] GC(110)     Dead                           Min: 0, Avg:  0.0, Max: 0, Diff: 0, Sum: 0, Workers: 4
[260.624s][debug][gc,phases      ] GC(110)     Total                          Min: 0, Avg:  0.0, Max: 0, Diff: 0, Sum: 0, Workers: 4
[260.624s][debug][gc,phases      ] GC(110)   StringTable Weak               Min:  0.1, Avg:  0.1, Max:  0.1, Diff:  0.0, Sum:  0.4, Workers: 4
[260.624s][debug][gc,phases      ] GC(110)     Dead                           Min: 0, Avg:  0.0, Max: 0, Diff: 0, Sum: 0, Workers: 4
[260.624s][debug][gc,phases      ] GC(110)     Total                          Min: 11520, Avg: 11977.0, Max: 12644, Diff: 1124, Sum: 47908, Workers: 4
[260.624s][debug][gc,phases      ] GC(110)   ResolvedMethodTable Weak       Min:  0.0, Avg:  0.0, Max:  0.0, Diff:  0.0, Sum:  0.1, Workers: 4
[260.624s][debug][gc,phases      ] GC(110)     Dead                           Min: 0, Avg:  0.0, Max: 0, Diff: 0, Sum: 0, Workers: 4
[260.624s][debug][gc,phases      ] GC(110)     Total                          Min: 1838, Avg: 2030.2, Max: 2357, Diff: 519, Sum: 8121, Workers: 4
[260.624s][debug][gc,phases      ] GC(110)   JNI Weak                       Min:  0.0, Avg:  0.0, Max:  0.0, Diff:  0.0, Sum:  0.0, Workers: 4
[260.624s][debug][gc,phases      ] GC(110)     Dead                           Min: 0, Avg:  0.0, Max: 0, Diff: 0, Sum: 0, Workers: 4
[260.624s][debug][gc,phases      ] GC(110)     Total                          Min: 0, Avg:  0.0, Max: 0, Diff: 0, Sum: 0, Workers: 4
[260.624s][debug][gc,phases      ] GC(110)   StringDedup Table Weak         Min:  0.0, Avg:  0.0, Max:  0.0, Diff:  0.0, Sum:  0.0, Workers: 4
[260.624s][debug][gc,phases      ] GC(110)     Dead                           Min: 0, Avg:  0.0, Max: 0, Diff: 0, Sum: 0, Workers: 4
[260.624s][debug][gc,phases      ] GC(110)     Total                          Min: 0, Avg:  0.0, Max: 0, Diff: 0, Sum: 0, Workers: 4
[260.624s][debug][gc,phases      ] GC(110)   StringDedup Requests0 Weak     Min:  0.0, Avg:  0.0, Max:  0.0, Diff:  0.0, Sum:  0.0, Workers: 4
[260.624s][debug][gc,phases      ] GC(110)     Dead                           Min: 0, Avg:  0.0, Max: 0, Diff: 0, Sum: 0, Workers: 4
[260.624s][debug][gc,phases      ] GC(110)     Total                          Min: 0, Avg:  0.0, Max: 0, Diff: 0, Sum: 0, Workers: 4
[260.624s][debug][gc,phases      ] GC(110)   StringDedup Requests1 Weak     Min:  0.0, Avg:  0.0, Max:  0.0, Diff:  0.0, Sum:  0.0, Workers: 4
[260.624s][debug][gc,phases      ] GC(110)     Dead                           Min: 0, Avg:  0.0, Max: 0, Diff: 0, Sum: 0, Workers: 4
[260.624s][debug][gc,phases      ] GC(110)     Total                          Min: 0, Avg:  0.0, Max: 0, Diff: 0, Sum: 0, Workers: 4
[260.624s][debug][gc,phases      ] GC(110)   Weak JFR Old Object Samples    Min:  0.0, Avg:  0.0, Max:  0.0, Diff:  0.0, Sum:  0.0, Workers: 4
[260.624s][debug][gc,phases      ] GC(110)     Dead                           Min: 0, Avg:  0.0, Max: 0, Diff: 0, Sum: 0, Workers: 4
[260.624s][debug][gc,phases      ] GC(110)     Total                          Min: 0, Avg:  0.0, Max: 0, Diff: 0, Sum: 0, Workers: 4
[260.624s][debug][gc,phases      ] GC(110) Weak Processing 0.326ms
[260.624s][debug][gc,age         ] GC(110) Desired survivor size 119013376 bytes, new threshold 15 (max threshold 15)
[260.624s][info ][gc,heap        ] GC(110) PSYoungGen: 1932256K(1980416K)->63713K(1933824K) Eden: 1869824K(1869824K)->0K(1869824K) From: 62432K(110592K)->63713K(64000K)
[260.624s][info ][gc,heap        ] GC(110) ParOldGen: 488238K(543232K)->488246K(543232K)
[260.624s][info ][gc,metaspace   ] GC(110) Metaspace: 82526K(83328K)->82526K(83328K) NonClass: 70886K(71296K)->70886K(71296K) Class: 11640K(12032K)->11640K(12032K)
[260.625s][info ][gc             ] GC(110) Pause Young (Allocation Failure) 2363M->539M(2419M) 15.466ms
[260.625s][info ][gc,cpu         ] GC(110) User=0.06s Sys=0.00s Real=0.01s
[260.625s][info ][safepoint      ] Safepoint "ParallelGCFailedAllocation", Time since last: 957480070 ns, Reaching safepoint: 51702 ns, At safepoint: 15546432 ns, Total: 15598134 ns
[261.625s][info ][safepoint      ] Safepoint "Cleanup", Time since last: 1000083281 ns, Reaching safepoint: 81802 ns, At safepoint: 8500 ns, Total: 90302 ns
[262.625s][info ][safepoint      ] Safepoint "Cleanup", Time since last: 1000112082 ns, Reaching safepoint: 44701 ns, At safepoint: 3500 ns, Total: 48201 ns
[265.625s][info ][safepoint      ] Safepoint "Cleanup", Time since last: 3000246044 ns, Reaching safepoint: 68002 ns, At safepoint: 2500 ns, Total: 70502 ns
[266.625s][info ][safepoint      ] Safepoint "Cleanup", Time since last: 1000117382 ns, Reaching safepoint: 56701 ns, At safepoint: 6900 ns, Total: 63601 ns
[268.626s][info ][safepoint      ] Safepoint "Cleanup", Time since last: 2000187264 ns, Reaching safepoint: 63101 ns, At safepoint: 10101 ns, Total: 73202 ns
[271.626s][info ][safepoint      ] Safepoint "Cleanup", Time since last: 3000244345 ns, Reaching safepoint: 50901 ns, At safepoint: 2600 ns, Total: 53501 ns
[272.626s][info ][safepoint      ] Safepoint "Cleanup", Time since last: 1000129083 ns, Reaching safepoint: 52101 ns, At safepoint: 8100 ns, Total: 60201 ns
[273.626s][info ][safepoint      ] Safepoint "Cleanup", Time since last: 1000140483 ns, Reaching safepoint: 58501 ns, At safepoint: 9900 ns, Total: 68401 ns
[274.627s][info ][safepoint      ] Safepoint "Cleanup", Time since last: 1000134884 ns, Reaching safepoint: 52401 ns, At safepoint: 8900 ns, Total: 61301 ns
[275.627s][info ][safepoint      ] Safepoint "Cleanup", Time since last: 1000115883 ns, Reaching safepoint: 56901 ns, At safepoint: 5900 ns, Total: 62801 ns
[276.627s][info ][safepoint      ] Safepoint "Cleanup", Time since last: 1000134583 ns, Reaching safepoint: 73502 ns, At safepoint: 8700 ns, Total: 82202 ns
[277.627s][info ][safepoint      ] Safepoint "Cleanup", Time since last: 1000123383 ns, Reaching safepoint: 65501 ns, At safepoint: 7600 ns, Total: 73101 ns
[278.627s][info ][safepoint      ] Safepoint "Cleanup", Time since last: 1000130383 ns, Reaching safepoint: 59602 ns, At safepoint: 4300 ns, Total: 63902 ns
[279.628s][info ][safepoint      ] Safepoint "Cleanup", Time since last: 1000123983 ns, Reaching safepoint: 121402 ns, At safepoint: 7401 ns, Total: 128803 ns
[280.628s][info ][safepoint      ] Safepoint "Cleanup", Time since last: 1000117583 ns, Reaching safepoint: 57301 ns, At safepoint: 4200 ns, Total: 61501 ns
[281.628s][info ][safepoint      ] Safepoint "Cleanup", Time since last: 1000128383 ns, Reaching safepoint: 64301 ns, At safepoint: 9701 ns, Total: 74002 ns
[282.628s][info ][safepoint      ] Safepoint "Cleanup", Time since last: 1000134083 ns, Reaching safepoint: 49401 ns, At safepoint: 2600 ns, Total: 52001 ns
[283.628s][info ][safepoint      ] Safepoint "Cleanup", Time since last: 1000118383 ns, Reaching safepoint: 57402 ns, At safepoint: 7800 ns, Total: 65202 ns
[284.628s][info ][safepoint      ] Safepoint "Cleanup", Time since last: 1000114383 ns, Reaching safepoint: 52901 ns, At safepoint: 2900 ns, Total: 55801 ns
[286.709s][info ][safepoint      ] Safepoint "Cleanup", Time since last: 2080090274 ns, Reaching safepoint: 155903 ns, At safepoint: 9600 ns, Total: 165503 ns
[287.709s][info ][safepoint      ] Safepoint "Cleanup", Time since last: 1000119384 ns, Reaching safepoint: 122602 ns, At safepoint: 12801 ns, Total: 135403 ns
[288.709s][info ][safepoint      ] Safepoint "Cleanup", Time since last: 1000115783 ns, Reaching safepoint: 130303 ns, At safepoint: 9900 ns, Total: 140203 ns
[289.710s][info ][safepoint      ] Safepoint "Cleanup", Time since last: 1000130984 ns, Reaching safepoint: 127502 ns, At safepoint: 12401 ns, Total: 139903 ns
[290.710s][info ][safepoint      ] Safepoint "Cleanup", Time since last: 1000124283 ns, Reaching safepoint: 128203 ns, At safepoint: 7200 ns, Total: 135403 ns
[291.710s][info ][safepoint      ] Safepoint "Cleanup", Time since last: 1000118784 ns, Reaching safepoint: 114602 ns, At safepoint: 6800 ns, Total: 121402 ns
[292.710s][info ][safepoint      ] Safepoint "Cleanup", Time since last: 1000113684 ns, Reaching safepoint: 133103 ns, At safepoint: 10600 ns, Total: 143703 ns
[293.711s][info ][safepoint      ] Safepoint "Cleanup", Time since last: 1000106983 ns, Reaching safepoint: 122603 ns, At safepoint: 8100 ns, Total: 130703 ns
[294.711s][info ][safepoint      ] Safepoint "Cleanup", Time since last: 1000115284 ns, Reaching safepoint: 122602 ns, At safepoint: 12801 ns, Total: 135403 ns
[295.711s][info ][safepoint      ] Safepoint "Cleanup", Time since last: 1000111783 ns, Reaching safepoint: 121403 ns, At safepoint: 5900 ns, Total: 127303 ns
[297.711s][info ][safepoint      ] Safepoint "Cleanup", Time since last: 2000174666 ns, Reaching safepoint: 59801 ns, At safepoint: 3000 ns, Total: 62801 ns
[298.711s][info ][safepoint      ] Safepoint "Cleanup", Time since last: 1000114584 ns, Reaching safepoint: 59402 ns, At safepoint: 3200 ns, Total: 62602 ns
[299.712s][info ][safepoint      ] Safepoint "Cleanup", Time since last: 1000118783 ns, Reaching safepoint: 60502 ns, At safepoint: 2900 ns, Total: 63402 ns
[300.712s][info ][safepoint      ] Safepoint "Cleanup", Time since last: 1000112184 ns, Reaching safepoint: 50201 ns, At safepoint: 4100 ns, Total: 54301 ns
[301.712s][info ][safepoint      ] Safepoint "Cleanup", Time since last: 1000131984 ns, Reaching safepoint: 43501 ns, At safepoint: 2800 ns, Total: 46301 ns
[302.712s][info ][safepoint      ] Safepoint "Cleanup", Time since last: 1000124684 ns, Reaching safepoint: 40001 ns, At safepoint: 2900 ns, Total: 42901 ns
[303.712s][info ][safepoint      ] Safepoint "Cleanup", Time since last: 1000097784 ns, Reaching safepoint: 40501 ns, At safepoint: 7100 ns, Total: 47601 ns
[304.712s][info ][safepoint      ] Safepoint "Cleanup", Time since last: 1000100284 ns, Reaching safepoint: 55401 ns, At safepoint: 3900 ns, Total: 59301 ns
[305.713s][info ][safepoint      ] Safepoint "Cleanup", Time since last: 1000109184 ns, Reaching safepoint: 56801 ns, At safepoint: 4300 ns, Total: 61101 ns
[306.713s][info ][safepoint      ] Safepoint "Cleanup", Time since last: 1000117885 ns, Reaching safepoint: 55801 ns, At safepoint: 4400 ns, Total: 60201 ns
[307.713s][info ][safepoint      ] Safepoint "Cleanup", Time since last: 1000071383 ns, Reaching safepoint: 71102 ns, At safepoint: 8400 ns, Total: 79502 ns
[309.210s][info ][safepoint      ] Safepoint "Cleanup", Time since last: 1497234713 ns, Reaching safepoint: 144603 ns, At safepoint: 6301 ns, Total: 150904 ns
[310.946s][info ][safepoint      ] Safepoint "Cleanup", Time since last: 1735930717 ns, Reaching safepoint: 57801 ns, At safepoint: 3300 ns, Total: 61101 ns
[311.946s][info ][safepoint      ] Safepoint "Cleanup", Time since last: 1000111385 ns, Reaching safepoint: 57101 ns, At safepoint: 3100 ns, Total: 60201 ns
[312.947s][info ][safepoint      ] Safepoint "Cleanup", Time since last: 1000122485 ns, Reaching safepoint: 322907 ns, At safepoint: 39700 ns, Total: 362607 ns
[313.947s][info ][safepoint      ] Safepoint "Cleanup", Time since last: 1000110985 ns, Reaching safepoint: 99502 ns, At safepoint: 7000 ns, Total: 106502 ns
[314.947s][info ][safepoint      ] Safepoint "Cleanup", Time since last: 1000171586 ns, Reaching safepoint: 70701 ns, At safepoint: 3801 ns, Total: 74502 ns
[315.948s][info ][safepoint      ] Safepoint "Cleanup", Time since last: 1000122384 ns, Reaching safepoint: 72902 ns, At safepoint: 6000 ns, Total: 78902 ns
[320.948s][info ][safepoint      ] Safepoint "Cleanup", Time since last: 5000323618 ns, Reaching safepoint: 67102 ns, At safepoint: 7400 ns, Total: 74502 ns
[322.948s][info ][safepoint      ] Safepoint "Cleanup", Time since last: 2000205669 ns, Reaching safepoint: 79802 ns, At safepoint: 5800 ns, Total: 85602 ns
[324.949s][info ][safepoint      ] Safepoint "Cleanup", Time since last: 2000192369 ns, Reaching safepoint: 72802 ns, At safepoint: 13100 ns, Total: 85902 ns
[330.949s][info ][safepoint      ] Safepoint "Cleanup", Time since last: 6000407605 ns, Reaching safepoint: 58501 ns, At safepoint: 6601 ns, Total: 65102 ns
[332.949s][info ][safepoint      ] Safepoint "Cleanup", Time since last: 2000179669 ns, Reaching safepoint: 91802 ns, At safepoint: 8700 ns, Total: 100502 ns
[356.951s][info ][safepoint      ] Safepoint "Cleanup", Time since last: 24001530837 ns, Reaching safepoint: 50901 ns, At safepoint: 3200 ns, Total: 54101 ns
[392.953s][info ][safepoint      ] Safepoint "Cleanup", Time since last: 36002313200 ns, Reaching safepoint: 41901 ns, At safepoint: 8200 ns, Total: 50101 ns
[463.541s][info ][gc,start       ] GC(111) Pause Young (Allocation Failure)
[463.556s][debug][gc,phases      ] GC(111) Scavenge 15.230ms
[463.557s][debug][gc,ref         ] GC(111) Skipped phase 1 of Reference Processing: no references
[463.557s][debug][gc,ref         ] GC(111) ReferenceProcessor::execute queues: 1, RefProcThreadModel::Single, marks_oops_alive: false
[463.557s][debug][gc,ref         ] GC(111) ReferenceProcessor::execute queues: 4, RefProcThreadModel::Multi, marks_oops_alive: true
[463.557s][debug][gc,ref         ] GC(111) ReferenceProcessor::execute queues: 1, RefProcThreadModel::Single, marks_oops_alive: false
[463.557s][debug][gc,phases      ] GC(111) Reference Processing 0.207ms
[463.557s][debug][gc,phases      ] GC(111)   VM Weak                        Min:  0.0, Avg:  0.0, Max:  0.0, Diff:  0.0, Sum:  0.0, Workers: 4
[463.557s][debug][gc,phases      ] GC(111)     Dead                           Min: 0, Avg:  0.0, Max: 0, Diff: 0, Sum: 0, Workers: 4
[463.557s][debug][gc,phases      ] GC(111)     Total                          Min: 0, Avg: 168.5, Max: 610, Diff: 610, Sum: 674, Workers: 4
[463.557s][debug][gc,phases      ] GC(111)   ObjectSynchronizer Weak        Min:  0.0, Avg:  0.0, Max:  0.0, Diff:  0.0, Sum:  0.0, Workers: 4
[463.557s][debug][gc,phases      ] GC(111)     Dead                           Min: 0, Avg:  0.0, Max: 0, Diff: 0, Sum: 0, Workers: 4
[463.557s][debug][gc,phases      ] GC(111)     Total                          Min: 0, Avg: 88.5, Max: 226, Diff: 226, Sum: 354, Workers: 4
[463.557s][debug][gc,phases      ] GC(111)   JVMTI Tag Weak OopStorage      Min:  0.0, Avg:  0.0, Max:  0.0, Diff:  0.0, Sum:  0.0, Workers: 4
[463.557s][debug][gc,phases      ] GC(111)     Dead                           Min: 0, Avg:  0.0, Max: 0, Diff: 0, Sum: 0, Workers: 4
[463.557s][debug][gc,phases      ] GC(111)     Total                          Min: 0, Avg:  0.0, Max: 0, Diff: 0, Sum: 0, Workers: 4
[463.557s][debug][gc,phases      ] GC(111)   StringTable Weak               Min:  0.1, Avg:  0.1, Max:  0.1, Diff:  0.0, Sum:  0.4, Workers: 4
[463.557s][debug][gc,phases      ] GC(111)     Dead                           Min: 0, Avg:  0.2, Max: 1, Diff: 1, Sum: 1, Workers: 4
[463.557s][debug][gc,phases      ] GC(111)     Total                          Min: 10624, Avg: 12017.8, Max: 13127, Diff: 2503, Sum: 48071, Workers: 4
[463.557s][debug][gc,phases      ] GC(111)   ResolvedMethodTable Weak       Min:  0.0, Avg:  0.0, Max:  0.0, Diff:  0.0, Sum:  0.1, Workers: 4
[463.557s][debug][gc,phases      ] GC(111)     Dead                           Min: 0, Avg:  4.5, Max: 17, Diff: 17, Sum: 18, Workers: 4
[463.557s][debug][gc,phases      ] GC(111)     Total                          Min: 1280, Avg: 2038.5, Max: 2564, Diff: 1284, Sum: 8154, Workers: 4
[463.557s][debug][gc,phases      ] GC(111)   JNI Weak                       Min:  0.0, Avg:  0.0, Max:  0.0, Diff:  0.0, Sum:  0.0, Workers: 4
[463.557s][debug][gc,phases      ] GC(111)     Dead                           Min: 0, Avg:  0.0, Max: 0, Diff: 0, Sum: 0, Workers: 4
[463.557s][debug][gc,phases      ] GC(111)     Total                          Min: 0, Avg:  0.0, Max: 0, Diff: 0, Sum: 0, Workers: 4
[463.557s][debug][gc,phases      ] GC(111)   StringDedup Table Weak         Min:  0.0, Avg:  0.0, Max:  0.0, Diff:  0.0, Sum:  0.0, Workers: 4
[463.557s][debug][gc,phases      ] GC(111)     Dead                           Min: 0, Avg:  0.0, Max: 0, Diff: 0, Sum: 0, Workers: 4
[463.557s][debug][gc,phases      ] GC(111)     Total                          Min: 0, Avg:  0.0, Max: 0, Diff: 0, Sum: 0, Workers: 4
[463.557s][debug][gc,phases      ] GC(111)   StringDedup Requests0 Weak     Min:  0.0, Avg:  0.0, Max:  0.0, Diff:  0.0, Sum:  0.0, Workers: 4
[463.557s][debug][gc,phases      ] GC(111)     Dead                           Min: 0, Avg:  0.0, Max: 0, Diff: 0, Sum: 0, Workers: 4
[463.557s][debug][gc,phases      ] GC(111)     Total                          Min: 0, Avg:  0.0, Max: 0, Diff: 0, Sum: 0, Workers: 4
[463.557s][debug][gc,phases      ] GC(111)   StringDedup Requests1 Weak     Min:  0.0, Avg:  0.0, Max:  0.0, Diff:  0.0, Sum:  0.0, Workers: 4
[463.557s][debug][gc,phases      ] GC(111)     Dead                           Min: 0, Avg:  0.0, Max: 0, Diff: 0, Sum: 0, Workers: 4
[463.557s][debug][gc,phases      ] GC(111)     Total                          Min: 0, Avg:  0.0, Max: 0, Diff: 0, Sum: 0, Workers: 4
[463.557s][debug][gc,phases      ] GC(111)   Weak JFR Old Object Samples    Min:  0.0, Avg:  0.0, Max:  0.0, Diff:  0.0, Sum:  0.0, Workers: 4
[463.557s][debug][gc,phases      ] GC(111)     Dead                           Min: 0, Avg:  0.0, Max: 0, Diff: 0, Sum: 0, Workers: 4
[463.557s][debug][gc,phases      ] GC(111)     Total                          Min: 0, Avg:  0.0, Max: 0, Diff: 0, Sum: 0, Workers: 4
[463.557s][debug][gc,phases      ] GC(111) Weak Processing 0.338ms
[463.557s][debug][gc,age         ] GC(111) Desired survivor size 117964800 bytes, new threshold 15 (max threshold 15)
[463.557s][info ][gc,heap        ] GC(111) PSYoungGen: 1933537K(1933824K)->56928K(1981952K) Eden: 1869824K(1869824K)->0K(1865728K) From: 63713K(64000K)->56928K(116224K)
[463.557s][info ][gc,heap        ] GC(111) ParOldGen: 488246K(543232K)->488518K(543232K)
[463.557s][info ][gc,metaspace   ] GC(111) Metaspace: 82773K(83584K)->82773K(83584K) NonClass: 71113K(71552K)->71113K(71552K) Class: 11660K(12032K)->11660K(12032K)
[463.557s][info ][gc             ] GC(111) Pause Young (Allocation Failure) 2365M->532M(2466M) 15.920ms
[463.557s][info ][gc,cpu         ] GC(111) User=0.06s Sys=0.00s Real=0.02s
[463.557s][info ][safepoint      ] Safepoint "ParallelGCFailedAllocation", Time since last: 70587812050 ns, Reaching safepoint: 35401 ns, At safepoint: 16003542 ns, Total: 16038943 ns
[588.566s][info ][safepoint      ] Safepoint "Cleanup", Time since last: 125008891956 ns, Reaching safepoint: 67902 ns, At safepoint: 3900 ns, Total: 71802 ns
[601.567s][info ][safepoint      ] Safepoint "Cleanup", Time since last: 13000940818 ns, Reaching safepoint: 51701 ns, At safepoint: 27401 ns, Total: 79102 ns
[632.569s][info ][safepoint      ] Safepoint "Cleanup", Time since last: 31002053018 ns, Reaching safepoint: 66502 ns, At safepoint: 3900 ns, Total: 70402 ns
[633.086s][info ][gc,heap,exit   ] Heap
[633.086s][info ][gc,heap,exit   ]  PSYoungGen      total 1981952K, used 407578K [0x0000000780000000, 0x0000000800000000, 0x0000000800000000)
[633.086s][info ][gc,heap,exit   ]   eden space 1865728K, 18% used [0x0000000780000000,0x000000079566e7d0,0x00000007f1e00000)
[633.086s][info ][gc,heap,exit   ]   from space 116224K, 48% used [0x00000007f8e80000,0x00000007fc6183c8,0x0000000800000000)
[633.086s][info ][gc,heap,exit   ]   to   space 115200K, 0% used [0x00000007f1e00000,0x00000007f1e00000,0x00000007f8e80000)
[633.086s][info ][gc,heap,exit   ]  ParOldGen       total 543232K, used 488518K [0x0000000740000000, 0x0000000761280000, 0x0000000780000000)
[633.086s][info ][gc,heap,exit   ]   object space 543232K, 89% used [0x0000000740000000,0x000000075dd11b40,0x0000000761280000)
[633.086s][info ][gc,heap,exit   ]  Metaspace       used 82828K, committed 83648K, reserved 1122304K
[633.086s][info ][gc,heap,exit   ]   class space    used 11665K, committed 12032K, reserved 1048576K
